Copyright 1986-2022 Xilinx, Inc. All Rights Reserved. Copyright 2022-2025 Advanced Micro Devices, Inc. All Rights Reserved.
---------------------------------------------------------------------------------------------------------------------------------------------------------------------------------------------------------------
| Tool Version : Vivado v.2025.2 (lin64) Build 6299465 Fri Nov 14 12:34:56 MST 2025
| Date         : Thu May  7 09:55:51 2026
| Host         : 11c2efc5f272 running 64-bit Ubuntu 22.04.5 LTS
| Command      : report_accelerator_utilization -kernels { myproject_axi_master:vitis_design_i/myproject_axi_master_1/inst:myproject_axi_master_1} -file kernel_util_placed.rpt -name kernel_util_placed -json
| Design       : vitis_design_wrapper
| Device       : xck26
| Design State : Fully Placed
---------------------------------------------------------------------------------------------------------------------------------------------------------------------------------------------------------------

Accelerator Utilization Design Information

Table of Contents
-----------------
1. System Utilization

1. System Utilization
---------------------

+---------------------------+------------------+-----------------+------------------+---------------+--------------+----------------+
| Name                      | LUT              | LUTAsMem        | REG              | BRAM          | URAM         | DSP            |
+---------------------------+------------------+-----------------+------------------+---------------+--------------+----------------+
| Platform                  |   6103 [  5.21%] |  1367 [  2.37%] |  10511 [  4.49%] |   2 [  1.39%] |  0 [  0.00%] |    0 [  0.00%] |
| User Budget               | 111017 [100.00%] | 56233 [100.00%] | 223729 [100.00%] | 142 [100.00%] | 64 [100.00%] | 1248 [100.00%] |
|    Used Resources         |   4761 [  4.29%] |   193 [  0.34%] |   4426 [  1.98%] |   3 [  2.11%] |  0 [  0.00%] |    0 [  0.00%] |
|    Unused Resources       | 106256 [ 95.71%] | 56040 [ 99.66%] | 219303 [ 98.02%] | 139 [ 97.89%] | 64 [100.00%] | 1248 [100.00%] |
| myproject_axi_master      |   4761 [  4.29%] |   193 [  0.34%] |   4426 [  1.98%] |   3 [  2.11%] |  0 [  0.00%] |    0 [  0.00%] |
|    myproject_axi_master_1 |   4761 [  4.29%] |   193 [  0.34%] |   4426 [  1.98%] |   3 [  2.11%] |  0 [  0.00%] |    0 [  0.00%] |
+---------------------------+------------------+-----------------+------------------+---------------+--------------+----------------+


