INFO: [vitis-run 82-31] Launching vitis_hls: vitis_hls -nolog -run tcl -f /home/ncgadmin/Bachelor/HLS4ML_testbench_KV260/development/hgq2/1/hls4ml_prj_Vitis_2023_latency_reusefactor4/build_prj.tcl -work_dir /home/ncgadmin/Bachelor/HLS4ML_testbench_KV260/development/hgq2/1/hls4ml_prj_Vitis_2023_latency_reusefactor4

****** Vitis HLS - High-Level Synthesis from C, C++ and OpenCL v2023.2 (64-bit)
  **** SW Build 4023990 on Oct 11 2023
  **** IP Build 4028589 on Sat Oct 14 00:45:43 MDT 2023
  **** SharedData Build 4025554 on Tue Oct 10 17:18:54 MDT 2023
    ** Copyright 1986-2022 Xilinx, Inc. All Rights Reserved.
    ** Copyright 2022-2023 Advanced Micro Devices, Inc. All Rights Reserved.

source /tools/Xilinx/Vitis_HLS/2023.2/scripts/vitis_hls/hls.tcl -notrace
INFO: [HLS 200-10] Running '/tools/Xilinx/Vitis_HLS/2023.2/bin/unwrapped/lnx64.o/vitis_hls'
INFO: [HLS 200-10] For user 'ncgadmin' on host 'KrissDEV' (Linux_x86_64 version 6.8.0-106-generic) on Fri Mar 20 14:11:07 CET 2026
INFO: [HLS 200-10] On os Ubuntu 24.04.4 LTS
INFO: [HLS 200-10] In directory '/home/ncgadmin/Bachelor/HLS4ML_testbench_KV260/development/hgq2/1/hls4ml_prj_Vitis_2023_latency_reusefactor4'
Sourcing Tcl script '/home/ncgadmin/Bachelor/HLS4ML_testbench_KV260/development/hgq2/1/hls4ml_prj_Vitis_2023_latency_reusefactor4/build_prj.tcl'
INFO: [HLS 200-1510] Running: open_project hgq2_1_hls4ml_prj_Vitis_2023_latency_reusefactor4_prj 
INFO: [HLS 200-10] Opening project '/home/ncgadmin/Bachelor/HLS4ML_testbench_KV260/development/hgq2/1/hls4ml_prj_Vitis_2023_latency_reusefactor4/hgq2_1_hls4ml_prj_Vitis_2023_latency_reusefactor4_prj'.
INFO: [HLS 200-1510] Running: set_top hgq2_1_hls4ml_prj_Vitis_2023_latency_reusefactor4 
INFO: [HLS 200-1510] Running: add_files firmware/hgq2_1_hls4ml_prj_Vitis_2023_latency_reusefactor4.cpp -cflags -std=c++0x 
INFO: [HLS 200-10] Adding design file 'firmware/hgq2_1_hls4ml_prj_Vitis_2023_latency_reusefactor4.cpp' to the project
INFO: [HLS 200-1510] Running: add_files -tb hgq2_1_hls4ml_prj_Vitis_2023_latency_reusefactor4_test.cpp -cflags -std=c++0x 
INFO: [HLS 200-10] Adding test bench file 'hgq2_1_hls4ml_prj_Vitis_2023_latency_reusefactor4_test.cpp' to the project
INFO: [HLS 200-1510] Running: add_files -tb firmware/weights 
INFO: [HLS 200-10] Adding test bench file 'firmware/weights' to the project
INFO: [HLS 200-1510] Running: add_files -tb tb_data 
INFO: [HLS 200-10] Adding test bench file 'tb_data' to the project
INFO: [HLS 200-1510] Running: open_solution solution1 
INFO: [HLS 200-10] Opening solution '/home/ncgadmin/Bachelor/HLS4ML_testbench_KV260/development/hgq2/1/hls4ml_prj_Vitis_2023_latency_reusefactor4/hgq2_1_hls4ml_prj_Vitis_2023_latency_reusefactor4_prj/solution1'.
INFO: [SYN 201-201] Setting up clock 'default' with a period of 5ns.
INFO: [SYN 201-201] Setting up clock 'default' with an uncertainty of 1.35ns.
INFO: [HLS 200-1611] Setting target device to 'xck26-sfvc784-2LV-c'
INFO: [HLS 200-1505] Using flow_target 'vivado'
Resolution: For help on HLS 200-1505 see docs.xilinx.com/access/sources/dita/topic?Doc_Version=2023.2%20English&url=ug1448-hls-guidance&resourceid=200-1505.html
INFO: [HLS 200-1464] Running solution command: config_compile -name_max_length=80
INFO: [XFORM 203-1161] The maximum of name length is set to 80.
INFO: [HLS 200-1464] Running solution command: config_schedule -enable_dsp_full_reg=0
INFO: [HLS 200-1510] Running: config_array_partition -maximum_size 4096 
INFO: [XFORM 203-101] Allowed max sub elements number after partition is 4096.
ERROR: [HLS 200-642] The 'config_array_partition -maximum_size' command is not supported.
INFO: [HLS 200-1510] Running: config_compile -name_max_length 80 
INFO: [XFORM 203-1161] The maximum of name length is set to 80.
INFO: [HLS 200-1510] Running: set_part xck26-sfvc784-2LV-c 
INFO: [XFORM 203-1161] The maximum of name length is set to 80.
INFO: [HLS 200-1510] Running: config_schedule -enable_dsp_full_reg=false 
INFO: [HLS 200-1510] Running: create_clock -period 5 -name default 
INFO: [HLS 200-1510] Running: set_clock_uncertainty 27% default 
***** C SIMULATION *****
INFO: [HLS 200-1510] Running: csim_design 
INFO: [SIM 211-2] *************** CSIM start ***************
INFO: [SIM 211-4] CSIM will launch GCC as the compiler.
INFO: [HLS 200-2036] Building debug C Simulation binaries
   Compiling ../../../../hgq2_1_hls4ml_prj_Vitis_2023_latency_reusefactor4_test.cpp in debug mode
   Compiling ../../../../firmware/hgq2_1_hls4ml_prj_Vitis_2023_latency_reusefactor4.cpp in debug mode
   Generating csim.exe
/tools/Xilinx/Vivado/2023.2/tps/lnx64/binutils-2.37/bin/ld: /lib/x86_64-linux-gnu/libm.so.6: unknown type [0x13] section `.relr.dyn'
/tools/Xilinx/Vivado/2023.2/tps/lnx64/binutils-2.37/bin/ld: skipping incompatible /lib/x86_64-linux-gnu/libm.so.6 when searching for /lib/x86_64-linux-gnu/libm.so.6
/tools/Xilinx/Vivado/2023.2/tps/lnx64/binutils-2.37/bin/ld: cannot find /lib/x86_64-linux-gnu/libm.so.6
/tools/Xilinx/Vivado/2023.2/tps/lnx64/binutils-2.37/bin/ld: /lib/x86_64-linux-gnu/libm.so.6: unknown type [0x13] section `.relr.dyn'
/tools/Xilinx/Vivado/2023.2/tps/lnx64/binutils-2.37/bin/ld: skipping incompatible /lib/x86_64-linux-gnu/libm.so.6 when searching for /lib/x86_64-linux-gnu/libm.so.6
/tools/Xilinx/Vivado/2023.2/tps/lnx64/binutils-2.37/bin/ld: /lib/x86_64-linux-gnu/libmvec.so.1: unknown type [0x13] section `.relr.dyn'
/tools/Xilinx/Vivado/2023.2/tps/lnx64/binutils-2.37/bin/ld: skipping incompatible /lib/x86_64-linux-gnu/libmvec.so.1 when searching for /lib/x86_64-linux-gnu/libmvec.so.1
/tools/Xilinx/Vivado/2023.2/tps/lnx64/binutils-2.37/bin/ld: cannot find /lib/x86_64-linux-gnu/libmvec.so.1
/tools/Xilinx/Vivado/2023.2/tps/lnx64/binutils-2.37/bin/ld: /lib/x86_64-linux-gnu/libmvec.so.1: unknown type [0x13] section `.relr.dyn'
/tools/Xilinx/Vivado/2023.2/tps/lnx64/binutils-2.37/bin/ld: skipping incompatible /lib/x86_64-linux-gnu/libmvec.so.1 when searching for /lib/x86_64-linux-gnu/libmvec.so.1
collect2: error: ld returned 1 exit status
make: *** [Makefile.rules:318: csim.exe] Error 1
ERROR: [SIM 211-100] 'csim_design' failed: compilation error(s).
INFO: [SIM 211-3] *************** CSIM finish ***************
INFO: [HLS 200-111] Finished Command csim_design CPU user time: 4.09 seconds. CPU system time: 0.22 seconds. Elapsed time: 4.44 seconds; current allocated memory: 0.000 MB.
4
    while executing
"source /home/ncgadmin/Bachelor/HLS4ML_testbench_KV260/development/hgq2/1/hls4ml_prj_Vitis_2023_latency_reusefactor4/build_prj.tcl"
    ("uplevel" body line 1)
    invoked from within
"uplevel \#0 [list source $tclfile] "

INFO: [HLS 200-112] Total CPU user time: 4.72 seconds. Total CPU system time: 0.35 seconds. Total elapsed time: 5.32 seconds; peak allocated memory: 227.754 MB.
INFO: [Common 17-206] Exiting vitis_hls at Fri Mar 20 14:11:12 2026...
INFO: [vitis-run 60-1662] Stopping dispatch session having empty uuid.
