Thu May  7 15:19:17 2026: Running xcd server. This server was built by gradle.
Thu May  7 15:19:17 2026: Server was asked to start on port: '41769'
Thu May  7 15:19:17 2026: Server is using token UUID: 'b1e61a3d-40fa-477c-8a97-cde043875ca0'
Thu May  7 15:19:17 2026: SESSION_MGR: creating session with session uuid: '6d04a3e9-ade5-4ab9-8d63-1f78fcd2ec76' and name 'default'
Thu May  7 15:19:17 2026: Attempting to start server on port '41769'
Thu May  7 15:19:17 2026: XCD main fifo: created main fifo '/tmp/xcdmainb1e61a3d-40fa-477c-8a97-cde043875ca0', fd read = 12
Thu May  7 15:19:17 2026: Running Dispatch Server
Thu May  7 15:19:17 2026: Version 2.2.0
Thu May  7 15:19:19 2026: Dispatch Server: Accepted socket connection from client
Thu May  7 15:19:19 2026: Starting Socket connection
Thu May  7 15:19:19 2026: EXCHANGE_TOKEN received, server token: b1e61a3d-40fa-477c-8a97-cde043875ca0, passed token: b1e61a3d-40fa-477c-8a97-cde043875ca0
Thu May  7 15:19:19 2026: DISPATCH_HANDLER: Adding handler from function makeHandler in library libxv_system_diagram
Thu May  7 15:19:19 2026: SESSION_MGR: creating session with session uuid: '1018d45c-7d5c-4e6a-b633-a0a83867e688' and name 'v++_compile_vitis_unified_project'
Thu May  7 15:19:19 2026: KERNEL_SVC: creating session with uuid: '1018d45c-7d5c-4e6a-b633-a0a83867e688' and name 'v++_compile_vitis_unified_project'
Thu May  7 15:19:19 2026: GUIDANCE_SMGR: creating guidance session with uuid: '1018d45c-7d5c-4e6a-b633-a0a83867e688' and name 'v++_compile_vitis_unified_project'
Thu May  7 15:19:19 2026: SYSTEM_DIAGRAM: creating session with uuid: '1018d45c-7d5c-4e6a-b633-a0a83867e688' and name 'v++_compile_vitis_unified_project'
Thu May  7 15:19:21 2026: Dispatch Server: Accepted socket connection from client
Thu May  7 15:19:21 2026: Starting Socket connection
Thu May  7 15:20:30 2026: SESSION_MGR: closing session for UUID '1018d45c-7d5c-4e6a-b633-a0a83867e688' with name 'v++_compile_vitis_unified_project'
Thu May  7 15:20:30 2026: KERNEL_SVC: closing session for UUID '1018d45c-7d5c-4e6a-b633-a0a83867e688' with name 'v++_compile_vitis_unified_project'
Thu May  7 15:20:30 2026: GUIDANCE_SMGR: closing session for UUID '1018d45c-7d5c-4e6a-b633-a0a83867e688' with name 'v++_compile_vitis_unified_project'
Thu May  7 15:20:30 2026: SYSTEM_DIAGRAM: closing session for UUID '1018d45c-7d5c-4e6a-b633-a0a83867e688' with name 'v++_compile_vitis_unified_project'
Thu May  7 15:20:30 2026: STOP_SERVER received, server token: b1e61a3d-40fa-477c-8a97-cde043875ca0, passed token: b1e61a3d-40fa-477c-8a97-cde043875ca0
Thu May  7 15:20:30 2026: Socket received request to stop server.
Thu May  7 15:20:30 2026: Dispatch Server: do_await_stop
Thu May  7 15:20:30 2026: Dispatch Server: stopping mainFifo_
Thu May  7 15:20:30 2026: XCD main fifo: Stopping
Thu May  7 15:20:30 2026: XCD main fifo: do_read error code: Operation canceled
Thu May  7 15:20:30 2026: XCD main fifo: bytes_transferred: 0
Thu May  7 15:20:30 2026: SERVER: destructor for server bound to port 41769
Thu May  7 15:20:30 2026: XCD main fifo: Good unlink of /tmp/xcdmainb1e61a3d-40fa-477c-8a97-cde043875ca0
Thu May  7 15:20:30 2026: Server exiting with status 0.
Thu May  7 15:20:30 2026: Closing log file.
Thu May  7 15:20:31 2026: Running xcd server. This server was built by gradle.
Thu May  7 15:20:31 2026: Server was asked to start on port: '43779'
Thu May  7 15:20:31 2026: Server is using token UUID: '5c90710c-055f-4a3f-8095-39cb21b4086f'
Thu May  7 15:20:31 2026: SESSION_MGR: creating session with session uuid: '6d04a3e9-ade5-4ab9-8d63-1f78fcd2ec76' and name 'default'
Thu May  7 15:20:31 2026: Attempting to start server on port '43779'
Thu May  7 15:20:31 2026: XCD main fifo: created main fifo '/tmp/xcdmain5c90710c-055f-4a3f-8095-39cb21b4086f', fd read = 12
Thu May  7 15:20:31 2026: Running Dispatch Server
Thu May  7 15:20:31 2026: Version 2.2.0
Thu May  7 15:20:33 2026: Dispatch Server: Accepted socket connection from client
Thu May  7 15:20:33 2026: Starting Socket connection
Thu May  7 15:20:33 2026: EXCHANGE_TOKEN received, server token: 5c90710c-055f-4a3f-8095-39cb21b4086f, passed token: 5c90710c-055f-4a3f-8095-39cb21b4086f
Thu May  7 15:20:34 2026: DISPATCH_HANDLER: Adding handler from function makeHandler in library libxv_system_diagram
Thu May  7 15:20:34 2026: SESSION_MGR: creating session with session uuid: '782978ac-f585-442a-b43d-15c9630e1133' and name 'vitis-run_compile_vitis_unified_project'
Thu May  7 15:20:34 2026: KERNEL_SVC: creating session with uuid: '782978ac-f585-442a-b43d-15c9630e1133' and name 'vitis-run_compile_vitis_unified_project'
Thu May  7 15:20:34 2026: GUIDANCE_SMGR: creating guidance session with uuid: '782978ac-f585-442a-b43d-15c9630e1133' and name 'vitis-run_compile_vitis_unified_project'
Thu May  7 15:20:34 2026: SYSTEM_DIAGRAM: creating session with uuid: '782978ac-f585-442a-b43d-15c9630e1133' and name 'vitis-run_compile_vitis_unified_project'
Thu May  7 15:20:35 2026: Dispatch Server: Accepted socket connection from client
Thu May  7 15:20:35 2026: Starting Socket connection
Thu May  7 15:20:41 2026: SESSION_MGR: closing session for UUID '782978ac-f585-442a-b43d-15c9630e1133' with name 'vitis-run_compile_vitis_unified_project'
Thu May  7 15:20:41 2026: KERNEL_SVC: closing session for UUID '782978ac-f585-442a-b43d-15c9630e1133' with name 'vitis-run_compile_vitis_unified_project'
Thu May  7 15:20:41 2026: GUIDANCE_SMGR: closing session for UUID '782978ac-f585-442a-b43d-15c9630e1133' with name 'vitis-run_compile_vitis_unified_project'
Thu May  7 15:20:41 2026: SYSTEM_DIAGRAM: closing session for UUID '782978ac-f585-442a-b43d-15c9630e1133' with name 'vitis-run_compile_vitis_unified_project'
Thu May  7 15:20:41 2026: STOP_SERVER received, server token: 5c90710c-055f-4a3f-8095-39cb21b4086f, passed token: 5c90710c-055f-4a3f-8095-39cb21b4086f
Thu May  7 15:20:41 2026: Socket received request to stop server.
Thu May  7 15:20:41 2026: Dispatch Server: do_await_stop
Thu May  7 15:20:41 2026: Dispatch Server: stopping mainFifo_
Thu May  7 15:20:41 2026: XCD main fifo: Stopping
Thu May  7 15:20:41 2026: XCD main fifo: do_read error code: Operation canceled
Thu May  7 15:20:41 2026: XCD main fifo: bytes_transferred: 0
Thu May  7 15:20:41 2026: SERVER: destructor for server bound to port 43779
Thu May  7 15:20:41 2026: XCD main fifo: Good unlink of /tmp/xcdmain5c90710c-055f-4a3f-8095-39cb21b4086f
Thu May  7 15:20:41 2026: Server exiting with status 0.
Thu May  7 15:20:41 2026: Closing log file.
