Copyright 1986-2022 Xilinx, Inc. All Rights Reserved. Copyright 2022-2025 Advanced Micro Devices, Inc. All Rights Reserved.
---------------------------------------------------------------------------------------------------------------------------------------------
| Tool Version : Vivado v.2025.2 (lin64) Build 6299465 Fri Nov 14 12:34:56 MST 2025
| Date         : Thu May  7 15:27:48 2026
| Host         : 11c2efc5f272 running 64-bit Ubuntu 22.04.5 LTS
| Command      : report_utilization -file full_util_synthed.rpt -pb full_util_synthed.pb
| Design       : vitis_design_wrapper
| Device       : xck26-sfvc784-2LV-c
| Speed File   : -2LV
| Design State : Synthesized
---------------------------------------------------------------------------------------------------------------------------------------------

Utilization Design Information

Table of Contents
-----------------
1. CLB Logic
1.1 Summary of Registers by Type
2. BLOCKRAM
3. ARITHMETIC
4. I/O
5. CLOCK
6. ADVANCED
7. CONFIGURATION
8. Primitives
9. Black Boxes
10. Instantiated Netlists

1. CLB Logic
------------

+----------------------------+-------+-------+------------+-----------+-------+
|          Site Type         |  Used | Fixed | Prohibited | Available | Util% |
+----------------------------+-------+-------+------------+-----------+-------+
| CLB LUTs*                  | 21436 |     0 |          0 |    117120 | 18.30 |
|   LUT as Logic             | 19521 |     0 |          0 |    117120 | 16.67 |
|   LUT as Memory            |  1915 |     0 |          0 |     57600 |  3.32 |
|     LUT as Distributed RAM |  1248 |     0 |            |           |       |
|     LUT as Shift Register  |   667 |     0 |            |           |       |
| CLB Registers              | 18784 |     0 |          0 |    234240 |  8.02 |
|   Register as Flip Flop    | 18784 |     0 |          0 |    234240 |  8.02 |
|   Register as Latch        |     0 |     0 |          0 |    234240 |  0.00 |
| CARRY8                     |   552 |     0 |          0 |     14640 |  3.77 |
| F7 Muxes                   |   515 |     0 |          0 |     58560 |  0.88 |
| F8 Muxes                   |   252 |     0 |          0 |     29280 |  0.86 |
| F9 Muxes                   |     0 |     0 |          0 |     14640 |  0.00 |
| Unique Control Sets        |   810 |       |          0 |     29280 |  2.77 |
+----------------------------+-------+-------+------------+-----------+-------+
* Warning! The Final LUT count, after physical optimizations and full implementation, is typically lower. Run opt_design after synthesis, if not already completed, for a more realistic count.
Warning! LUT value is adjusted to account for LUT combining.
Warning! For any ECO changes, please run place_design if there are unplaced instances
** Note: Available Control Sets calculated as Slices * 2, Review the Control Sets Report for more information regarding control sets.


1.1 Summary of Registers by Type
--------------------------------

+-------+--------------+-------------+--------------+
| Total | Clock Enable | Synchronous | Asynchronous |
+-------+--------------+-------------+--------------+
| 0     |            _ |           - |            - |
| 0     |            _ |           - |          Set |
| 0     |            _ |           - |        Reset |
| 0     |            _ |         Set |            - |
| 0     |            _ |       Reset |            - |
| 0     |          Yes |           - |            - |
| 0     |          Yes |           - |          Set |
| 162   |          Yes |           - |        Reset |
| 438   |          Yes |         Set |            - |
| 18184 |          Yes |       Reset |            - |
+-------+--------------+-------------+--------------+


2. BLOCKRAM
-----------

+-------------------+------+-------+------------+-----------+-------+
|     Site Type     | Used | Fixed | Prohibited | Available | Util% |
+-------------------+------+-------+------------+-----------+-------+
| Block RAM Tile    |   12 |     0 |          0 |       144 |  8.33 |
|   RAMB36/FIFO*    |   11 |     0 |          0 |       144 |  7.64 |
|     RAMB36E2 only |   11 |       |            |           |       |
|   RAMB18          |    2 |     0 |          0 |       288 |  0.69 |
|     RAMB18E2 only |    2 |       |            |           |       |
| URAM              |    0 |     0 |          0 |        64 |  0.00 |
+-------------------+------+-------+------------+-----------+-------+
* Note: Each Block RAM Tile only has one FIFO logic available and therefore can accommodate only one FIFO36E2 or one FIFO18E2. However, if a FIFO18E2 occupies a Block RAM Tile, that tile can still accommodate a RAMB18E2


3. ARITHMETIC
-------------

+-----------+------+-------+------------+-----------+-------+
| Site Type | Used | Fixed | Prohibited | Available | Util% |
+-----------+------+-------+------------+-----------+-------+
| DSPs      |    0 |     0 |          0 |      1248 |  0.00 |
+-----------+------+-------+------------+-----------+-------+


4. I/O
------

+------------------+------+-------+------------+-----------+-------+
|     Site Type    | Used | Fixed | Prohibited | Available | Util% |
+------------------+------+-------+------------+-----------+-------+
| Bonded IOB       |    0 |     0 |          0 |       189 |  0.00 |
|   HPIOB_M        |    0 |     0 |          0 |        58 |  0.00 |
|   HPIOB_S        |    0 |     0 |          0 |        58 |  0.00 |
|   HDIOB_M        |    0 |     0 |          0 |        35 |  0.00 |
|   HDIOB_S        |    0 |     0 |          0 |        35 |  0.00 |
|   HPIOB_SNGL     |    0 |     0 |          0 |         3 |  0.00 |
| HPIOBDIFFINBUF   |    0 |     0 |          0 |        82 |  0.00 |
| HPIOBDIFFOUTBUF  |    0 |     0 |          0 |        82 |  0.00 |
| HDIOBDIFFINBUF   |    0 |     0 |          0 |        35 |  0.00 |
| BITSLICE_CONTROL |    0 |     0 |          0 |        32 |  0.00 |
| BITSLICE_RX_TX   |    0 |     0 |          0 |      1248 |  0.00 |
| BITSLICE_TX      |    0 |     0 |          0 |        32 |  0.00 |
| RIU_OR           |    0 |     0 |          0 |        16 |  0.00 |
+------------------+------+-------+------------+-----------+-------+


5. CLOCK
--------

+------------+------+-------+------------+-----------+-------+
|  Site Type | Used | Fixed | Prohibited | Available | Util% |
+------------+------+-------+------------+-----------+-------+
| BUFGCE     |    0 |     0 |          0 |       112 |  0.00 |
| BUFGCE_DIV |    0 |     0 |          0 |        16 |  0.00 |
| BUFG_GT    |    0 |     0 |          0 |        96 |  0.00 |
| BUFG_PS    |    2 |     0 |          0 |        96 |  2.08 |
| BUFGCTRL*  |    0 |     0 |          0 |        32 |  0.00 |
| PLL        |    0 |     0 |          0 |         8 |  0.00 |
| MMCM       |    0 |     0 |          0 |         4 |  0.00 |
+------------+------+-------+------------+-----------+-------+
* Note: Each used BUFGCTRL counts as two GLOBAL CLOCK BUFFERs. This table does not include global clocking resources, only buffer cell usage. See the Clock Utilization Report (report_clock_utilization) for detailed accounting of global clocking resource availability.


6. ADVANCED
-----------

+-----------------+------+-------+------------+-----------+--------+
|    Site Type    | Used | Fixed | Prohibited | Available |  Util% |
+-----------------+------+-------+------------+-----------+--------+
| GTHE4_CHANNEL   |    0 |     0 |          0 |         4 |   0.00 |
| GTHE4_COMMON    |    0 |     0 |          0 |         1 |   0.00 |
| OBUFDS_GTE4     |    0 |     0 |          0 |         2 |   0.00 |
| OBUFDS_GTE4_ADV |    0 |     0 |          0 |         2 |   0.00 |
| PCIE40E4        |    0 |     0 |          0 |         2 |   0.00 |
| PS8             |    1 |     0 |          0 |         1 | 100.00 |
| SYSMONE4        |    0 |     0 |          0 |         1 |   0.00 |
| VCU             |    0 |     0 |          0 |         1 |   0.00 |
+-----------------+------+-------+------------+-----------+--------+


7. CONFIGURATION
----------------

+-------------+------+-------+------------+-----------+-------+
|  Site Type  | Used | Fixed | Prohibited | Available | Util% |
+-------------+------+-------+------------+-----------+-------+
| BSCANE2     |    0 |     0 |          0 |         4 |  0.00 |
| DNA_PORTE2  |    0 |     0 |          0 |         1 |  0.00 |
| EFUSE_USR   |    0 |     0 |          0 |         1 |  0.00 |
| FRAME_ECCE4 |    0 |     0 |          0 |         1 |  0.00 |
| ICAPE3      |    0 |     0 |          0 |         2 |  0.00 |
| MASTER_JTAG |    0 |     0 |          0 |         1 |  0.00 |
| STARTUPE3   |    0 |     0 |          0 |         1 |  0.00 |
+-------------+------+-------+------------+-----------+-------+


8. Primitives
-------------

+----------+-------+---------------------+
| Ref Name |  Used | Functional Category |
+----------+-------+---------------------+
| FDRE     | 18184 |            Register |
| LUT6     |  7021 |                 CLB |
| LUT3     |  4946 |                 CLB |
| LUT5     |  3446 |                 CLB |
| LUT1     |  3143 |                 CLB |
| LUT4     |  3017 |                 CLB |
| RAMD32   |  1992 |                 CLB |
| LUT2     |  1689 |                 CLB |
| SRL16E   |   590 |                 CLB |
| CARRY8   |   552 |                 CLB |
| MUXF7    |   515 |                 CLB |
| FDSE     |   438 |            Register |
| RAMS32   |   292 |                 CLB |
| MUXF8    |   252 |                 CLB |
| FDCE     |   162 |            Register |
| RAMD64E  |    96 |                 CLB |
| SRLC32E  |    77 |                 CLB |
| RAMB36E2 |    11 |            BLOCKRAM |
| RAMB18E2 |     2 |            BLOCKRAM |
| BUFG_PS  |     2 |               Clock |
| PS8      |     1 |            Advanced |
+----------+-------+---------------------+


9. Black Boxes
--------------

+----------+------+
| Ref Name | Used |
+----------+------+


10. Instantiated Netlists
-------------------------

+---------------------------------------------------------+------+
|                         Ref Name                        | Used |
+---------------------------------------------------------+------+
| vitis_design_zynq_ultra_ps_e_0_0                        |    1 |
| vitis_design_smc_ic_zynq_ultra_ps_e_0_S_AXI_HP0_FPD_0   |    1 |
| vitis_design_rst_ps8_0_99M_0                            |    1 |
| vitis_design_myproject_axi_master_1_0                   |    1 |
| vitis_design_axi_smc_0                                  |    1 |
| vitis_design_axi_interconnect_0_upgraded_ipi_imp_xbar_0 |    1 |
| vitis_design_axi_interconnect_0_imp_m02_regslice_0      |    1 |
| vitis_design_axi_interconnect_0_imp_auto_pc_0           |    1 |
| vitis_design_axi_intc_0_0                               |    1 |
| vitis_design_axi_dma_0_0                                |    1 |
+---------------------------------------------------------+------+


