#
# A fatal error has been detected by the Java Runtime Environment:
#
#  SIGSEGV (0xb) at pc=0x00007fc92a227c4f, pid=173835, tid=173886
#
# JRE version: OpenJDK Runtime Environment Temurin-11.0.16.1+1 (11.0.16.1+1) (build 11.0.16.1+1)
# Java VM: OpenJDK 64-Bit Server VM Temurin-11.0.16.1+1 (11.0.16.1+1, mixed mode, tiered, compressed oops, g1 gc, linux-amd64)
# Problematic frame:
# C  [libxv_common.so+0x627c4f]  HPAParamMgr::paramExists(std::__cxx11::basic_string<char, std::char_traits<char>, std::allocator<char> > const&) const+0x2f
#
# Core dump will be written. Default location: Core dumps may be processed with "/usr/share/apport/apport -p%p -s%s -c%c -d%d -P%P -u%u -g%g -F%F -- %E" (or dumping to /home/ncgadmin/Bachelor/HLS4ML_testbench_KV260/development/core.173835)
#
# If you would like to submit a bug report, please visit:
#   https://github.com/adoptium/adoptium-support/issues
# The crash happened outside the Java Virtual Machine in native code.
# See problematic frame for where to report the bug.
#

---------------  S U M M A R Y ------------

Command Line: -Xms512m -Xmx4096m -XX:+HeapDumpOnOutOfMemoryError --add-modules=ALL-SYSTEM /tools/Xilinx/Vitis_HLS/2023.2/lnx64/tools/eclipse/plugins/org.eclipse.equinox.launcher_1.5.700.v20200207-2156.jar -showlocation -vm /tools/Xilinx/Vitis_HLS/2023.2/tps/lnx64/jre11.0.16_1/bin/java -clean -configuration /home/ncgadmin/.Xilinx/vitis_hls/2023.2/workspace1 -data /home/ncgadmin/.Xilinx/vitis_hls/2023.2/workspace1 -perspective com.autoesl.autopilot.ui.platform.perspective -application com.autoesl.autopilot.ui.platform.application -showsplash /tools/Xilinx/Vitis_HLS/2023.2/common/icons/splash_dark.bmp

Host: QEMU Virtual CPU version 2.5+, 12 cores, 19G, Ubuntu 24.04.4 LTS
Time: Thu Mar 19 09:48:58 2026 CET elapsed time: 2.324775 seconds (0d 0h 0m 2s)

---------------  T H R E A D  ---------------

Current thread (0x00007fca2c8f4000):  JavaThread "Worker-1: Initialize the SWIG data" [_thread_in_native, id=173886, stack(0x00007fc9c0800000,0x00007fc9c0900000)]

Stack: [0x00007fc9c0800000,0x00007fc9c0900000],  sp=0x00007fc9c08fd140,  free space=1012k
Native frames: (J=compiled Java code, A=aot compiled Java code, j=interpreted, Vv=VM code, C=native code)
