#
# A fatal error has been detected by the Java Runtime Environment:
#
#  SIGSEGV (0xb) at pc=0x0000773069a92160, pid=97590, tid=97641
#
# JRE version: OpenJDK Runtime Environment Temurin-11.0.16.1+1 (11.0.16.1+1) (build 11.0.16.1+1)
# Java VM: OpenJDK 64-Bit Server VM Temurin-11.0.16.1+1 (11.0.16.1+1, mixed mode, tiered, compressed oops, g1 gc, linux-amd64)
# Problematic frame:
# C  [libstdc++.so.6+0x92160]  std::_Hash_bytes(void const*, unsigned long, unsigned long)+0x30
#
# Core dump will be written. Default location: Core dumps may be processed with "/usr/share/apport/apport -p%p -s%s -c%c -d%d -P%P -u%u -g%g -F%F -- %E" (or dumping to /home/ncgadmin/Bachelor/HLS4ML_testbench_KV260/development/core.97590)
#
# If you would like to submit a bug report, please visit:
#   https://github.com/adoptium/adoptium-support/issues
# The crash happened outside the Java Virtual Machine in native code.
# See problematic frame for where to report the bug.
#

---------------  S U M M A R Y ------------

Command Line: -Xms512m -Xmx4096m -XX:+HeapDumpOnOutOfMemoryError --add-modules=ALL-SYSTEM /tools/Xilinx/Vitis_HLS/2023.2/lnx64/tools/eclipse/plugins/org.eclipse.equinox.launcher_1.5.700.v20200207-2156.jar -showlocation -vm /tools/Xilinx/Vitis_HLS/2023.2/tps/lnx64/jre11.0.16_1/bin/java -clean -configuration /home/ncgadmin/.Xilinx/vitis_hls/2023.2/workspace1 -data /home/ncgadmin/.Xilinx/vitis_hls/2023.2/workspace1 -perspective com.autoesl.autopilot.ui.platform.perspective -application com.autoesl.autopilot.ui.platform.application -showsplash /tools/Xilinx/Vitis_HLS/2023.2/common/icons/splash_dark.bmp

Host: QEMU Virtual CPU version 2.5+, 12 cores, 19G, Ubuntu 24.04.4 LTS
Time: Thu Mar 19 08:46:41 2026 CET elapsed time: 2.662798 seconds (0d 0h 0m 2s)

---------------  T H R E A D  ---------------

Current thread (0x0000773174a49000):  JavaThread "Worker-1: Initialize the SWIG data" [_thread_in_native, id=97641, stack(0x00007730e9f00000,0x00007730ea000000)]

Stack: [0x00007730e9f00000,0x00007730ea000000],  sp=0x00007730e9ffc388,  free space=1008k
Native frames: (J=compiled Java code, A=aot compiled Java code, j=interpreted, Vv=VM code, C=native code)
C  [libstdc++.so.6+0x92160]  std::_Hash_bytes(void const*, unsigned long, unsigned long)+0x30
C  [libxv_board.so+0x121d4f]  HBOBoardParser::parsePinFile(std::__cxx11::basic_string<char, std::char_traits<char>, std::allocator<char> > const&, std::map<std::__cxx11::basic_string<char, std::char_traits<char>, std::allocator<char> >, HBOPinProps*, std::less<std::__cxx11::basic_string<char, std::char_traits<char>, std::allocator<char> > >, std::allocator<std::pair<std::__cxx11::basic_string<char, std::char_traits<char>, std::allocator<char> > const, HBOPinProps*> > >&, std::vector<boost::variant<HBOBoardComponent::DciCascadeConstr, HBOBoardComponent::InternalVrefConstr>, std::allocator<boost::variant<HBOBoardComponent::DciCascadeConstr, HBOBoardComponent::InternalVrefConstr> > >&)+0x30f
C  [libxv_board.so+0x1259cf]  HBOBoardParser::readComponentDetails(HXMLWElement*, HBOBoardComponent*)+0x38df

Java frames: (J=compiled Java code, j=interpreted, Vv=VM code)
j  com.xilinx.hls.services.hlsvwrap.PartMgr_initBoards()Z+0
j  com.xilinx.hls.services.PartMgr.initBoards()Z+0
j  com.autoesl.autopilot.ui.platform.util.AutoPilotTemplateUtil$1.run(Lorg/eclipse/core/runtime/IProgressMonitor;)Lorg/eclipse/core/runtime/IStatus;+68
j  org.eclipse.core.internal.jobs.Worker.run()V+33
v  ~StubRoutines::call_stub

siginfo: si_signo: 11 (SIGSEGV), si_code: 2 (SEGV_ACCERR), si_addr: 0x0000000773060e58

Register to memory mapping:

RAX=0x36658f46edfdacb3 is an unknown value
RBX=0x000077308f7784c0 points into unknown readable memory: 0x000077308f7784f0 | f0 84 77 8f 30 77 00 00
RCX=0xc6a4a7935bd1e995 is an unknown value
RDX=0x00000000c70f6907 is an unknown value
RSP=0x00007730e9ffc388 is pointing into the stack for thread: 0x0000773174a49000
RBP=0x00007730e9ffc6f0 is pointing into the stack for thread: 0x0000773174a49000
RSI=0xe6d69d43228689e4 is an unknown value
RDI=
[error occurred during error reporting (printing register info), id 0xb, SIGSEGV (0xb) at pc=0x000077317a5ae1e0]

Registers:
RAX=0x36658f46edfdacb3, RBX=0x000077308f7784c0, RCX=0xc6a4a7935bd1e995, RDX=0x00000000c70f6907
RSP=0x00007730e9ffc388, RBP=0x00007730e9ffc6f0, RSI=0xe6d69d43228689e4, RDI=0x0000000773060e58
R8 =0x1999999999999999, R9 =0x00000007958c9838, R10=0x000077317b5b1fc0, R11=0x000077317b5b28c0
R12=0x00007730e9ffc680, R13=0x0000773061036840, R14=0x00007730e83a6e87, R15=0x0000773060e58bd0
RIP=0x0000773069a92160, EFLAGS=0x0000000000010283, CSGSFS=0x002b000000000033, ERR=0x0000000000000004
  TRAPNO=0x000000000000000e

Top of Stack: (sp=0x00007730e9ffc388)
0x00007730e9ffc388:   000077307f1694f5 00007730e9ff0030
0x00007730e9ffc398:   0000773060fb44e0 00007730e9ffc6f0
0x00007730e9ffc3a8:   00007730e9ffc680 0000773061036840
0x00007730e9ffc3b8:   00007730e83a6e87 0000773060e58dd0 

Instructions: (pc=0x0000773069a92160)
0x0000773069a92060:   48 83 3d a8 aa 2e 00 00 75 06 c6 47 01 00 c3 90
0x0000773069a92070:   31 c0 87 07 a9 00 00 01 00 74 f3 48 89 fe b9 ff
0x0000773069a92080:   ff ff 7f ba 01 00 00 00 31 c0 bf ca 00 00 00 e9
0x0000773069a92090:   ec 78 ff ff 66 2e 0f 1f 84 00 00 00 00 00 66 90
0x0000773069a920a0:   48 83 3d 68 aa 2e 00 00 74 16 b8 01 00 00 00 87
0x0000773069a920b0:   07 a9 00 00 01 00 75 18 c3 0f 1f 80 00 00 00 00
0x0000773069a920c0:   c6 47 01 00 c6 07 01 c3 0f 1f 84 00 00 00 00 00
0x0000773069a920d0:   48 89 fe b9 ff ff ff 7f ba 01 00 00 00 31 c0 bf
0x0000773069a920e0:   ca 00 00 00 e9 97 78 ff ff 0f 1f 80 00 00 00 00
0x0000773069a920f0:   48 8d 05 a1 31 2e 00 48 83 c0 10 48 89 07 e9 bd
0x0000773069a92100:   86 ff ff 66 2e 0f 1f 84 00 00 00 00 00 0f 1f 00
0x0000773069a92110:   53 48 89 fb e8 d7 ff ff ff 48 89 df be 08 00 00
0x0000773069a92120:   00 5b e9 99 8f ff ff 66 0f 1f 84 00 00 00 00 00
0x0000773069a92130:   48 b9 95 e9 d1 5b 93 a7 a4 c6 41 89 f1 48 89 f0
0x0000773069a92140:   41 83 e1 f8 48 0f af c1 4d 63 c9 49 01 f9 48 31
0x0000773069a92150:   d0 4c 39 cf 74 32 66 2e 0f 1f 84 00 00 00 00 00
0x0000773069a92160:   4c 8b 07 48 83 c7 08 4c 0f af c1 4c 89 c2 48 c1
0x0000773069a92170:   ea 2f 4c 31 c2 48 0f af d1 48 31 c2 48 89 d0 48
0x0000773069a92180:   0f af c1 49 39 f9 75 d8 83 e6 07 74 30 83 ee 01
0x0000773069a92190:   31 d2 48 63 ce 0f 1f 00 41 0f b6 34 09 48 c1 e2
0x0000773069a921a0:   08 48 83 e9 01 48 01 f2 85 c9 79 ec 48 31 c2 48
0x0000773069a921b0:   b8 95 e9 d1 5b 93 a7 a4 c6 48 0f af c2 48 89 c2
0x0000773069a921c0:   48 c1 ea 2f 48 31 d0 48 ba 95 e9 d1 5b 93 a7 a4
0x0000773069a921d0:   c6 48 0f af c2 48 89 c2 48 c1 ea 2f 48 31 d0 c3
0x0000773069a921e0:   48 85 f6 74 2b 48 b9 b3 01 00 00 00 01 00 00 48
0x0000773069a921f0:   01 fe 48 89 d0 0f 1f 00 48 83 c7 01 48 0f be 57
0x0000773069a92200:   ff 48 31 d0 48 0f af c1 48 39 f7 75 eb c3 66 90
0x0000773069a92210:   48 89 d0 c3 66 2e 0f 1f 84 00 00 00 00 00 66 90
0x0000773069a92220:   48 8b 05 c1 a8 2e 00 48 83 c7 08 48 83 c0 10 48
0x0000773069a92230:   89 47 f8 e9 58 90 ff ff 0f 1f 84 00 00 00 00 00
0x0000773069a92240:   53 48 89 fb e8 f7 7c ff ff 48 89 df be 10 00 00
0x0000773069a92250:   00 5b e9 69 8e ff ff 66 0f 1f 84 00 00 00 00 00 


Stack slot to memory mapping:
stack at sp + 0 slots: 0x000077307f1694f5: _ZNKSt10_HashtableINSt7__cxx1112basic_stringIcSt11char_traitsIcESaIcEEES5_SaIS5_ENSt8__detail9_IdentityESt8equal_toIS5_ESt4hashIS5_ENS7_18_Mod_range_hashingENS7_20_Default_ranged_hashENS7_20_Prime_rehash_policyENS7_17_Hashtable_traitsILb1ELb1ELb1EEEE5countERKS5_+0x0000000000000025 in /tools/Xilinx/Vitis_HLS/2023.2/lib/lnx64.o/libxv_hls_hwsyn.so at 0x000077307e600000
stack at sp + 1 slots: 0x00007730e9ff0030 is pointing into the stack for thread: 0x0000773174a49000
stack at sp + 2 slots: 0x0000773060fb44e0 points into unknown readable memory: 0x0000773077f826d8 | d8 26 f8 77 30 77 00 00
stack at sp + 3 slots: 0x00007730e9ffc6f0 is pointing into the stack for thread: 0x0000773174a49000
stack at sp + 4 slots: 0x00007730e9ffc680 is pointing into the stack for thread: 0x0000773174a49000
stack at sp + 5 slots: 0x0000773061036840 points into unknown readable memory: 0x0000000000000000 | 00 00 00 00 00 00 00 00
stack at sp + 6 slots: 0x00007730e83a6e87: <offset 0x0000000000198e87> in /tools/Xilinx/Vitis_HLS/2023.2/lib/lnx64.o/libxv_board.so at 0x00007730e820e000
stack at sp + 7 slots: 0x0000773060e58dd0 points into unknown readable memory: 0x0000000000000000 | 00 00 00 00 00 00 00 00


---------------  P R O C E S S  ---------------

Threads class SMR info:
_java_thread_list=0x0000773084003f00, length=12, elements={
0x0000773174028000, 0x000077317436a000, 0x000077317436e800, 0x0000773174383800,
0x0000773174385800, 0x0000773174387800, 0x0000773174389800, 0x000077317438c000,
0x0000773174441800, 0x00007730c0068000, 0x0000773174a49000, 0x000077308c046000
}

Java Threads: ( => current thread )
  0x0000773174028000 JavaThread "main" [_thread_blocked, id=97591, stack(0x000077317b617000,0x000077317b717000)]
  0x000077317436a000 JavaThread "Reference Handler" daemon [_thread_blocked, id=97598, stack(0x000077314c2f9000,0x000077314c3f9000)]
  0x000077317436e800 JavaThread "Finalizer" daemon [_thread_blocked, id=97599, stack(0x000077314c1f9000,0x000077314c2f9000)]
  0x0000773174383800 JavaThread "Signal Dispatcher" daemon [_thread_blocked, id=97600, stack(0x000077314c0f9000,0x000077314c1f9000)]
  0x0000773174385800 JavaThread "Service Thread" daemon [_thread_blocked, id=97601, stack(0x000077313f700000,0x000077313f800000)]
  0x0000773174387800 JavaThread "C2 CompilerThread0" daemon [_thread_blocked, id=97602, stack(0x000077313f300000,0x000077313f400000)]
  0x0000773174389800 JavaThread "C1 CompilerThread0" daemon [_thread_blocked, id=97603, stack(0x000077313f200000,0x000077313f300000)]
  0x000077317438c000 JavaThread "Sweeper thread" daemon [_thread_blocked, id=97604, stack(0x000077313f100000,0x000077313f200000)]
  0x0000773174441800 JavaThread "Common-Cleaner" daemon [_thread_blocked, id=97605, stack(0x000077313f000000,0x000077313f100000)]
  0x00007730c0068000 JavaThread "Timer-0" daemon [_thread_blocked, id=97635, stack(0x00007730eab00000,0x00007730eac00000)]
=>0x0000773174a49000 JavaThread "Worker-1: Initialize the SWIG data" [_thread_in_native, id=97641, stack(0x00007730e9f00000,0x00007730ea000000)]
  0x000077308c046000 JavaThread "EMF Reference Cleaner" daemon [_thread_blocked, id=97642, stack(0x00007730e9e00000,0x00007730e9f00000)]

Other Threads:
  0x0000773174362000 VMThread "VM Thread" [stack: 0x000077314c3fb000,0x000077314c4fb000] [id=97597]
  0x0000773174041800 GCTaskThread "GC Thread#0" [stack: 0x0000773179900000,0x0000773179a00000] [id=97592]
  0x0000773134001000 GCTaskThread "GC Thread#1" [stack: 0x000077313c300000,0x000077313c400000] [id=97615]
  0x0000773134002800 GCTaskThread "GC Thread#2" [stack: 0x000077313c1fe000,0x000077313c2fe000] [id=97616]
  0x0000773134004000 GCTaskThread "GC Thread#3" [stack: 0x000077313c0fc000,0x000077313c1fc000] [id=97617]
  0x0000773134006000 GCTaskThread "GC Thread#4" [stack: 0x00007730ebf00000,0x00007730ec000000] [id=97618]
  0x0000773134007800 GCTaskThread "GC Thread#5" [stack: 0x00007730ebdfe000,0x00007730ebefe000] [id=97619]
  0x0000773134009000 GCTaskThread "GC Thread#6" [stack: 0x00007730ebcfc000,0x00007730ebdfc000] [id=97620]
  0x000077313400a800 GCTaskThread "GC Thread#7" [stack: 0x00007730ebbfa000,0x00007730ebcfa000] [id=97621]
  0x000077313400c800 GCTaskThread "GC Thread#8" [stack: 0x00007730ebaf8000,0x00007730ebbf8000] [id=97622]
  0x000077313400e000 GCTaskThread "GC Thread#9" [stack: 0x00007730eb9f6000,0x00007730ebaf6000] [id=97623]
  0x00007731740a2800 ConcurrentGCThread "G1 Main Marker" [stack: 0x00007731783ef000,0x00007731784ef000] [id=97593]
  0x00007731740a4800 ConcurrentGCThread "G1 Conc#0" [stack: 0x00007731782ed000,0x00007731783ed000] [id=97594]
  0x0000773148001000 ConcurrentGCThread "G1 Conc#1" [stack: 0x00007730ea500000,0x00007730ea600000] [id=97637]
  0x0000773148002800 ConcurrentGCThread "G1 Conc#2" [stack: 0x00007730ea3fe000,0x00007730ea4fe000] [id=97638]
  0x0000773174296000 ConcurrentGCThread "G1 Refine#0" [stack: 0x000077314c5ff000,0x000077314c6ff000] [id=97595]
  0x0000773174297800 ConcurrentGCThread "G1 Young RemSet Sampling" [stack: 0x000077314c4fd000,0x000077314c5fd000] [id=97596]

Threads with active compile tasks:
C2 CompilerThread0     2664 3709       4       org.eclipse.osgi.container.ModuleDatabase$Persistence::addMap (289 bytes)

VM state:at safepoint (shutting down)

VM Mutex/Monitor currently owned by a thread:  ([mutex/lock_event])
[0x0000773174025be0] Threads_lock - owner thread: 0x0000773174362000

Heap address: 0x0000000700000000, size: 4096 MB, Compressed Oops mode: Zero based, Oop shift amount: 3
Narrow klass base: 0x0000000800000000, Narrow klass shift: 0
Compressed class space size: 1073741824 Address: 0x0000000800000000

Heap:
 garbage-first heap   total 524288K, used 58013K [0x0000000700000000, 0x0000000800000000)
  region size 1024K, 58 young (59392K), 22 survivors (22528K)
 Metaspace       used 26308K, capacity 27911K, committed 28080K, reserved 1075200K
  class space    used 2436K, capacity 2948K, committed 3072K, reserved 1048576K
Heap Regions: E=young(eden), S=young(survivor), O=old, HS=humongous(starts), HC=humongous(continues), CS=collection set, F=free, A=archive, TAMS=top-at-mark-start (previous, next)
|   0|0x0000000700000000, 0x0000000700000000, 0x0000000700100000|  0%| F|  |TAMS 0x0000000700000000, 0x0000000700000000| Untracked 
|   1|0x0000000700100000, 0x0000000700200000, 0x0000000700200000|100%|HS|  |TAMS 0x0000000700200000, 0x0000000700100000| Complete 
|   2|0x0000000700200000, 0x0000000700200000, 0x0000000700300000|  0%| F|  |TAMS 0x0000000700200000, 0x0000000700200000| Untracked 
|   3|0x0000000700300000, 0x0000000700300000, 0x0000000700400000|  0%| F|  |TAMS 0x0000000700300000, 0x0000000700300000| Untracked 
|   4|0x0000000700400000, 0x0000000700400000, 0x0000000700500000|  0%| F|  |TAMS 0x0000000700400000, 0x0000000700400000| Untracked 
|   5|0x0000000700500000, 0x0000000700500000, 0x0000000700600000|  0%| F|  |TAMS 0x0000000700500000, 0x0000000700500000| Untracked 
|   6|0x0000000700600000, 0x0000000700600000, 0x0000000700700000|  0%| F|  |TAMS 0x0000000700600000, 0x0000000700600000| Untracked 
|   7|0x0000000700700000, 0x0000000700700000, 0x0000000700800000|  0%| F|  |TAMS 0x0000000700700000, 0x0000000700700000| Untracked 
|   8|0x0000000700800000, 0x0000000700800000, 0x0000000700900000|  0%| F|  |TAMS 0x0000000700800000, 0x0000000700800000| Untracked 
|   9|0x0000000700900000, 0x0000000700900000, 0x0000000700a00000|  0%| F|  |TAMS 0x0000000700900000, 0x0000000700900000| Untracked 
|  10|0x0000000700a00000, 0x0000000700a00000, 0x0000000700b00000|  0%| F|  |TAMS 0x0000000700a00000, 0x0000000700a00000| Untracked 
|  11|0x0000000700b00000, 0x0000000700b00000, 0x0000000700c00000|  0%| F|  |TAMS 0x0000000700b00000, 0x0000000700b00000| Untracked 
|  12|0x0000000700c00000, 0x0000000700c00000, 0x0000000700d00000|  0%| F|  |TAMS 0x0000000700c00000, 0x0000000700c00000| Untracked 
|  13|0x0000000700d00000, 0x0000000700d00000, 0x0000000700e00000|  0%| F|  |TAMS 0x0000000700d00000, 0x0000000700d00000| Untracked 
|  14|0x0000000700e00000, 0x0000000700e00000, 0x0000000700f00000|  0%| F|  |TAMS 0x0000000700e00000, 0x0000000700e00000| Untracked 
|  15|0x0000000700f00000, 0x0000000700f00000, 0x0000000701000000|  0%| F|  |TAMS 0x0000000700f00000, 0x0000000700f00000| Untracked 
|  16|0x0000000701000000, 0x0000000701000000, 0x0000000701100000|  0%| F|  |TAMS 0x0000000701000000, 0x0000000701000000| Untracked 
|  17|0x0000000701100000, 0x0000000701100000, 0x0000000701200000|  0%| F|  |TAMS 0x0000000701100000, 0x0000000701100000| Untracked 
|  18|0x0000000701200000, 0x0000000701200000, 0x0000000701300000|  0%| F|  |TAMS 0x0000000701200000, 0x0000000701200000| Untracked 
|  19|0x0000000701300000, 0x0000000701300000, 0x0000000701400000|  0%| F|  |TAMS 0x0000000701300000, 0x0000000701300000| Untracked 
|  20|0x0000000701400000, 0x0000000701400000, 0x0000000701500000|  0%| F|  |TAMS 0x0000000701400000, 0x0000000701400000| Untracked 
|  21|0x0000000701500000, 0x0000000701500000, 0x0000000701600000|  0%| F|  |TAMS 0x0000000701500000, 0x0000000701500000| Untracked 
|  22|0x0000000701600000, 0x0000000701600000, 0x0000000701700000|  0%| F|  |TAMS 0x0000000701600000, 0x0000000701600000| Untracked 
|  23|0x0000000701700000, 0x0000000701700000, 0x0000000701800000|  0%| F|  |TAMS 0x0000000701700000, 0x0000000701700000| Untracked 
|  24|0x0000000701800000, 0x0000000701800000, 0x0000000701900000|  0%| F|  |TAMS 0x0000000701800000, 0x0000000701800000| Untracked 
|  25|0x0000000701900000, 0x0000000701900000, 0x0000000701a00000|  0%| F|  |TAMS 0x0000000701900000, 0x0000000701900000| Untracked 
|  26|0x0000000701a00000, 0x0000000701a00000, 0x0000000701b00000|  0%| F|  |TAMS 0x0000000701a00000, 0x0000000701a00000| Untracked 
|  27|0x0000000701b00000, 0x0000000701b00000, 0x0000000701c00000|  0%| F|  |TAMS 0x0000000701b00000, 0x0000000701b00000| Untracked 
|  28|0x0000000701c00000, 0x0000000701c00000, 0x0000000701d00000|  0%| F|  |TAMS 0x0000000701c00000, 0x0000000701c00000| Untracked 
|  29|0x0000000701d00000, 0x0000000701d00000, 0x0000000701e00000|  0%| F|  |TAMS 0x0000000701d00000, 0x0000000701d00000| Untracked 
|  30|0x0000000701e00000, 0x0000000701e00000, 0x0000000701f00000|  0%| F|  |TAMS 0x0000000701e00000, 0x0000000701e00000| Untracked 
|  31|0x0000000701f00000, 0x0000000701f00000, 0x0000000702000000|  0%| F|  |TAMS 0x0000000701f00000, 0x0000000701f00000| Untracked 
|  32|0x0000000702000000, 0x0000000702000000, 0x0000000702100000|  0%| F|  |TAMS 0x0000000702000000, 0x0000000702000000| Untracked 
|  33|0x0000000702100000, 0x0000000702100000, 0x0000000702200000|  0%| F|  |TAMS 0x0000000702100000, 0x0000000702100000| Untracked 
|  34|0x0000000702200000, 0x0000000702200000, 0x0000000702300000|  0%| F|  |TAMS 0x0000000702200000, 0x0000000702200000| Untracked 
|  35|0x0000000702300000, 0x0000000702300000, 0x0000000702400000|  0%| F|  |TAMS 0x0000000702300000, 0x0000000702300000| Untracked 
|  36|0x0000000702400000, 0x0000000702400000, 0x0000000702500000|  0%| F|  |TAMS 0x0000000702400000, 0x0000000702400000| Untracked 
|  37|0x0000000702500000, 0x0000000702500000, 0x0000000702600000|  0%| F|  |TAMS 0x0000000702500000, 0x0000000702500000| Untracked 
|  38|0x0000000702600000, 0x0000000702600000, 0x0000000702700000|  0%| F|  |TAMS 0x0000000702600000, 0x0000000702600000| Untracked 
|  39|0x0000000702700000, 0x0000000702700000, 0x0000000702800000|  0%| F|  |TAMS 0x0000000702700000, 0x0000000702700000| Untracked 
|  40|0x0000000702800000, 0x0000000702800000, 0x0000000702900000|  0%| F|  |TAMS 0x0000000702800000, 0x0000000702800000| Untracked 
|  41|0x0000000702900000, 0x0000000702900000, 0x0000000702a00000|  0%| F|  |TAMS 0x0000000702900000, 0x0000000702900000| Untracked 
|  42|0x0000000702a00000, 0x0000000702a00000, 0x0000000702b00000|  0%| F|  |TAMS 0x0000000702a00000, 0x0000000702a00000| Untracked 
|  43|0x0000000702b00000, 0x0000000702b00000, 0x0000000702c00000|  0%| F|  |TAMS 0x0000000702b00000, 0x0000000702b00000| Untracked 
|  44|0x0000000702c00000, 0x0000000702c00000, 0x0000000702d00000|  0%| F|  |TAMS 0x0000000702c00000, 0x0000000702c00000| Untracked 
|  45|0x0000000702d00000, 0x0000000702d00000, 0x0000000702e00000|  0%| F|  |TAMS 0x0000000702d00000, 0x0000000702d00000| Untracked 
|  46|0x0000000702e00000, 0x0000000702e00000, 0x0000000702f00000|  0%| F|  |TAMS 0x0000000702e00000, 0x0000000702e00000| Untracked 
|  47|0x0000000702f00000, 0x0000000702f00000, 0x0000000703000000|  0%| F|  |TAMS 0x0000000702f00000, 0x0000000702f00000| Untracked 
|  48|0x0000000703000000, 0x0000000703000000, 0x0000000703100000|  0%| F|  |TAMS 0x0000000703000000, 0x0000000703000000| Untracked 
|  49|0x0000000703100000, 0x0000000703100000, 0x0000000703200000|  0%| F|  |TAMS 0x0000000703100000, 0x0000000703100000| Untracked 
|  50|0x0000000703200000, 0x0000000703200000, 0x0000000703300000|  0%| F|  |TAMS 0x0000000703200000, 0x0000000703200000| Untracked 
|  51|0x0000000703300000, 0x0000000703300000, 0x0000000703400000|  0%| F|  |TAMS 0x0000000703300000, 0x0000000703300000| Untracked 
|  52|0x0000000703400000, 0x0000000703400000, 0x0000000703500000|  0%| F|  |TAMS 0x0000000703400000, 0x0000000703400000| Untracked 
|  53|0x0000000703500000, 0x0000000703500000, 0x0000000703600000|  0%| F|  |TAMS 0x0000000703500000, 0x0000000703500000| Untracked 
|  54|0x0000000703600000, 0x0000000703600000, 0x0000000703700000|  0%| F|  |TAMS 0x0000000703600000, 0x0000000703600000| Untracked 
|  55|0x0000000703700000, 0x0000000703700000, 0x0000000703800000|  0%| F|  |TAMS 0x0000000703700000, 0x0000000703700000| Untracked 
|  56|0x0000000703800000, 0x0000000703800000, 0x0000000703900000|  0%| F|  |TAMS 0x0000000703800000, 0x0000000703800000| Untracked 
|  57|0x0000000703900000, 0x0000000703900000, 0x0000000703a00000|  0%| F|  |TAMS 0x0000000703900000, 0x0000000703900000| Untracked 
|  58|0x0000000703a00000, 0x0000000703a00000, 0x0000000703b00000|  0%| F|  |TAMS 0x0000000703a00000, 0x0000000703a00000| Untracked 
|  59|0x0000000703b00000, 0x0000000703b00000, 0x0000000703c00000|  0%| F|  |TAMS 0x0000000703b00000, 0x0000000703b00000| Untracked 
|  60|0x0000000703c00000, 0x0000000703c00000, 0x0000000703d00000|  0%| F|  |TAMS 0x0000000703c00000, 0x0000000703c00000| Untracked 
|  61|0x0000000703d00000, 0x0000000703d00000, 0x0000000703e00000|  0%| F|  |TAMS 0x0000000703d00000, 0x0000000703d00000| Untracked 
|  62|0x0000000703e00000, 0x0000000703e00000, 0x0000000703f00000|  0%| F|  |TAMS 0x0000000703e00000, 0x0000000703e00000| Untracked 
|  63|0x0000000703f00000, 0x0000000703f00000, 0x0000000704000000|  0%| F|  |TAMS 0x0000000703f00000, 0x0000000703f00000| Untracked 
|  64|0x0000000704000000, 0x0000000704000000, 0x0000000704100000|  0%| F|  |TAMS 0x0000000704000000, 0x0000000704000000| Untracked 
|  65|0x0000000704100000, 0x0000000704100000, 0x0000000704200000|  0%| F|  |TAMS 0x0000000704100000, 0x0000000704100000| Untracked 
|  66|0x0000000704200000, 0x0000000704200000, 0x0000000704300000|  0%| F|  |TAMS 0x0000000704200000, 0x0000000704200000| Untracked 
|  67|0x0000000704300000, 0x0000000704300000, 0x0000000704400000|  0%| F|  |TAMS 0x0000000704300000, 0x0000000704300000| Untracked 
|  68|0x0000000704400000, 0x0000000704400000, 0x0000000704500000|  0%| F|  |TAMS 0x0000000704400000, 0x0000000704400000| Untracked 
|  69|0x0000000704500000, 0x0000000704500000, 0x0000000704600000|  0%| F|  |TAMS 0x0000000704500000, 0x0000000704500000| Untracked 
|  70|0x0000000704600000, 0x0000000704600000, 0x0000000704700000|  0%| F|  |TAMS 0x0000000704600000, 0x0000000704600000| Untracked 
|  71|0x0000000704700000, 0x0000000704700000, 0x0000000704800000|  0%| F|  |TAMS 0x0000000704700000, 0x0000000704700000| Untracked 
|  72|0x0000000704800000, 0x0000000704800000, 0x0000000704900000|  0%| F|  |TAMS 0x0000000704800000, 0x0000000704800000| Untracked 
|  73|0x0000000704900000, 0x0000000704900000, 0x0000000704a00000|  0%| F|  |TAMS 0x0000000704900000, 0x0000000704900000| Untracked 
|  74|0x0000000704a00000, 0x0000000704a00000, 0x0000000704b00000|  0%| F|  |TAMS 0x0000000704a00000, 0x0000000704a00000| Untracked 
|  75|0x0000000704b00000, 0x0000000704b00000, 0x0000000704c00000|  0%| F|  |TAMS 0x0000000704b00000, 0x0000000704b00000| Untracked 
|  76|0x0000000704c00000, 0x0000000704c00000, 0x0000000704d00000|  0%| F|  |TAMS 0x0000000704c00000, 0x0000000704c00000| Untracked 
|  77|0x0000000704d00000, 0x0000000704d00000, 0x0000000704e00000|  0%| F|  |TAMS 0x0000000704d00000, 0x0000000704d00000| Untracked 
|  78|0x0000000704e00000, 0x0000000704e00000, 0x0000000704f00000|  0%| F|  |TAMS 0x0000000704e00000, 0x0000000704e00000| Untracked 
|  79|0x0000000704f00000, 0x0000000704f00000, 0x0000000705000000|  0%| F|  |TAMS 0x0000000704f00000, 0x0000000704f00000| Untracked 
|  80|0x0000000705000000, 0x0000000705000000, 0x0000000705100000|  0%| F|  |TAMS 0x0000000705000000, 0x0000000705000000| Untracked 
|  81|0x0000000705100000, 0x0000000705100000, 0x0000000705200000|  0%| F|  |TAMS 0x0000000705100000, 0x0000000705100000| Untracked 
|  82|0x0000000705200000, 0x0000000705200000, 0x0000000705300000|  0%| F|  |TAMS 0x0000000705200000, 0x0000000705200000| Untracked 
|  83|0x0000000705300000, 0x0000000705300000, 0x0000000705400000|  0%| F|  |TAMS 0x0000000705300000, 0x0000000705300000| Untracked 
|  84|0x0000000705400000, 0x0000000705400000, 0x0000000705500000|  0%| F|  |TAMS 0x0000000705400000, 0x0000000705400000| Untracked 
|  85|0x0000000705500000, 0x0000000705500000, 0x0000000705600000|  0%| F|  |TAMS 0x0000000705500000, 0x0000000705500000| Untracked 
|  86|0x0000000705600000, 0x0000000705600000, 0x0000000705700000|  0%| F|  |TAMS 0x0000000705600000, 0x0000000705600000| Untracked 
|  87|0x0000000705700000, 0x0000000705700000, 0x0000000705800000|  0%| F|  |TAMS 0x0000000705700000, 0x0000000705700000| Untracked 
|  88|0x0000000705800000, 0x0000000705800000, 0x0000000705900000|  0%| F|  |TAMS 0x0000000705800000, 0x0000000705800000| Untracked 
|  89|0x0000000705900000, 0x0000000705900000, 0x0000000705a00000|  0%| F|  |TAMS 0x0000000705900000, 0x0000000705900000| Untracked 
|  90|0x0000000705a00000, 0x0000000705a00000, 0x0000000705b00000|  0%| F|  |TAMS 0x0000000705a00000, 0x0000000705a00000| Untracked 
|  91|0x0000000705b00000, 0x0000000705b00000, 0x0000000705c00000|  0%| F|  |TAMS 0x0000000705b00000, 0x0000000705b00000| Untracked 
|  92|0x0000000705c00000, 0x0000000705c00000, 0x0000000705d00000|  0%| F|  |TAMS 0x0000000705c00000, 0x0000000705c00000| Untracked 
|  93|0x0000000705d00000, 0x0000000705d00000, 0x0000000705e00000|  0%| F|  |TAMS 0x0000000705d00000, 0x0000000705d00000| Untracked 
|  94|0x0000000705e00000, 0x0000000705e00000, 0x0000000705f00000|  0%| F|  |TAMS 0x0000000705e00000, 0x0000000705e00000| Untracked 
|  95|0x0000000705f00000, 0x0000000705f00000, 0x0000000706000000|  0%| F|  |TAMS 0x0000000705f00000, 0x0000000705f00000| Untracked 
|  96|0x0000000706000000, 0x0000000706000000, 0x0000000706100000|  0%| F|  |TAMS 0x0000000706000000, 0x0000000706000000| Untracked 
|  97|0x0000000706100000, 0x0000000706100000, 0x0000000706200000|  0%| F|  |TAMS 0x0000000706100000, 0x0000000706100000| Untracked 
|  98|0x0000000706200000, 0x0000000706200000, 0x0000000706300000|  0%| F|  |TAMS 0x0000000706200000, 0x0000000706200000| Untracked 
|  99|0x0000000706300000, 0x0000000706300000, 0x0000000706400000|  0%| F|  |TAMS 0x0000000706300000, 0x0000000706300000| Untracked 
| 100|0x0000000706400000, 0x0000000706400000, 0x0000000706500000|  0%| F|  |TAMS 0x0000000706400000, 0x0000000706400000| Untracked 
| 101|0x0000000706500000, 0x0000000706500000, 0x0000000706600000|  0%| F|  |TAMS 0x0000000706500000, 0x0000000706500000| Untracked 
| 102|0x0000000706600000, 0x0000000706600000, 0x0000000706700000|  0%| F|  |TAMS 0x0000000706600000, 0x0000000706600000| Untracked 
| 103|0x0000000706700000, 0x0000000706700000, 0x0000000706800000|  0%| F|  |TAMS 0x0000000706700000, 0x0000000706700000| Untracked 
| 104|0x0000000706800000, 0x0000000706800000, 0x0000000706900000|  0%| F|  |TAMS 0x0000000706800000, 0x0000000706800000| Untracked 
| 105|0x0000000706900000, 0x0000000706900000, 0x0000000706a00000|  0%| F|  |TAMS 0x0000000706900000, 0x0000000706900000| Untracked 
| 106|0x0000000706a00000, 0x0000000706a00000, 0x0000000706b00000|  0%| F|  |TAMS 0x0000000706a00000, 0x0000000706a00000| Untracked 
| 107|0x0000000706b00000, 0x0000000706b00000, 0x0000000706c00000|  0%| F|  |TAMS 0x0000000706b00000, 0x0000000706b00000| Untracked 
| 108|0x0000000706c00000, 0x0000000706c00000, 0x0000000706d00000|  0%| F|  |TAMS 0x0000000706c00000, 0x0000000706c00000| Untracked 
| 109|0x0000000706d00000, 0x0000000706d00000, 0x0000000706e00000|  0%| F|  |TAMS 0x0000000706d00000, 0x0000000706d00000| Untracked 
| 110|0x0000000706e00000, 0x0000000706e00000, 0x0000000706f00000|  0%| F|  |TAMS 0x0000000706e00000, 0x0000000706e00000| Untracked 
| 111|0x0000000706f00000, 0x0000000706f00000, 0x0000000707000000|  0%| F|  |TAMS 0x0000000706f00000, 0x0000000706f00000| Untracked 
| 112|0x0000000707000000, 0x0000000707000000, 0x0000000707100000|  0%| F|  |TAMS 0x0000000707000000, 0x0000000707000000| Untracked 
| 113|0x0000000707100000, 0x0000000707100000, 0x0000000707200000|  0%| F|  |TAMS 0x0000000707100000, 0x0000000707100000| Untracked 
| 114|0x0000000707200000, 0x0000000707200000, 0x0000000707300000|  0%| F|  |TAMS 0x0000000707200000, 0x0000000707200000| Untracked 
| 115|0x0000000707300000, 0x0000000707300000, 0x0000000707400000|  0%| F|  |TAMS 0x0000000707300000, 0x0000000707300000| Untracked 
| 116|0x0000000707400000, 0x0000000707400000, 0x0000000707500000|  0%| F|  |TAMS 0x0000000707400000, 0x0000000707400000| Untracked 
| 117|0x0000000707500000, 0x0000000707500000, 0x0000000707600000|  0%| F|  |TAMS 0x0000000707500000, 0x0000000707500000| Untracked 
| 118|0x0000000707600000, 0x0000000707600000, 0x0000000707700000|  0%| F|  |TAMS 0x0000000707600000, 0x0000000707600000| Untracked 
| 119|0x0000000707700000, 0x0000000707700000, 0x0000000707800000|  0%| F|  |TAMS 0x0000000707700000, 0x0000000707700000| Untracked 
| 120|0x0000000707800000, 0x0000000707800000, 0x0000000707900000|  0%| F|  |TAMS 0x0000000707800000, 0x0000000707800000| Untracked 
| 121|0x0000000707900000, 0x0000000707900000, 0x0000000707a00000|  0%| F|  |TAMS 0x0000000707900000, 0x0000000707900000| Untracked 
| 122|0x0000000707a00000, 0x0000000707a00000, 0x0000000707b00000|  0%| F|  |TAMS 0x0000000707a00000, 0x0000000707a00000| Untracked 
| 123|0x0000000707b00000, 0x0000000707b00000, 0x0000000707c00000|  0%| F|  |TAMS 0x0000000707b00000, 0x0000000707b00000| Untracked 
| 124|0x0000000707c00000, 0x0000000707c00000, 0x0000000707d00000|  0%| F|  |TAMS 0x0000000707c00000, 0x0000000707c00000| Untracked 
| 125|0x0000000707d00000, 0x0000000707d00000, 0x0000000707e00000|  0%| F|  |TAMS 0x0000000707d00000, 0x0000000707d00000| Untracked 
| 126|0x0000000707e00000, 0x0000000707e00000, 0x0000000707f00000|  0%| F|  |TAMS 0x0000000707e00000, 0x0000000707e00000| Untracked 
| 127|0x0000000707f00000, 0x0000000707f00000, 0x0000000708000000|  0%| F|  |TAMS 0x0000000707f00000, 0x0000000707f00000| Untracked 
| 128|0x0000000708000000, 0x0000000708000000, 0x0000000708100000|  0%| F|  |TAMS 0x0000000708000000, 0x0000000708000000| Untracked 
| 129|0x0000000708100000, 0x0000000708100000, 0x0000000708200000|  0%| F|  |TAMS 0x0000000708100000, 0x0000000708100000| Untracked 
| 130|0x0000000708200000, 0x0000000708200000, 0x0000000708300000|  0%| F|  |TAMS 0x0000000708200000, 0x0000000708200000| Untracked 
| 131|0x0000000708300000, 0x0000000708300000, 0x0000000708400000|  0%| F|  |TAMS 0x0000000708300000, 0x0000000708300000| Untracked 
| 132|0x0000000708400000, 0x0000000708400000, 0x0000000708500000|  0%| F|  |TAMS 0x0000000708400000, 0x0000000708400000| Untracked 
| 133|0x0000000708500000, 0x0000000708500000, 0x0000000708600000|  0%| F|  |TAMS 0x0000000708500000, 0x0000000708500000| Untracked 
| 134|0x0000000708600000, 0x0000000708600000, 0x0000000708700000|  0%| F|  |TAMS 0x0000000708600000, 0x0000000708600000| Untracked 
| 135|0x0000000708700000, 0x0000000708700000, 0x0000000708800000|  0%| F|  |TAMS 0x0000000708700000, 0x0000000708700000| Untracked 
| 136|0x0000000708800000, 0x0000000708800000, 0x0000000708900000|  0%| F|  |TAMS 0x0000000708800000, 0x0000000708800000| Untracked 
| 137|0x0000000708900000, 0x0000000708900000, 0x0000000708a00000|  0%| F|  |TAMS 0x0000000708900000, 0x0000000708900000| Untracked 
| 138|0x0000000708a00000, 0x0000000708a00000, 0x0000000708b00000|  0%| F|  |TAMS 0x0000000708a00000, 0x0000000708a00000| Untracked 
| 139|0x0000000708b00000, 0x0000000708b00000, 0x0000000708c00000|  0%| F|  |TAMS 0x0000000708b00000, 0x0000000708b00000| Untracked 
| 140|0x0000000708c00000, 0x0000000708c00000, 0x0000000708d00000|  0%| F|  |TAMS 0x0000000708c00000, 0x0000000708c00000| Untracked 
| 141|0x0000000708d00000, 0x0000000708d00000, 0x0000000708e00000|  0%| F|  