INFO: [v++ 60-1306] Additional information associated with this v++ link can be found at:
	Reports: /work/development/jettag/jettag-hgq2/Training_FixedHP/hls4ml_prj_acc=0.7659_ebops=21624_VU_DA_bitfile/vitis_workspace/system_link/_x/reports/link
	Log files: /work/development/jettag/jettag-hgq2/Training_FixedHP/hls4ml_prj_acc=0.7659_ebops=21624_VU_DA_bitfile/vitis_workspace/system_link/_x/logs/link
INFO: [v++ 60-1548] Creating build summary session with primary output /work/development/jettag/jettag-hgq2/Training_FixedHP/hls4ml_prj_acc=0.7659_ebops=21624_VU_DA_bitfile/vitis_workspace/system_link/myproject.xclbin.link_summary, at Thu May  7 10:24:51 2026
INFO: [v++ 60-1315] Creating rulecheck session with output '/work/development/jettag/jettag-hgq2/Training_FixedHP/hls4ml_prj_acc=0.7659_ebops=21624_VU_DA_bitfile/vitis_workspace/system_link/_x/reports/link/v++_link_myproject_guidance.html', at Thu May  7 10:24:51 2026
INFO: [v++ 60-895]   Target platform: /work/development/jettag/jettag-hgq2/Training_FixedHP/hls4ml_prj_acc=0.7659_ebops=21624_VU_DA_bitfile/vitis_workspace/kv260/tcl_scripts/output/kv260_axi_all_platform.xsa
INFO: [v++ 60-1578]   This platform contains Xilinx Shell Archive '/work/development/jettag/jettag-hgq2/Training_FixedHP/hls4ml_prj_acc=0.7659_ebops=21624_VU_DA_bitfile/vitis_workspace/kv260/tcl_scripts/output/kv260_axi_all_platform.xsa'
INFO: [v++ 60-629] Linking for hardware target
INFO: [v++ 60-423]   Target device: vendor_kv260_som_som240_1_connector_kv260_carrier_som240_1_connector_kv260pf_0_0
INFO: [v++ 82-31] Launching aie baremetal script for: link
WARNING: [v++ 82-11894] The baremetal_metadata.cpp file was not created successfully.
INFO: [v++ 60-1332] Run 'run_link' status: Not started
INFO: [v++ 60-1443] [10:24:52] Run run_link: Step system_link: Started
INFO: [v++ 60-1453] Command Line: system_link --xo /work/development/jettag/jettag-hgq2/Training_FixedHP/hls4ml_prj_acc=0.7659_ebops=21624_VU_DA_bitfile/vitis_workspace/myproject/vitis_unified_project/myproject_axi_master.xo -keep --xpfm /work/development/jettag/jettag-hgq2/Training_FixedHP/hls4ml_prj_acc=0.7659_ebops=21624_VU_DA_bitfile/vitis_workspace/kv260/tcl_scripts/output/kv260_axi_all_platform.xsa --target hw --output_dir /work/development/jettag/jettag-hgq2/Training_FixedHP/hls4ml_prj_acc=0.7659_ebops=21624_VU_DA_bitfile/vitis_workspace/system_link/_x/link/int --temp_dir /work/development/jettag/jettag-hgq2/Training_FixedHP/hls4ml_prj_acc=0.7659_ebops=21624_VU_DA_bitfile/vitis_workspace/system_link/_x/link/sys_link
INFO: [v++ 60-1454] Run Directory: /work/development/jettag/jettag-hgq2/Training_FixedHP/hls4ml_prj_acc=0.7659_ebops=21624_VU_DA_bitfile/vitis_workspace/system_link/_x/link/run_link
INFO: [SYSTEM_LINK 82-70] Extracting xo v3 file /work/development/jettag/jettag-hgq2/Training_FixedHP/hls4ml_prj_acc=0.7659_ebops=21624_VU_DA_bitfile/vitis_workspace/myproject/vitis_unified_project/myproject_axi_master.xo
INFO: [SYSTEM_LINK 82-53] Creating IP database /work/development/jettag/jettag-hgq2/Training_FixedHP/hls4ml_prj_acc=0.7659_ebops=21624_VU_DA_bitfile/vitis_workspace/system_link/_x/link/sys_link/_sysl/.cdb/xd_ip_db.xml
INFO: [SYSTEM_LINK 82-38] [10:24:52] build_xd_ip_db started: /opt/Xilinx/2025.2/Vitis/bin/build_xd_ip_db -ip_search 0  -sds-pf /work/development/jettag/jettag-hgq2/Training_FixedHP/hls4ml_prj_acc=0.7659_ebops=21624_VU_DA_bitfile/vitis_workspace/system_link/_x/link/sys_link/kv260_axi_all_platform.hpfm -clkid 0 -ip /work/development/jettag/jettag-hgq2/Training_FixedHP/hls4ml_prj_acc=0.7659_ebops=21624_VU_DA_bitfile/vitis_workspace/system_link/_x/link/sys_link/iprepo/xilinx_com_hls_myproject_axi_master_1_0,myproject_axi_master -o /work/development/jettag/jettag-hgq2/Training_FixedHP/hls4ml_prj_acc=0.7659_ebops=21624_VU_DA_bitfile/vitis_workspace/system_link/_x/link/sys_link/_sysl/.cdb/xd_ip_db.xml
INFO: [SYSTEM_LINK 82-37] [10:24:53] build_xd_ip_db finished successfully
Time (s): cpu = 00:00:00.08 ; elapsed = 00:00:00.1 . Memory (MB): peak = 521.422 ; gain = 0.000 ; free physical = 21060 ; free virtual = 43207
INFO: [SYSTEM_LINK 82-51] Create system connectivity graph
INFO: [SYSTEM_LINK 82-102] Applying explicit connections to the system connectivity graph: /work/development/jettag/jettag-hgq2/Training_FixedHP/hls4ml_prj_acc=0.7659_ebops=21624_VU_DA_bitfile/vitis_workspace/system_link/_x/link/sys_link/cfgraph/cfgen_cfgraph.xml
INFO: [SYSTEM_LINK 82-38] [10:24:53] cfgen started: /opt/Xilinx/2025.2/Vitis/bin/cfgen  -dpa_mem_offload false -dpa_aie_mem_offload false -dmclkid 0 -r /work/development/jettag/jettag-hgq2/Training_FixedHP/hls4ml_prj_acc=0.7659_ebops=21624_VU_DA_bitfile/vitis_workspace/system_link/_x/link/sys_link/_sysl/.cdb/xd_ip_db.xml -o /work/development/jettag/jettag-hgq2/Training_FixedHP/hls4ml_prj_acc=0.7659_ebops=21624_VU_DA_bitfile/vitis_workspace/system_link/_x/link/sys_link/cfgraph/cfgen_cfgraph.xml
INFO: [CFGEN 83-0] Kernel Specs: 
INFO: [CFGEN 83-0]   kernel: myproject_axi_master, num: 1  {myproject_axi_master_1}
INFO: [CFGEN 83-2226] Inferring mapping for argument myproject_axi_master_1.gmem_in0_ptr_input_layer to HP0
INFO: [CFGEN 83-2226] Inferring mapping for argument myproject_axi_master_1.gmem_out0_ptr_layer12_out to HP0
INFO: [SYSTEM_LINK 82-37] [10:24:53] cfgen finished successfully
Time (s): cpu = 00:00:00.54 ; elapsed = 00:00:00.56 . Memory (MB): peak = 521.422 ; gain = 0.000 ; free physical = 21077 ; free virtual = 43225
INFO: [SYSTEM_LINK 82-52] Create top-level block diagram
INFO: [SYSTEM_LINK 82-38] [10:24:53] cf2bd started: /opt/Xilinx/2025.2/Vitis/bin/cf2bd  --linux --trace_buffer 1024 --input_file /work/development/jettag/jettag-hgq2/Training_FixedHP/hls4ml_prj_acc=0.7659_ebops=21624_VU_DA_bitfile/vitis_workspace/system_link/_x/link/sys_link/cfgraph/cfgen_cfgraph.xml --ip_db /work/development/jettag/jettag-hgq2/Training_FixedHP/hls4ml_prj_acc=0.7659_ebops=21624_VU_DA_bitfile/vitis_workspace/system_link/_x/link/sys_link/_sysl/.cdb/xd_ip_db.xml --cf_name dr --working_dir /work/development/jettag/jettag-hgq2/Training_FixedHP/hls4ml_prj_acc=0.7659_ebops=21624_VU_DA_bitfile/vitis_workspace/system_link/_x/link/sys_link/_sysl/.xsd --temp_dir /work/development/jettag/jettag-hgq2/Training_FixedHP/hls4ml_prj_acc=0.7659_ebops=21624_VU_DA_bitfile/vitis_workspace/system_link/_x/link/sys_link --output_dir /work/development/jettag/jettag-hgq2/Training_FixedHP/hls4ml_prj_acc=0.7659_ebops=21624_VU_DA_bitfile/vitis_workspace/system_link/_x/link/int
INFO: [CF2BD 82-31] Launching cf2xd: cf2xd -linux -trace-buffer 1024 -i /work/development/jettag/jettag-hgq2/Training_FixedHP/hls4ml_prj_acc=0.7659_ebops=21624_VU_DA_bitfile/vitis_workspace/system_link/_x/link/sys_link/cfgraph/cfgen_cfgraph.xml -r /work/development/jettag/jettag-hgq2/Training_FixedHP/hls4ml_prj_acc=0.7659_ebops=21624_VU_DA_bitfile/vitis_workspace/system_link/_x/link/sys_link/_sysl/.cdb/xd_ip_db.xml -o dr.xml
INFO: [CF2BD 82-28] cf2xd finished successfully
INFO: [CF2BD 82-31] Launching cf_xsd: cf_xsd -disable-address-gen -dn dr -dp /work/development/jettag/jettag-hgq2/Training_FixedHP/hls4ml_prj_acc=0.7659_ebops=21624_VU_DA_bitfile/vitis_workspace/system_link/_x/link/sys_link/_sysl/.xsd
INFO: [CF2BD 82-28] cf_xsd finished successfully
INFO: [SYSTEM_LINK 82-37] [10:24:54] cf2bd finished successfully
Time (s): cpu = 00:00:00.73 ; elapsed = 00:00:00.82 . Memory (MB): peak = 521.422 ; gain = 0.000 ; free physical = 21061 ; free virtual = 43209
INFO: [v++ 60-1441] [10:24:54] Run run_link: Step system_link: Completed
Time (s): cpu = 00:00:02 ; elapsed = 00:00:02 . Memory (MB): peak = 528.875 ; gain = 0.000 ; free physical = 21162 ; free virtual = 43310
INFO: [v++ 60-1443] [10:24:54] Run run_link: Step cf2sw: Started
INFO: [v++ 60-1453] Command Line: cf2sw -sdsl /work/development/jettag/jettag-hgq2/Training_FixedHP/hls4ml_prj_acc=0.7659_ebops=21624_VU_DA_bitfile/vitis_workspace/system_link/_x/link/int/sdsl.dat -rtd /work/development/jettag/jettag-hgq2/Training_FixedHP/hls4ml_prj_acc=0.7659_ebops=21624_VU_DA_bitfile/vitis_workspace/system_link/_x/link/int/cf2sw.rtd -nofilter /work/development/jettag/jettag-hgq2/Training_FixedHP/hls4ml_prj_acc=0.7659_ebops=21624_VU_DA_bitfile/vitis_workspace/system_link/_x/link/int/cf2sw_full.rtd -xclbin /work/development/jettag/jettag-hgq2/Training_FixedHP/hls4ml_prj_acc=0.7659_ebops=21624_VU_DA_bitfile/vitis_workspace/system_link/_x/link/int/xclbin_orig.xml -o /work/development/jettag/jettag-hgq2/Training_FixedHP/hls4ml_prj_acc=0.7659_ebops=21624_VU_DA_bitfile/vitis_workspace/system_link/_x/link/int/xclbin_orig.1.xml
INFO: [v++ 60-1454] Run Directory: /work/development/jettag/jettag-hgq2/Training_FixedHP/hls4ml_prj_acc=0.7659_ebops=21624_VU_DA_bitfile/vitis_workspace/system_link/_x/link/run_link
INFO: [v++ 60-1441] [10:24:55] Run run_link: Step cf2sw: Completed
Time (s): cpu = 00:00:00.58 ; elapsed = 00:00:00.63 . Memory (MB): peak = 528.875 ; gain = 0.000 ; free physical = 21144 ; free virtual = 43293
INFO: [v++ 60-1443] [10:24:55] Run run_link: Step rtd2_system_diagram: Started
INFO: [v++ 60-1453] Command Line: rtd2SystemDiagram
INFO: [v++ 60-1454] Run Directory: /work/development/jettag/jettag-hgq2/Training_FixedHP/hls4ml_prj_acc=0.7659_ebops=21624_VU_DA_bitfile/vitis_workspace/system_link/_x/link/run_link
INFO: [v++ 60-1441] [10:24:55] Run run_link: Step rtd2_system_diagram: Completed
Time (s): cpu = 00:00:00.01 ; elapsed = 00:00:00.03 . Memory (MB): peak = 528.875 ; gain = 0.000 ; free physical = 21144 ; free virtual = 43293
INFO: [v++ 60-1443] [10:24:55] Run run_link: Step vpl: Started
INFO: [v++ 60-1453] Command Line: vpl -t hw -f /work/development/jettag/jettag-hgq2/Training_FixedHP/hls4ml_prj_acc=0.7659_ebops=21624_VU_DA_bitfile/vitis_workspace/kv260/tcl_scripts/output/kv260_axi_all_platform.xsa -s --remote_ip_cache /work/development/jettag/jettag-hgq2/Training_FixedHP/hls4ml_prj_acc=0.7659_ebops=21624_VU_DA_bitfile/vitis_workspace/system_link/.ipcache --output_dir /work/development/jettag/jettag-hgq2/Training_FixedHP/hls4ml_prj_acc=0.7659_ebops=21624_VU_DA_bitfile/vitis_workspace/system_link/_x/link/int --log_dir /work/development/jettag/jettag-hgq2/Training_FixedHP/hls4ml_prj_acc=0.7659_ebops=21624_VU_DA_bitfile/vitis_workspace/system_link/_x/logs/link --report_dir /work/development/jettag/jettag-hgq2/Training_FixedHP/hls4ml_prj_acc=0.7659_ebops=21624_VU_DA_bitfile/vitis_workspace/system_link/_x/reports/link --config /work/development/jettag/jettag-hgq2/Training_FixedHP/hls4ml_prj_acc=0.7659_ebops=21624_VU_DA_bitfile/vitis_workspace/system_link/_x/link/int/vplConfig.ini -k /work/development/jettag/jettag-hgq2/Training_FixedHP/hls4ml_prj_acc=0.7659_ebops=21624_VU_DA_bitfile/vitis_workspace/system_link/_x/link/int/kernel_info.dat --webtalk_flag Vitis --temp_dir /work/development/jettag/jettag-hgq2/Training_FixedHP/hls4ml_prj_acc=0.7659_ebops=21624_VU_DA_bitfile/vitis_workspace/system_link/_x/link --no-info --iprepo /work/development/jettag/jettag-hgq2/Training_FixedHP/hls4ml_prj_acc=0.7659_ebops=21624_VU_DA_bitfile/vitis_workspace/system_link/_x/link/int/xo/ip_repo/xilinx_com_hls_myproject_axi_master_1_0 --messageDb /work/development/jettag/jettag-hgq2/Training_FixedHP/hls4ml_prj_acc=0.7659_ebops=21624_VU_DA_bitfile/vitis_workspace/system_link/_x/link/run_link/vpl.pb /work/development/jettag/jettag-hgq2/Training_FixedHP/hls4ml_prj_acc=0.7659_ebops=21624_VU_DA_bitfile/vitis_workspace/system_link/_x/link/int/dr.bd.tcl
INFO: [v++ 60-1454] Run Directory: /work/development/jettag/jettag-hgq2/Training_FixedHP/hls4ml_prj_acc=0.7659_ebops=21624_VU_DA_bitfile/vitis_workspace/system_link/_x/link/run_link

****** vpl v2025.2 (64-bit)
  **** SW Build 6295257 on 2025-11-13-01:29:13
  **** Start of session at: Thu May  7 10:24:55 2026
    ** Copyright 1986-2022 Xilinx, Inc. All Rights Reserved.
    ** Copyright 2022-2025 Advanced Micro Devices, Inc. All Rights Reserved.

INFO: [VPL 60-839] Read in kernel information from file '/work/development/jettag/jettag-hgq2/Training_FixedHP/hls4ml_prj_acc=0.7659_ebops=21624_VU_DA_bitfile/vitis_workspace/system_link/_x/link/int/kernel_info.dat'.
INFO: [VPL 60-423]   Target device: vendor_kv260_som_som240_1_connector_kv260_carrier_som240_1_connector_kv260pf_0_0
INFO: [VPL 60-1032] Extracting hardware platform to /work/development/jettag/jettag-hgq2/Training_FixedHP/hls4ml_prj_acc=0.7659_ebops=21624_VU_DA_bitfile/vitis_workspace/system_link/_x/link/vivado/vpl/.local/hw_platform
[10:24:58] Run vpl: Step create_project: Started
Creating Vivado project.
[10:25:01] Run vpl: Step create_project: Completed
[10:25:01] Run vpl: Step create_bd: Started
[10:25:03] Run vpl: Step create_bd: Completed
[10:25:03] Run vpl: Step update_bd: Started
[10:25:03] Run vpl: Step update_bd: Completed
[10:25:03] Run vpl: Step generate_target: Started
[10:25:21] Run vpl: Step generate_target: Completed
[10:25:21] Run vpl: Step config_hw_runs: Started
[10:25:23] Run vpl: Step config_hw_runs: Completed
[10:25:23] Run vpl: Step synth: Started
[10:25:54] Block-level synthesis in progress, 2 of 10 jobs complete, 6 jobs running.
[10:26:24] Block-level synthesis in progress, 7 of 10 jobs complete, 3 jobs running.
[10:26:54] Block-level synthesis in progress, 9 of 10 jobs complete, 1 job running.
[10:27:24] Block-level synthesis in progress, 9 of 10 jobs complete, 1 job running.
[10:27:54] Top-level synthesis in progress.
[10:28:08] Run vpl: Step synth: Completed
[10:28:08] Run vpl: Step impl: Started
[10:28:38] Finished 2nd of 6 tasks (FPGA linking synthesized kernels to platform). Elapsed time: 00h 03m 43s 

[10:28:38] Starting logic optimization..
[10:28:38] Phase 1 Initialization
[10:28:38] Phase 1.1 Core Generation And Design Setup
[10:28:38] Phase 1.2 Setup Constraints And Sort Netlist
[10:28:38] Phase 2 Timer Update And Timing Data Collection
[10:28:38] Phase 2.1 Detect if minReqCache needed
[10:28:38] Phase 2.2 Timer Update
[10:28:38] Phase 2.3 Timing Data Collection
[10:28:38] Phase 3 Retarget
[10:28:38] Phase 4 Constant propagation
[10:28:38] Phase 5 Sweep
[10:28:38] Phase 6 BUFG optimization
[10:28:38] Phase 7 Shift Register Optimization
[10:28:38] Phase 8 Post Processing Netlist
[10:28:38] Phase 9 Finalization
[10:28:38] Phase 9.1 Finalizing Design Cores and Updating Shapes
[10:28:38] Phase 9.2 Verifying Netlist Connectivity
[10:29:08] Finished 3rd of 6 tasks (FPGA logic optimization). Elapsed time: 00h 00m 30s 

[10:29:08] Starting logic placement..
[10:29:08] Phase 1 Placer Initialization
[10:29:08] Phase 1.1 Placer Initialization Netlist Sorting
[10:29:08] Phase 1.2 IO Placement/ Clock Placement/ Build Placer Device
[10:29:08] Phase 1.3 Build Placer Netlist Model
[10:29:08] Phase 1.4 Constrain Clocks/Macros
[10:29:08] Phase 2 Global Placement
[10:29:08] Phase 2.1 Floorplanning
[10:29:08] Phase 2.1.1 Partition Driven Placement
[10:29:08] Phase 2.1.1.1 PBP: Partition Driven Placement
[10:29:08] Phase 2.1.1.2 PBP: Clock Region Placement
[10:29:08] Phase 2.1.1.3 PBP: Compute Congestion
[10:29:08] Phase 2.1.1.4 PBP: UpdateTiming
[10:29:08] Phase 2.1.1.5 PBP: Add part constraints
[10:29:08] Phase 2.2 Update Timing before SLR Path Opt
[10:29:08] Phase 2.3 Post-Processing in Floorplanning
[10:29:08] Phase 2.4 Global Place Phase1
[10:29:39] Phase 2.5 Global Place Phase2
[10:29:39] Phase 2.5.1 UpdateTiming Before Physical Synthesis
[10:29:39] Phase 2.5.2 Physical Synthesis In Placer
[10:29:39] Phase 3 Detail Placement
[10:29:39] Phase 3.1 Commit Multi Column Macros
[10:29:39] Phase 3.2 Commit Most Macros & LUTRAMs
[10:29:39] Phase 3.3 Small Shape DP
[10:29:39] Phase 3.3.1 Small Shape Clustering
[10:29:39] Phase 3.3.2 Slice Area Swap
[10:29:39] Phase 3.3.2.1 Slice Area Swap Initial
[10:29:39] Phase 3.4 Re-assign LUT pins
[10:29:39] Phase 3.5 Pipeline Register Optimization
[10:29:39] Phase 4 Post Placement Optimization and Clean-Up
[10:29:39] Phase 4.1 Post Commit Optimization
