

================================================================
== Vitis HLS Report for 'dense_array_ap_ufixed_16u_array_ap_fixed_14_8_5_3_0_3u_config15_s'
================================================================
* Date:           Thu May  7 11:41:29 2026

* Version:        2025.2 (Build 6295257 on Nov 14 2025)
* Project:        vitis_unified_project
* Solution:       hls (Vivado IP Flow Target)
* Product family: zynquplus
* Target device:  xck26-sfvc784-2LV-c


================================================================
== Performance Estimates
================================================================
+ Timing: 
    * Summary: 
    +--------+---------+----------+------------+
    |  Clock |  Target | Estimated| Uncertainty|
    +--------+---------+----------+------------+
    |ap_clk  |  5.00 ns|  4.044 ns|     0.62 ns|
    +--------+---------+----------+------------+

+ Latency: 
    * Summary: 
    +---------+---------+----------+----------+-----+-----+---------+
    |  Latency (cycles) |  Latency (absolute) |  Interval | Pipeline|
    |   min   |   max   |    min   |    max   | min | max |   Type  |
    +---------+---------+----------+----------+-----+-----+---------+
    |        1|        1|  5.000 ns|  5.000 ns|    1|    1|       no|
    +---------+---------+----------+----------+-----+-----+---------+

    + Detail: 
        * Instance: 
        +-----------------------------------------------------------------------------------+------------------------------------------------------------------+---------+---------+----------+----------+-----+-----+---------+
        |                                                                                   |                                                                  |  Latency (cycles) |  Latency (absolute) |  Interval | Pipeline|
        |                                      Instance                                     |                              Module                              |   min   |   max   |    min   |    max   | min | max |   Type  |
        +-----------------------------------------------------------------------------------+------------------------------------------------------------------+---------+---------+----------+----------+-----+-----+---------+
        |call_ret_i_dense_latency_ap_ufixed_8_5_0_3_0_ap_fixed_14_8_5_3_0_config15_s_fu_47  |dense_latency_ap_ufixed_8_5_0_3_0_ap_fixed_14_8_5_3_0_config15_s  |        0|        0|      0 ns|      0 ns|    1|    1|      yes|
        +-----------------------------------------------------------------------------------+------------------------------------------------------------------+---------+---------+----------+----------+-----+-----+---------+

        * Loop: 
        N/A

============================================================
+ Verbose Summary: Synthesis Manager
============================================================
InlineROM: 1
ExposeGlobal: 0
============================================================
+ Verbose Summary: CDFG Model
============================================================
IsTopModel: 0
ResetActiveHigh: 1
IsCombinational: 2
IsDatapathOnly: 0
HasWiredReturn: 1
HasMFsm: 0
HasVarLatency: 1
IsPipeline: 0
IsRtlPipelined: 0
IsInstanceOverlapped: 0
IsDontTouch: 0
HasImplIP: 0
IsGatedGlobalClock: 0


============================================================
+ Verbose Summary: Schedule
============================================================
* Number of FSM states : 2
* Pipeline : 0
* Dataflow Pipeline: 0

* FSM state transitions: 
1 --> 2 
2 --> 

* FSM state operations: 

State 1 <SV = 0> <Delay = 1.83>
ST_1 : Operation 3 [1/1] ( I:1.83ns O:1.83ns )   --->   "%layer13_out_read = read i128 @_ssdm_op_Read.ap_fifo.volatile.i128P0A, i128 %layer13_out" [firmware/nnet_utils/nnet_dense_stream.h:43->firmware/nnet_utils/nnet_dense_stream.h:93]   --->   Operation 3 'read' 'layer13_out_read' <Predicate = true> <Delay = 1.83> <CoreInst = "FIFO_SRL">   --->   Core 80 'FIFO_SRL' <Latency = 0> <II = 1> <Delay = 1.83> <Storage> <Opcode : 'read' 'write' 'nbread' 'nbwrite'> <Ports = 0> <Width = 128> <Depth = 1> <FIFO>
ST_1 : Operation 4 [1/1] (0.00ns)   --->   "%data = partselect i8 @_ssdm_op_PartSelect.i8.i128.i32.i32, i128 %layer13_out_read, i32 16, i32 23" [firmware/nnet_utils/nnet_dense_stream.h:43->firmware/nnet_utils/nnet_dense_stream.h:93]   --->   Operation 4 'partselect' 'data' <Predicate = true> <Delay = 0.00>
ST_1 : Operation 5 [1/1] (0.00ns)   --->   "%data_4 = partselect i8 @_ssdm_op_PartSelect.i8.i128.i32.i32, i128 %layer13_out_read, i32 32, i32 39" [firmware/nnet_utils/nnet_dense_stream.h:43->firmware/nnet_utils/nnet_dense_stream.h:93]   --->   Operation 5 'partselect' 'data_4' <Predicate = true> <Delay = 0.00>

State 2 <SV = 1> <Delay = 4.04>
ST_2 : Operation 6 [1/1] (0.00ns)   --->   "%specinterface_ln0 = specinterface void @_ssdm_op_SpecInterface, i48 %stream_out0_layer15_out, void @empty_0, i32 0, i32 0, void @empty_13, i32 0, i32 0, void @empty_13, void @empty_13, void @empty_13, i32 0, i32 0, i32 0, i32 0, void @empty_13, void @empty_13, i32 4294967295, i32 0, i32 0, i32 0"   --->   Operation 6 'specinterface' 'specinterface_ln0' <Predicate = true> <Delay = 0.00>
ST_2 : Operation 7 [1/1] (0.00ns)   --->   "%specinterface_ln0 = specinterface void @_ssdm_op_SpecInterface, i48 %stream_out0_layer15_out, void @empty_0, i32 0, i32 0, void @empty_13, i32 0, i32 0, void @empty_13, void @empty_13, void @empty_13, i32 0, i32 0, i32 0, i32 0, void @empty_13, void @empty_13, i32 4294967295, i32 0, i32 0, i32 0"   --->   Operation 7 'specinterface' 'specinterface_ln0' <Predicate = true> <Delay = 0.00>
ST_2 : Operation 8 [1/1] (0.00ns)   --->   "%specinterface_ln0 = specinterface void @_ssdm_op_SpecInterface, i48 %stream_out0_layer15_out, void @empty_0, i32 0, i32 0, void @empty_13, i32 0, i32 0, void @empty_13, void @empty_13, void @empty_13, i32 0, i32 0, i32 0, i32 0, void @empty_13, void @empty_13, i32 4294967295, i32 0, i32 0, i32 0"   --->   Operation 8 'specinterface' 'specinterface_ln0' <Predicate = true> <Delay = 0.00>
ST_2 : Operation 9 [1/1] (0.00ns)   --->   "%specinterface_ln0 = specinterface void @_ssdm_op_SpecInterface, i128 %layer13_out, void @empty_0, i32 0, i32 0, void @empty_13, i32 0, i32 0, void @empty_13, void @empty_13, void @empty_13, i32 0, i32 0, i32 0, i32 0, void @empty_13, void @empty_13, i32 4294967295, i32 0, i32 0, i32 0"   --->   Operation 9 'specinterface' 'specinterface_ln0' <Predicate = true> <Delay = 0.00>
ST_2 : Operation 10 [1/1] (0.00ns)   --->   "%specinterface_ln0 = specinterface void @_ssdm_op_SpecInterface, i48 %stream_out0_layer15_out, void @empty_0, i32 0, i32 0, void @empty_13, i32 0, i32 0, void @empty_13, void @empty_13, void @empty_13, i32 0, i32 0, i32 0, i32 0, void @empty_13, void @empty_13, i32 4294967295, i32 0, i32 0, i32 0"   --->   Operation 10 'specinterface' 'specinterface_ln0' <Predicate = true> <Delay = 0.00>
ST_2 : Operation 11 [1/1] (2.39ns)   --->   "%call_ret_i = call i42 @dense_latency<ap_ufixed<8, 5, 0, 3, 0>, ap_fixed<14, 8, 5, 3, 0>, config15>, i8 %data, i8 %data_4" [firmware/nnet_utils/nnet_dense_stream.h:17->firmware/nnet_utils/nnet_dense_stream.h:95]   --->   Operation 11 'call' 'call_ret_i' <Predicate = true> <Delay = 2.39> <CoreType = "Generic">   --->   Generic Core
ST_2 : Operation 12 [1/1] (0.00ns)   --->   "%res = extractvalue i42 %call_ret_i" [firmware/nnet_utils/nnet_dense_stream.h:17->firmware/nnet_utils/nnet_dense_stream.h:95]   --->   Operation 12 'extractvalue' 'res' <Predicate = true> <Delay = 0.00>
ST_2 : Operation 13 [1/1] (0.00ns)   --->   "%res_3 = extractvalue i42 %call_ret_i" [firmware/nnet_utils/nnet_dense_stream.h:17->firmware/nnet_utils/nnet_dense_stream.h:95]   --->   Operation 13 'extractvalue' 'res_3' <Predicate = true> <Delay = 0.00>
ST_2 : Operation 14 [1/1] (0.00ns)   --->   "%res_4 = extractvalue i42 %call_ret_i" [firmware/nnet_utils/nnet_dense_stream.h:17->firmware/nnet_utils/nnet_dense_stream.h:95]   --->   Operation 14 'extractvalue' 'res_4' <Predicate = true> <Delay = 0.00>
ST_2 : Operation 15 [1/1] (0.00ns)   --->   "%tmp_i = bitconcatenate i46 @_ssdm_op_BitConcatenate.i46.i14.i2.i14.i2.i14, i14 %res_4, i2 0, i14 %res_3, i2 0, i14 %res" [firmware/nnet_utils/nnet_dense_stream.h:77->firmware/nnet_utils/nnet_dense_stream.h:100]   --->   Operation 15 'bitconcatenate' 'tmp_i' <Predicate = true> <Delay = 0.00>
ST_2 : Operation 16 [1/1] (0.00ns)   --->   "%zext_ln77 = zext i46 %tmp_i" [firmware/nnet_utils/nnet_dense_stream.h:77->firmware/nnet_utils/nnet_dense_stream.h:100]   --->   Operation 16 'zext' 'zext_ln77' <Predicate = true> <Delay = 0.00>
ST_2 : Operation 17 [1/1] ( I:1.64ns O:1.64ns )   --->   "%write_ln77 = write void @_ssdm_op_Write.ap_fifo.volatile.i48P0A, i48 %stream_out0_layer15_out, i48 %zext_ln77" [firmware/nnet_utils/nnet_dense_stream.h:77->firmware/nnet_utils/nnet_dense_stream.h:100]   --->   Operation 17 'write' 'write_ln77' <Predicate = true> <Delay = 1.64> <CoreInst = "FIFO">   --->   Core 77 'FIFO' <Latency = 0> <II = 1> <Delay = 1.64> <Storage> <Opcode : 'read' 'write' 'nbread' 'nbwrite'> <Ports = 0> <Width = 48> <Depth = 128> <FIFO>
ST_2 : Operation 18 [1/1] (0.00ns)   --->   "%ret_ln0 = ret"   --->   Operation 18 'ret' 'ret_ln0' <Predicate = true> <Delay = 0.00>


============================================================
+ Verbose Summary: Binding
============================================================
STG Binding: 
---------------- STG Properties BEGIN ----------------
- Is combinational: 0
- Is one-state seq: 0
- Is datapath-only: 0
- Is pipelined: 0
- Is top level: 0
Port [ Return ] is wired: 1; IO mode=ap_ctrl_hs:ce=0
Port [ layer13_out]:  wired=1; compound=1; hidden=0; nouse=0; global=0; static=0; extern=0; dir=0; type=3; pingpong=0; private_global=0; IO mode=ap_fifo:ce=0
Port [ stream_out0_layer15_out]:  wired=1; compound=1; hidden=0; nouse=0; global=1; static=1; extern=0; dir=1; type=3; pingpong=0; private_global=0; IO mode=ap_fifo:ce=0
---------------- STG Properties END ------------------

---------------- Datapath Model BEGIN ----------------

<LifeTime>
<method=bitvector/>
layer13_out_read  (read          ) [ 000]
data              (partselect    ) [ 001]
data_4            (partselect    ) [ 001]
specinterface_ln0 (specinterface ) [ 000]
specinterface_ln0 (specinterface ) [ 000]
specinterface_ln0 (specinterface ) [ 000]
specinterface_ln0 (specinterface ) [ 000]
specinterface_ln0 (specinterface ) [ 000]
call_ret_i        (call          ) [ 000]
res               (extractvalue  ) [ 000]
res_3             (extractvalue  ) [ 000]
res_4             (extractvalue  ) [ 000]
tmp_i             (bitconcatenate) [ 000]
zext_ln77         (zext          ) [ 000]
write_ln77        (write         ) [ 000]
ret_ln0           (ret           ) [ 000]
</LifeTime>

<model>

<comp_list>
<comp id="0" class="1000" name="layer13_out">
<pin_list>
<pin id="1" dir="1" index="0" bw="1" slack="0"/>
</pin_list>
<bind>
<StgValue><ssdm name="layer13_out"/></StgValue>
</bind>
</comp>

<comp id="2" class="1000" name="stream_out0_layer15_out">
<pin_list>
<pin id="3" dir="1" index="0" bw="1" slack="0"/>
</pin_list>
<bind>
<StgValue><ssdm name="stream_out0_layer15_out"/></StgValue>
</bind>
</comp>

<comp id="4" class="1001" name="const_4">
<pin_list>
<pin id="5" dir="1" index="0" bw="1" slack="0"/>
</pin_list>
<bind>
<StgValue><ssdm name="_ssdm_op_Read.ap_fifo.volatile.i128P0A"/></StgValue>
</bind>
</comp>

<comp id="6" class="1001" name="const_6">
<pin_list>
<pin id="7" dir="1" index="0" bw="1" slack="0"/>
</pin_list>
<bind>
<StgValue><ssdm name="_ssdm_op_PartSelect.i8.i128.i32.i32"/></StgValue>
</bind>
</comp>

<comp id="8" class="1001" name="const_8">
<pin_list>
<pin id="9" dir="1" index="0" bw="1" slack="0"/>
</pin_list>
<bind>
<StgValue><ssdm name=""/></StgValue>
</bind>
</comp>

<comp id="10" class="1001" name="const_10">
<pin_list>
<pin id="11" dir="1" index="0" bw="1" slack="0"/>
</pin_list>
<bind>
<StgValue><ssdm name=""/></StgValue>
</bind>
</comp>

<comp id="12" class="1001" name="const_12">
<pin_list>
<pin id="13" dir="1" index="0" bw="1" slack="0"/>
</pin_list>
<bind>
<StgValue><ssdm name=""/></StgValue>
</bind>
</comp>

<comp id="14" class="1001" name="const_14">
<pin_list>
<pin id="15" dir="1" index="0" bw="1" slack="0"/>
</pin_list>
<bind>
<StgValue><ssdm name=""/></StgValue>
</bind>
</comp>

<comp id="16" class="1001" name="const_16">
<pin_list>
<pin id="17" dir="1" index="0" bw="1" slack="2147483647"/>
</pin_list>
<bind>
<StgValue><ssdm name="_ssdm_op_SpecInterface"/></StgValue>
</bind>
</comp>

<comp id="18" class="1001" name="const_18">
<pin_list>
<pin id="19" dir="1" index="0" bw="1" slack="2147483647"/>
</pin_list>
<bind>
<StgValue><ssdm name="empty_0"/></StgValue>
</bind>
</comp>

<comp id="20" class="1001" name="const_20">
<pin_list>
<pin id="21" dir="1" index="0" bw="1" slack="2147483647"/>
</pin_list>
<bind>
<StgValue><ssdm name=""/></StgValue>
</bind>
</comp>

<comp id="22" class="1001" name="const_22">
<pin_list>
<pin id="23" dir="1" index="0" bw="1" slack="2147483647"/>
</pin_list>
<bind>
<StgValue><ssdm name="empty_13"/></StgValue>
</bind>
</comp>

<comp id="24" class="1001" name="const_24">
<pin_list>
<pin id="25" dir="1" index="0" bw="1" slack="2147483647"/>
</pin_list>
<bind>
<StgValue><ssdm name=""/></StgValue>
</bind>
</comp>

<comp id="26" class="1001" name="const_26">
<pin_list>
<pin id="27" dir="1" index="0" bw="1" slack="0"/>
</pin_list>
<bind>
<StgValue><ssdm name="dense_latency<ap_ufixed<8, 5, 0, 3, 0>, ap_fixed<14, 8, 5, 3, 0>, config15>"/></StgValue>
</bind>
</comp>

<comp id="28" class="1001" name="const_28">
<pin_list>
<pin id="29" dir="1" index="0" bw="1" slack="0"/>
</pin_list>
<bind>
<StgValue><ssdm name="_ssdm_op_BitConcatenate.i46.i14.i2.i14.i2.i14"/></StgValue>
</bind>
</comp>

<comp id="30" class="1001" name="const_30">
<pin_list>
<pin id="31" dir="1" index="0" bw="1" slack="0"/>
</pin_list>
<bind>
<StgValue><ssdm name=""/></StgValue>
</bind>
</comp>

<comp id="32" class="1001" name="const_32">
<pin_list>
<pin id="33" dir="1" index="0" bw="1" slack="0"/>
</pin_list>
<bind>
<StgValue><ssdm name="_ssdm_op_Write.ap_fifo.volatile.i48P0A"/></StgValue>
</bind>
</comp>

<comp id="34" class="1004" name="layer13_out_read_read_fu_34">
<pin_list>
<pin id="35" dir="0" index="0" bw="128" slack="0"/>
<pin id="36" dir="0" index="1" bw="128" slack="0"/>
<pin id="37" dir="1" index="2" bw="128" slack="0"/>
</pin_list>
<bind>
<opcode="read(1150) " fcode="read"/>
<opset="layer13_out_read/1 "/>
</bind>
</comp>

<comp id="40" class="1004" name="write_ln77_write_fu_40">
<pin_list>
<pin id="41" dir="0" index="0" bw="0" slack="0"/>
<pin id="42" dir="0" index="1" bw="48" slack="0"/>
<pin id="43" dir="0" index="2" bw="46" slack="0"/>
<pin id="44" dir="1" index="3" bw="0" slack="2147483647"/>
</pin_list>
<bind>
<opcode="write(1151) " fcode="write"/>
<opset="write_ln77/2 "/>
</bind>
</comp>

<comp id="47" class="1004" name="call_ret_i_dense_latency_ap_ufixed_8_5_0_3_0_ap_fixed_14_8_5_3_0_config15_s_fu_47">
<pin_list>
<pin id="48" dir="0" index="0" bw="42" slack="0"/>
<pin id="49" dir="0" index="1" bw="8" slack="1"/>
<pin id="50" dir="0" index="2" bw="8" slack="1"/>
<pin id="51" dir="1" index="3" bw="42" slack="0"/>
</pin_list>
<bind>
<opcode="call(48) " fcode="call"/>
<opset="call_ret_i/2 "/>
</bind>
</comp>

<comp id="53" class="1004" name="data_fu_53">
<pin_list>
<pin id="54" dir="0" index="0" bw="8" slack="0"/>
<pin id="55" dir="0" index="1" bw="128" slack="0"/>
<pin id="56" dir="0" index="2" bw="6" slack="0"/>
<pin id="57" dir="0" index="3" bw="6" slack="0"/>
<pin id="58" dir="1" index="4" bw="8" slack="1"/>
</pin_list>
<bind>
<opcode="partselect(1002) " fcode="partselect"/>
<opset="data/1 "/>
</bind>
</comp>

<comp id="63" class="1004" name="data_4_fu_63">
<pin_list>
<pin id="64" dir="0" index="0" bw="8" slack="0"/>
<pin id="65" dir="0" index="1" bw="128" slack="0"/>
<pin id="66" dir="0" index="2" bw="7" slack="0"/>
<pin id="67" dir="0" index="3" bw="7" slack="0"/>
<pin id="68" dir="1" index="4" bw="8" slack="1"/>
</pin_list>
<bind>
<opcode="partselect(1002) " fcode="partselect"/>
<opset="data_4/1 "/>
</bind>
</comp>

<comp id="73" class="1004" name="res_fu_73">
<pin_list>
<pin id="74" dir="0" index="0" bw="42" slack="0"/>
<pin id="75" dir="1" index="1" bw="14" slack="0"/>
</pin_list>
<bind>
<opcode="extractvalue(56) " fcode="extractvalue"/>
<opset="res/2 "/>
</bind>
</comp>

<comp id="77" class="1004" name="res_3_fu_77">
<pin_list>
<pin id="78" dir="0" index="0" bw="42" slack="0"/>
<pin id="79" dir="1" index="1" bw="14" slack="0"/>
</pin_list>
<bind>
<opcode="extractvalue(56) " fcode="extractvalue"/>
<opset="res_3/2 "/>
</bind>
</comp>

<comp id="81" class="1004" name="res_4_fu_81">
<pin_list>
<pin id="82" dir="0" index="0" bw="42" slack="0"/>
<pin id="83" dir="1" index="1" bw="14" slack="0"/>
</pin_list>
<bind>
<opcode="extractvalue(56) " fcode="extractvalue"/>
<opset="res_4/2 "/>
</bind>
</comp>

<comp id="85" class="1004" name="tmp_i_fu_85">
<pin_list>
<pin id="86" dir="0" index="0" bw="46" slack="0"/>
<pin id="87" dir="0" index="1" bw="14" slack="0"/>
<pin id="88" dir="0" index="2" bw="1" slack="0"/>
<pin id="89" dir="0" index="3" bw="14" slack="0"/>
<pin id="90" dir="0" index="4" bw="1" slack="0"/>
<pin id="91" dir="0" index="5" bw="14" slack="0"/>
<pin id="92" dir="1" index="6" bw="46" slack="0"/>
</pin_list>
<bind>
<opcode="bitconcatenate(1004) " fcode="bitconcatenate"/>
<opset="tmp_i/2 "/>
</bind>
</comp>

<comp id="99" class="1004" name="zext_ln77_fu_99">
<pin_list>
<pin id="100" dir="0" index="0" bw="46" slack="0"/>
<pin id="101" dir="1" index="1" bw="48" slack="0"/>
</pin_list>
<bind>
<opcode="zext(34) " fcode="zext"/>
<opset="zext_ln77/2 "/>
</bind>
</comp>

<comp id="104" class="1005" name="data_reg_104">
<pin_list>
<pin id="105" dir="0" index="0" bw="8" slack="1"/>
<pin id="106" dir="1" index="1" bw="8" slack="1"/>
</pin_list>
<bind>
<opset="data "/>
</bind>
</comp>

<comp id="109" class="1005" name="data_4_reg_109">
<pin_list>
<pin id="110" dir="0" index="0" bw="8" slack="1"/>
<pin id="111" dir="1" index="1" bw="8" slack="1"/>
</pin_list>
<bind>
<opset="data_4 "/>
</bind>
</comp>

</comp_list>

<net_list>
<net id="38"><net_src comp="4" pin="0"/><net_sink comp="34" pin=0"/></net>

<net id="39"><net_src comp="0" pin="0"/><net_sink comp="34" pin=1"/></net>

<net id="45"><net_src comp="32" pin="0"/><net_sink comp="40" pin=0"/></net>

<net id="46"><net_src comp="2" pin="0"/><net_sink comp="40" pin=1"/></net>

<net id="52"><net_src comp="26" pin="0"/><net_sink comp="47" pin=0"/></net>

<net id="59"><net_src comp="6" pin="0"/><net_sink comp="53" pin=0"/></net>

<net id="60"><net_src comp="34" pin="2"/><net_sink comp="53" pin=1"/></net>

<net id="61"><net_src comp="8" pin="0"/><net_sink comp="53" pin=2"/></net>

<net id="62"><net_src comp="10" pin="0"/><net_sink comp="53" pin=3"/></net>

<net id="69"><net_src comp="6" pin="0"/><net_sink comp="63" pin=0"/></net>

<net id="70"><net_src comp="34" pin="2"/><net_sink comp="63" pin=1"/></net>

<net id="71"><net_src comp="12" pin="0"/><net_sink comp="63" pin=2"/></net>

<net id="72"><net_src comp="14" pin="0"/><net_sink comp="63" pin=3"/></net>

<net id="76"><net_src comp="47" pin="3"/><net_sink comp="73" pin=0"/></net>

<net id="80"><net_src comp="47" pin="3"/><net_sink comp="77" pin=0"/></net>

<net id="84"><net_src comp="47" pin="3"/><net_sink comp="81" pin=0"/></net>

<net id="93"><net_src comp="28" pin="0"/><net_sink comp="85" pin=0"/></net>

<net id="94"><net_src comp="81" pin="1"/><net_sink comp="85" pin=1"/></net>

<net id="95"><net_src comp="30" pin="0"/><net_sink comp="85" pin=2"/></net>

<net id="96"><net_src comp="77" pin="1"/><net_sink comp="85" pin=3"/></net>

<net id="97"><net_src comp="30" pin="0"/><net_sink comp="85" pin=4"/></net>

<net id="98"><net_src comp="73" pin="1"/><net_sink comp="85" pin=5"/></net>

<net id="102"><net_src comp="85" pin="6"/><net_sink comp="99" pin=0"/></net>

<net id="103"><net_src comp="99" pin="1"/><net_sink comp="40" pin=2"/></net>

<net id="107"><net_src comp="53" pin="4"/><net_sink comp="104" pin=0"/></net>

<net id="108"><net_src comp="104" pin="1"/><net_sink comp="47" pin=1"/></net>

<net id="112"><net_src comp="63" pin="4"/><net_sink comp="109" pin=0"/></net>

<net id="113"><net_src comp="109" pin="1"/><net_sink comp="47" pin=2"/></net>

</net_list>

</model> 
---------------- Datapath Model END ------------------

* FSMD analyzer results:
  - Output states:
	Port: stream_out0_layer15_out | {2 }
 - Input state : 
	Port: dense<array<ap_ufixed,16u>,array<ap_fixed<14,8,5,3,0>,3u>,config15> : layer13_out | {1 }
  - Chain level:
	State 1
	State 2
		res : 1
		res_3 : 1
		res_4 : 1
		tmp_i : 2
		zext_ln77 : 3
		write_ln77 : 4


============================================================
+ Verbose Summary: Datapath Resource usage 
============================================================

* Functional unit list:
|----------|-----------------------------------------------------------------------------------|---------|---------|
| Operation|                                  Functional Unit                                  |    FF   |   LUT   |
|----------|-----------------------------------------------------------------------------------|---------|---------|
|   call   | call_ret_i_dense_latency_ap_ufixed_8_5_0_3_0_ap_fixed_14_8_5_3_0_config15_s_fu_47 |    0    |   156   |
|----------|-----------------------------------------------------------------------------------|---------|---------|
|   read   |                            layer13_out_read_read_fu_34                            |    0    |    0    |
|----------|-----------------------------------------------------------------------------------|---------|---------|
|   write  |                               write_ln77_write_fu_40                              |    0    |    0    |
|----------|-----------------------------------------------------------------------------------|---------|---------|
|partselect|                                     data_fu_53                                    |    0    |    0    |
|          |                                    data_4_fu_63                                   |    0    |    0    |
|----------|-----------------------------------------------------------------------------------|---------|---------|
|          |                                     res_fu_73                                     |    0    |    0    |
|extractvalue|                                    res_3_fu_77                                    |    0    |    0    |
|          |                                    res_4_fu_81                                    |    0    |    0    |
|----------|-----------------------------------------------------------------------------------|---------|---------|
|bitconcatenate|                                    tmp_i_fu_85                                    |    0    |    0    |
|----------|-----------------------------------------------------------------------------------|---------|---------|
|   zext   |                                  zext_ln77_fu_99                                  |    0    |    0    |
|----------|-----------------------------------------------------------------------------------|---------|---------|
|   Total  |                                                                                   |    0    |   156   |
|----------|-----------------------------------------------------------------------------------|---------|---------|

Memories:
N/A

* Register list:
+--------------+--------+
|              |   FF   |
+--------------+--------+
|data_4_reg_109|    8   |
| data_reg_104 |    8   |
+--------------+--------+
|     Total    |   16   |
+--------------+--------+

* Multiplexer (MUX) list: 
|--------|------|------|------|--------|
|  Comp  |  Pin | Size |  BW  | S x BW |
|--------|------|------|------|--------|
|  Total |      |      |      |    0   |
|--------|------|------|------|--------|



* Summary:
+-----------+--------+--------+
|           |   FF   |   LUT  |
+-----------+--------+--------+
|  Function |    0   |   156  |
|   Memory  |    -   |    -   |
|Multiplexer|    -   |    -   |
|  Register |   16   |    -   |
+-----------+--------+--------+
|   Total   |   16   |   156  |
+-----------+--------+--------+
