

================================================================
== Vitis HLS Report for 'dense_array_ap_fixed_60u_array_ap_fixed_15_12_5_3_0_128u_config3_s'
================================================================
* Date:           Thu May  7 11:41:31 2026

* Version:        2025.2 (Build 6295257 on Nov 14 2025)
* Project:        vitis_unified_project
* Solution:       hls (Vivado IP Flow Target)
* Product family: zynquplus
* Target device:  xck26-sfvc784-2LV-c


================================================================
== Performance Estimates
================================================================
+ Timing: 
    * Summary: 
    +--------+---------+----------+------------+
    |  Clock |  Target | Estimated| Uncertainty|
    +--------+---------+----------+------------+
    |ap_clk  |  5.00 ns|  3.837 ns|     0.62 ns|
    +--------+---------+----------+------------+

+ Latency: 
    * Summary: 
    +---------+---------+-----------+-----------+-----+-----+---------+
    |  Latency (cycles) |   Latency (absolute)  |  Interval | Pipeline|
    |   min   |   max   |    min    |    max    | min | max |   Type  |
    +---------+---------+-----------+-----------+-----+-----+---------+
    |        2|        2|  10.000 ns|  10.000 ns|    2|    2|       no|
    +---------+---------+-----------+-----------+-----+-----+---------+

    + Detail: 
        * Instance: 
        +-----------------------------------------------------------------------------------+------------------------------------------------------------------+---------+---------+----------+----------+-----+-----+---------+
        |                                                                                   |                                                                  |  Latency (cycles) |  Latency (absolute) |  Interval | Pipeline|
        |                                      Instance                                     |                              Module                              |   min   |   max   |    min   |    max   | min | max |   Type  |
        +-----------------------------------------------------------------------------------+------------------------------------------------------------------+---------+---------+----------+----------+-----+-----+---------+
        |call_ret_i_dense_latency_ap_fixed_10_7_0_3_0_ap_fixed_15_12_5_3_0_config3_s_fu_95  |dense_latency_ap_fixed_10_7_0_3_0_ap_fixed_15_12_5_3_0_config3_s  |        0|        0|      0 ns|      0 ns|    1|    1|      yes|
        +-----------------------------------------------------------------------------------+------------------------------------------------------------------+---------+---------+----------+----------+-----+-----+---------+

        * Loop: 
        N/A



================================================================
== Utilization Estimates
================================================================
* Summary: 
+-----------------+---------+------+--------+--------+-----+
|       Name      | BRAM_18K|  DSP |   FF   |   LUT  | URAM|
+-----------------+---------+------+--------+--------+-----+
|DSP              |        -|     -|       -|       -|    -|
|Expression       |        -|     -|       0|       2|    -|
|FIFO             |        -|     -|       -|       -|    -|
|Instance         |        -|     -|       0|    1062|    -|
|Memory           |        -|     -|       -|       -|    -|
|Multiplexer      |        -|     -|       0|      56|    -|
|Register         |        -|     -|     335|       -|    -|
+-----------------+---------+------+--------+--------+-----+
|Total            |        0|     0|     335|    1120|    0|
+-----------------+---------+------+--------+--------+-----+
|Available        |      288|  1248|  234240|  117120|   64|
+-----------------+---------+------+--------+--------+-----+
|Utilization (%)  |        0|     0|      ~0|      ~0|    0|
+-----------------+---------+------+--------+--------+-----+

+ Detail: 
    * Instance: 
    +-----------------------------------------------------------------------------------+------------------------------------------------------------------+---------+----+---+------+-----+
    |                                      Instance                                     |                              Module                              | BRAM_18K| DSP| FF|  LUT | URAM|
    +-----------------------------------------------------------------------------------+------------------------------------------------------------------+---------+----+---+------+-----+
    |call_ret_i_dense_latency_ap_fixed_10_7_0_3_0_ap_fixed_15_12_5_3_0_config3_s_fu_95  |dense_latency_ap_fixed_10_7_0_3_0_ap_fixed_15_12_5_3_0_config3_s  |        0|   0|  0|  1062|    0|
    +-----------------------------------------------------------------------------------+------------------------------------------------------------------+---------+----+---+------+-----+
    |Total                                                                              |                                                                  |        0|   0|  0|  1062|    0|
    +-----------------------------------------------------------------------------------+------------------------------------------------------------------+---------+----+---+------+-----+

    * DSP: 
    N/A

    * Memory: 
    N/A

    * FIFO: 
    N/A

    * Expression: 
    +-----------------+----------+----+---+----+------------+------------+
    |  Variable Name  | Operation| DSP| FF| LUT| Bitwidth P0| Bitwidth P1|
    +-----------------+----------+----+---+----+------------+------------+
    |ap_block_state1  |        or|   0|  0|   2|           1|           1|
    +-----------------+----------+----+---+----+------------+------------+
    |Total            |          |   0|  0|   2|           1|           1|
    +-----------------+----------+----+---+----+------------+------------+

    * Multiplexer: 
    +------------------------------+----+-----------+-----+-----------+
    |             Name             | LUT| Input Size| Bits| Total Bits|
    +------------------------------+----+-----------+-----+-----------+
    |ap_NS_fsm                     |  20|          4|    1|          4|
    |ap_done                       |   9|          2|    1|          2|
    |layer3_out_blk_n              |   9|          2|    1|          2|
    |real_start                    |   9|          2|    1|          2|
    |stream_in0_input_layer_blk_n  |   9|          2|    1|          2|
    +------------------------------+----+-----------+-----+-----------+
    |Total                         |  56|         12|    5|         12|
    +------------------------------+----+-----------+-----+-----------+

    * Register: 
    +-----------------+----+----+-----+-----------+
    |       Name      | FF | LUT| Bits| Const Bits|
    +-----------------+----+----+-----+-----------+
    |ap_CS_fsm        |   3|   0|    3|          0|
    |ap_done_reg      |   1|   0|    1|          0|
    |data_10_reg_408  |  10|   0|   10|          0|
    |data_11_reg_413  |  10|   0|   10|          0|
    |data_12_reg_418  |  10|   0|   10|          0|
    |data_13_reg_423  |  10|   0|   10|          0|
    |data_14_reg_428  |  10|   0|   10|          0|
    |data_15_reg_433  |  10|   0|   10|          0|
    |data_16_reg_438  |  10|   0|   10|          0|
    |data_17_reg_443  |  10|   0|   10|          0|
    |data_18_reg_448  |  10|   0|   10|          0|
    |data_19_reg_453  |  10|   0|   10|          0|
    |data_1_reg_363   |  10|   0|   10|          0|
    |data_20_reg_358  |  10|   0|   10|          0|
    |data_2_reg_368   |  10|   0|   10|          0|
    |data_3_reg_373   |  10|   0|   10|          0|
    |data_4_reg_378   |  10|   0|   10|          0|
    |data_5_reg_383   |  10|   0|   10|          0|
    |data_6_reg_388   |  10|   0|   10|          0|
    |data_7_reg_393   |  10|   0|   10|          0|
    |data_8_reg_398   |  10|   0|   10|          0|
    |data_9_reg_403   |  10|   0|   10|          0|
    |data_reg_353     |  10|   0|   10|          0|
    |res_1_reg_483    |  15|   0|   15|          0|
    |res_2_reg_488    |  15|   0|   15|          0|
    |res_3_reg_493    |  15|   0|   15|          0|
    |res_5_reg_463    |  15|   0|   15|          0|
    |res_6_reg_468    |  15|   0|   15|          0|
    |res_7_reg_473    |  15|   0|   15|          0|
    |res_8_reg_478    |  15|   0|   15|          0|
    |res_reg_458      |  15|   0|   15|          0|
    |start_once_reg   |   1|   0|    1|          0|
    +-----------------+----+----+-----+-----------+
    |Total            | 335|   0|  335|          0|
    +-----------------+----+----+-----+-----------+



================================================================
== Interface
================================================================
* Summary: 
+---------------------------------------+-----+------+------------+----------------------------------------------------------------------+--------------+
|               RTL Ports               | Dir | Bits |  Protocol  |                             Source Object                            |    C Type    |
+---------------------------------------+-----+------+------------+----------------------------------------------------------------------+--------------+
|ap_clk                                 |   in|     1|  ap_ctrl_hs|  dense<array<ap_fixed,60u>,array<ap_fixed<15,12,5,3,0>,128u>,config3>|  return value|
|ap_rst                                 |   in|     1|  ap_ctrl_hs|  dense<array<ap_fixed,60u>,array<ap_fixed<15,12,5,3,0>,128u>,config3>|  return value|
|ap_start                               |   in|     1|  ap_ctrl_hs|  dense<array<ap_fixed,60u>,array<ap_fixed<15,12,5,3,0>,128u>,config3>|  return value|
|start_full_n                           |   in|     1|  ap_ctrl_hs|  dense<array<ap_fixed,60u>,array<ap_fixed<15,12,5,3,0>,128u>,config3>|  return value|
|ap_done                                |  out|     1|  ap_ctrl_hs|  dense<array<ap_fixed,60u>,array<ap_fixed<15,12,5,3,0>,128u>,config3>|  return value|
|ap_continue                            |   in|     1|  ap_ctrl_hs|  dense<array<ap_fixed,60u>,array<ap_fixed<15,12,5,3,0>,128u>,config3>|  return value|
|ap_idle                                |  out|     1|  ap_ctrl_hs|  dense<array<ap_fixed,60u>,array<ap_fixed<15,12,5,3,0>,128u>,config3>|  return value|
|ap_ready                               |  out|     1|  ap_ctrl_hs|  dense<array<ap_fixed,60u>,array<ap_fixed<15,12,5,3,0>,128u>,config3>|  return value|
|start_out                              |  out|     1|  ap_ctrl_hs|  dense<array<ap_fixed,60u>,array<ap_fixed<15,12,5,3,0>,128u>,config3>|  return value|
|start_write                            |  out|     1|  ap_ctrl_hs|  dense<array<ap_fixed,60u>,array<ap_fixed<15,12,5,3,0>,128u>,config3>|  return value|
|layer3_out_din                         |  out|  1920|     ap_fifo|                                                            layer3_out|       pointer|
|layer3_out_full_n                      |   in|     1|     ap_fifo|                                                            layer3_out|       pointer|
|layer3_out_write                       |  out|     1|     ap_fifo|                                                            layer3_out|       pointer|
|layer3_out_num_data_valid              |   in|     2|     ap_fifo|                                                            layer3_out|       pointer|
|layer3_out_fifo_cap                    |   in|     2|     ap_fifo|                                                            layer3_out|       pointer|
|stream_in0_input_layer_dout            |   in|   960|     ap_fifo|                                                stream_in0_input_layer|       pointer|
|stream_in0_input_layer_empty_n         |   in|     1|     ap_fifo|                                                stream_in0_input_layer|       pointer|
|stream_in0_input_layer_read            |  out|     1|     ap_fifo|                                                stream_in0_input_layer|       pointer|
|stream_in0_input_layer_num_data_valid  |   in|     8|     ap_fifo|                                                stream_in0_input_layer|       pointer|
|stream_in0_input_layer_fifo_cap        |   in|     8|     ap_fifo|                                                stream_in0_input_layer|       pointer|
+---------------------------------------+-----+------+------------+----------------------------------------------------------------------+--------------+

============================================================
+ Verbose Summary: Synthesis Manager
============================================================
InlineROM: 1
ExposeGlobal: 0
============================================================
+ Verbose Summary: CDFG Model
============================================================
IsTopModel: 0
ResetActiveHigh: 1
IsCombinational: 2
IsDatapathOnly: 0
HasWiredReturn: 1
HasMFsm: 0
HasVarLatency: 1
IsPipeline: 0
IsRtlPipelined: 0
IsInstanceOverlapped: 0
IsDontTouch: 0
HasImplIP: 0
IsGatedGlobalClock: 0


============================================================
+ Verbose Summary: Schedule
============================================================
* Number of FSM states : 3
* Pipeline : 0
* Dataflow Pipeline: 0

* FSM state transitions: 
1 --> 2 
2 --> 3 
3 --> 

* FSM state operations: 

State 1 <SV = 0> <Delay = 1.64>
ST_1 : Operation 4 [1/1] ( I:1.64ns O:1.64ns )   --->   "%stream_in0_input_layer_read = read i960 @_ssdm_op_Read.ap_fifo.volatile.i960P0A, i960 %stream_in0_input_layer" [firmware/nnet_utils/nnet_dense_stream.h:43->firmware/nnet_utils/nnet_dense_stream.h:93]   --->   Operation 4 'read' 'stream_in0_input_layer_read' <Predicate = true> <Delay = 1.64> <CoreInst = "FIFO">   --->   Core 77 'FIFO' <Latency = 0> <II = 1> <Delay = 1.64> <Storage> <Opcode : 'read' 'write' 'nbread' 'nbwrite'> <Ports = 0> <Width = 960> <Depth = 128> <FIFO>
ST_1 : Operation 5 [1/1] (0.00ns)   --->   "%data = partselect i10 @_ssdm_op_PartSelect.i10.i960.i960, i960 %stream_in0_input_layer_read, i960 144" [firmware/nnet_utils/nnet_dense_stream.h:43->firmware/nnet_utils/nnet_dense_stream.h:93]   --->   Operation 5 'partselect' 'data' <Predicate = true> <Delay = 0.00>
ST_1 : Operation 6 [1/1] (0.00ns)   --->   "%data_20 = partselect i10 @_ssdm_op_PartSelect.i10.i960.i960, i960 %stream_in0_input_layer_read, i960 160" [firmware/nnet_utils/nnet_dense_stream.h:43->firmware/nnet_utils/nnet_dense_stream.h:93]   --->   Operation 6 'partselect' 'data_20' <Predicate = true> <Delay = 0.00>
ST_1 : Operation 7 [1/1] (0.00ns)   --->   "%data_1 = partselect i10 @_ssdm_op_PartSelect.i10.i960.i960, i960 %stream_in0_input_layer_read, i960 176" [firmware/nnet_utils/nnet_dense_stream.h:43->firmware/nnet_utils/nnet_dense_stream.h:93]   --->   Operation 7 'partselect' 'data_1' <Predicate = true> <Delay = 0.00>
ST_1 : Operation 8 [1/1] (0.00ns)   --->   "%data_2 = partselect i10 @_ssdm_op_PartSelect.i10.i960.i960, i960 %stream_in0_input_layer_read, i960 256" [firmware/nnet_utils/nnet_dense_stream.h:43->firmware/nnet_utils/nnet_dense_stream.h:93]   --->   Operation 8 'partselect' 'data_2' <Predicate = true> <Delay = 0.00>
ST_1 : Operation 9 [1/1] (0.00ns)   --->   "%data_3 = partselect i10 @_ssdm_op_PartSelect.i10.i960.i960, i960 %stream_in0_input_layer_read, i960 272" [firmware/nnet_utils/nnet_dense_stream.h:43->firmware/nnet_utils/nnet_dense_stream.h:93]   --->   Operation 9 'partselect' 'data_3' <Predicate = true> <Delay = 0.00>
ST_1 : Operation 10 [1/1] (0.00ns)   --->   "%data_4 = partselect i10 @_ssdm_op_PartSelect.i10.i960.i960, i960 %stream_in0_input_layer_read, i960 288" [firmware/nnet_utils/nnet_dense_stream.h:43->firmware/nnet_utils/nnet_dense_stream.h:93]   --->   Operation 10 'partselect' 'data_4' <Predicate = true> <Delay = 0.00>
ST_1 : Operation 11 [1/1] (0.00ns)   --->   "%data_5 = partselect i10 @_ssdm_op_PartSelect.i10.i960.i960, i960 %stream_in0_input_layer_read, i960 368" [firmware/nnet_utils/nnet_dense_stream.h:43->firmware/nnet_utils/nnet_dense_stream.h:93]   --->   Operation 11 'partselect' 'data_5' <Predicate = true> <Delay = 0.00>
ST_1 : Operation 12 [1/1] (0.00ns)   --->   "%data_6 = partselect i10 @_ssdm_op_PartSelect.i10.i960.i960, i960 %stream_in0_input_layer_read, i960 384" [firmware/nnet_utils/nnet_dense_stream.h:43->firmware/nnet_utils/nnet_dense_stream.h:93]   --->   Operation 12 'partselect' 'data_6' <Predicate = true> <Delay = 0.00>
ST_1 : Operation 13 [1/1] (0.00ns)   --->   "%data_7 = partselect i10 @_ssdm_op_PartSelect.i10.i960.i960, i960 %stream_in0_input_layer_read, i960 400" [firmware/nnet_utils/nnet_dense_stream.h:43->firmware/nnet_utils/nnet_dense_stream.h:93]   --->   Operation 13 'partselect' 'data_7' <Predicate = true> <Delay = 0.00>
ST_1 : Operation 14 [1/1] (0.00ns)   --->   "%data_8 = partselect i10 @_ssdm_op_PartSelect.i10.i960.i960, i960 %stream_in0_input_layer_read, i960 432" [firmware/nnet_utils/nnet_dense_stream.h:43->firmware/nnet_utils/nnet_dense_stream.h:93]   --->   Operation 14 'partselect' 'data_8' <Predicate = true> <Delay = 0.00>
ST_1 : Operation 15 [1/1] (0.00ns)   --->   "%data_9 = partselect i10 @_ssdm_op_PartSelect.i10.i960.i960, i960 %stream_in0_input_layer_read, i960 480" [firmware/nnet_utils/nnet_dense_stream.h:43->firmware/nnet_utils/nnet_dense_stream.h:93]   --->   Operation 15 'partselect' 'data_9' <Predicate = true> <Delay = 0.00>
ST_1 : Operation 16 [1/1] (0.00ns)   --->   "%data_10 = partselect i10 @_ssdm_op_PartSelect.i10.i960.i960, i960 %stream_in0_input_layer_read, i960 496" [firmware/nnet_utils/nnet_dense_stream.h:43->firmware/nnet_utils/nnet_dense_stream.h:93]   --->   Operation 16 'partselect' 'data_10' <Predicate = true> <Delay = 0.00>
ST_1 : Operation 17 [1/1] (0.00ns)   --->   "%data_11 = partselect i10 @_ssdm_op_PartSelect.i10.i960.i960, i960 %stream_in0_input_layer_read, i960 512" [firmware/nnet_utils/nnet_dense_stream.h:43->firmware/nnet_utils/nnet_dense_stream.h:93]   --->   Operation 17 'partselect' 'data_11' <Predicate = true> <Delay = 0.00>
ST_1 : Operation 18 [1/1] (0.00ns)   --->   "%data_12 = partselect i10 @_ssdm_op_PartSelect.i10.i960.i960, i960 %stream_in0_input_layer_read, i960 592" [firmware/nnet_utils/nnet_dense_stream.h:43->firmware/nnet_utils/nnet_dense_stream.h:93]   --->   Operation 18 'partselect' 'data_12' <Predicate = true> <Delay = 0.00>
ST_1 : Operation 19 [1/1] (0.00ns)   --->   "%data_13 = partselect i10 @_ssdm_op_PartSelect.i10.i960.i960, i960 %stream_in0_input_layer_read, i960 608" [firmware/nnet_utils/nnet_dense_stream.h:43->firmware/nnet_utils/nnet_dense_stream.h:93]   --->   Operation 19 'partselect' 'data_13' <Predicate = true> <Delay = 0.00>
ST_1 : Operation 20 [1/1] (0.00ns)   --->   "%data_14 = partselect i10 @_ssdm_op_PartSelect.i10.i960.i960, i960 %stream_in0_input_layer_read, i960 624" [firmware/nnet_utils/nnet_dense_stream.h:43->firmware/nnet_utils/nnet_dense_stream.h:93]   --->   Operation 20 'partselect' 'data_14' <Predicate = true> <Delay = 0.00>
ST_1 : Operation 21 [1/1] (0.00ns)   --->   "%data_15 = partselect i10 @_ssdm_op_PartSelect.i10.i960.i960, i960 %stream_in0_input_layer_read, i960 832" [firmware/nnet_utils/nnet_dense_stream.h:43->firmware/nnet_utils/nnet_dense_stream.h:93]   --->   Operation 21 'partselect' 'data_15' <Predicate = true> <Delay = 0.00>
ST_1 : Operation 22 [1/1] (0.00ns)   --->   "%data_16 = partselect i10 @_ssdm_op_PartSelect.i10.i960.i960, i960 %stream_in0_input_layer_read, i960 896" [firmware/nnet_utils/nnet_dense_stream.h:43->firmware/nnet_utils/nnet_dense_stream.h:93]   --->   Operation 22 'partselect' 'data_16' <Predicate = true> <Delay = 0.00>
ST_1 : Operation 23 [1/1] (0.00ns)   --->   "%data_17 = partselect i10 @_ssdm_op_PartSelect.i10.i960.i960, i960 %stream_in0_input_layer_read, i960 912" [firmware/nnet_utils/nnet_dense_stream.h:43->firmware/nnet_utils/nnet_dense_stream.h:93]   --->   Operation 23 'partselect' 'data_17' <Predicate = true> <Delay = 0.00>
ST_1 : Operation 24 [1/1] (0.00ns)   --->   "%data_18 = partselect i10 @_ssdm_op_PartSelect.i10.i960.i960, i960 %stream_in0_input_layer_read, i960 928" [firmware/nnet_utils/nnet_dense_stream.h:43->firmware/nnet_utils/nnet_dense_stream.h:93]   --->   Operation 24 'partselect' 'data_18' <Predicate = true> <Delay = 0.00>
ST_1 : Operation 25 [1/1] (0.00ns)   --->   "%data_19 = partselect i10 @_ssdm_op_PartSelect.i10.i960.i960, i960 %stream_in0_input_layer_read, i960 944" [firmware/nnet_utils/nnet_dense_stream.h:43->firmware/nnet_utils/nnet_dense_stream.h:93]   --->   Operation 25 'partselect' 'data_19' <Predicate = true> <Delay = 0.00>

State 2 <SV = 1> <Delay = 3.83>
ST_2 : Operation 26 [1/1] (3.83ns)   --->   "%call_ret_i = call i120 @dense_latency<ap_fixed<10, 7, 0, 3, 0>, ap_fixed<15, 12, 5, 3, 0>, config3>, i10 %data, i10 %data_20, i10 %data_1, i10 %data_2, i10 %data_3, i10 %data_4, i10 %data_5, i10 %data_6, i10 %data_7, i10 %data_8, i10 %data_9, i10 %data_10, i10 %data_11, i10 %data_12, i10 %data_13, i10 %data_14, i10 %data_15, i10 %data_16, i10 %data_17, i10 %data_18, i10 %data_19" [firmware/nnet_utils/nnet_dense_stream.h:17->firmware/nnet_utils/nnet_dense_stream.h:95]   --->   Operation 26 'call' 'call_ret_i' <Predicate = true> <Delay = 3.83> <CoreType = "Generic">   --->   Generic Core
ST_2 : Operation 27 [1/1] (0.00ns)   --->   "%res = extractvalue i120 %call_ret_i" [firmware/nnet_utils/nnet_dense_stream.h:17->firmware/nnet_utils/nnet_dense_stream.h:95]   --->   Operation 27 'extractvalue' 'res' <Predicate = true> <Delay = 0.00>
ST_2 : Operation 28 [1/1] (0.00ns)   --->   "%res_5 = extractvalue i120 %call_ret_i" [firmware/nnet_utils/nnet_dense_stream.h:17->firmware/nnet_utils/nnet_dense_stream.h:95]   --->   Operation 28 'extractvalue' 'res_5' <Predicate = true> <Delay = 0.00>
ST_2 : Operation 29 [1/1] (0.00ns)   --->   "%res_6 = extractvalue i120 %call_ret_i" [firmware/nnet_utils/nnet_dense_stream.h:17->firmware/nnet_utils/nnet_dense_stream.h:95]   --->   Operation 29 'extractvalue' 'res_6' <Predicate = true> <Delay = 0.00>
ST_2 : Operation 30 [1/1] (0.00ns)   --->   "%res_7 = extractvalue i120 %call_ret_i" [firmware/nnet_utils/nnet_dense_stream.h:17->firmware/nnet_utils/nnet_dense_stream.h:95]   --->   Operation 30 'extractvalue' 'res_7' <Predicate = true> <Delay = 0.00>
ST_2 : Operation 31 [1/1] (0.00ns)   --->   "%res_8 = extractvalue i120 %call_ret_i" [firmware/nnet_utils/nnet_dense_stream.h:17->firmware/nnet_utils/nnet_dense_stream.h:95]   --->   Operation 31 'extractvalue' 'res_8' <Predicate = true> <Delay = 0.00>
ST_2 : Operation 32 [1/1] (0.00ns)   --->   "%res_1 = extractvalue i120 %call_ret_i" [firmware/nnet_utils/nnet_dense_stream.h:17->firmware/nnet_utils/nnet_dense_stream.h:95]   --->   Operation 32 'extractvalue' 'res_1' <Predicate = true> <Delay = 0.00>
ST_2 : Operation 33 [1/1] (0.00ns)   --->   "%res_2 = extractvalue i120 %call_ret_i" [firmware/nnet_utils/nnet_dense_stream.h:17->firmware/nnet_utils/nnet_dense_stream.h:95]   --->   Operation 33 'extractvalue' 'res_2' <Predicate = true> <Delay = 0.00>
ST_2 : Operation 34 [1/1] (0.00ns)   --->   "%res_3 = extractvalue i120 %call_ret_i" [firmware/nnet_utils/nnet_dense_stream.h:17->firmware/nnet_utils/nnet_dense_stream.h:95]   --->   Operation 34 'extractvalue' 'res_3' <Predicate = true> <Delay = 0.00>

State 3 <SV = 2> <Delay = 1.83>
ST_3 : Operation 35 [1/1] (0.00ns)   --->   "%specinterface_ln0 = specinterface void @_ssdm_op_SpecInterface, i960 %stream_in0_input_layer, void @empty_0, i32 0, i32 0, void @empty_13, i32 0, i32 0, void @empty_13, void @empty_13, void @empty_13, i32 0, i32 0, i32 0, i32 0, void @empty_13, void @empty_13, i32 4294967295, i32 0, i32 0, i32 0"   --->   Operation 35 'specinterface' 'specinterface_ln0' <Predicate = true> <Delay = 0.00>
ST_3 : Operation 36 [1/1] (0.00ns)   --->   "%specinterface_ln0 = specinterface void @_ssdm_op_SpecInterface, i960 %stream_in0_input_layer, void @empty_0, i32 0, i32 0, void @empty_13, i32 0, i32 0, void @empty_13, void @empty_13, void @empty_13, i32 0, i32 0, i32 0, i32 0, void @empty_13, void @empty_13, i32 4294967295, i32 0, i32 0, i32 0"   --->   Operation 36 'specinterface' 'specinterface_ln0' <Predicate = true> <Delay = 0.00>
ST_3 : Operation 37 [1/1] (0.00ns)   --->   "%specinterface_ln0 = specinterface void @_ssdm_op_SpecInterface, i960 %stream_in0_input_layer, void @empty_0, i32 0, i32 0, void @empty_13, i32 0, i32 0, void @empty_13, void @empty_13, void @empty_13, i32 0, i32 0, i32 0, i32 0, void @empty_13, void @empty_13, i32 4294967295, i32 0, i32 0, i32 0"   --->   Operation 37 'specinterface' 'specinterface_ln0' <Predicate = true> <Delay = 0.00>
ST_3 : Operation 38 [1/1] (0.00ns)   --->   "%specinterface_ln0 = specinterface void @_ssdm_op_SpecInterface, i1920 %layer3_out, void @empty_0, i32 0, i32 0, void @empty_13, i32 0, i32 0, void @empty_13, void @empty_13, void @empty_13, i32 0, i32 0, i32 0, i32 0, void @empty_13, void @empty_13, i32 4294967295, i32 0, i32 0, i32 0"   --->   Operation 38 'specinterface' 'specinterface_ln0' <Predicate = true> <Delay = 0.00>
ST_3 : Operation 39 [1/1] (0.00ns)   --->   "%specinterface_ln0 = specinterface void @_ssdm_op_SpecInterface, i960 %stream_in0_input_layer, void @empty_0, i32 0, i32 0, void @empty_13, i32 0, i32 0, void @empty_13, void @empty_13, void @empty_13, i32 0, i32 0, i32 0, i32 0, void @empty_13, void @empty_13, i32 4294967295, i32 0, i32 0, i32 0"   --->   Operation 39 'specinterface' 'specinterface_ln0' <Predicate = true> <Delay = 0.00>
ST_3 : Operation 40 [1/1] (0.00ns)   --->   "%or_ln77_151_i = bitconcatenate i1845 @_ssdm_op_BitConcatenate.i1845.i15.i15.i15.i225.i15.i240.i15.i465.i15.i45.i15.i165.i15.i210.i15.i360, i15 %res_3, i15 0, i15 %res_2, i225 0, i15 %res_1, i240 0, i15 %res_8, i465 0, i15 %res_7, i45 0, i15 %res_6, i165 0, i15 %res_5, i210 0, i15 %res, i360 0" [firmware/nnet_utils/nnet_dense_stream.h:77->firmware/nnet_utils/nnet_dense_stream.h:100]   --->   Operation 40 'bitconcatenate' 'or_ln77_151_i' <Predicate = true> <Delay = 0.00>
ST_3 : Operation 41 [1/1] (0.00ns)   --->   "%zext_ln77 = zext i1845 %or_ln77_151_i" [firmware/nnet_utils/nnet_dense_stream.h:77->firmware/nnet_utils/nnet_dense_stream.h:100]   --->   Operation 41 'zext' 'zext_ln77' <Predicate = true> <Delay = 0.00>
ST_3 : Operation 42 [1/1] ( I:1.83ns O:1.83ns )   --->   "%write_ln77 = write void @_ssdm_op_Write.ap_fifo.volatile.i1920P0A, i1920 %layer3_out, i1920 %zext_ln77" [firmware/nnet_utils/nnet_dense_stream.h:77->firmware/nnet_utils/nnet_dense_stream.h:100]   --->   Operation 42 'write' 'write_ln77' <Predicate = true> <Delay = 1.83> <CoreInst = "FIFO_SRL">   --->   Core 80 'FIFO_SRL' <Latency = 0> <II = 1> <Delay = 1.83> <Storage> <Opcode : 'read' 'write' 'nbread' 'nbwrite'> <Ports = 0> <Width = 1920> <Depth = 1> <FIFO>
ST_3 : Operation 43 [1/1] (0.00ns)   --->   "%ret_ln0 = ret"   --->   Operation 43 'ret' 'ret_ln0' <Predicate = true> <Delay = 0.00>


============================================================
+ Verbose Summary: Binding
============================================================
STG Binding: 
---------------- STG Properties BEGIN ----------------
- Is combinational: 0
- Is one-state seq: 0
- Is datapath-only: 0
- Is pipelined: 0
- Is top level: 0
Port [ Return ] is wired: 1; IO mode=ap_ctrl_hs:ce=0
Port [ layer3_out]:  wired=1; compound=1; hidden=0; nouse=0; global=0; static=0; extern=0; dir=1; type=3; pingpong=0; private_global=0; IO mode=ap_fifo:ce=0
Port [ stream_in0_input_layer]:  wired=1; compound=1; hidden=0; nouse=0; global=1; static=1; extern=0; dir=0; type=3; pingpong=0; private_global=0; IO mode=ap_fifo:ce=0
---------------- STG Properties END ------------------

---------------- Datapath Model BEGIN ----------------

<LifeTime>
<method=bitvector/>
stream_in0_input_layer_read (read          ) [ 0000]
data                        (partselect    ) [ 0010]
data_20                     (partselect    ) [ 0010]
data_1                      (partselect    ) [ 0010]
data_2                      (partselect    ) [ 0010]
data_3                      (partselect    ) [ 0010]
data_4                      (partselect    ) [ 0010]
data_5                      (partselect    ) [ 0010]
data_6                      (partselect    ) [ 0010]
data_7                      (partselect    ) [ 0010]
data_8                      (partselect    ) [ 0010]
data_9                      (partselect    ) [ 0010]
data_10                     (partselect    ) [ 0010]
data_11                     (partselect    ) [ 0010]
data_12                     (partselect    ) [ 0010]
data_13                     (partselect    ) [ 0010]
data_14                     (partselect    ) [ 0010]
data_15                     (partselect    ) [ 0010]
data_16                     (partselect    ) [ 0010]
data_17                     (partselect    ) [ 0010]
data_18                     (partselect    ) [ 0010]
data_19                     (partselect    ) [ 0010]
call_ret_i                  (call          ) [ 0000]
res                         (extractvalue  ) [ 0001]
res_5                       (extractvalue  ) [ 0001]
res_6                       (extractvalue  ) [ 0001]
res_7                       (extractvalue  ) [ 0001]
res_8                       (extractvalue  ) [ 0001]
res_1                       (extractvalue  ) [ 0001]
res_2                       (extractvalue  ) [ 0001]
res_3                       (extractvalue  ) [ 0001]
specinterface_ln0           (specinterface ) [ 0000]
specinterface_ln0           (specinterface ) [ 0000]
specinterface_ln0           (specinterface ) [ 0000]
specinterface_ln0           (specinterface ) [ 0000]
specinterface_ln0           (specinterface ) [ 0000]
or_ln77_151_i               (bitconcatenate) [ 0000]
zext_ln77                   (zext          ) [ 0000]
write_ln77                  (write         ) [ 0000]
ret_ln0                     (ret           ) [ 0000]
</LifeTime>

<model>

<comp_list>
<comp id="0" class="1000" name="layer3_out">
<pin_list>
<pin id="1" dir="1" index="0" bw="1" slack="0"/>
</pin_list>
<bind>
<StgValue><ssdm name="layer3_out"/></StgValue>
</bind>
</comp>

<comp id="2" class="1000" name="stream_in0_input_layer">
<pin_list>
<pin id="3" dir="1" index="0" bw="1" slack="0"/>
</pin_list>
<bind>
<StgValue><ssdm name="stream_in0_input_layer"/></StgValue>
</bind>
</comp>

<comp id="4" class="1001" name="const_4">
<pin_list>
<pin id="5" dir="1" index="0" bw="1" slack="0"/>
</pin_list>
<bind>
<StgValue><ssdm name="_ssdm_op_Read.ap_fifo.volatile.i960P0A"/></StgValue>
</bind>
</comp>

<comp id="6" class="1001" name="const_6">
<pin_list>
<pin id="7" dir="1" index="0" bw="1" slack="0"/>
</pin_list>
<bind>
<StgValue><ssdm name="_ssdm_op_PartSelect.i10.i960.i960"/></StgValue>
</bind>
</comp>

<comp id="8" class="1001" name="const_8">
<pin_list>
<pin id="9" dir="1" index="0" bw="1" slack="0"/>
</pin_list>
<bind>
<StgValue><ssdm name=""/></StgValue>
</bind>
</comp>

<comp id="10" class="1001" name="const_10">
<pin_list>
<pin id="11" dir="1" index="0" bw="1" slack="0"/>
</pin_list>
<bind>
<StgValue><ssdm name=""/></StgValue>
</bind>
</comp>

<comp id="12" class="1001" name="const_12">
<pin_list>
<pin id="13" dir="1" index="0" bw="1" slack="0"/>
</pin_list>
<bind>
<StgValue><ssdm name=""/></StgValue>
</bind>
</comp>

<comp id="14" class="1001" name="const_14">
<pin_list>
<pin id="15" dir="1" index="0" bw="1" slack="0"/>
</pin_list>
<bind>
<StgValue><ssdm name=""/></StgValue>
</bind>
</comp>

<comp id="16" class="1001" name="const_16">
<pin_list>
<pin id="17" dir="1" index="0" bw="1" slack="0"/>
</pin_list>
<bind>
<StgValue><ssdm name=""/></StgValue>
</bind>
</comp>

<comp id="18" class="1001" name="const_18">
<pin_list>
<pin id="19" dir="1" index="0" bw="1" slack="0"/>
</pin_list>
<bind>
<StgValue><ssdm name=""/></StgValue>
</bind>
</comp>

<comp id="20" class="1001" name="const_20">
<pin_list>
<pin id="21" dir="1" index="0" bw="1" slack="0"/>
</pin_list>
<bind>
<StgValue><ssdm name=""/></StgValue>
</bind>
</comp>

<comp id="22" class="1001" name="const_22">
<pin_list>
<pin id="23" dir="1" index="0" bw="1" slack="0"/>
</pin_list>
<bind>
<StgValue><ssdm name=""/></StgValue>
</bind>
</comp>

<comp id="24" class="1001" name="const_24">
<pin_list>
<pin id="25" dir="1" index="0" bw="1" slack="0"/>
</pin_list>
<bind>
<StgValue><ssdm name=""/></StgValue>
</bind>
</comp>

<comp id="26" class="1001" name="const_26">
<pin_list>
<pin id="27" dir="1" index="0" bw="1" slack="0"/>
</pin_list>
<bind>
<StgValue><ssdm name=""/></StgValue>
</bind>
</comp>

<comp id="28" class="1001" name="const_28">
<pin_list>
<pin id="29" dir="1" index="0" bw="1" slack="0"/>
</pin_list>
<bind>
<StgValue><ssdm name=""/></StgValue>
</bind>
</comp>

<comp id="30" class="1001" name="const_30">
<pin_list>
<pin id="31" dir="1" index="0" bw="1" slack="0"/>
</pin_list>
<bind>
<StgValue><ssdm name=""/></StgValue>
</bind>
</comp>

<comp id="32" class="1001" name="const_32">
<pin_list>
<pin id="33" dir="1" index="0" bw="1" slack="0"/>
</pin_list>
<bind>
<StgValue><ssdm name=""/></StgValue>
</bind>
</comp>

<comp id="34" class="1001" name="const_34">
<pin_list>
<pin id="35" dir="1" index="0" bw="1" slack="0"/>
</pin_list>
<bind>
<StgValue><ssdm name=""/></StgValue>
</bind>
</comp>

<comp id="36" class="1001" name="const_36">
<pin_list>
<pin id="37" dir="1" index="0" bw="1" slack="0"/>
</pin_list>
<bind>
<StgValue><ssdm name=""/></StgValue>
</bind>
</comp>

<comp id="38" class="1001" name="const_38">
<pin_list>
<pin id="39" dir="1" index="0" bw="1" slack="0"/>
</pin_list>
<bind>
<StgValue><ssdm name=""/></StgValue>
</bind>
</comp>

<comp id="40" class="1001" name="const_40">
<pin_list>
<pin id="41" dir="1" index="0" bw="1" slack="0"/>
</pin_list>
<bind>
<StgValue><ssdm name=""/></StgValue>
</bind>
</comp>

<comp id="42" class="1001" name="const_42">
<pin_list>
<pin id="43" dir="1" index="0" bw="1" slack="0"/>
</pin_list>
<bind>
<StgValue><ssdm name=""/></StgValue>
</bind>
</comp>

<comp id="44" class="1001" name="const_44">
<pin_list>
<pin id="45" dir="1" index="0" bw="1" slack="0"/>
</pin_list>
<bind>
<StgValue><ssdm name=""/></StgValue>
</bind>
</comp>

<comp id="46" class="1001" name="const_46">
<pin_list>
<pin id="47" dir="1" index="0" bw="1" slack="0"/>
</pin_list>
<bind>
<StgValue><ssdm name=""/></StgValue>
</bind>
</comp>

<comp id="48" class="1001" name="const_48">
<pin_list>
<pin id="49" dir="1" index="0" bw="1" slack="0"/>
</pin_list>
<bind>
<StgValue><ssdm name=""/></StgValue>
</bind>
</comp>

<comp id="50" class="1001" name="const_50">
<pin_list>
<pin id="51" dir="1" index="0" bw="1" slack="0"/>
</pin_list>
<bind>
<StgValue><ssdm name="dense_latency<ap_fixed<10, 7, 0, 3, 0>, ap_fixed<15, 12, 5, 3, 0>, config3>"/></StgValue>
</bind>
</comp>

<comp id="52" class="1001" name="const_52">
<pin_list>
<pin id="53" dir="1" index="0" bw="1" slack="2147483647"/>
</pin_list>
<bind>
<StgValue><ssdm name="_ssdm_op_SpecInterface"/></StgValue>
</bind>
</comp>

<comp id="54" class="1001" name="const_54">
<pin_list>
<pin id="55" dir="1" index="0" bw="1" slack="2147483647"/>
</pin_list>
<bind>
<StgValue><ssdm name="empty_0"/></StgValue>
</bind>
</comp>

<comp id="56" class="1001" name="const_56">
<pin_list>
<pin id="57" dir="1" index="0" bw="1" slack="2147483647"/>
</pin_list>
<bind>
<StgValue><ssdm name=""/></StgValue>
</bind>
</comp>

<comp id="58" class="1001" name="const_58">
<pin_list>
<pin id="59" dir="1" index="0" bw="1" slack="2147483647"/>
</pin_list>
<bind>
<StgValue><ssdm name="empty_13"/></StgValue>
</bind>
</comp>

<comp id="60" class="1001" name="const_60">
<pin_list>
<pin id="61" dir="1" index="0" bw="1" slack="2147483647"/>
</pin_list>
<bind>
<StgValue><ssdm name=""/></StgValue>
</bind>
</comp>

<comp id="62" class="1001" name="const_62">
<pin_list>
<pin id="63" dir="1" index="0" bw="1" slack="0"/>
</pin_list>
<bind>
<StgValue><ssdm name="_ssdm_op_BitConcatenate.i1845.i15.i15.i15.i225.i15.i240.i15.i465.i15.i45.i15.i165.i15.i210.i15.i360"/></StgValue>
</bind>
</comp>

<comp id="64" class="1001" name="const_64">
<pin_list>
<pin id="65" dir="1" index="0" bw="1" slack="0"/>
</pin_list>
<bind>
<StgValue><ssdm name=""/></StgValue>
</bind>
</comp>

<comp id="66" class="1001" name="const_66">
<pin_list>
<pin id="67" dir="1" index="0" bw="1" slack="0"/>
</pin_list>
<bind>
<StgValue><ssdm name=""/></StgValue>
</bind>
</comp>

<comp id="68" class="1001" name="const_68">
<pin_list>
<pin id="69" dir="1" index="0" bw="1" slack="0"/>
</pin_list>
<bind>
<StgValue><ssdm name=""/></StgValue>
</bind>
</comp>

<comp id="70" class="1001" name="const_70">
<pin_list>
<pin id="71" dir="1" index="0" bw="1" slack="0"/>
</pin_list>
<bind>
<StgValue><ssdm name=""/></StgValue>
</bind>
</comp>

<comp id="72" class="1001" name="const_72">
<pin_list>
<pin id="73" dir="1" index="0" bw="1" slack="0"/>
</pin_list>
<bind>
<StgValue><ssdm name=""/></StgValue>
</bind>
</comp>

<comp id="74" class="1001" name="const_74">
<pin_list>
<pin id="75" dir="1" index="0" bw="1" slack="0"/>
</pin_list>
<bind>
<StgValue><ssdm name=""/></StgValue>
</bind>
</comp>

<comp id="76" class="1001" name="const_76">
<pin_list>
<pin id="77" dir="1" index="0" bw="1" slack="0"/>
</pin_list>
<bind>
<StgValue><ssdm name=""/></StgValue>
</bind>
</comp>

<comp id="78" class="1001" name="const_78">
<pin_list>
<pin id="79" dir="1" index="0" bw="1" slack="0"/>
</pin_list>
<bind>
<StgValue><ssdm name=""/></StgValue>
</bind>
</comp>

<comp id="80" class="1001" name="const_80">
<pin_list>
<pin id="81" dir="1" index="0" bw="1" slack="0"/>
</pin_list>
<bind>
<StgValue><ssdm name="_ssdm_op_Write.ap_fifo.volatile.i1920P0A"/></StgValue>
</bind>
</comp>

<comp id="82" class="1004" name="stream_in0_input_layer_read_read_fu_82">
<pin_list>
<pin id="83" dir="0" index="0" bw="960" slack="0"/>
<pin id="84" dir="0" index="1" bw="960" slack="0"/>
<pin id="85" dir="1" index="2" bw="960" slack="0"/>
</pin_list>
<bind>
<opcode="read(1150) " fcode="read"/>
<opset="stream_in0_input_layer_read/1 "/>
</bind>
</comp>

<comp id="88" class="1004" name="write_ln77_write_fu_88">
<pin_list>
<pin id="89" dir="0" index="0" bw="0" slack="0"/>
<pin id="90" dir="0" index="1" bw="1920" slack="0"/>
<pin id="91" dir="0" index="2" bw="1845" slack="0"/>
<pin id="92" dir="1" index="3" bw="0" slack="2147483647"/>
</pin_list>
<bind>
<opcode="write(1151) " fcode="write"/>
<opset="write_ln77/3 "/>
</bind>
</comp>

<comp id="95" class="1004" name="call_ret_i_dense_latency_ap_fixed_10_7_0_3_0_ap_fixed_15_12_5_3_0_config3_s_fu_95">
<pin_list>
<pin id="96" dir="0" index="0" bw="120" slack="0"/>
<pin id="97" dir="0" index="1" bw="10" slack="1"/>
<pin id="98" dir="0" index="2" bw="10" slack="1"/>
<pin id="99" dir="0" index="3" bw="10" slack="1"/>
<pin id="100" dir="0" index="4" bw="10" slack="1"/>
<pin id="101" dir="0" index="5" bw="10" slack="1"/>
<pin id="102" dir="0" index="6" bw="10" slack="1"/>
<pin id="103" dir="0" index="7" bw="10" slack="1"/>
<pin id="104" dir="0" index="8" bw="10" slack="1"/>
<pin id="105" dir="0" index="9" bw="10" slack="1"/>
<pin id="106" dir="0" index="10" bw="10" slack="1"/>
<pin id="107" dir="0" index="11" bw="10" slack="1"/>
<pin id="108" dir="0" index="12" bw="10" slack="1"/>
<pin id="109" dir="0" index="13" bw="10" slack="1"/>
<pin id="110" dir="0" index="14" bw="10" slack="1"/>
<pin id="111" dir="0" index="15" bw="10" slack="1"/>
<pin id="112" dir="0" index="16" bw="10" slack="1"/>
<pin id="113" dir="0" index="17" bw="10" slack="1"/>
<pin id="114" dir="0" index="18" bw="10" slack="1"/>
<pin id="115" dir="0" index="19" bw="10" slack="1"/>
<pin id="116" dir="0" index="20" bw="10" slack="1"/>
<pin id="117" dir="0" index="21" bw="10" slack="1"/>
<pin id="118" dir="1" index="22" bw="120" slack="0"/>
</pin_list>
<bind>
<opcode="call(48) " fcode="call"/>
<opset="call_ret_i/2 "/>
</bind>
</comp>

<comp id="120" class="1004" name="data_fu_120">
<pin_list>
<pin id="121" dir="0" index="0" bw="10" slack="0"/>
<pin id="122" dir="0" index="1" bw="960" slack="0"/>
<pin id="123" dir="0" index="2" bw="9" slack="0"/>
<pin id="124" dir="1" index="3" bw="10" slack="1"/>
</pin_list>
<bind>
<opcode="partselect(1002) " fcode="partselect"/>
<opset="data/1 "/>
</bind>
</comp>

<comp id="128" class="1004" name="data_20_fu_128">
<pin_list>
<pin id="129" dir="0" index="0" bw="10" slack="0"/>
<pin id="130" dir="0" index="1" bw="960" slack="0"/>
<pin id="131" dir="0" index="2" bw="9" slack="0"/>
<pin id="132" dir="1" index="3" bw="10" slack="1"/>
</pin_list>
<bind>
<opcode="partselect(1002) " fcode="partselect"/>
<opset="data_20/1 "/>
</bind>
</comp>

<comp id="136" class="1004" name="data_1_fu_136">
<pin_list>
<pin id="137" dir="0" index="0" bw="10" slack="0"/>
<pin id="138" dir="0" index="1" bw="960" slack="0"/>
<pin id="139" dir="0" index="2" bw="9" slack="0"/>
<pin id="140" dir="1" index="3" bw="10" slack="1"/>
</pin_list>
<bind>
<opcode="partselect(1002) " fcode="partselect"/>
<opset="data_1/1 "/>
</bind>
</comp>

<comp id="144" class="1004" name="data_2_fu_144">
<pin_list>
<pin id="145" dir="0" index="0" bw="10" slack="0"/>
<pin id="146" dir="0" index="1" bw="960" slack="0"/>
<pin id="147" dir="0" index="2" bw="10" slack="0"/>
<pin id="148" dir="1" index="3" bw="10" slack="1"/>
</pin_list>
<bind>
<opcode="partselect(1002) " fcode="partselect"/>
<opset="data_2/1 "/>
</bind>
</comp>

<comp id="152" class="1004" name="data_3_fu_152">
<pin_list>
<pin id="153" dir="0" index="0" bw="10" slack="0"/>
<pin id="154" dir="0" index="1" bw="960" slack="0"/>
<pin id="155" dir="0" index="2" bw="10" slack="0"/>
<pin id="156" dir="1" index="3" bw="10" slack="1"/>
</pin_list>
<bind>
<opcode="partselect(1002) " fcode="partselect"/>
<opset="data_3/1 "/>
</bind>
</comp>

<comp id="160" class="1004" name="data_4_fu_160">
<pin_list>
<pin id="161" dir="0" index="0" bw="10" slack="0"/>
<pin id="162" dir="0" index="1" bw="960" slack="0"/>
<pin id="163" dir="0" index="2" bw="10" slack="0"/>
<pin id="164" dir="1" index="3" bw="10" slack="1"/>
</pin_list>
<bind>
<opcode="partselect(1002) " fcode="partselect"/>
<opset="data_4/1 "/>
</bind>
</comp>

<comp id="168" class="1004" name="data_5_fu_168">
<pin_list>
<pin id="169" dir="0" index="0" bw="10" slack="0"/>
<pin id="170" dir="0" index="1" bw="960" slack="0"/>
<pin id="171" dir="0" index="2" bw="10" slack="0"/>
<pin id="172" dir="1" index="3" bw="10" slack="1"/>
</pin_list>
<bind>
<opcode="partselect(1002) " fcode="partselect"/>
<opset="data_5/1 "/>
</bind>
</comp>

<comp id="176" class="1004" name="data_6_fu_176">
<pin_list>
<pin id="177" dir="0" index="0" bw="10" slack="0"/>
<pin id="178" dir="0" index="1" bw="960" slack="0"/>
<pin id="179" dir="0" index="2" bw="10" slack="0"/>
<pin id="180" dir="1" index="3" bw="10" slack="1"/>
</pin_list>
<bind>
<opcode="partselect(1002) " fcode="partselect"/>
<opset="data_6/1 "/>
</bind>
</comp>

<comp id="184" class="1004" name="data_7_fu_184">
<pin_list>
<pin id="185" dir="0" index="0" bw="10" slack="0"/>
<pin id="186" dir="0" index="1" bw="960" slack="0"/>
<pin id="187" dir="0" index="2" bw="10" slack="0"/>
<pin id="188" dir="1" index="3" bw="10" slack="1"/>
</pin_list>
<bind>
<opcode="partselect(1002) " fcode="partselect"/>
<opset="data_7/1 "/>
</bind>
</comp>

<comp id="192" class="1004" name="data_8_fu_192">
<pin_list>
<pin id="193" dir="0" index="0" bw="10" slack="0"/>
<pin id="194" dir="0" index="1" bw="960" slack="0"/>
<pin id="195" dir="0" index="2" bw="10" slack="0"/>
<pin id="196" dir="1" index="3" bw="10" slack="1"/>
</pin_list>
<bind>
<opcode="partselect(1002) " fcode="partselect"/>
<opset="data_8/1 "/>
</bind>
</comp>

<comp id="200" class="1004" name="data_9_fu_200">
<pin_list>
<pin id="201" dir="0" index="0" bw="10" slack="0"/>
<pin id="202" dir="0" index="1" bw="960" slack="0"/>
<pin id="203" dir="0" index="2" bw="10" slack="0"/>
<pin id="204" dir="1" index="3" bw="10" slack="1"/>
</pin_list>
<bind>
<opcode="partselect(1002) " fcode="partselect"/>
<opset="data_9/1 "/>
</bind>
</comp>

<comp id="208" class="1004" name="data_10_fu_208">
<pin_list>
<pin id="209" dir="0" index="0" bw="10" slack="0"/>
<pin id="210" dir="0" index="1" bw="960" slack="0"/>
<pin id="211" dir="0" index="2" bw="10" slack="0"/>
<pin id="212" dir="1" index="3" bw="10" slack="1"/>
</pin_list>
<bind>
<opcode="partselect(1002) " fcode="partselect"/>
<opset="data_10/1 "/>
</bind>
</comp>

<comp id="216" class="1004" name="data_11_fu_216">
<pin_list>
<pin id="217" dir="0" index="0" bw="10" slack="0"/>
<pin id="218" dir="0" index="1" bw="960" slack="0"/>
<pin id="219" dir="0" index="2" bw="11" slack="0"/>
<pin id="220" dir="1" index="3" bw="10" slack="1"/>
</pin_list>
<bind>
<opcode="partselect(1002) " fcode="partselect"/>
<opset="data_11/1 "/>
</bind>
</comp>

<comp id="224" class="1004" name="data_12_fu_224">
<pin_list>
<pin id="225" dir="0" index="0" bw="10" slack="0"/>
<pin id="226" dir="0" index="1" bw="960" slack="0"/>
<pin id="227" dir="0" index="2" bw="11" slack="0"/>
<pin id="228" dir="1" index="3" bw="10" slack="1"/>
</pin_list>
<bind>
<opcode="partselect(1002) " fcode="partselect"/>
<opset="data_12/1 "/>
</bind>
</comp>

<comp id="232" class="1004" name="data_13_fu_232">
<pin_list>
<pin id="233" dir="0" index="0" bw="10" slack="0"/>
<pin id="234" dir="0" index="1" bw="960" slack="0"/>
<pin id="235" dir="0" index="2" bw="11" slack="0"/>
<pin id="236" dir="1" index="3" bw="10" slack="1"/>
</pin_list>
<bind>
<opcode="partselect(1002) " fcode="partselect"/>
<opset="data_13/1 "/>
</bind>
</comp>

<comp id="240" class="1004" name="data_14_fu_240">
<pin_list>
<pin id="241" dir="0" index="0" bw="10" slack="0"/>
<pin id="242" dir="0" index="1" bw="960" slack="0"/>
<pin id="243" dir="0" index="2" bw="11" slack="0"/>
<pin id="244" dir="1" index="3" bw="10" slack="1"/>
</pin_list>
<bind>
<opcode="partselect(1002) " fcode="partselect"/>
<opset="data_14/1 "/>
</bind>
</comp>

<comp id="248" class="1004" name="data_15_fu_248">
<pin_list>
<pin id="249" dir="0" index="0" bw="10" slack="0"/>
<pin id="250" dir="0" index="1" bw="960" slack="0"/>
<pin id="251" dir="0" index="2" bw="11" slack="0"/>
<pin id="252" dir="1" index="3" bw="10" slack="1"/>
</pin_list>
<bind>
<opcode="partselect(1002) " fcode="partselect"/>
<opset="data_15/1 "/>
</bind>
</comp>

<comp id="256" class="1004" name="data_16_fu_256">
<pin_list>
<pin id="257" dir="0" index="0" bw="10" slack="0"/>
<pin id="258" dir="0" index="1" bw="960" slack="0"/>
<pin id="259" dir="0" index="2" bw="11" slack="0"/>
<pin id="260" dir="1" index="3" bw="10" slack="1"/>
</pin_list>
<bind>
<opcode="partselect(1002) " fcode="partselect"/>
<opset="data_16/1 "/>
</bind>
</comp>

<comp id="264" class="1004" name="data_17_fu_264">
<pin_list>
<pin id="265" dir="0" index="0" bw="10" slack="0"/>
<pin id="266" dir="0" index="1" bw="960" slack="0"/>
<pin id="267" dir="0" index="2" bw="11" slack="0"/>
<pin id="268" dir="1" index="3" bw="10" slack="1"/>
</pin_list>
<bind>
<opcode="partselect(1002) " fcode="partselect"/>
<opset="data_17/1 "/>
</bind>
</comp>

<comp id="272" class="1004" name="data_18_fu_272">
<pin_list>
<pin id="273" dir="0" index="0" bw="10" slack="0"/>
<pin id="274" dir="0" index="1" bw="960" slack="0"/>
<pin id="275" dir="0" index="2" bw="11" slack="0"/>
<pin id="276" dir="1" index="3" bw="10" slack="1"/>
</pin_list>
<bind>
<opcode="partselect(1002) " fcode="partselect"/>
<opset="data_18/1 "/>
</bind>
</comp>

<comp id="280" class="1004" name="data_19_fu_280">
<pin_list>
<pin id="281" dir="0" index="0" bw="10" slack="0"/>
<pin id="282" dir="0" index="1" bw="960" slack="0"/>
<pin id="283" dir="0" index="2" bw="11" slack="0"/>
<pin id="284" dir="1" index="3" bw="10" slack="1"/>
</pin_list>
<bind>
<opcode="partselect(1002) " fcode="partselect"/>
<opset="data_19/1 "/>
</bind>
</comp>

<comp id="288" class="1004" name="res_fu_288">
<pin_list>
<pin id="289" dir="0" index="0" bw="120" slack="0"/>
<pin id="290" dir="1" index="1" bw="15" slack="1"/>
</pin_list>
<bind>
<opcode="extractvalue(56) " fcode="extractvalue"/>
<opset="res/2 "/>
</bind>
</comp>

<comp id="292" class="1004" name="res_5_fu_292">
<pin_list>
<pin id="293" dir="0" index="0" bw="120" slack="0"/>
<pin id="294" dir="1" index="1" bw="15" slack="1"/>
</pin_list>
<bind>
<opcode="extractvalue(56) " fcode="extractvalue"/>
<opset="res_5/2 "/>
</bind>
</comp>

<comp id="296" class="1004" name="res_6_fu_296">
<pin_list>
<pin id="297" dir="0" index="0" bw="120" slack="0"/>
<pin id="298" dir="1" index="1" bw="15" slack="1"/>
</pin_list>
<bind>
<opcode="extractvalue(56) " fcode="extractvalue"/>
<opset="res_6/2 "/>
</bind>
</comp>

<comp id="300" class="1004" name="res_7_fu_300">
<pin_list>
<pin id="301" dir="0" index="0" bw="120" slack="0"/>
<pin id="302" dir="1" index="1" bw="15" slack="1"/>
</pin_list>
<bind>
<opcode="extractvalue(56) " fcode="extractvalue"/>
<opset="res_7/2 "/>
</bind>
</comp>

<comp id="304" class="1004" name="res_8_fu_304">
<pin_list>
<pin id="305" dir="0" index="0" bw="120" slack="0"/>
<pin id="306" dir="1" index="1" bw="15" slack="1"/>
</pin_list>
<bind>
<opcode="extractvalue(56) " fcode="extractvalue"/>
<opset="res_8/2 "/>
</bind>
</comp>

<comp id="308" class="1004" name="res_1_fu_308">
<pin_list>
<pin id="309" dir="0" index="0" bw="120" slack="0"/>
<pin id="310" dir="1" index="1" bw="15" slack="1"/>
</pin_list>
<bind>
<opcode="extractvalue(56) " fcode="extractvalue"/>
<opset="res_1/2 "/>
</bind>
</comp>

<comp id="312" class="1004" name="res_2_fu_312">
<pin_list>
<pin id="313" dir="0" index="0" bw="120" slack="0"/>
<pin id="314" dir="1" index="1" bw="15" slack="1"/>
</pin_list>
<bind>
<opcode="extractvalue(56) " fcode="extractvalue"/>
<opset="res_2/2 "/>
</bind>
</comp>

<comp id="316" class="1004" name="res_3_fu_316">
<pin_list>
<pin id="317" dir="0" index="0" bw="120" slack="0"/>
<pin id="318" dir="1" index="1" bw="15" slack="1"/>
</pin_list>
<bind>
<opcode="extractvalue(56) " fcode="extractvalue"/>
<opset="res_3/2 "/>
</bind>
</comp>

<comp id="320" class="1004" name="or_ln77_151_i_fu_320">
<pin_list>
<pin id="321" dir="0" index="0" bw="1845" slack="0"/>
<pin id="322" dir="0" index="1" bw="15" slack="1"/>
<pin id="323" dir="0" index="2" bw="1" slack="0"/>
<pin id="324" dir="0" index="3" bw="15" slack="1"/>
<pin id="325" dir="0" index="4" bw="1" slack="0"/>
<pin id="326" dir="0" index="5" bw="15" slack="1"/>
<pin id="327" dir="0" index="6" bw="1" slack="0"/>
<pin id="328" dir="0" index="7" bw="15" slack="1"/>
<pin id="329" dir="0" index="8" bw="1" slack="0"/>
<pin id="330" dir="0" index="9" bw="15" slack="1"/>
<pin id="331" dir="0" index="10" bw="1" slack="0"/>
<pin id="332" dir="0" index="11" bw="15" slack="1"/>
<pin id="333" dir="0" index="12" bw="1" slack="0"/>
<pin id="334" dir="0" index="13" bw="15" slack="1"/>
<pin id="335" dir="0" index="14" bw="1" slack="0"/>
<pin id="336" dir="0" index="15" bw="15" slack="1"/>
<pin id="337" dir="0" index="16" bw="1" slack="0"/>
<pin id="338" dir="1" index="17" bw="1845" slack="0"/>
</pin_list>
<bind>
<opcode="bitconcatenate(1004) " fcode="bitconcatenate"/>
<opset="or_ln77_151_i/3 "/>
</bind>
</comp>

<comp id="348" class="1004" name="zext_ln77_fu_348">
<pin_list>
<pin id="349" dir="0" index="0" bw="1845" slack="0"/>
<pin id="350" dir="1" index="1" bw="1920" slack="0"/>
</pin_list>
<bind>
<opcode="zext(34) " fcode="zext"/>
<opset="zext_ln77/3 "/>
</bind>
</comp>

<comp id="353" class="1005" name="data_reg_353">
<pin_list>
<pin id="354" dir="0" index="0" bw="10" slack="1"/>
<pin id="355" dir="1" index="1" bw="10" slack="1"/>
</pin_list>
<bind>
<opset="data "/>
</bind>
</comp>

<comp id="358" class="1005" name="data_20_reg_358">
<pin_list>
<pin id="359" dir="0" index="0" bw="10" slack="1"/>
<pin id="360" dir="1" index="1" bw="10" slack="1"/>
</pin_list>
<bind>
<opset="data_20 "/>
</bind>
</comp>

<comp id="363" class="1005" name="data_1_reg_363">
<pin_list>
<pin id="364" dir="0" index="0" bw="10" slack="1"/>
<pin id="365" dir="1" index="1" bw="10" slack="1"/>
</pin_list>
<bind>
<opset="data_1 "/>
</bind>
</comp>

<comp id="368" class="1005" name="data_2_reg_368">
<pin_list>
<pin id="369" dir="0" index="0" bw="10" slack="1"/>
<pin id="370" dir="1" index="1" bw="10" slack="1"/>
</pin_list>
<bind>
<opset="data_2 "/>
</bind>
</comp>

<comp id="373" class="1005" name="data_3_reg_373">
<pin_list>
<pin id="374" dir="0" index="0" bw="10" slack="1"/>
<pin id="375" dir="1" index="1" bw="10" slack="1"/>
</pin_list>
<bind>
<opset="data_3 "/>
</bind>
</comp>

<comp id="378" class="1005" name="data_4_reg_378">
<pin_list>
<pin id="379" dir="0" index="0" bw="10" slack="1"/>
<pin id="380" dir="1" index="1" bw="10" slack="1"/>
</pin_list>
<bind>
<opset="data_4 "/>
</bind>
</comp>

<comp id="383" class="1005" name="data_5_reg_383">
<pin_list>
<pin id="384" dir="0" index="0" bw="10" slack="1"/>
<pin id="385" dir="1" index="1" bw="10" slack="1"/>
</pin_list>
<bind>
<opset="data_5 "/>
</bind>
</comp>

<comp id="388" class="1005" name="data_6_reg_388">
<pin_list>
<pin id="389" dir="0" index="0" bw="10" slack="1"/>
<pin id="390" dir="1" index="1" bw="10" slack="1"/>
</pin_list>
<bind>
<opset="data_6 "/>
</bind>
</comp>

<comp id="393" class="1005" name="data_7_reg_393">
<pin_list>
<pin id="394" dir="0" index="0" bw="10" slack="1"/>
<pin id="395" dir="1" index="1" bw="10" slack="1"/>
</pin_list>
<bind>
<opset="data_7 "/>
</bind>
</comp>

<comp id="398" class="1005" name="data_8_reg_398">
<pin_list>
<pin id="399" dir="0" index="0" bw="10" slack="1"/>
<pin id="400" dir="1" index="1" bw="10" slack="1"/>
</pin_list>
<bind>
<opset="data_8 "/>
</bind>
</comp>

<comp id="403" class="1005" name="data_9_reg_403">
<pin_list>
<pin id="404" dir="0" index="0" bw="10" slack="1"/>
<pin id="405" dir="1" index="1" bw="10" slack="1"/>
</pin_list>
<bind>
<opset="data_9 "/>
</bind>
</comp>

<comp id="408" class="1005" name="data_10_reg_408">
<pin_list>
<pin id="409" dir="0" index="0" bw="10" slack="1"/>
<pin id="410" dir="1" index="1" bw="10" slack="1"/>
</pin_list>
<bind>
<opset="data_10 "/>
</bind>
</comp>

<comp id="413" class="1005" name="data_11_reg_413">
<pin_list>
<pin id="414" dir="0" index="0" bw="10" slack="1"/>
<pin id="415" dir="1" index="1" bw="10" slack="1"/>
</pin_list>
<bind>
<opset="data_11 "/>
</bind>
</comp>

<comp id="418" class="1005" name="data_12_reg_418">
<pin_list>
<pin id="419" dir="0" index="0" bw="10" slack="1"/>
<pin id="420" dir="1" index="1" bw="10" slack="1"/>
</pin_list>
<bind>
<opset="data_12 "/>
</bind>
</comp>

<comp id="423" class="1005" name="data_13_reg_423">
<pin_list>
<pin id="424" dir="0" index="0" bw="10" slack="1"/>
<pin id="425" dir="1" index="1" bw="10" slack="1"/>
</pin_list>
<bind>
<opset="data_13 "/>
</bind>
</comp>

<comp id="428" class="1005" name="data_14_reg_428">
<pin_list>
<pin id="429" dir="0" index="0" bw="10" slack="1"/>
<pin id="430" dir="1" index="1" bw="10" slack="1"/>
</pin_list>
<bind>
<opset="data_14 "/>
</bind>
</comp>

<comp id="433" class="1005" name="data_15_reg_433">
<pin_list>
<pin id="434" dir="0" index="0" bw="10" slack="1"/>
<pin id="435" dir="1" index="1" bw="10" slack="1"/>
</pin_list>
<bind>
<opset="data_15 "/>
</bind>
</comp>

<comp id="438" class="1005" name="data_16_reg_438">
<pin_list>
<pin id="439" dir="0" index="0" bw="10" slack="1"/>
<pin id="440" dir="1" index="1" bw="10" slack="1"/>
</pin_list>
<bind>
<opset="data_16 "/>
</bind>
</comp>

<comp id="443" class="1005" name="data_17_reg_443">
<pin_list>
<pin id="444" dir="0" index="0" bw="10" slack="1"/>
<pin id="445" dir="1" index="1" bw="10" slack="1"/>
</pin_list>
<bind>
<opset="data_17 "/>
</bind>
</comp>

<comp id="448" class="1005" name="data_18_reg_448">
<pin_list>
<pin id="449" dir="0" index="0" bw="10" slack="1"/>
<pin id="450" dir="1" index="1" bw="10" slack="1"/>
</pin_list>
<bind>
<opset="data_18 "/>
</bind>
</comp>

<comp id="453" class="1005" name="data_19_reg_453">
<pin_list>
<pin id="454" dir="0" index="0" bw="10" slack="1"/>
<pin id="455" dir="1" index="1" bw="10" slack="1"/>
</pin_list>
<bind>
<opset="data_19 "/>
</bind>
</comp>

<comp id="458" class="1005" name="res_reg_458">
<pin_list>
<pin id="459" dir="0" index="0" bw="15" slack="1"/>
<pin id="460" dir="1" index="1" bw="15" slack="1"/>
</pin_list>
<bind>
<opset="res "/>
</bind>
</comp>

<comp id="463" class="1005" name="res_5_reg_463">
<pin_list>
<pin id="464" dir="0" index="0" bw="15" slack="1"/>
<pin id="465" dir="1" index="1" bw="15" slack="1"/>
</pin_list>
<bind>
<opset="res_5 "/>
</bind>
</comp>

<comp id="468" class="1005" name="res_6_reg_468">
<pin_list>
<pin id="469" dir="0" index="0" bw="15" slack="1"/>
<pin id="470" dir="1" index="1" bw="15" slack="1"/>
</pin_list>
<bind>
<opset="res_6 "/>
</bind>
</comp>

<comp id="473" class="1005" name="res_7_reg_473">
<pin_list>
<pin id="474" dir="0" index="0" bw="15" slack="1"/>
<pin id="475" dir="1" index="1" bw="15" slack="1"/>
</pin_list>
<bind>
<opset="res_7 "/>
</bind>
</comp>

<comp id="478" class="1005" name="res_8_reg_478">
<pin_list>
<pin id="479" dir="0" index="0" bw="15" slack="1"/>
<pin id="480" dir="1" index="1" bw="15" slack="1"/>
</pin_list>
<bind>
<opset="res_8 "/>
</bind>
</comp>

<comp id="483" class="1005" name="res_1_reg_483">
<pin_list>
<pin id="484" dir="0" index="0" bw="15" slack="1"/>
<pin id="485" dir="1" index="1" bw="15" slack="1"/>
</pin_list>
<bind>
<opset="res_1 "/>
</bind>
</comp>

<comp id="488" class="1005" name="res_2_reg_488">
<pin_list>
<pin id="489" dir="0" index="0" bw="15" slack="1"/>
<pin id="490" dir="1" index="1" bw="15" slack="1"/>
</pin_list>
<bind>
<opset="res_2 "/>
</bind>
</comp>

<comp id="493" class="1005" name="res_3_reg_493">
<pin_list>
<pin id="494" dir="0" index="0" bw="15" slack="1"/>
<pin id="495" dir="1" index="1" bw="15" slack="1"/>
</pin_list>
<bind>
<opset="res_3 "/>
</bind>
</comp>

</comp_list>

<net_list>
<net id="86"><net_src comp="4" pin="0"/><net_sink comp="82" pin=0"/></net>

<net id="87"><net_src comp="2" pin="0"/><net_sink comp="82" pin=1"/></net>

<net id="93"><net_src comp="80" pin="0"/><net_sink comp="88" pin=0"/></net>

<net id="94"><net_src comp="0" pin="0"/><net_sink comp="88" pin=1"/></net>

<net id="119"><net_src comp="50" pin="0"/><net_sink comp="95" pin=0"/></net>

<net id="125"><net_src comp="6" pin="0"/><net_sink comp="120" pin=0"/></net>

<net id="126"><net_src comp="82" pin="2"/><net_sink comp="120" pin=1"/></net>

<net id="127"><net_src comp="8" pin="0"/><net_sink comp="120" pin=2"/></net>

<net id="133"><net_src comp="6" pin="0"/><net_sink comp="128" pin=0"/></net>

<net id="134"><net_src comp="82" pin="2"/><net_sink comp="128" pin=1"/></net>

<net id="135"><net_src comp="10" pin="0"/><net_sink comp="128" pin=2"/></net>

<net id="141"><net_src comp="6" pin="0"/><net_sink comp="136" pin=0"/></net>

<net id="142"><net_src comp="82" pin="2"/><net_sink comp="136" pin=1"/></net>

<net id="143"><net_src comp="12" pin="0"/><net_sink comp="136" pin=2"/></net>

<net id="149"><net_src comp="6" pin="0"/><net_sink comp="144" pin=0"/></net>

<net id="150"><net_src comp="82" pin="2"/><net_sink comp="144" pin=1"/></net>

<net id="151"><net_src comp="14" pin="0"/><net_sink comp="144" pin=2"/></net>

<net id="157"><net_src comp="6" pin="0"/><net_sink comp="152" pin=0"/></net>

<net id="158"><net_src comp="82" pin="2"/><net_sink comp="152" pin=1"/></net>

<net id="159"><net_src comp="16" pin="0"/><net_sink comp="152" pin=2"/></net>

<net id="165"><net_src comp="6" pin="0"/><net_sink comp="160" pin=0"/></net>

<net id="166"><net_src comp="82" pin="2"/><net_sink comp="160" pin=1"/></net>

<net id="167"><net_src comp="18" pin="0"/><net_sink comp="160" pin=2"/></net>

<net id="173"><net_src comp="6" pin="0"/><net_sink comp="168" pin=0"/></net>

<net id="174"><net_src comp="82" pin="2"/><net_sink comp="168" pin=1"/></net>

<net id="175"><net_src comp="20" pin="0"/><net_sink comp="168" pin=2"/></net>

<net id="181"><net_src comp="6" pin="0"/><net_sink comp="176" pin=0"/></net>

<net id="182"><net_src comp="82" pin="2"/><net_sink comp="176" pin=1"/></net>

<net id="183"><net_src comp="22" pin="0"/><net_sink comp="176" pin=2"/></net>

<net id="189"><net_src comp="6" pin="0"/><net_sink comp="184" pin=0"/></net>

<net id="190"><net_src comp="82" pin="2"/><net_sink comp="184" pin=1"/></net>

<net id="191"><net_src comp="24" pin="0"/><net_sink comp="184" pin=2"/></net>

<net id="197"><net_src comp="6" pin="0"/><net_sink comp="192" pin=0"/></net>

<net id="198"><net_src comp="82" pin="2"/><net_sink comp="192" pin=1"/></net>

<net id="199"><net_src comp="26" pin="0"/><net_sink comp="192" pin=2"/></net>

<net id="205"><net_src comp="6" pin="0"/><net_sink comp="200" pin=0"/></net>

<net id="206"><net_src comp="82" pin="2"/><net_sink comp="200" pin=1"/></net>

<net id="207"><net_src comp="28" pin="0"/><net_sink comp="200" pin=2"/></net>

<net id="213"><net_src comp="6" pin="0"/><net_sink comp="208" pin=0"/></net>

<net id="214"><net_src comp="82" pin="2"/><net_sink comp="208" pin=1"/></net>

<net id="215"><net_src comp="30" pin="0"/><net_sink comp="208" pin=2"/></net>

<net id="221"><net_src comp="6" pin="0"/><net_sink comp="216" pin=0"/></net>

<net id="222"><net_src comp="82" pin="2"/><net_sink comp="216" pin=1"/></net>

<net id="223"><net_src comp="32" pin="0"/><net_sink comp="216" pin=2"/></net>

<net id="229"><net_src comp="6" pin="0"/><net_sink comp="224" pin=0"/></net>

<net id="230"><net_src comp="82" pin="2"/><net_sink comp="224" pin=1"/></net>

<net id="231"><net_src comp="34" pin="0"/><net_sink comp="224" pin=2"/></net>

<net id="237"><net_src comp="6" pin="0"/><net_sink comp="232" pin=0"/></net>

<net id="238"><net_src comp="82" pin="2"/><net_sink comp="232" pin=1"/></net>

<net id="239"><net_src comp="36" pin="0"/><net_sink comp="232" pin=2"/></net>

<net id="245"><net_src comp="6" pin="0"/><net_sink comp="240" pin=0"/></net>

<net id="246"><net_src comp="82" pin="2"/><net_sink comp="240" pin=1"/></net>

<net id="247"><net_src comp="38" pin="0"/><net_sink comp="240" pin=2"/></net>

<net id="253"><net_src comp="6" pin="0"/><net_sink comp="248" pin=0"/></net>

<net id="254"><net_src comp="82" pin="2"/><net_sink comp="248" pin=1"/></net>

<net id="255"><net_src comp="40" pin="0"/><net_sink comp="248" pin=2"/></net>

<net id="261"><net_src comp="6" pin="0"/><net_sink comp="256" pin=0"/></net>

<net id="262"><net_src comp="82" pin="2"/><net_sink comp="256" pin=1"/></net>

<net id="263"><net_src comp="42" pin="0"/><net_sink comp="256" pin=2"/></net>

<net id="269"><net_src comp="6" pin="0"/><net_sink comp="264" pin=0"/></net>

<net id="270"><net_src comp="82" pin="2"/><net_sink comp="264" pin=1"/></net>

<net id="271"><net_src comp="44" pin="0"/><net_sink comp="264" pin=2"/></net>

<net id="277"><net_src comp="6" pin="0"/><net_sink comp="272" pin=0"/></net>

<net id="278"><net_src comp="82" pin="2"/><net_sink comp="272" pin=1"/></net>

<net id="279"><net_src comp="46" pin="0"/><net_sink comp="272" pin=2"/></net>

<net id="285"><net_src comp="6" pin="0"/><net_sink comp="280" pin=0"/></net>

<net id="286"><net_src comp="82" pin="2"/><net_sink comp="280" pin=1"/></net>

<net id="287"><net_src comp="48" pin="0"/><net_sink comp="280" pin=2"/></net>

<net id="291"><net_src comp="95" pin="22"/><net_sink comp="288" pin=0"/></net>

<net id="295"><net_src comp="95" pin="22"/><net_sink comp="292" pin=0"/></net>

<net id="299"><net_src comp="95" pin="22"/><net_sink comp="296" pin=0"/></net>

<net id="303"><net_src comp="95" pin="22"/><net_sink comp="300" pin=0"/></net>

<net id="307"><net_src comp="95" pin="22"/><net_sink comp="304" pin=0"/></net>

<net id="311"><net_src comp="95" pin="22"/><net_sink comp="308" pin=0"/></net>

<net id="315"><net_src comp="95" pin="22"/><net_sink comp="312" pin=0"/></net>

<net id="319"><net_src comp="95" pin="22"/><net_sink comp="316" pin=0"/></net>

<net id="339"><net_src comp="62" pin="0"/><net_sink comp="320" pin=0"/></net>

<net id="340"><net_src comp="64" pin="0"/><net_sink comp="320" pin=2"/></net>

<net id="341"><net_src comp="66" pin="0"/><net_sink comp="320" pin=4"/></net>

<net id="342"><net_src comp="68" pin="0"/><net_sink comp="320" pin=6"/></net>

<net id="343"><net_src comp="70" pin="0"/><net_sink comp="320" pin=8"/></net>

<net id="344"><net_src comp="72" pin="0"/><net_sink comp="320" pin=10"/></net>

<net id="345"><net_src comp="74" pin="0"/><net_sink comp="320" pin=12"/></net>

<net id="346"><net_src comp="76" pin="0"/><net_sink comp="320" pin=14"/></net>

<net id="347"><net_src comp="78" pin="0"/><net_sink comp="320" pin=16"/></net>

<net id="351"><net_src comp="320" pin="17"/><net_sink comp="348" pin=0"/></net>

<net id="352"><net_src comp="348" pin="1"/><net_sink comp="88" pin=2"/></net>

<net id="356"><net_src comp="120" pin="3"/><net_sink comp="353" pin=0"/></net>

<net id="357"><net_src comp="353" pin="1"/><net_sink comp="95" pin=1"/></net>

<net id="361"><net_src comp="128" pin="3"/><net_sink comp="358" pin=0"/></net>

<net id="362"><net_src comp="358" pin="1"/><net_sink comp="95" pin=2"/></net>

<net id="366"><net_src comp="136" pin="3"/><net_sink comp="363" pin=0"/></net>

<net id="367"><net_src comp="363" pin="1"/><net_sink comp="95" pin=3"/></net>

<net id="371"><net_src comp="144" pin="3"/><net_sink comp="368" pin=0"/></net>

<net id="372"><net_src comp="368" pin="1"/><net_sink comp="95" pin=4"/></net>

<net id="376"><net_src comp="152" pin="3"/><net_sink comp="373" pin=0"/></net>

<net id="377"><net_src comp="373" pin="1"/><net_sink comp="95" pin=5"/></net>

<net id="381"><net_src comp="160" pin="3"/><net_sink comp="378" pin=0"/></net>

<net id="382"><net_src comp="378" pin="1"/><net_sink comp="95" pin=6"/></net>

<net id="386"><net_src comp="168" pin="3"/><net_sink comp="383" pin=0"/></net>

<net id="387"><net_src comp="383" pin="1"/><net_sink comp="95" pin=7"/></net>

<net id="391"><net_src comp="176" pin="3"/><net_sink comp="388" pin=0"/></net>

<net id="392"><net_src comp="388" pin="1"/><net_sink comp="95" pin=8"/></net>

<net id="396"><net_src comp="184" pin="3"/><net_sink comp="393" pin=0"/></net>

<net id="397"><net_src comp="393" pin="1"/><net_sink comp="95" pin=9"/></net>

<net id="401"><net_src comp="192" pin="3"/><net_sink comp="398" pin=0"/></net>

<net id="402"><net_src comp="398" pin="1"/><net_sink comp="95" pin=10"/></net>

<net id="406"><net_src comp="200" pin="3"/><net_sink comp="403" pin=0"/></net>

<net id="407"><net_src comp="403" pin="1"/><net_sink comp="95" pin=11"/></net>

<net id="411"><net_src comp="208" pin="3"/><net_sink comp="408" pin=0"/></net>

<net id="412"><net_src comp="408" pin="1"/><net_sink comp="95" pin=12"/></net>

<net id="416"><net_src comp="216" pin="3"/><net_sink comp="413" pin=0"/></net>

<net id="417"><net_src comp="413" pin="1"/><net_sink comp="95" pin=13"/></net>

<net id="421"><net_src comp="224" pin="3"/><net_sink comp="418" pin=0"/></net>

<net id="422"><net_src comp="418" pin="1"/><net_sink comp="95" pin=14"/></net>

<net id="426"><net_src comp="232" pin="3"/><net_sink comp="423" pin=0"/></net>

<net id="427"><net_src comp="423" pin="1"/><net_sink comp="95" pin=15"/></net>

<net id="431"><net_src comp="240" pin="3"/><net_sink comp="428" pin=0"/></net>

<net id="432"><net_src comp="428" pin="1"/><net_sink comp="95" pin=16"/></net>

<net id="436"><net_src comp="248" pin="3"/><net_sink comp="433" pin=0"/></net>

<net id="437"><net_src comp="433" pin="1"/><net_sink comp="95" pin=17"/></net>

<net id="441"><net_src comp="256" pin="3"/><net_sink comp="438" pin=0"/></net>

<net id="442"><net_src comp="438" pin="1"/><net_sink comp="95" pin=18"/></net>

<net id="446"><net_src comp="264" pin="3"/><net_sink comp="443" pin=0"/></net>

<net id="447"><net_src comp="443" pin="1"/><net_sink comp="95" pin=19"/></net>

<net id="451"><net_src comp="272" pin="3"/><net_sink comp="448" pin=0"/></net>

<net id="452"><net_src comp="448" pin="1"/><net_sink comp="95" pin=20"/></net>

<net id="456"><net_src comp="280" pin="3"/><net_sink comp="453" pin=0"/></net>

<net id="457"><net_src comp="453" pin="1"/><net_sink comp="95" pin=21"/></net>

<net id="461"><net_src comp="288" pin="1"/><net_sink comp="458" pin=0"/></net>

<net id="462"><net_src comp="458" pin="1"/><net_sink comp="320" pin=15"/></net>

<net id="466"><net_src comp="292" pin="1"/><net_sink comp="463" pin=0"/></net>

<net id="467"><net_src comp="463" pin="1"/><net_sink comp="320" pin=13"/></net>

<net id="471"><net_src comp="296" pin="1"/><net_sink comp="468" pin=0"/></net>

<net id="472"><net_src comp="468" pin="1"/><net_sink comp="320" pin=11"/></net>

<net id="476"><net_src comp="300" pin="1"/><net_sink comp="473" pin=0"/></net>

<net id="477"><net_src comp="473" pin="1"/><net_sink comp="320" pin=9"/></net>

<net id="481"><net_src comp="304" pin="1"/><net_sink comp="478" pin=0"/></net>

<net id="482"><net_src comp="478" pin="1"/><net_sink comp="320" pin=7"/></net>

<net id="486"><net_src comp="308" pin="1"/><net_sink comp="483" pin=0"/></net>

<net id="487"><net_src comp="483" pin="1"/><net_sink comp="320" pin=5"/></net>

<net id="491"><net_src comp="312" pin="1"/><net_sink comp="488" pin=0"/></net>

<net id="492"><net_src comp="488" pin="1"/><net_sink comp="320" pin=3"/></net>

<net id="496"><net_src comp="316" pin="1"/><net_sink comp="493" pin=0"/></net>

<net id="497"><net_src comp="493" pin="1"/><net_sink comp="320" pin=1"/></net>

</net_list>

</model> 
---------------- Datapath Model END ------------------

* FSMD analyzer results:
  - Output states:
	Port: layer3_out | {3 }
	Port: stream_in0_input_layer | {}
 - Input state : 
	Port: dense<array<ap_fixed,60u>,array<ap_fixed<15,12,5,3,0>,128u>,config3> : stream_in0_input_layer | {1 }
  - Chain level:
	State 1
	State 2
		res : 1
		res_5 : 1
		res_6 : 1
		res_7 : 1
		res_8 : 1
		res_1 : 1
		res_2 : 1
		res_3 : 1
	State 3
		zext_ln77 : 1
		write_ln77 : 2


============================================================
+ Verbose Summary: Datapath Resource usage 
============================================================

* Functional unit list:
|----------|-----------------------------------------------------------------------------------|---------|---------|
| Operation|                                  Functional Unit                                  |    FF   |   LUT   |
|----------|-----------------------------------------------------------------------------------|---------|---------|
|   call   | call_ret_i_dense_latency_ap_fixed_10_7_0_3_0_ap_fixed_15_12_5_3_0_config3_s_fu_95 |    0    |   1031  |
|----------|-----------------------------------------------------------------------------------|---------|---------|
|   read   |                       stream_in0_input_layer_read_read_fu_82                      |    0    |    0    |
|----------|-----------------------------------------------------------------------------------|---------|---------|
|   write  |                               write_ln77_write_fu_88                              |    0    |    0    |
|----------|-----------------------------------------------------------------------------------|---------|---------|
|          |                                    data_fu_120                                    |    0    |    0    |
|          |                                   data_20_fu_128                                  |    0    |    0    |
|          |                                   data_1_fu_136                                   |    0    |    0    |
|          |                                   data_2_fu_144                                   |    0    |    0    |
|          |                                   data_3_fu_152                                   |    0    |    0    |
|          |                                   data_4_fu_160                                   |    0    |    0    |
|          |                                   data_5_fu_168                                   |    0    |    0    |
|          |                                   data_6_fu_176                                   |    0    |    0    |
|          |                                   data_7_fu_184                                   |    0    |    0    |
|          |                                   data_8_fu_192                                   |    0    |    0    |
|partselect|                                   data_9_fu_200                                   |    0    |    0    |
|          |                                   data_10_fu_208                                  |    0    |    0    |
|          |                                   data_11_fu_216                                  |    0    |    0    |
|          |                                   data_12_fu_224                                  |    0    |    0    |
|          |                                   data_13_fu_232                                  |    0    |    0    |
|          |                                   data_14_fu_240                                  |    0    |    0    |
|          |                                   data_15_fu_248                                  |    0    |    0    |
|          |                                   data_16_fu_256                                  |    0    |    0    |
|          |                                   data_17_fu_264                                  |    0    |    0    |
|          |                                   data_18_fu_272                                  |    0    |    0    |
|          |                                   data_19_fu_280                                  |    0    |    0    |
|----------|-----------------------------------------------------------------------------------|---------|---------|
|          |                                     res_fu_288                                    |    0    |    0    |
|          |                                    res_5_fu_292                                   |    0    |    0    |
|          |                                    res_6_fu_296                                   |    0    |    0    |
|extractvalue|                                    res_7_fu_300                                   |    0    |    0    |
|          |                                    res_8_fu_304                                   |    0    |    0    |
|          |                                    res_1_fu_308                                   |    0    |    0    |
|          |                                    res_2_fu_312                                   |    0    |    0    |
|          |                                    res_3_fu_316                                   |    0    |    0    |
|----------|-----------------------------------------------------------------------------------|---------|---------|
|bitconcatenate|                                or_ln77_151_i_fu_320                               |    0    |    0    |
|----------|-----------------------------------------------------------------------------------|---------|---------|
|   zext   |                                  zext_ln77_fu_348                                 |    0    |    0    |
|----------|-----------------------------------------------------------------------------------|---------|---------|
|   Total  |                                                                                   |    0    |   1031  |
|----------|-----------------------------------------------------------------------------------|---------|---------|

Memories:
N/A

* Register list:
+---------------+--------+
|               |   FF   |
+---------------+--------+
|data_10_reg_408|   10   |
|data_11_reg_413|   10   |
|data_12_reg_418|   10   |
|data_13_reg_423|   10   |
|data_14_reg_428|   10   |
|data_15_reg_433|   10   |
|data_16_reg_438|   10   |
|data_17_reg_443|   10   |
|data_18_reg_448|   10   |
|data_19_reg_453|   10   |
| data_1_reg_363|   10   |
|data_20_reg_358|   10   |
| data_2_reg_368|   10   |
| data_3_reg_373|   10   |
| data_4_reg_378|   10   |
| data_5_reg_383|   10   |
| data_6_reg_388|   10   |
| data_7_reg_393|   10   |
| data_8_reg_398|   10   |
| data_9_reg_403|   10   |
|  data_reg_353 |   10   |
| res_1_reg_483 |   15   |
| res_2_reg_488 |   15   |
| res_3_reg_493 |   15   |
| res_5_reg_463 |   15   |
| res_6_reg_468 |   15   |
| res_7_reg_473 |   15   |
| res_8_reg_478 |   15   |
|  res_reg_458  |   15   |
+---------------+--------+
|     Total     |   330  |
+---------------+--------+

* Multiplexer (MUX) list: 
|--------|------|------|------|--------|
|  Comp  |  Pin | Size |  BW  | S x BW |
|--------|------|------|------|--------|
|  Total |      |      |      |    0   |
|--------|------|------|------|--------|



* Summary:
+-----------+--------+--------+
|           |   FF   |   LUT  |
+-----------+--------+--------+
|  Function |    0   |  1031  |
|   Memory  |    -   |    -   |
|Multiplexer|    -   |    -   |
|  Register |   330  |    -   |
+-----------+--------+--------+
|   Total   |   330  |  1031  |
+-----------+--------+--------+
