Copyright 1986-2022 Xilinx, Inc. All Rights Reserved. Copyright 2022-2025 Advanced Micro Devices, Inc. All Rights Reserved.
---------------------------------------------------------------------------------------------------------------------------------------------------------------------------------------------------------------
| Tool Version : Vivado v.2025.2 (lin64) Build 6299465 Fri Nov 14 12:34:56 MST 2025
| Date         : Thu May  7 15:47:00 2026
| Host         : 11c2efc5f272 running 64-bit Ubuntu 22.04.5 LTS
| Command      : report_accelerator_utilization -kernels { myproject_axi_master:vitis_design_i/myproject_axi_master_1/inst:myproject_axi_master_1} -file kernel_util_placed.rpt -name kernel_util_placed -json
| Design       : vitis_design_wrapper
| Device       : xck26
| Design State : Fully Placed
---------------------------------------------------------------------------------------------------------------------------------------------------------------------------------------------------------------

Accelerator Utilization Design Information

Table of Contents
-----------------
1. System Utilization

1. System Utilization
---------------------

+---------------------------+------------------+-----------------+------------------+---------------+--------------+----------------+
| Name                      | LUT              | LUTAsMem        | REG              | BRAM          | URAM         | DSP            |
+---------------------------+------------------+-----------------+------------------+---------------+--------------+----------------+
| Platform                  |   6101 [  5.21%] |  1367 [  2.37%] |  10529 [  4.49%] |   2 [  1.39%] |  0 [  0.00%] |    0 [  0.00%] |
| User Budget               | 111019 [100.00%] | 56233 [100.00%] | 223711 [100.00%] | 142 [100.00%] | 64 [100.00%] | 1248 [100.00%] |
|    Used Resources         |  14922 [ 13.44%] |   196 [  0.35%] |   8543 [  3.82%] |   5 [  3.52%] |  0 [  0.00%] |   26 [  2.08%] |
|    Unused Resources       |  96097 [ 86.56%] | 56037 [ 99.65%] | 215168 [ 96.18%] | 137 [ 96.48%] | 64 [100.00%] | 1222 [ 97.92%] |
| myproject_axi_master      |  14922 [ 13.44%] |   196 [  0.35%] |   8543 [  3.82%] |   5 [  3.52%] |  0 [  0.00%] |   26 [  2.08%] |
|    myproject_axi_master_1 |  14922 [ 13.44%] |   196 [  0.35%] |   8543 [  3.82%] |   5 [  3.52%] |  0 [  0.00%] |   26 [  2.08%] |
+---------------------------+------------------+-----------------+------------------+---------------+--------------+----------------+


