

================================================================
== Vitis HLS Report for 'relu_ap_fixed_15_11_5_3_0_ap_ufixed_11_7_5_3_0_relu_config10_s'
================================================================
* Date:           Wed Mar 18 19:34:26 2026

* Version:        2023.2 (Build 4023990 on Oct 11 2023)
* Project:        hgq2_1_hls4ml_prj_Vitis_2023_da4ml_prj
* Solution:       solution1 (Vivado IP Flow Target)
* Product family: zynquplus
* Target device:  xck26-sfvc784-2LV-c


================================================================
== Performance Estimates
================================================================
+ Timing: 
    * Summary: 
    +--------+---------+----------+------------+
    |  Clock |  Target | Estimated| Uncertainty|
    +--------+---------+----------+------------+
    |ap_clk  |  5.00 ns|  1.231 ns|     1.35 ns|
    +--------+---------+----------+------------+

+ Latency: 
    * Summary: 
    +---------+---------+----------+----------+-----+-----+---------+
    |  Latency (cycles) |  Latency (absolute) |  Interval | Pipeline|
    |   min   |   max   |    min   |    max   | min | max |   Type  |
    +---------+---------+----------+----------+-----+-----+---------+
    |        0|        0|      0 ns|      0 ns|    1|    1|      yes|
    +---------+---------+----------+----------+-----+-----+---------+

    + Detail: 
        * Instance: 
        N/A

        * Loop: 
        N/A

============================================================
+ Verbose Summary: Synthesis Manager
============================================================
InlineROM: 1
ExposeGlobal: 0
============================================================
+ Verbose Summary: CDFG Model
============================================================
IsTopModel: 0
ResetActiveHigh: 1
IsCombinational: 0
IsDatapathOnly: 0
HasWiredReturn: 1
HasMFsm: 2
HasVarLatency: 0
IsPipeline: 1
IsRtlPipelined: 0
IsInstanceOverlapped: 0
IsDontTouch: 0
HasImplIP: 0
IsGatedGlobalClock: 0

+ Individual pipeline summary: 
  * Pipeline-0: initiation interval (II) = 1, depth = 1


============================================================
+ Verbose Summary: Schedule
============================================================
* Number of FSM states : 1
* Pipeline : 1
  Pipeline-0 : II = 1, D = 1, States = { 1 }
* Dataflow Pipeline: 0

* FSM state transitions: 
1 --> 

* FSM state operations: 

State 1 <SV = 0> <Delay = 1.23>
ST_1 : Operation 2 [1/1] (0.00ns)   --->   "%specpipeline_ln48 = specpipeline void @_ssdm_op_SpecPipeline, i32 4294967295, i32 0, i32 0, i32 0, void @empty_0" [firmware/nnet_utils/nnet_activation.h:48]   --->   Operation 2 'specpipeline' 'specpipeline_ln48' <Predicate = true> <Delay = 0.00>
ST_1 : Operation 3 [1/1] (0.00ns)   --->   "%data_31_val_read = read i12 @_ssdm_op_Read.ap_auto.i12, i12 %data_31_val" [firmware/nnet_utils/nnet_activation.h:45]   --->   Operation 3 'read' 'data_31_val_read' <Predicate = true> <Delay = 0.00>
ST_1 : Operation 4 [1/1] (0.00ns)   --->   "%data_28_val_read = read i11 @_ssdm_op_Read.ap_auto.i11, i11 %data_28_val" [firmware/nnet_utils/nnet_activation.h:45]   --->   Operation 4 'read' 'data_28_val_read' <Predicate = true> <Delay = 0.00>
ST_1 : Operation 5 [1/1] (0.00ns)   --->   "%data_26_val_read = read i13 @_ssdm_op_Read.ap_auto.i13, i13 %data_26_val" [firmware/nnet_utils/nnet_activation.h:45]   --->   Operation 5 'read' 'data_26_val_read' <Predicate = true> <Delay = 0.00>
ST_1 : Operation 6 [1/1] (0.00ns)   --->   "%data_23_val_read = read i14 @_ssdm_op_Read.ap_auto.i14, i14 %data_23_val" [firmware/nnet_utils/nnet_activation.h:45]   --->   Operation 6 'read' 'data_23_val_read' <Predicate = true> <Delay = 0.00>
ST_1 : Operation 7 [1/1] (0.00ns)   --->   "%data_22_val_read = read i15 @_ssdm_op_Read.ap_auto.i15, i15 %data_22_val" [firmware/nnet_utils/nnet_activation.h:45]   --->   Operation 7 'read' 'data_22_val_read' <Predicate = true> <Delay = 0.00>
ST_1 : Operation 8 [1/1] (0.00ns)   --->   "%data_21_val_read = read i14 @_ssdm_op_Read.ap_auto.i14, i14 %data_21_val" [firmware/nnet_utils/nnet_activation.h:45]   --->   Operation 8 'read' 'data_21_val_read' <Predicate = true> <Delay = 0.00>
ST_1 : Operation 9 [1/1] (0.00ns)   --->   "%data_18_val_read = read i14 @_ssdm_op_Read.ap_auto.i14, i14 %data_18_val" [firmware/nnet_utils/nnet_activation.h:45]   --->   Operation 9 'read' 'data_18_val_read' <Predicate = true> <Delay = 0.00>
ST_1 : Operation 10 [1/1] (0.00ns)   --->   "%data_16_val_read = read i14 @_ssdm_op_Read.ap_auto.i14, i14 %data_16_val" [firmware/nnet_utils/nnet_activation.h:45]   --->   Operation 10 'read' 'data_16_val_read' <Predicate = true> <Delay = 0.00>
ST_1 : Operation 11 [1/1] (0.00ns)   --->   "%data_15_val_read = read i14 @_ssdm_op_Read.ap_auto.i14, i14 %data_15_val" [firmware/nnet_utils/nnet_activation.h:45]   --->   Operation 11 'read' 'data_15_val_read' <Predicate = true> <Delay = 0.00>
ST_1 : Operation 12 [1/1] (0.00ns)   --->   "%data_13_val_read = read i13 @_ssdm_op_Read.ap_auto.i13, i13 %data_13_val" [firmware/nnet_utils/nnet_activation.h:45]   --->   Operation 12 'read' 'data_13_val_read' <Predicate = true> <Delay = 0.00>
ST_1 : Operation 13 [1/1] (0.00ns)   --->   "%data_10_val_read = read i12 @_ssdm_op_Read.ap_auto.i12, i12 %data_10_val" [firmware/nnet_utils/nnet_activation.h:45]   --->   Operation 13 'read' 'data_10_val_read' <Predicate = true> <Delay = 0.00>
ST_1 : Operation 14 [1/1] (0.00ns)   --->   "%data_6_val_read = read i12 @_ssdm_op_Read.ap_auto.i12, i12 %data_6_val" [firmware/nnet_utils/nnet_activation.h:45]   --->   Operation 14 'read' 'data_6_val_read' <Predicate = true> <Delay = 0.00>
ST_1 : Operation 15 [1/1] (0.00ns)   --->   "%data_5_val_read = read i13 @_ssdm_op_Read.ap_auto.i13, i13 %data_5_val" [firmware/nnet_utils/nnet_activation.h:45]   --->   Operation 15 'read' 'data_5_val_read' <Predicate = true> <Delay = 0.00>
ST_1 : Operation 16 [1/1] (0.00ns)   --->   "%data_4_val_read = read i13 @_ssdm_op_Read.ap_auto.i13, i13 %data_4_val" [firmware/nnet_utils/nnet_activation.h:45]   --->   Operation 16 'read' 'data_4_val_read' <Predicate = true> <Delay = 0.00>
ST_1 : Operation 17 [1/1] (0.00ns)   --->   "%data_2_val_read = read i13 @_ssdm_op_Read.ap_auto.i13, i13 %data_2_val" [firmware/nnet_utils/nnet_activation.h:45]   --->   Operation 17 'read' 'data_2_val_read' <Predicate = true> <Delay = 0.00>
ST_1 : Operation 18 [1/1] (0.82ns)   --->   "%icmp_ln45 = icmp_sgt  i13 %data_2_val_read, i13 0" [firmware/nnet_utils/nnet_activation.h:45]   --->   Operation 18 'icmp' 'icmp_ln45' <Predicate = true> <Delay = 0.82> <CoreInst = "Cmp">   --->   Core 9 'Cmp' <Latency = 0> <II = 1> <Delay = 0.82> <FuncUnit> <Opcode : 'icmp'> <InPorts = 2> <OutPorts = 1>
ST_1 : Operation 19 [1/1] (0.00ns)   --->   "%trunc_ln46 = trunc i13 %data_2_val_read" [firmware/nnet_utils/nnet_activation.h:46]   --->   Operation 19 'trunc' 'trunc_ln46' <Predicate = (icmp_ln45)> <Delay = 0.00>
ST_1 : Operation 20 [1/1] (0.38ns)   --->   "%select_ln45 = select i1 %icmp_ln45, i11 %trunc_ln46, i11 0" [firmware/nnet_utils/nnet_activation.h:45]   --->   Operation 20 'select' 'select_ln45' <Predicate = true> <Delay = 0.38> <CoreInst = "Sel">   --->   Core 73 'Sel' <Latency = 0> <II = 1> <Delay = 0.38> <FuncUnit> <Opcode : 'select'> <InPorts = 3> <OutPorts = 1>
ST_1 : Operation 21 [1/1] (0.82ns)   --->   "%icmp_ln45_1 = icmp_sgt  i13 %data_4_val_read, i13 0" [firmware/nnet_utils/nnet_activation.h:45]   --->   Operation 21 'icmp' 'icmp_ln45_1' <Predicate = true> <Delay = 0.82> <CoreInst = "Cmp">   --->   Core 9 'Cmp' <Latency = 0> <II = 1> <Delay = 0.82> <FuncUnit> <Opcode : 'icmp'> <InPorts = 2> <OutPorts = 1>
ST_1 : Operation 22 [1/1] (0.00ns)   --->   "%trunc_ln46_1 = trunc i13 %data_4_val_read" [firmware/nnet_utils/nnet_activation.h:46]   --->   Operation 22 'trunc' 'trunc_ln46_1' <Predicate = (icmp_ln45_1)> <Delay = 0.00>
ST_1 : Operation 23 [1/1] (0.38ns)   --->   "%select_ln45_1 = select i1 %icmp_ln45_1, i11 %trunc_ln46_1, i11 0" [firmware/nnet_utils/nnet_activation.h:45]   --->   Operation 23 'select' 'select_ln45_1' <Predicate = true> <Delay = 0.38> <CoreInst = "Sel">   --->   Core 73 'Sel' <Latency = 0> <II = 1> <Delay = 0.38> <FuncUnit> <Opcode : 'select'> <InPorts = 3> <OutPorts = 1>
ST_1 : Operation 24 [1/1] (0.82ns)   --->   "%icmp_ln45_2 = icmp_sgt  i13 %data_5_val_read, i13 0" [firmware/nnet_utils/nnet_activation.h:45]   --->   Operation 24 'icmp' 'icmp_ln45_2' <Predicate = true> <Delay = 0.82> <CoreInst = "Cmp">   --->   Core 9 'Cmp' <Latency = 0> <II = 1> <Delay = 0.82> <FuncUnit> <Opcode : 'icmp'> <InPorts = 2> <OutPorts = 1>
ST_1 : Operation 25 [1/1] (0.00ns)   --->   "%trunc_ln46_2 = trunc i13 %data_5_val_read" [firmware/nnet_utils/nnet_activation.h:46]   --->   Operation 25 'trunc' 'trunc_ln46_2' <Predicate = (icmp_ln45_2)> <Delay = 0.00>
ST_1 : Operation 26 [1/1] (0.36ns)   --->   "%select_ln45_2 = select i1 %icmp_ln45_2, i7 %trunc_ln46_2, i7 0" [firmware/nnet_utils/nnet_activation.h:45]   --->   Operation 26 'select' 'select_ln45_2' <Predicate = true> <Delay = 0.36> <CoreInst = "Sel">   --->   Core 73 'Sel' <Latency = 0> <II = 1> <Delay = 0.36> <FuncUnit> <Opcode : 'select'> <InPorts = 3> <OutPorts = 1>
ST_1 : Operation 27 [1/1] (0.00ns)   --->   "%zext_ln45 = zext i7 %select_ln45_2" [firmware/nnet_utils/nnet_activation.h:45]   --->   Operation 27 'zext' 'zext_ln45' <Predicate = true> <Delay = 0.00>
ST_1 : Operation 28 [1/1] (0.80ns)   --->   "%icmp_ln45_3 = icmp_sgt  i12 %data_6_val_read, i12 0" [firmware/nnet_utils/nnet_activation.h:45]   --->   Operation 28 'icmp' 'icmp_ln45_3' <Predicate = true> <Delay = 0.80> <CoreInst = "Cmp">   --->   Core 9 'Cmp' <Latency = 0> <II = 1> <Delay = 0.80> <FuncUnit> <Opcode : 'icmp'> <InPorts = 2> <OutPorts = 1>
ST_1 : Operation 29 [1/1] (0.00ns)   --->   "%trunc_ln46_3 = trunc i12 %data_6_val_read" [firmware/nnet_utils/nnet_activation.h:46]   --->   Operation 29 'trunc' 'trunc_ln46_3' <Predicate = (icmp_ln45_3)> <Delay = 0.00>
ST_1 : Operation 30 [1/1] (0.38ns)   --->   "%select_ln45_3 = select i1 %icmp_ln45_3, i11 %trunc_ln46_3, i11 0" [firmware/nnet_utils/nnet_activation.h:45]   --->   Operation 30 'select' 'select_ln45_3' <Predicate = true> <Delay = 0.38> <CoreInst = "Sel">   --->   Core 73 'Sel' <Latency = 0> <II = 1> <Delay = 0.38> <FuncUnit> <Opcode : 'select'> <InPorts = 3> <OutPorts = 1>
ST_1 : Operation 31 [1/1] (0.80ns)   --->   "%icmp_ln45_4 = icmp_sgt  i12 %data_10_val_read, i12 0" [firmware/nnet_utils/nnet_activation.h:45]   --->   Operation 31 'icmp' 'icmp_ln45_4' <Predicate = true> <Delay = 0.80> <CoreInst = "Cmp">   --->   Core 9 'Cmp' <Latency = 0> <II = 1> <Delay = 0.80> <FuncUnit> <Opcode : 'icmp'> <InPorts = 2> <OutPorts = 1>
ST_1 : Operation 32 [1/1] (0.00ns)   --->   "%trunc_ln46_4 = trunc i12 %data_10_val_read" [firmware/nnet_utils/nnet_activation.h:46]   --->   Operation 32 'trunc' 'trunc_ln46_4' <Predicate = (icmp_ln45_4)> <Delay = 0.00>
ST_1 : Operation 33 [1/1] (0.38ns)   --->   "%select_ln45_4 = select i1 %icmp_ln45_4, i11 %trunc_ln46_4, i11 0" [firmware/nnet_utils/nnet_activation.h:45]   --->   Operation 33 'select' 'select_ln45_4' <Predicate = true> <Delay = 0.38> <CoreInst = "Sel">   --->   Core 73 'Sel' <Latency = 0> <II = 1> <Delay = 0.38> <FuncUnit> <Opcode : 'select'> <InPorts = 3> <OutPorts = 1>
ST_1 : Operation 34 [1/1] (0.82ns)   --->   "%icmp_ln45_5 = icmp_sgt  i13 %data_13_val_read, i13 0" [firmware/nnet_utils/nnet_activation.h:45]   --->   Operation 34 'icmp' 'icmp_ln45_5' <Predicate = true> <Delay = 0.82> <CoreInst = "Cmp">   --->   Core 9 'Cmp' <Latency = 0> <II = 1> <Delay = 0.82> <FuncUnit> <Opcode : 'icmp'> <InPorts = 2> <OutPorts = 1>
ST_1 : Operation 35 [1/1] (0.00ns)   --->   "%trunc_ln46_5 = trunc i13 %data_13_val_read" [firmware/nnet_utils/nnet_activation.h:46]   --->   Operation 35 'trunc' 'trunc_ln46_5' <Predicate = (icmp_ln45_5)> <Delay = 0.00>
ST_1 : Operation 36 [1/1] (0.39ns)   --->   "%select_ln45_5 = select i1 %icmp_ln45_5, i9 %trunc_ln46_5, i9 0" [firmware/nnet_utils/nnet_activation.h:45]   --->   Operation 36 'select' 'select_ln45_5' <Predicate = true> <Delay = 0.39> <CoreInst = "Sel">   --->   Core 73 'Sel' <Latency = 0> <II = 1> <Delay = 0.39> <FuncUnit> <Opcode : 'select'> <InPorts = 3> <OutPorts = 1>
ST_1 : Operation 37 [1/1] (0.00ns)   --->   "%zext_ln45_1 = zext i9 %select_ln45_5" [firmware/nnet_utils/nnet_activation.h:45]   --->   Operation 37 'zext' 'zext_ln45_1' <Predicate = true> <Delay = 0.00>
ST_1 : Operation 38 [1/1] (0.83ns)   --->   "%icmp_ln45_6 = icmp_sgt  i14 %data_15_val_read, i14 0" [firmware/nnet_utils/nnet_activation.h:45]   --->   Operation 38 'icmp' 'icmp_ln45_6' <Predicate = true> <Delay = 0.83> <CoreInst = "Cmp">   --->   Core 9 'Cmp' <Latency = 0> <II = 1> <Delay = 0.83> <FuncUnit> <Opcode : 'icmp'> <InPorts = 2> <OutPorts = 1>
ST_1 : Operation 39 [1/1] (0.00ns)   --->   "%trunc_ln46_6 = trunc i14 %data_15_val_read" [firmware/nnet_utils/nnet_activation.h:46]   --->   Operation 39 'trunc' 'trunc_ln46_6' <Predicate = (icmp_ln45_6)> <Delay = 0.00>
ST_1 : Operation 40 [1/1] (0.38ns)   --->   "%select_ln45_6 = select i1 %icmp_ln45_6, i6 %trunc_ln46_6, i6 0" [firmware/nnet_utils/nnet_activation.h:45]   --->   Operation 40 'select' 'select_ln45_6' <Predicate = true> <Delay = 0.38> <CoreInst = "Sel">   --->   Core 73 'Sel' <Latency = 0> <II = 1> <Delay = 0.38> <FuncUnit> <Opcode : 'select'> <InPorts = 3> <OutPorts = 1>
ST_1 : Operation 41 [1/1] (0.00ns)   --->   "%zext_ln45_2 = zext i6 %select_ln45_6" [firmware/nnet_utils/nnet_activation.h:45]   --->   Operation 41 'zext' 'zext_ln45_2' <Predicate = true> <Delay = 0.00>
ST_1 : Operation 42 [1/1] (0.83ns)   --->   "%icmp_ln45_7 = icmp_sgt  i14 %data_16_val_read, i14 0" [firmware/nnet_utils/nnet_activation.h:45]   --->   Operation 42 'icmp' 'icmp_ln45_7' <Predicate = true> <Delay = 0.83> <CoreInst = "Cmp">   --->   Core 9 'Cmp' <Latency = 0> <II = 1> <Delay = 0.83> <FuncUnit> <Opcode : 'icmp'> <InPorts = 2> <OutPorts = 1>
ST_1 : Operation 43 [1/1] (0.00ns)   --->   "%trunc_ln46_7 = trunc i14 %data_16_val_read" [firmware/nnet_utils/nnet_activation.h:46]   --->   Operation 43 'trunc' 'trunc_ln46_7' <Predicate = (icmp_ln45_7)> <Delay = 0.00>
ST_1 : Operation 44 [1/1] (0.39ns)   --->   "%select_ln45_7 = select i1 %icmp_ln45_7, i9 %trunc_ln46_7, i9 0" [firmware/nnet_utils/nnet_activation.h:45]   --->   Operation 44 'select' 'select_ln45_7' <Predicate = true> <Delay = 0.39> <CoreInst = "Sel">   --->   Core 73 'Sel' <Latency = 0> <II = 1> <Delay = 0.39> <FuncUnit> <Opcode : 'select'> <InPorts = 3> <OutPorts = 1>
ST_1 : Operation 45 [1/1] (0.00ns)   --->   "%zext_ln45_3 = zext i9 %select_ln45_7" [firmware/nnet_utils/nnet_activation.h:45]   --->   Operation 45 'zext' 'zext_ln45_3' <Predicate = true> <Delay = 0.00>
ST_1 : Operation 46 [1/1] (0.83ns)   --->   "%icmp_ln45_8 = icmp_sgt  i14 %data_18_val_read, i14 0" [firmware/nnet_utils/nnet_activation.h:45]   --->   Operation 46 'icmp' 'icmp_ln45_8' <Predicate = true> <Delay = 0.83> <CoreInst = "Cmp">   --->   Core 9 'Cmp' <Latency = 0> <II = 1> <Delay = 0.83> <FuncUnit> <Opcode : 'icmp'> <InPorts = 2> <OutPorts = 1>
ST_1 : Operation 47 [1/1] (0.00ns)   --->   "%trunc_ln46_8 = trunc i14 %data_18_val_read" [firmware/nnet_utils/nnet_activation.h:46]   --->   Operation 47 'trunc' 'trunc_ln46_8' <Predicate = (icmp_ln45_8)> <Delay = 0.00>
ST_1 : Operation 48 [1/1] (0.38ns)   --->   "%select_ln45_8 = select i1 %icmp_ln45_8, i11 %trunc_ln46_8, i11 0" [firmware/nnet_utils/nnet_activation.h:45]   --->   Operation 48 'select' 'select_ln45_8' <Predicate = true> <Delay = 0.38> <CoreInst = "Sel">   --->   Core 73 'Sel' <Latency = 0> <II = 1> <Delay = 0.38> <FuncUnit> <Opcode : 'select'> <InPorts = 3> <OutPorts = 1>
ST_1 : Operation 49 [1/1] (0.83ns)   --->   "%icmp_ln45_9 = icmp_sgt  i14 %data_21_val_read, i14 0" [firmware/nnet_utils/nnet_activation.h:45]   --->   Operation 49 'icmp' 'icmp_ln45_9' <Predicate = true> <Delay = 0.83> <CoreInst = "Cmp">   --->   Core 9 'Cmp' <Latency = 0> <II = 1> <Delay = 0.83> <FuncUnit> <Opcode : 'icmp'> <InPorts = 2> <OutPorts = 1>
ST_1 : Operation 50 [1/1] (0.00ns)   --->   "%trunc_ln46_9 = trunc i14 %data_21_val_read" [firmware/nnet_utils/nnet_activation.h:46]   --->   Operation 50 'trunc' 'trunc_ln46_9' <Predicate = (icmp_ln45_9)> <Delay = 0.00>
ST_1 : Operation 51 [1/1] (0.38ns)   --->   "%select_ln45_9 = select i1 %icmp_ln45_9, i11 %trunc_ln46_9, i11 0" [firmware/nnet_utils/nnet_activation.h:45]   --->   Operation 51 'select' 'select_ln45_9' <Predicate = true> <Delay = 0.38> <CoreInst = "Sel">   --->   Core 73 'Sel' <Latency = 0> <II = 1> <Delay = 0.38> <FuncUnit> <Opcode : 'select'> <InPorts = 3> <OutPorts = 1>
ST_1 : Operation 52 [1/1] (0.84ns)   --->   "%icmp_ln45_10 = icmp_sgt  i15 %data_22_val_read, i15 0" [firmware/nnet_utils/nnet_activation.h:45]   --->   Operation 52 'icmp' 'icmp_ln45_10' <Predicate = true> <Delay = 0.84> <CoreInst = "Cmp">   --->   Core 9 'Cmp' <Latency = 0> <II = 1> <Delay = 0.84> <FuncUnit> <Opcode : 'icmp'> <InPorts = 2> <OutPorts = 1>
ST_1 : Operation 53 [1/1] (0.00ns)   --->   "%trunc_ln46_10 = trunc i15 %data_22_val_read" [firmware/nnet_utils/nnet_activation.h:46]   --->   Operation 53 'trunc' 'trunc_ln46_10' <Predicate = (icmp_ln45_10)> <Delay = 0.00>
ST_1 : Operation 54 [1/1] (0.38ns)   --->   "%select_ln45_10 = select i1 %icmp_ln45_10, i11 %trunc_ln46_10, i11 0" [firmware/nnet_utils/nnet_activation.h:45]   --->   Operation 54 'select' 'select_ln45_10' <Predicate = true> <Delay = 0.38> <CoreInst = "Sel">   --->   Core 73 'Sel' <Latency = 0> <II = 1> <Delay = 0.38> <FuncUnit> <Opcode : 'select'> <InPorts = 3> <OutPorts = 1>
ST_1 : Operation 55 [1/1] (0.83ns)   --->   "%icmp_ln45_11 = icmp_sgt  i14 %data_23_val_read, i14 0" [firmware/nnet_utils/nnet_activation.h:45]   --->   Operation 55 'icmp' 'icmp_ln45_11' <Predicate = true> <Delay = 0.83> <CoreInst = "Cmp">   --->   Core 9 'Cmp' <Latency = 0> <II = 1> <Delay = 0.83> <FuncUnit> <Opcode : 'icmp'> <InPorts = 2> <OutPorts = 1>
ST_1 : Operation 56 [1/1] (0.00ns)   --->   "%trunc_ln46_11 = trunc i14 %data_23_val_read" [firmware/nnet_utils/nnet_activation.h:46]   --->   Operation 56 'trunc' 'trunc_ln46_11' <Predicate = (icmp_ln45_11)> <Delay = 0.00>
ST_1 : Operation 57 [1/1] (0.38ns)   --->   "%select_ln45_11 = select i1 %icmp_ln45_11, i11 %trunc_ln46_11, i11 0" [firmware/nnet_utils/nnet_activation.h:45]   --->   Operation 57 'select' 'select_ln45_11' <Predicate = true> <Delay = 0.38> <CoreInst = "Sel">   --->   Core 73 'Sel' <Latency = 0> <II = 1> <Delay = 0.38> <FuncUnit> <Opcode : 'select'> <InPorts = 3> <OutPorts = 1>
ST_1 : Operation 58 [1/1] (0.82ns)   --->   "%icmp_ln45_12 = icmp_sgt  i13 %data_26_val_read, i13 0" [firmware/nnet_utils/nnet_activation.h:45]   --->   Operation 58 'icmp' 'icmp_ln45_12' <Predicate = true> <Delay = 0.82> <CoreInst = "Cmp">   --->   Core 9 'Cmp' <Latency = 0> <II = 1> <Delay = 0.82> <FuncUnit> <Opcode : 'icmp'> <InPorts = 2> <OutPorts = 1>
ST_1 : Operation 59 [1/1] (0.00ns)   --->   "%trunc_ln46_12 = trunc i13 %data_26_val_read" [firmware/nnet_utils/nnet_activation.h:46]   --->   Operation 59 'trunc' 'trunc_ln46_12' <Predicate = (icmp_ln45_12)> <Delay = 0.00>
ST_1 : Operation 60 [1/1] (0.38ns)   --->   "%select_ln45_12 = select i1 %icmp_ln45_12, i11 %trunc_ln46_12, i11 0" [firmware/nnet_utils/nnet_activation.h:45]   --->   Operation 60 'select' 'select_ln45_12' <Predicate = true> <Delay = 0.38> <CoreInst = "Sel">   --->   Core 73 'Sel' <Latency = 0> <II = 1> <Delay = 0.38> <FuncUnit> <Opcode : 'select'> <InPorts = 3> <OutPorts = 1>
ST_1 : Operation 61 [1/1] (0.79ns)   --->   "%icmp_ln45_13 = icmp_sgt  i11 %data_28_val_read, i11 0" [firmware/nnet_utils/nnet_activation.h:45]   --->   Operation 61 'icmp' 'icmp_ln45_13' <Predicate = true> <Delay = 0.79> <CoreInst = "Cmp">   --->   Core 9 'Cmp' <Latency = 0> <II = 1> <Delay = 0.79> <FuncUnit> <Opcode : 'icmp'> <InPorts = 2> <OutPorts = 1>
ST_1 : Operation 62 [1/1] (0.00ns)   --->   "%trunc_ln46_13 = trunc i11 %data_28_val_read" [firmware/nnet_utils/nnet_activation.h:46]   --->   Operation 62 'trunc' 'trunc_ln46_13' <Predicate = (icmp_ln45_13)> <Delay = 0.00>
ST_1 : Operation 63 [1/1] (0.40ns)   --->   "%select_ln45_13 = select i1 %icmp_ln45_13, i10 %trunc_ln46_13, i10 0" [firmware/nnet_utils/nnet_activation.h:45]   --->   Operation 63 'select' 'select_ln45_13' <Predicate = true> <Delay = 0.40> <CoreInst = "Sel">   --->   Core 73 'Sel' <Latency = 0> <II = 1> <Delay = 0.40> <FuncUnit> <Opcode : 'select'> <InPorts = 3> <OutPorts = 1>
ST_1 : Operation 64 [1/1] (0.00ns)   --->   "%zext_ln45_4 = zext i10 %select_ln45_13" [firmware/nnet_utils/nnet_activation.h:45]   --->   Operation 64 'zext' 'zext_ln45_4' <Predicate = true> <Delay = 0.00>
ST_1 : Operation 65 [1/1] (0.80ns)   --->   "%icmp_ln45_14 = icmp_sgt  i12 %data_31_val_read, i12 0" [firmware/nnet_utils/nnet_activation.h:45]   --->   Operation 65 'icmp' 'icmp_ln45_14' <Predicate = true> <Delay = 0.80> <CoreInst = "Cmp">   --->   Core 9 'Cmp' <Latency = 0> <II = 1> <Delay = 0.80> <FuncUnit> <Opcode : 'icmp'> <InPorts = 2> <OutPorts = 1>
ST_1 : Operation 66 [1/1] (0.00ns)   --->   "%trunc_ln46_14 = trunc i12 %data_31_val_read" [firmware/nnet_utils/nnet_activation.h:46]   --->   Operation 66 'trunc' 'trunc_ln46_14' <Predicate = (icmp_ln45_14)> <Delay = 0.00>
ST_1 : Operation 67 [1/1] (0.38ns)   --->   "%select_ln45_14 = select i1 %icmp_ln45_14, i11 %trunc_ln46_14, i11 0" [firmware/nnet_utils/nnet_activation.h:45]   --->   Operation 67 'select' 'select_ln45_14' <Predicate = true> <Delay = 0.38> <CoreInst = "Sel">   --->   Core 73 'Sel' <Latency = 0> <II = 1> <Delay = 0.38> <FuncUnit> <Opcode : 'select'> <InPorts = 3> <OutPorts = 1>
ST_1 : Operation 68 [1/1] (0.00ns)   --->   "%newret = insertvalue i165 <undef>, i11 %select_ln45" [firmware/nnet_utils/nnet_activation.h:45]   --->   Operation 68 'insertvalue' 'newret' <Predicate = true> <Delay = 0.00>
ST_1 : Operation 69 [1/1] (0.00ns)   --->   "%newret2 = insertvalue i165 %newret, i11 %select_ln45_1" [firmware/nnet_utils/nnet_activation.h:45]   --->   Operation 69 'insertvalue' 'newret2' <Predicate = true> <Delay = 0.00>
ST_1 : Operation 70 [1/1] (0.00ns)   --->   "%newret4 = insertvalue i165 %newret2, i11 %zext_ln45" [firmware/nnet_utils/nnet_activation.h:45]   --->   Operation 70 'insertvalue' 'newret4' <Predicate = true> <Delay = 0.00>
ST_1 : Operation 71 [1/1] (0.00ns)   --->   "%newret6 = insertvalue i165 %newret4, i11 %select_ln45_3" [firmware/nnet_utils/nnet_activation.h:45]   --->   Operation 71 'insertvalue' 'newret6' <Predicate = true> <Delay = 0.00>
ST_1 : Operation 72 [1/1] (0.00ns)   --->   "%newret8 = insertvalue i165 %newret6, i11 %select_ln45_4" [firmware/nnet_utils/nnet_activation.h:45]   --->   Operation 72 'insertvalue' 'newret8' <Predicate = true> <Delay = 0.00>
ST_1 : Operation 73 [1/1] (0.00ns)   --->   "%newret1 = insertvalue i165 %newret8, i11 %zext_ln45_1" [firmware/nnet_utils/nnet_activation.h:45]   --->   Operation 73 'insertvalue' 'newret1' <Predicate = true> <Delay = 0.00>
ST_1 : Operation 74 [1/1] (0.00ns)   --->   "%newret3 = insertvalue i165 %newret1, i11 %zext_ln45_2" [firmware/nnet_utils/nnet_activation.h:45]   --->   Operation 74 'insertvalue' 'newret3' <Predicate = true> <Delay = 0.00>
ST_1 : Operation 75 [1/1] (0.00ns)   --->   "%newret5 = insertvalue i165 %newret3, i11 %zext_ln45_3" [firmware/nnet_utils/nnet_activation.h:45]   --->   Operation 75 'insertvalue' 'newret5' <Predicate = true> <Delay = 0.00>
ST_1 : Operation 76 [1/1] (0.00ns)   --->   "%newret7 = insertvalue i165 %newret5, i11 %select_ln45_8" [firmware/nnet_utils/nnet_activation.h:45]   --->   Operation 76 'insertvalue' 'newret7' <Predicate = true> <Delay = 0.00>
ST_1 : Operation 77 [1/1] (0.00ns)   --->   "%newret9 = insertvalue i165 %newret7, i11 %select_ln45_9" [firmware/nnet_utils/nnet_activation.h:45]   --->   Operation 77 'insertvalue' 'newret9' <Predicate = true> <Delay = 0.00>
ST_1 : Operation 78 [1/1] (0.00ns)   --->   "%newret10 = insertvalue i165 %newret9, i11 %select_ln45_10" [firmware/nnet_utils/nnet_activation.h:45]   --->   Operation 78 'insertvalue' 'newret10' <Predicate = true> <Delay = 0.00>
ST_1 : Operation 79 [1/1] (0.00ns)   --->   "%newret11 = insertvalue i165 %newret10, i11 %select_ln45_11" [firmware/nnet_utils/nnet_activation.h:45]   --->   Operation 79 'insertvalue' 'newret11' <Predicate = true> <Delay = 0.00>
ST_1 : Operation 80 [1/1] (0.00ns)   --->   "%newret12 = insertvalue i165 %newret11, i11 %select_ln45_12" [firmware/nnet_utils/nnet_activation.h:45]   --->   Operation 80 'insertvalue' 'newret12' <Predicate = true> <Delay = 0.00>
ST_1 : Operation 81 [1/1] (0.00ns)   --->   "%newret13 = insertvalue i165 %newret12, i11 %zext_ln45_4" [firmware/nnet_utils/nnet_activation.h:45]   --->   Operation 81 'insertvalue' 'newret13' <Predicate = true> <Delay = 0.00>
ST_1 : Operation 82 [1/1] (0.00ns)   --->   "%newret14 = insertvalue i165 %newret13, i11 %select_ln45_14" [firmware/nnet_utils/nnet_activation.h:45]   --->   Operation 82 'insertvalue' 'newret14' <Predicate = true> <Delay = 0.00>
ST_1 : Operation 83 [1/1] (0.00ns)   --->   "%ret_ln45 = ret i165 %newret14" [firmware/nnet_utils/nnet_activation.h:45]   --->   Operation 83 'ret' 'ret_ln45' <Predicate = true> <Delay = 0.00>


============================================================
+ Verbose Summary: Timing violations
============================================================
Target clock period: 5.000ns, clock uncertainty: 1.350ns.

 <State 1>: 1.231ns
The critical path consists of the following:
	wire read operation ('data_22_val_read', firmware/nnet_utils/nnet_activation.h:45) on port 'data_22_val' (firmware/nnet_utils/nnet_activation.h:45) [21]  (0.000 ns)
	'icmp' operation 1 bit ('icmp_ln45_10', firmware/nnet_utils/nnet_activation.h:45) [66]  (0.842 ns)
	'select' operation 11 bit ('select_ln45_10', firmware/nnet_utils/nnet_activation.h:45) [68]  (0.389 ns)


============================================================
+ Verbose Summary: Binding
============================================================
N/A
* FSMD analyzer results:
  - Output states:
 - Input state : 
  - Chain level:
	State 1


============================================================
+ Verbose Summary: Datapath Resource usage 
============================================================
N/A
