

================================================================
== Vitis HLS Report for 'dense_array_ap_ufixed_64u_array_ap_fixed_15_12_5_3_0_32u_config9_s'
================================================================
* Date:           Thu May  7 11:52:04 2026

* Version:        2025.2 (Build 6295257 on Nov 14 2025)
* Project:        vitis_unified_project
* Solution:       hls (Vivado IP Flow Target)
* Product family: zynquplus
* Target device:  xck26-sfvc784-2LV-c


================================================================
== Performance Estimates
================================================================
+ Timing: 
    * Summary: 
    +--------+---------+----------+------------+
    |  Clock |  Target | Estimated| Uncertainty|
    +--------+---------+----------+------------+
    |ap_clk  |  5.00 ns|  4.143 ns|     0.62 ns|
    +--------+---------+----------+------------+

+ Latency: 
    * Summary: 
    +---------+---------+-----------+-----------+-----+-----+---------+
    |  Latency (cycles) |   Latency (absolute)  |  Interval | Pipeline|
    |   min   |   max   |    min    |    max    | min | max |   Type  |
    +---------+---------+-----------+-----------+-----+-----+---------+
    |        2|        2|  10.000 ns|  10.000 ns|    2|    2|       no|
    +---------+---------+-----------+-----------+-----+-----+---------+

    + Detail: 
        * Instance: 
        +---------------------------------------------------------------------------------+------------------------------------------------------------------+---------+---------+----------+----------+-----+-----+---------+
        |                                                                                 |                                                                  |  Latency (cycles) |  Latency (absolute) |  Interval | Pipeline|
        |                                     Instance                                    |                              Module                              |   min   |   max   |    min   |    max   | min | max |   Type  |
        +---------------------------------------------------------------------------------+------------------------------------------------------------------+---------+---------+----------+----------+-----+-----+---------+
        |call_ret_dense_latency_ap_ufixed_8_6_0_3_0_ap_fixed_15_12_5_3_0_config9_s_fu_85  |dense_latency_ap_ufixed_8_6_0_3_0_ap_fixed_15_12_5_3_0_config9_s  |        0|        0|      0 ns|      0 ns|    1|    1|      yes|
        +---------------------------------------------------------------------------------+------------------------------------------------------------------+---------+---------+----------+----------+-----+-----+---------+

        * Loop: 
        N/A



================================================================
== Utilization Estimates
================================================================
* Summary: 
+-----------------+---------+------+--------+--------+-----+
|       Name      | BRAM_18K|  DSP |   FF   |   LUT  | URAM|
+-----------------+---------+------+--------+--------+-----+
|DSP              |        -|     -|       -|       -|    -|
|Expression       |        -|     -|       0|       2|    -|
|FIFO             |        -|     -|       -|       -|    -|
|Instance         |        -|     -|       0|    1009|    -|
|Memory           |        -|     -|       -|       -|    -|
|Multiplexer      |        -|     -|       0|      56|    -|
|Register         |        -|     -|     153|       -|    -|
+-----------------+---------+------+--------+--------+-----+
|Total            |        0|     0|     153|    1067|    0|
+-----------------+---------+------+--------+--------+-----+
|Available        |      288|  1248|  234240|  117120|   64|
+-----------------+---------+------+--------+--------+-----+
|Utilization (%)  |        0|     0|      ~0|      ~0|    0|
+-----------------+---------+------+--------+--------+-----+

+ Detail: 
    * Instance: 
    +---------------------------------------------------------------------------------+------------------------------------------------------------------+---------+----+---+------+-----+
    |                                     Instance                                    |                              Module                              | BRAM_18K| DSP| FF|  LUT | URAM|
    +---------------------------------------------------------------------------------+------------------------------------------------------------------+---------+----+---+------+-----+
    |call_ret_dense_latency_ap_ufixed_8_6_0_3_0_ap_fixed_15_12_5_3_0_config9_s_fu_85  |dense_latency_ap_ufixed_8_6_0_3_0_ap_fixed_15_12_5_3_0_config9_s  |        0|   0|  0|  1009|    0|
    +---------------------------------------------------------------------------------+------------------------------------------------------------------+---------+----+---+------+-----+
    |Total                                                                            |                                                                  |        0|   0|  0|  1009|    0|
    +---------------------------------------------------------------------------------+------------------------------------------------------------------+---------+----+---+------+-----+

    * DSP: 
    N/A

    * Memory: 
    N/A

    * FIFO: 
    N/A

    * Expression: 
    +-----------------+----------+----+---+----+------------+------------+
    |  Variable Name  | Operation| DSP| FF| LUT| Bitwidth P0| Bitwidth P1|
    +-----------------+----------+----+---+----+------------+------------+
    |ap_block_state1  |        or|   0|  0|   2|           1|           1|
    +-----------------+----------+----+---+----+------------+------------+
    |Total            |          |   0|  0|   2|           1|           1|
    +-----------------+----------+----+---+----+------------+------------+

    * Multiplexer: 
    +------------------+----+-----------+-----+-----------+
    |       Name       | LUT| Input Size| Bits| Total Bits|
    +------------------+----+-----------+-----+-----------+
    |ap_NS_fsm         |  20|          4|    1|          4|
    |ap_done           |   9|          2|    1|          2|
    |layer7_out_blk_n  |   9|          2|    1|          2|
    |layer9_out_blk_n  |   9|          2|    1|          2|
    |real_start        |   9|          2|    1|          2|
    +------------------+----+-----------+-----+-----------+
    |Total             |  56|         12|    5|         12|
    +------------------+----+-----------+-----+-----------+

    * Register: 
    +-----------------+----+----+-----+-----------+
    |       Name      | FF | LUT| Bits| Const Bits|
    +-----------------+----+----+-----+-----------+
    |ap_CS_fsm        |   3|   0|    3|          0|
    |ap_done_reg      |   1|   0|    1|          0|
    |data_10_reg_293  |   8|   0|    8|          0|
    |data_1_reg_248   |   8|   0|    8|          0|
    |data_2_reg_253   |   8|   0|    8|          0|
    |data_3_reg_258   |   8|   0|    8|          0|
    |data_4_reg_263   |   8|   0|    8|          0|
    |data_5_reg_268   |   8|   0|    8|          0|
    |data_6_reg_273   |   8|   0|    8|          0|
    |data_7_reg_278   |   8|   0|    8|          0|
    |data_8_reg_283   |   8|   0|    8|          0|
    |data_9_reg_288   |   8|   0|    8|          0|
    |data_reg_243     |   8|   0|    8|          0|
    |res_1_reg_303    |  15|   0|   15|          0|
    |res_2_reg_308    |  15|   0|   15|          0|
    |res_3_reg_313    |  15|   0|   15|          0|
    |res_reg_298      |  15|   0|   15|          0|
    |start_once_reg   |   1|   0|    1|          0|
    +-----------------+----+----+-----+-----------+
    |Total            | 153|   0|  153|          0|
    +-----------------+----+----+-----+-----------+



================================================================
== Interface
================================================================
* Summary: 
+---------------------------+-----+-----+------------+----------------------------------------------------------------------+--------------+
|         RTL Ports         | Dir | Bits|  Protocol  |                             Source Object                            |    C Type    |
+---------------------------+-----+-----+------------+----------------------------------------------------------------------+--------------+
|ap_clk                     |   in|    1|  ap_ctrl_hs|  dense<array<ap_ufixed,64u>,array<ap_fixed<15,12,5,3,0>,32u>,config9>|  return value|
|ap_rst                     |   in|    1|  ap_ctrl_hs|  dense<array<ap_ufixed,64u>,array<ap_fixed<15,12,5,3,0>,32u>,config9>|  return value|
|ap_start                   |   in|    1|  ap_ctrl_hs|  dense<array<ap_ufixed,64u>,array<ap_fixed<15,12,5,3,0>,32u>,config9>|  return value|
|start_full_n               |   in|    1|  ap_ctrl_hs|  dense<array<ap_ufixed,64u>,array<ap_fixed<15,12,5,3,0>,32u>,config9>|  return value|
|ap_done                    |  out|    1|  ap_ctrl_hs|  dense<array<ap_ufixed,64u>,array<ap_fixed<15,12,5,3,0>,32u>,config9>|  return value|
|ap_continue                |   in|    1|  ap_ctrl_hs|  dense<array<ap_ufixed,64u>,array<ap_fixed<15,12,5,3,0>,32u>,config9>|  return value|
|ap_idle                    |  out|    1|  ap_ctrl_hs|  dense<array<ap_ufixed,64u>,array<ap_fixed<15,12,5,3,0>,32u>,config9>|  return value|
|ap_ready                   |  out|    1|  ap_ctrl_hs|  dense<array<ap_ufixed,64u>,array<ap_fixed<15,12,5,3,0>,32u>,config9>|  return value|
|start_out                  |  out|    1|  ap_ctrl_hs|  dense<array<ap_ufixed,64u>,array<ap_fixed<15,12,5,3,0>,32u>,config9>|  return value|
|start_write                |  out|    1|  ap_ctrl_hs|  dense<array<ap_ufixed,64u>,array<ap_fixed<15,12,5,3,0>,32u>,config9>|  return value|
|layer7_out_dout            |   in|  512|     ap_fifo|                                                            layer7_out|       pointer|
|layer7_out_empty_n         |   in|    1|     ap_fifo|                                                            layer7_out|       pointer|
|layer7_out_read            |  out|    1|     ap_fifo|                                                            layer7_out|       pointer|
|layer7_out_num_data_valid  |   in|    2|     ap_fifo|                                                            layer7_out|       pointer|
|layer7_out_fifo_cap        |   in|    2|     ap_fifo|                                                            layer7_out|       pointer|
|layer9_out_din             |  out|  480|     ap_fifo|                                                            layer9_out|       pointer|
|layer9_out_full_n          |   in|    1|     ap_fifo|                                                            layer9_out|       pointer|
|layer9_out_write           |  out|    1|     ap_fifo|                                                            layer9_out|       pointer|
|layer9_out_num_data_valid  |   in|    2|     ap_fifo|                                                            layer9_out|       pointer|
|layer9_out_fifo_cap        |   in|    2|     ap_fifo|                                                            layer9_out|       pointer|
+---------------------------+-----+-----+------------+----------------------------------------------------------------------+--------------+

============================================================
+ Verbose Summary: Synthesis Manager
============================================================
InlineROM: 1
ExposeGlobal: 0
============================================================
+ Verbose Summary: CDFG Model
============================================================
IsTopModel: 0
ResetActiveHigh: 1
IsCombinational: 2
IsDatapathOnly: 0
HasWiredReturn: 1
HasMFsm: 0
HasVarLatency: 1
IsPipeline: 0
IsRtlPipelined: 0
IsInstanceOverlapped: 0
IsDontTouch: 0
HasImplIP: 0
IsGatedGlobalClock: 0


============================================================
+ Verbose Summary: Schedule
============================================================
* Number of FSM states : 3
* Pipeline : 0
* Dataflow Pipeline: 0

* FSM state transitions: 
1 --> 2 
2 --> 3 
3 --> 

* FSM state operations: 

State 1 <SV = 0> <Delay = 1.83>
ST_1 : Operation 4 [1/1] ( I:1.83ns O:1.83ns )   --->   "%layer7_out_read = read i512 @_ssdm_op_Read.ap_fifo.volatile.i512P0A, i512 %layer7_out" [firmware/nnet_utils/nnet_dense_stream.h:43->firmware/nnet_utils/nnet_dense_stream.h:93]   --->   Operation 4 'read' 'layer7_out_read' <Predicate = true> <Delay = 1.83> <CoreInst = "FIFO_SRL">   --->   Core 80 'FIFO_SRL' <Latency = 0> <II = 1> <Delay = 1.83> <Storage> <Opcode : 'read' 'write' 'nbread' 'nbwrite'> <Ports = 0> <Width = 512> <Depth = 1> <FIFO>
ST_1 : Operation 5 [1/1] (0.00ns)   --->   "%data = partselect i8 @_ssdm_op_PartSelect.i8.i512.i32.i32, i512 %layer7_out_read, i32 16, i32 23" [firmware/nnet_utils/nnet_dense_stream.h:43->firmware/nnet_utils/nnet_dense_stream.h:93]   --->   Operation 5 'partselect' 'data' <Predicate = true> <Delay = 0.00>
ST_1 : Operation 6 [1/1] (0.00ns)   --->   "%data_1 = partselect i8 @_ssdm_op_PartSelect.i8.i512.i32.i32, i512 %layer7_out_read, i32 48, i32 55" [firmware/nnet_utils/nnet_dense_stream.h:43->firmware/nnet_utils/nnet_dense_stream.h:93]   --->   Operation 6 'partselect' 'data_1' <Predicate = true> <Delay = 0.00>
ST_1 : Operation 7 [1/1] (0.00ns)   --->   "%data_2 = partselect i8 @_ssdm_op_PartSelect.i8.i512.i32.i32, i512 %layer7_out_read, i32 88, i32 95" [firmware/nnet_utils/nnet_dense_stream.h:43->firmware/nnet_utils/nnet_dense_stream.h:93]   --->   Operation 7 'partselect' 'data_2' <Predicate = true> <Delay = 0.00>
ST_1 : Operation 8 [1/1] (0.00ns)   --->   "%data_3 = partselect i8 @_ssdm_op_PartSelect.i8.i512.i32.i32, i512 %layer7_out_read, i32 96, i32 103" [firmware/nnet_utils/nnet_dense_stream.h:43->firmware/nnet_utils/nnet_dense_stream.h:93]   --->   Operation 8 'partselect' 'data_3' <Predicate = true> <Delay = 0.00>
ST_1 : Operation 9 [1/1] (0.00ns)   --->   "%data_4 = partselect i8 @_ssdm_op_PartSelect.i8.i512.i32.i32, i512 %layer7_out_read, i32 104, i32 111" [firmware/nnet_utils/nnet_dense_stream.h:43->firmware/nnet_utils/nnet_dense_stream.h:93]   --->   Operation 9 'partselect' 'data_4' <Predicate = true> <Delay = 0.00>
ST_1 : Operation 10 [1/1] (0.00ns)   --->   "%data_5 = partselect i8 @_ssdm_op_PartSelect.i8.i512.i32.i32, i512 %layer7_out_read, i32 128, i32 135" [firmware/nnet_utils/nnet_dense_stream.h:43->firmware/nnet_utils/nnet_dense_stream.h:93]   --->   Operation 10 'partselect' 'data_5' <Predicate = true> <Delay = 0.00>
ST_1 : Operation 11 [1/1] (0.00ns)   --->   "%data_6 = partselect i8 @_ssdm_op_PartSelect.i8.i512.i32.i32, i512 %layer7_out_read, i32 144, i32 151" [firmware/nnet_utils/nnet_dense_stream.h:43->firmware/nnet_utils/nnet_dense_stream.h:93]   --->   Operation 11 'partselect' 'data_6' <Predicate = true> <Delay = 0.00>
ST_1 : Operation 12 [1/1] (0.00ns)   --->   "%data_7 = partselect i8 @_ssdm_op_PartSelect.i8.i512.i32.i32, i512 %layer7_out_read, i32 152, i32 159" [firmware/nnet_utils/nnet_dense_stream.h:43->firmware/nnet_utils/nnet_dense_stream.h:93]   --->   Operation 12 'partselect' 'data_7' <Predicate = true> <Delay = 0.00>
ST_1 : Operation 13 [1/1] (0.00ns)   --->   "%data_8 = partselect i8 @_ssdm_op_PartSelect.i8.i512.i32.i32, i512 %layer7_out_read, i32 224, i32 231" [firmware/nnet_utils/nnet_dense_stream.h:43->firmware/nnet_utils/nnet_dense_stream.h:93]   --->   Operation 13 'partselect' 'data_8' <Predicate = true> <Delay = 0.00>
ST_1 : Operation 14 [1/1] (0.00ns)   --->   "%data_9 = partselect i8 @_ssdm_op_PartSelect.i8.i512.i32.i32, i512 %layer7_out_read, i32 336, i32 343" [firmware/nnet_utils/nnet_dense_stream.h:43->firmware/nnet_utils/nnet_dense_stream.h:93]   --->   Operation 14 'partselect' 'data_9' <Predicate = true> <Delay = 0.00>
ST_1 : Operation 15 [1/1] (0.00ns)   --->   "%data_10 = partselect i8 @_ssdm_op_PartSelect.i8.i512.i32.i32, i512 %layer7_out_read, i32 448, i32 455" [firmware/nnet_utils/nnet_dense_stream.h:43->firmware/nnet_utils/nnet_dense_stream.h:93]   --->   Operation 15 'partselect' 'data_10' <Predicate = true> <Delay = 0.00>

State 2 <SV = 1> <Delay = 4.14>
ST_2 : Operation 16 [1/1] (4.14ns)   --->   "%call_ret = call i60 @dense_latency<ap_ufixed<8, 6, 0, 3, 0>, ap_fixed<15, 12, 5, 3, 0>, config9>, i8 %data, i8 %data_1, i8 %data_2, i8 %data_3, i8 %data_4, i8 %data_5, i8 %data_6, i8 %data_7, i8 %data_8, i8 %data_9, i8 %data_10" [firmware/nnet_utils/nnet_dense_stream.h:17->firmware/nnet_utils/nnet_dense_stream.h:95]   --->   Operation 16 'call' 'call_ret' <Predicate = true> <Delay = 4.14> <CoreType = "Generic">   --->   Generic Core
ST_2 : Operation 17 [1/1] (0.00ns)   --->   "%res = extractvalue i60 %call_ret" [firmware/nnet_utils/nnet_dense_stream.h:17->firmware/nnet_utils/nnet_dense_stream.h:95]   --->   Operation 17 'extractvalue' 'res' <Predicate = true> <Delay = 0.00>
ST_2 : Operation 18 [1/1] (0.00ns)   --->   "%res_1 = extractvalue i60 %call_ret" [firmware/nnet_utils/nnet_dense_stream.h:17->firmware/nnet_utils/nnet_dense_stream.h:95]   --->   Operation 18 'extractvalue' 'res_1' <Predicate = true> <Delay = 0.00>
ST_2 : Operation 19 [1/1] (0.00ns)   --->   "%res_2 = extractvalue i60 %call_ret" [firmware/nnet_utils/nnet_dense_stream.h:17->firmware/nnet_utils/nnet_dense_stream.h:95]   --->   Operation 19 'extractvalue' 'res_2' <Predicate = true> <Delay = 0.00>
ST_2 : Operation 20 [1/1] (0.00ns)   --->   "%res_3 = extractvalue i60 %call_ret" [firmware/nnet_utils/nnet_dense_stream.h:17->firmware/nnet_utils/nnet_dense_stream.h:95]   --->   Operation 20 'extractvalue' 'res_3' <Predicate = true> <Delay = 0.00>

State 3 <SV = 2> <Delay = 1.83>
ST_3 : Operation 21 [1/1] (0.00ns)   --->   "%specinterface_ln0 = specinterface void @_ssdm_op_SpecInterface, i480 %layer9_out, void @empty_0, i32 0, i32 0, void @empty_13, i32 0, i32 0, void @empty_13, void @empty_13, void @empty_13, i32 0, i32 0, i32 0, i32 0, void @empty_13, void @empty_13, i32 4294967295, i32 0, i32 0, i32 0"   --->   Operation 21 'specinterface' 'specinterface_ln0' <Predicate = true> <Delay = 0.00>
ST_3 : Operation 22 [1/1] (0.00ns)   --->   "%specinterface_ln0 = specinterface void @_ssdm_op_SpecInterface, i512 %layer7_out, void @empty_0, i32 0, i32 0, void @empty_13, i32 0, i32 0, void @empty_13, void @empty_13, void @empty_13, i32 0, i32 0, i32 0, i32 0, void @empty_13, void @empty_13, i32 4294967295, i32 0, i32 0, i32 0"   --->   Operation 22 'specinterface' 'specinterface_ln0' <Predicate = true> <Delay = 0.00>
ST_3 : Operation 23 [1/1] (0.00ns)   --->   "%or_ln77_1 = bitconcatenate i435 @_ssdm_op_BitConcatenate.i435.i15.i15.i15.i270.i15.i105, i15 %res_3, i15 %res_2, i15 %res_1, i270 0, i15 %res, i105 0" [firmware/nnet_utils/nnet_dense_stream.h:77->firmware/nnet_utils/nnet_dense_stream.h:100]   --->   Operation 23 'bitconcatenate' 'or_ln77_1' <Predicate = true> <Delay = 0.00>
ST_3 : Operation 24 [1/1] (0.00ns)   --->   "%zext_ln77 = zext i435 %or_ln77_1" [firmware/nnet_utils/nnet_dense_stream.h:77->firmware/nnet_utils/nnet_dense_stream.h:100]   --->   Operation 24 'zext' 'zext_ln77' <Predicate = true> <Delay = 0.00>
ST_3 : Operation 25 [1/1] ( I:1.83ns O:1.83ns )   --->   "%write_ln77 = write void @_ssdm_op_Write.ap_fifo.volatile.i480P0A, i480 %layer9_out, i480 %zext_ln77" [firmware/nnet_utils/nnet_dense_stream.h:77->firmware/nnet_utils/nnet_dense_stream.h:100]   --->   Operation 25 'write' 'write_ln77' <Predicate = true> <Delay = 1.83> <CoreInst = "FIFO_SRL">   --->   Core 80 'FIFO_SRL' <Latency = 0> <II = 1> <Delay = 1.83> <Storage> <Opcode : 'read' 'write' 'nbread' 'nbwrite'> <Ports = 0> <Width = 480> <Depth = 1> <FIFO>
ST_3 : Operation 26 [1/1] (0.00ns)   --->   "%ret_ln101 = ret" [firmware/nnet_utils/nnet_dense_stream.h:101]   --->   Operation 26 'ret' 'ret_ln101' <Predicate = true> <Delay = 0.00>


============================================================
+ Verbose Summary: Binding
============================================================
STG Binding: 
---------------- STG Properties BEGIN ----------------
- Is combinational: 0
- Is one-state seq: 0
- Is datapath-only: 0
- Is pipelined: 0
- Is top level: 0
Port [ Return ] is wired: 1; IO mode=ap_ctrl_hs:ce=0
Port [ layer7_out]:  wired=1; compound=1; hidden=0; nouse=0; global=0; static=0; extern=0; dir=0; type=3; pingpong=0; private_global=0; IO mode=ap_fifo:ce=0
Port [ layer9_out]:  wired=1; compound=1; hidden=0; nouse=0; global=0; static=0; extern=0; dir=1; type=3; pingpong=0; private_global=0; IO mode=ap_fifo:ce=0
---------------- STG Properties END ------------------

---------------- Datapath Model BEGIN ----------------

<LifeTime>
<method=bitvector/>
layer7_out_read   (read          ) [ 0000]
data              (partselect    ) [ 0010]
data_1            (partselect    ) [ 0010]
data_2            (partselect    ) [ 0010]
data_3            (partselect    ) [ 0010]
data_4            (partselect    ) [ 0010]
data_5            (partselect    ) [ 0010]
data_6            (partselect    ) [ 0010]
data_7            (partselect    ) [ 0010]
data_8            (partselect    ) [ 0010]
data_9            (partselect    ) [ 0010]
data_10           (partselect    ) [ 0010]
call_ret          (call          ) [ 0000]
res               (extractvalue  ) [ 0001]
res_1             (extractvalue  ) [ 0001]
res_2             (extractvalue  ) [ 0001]
res_3             (extractvalue  ) [ 0001]
specinterface_ln0 (specinterface ) [ 0000]
specinterface_ln0 (specinterface ) [ 0000]
or_ln77_1         (bitconcatenate) [ 0000]
zext_ln77         (zext          ) [ 0000]
write_ln77        (write         ) [ 0000]
ret_ln101         (ret           ) [ 0000]
</LifeTime>

<model>

<comp_list>
<comp id="0" class="1000" name="layer7_out">
<pin_list>
<pin id="1" dir="1" index="0" bw="1" slack="0"/>
</pin_list>
<bind>
<StgValue><ssdm name="layer7_out"/></StgValue>
</bind>
</comp>

<comp id="2" class="1000" name="layer9_out">
<pin_list>
<pin id="3" dir="1" index="0" bw="1" slack="0"/>
</pin_list>
<bind>
<StgValue><ssdm name="layer9_out"/></StgValue>
</bind>
</comp>

<comp id="4" class="1001" name="const_4">
<pin_list>
<pin id="5" dir="1" index="0" bw="1" slack="0"/>
</pin_list>
<bind>
<StgValue><ssdm name="_ssdm_op_Read.ap_fifo.volatile.i512P0A"/></StgValue>
</bind>
</comp>

<comp id="6" class="1001" name="const_6">
<pin_list>
<pin id="7" dir="1" index="0" bw="1" slack="0"/>
</pin_list>
<bind>
<StgValue><ssdm name="_ssdm_op_PartSelect.i8.i512.i32.i32"/></StgValue>
</bind>
</comp>

<comp id="8" class="1001" name="const_8">
<pin_list>
<pin id="9" dir="1" index="0" bw="1" slack="0"/>
</pin_list>
<bind>
<StgValue><ssdm name=""/></StgValue>
</bind>
</comp>

<comp id="10" class="1001" name="const_10">
<pin_list>
<pin id="11" dir="1" index="0" bw="1" slack="0"/>
</pin_list>
<bind>
<StgValue><ssdm name=""/></StgValue>
</bind>
</comp>

<comp id="12" class="1001" name="const_12">
<pin_list>
<pin id="13" dir="1" index="0" bw="1" slack="0"/>
</pin_list>
<bind>
<StgValue><ssdm name=""/></StgValue>
</bind>
</comp>

<comp id="14" class="1001" name="const_14">
<pin_list>
<pin id="15" dir="1" index="0" bw="1" slack="0"/>
</pin_list>
<bind>
<StgValue><ssdm name=""/></StgValue>
</bind>
</comp>

<comp id="16" class="1001" name="const_16">
<pin_list>
<pin id="17" dir="1" index="0" bw="1" slack="0"/>
</pin_list>
<bind>
<StgValue><ssdm name=""/></StgValue>
</bind>
</comp>

<comp id="18" class="1001" name="const_18">
<pin_list>
<pin id="19" dir="1" index="0" bw="1" slack="0"/>
</pin_list>
<bind>
<StgValue><ssdm name=""/></StgValue>
</bind>
</comp>

<comp id="20" class="1001" name="const_20">
<pin_list>
<pin id="21" dir="1" index="0" bw="1" slack="0"/>
</pin_list>
<bind>
<StgValue><ssdm name=""/></StgValue>
</bind>
</comp>

<comp id="22" class="1001" name="const_22">
<pin_list>
<pin id="23" dir="1" index="0" bw="1" slack="0"/>
</pin_list>
<bind>
<StgValue><ssdm name=""/></StgValue>
</bind>
</comp>

<comp id="24" class="1001" name="const_24">
<pin_list>
<pin id="25" dir="1" index="0" bw="1" slack="0"/>
</pin_list>
<bind>
<StgValue><ssdm name=""/></StgValue>
</bind>
</comp>

<comp id="26" class="1001" name="const_26">
<pin_list>
<pin id="27" dir="1" index="0" bw="1" slack="0"/>
</pin_list>
<bind>
<StgValue><ssdm name=""/></StgValue>
</bind>
</comp>

<comp id="28" class="1001" name="const_28">
<pin_list>
<pin id="29" dir="1" index="0" bw="1" slack="0"/>
</pin_list>
<bind>
<StgValue><ssdm name=""/></StgValue>
</bind>
</comp>

<comp id="30" class="1001" name="const_30">
<pin_list>
<pin id="31" dir="1" index="0" bw="1" slack="0"/>
</pin_list>
<bind>
<StgValue><ssdm name=""/></StgValue>
</bind>
</comp>

<comp id="32" class="1001" name="const_32">
<pin_list>
<pin id="33" dir="1" index="0" bw="1" slack="0"/>
</pin_list>
<bind>
<StgValue><ssdm name=""/></StgValue>
</bind>
</comp>

<comp id="34" class="1001" name="const_34">
<pin_list>
<pin id="35" dir="1" index="0" bw="1" slack="0"/>
</pin_list>
<bind>
<StgValue><ssdm name=""/></StgValue>
</bind>
</comp>

<comp id="36" class="1001" name="const_36">
<pin_list>
<pin id="37" dir="1" index="0" bw="1" slack="0"/>
</pin_list>
<bind>
<StgValue><ssdm name=""/></StgValue>
</bind>
</comp>

<comp id="38" class="1001" name="const_38">
<pin_list>
<pin id="39" dir="1" index="0" bw="1" slack="0"/>
</pin_list>
<bind>
<StgValue><ssdm name=""/></StgValue>
</bind>
</comp>

<comp id="40" class="1001" name="const_40">
<pin_list>
<pin id="41" dir="1" index="0" bw="1" slack="0"/>
</pin_list>
<bind>
<StgValue><ssdm name=""/></StgValue>
</bind>
</comp>

<comp id="42" class="1001" name="const_42">
<pin_list>
<pin id="43" dir="1" index="0" bw="1" slack="0"/>
</pin_list>
<bind>
<StgValue><ssdm name=""/></StgValue>
</bind>
</comp>

<comp id="44" class="1001" name="const_44">
<pin_list>
<pin id="45" dir="1" index="0" bw="1" slack="0"/>
</pin_list>
<bind>
<StgValue><ssdm name=""/></StgValue>
</bind>
</comp>

<comp id="46" class="1001" name="const_46">
<pin_list>
<pin id="47" dir="1" index="0" bw="1" slack="0"/>
</pin_list>
<bind>
<StgValue><ssdm name=""/></StgValue>
</bind>
</comp>

<comp id="48" class="1001" name="const_48">
<pin_list>
<pin id="49" dir="1" index="0" bw="1" slack="0"/>
</pin_list>
<bind>
<StgValue><ssdm name=""/></StgValue>
</bind>
</comp>

<comp id="50" class="1001" name="const_50">
<pin_list>
<pin id="51" dir="1" index="0" bw="1" slack="0"/>
</pin_list>
<bind>
<StgValue><ssdm name=""/></StgValue>
</bind>
</comp>

<comp id="52" class="1001" name="const_52">
<pin_list>
<pin id="53" dir="1" index="0" bw="1" slack="0"/>
</pin_list>
<bind>
<StgValue><ssdm name="dense_latency<ap_ufixed<8, 6, 0, 3, 0>, ap_fixed<15, 12, 5, 3, 0>, config9>"/></StgValue>
</bind>
</comp>

<comp id="54" class="1001" name="const_54">
<pin_list>
<pin id="55" dir="1" index="0" bw="1" slack="2147483647"/>
</pin_list>
<bind>
<StgValue><ssdm name="_ssdm_op_SpecInterface"/></StgValue>
</bind>
</comp>

<comp id="56" class="1001" name="const_56">
<pin_list>
<pin id="57" dir="1" index="0" bw="1" slack="2147483647"/>
</pin_list>
<bind>
<StgValue><ssdm name="empty_0"/></StgValue>
</bind>
</comp>

<comp id="58" class="1001" name="const_58">
<pin_list>
<pin id="59" dir="1" index="0" bw="1" slack="2147483647"/>
</pin_list>
<bind>
<StgValue><ssdm name=""/></StgValue>
</bind>
</comp>

<comp id="60" class="1001" name="const_60">
<pin_list>
<pin id="61" dir="1" index="0" bw="1" slack="2147483647"/>
</pin_list>
<bind>
<StgValue><ssdm name="empty_13"/></StgValue>
</bind>
</comp>

<comp id="62" class="1001" name="const_62">
<pin_list>
<pin id="63" dir="1" index="0" bw="1" slack="2147483647"/>
</pin_list>
<bind>
<StgValue><ssdm name=""/></StgValue>
</bind>
</comp>

<comp id="64" class="1001" name="const_64">
<pin_list>
<pin id="65" dir="1" index="0" bw="1" slack="0"/>
</pin_list>
<bind>
<StgValue><ssdm name="_ssdm_op_BitConcatenate.i435.i15.i15.i15.i270.i15.i105"/></StgValue>
</bind>
</comp>

<comp id="66" class="1001" name="const_66">
<pin_list>
<pin id="67" dir="1" index="0" bw="1" slack="0"/>
</pin_list>
<bind>
<StgValue><ssdm name=""/></StgValue>
</bind>
</comp>

<comp id="68" class="1001" name="const_68">
<pin_list>
<pin id="69" dir="1" index="0" bw="1" slack="0"/>
</pin_list>
<bind>
<StgValue><ssdm name=""/></StgValue>
</bind>
</comp>

<comp id="70" class="1001" name="const_70">
<pin_list>
<pin id="71" dir="1" index="0" bw="1" slack="0"/>
</pin_list>
<bind>
<StgValue><ssdm name="_ssdm_op_Write.ap_fifo.volatile.i480P0A"/></StgValue>
</bind>
</comp>

<comp id="72" class="1004" name="layer7_out_read_read_fu_72">
<pin_list>
<pin id="73" dir="0" index="0" bw="512" slack="0"/>
<pin id="74" dir="0" index="1" bw="512" slack="0"/>
<pin id="75" dir="1" index="2" bw="512" slack="0"/>
</pin_list>
<bind>
<opcode="read(1150) " fcode="read"/>
<opset="layer7_out_read/1 "/>
</bind>
</comp>

<comp id="78" class="1004" name="write_ln77_write_fu_78">
<pin_list>
<pin id="79" dir="0" index="0" bw="0" slack="0"/>
<pin id="80" dir="0" index="1" bw="480" slack="0"/>
<pin id="81" dir="0" index="2" bw="435" slack="0"/>
<pin id="82" dir="1" index="3" bw="0" slack="2147483647"/>
</pin_list>
<bind>
<opcode="write(1151) " fcode="write"/>
<opset="write_ln77/3 "/>
</bind>
</comp>

<comp id="85" class="1004" name="call_ret_dense_latency_ap_ufixed_8_6_0_3_0_ap_fixed_15_12_5_3_0_config9_s_fu_85">
<pin_list>
<pin id="86" dir="0" index="0" bw="60" slack="0"/>
<pin id="87" dir="0" index="1" bw="8" slack="1"/>
<pin id="88" dir="0" index="2" bw="8" slack="1"/>
<pin id="89" dir="0" index="3" bw="8" slack="1"/>
<pin id="90" dir="0" index="4" bw="8" slack="1"/>
<pin id="91" dir="0" index="5" bw="8" slack="1"/>
<pin id="92" dir="0" index="6" bw="8" slack="1"/>
<pin id="93" dir="0" index="7" bw="8" slack="1"/>
<pin id="94" dir="0" index="8" bw="8" slack="1"/>
<pin id="95" dir="0" index="9" bw="8" slack="1"/>
<pin id="96" dir="0" index="10" bw="8" slack="1"/>
<pin id="97" dir="0" index="11" bw="8" slack="1"/>
<pin id="98" dir="1" index="12" bw="60" slack="0"/>
</pin_list>
<bind>
<opcode="call(48) " fcode="call"/>
<opset="call_ret/2 "/>
</bind>
</comp>

<comp id="100" class="1004" name="data_fu_100">
<pin_list>
<pin id="101" dir="0" index="0" bw="8" slack="0"/>
<pin id="102" dir="0" index="1" bw="512" slack="0"/>
<pin id="103" dir="0" index="2" bw="6" slack="0"/>
<pin id="104" dir="0" index="3" bw="6" slack="0"/>
<pin id="105" dir="1" index="4" bw="8" slack="1"/>
</pin_list>
<bind>
<opcode="partselect(1002) " fcode="partselect"/>
<opset="data/1 "/>
</bind>
</comp>

<comp id="110" class="1004" name="data_1_fu_110">
<pin_list>
<pin id="111" dir="0" index="0" bw="8" slack="0"/>
<pin id="112" dir="0" index="1" bw="512" slack="0"/>
<pin id="113" dir="0" index="2" bw="7" slack="0"/>
<pin id="114" dir="0" index="3" bw="7" slack="0"/>
<pin id="115" dir="1" index="4" bw="8" slack="1"/>
</pin_list>
<bind>
<opcode="partselect(1002) " fcode="partselect"/>
<opset="data_1/1 "/>
</bind>
</comp>

<comp id="120" class="1004" name="data_2_fu_120">
<pin_list>
<pin id="121" dir="0" index="0" bw="8" slack="0"/>
<pin id="122" dir="0" index="1" bw="512" slack="0"/>
<pin id="123" dir="0" index="2" bw="8" slack="0"/>
<pin id="124" dir="0" index="3" bw="8" slack="0"/>
<pin id="125" dir="1" index="4" bw="8" slack="1"/>
</pin_list>
<bind>
<opcode="partselect(1002) " fcode="partselect"/>
<opset="data_2/1 "/>
</bind>
</comp>

<comp id="130" class="1004" name="data_3_fu_130">
<pin_list>
<pin id="131" dir="0" index="0" bw="8" slack="0"/>
<pin id="132" dir="0" index="1" bw="512" slack="0"/>
<pin id="133" dir="0" index="2" bw="8" slack="0"/>
<pin id="134" dir="0" index="3" bw="8" slack="0"/>
<pin id="135" dir="1" index="4" bw="8" slack="1"/>
</pin_list>
<bind>
<opcode="partselect(1002) " fcode="partselect"/>
<opset="data_3/1 "/>
</bind>
</comp>

<comp id="140" class="1004" name="data_4_fu_140">
<pin_list>
<pin id="141" dir="0" index="0" bw="8" slack="0"/>
<pin id="142" dir="0" index="1" bw="512" slack="0"/>
<pin id="143" dir="0" index="2" bw="8" slack="0"/>
<pin id="144" dir="0" index="3" bw="8" slack="0"/>
<pin id="145" dir="1" index="4" bw="8" slack="1"/>
</pin_list>
<bind>
<opcode="partselect(1002) " fcode="partselect"/>
<opset="data_4/1 "/>
</bind>
</comp>

<comp id="150" class="1004" name="data_5_fu_150">
<pin_list>
<pin id="151" dir="0" index="0" bw="8" slack="0"/>
<pin id="152" dir="0" index="1" bw="512" slack="0"/>
<pin id="153" dir="0" index="2" bw="9" slack="0"/>
<pin id="154" dir="0" index="3" bw="9" slack="0"/>
<pin id="155" dir="1" index="4" bw="8" slack="1"/>
</pin_list>
<bind>
<opcode="partselect(1002) " fcode="partselect"/>
<opset="data_5/1 "/>
</bind>
</comp>

<comp id="160" class="1004" name="data_6_fu_160">
<pin_list>
<pin id="161" dir="0" index="0" bw="8" slack="0"/>
<pin id="162" dir="0" index="1" bw="512" slack="0"/>
<pin id="163" dir="0" index="2" bw="9" slack="0"/>
<pin id="164" dir="0" index="3" bw="9" slack="0"/>
<pin id="165" dir="1" index="4" bw="8" slack="1"/>
</pin_list>
<bind>
<opcode="partselect(1002) " fcode="partselect"/>
<opset="data_6/1 "/>
</bind>
</comp>

<comp id="170" class="1004" name="data_7_fu_170">
<pin_list>
<pin id="171" dir="0" index="0" bw="8" slack="0"/>
<pin id="172" dir="0" index="1" bw="512" slack="0"/>
<pin id="173" dir="0" index="2" bw="9" slack="0"/>
<pin id="174" dir="0" index="3" bw="9" slack="0"/>
<pin id="175" dir="1" index="4" bw="8" slack="1"/>
</pin_list>
<bind>
<opcode="partselect(1002) " fcode="partselect"/>
<opset="data_7/1 "/>
</bind>
</comp>

<comp id="180" class="1004" name="data_8_fu_180">
<pin_list>
<pin id="181" dir="0" index="0" bw="8" slack="0"/>
<pin id="182" dir="0" index="1" bw="512" slack="0"/>
<pin id="183" dir="0" index="2" bw="9" slack="0"/>
<pin id="184" dir="0" index="3" bw="9" slack="0"/>
<pin id="185" dir="1" index="4" bw="8" slack="1"/>
</pin_list>
<bind>
<opcode="partselect(1002) " fcode="partselect"/>
<opset="data_8/1 "/>
</bind>
</comp>

<comp id="190" class="1004" name="data_9_fu_190">
<pin_list>
<pin id="191" dir="0" index="0" bw="8" slack="0"/>
<pin id="192" dir="0" index="1" bw="512" slack="0"/>
<pin id="193" dir="0" index="2" bw="10" slack="0"/>
<pin id="194" dir="0" index="3" bw="10" slack="0"/>
<pin id="195" dir="1" index="4" bw="8" slack="1"/>
</pin_list>
<bind>
<opcode="partselect(1002) " fcode="partselect"/>
<opset="data_9/1 "/>
</bind>
</comp>

<comp id="200" class="1004" name="data_10_fu_200">
<pin_list>
<pin id="201" dir="0" index="0" bw="8" slack="0"/>
<pin id="202" dir="0" index="1" bw="512" slack="0"/>
<pin id="203" dir="0" index="2" bw="10" slack="0"/>
<pin id="204" dir="0" index="3" bw="10" slack="0"/>
<pin id="205" dir="1" index="4" bw="8" slack="1"/>
</pin_list>
<bind>
<opcode="partselect(1002) " fcode="partselect"/>
<opset="data_10/1 "/>
</bind>
</comp>

<comp id="210" class="1004" name="res_fu_210">
<pin_list>
<pin id="211" dir="0" index="0" bw="60" slack="0"/>
<pin id="212" dir="1" index="1" bw="15" slack="1"/>
</pin_list>
<bind>
<opcode="extractvalue(56) " fcode="extractvalue"/>
<opset="res/2 "/>
</bind>
</comp>

<comp id="214" class="1004" name="res_1_fu_214">
<pin_list>
<pin id="215" dir="0" index="0" bw="60" slack="0"/>
<pin id="216" dir="1" index="1" bw="15" slack="1"/>
</pin_list>
<bind>
<opcode="extractvalue(56) " fcode="extractvalue"/>
<opset="res_1/2 "/>
</bind>
</comp>

<comp id="218" class="1004" name="res_2_fu_218">
<pin_list>
<pin id="219" dir="0" index="0" bw="60" slack="0"/>
<pin id="220" dir="1" index="1" bw="15" slack="1"/>
</pin_list>
<bind>
<opcode="extractvalue(56) " fcode="extractvalue"/>
<opset="res_2/2 "/>
</bind>
</comp>

<comp id="222" class="1004" name="res_3_fu_222">
<pin_list>
<pin id="223" dir="0" index="0" bw="60" slack="0"/>
<pin id="224" dir="1" index="1" bw="15" slack="1"/>
</pin_list>
<bind>
<opcode="extractvalue(56) " fcode="extractvalue"/>
<opset="res_3/2 "/>
</bind>
</comp>

<comp id="226" class="1004" name="or_ln77_1_fu_226">
<pin_list>
<pin id="227" dir="0" index="0" bw="435" slack="0"/>
<pin id="228" dir="0" index="1" bw="15" slack="1"/>
<pin id="229" dir="0" index="2" bw="15" slack="1"/>
<pin id="230" dir="0" index="3" bw="15" slack="1"/>
<pin id="231" dir="0" index="4" bw="1" slack="0"/>
<pin id="232" dir="0" index="5" bw="15" slack="1"/>
<pin id="233" dir="0" index="6" bw="1" slack="0"/>
<pin id="234" dir="1" index="7" bw="435" slack="0"/>
</pin_list>
<bind>
<opcode="bitconcatenate(1004) " fcode="bitconcatenate"/>
<opset="or_ln77_1/3 "/>
</bind>
</comp>

<comp id="238" class="1004" name="zext_ln77_fu_238">
<pin_list>
<pin id="239" dir="0" index="0" bw="435" slack="0"/>
<pin id="240" dir="1" index="1" bw="480" slack="0"/>
</pin_list>
<bind>
<opcode="zext(34) " fcode="zext"/>
<opset="zext_ln77/3 "/>
</bind>
</comp>

<comp id="243" class="1005" name="data_reg_243">
<pin_list>
<pin id="244" dir="0" index="0" bw="8" slack="1"/>
<pin id="245" dir="1" index="1" bw="8" slack="1"/>
</pin_list>
<bind>
<opset="data "/>
</bind>
</comp>

<comp id="248" class="1005" name="data_1_reg_248">
<pin_list>
<pin id="249" dir="0" index="0" bw="8" slack="1"/>
<pin id="250" dir="1" index="1" bw="8" slack="1"/>
</pin_list>
<bind>
<opset="data_1 "/>
</bind>
</comp>

<comp id="253" class="1005" name="data_2_reg_253">
<pin_list>
<pin id="254" dir="0" index="0" bw="8" slack="1"/>
<pin id="255" dir="1" index="1" bw="8" slack="1"/>
</pin_list>
<bind>
<opset="data_2 "/>
</bind>
</comp>

<comp id="258" class="1005" name="data_3_reg_258">
<pin_list>
<pin id="259" dir="0" index="0" bw="8" slack="1"/>
<pin id="260" dir="1" index="1" bw="8" slack="1"/>
</pin_list>
<bind>
<opset="data_3 "/>
</bind>
</comp>

<comp id="263" class="1005" name="data_4_reg_263">
<pin_list>
<pin id="264" dir="0" index="0" bw="8" slack="1"/>
<pin id="265" dir="1" index="1" bw="8" slack="1"/>
</pin_list>
<bind>
<opset="data_4 "/>
</bind>
</comp>

<comp id="268" class="1005" name="data_5_reg_268">
<pin_list>
<pin id="269" dir="0" index="0" bw="8" slack="1"/>
<pin id="270" dir="1" index="1" bw="8" slack="1"/>
</pin_list>
<bind>
<opset="data_5 "/>
</bind>
</comp>

<comp id="273" class="1005" name="data_6_reg_273">
<pin_list>
<pin id="274" dir="0" index="0" bw="8" slack="1"/>
<pin id="275" dir="1" index="1" bw="8" slack="1"/>
</pin_list>
<bind>
<opset="data_6 "/>
</bind>
</comp>

<comp id="278" class="1005" name="data_7_reg_278">
<pin_list>
<pin id="279" dir="0" index="0" bw="8" slack="1"/>
<pin id="280" dir="1" index="1" bw="8" slack="1"/>
</pin_list>
<bind>
<opset="data_7 "/>
</bind>
</comp>

<comp id="283" class="1005" name="data_8_reg_283">
<pin_list>
<pin id="284" dir="0" index="0" bw="8" slack="1"/>
<pin id="285" dir="1" index="1" bw="8" slack="1"/>
</pin_list>
<bind>
<opset="data_8 "/>
</bind>
</comp>

<comp id="288" class="1005" name="data_9_reg_288">
<pin_list>
<pin id="289" dir="0" index="0" bw="8" slack="1"/>
<pin id="290" dir="1" index="1" bw="8" slack="1"/>
</pin_list>
<bind>
<opset="data_9 "/>
</bind>
</comp>

<comp id="293" class="1005" name="data_10_reg_293">
<pin_list>
<pin id="294" dir="0" index="0" bw="8" slack="1"/>
<pin id="295" dir="1" index="1" bw="8" slack="1"/>
</pin_list>
<bind>
<opset="data_10 "/>
</bind>
</comp>

<comp id="298" class="1005" name="res_reg_298">
<pin_list>
<pin id="299" dir="0" index="0" bw="15" slack="1"/>
<pin id="300" dir="1" index="1" bw="15" slack="1"/>
</pin_list>
<bind>
<opset="res "/>
</bind>
</comp>

<comp id="303" class="1005" name="res_1_reg_303">
<pin_list>
<pin id="304" dir="0" index="0" bw="15" slack="1"/>
<pin id="305" dir="1" index="1" bw="15" slack="1"/>
</pin_list>
<bind>
<opset="res_1 "/>
</bind>
</comp>

<comp id="308" class="1005" name="res_2_reg_308">
<pin_list>
<pin id="309" dir="0" index="0" bw="15" slack="1"/>
<pin id="310" dir="1" index="1" bw="15" slack="1"/>
</pin_list>
<bind>
<opset="res_2 "/>
</bind>
</comp>

<comp id="313" class="1005" name="res_3_reg_313">
<pin_list>
<pin id="314" dir="0" index="0" bw="15" slack="1"/>
<pin id="315" dir="1" index="1" bw="15" slack="1"/>
</pin_list>
<bind>
<opset="res_3 "/>
</bind>
</comp>

</comp_list>

<net_list>
<net id="76"><net_src comp="4" pin="0"/><net_sink comp="72" pin=0"/></net>

<net id="77"><net_src comp="0" pin="0"/><net_sink comp="72" pin=1"/></net>

<net id="83"><net_src comp="70" pin="0"/><net_sink comp="78" pin=0"/></net>

<net id="84"><net_src comp="2" pin="0"/><net_sink comp="78" pin=1"/></net>

<net id="99"><net_src comp="52" pin="0"/><net_sink comp="85" pin=0"/></net>

<net id="106"><net_src comp="6" pin="0"/><net_sink comp="100" pin=0"/></net>

<net id="107"><net_src comp="72" pin="2"/><net_sink comp="100" pin=1"/></net>

<net id="108"><net_src comp="8" pin="0"/><net_sink comp="100" pin=2"/></net>

<net id="109"><net_src comp="10" pin="0"/><net_sink comp="100" pin=3"/></net>

<net id="116"><net_src comp="6" pin="0"/><net_sink comp="110" pin=0"/></net>

<net id="117"><net_src comp="72" pin="2"/><net_sink comp="110" pin=1"/></net>

<net id="118"><net_src comp="12" pin="0"/><net_sink comp="110" pin=2"/></net>

<net id="119"><net_src comp="14" pin="0"/><net_sink comp="110" pin=3"/></net>

<net id="126"><net_src comp="6" pin="0"/><net_sink comp="120" pin=0"/></net>

<net id="127"><net_src comp="72" pin="2"/><net_sink comp="120" pin=1"/></net>

<net id="128"><net_src comp="16" pin="0"/><net_sink comp="120" pin=2"/></net>

<net id="129"><net_src comp="18" pin="0"/><net_sink comp="120" pin=3"/></net>

<net id="136"><net_src comp="6" pin="0"/><net_sink comp="130" pin=0"/></net>

<net id="137"><net_src comp="72" pin="2"/><net_sink comp="130" pin=1"/></net>

<net id="138"><net_src comp="20" pin="0"/><net_sink comp="130" pin=2"/></net>

<net id="139"><net_src comp="22" pin="0"/><net_sink comp="130" pin=3"/></net>

<net id="146"><net_src comp="6" pin="0"/><net_sink comp="140" pin=0"/></net>

<net id="147"><net_src comp="72" pin="2"/><net_sink comp="140" pin=1"/></net>

<net id="148"><net_src comp="24" pin="0"/><net_sink comp="140" pin=2"/></net>

<net id="149"><net_src comp="26" pin="0"/><net_sink comp="140" pin=3"/></net>

<net id="156"><net_src comp="6" pin="0"/><net_sink comp="150" pin=0"/></net>

<net id="157"><net_src comp="72" pin="2"/><net_sink comp="150" pin=1"/></net>

<net id="158"><net_src comp="28" pin="0"/><net_sink comp="150" pin=2"/></net>

<net id="159"><net_src comp="30" pin="0"/><net_sink comp="150" pin=3"/></net>

<net id="166"><net_src comp="6" pin="0"/><net_sink comp="160" pin=0"/></net>

<net id="167"><net_src comp="72" pin="2"/><net_sink comp="160" pin=1"/></net>

<net id="168"><net_src comp="32" pin="0"/><net_sink comp="160" pin=2"/></net>

<net id="169"><net_src comp="34" pin="0"/><net_sink comp="160" pin=3"/></net>

<net id="176"><net_src comp="6" pin="0"/><net_sink comp="170" pin=0"/></net>

<net id="177"><net_src comp="72" pin="2"/><net_sink comp="170" pin=1"/></net>

<net id="178"><net_src comp="36" pin="0"/><net_sink comp="170" pin=2"/></net>

<net id="179"><net_src comp="38" pin="0"/><net_sink comp="170" pin=3"/></net>

<net id="186"><net_src comp="6" pin="0"/><net_sink comp="180" pin=0"/></net>

<net id="187"><net_src comp="72" pin="2"/><net_sink comp="180" pin=1"/></net>

<net id="188"><net_src comp="40" pin="0"/><net_sink comp="180" pin=2"/></net>

<net id="189"><net_src comp="42" pin="0"/><net_sink comp="180" pin=3"/></net>

<net id="196"><net_src comp="6" pin="0"/><net_sink comp="190" pin=0"/></net>

<net id="197"><net_src comp="72" pin="2"/><net_sink comp="190" pin=1"/></net>

<net id="198"><net_src comp="44" pin="0"/><net_sink comp="190" pin=2"/></net>

<net id="199"><net_src comp="46" pin="0"/><net_sink comp="190" pin=3"/></net>

<net id="206"><net_src comp="6" pin="0"/><net_sink comp="200" pin=0"/></net>

<net id="207"><net_src comp="72" pin="2"/><net_sink comp="200" pin=1"/></net>

<net id="208"><net_src comp="48" pin="0"/><net_sink comp="200" pin=2"/></net>

<net id="209"><net_src comp="50" pin="0"/><net_sink comp="200" pin=3"/></net>

<net id="213"><net_src comp="85" pin="12"/><net_sink comp="210" pin=0"/></net>

<net id="217"><net_src comp="85" pin="12"/><net_sink comp="214" pin=0"/></net>

<net id="221"><net_src comp="85" pin="12"/><net_sink comp="218" pin=0"/></net>

<net id="225"><net_src comp="85" pin="12"/><net_sink comp="222" pin=0"/></net>

<net id="235"><net_src comp="64" pin="0"/><net_sink comp="226" pin=0"/></net>

<net id="236"><net_src comp="66" pin="0"/><net_sink comp="226" pin=4"/></net>

<net id="237"><net_src comp="68" pin="0"/><net_sink comp="226" pin=6"/></net>

<net id="241"><net_src comp="226" pin="7"/><net_sink comp="238" pin=0"/></net>

<net id="242"><net_src comp="238" pin="1"/><net_sink comp="78" pin=2"/></net>

<net id="246"><net_src comp="100" pin="4"/><net_sink comp="243" pin=0"/></net>

<net id="247"><net_src comp="243" pin="1"/><net_sink comp="85" pin=1"/></net>

<net id="251"><net_src comp="110" pin="4"/><net_sink comp="248" pin=0"/></net>

<net id="252"><net_src comp="248" pin="1"/><net_sink comp="85" pin=2"/></net>

<net id="256"><net_src comp="120" pin="4"/><net_sink comp="253" pin=0"/></net>

<net id="257"><net_src comp="253" pin="1"/><net_sink comp="85" pin=3"/></net>

<net id="261"><net_src comp="130" pin="4"/><net_sink comp="258" pin=0"/></net>

<net id="262"><net_src comp="258" pin="1"/><net_sink comp="85" pin=4"/></net>

<net id="266"><net_src comp="140" pin="4"/><net_sink comp="263" pin=0"/></net>

<net id="267"><net_src comp="263" pin="1"/><net_sink comp="85" pin=5"/></net>

<net id="271"><net_src comp="150" pin="4"/><net_sink comp="268" pin=0"/></net>

<net id="272"><net_src comp="268" pin="1"/><net_sink comp="85" pin=6"/></net>

<net id="276"><net_src comp="160" pin="4"/><net_sink comp="273" pin=0"/></net>

<net id="277"><net_src comp="273" pin="1"/><net_sink comp="85" pin=7"/></net>

<net id="281"><net_src comp="170" pin="4"/><net_sink comp="278" pin=0"/></net>

<net id="282"><net_src comp="278" pin="1"/><net_sink comp="85" pin=8"/></net>

<net id="286"><net_src comp="180" pin="4"/><net_sink comp="283" pin=0"/></net>

<net id="287"><net_src comp="283" pin="1"/><net_sink comp="85" pin=9"/></net>

<net id="291"><net_src comp="190" pin="4"/><net_sink comp="288" pin=0"/></net>

<net id="292"><net_src comp="288" pin="1"/><net_sink comp="85" pin=10"/></net>

<net id="296"><net_src comp="200" pin="4"/><net_sink comp="293" pin=0"/></net>

<net id="297"><net_src comp="293" pin="1"/><net_sink comp="85" pin=11"/></net>

<net id="301"><net_src comp="210" pin="1"/><net_sink comp="298" pin=0"/></net>

<net id="302"><net_src comp="298" pin="1"/><net_sink comp="226" pin=5"/></net>

<net id="306"><net_src comp="214" pin="1"/><net_sink comp="303" pin=0"/></net>

<net id="307"><net_src comp="303" pin="1"/><net_sink comp="226" pin=3"/></net>

<net id="311"><net_src comp="218" pin="1"/><net_sink comp="308" pin=0"/></net>

<net id="312"><net_src comp="308" pin="1"/><net_sink comp="226" pin=2"/></net>

<net id="316"><net_src comp="222" pin="1"/><net_sink comp="313" pin=0"/></net>

<net id="317"><net_src comp="313" pin="1"/><net_sink comp="226" pin=1"/></net>

</net_list>

</model> 
---------------- Datapath Model END ------------------

* FSMD analyzer results:
  - Output states:
	Port: layer9_out | {3 }
 - Input state : 
	Port: dense<array<ap_ufixed,64u>,array<ap_fixed<15,12,5,3,0>,32u>,config9> : layer7_out | {1 }
  - Chain level:
	State 1
	State 2
		res : 1
		res_1 : 1
		res_2 : 1
		res_3 : 1
	State 3
		zext_ln77 : 1
		write_ln77 : 2


============================================================
+ Verbose Summary: Datapath Resource usage 
============================================================

* Functional unit list:
|----------|---------------------------------------------------------------------------------|---------|---------|
| Operation|                                 Functional Unit                                 |    FF   |   LUT   |
|----------|---------------------------------------------------------------------------------|---------|---------|
|   call   | call_ret_dense_latency_ap_ufixed_8_6_0_3_0_ap_fixed_15_12_5_3_0_config9_s_fu_85 |    0    |   981   |
|----------|---------------------------------------------------------------------------------|---------|---------|
|   read   |                            layer7_out_read_read_fu_72                           |    0    |    0    |
|----------|---------------------------------------------------------------------------------|---------|---------|
|   write  |                              write_ln77_write_fu_78                             |    0    |    0    |
|----------|---------------------------------------------------------------------------------|---------|---------|
|          |                                   data_fu_100                                   |    0    |    0    |
|          |                                  data_1_fu_110                                  |    0    |    0    |
|          |                                  data_2_fu_120                                  |    0    |    0    |
|          |                                  data_3_fu_130                                  |    0    |    0    |
|          |                                  data_4_fu_140                                  |    0    |    0    |
|partselect|                                  data_5_fu_150                                  |    0    |    0    |
|          |                                  data_6_fu_160                                  |    0    |    0    |
|          |                                  data_7_fu_170                                  |    0    |    0    |
|          |                                  data_8_fu_180                                  |    0    |    0    |
|          |                                  data_9_fu_190                                  |    0    |    0    |
|          |                                  data_10_fu_200                                 |    0    |    0    |
|----------|---------------------------------------------------------------------------------|---------|---------|
|          |                                    res_fu_210                                   |    0    |    0    |
|extractvalue|                                   res_1_fu_214                                  |    0    |    0    |
|          |                                   res_2_fu_218                                  |    0    |    0    |
|          |                                   res_3_fu_222                                  |    0    |    0    |
|----------|---------------------------------------------------------------------------------|---------|---------|
|bitconcatenate|                                 or_ln77_1_fu_226                                |    0    |    0    |
|----------|---------------------------------------------------------------------------------|---------|---------|
|   zext   |                                 zext_ln77_fu_238                                |    0    |    0    |
|----------|---------------------------------------------------------------------------------|---------|---------|
|   Total  |                                                                                 |    0    |   981   |
|----------|---------------------------------------------------------------------------------|---------|---------|

Memories:
N/A

* Register list:
+---------------+--------+
|               |   FF   |
+---------------+--------+
|data_10_reg_293|    8   |
| data_1_reg_248|    8   |
| data_2_reg_253|    8   |
| data_3_reg_258|    8   |
| data_4_reg_263|    8   |
| data_5_reg_268|    8   |
| data_6_reg_273|    8   |
| data_7_reg_278|    8   |
| data_8_reg_283|    8   |
| data_9_reg_288|    8   |
|  data_reg_243 |    8   |
| res_1_reg_303 |   15   |
| res_2_reg_308 |   15   |
| res_3_reg_313 |   15   |
|  res_reg_298  |   15   |
+---------------+--------+
|     Total     |   148  |
+---------------+--------+

* Multiplexer (MUX) list: 
|--------|------|------|------|--------|
|  Comp  |  Pin | Size |  BW  | S x BW |
|--------|------|------|------|--------|
|  Total |      |      |      |    0   |
|--------|------|------|------|--------|



* Summary:
+-----------+--------+--------+
|           |   FF   |   LUT  |
+-----------+--------+--------+
|  Function |    0   |   981  |
|   Memory  |    -   |    -   |
|Multiplexer|    -   |    -   |
|  Register |   148  |    -   |
+-----------+--------+--------+
|   Total   |   148  |   981  |
+-----------+--------+--------+
