

================================================================
== Vitis HLS Report for 'dense_array_ap_ufixed_16u_array_ap_fixed_16_8_5_3_0_3u_config15_s'
================================================================
* Date:           Thu May  7 15:45:09 2026

* Version:        2025.2 (Build 6295257 on Nov 14 2025)
* Project:        vitis_unified_project
* Solution:       hls (Vivado IP Flow Target)
* Product family: zynquplus
* Target device:  xck26-sfvc784-2LV-c


================================================================
== Performance Estimates
================================================================
+ Timing: 
    * Summary: 
    +--------+---------+----------+------------+
    |  Clock |  Target | Estimated| Uncertainty|
    +--------+---------+----------+------------+
    |ap_clk  |  5.00 ns|  3.258 ns|     0.62 ns|
    +--------+---------+----------+------------+

+ Latency: 
    * Summary: 
    +---------+---------+-----------+-----------+-----+-----+---------+
    |  Latency (cycles) |   Latency (absolute)  |  Interval | Pipeline|
    |   min   |   max   |    min    |    max    | min | max |   Type  |
    +---------+---------+-----------+-----------+-----+-----+---------+
    |        2|        2|  10.000 ns|  10.000 ns|    2|    2|       no|
    +---------+---------+-----------+-----------+-----+-----+---------+

    + Detail: 
        * Instance: 
        +-----------------------------------------------------------------------------------+------------------------------------------------------------------+---------+---------+----------+----------+-----+-----+---------+
        |                                                                                   |                                                                  |  Latency (cycles) |  Latency (absolute) |  Interval | Pipeline|
        |                                      Instance                                     |                              Module                              |   min   |   max   |    min   |    max   | min | max |   Type  |
        +-----------------------------------------------------------------------------------+------------------------------------------------------------------+---------+---------+----------+----------+-----+-----+---------+
        |call_ret_i_dense_latency_ap_ufixed_8_5_0_3_0_ap_fixed_16_8_5_3_0_config15_s_fu_53  |dense_latency_ap_ufixed_8_5_0_3_0_ap_fixed_16_8_5_3_0_config15_s  |        0|        0|      0 ns|      0 ns|    1|    1|      yes|
        +-----------------------------------------------------------------------------------+------------------------------------------------------------------+---------+---------+----------+----------+-----+-----+---------+

        * Loop: 
        N/A



================================================================
== Utilization Estimates
================================================================
* Summary: 
+-----------------+---------+------+--------+--------+-----+
|       Name      | BRAM_18K|  DSP |   FF   |   LUT  | URAM|
+-----------------+---------+------+--------+--------+-----+
|DSP              |        -|     -|       -|       -|    -|
|Expression       |        -|     -|       0|       2|    -|
|FIFO             |        -|     -|       -|       -|    -|
|Instance         |        -|     -|       0|     305|    -|
|Memory           |        -|     -|       -|       -|    -|
|Multiplexer      |        -|     -|       0|      47|    -|
|Register         |        -|     -|      84|       -|    -|
+-----------------+---------+------+--------+--------+-----+
|Total            |        0|     0|      84|     354|    0|
+-----------------+---------+------+--------+--------+-----+
|Available        |      288|  1248|  234240|  117120|   64|
+-----------------+---------+------+--------+--------+-----+
|Utilization (%)  |        0|     0|      ~0|      ~0|    0|
+-----------------+---------+------+--------+--------+-----+

+ Detail: 
    * Instance: 
    +-----------------------------------------------------------------------------------+------------------------------------------------------------------+---------+----+---+-----+-----+
    |                                      Instance                                     |                              Module                              | BRAM_18K| DSP| FF| LUT | URAM|
    +-----------------------------------------------------------------------------------+------------------------------------------------------------------+---------+----+---+-----+-----+
    |call_ret_i_dense_latency_ap_ufixed_8_5_0_3_0_ap_fixed_16_8_5_3_0_config15_s_fu_53  |dense_latency_ap_ufixed_8_5_0_3_0_ap_fixed_16_8_5_3_0_config15_s  |        0|   0|  0|  305|    0|
    +-----------------------------------------------------------------------------------+------------------------------------------------------------------+---------+----+---+-----+-----+
    |Total                                                                              |                                                                  |        0|   0|  0|  305|    0|
    +-----------------------------------------------------------------------------------+------------------------------------------------------------------+---------+----+---+-----+-----+

    * DSP: 
    N/A

    * Memory: 
    N/A

    * FIFO: 
    N/A

    * Expression: 
    +-----------------+----------+----+---+----+------------+------------+
    |  Variable Name  | Operation| DSP| FF| LUT| Bitwidth P0| Bitwidth P1|
    +-----------------+----------+----+---+----+------------+------------+
    |ap_block_state1  |        or|   0|  0|   2|           1|           1|
    +-----------------+----------+----+---+----+------------+------------+
    |Total            |          |   0|  0|   2|           1|           1|
    +-----------------+----------+----+---+----+------------+------------+

    * Multiplexer: 
    +-------------------------------+----+-----------+-----+-----------+
    |              Name             | LUT| Input Size| Bits| Total Bits|
    +-------------------------------+----+-----------+-----+-----------+
    |ap_NS_fsm                      |  20|          4|    1|          4|
    |ap_done                        |   9|          2|    1|          2|
    |layer13_out_blk_n              |   9|          2|    1|          2|
    |stream_out0_layer15_out_blk_n  |   9|          2|    1|          2|
    +-------------------------------+----+-----------+-----+-----------+
    |Total                          |  47|         10|    4|         10|
    +-------------------------------+----+-----------+-----+-----------+

    * Register: 
    +-----------------+----+----+-----+-----------+
    |       Name      | FF | LUT| Bits| Const Bits|
    +-----------------+----+----+-----+-----------+
    |ap_CS_fsm        |   3|   0|    3|          0|
    |ap_done_reg      |   1|   0|    1|          0|
    |data_12_reg_126  |   8|   0|    8|          0|
    |data_3_reg_131   |   8|   0|    8|          0|
    |data_4_reg_136   |   8|   0|    8|          0|
    |data_reg_121     |   8|   0|    8|          0|
    |res_7_reg_146    |  16|   0|   16|          0|
    |res_8_reg_151    |  16|   0|   16|          0|
    |res_reg_141      |  16|   0|   16|          0|
    +-----------------+----+----+-----+-----------+
    |Total            |  84|   0|   84|          0|
    +-----------------+----+----+-----+-----------+



================================================================
== Interface
================================================================
* Summary: 
+----------------------------------------+-----+-----+------------+---------------------------------------------------------------------+--------------+
|                RTL Ports               | Dir | Bits|  Protocol  |                            Source Object                            |    C Type    |
+----------------------------------------+-----+-----+------------+---------------------------------------------------------------------+--------------+
|ap_clk                                  |   in|    1|  ap_ctrl_hs|  dense<array<ap_ufixed,16u>,array<ap_fixed<16,8,5,3,0>,3u>,config15>|  return value|
|ap_rst                                  |   in|    1|  ap_ctrl_hs|  dense<array<ap_ufixed,16u>,array<ap_fixed<16,8,5,3,0>,3u>,config15>|  return value|
|ap_start                                |   in|    1|  ap_ctrl_hs|  dense<array<ap_ufixed,16u>,array<ap_fixed<16,8,5,3,0>,3u>,config15>|  return value|
|ap_done                                 |  out|    1|  ap_ctrl_hs|  dense<array<ap_ufixed,16u>,array<ap_fixed<16,8,5,3,0>,3u>,config15>|  return value|
|ap_continue                             |   in|    1|  ap_ctrl_hs|  dense<array<ap_ufixed,16u>,array<ap_fixed<16,8,5,3,0>,3u>,config15>|  return value|
|ap_idle                                 |  out|    1|  ap_ctrl_hs|  dense<array<ap_ufixed,16u>,array<ap_fixed<16,8,5,3,0>,3u>,config15>|  return value|
|ap_ready                                |  out|    1|  ap_ctrl_hs|  dense<array<ap_ufixed,16u>,array<ap_fixed<16,8,5,3,0>,3u>,config15>|  return value|
|layer13_out_dout                        |   in|  128|     ap_fifo|                                                          layer13_out|       pointer|
|layer13_out_empty_n                     |   in|    1|     ap_fifo|                                                          layer13_out|       pointer|
|layer13_out_read                        |  out|    1|     ap_fifo|                                                          layer13_out|       pointer|
|layer13_out_num_data_valid              |   in|    2|     ap_fifo|                                                          layer13_out|       pointer|
|layer13_out_fifo_cap                    |   in|    2|     ap_fifo|                                                          layer13_out|       pointer|
|stream_out0_layer15_out_din             |  out|   48|     ap_fifo|                                              stream_out0_layer15_out|       pointer|
|stream_out0_layer15_out_full_n          |   in|    1|     ap_fifo|                                              stream_out0_layer15_out|       pointer|
|stream_out0_layer15_out_write           |  out|    1|     ap_fifo|                                              stream_out0_layer15_out|       pointer|
|stream_out0_layer15_out_num_data_valid  |   in|    8|     ap_fifo|                                              stream_out0_layer15_out|       pointer|
|stream_out0_layer15_out_fifo_cap        |   in|    8|     ap_fifo|                                              stream_out0_layer15_out|       pointer|
+----------------------------------------+-----+-----+------------+---------------------------------------------------------------------+--------------+

============================================================
+ Verbose Summary: Synthesis Manager
============================================================
InlineROM: 1
ExposeGlobal: 0
============================================================
+ Verbose Summary: CDFG Model
============================================================
IsTopModel: 0
ResetActiveHigh: 1
IsCombinational: 2
IsDatapathOnly: 0
HasWiredReturn: 1
HasMFsm: 0
HasVarLatency: 1
IsPipeline: 0
IsRtlPipelined: 0
IsInstanceOverlapped: 0
IsDontTouch: 0
HasImplIP: 0
IsGatedGlobalClock: 0


============================================================
+ Verbose Summary: Schedule
============================================================
* Number of FSM states : 3
* Pipeline : 0
* Dataflow Pipeline: 0

* FSM state transitions: 
1 --> 2 
2 --> 3 
3 --> 

* FSM state operations: 

State 1 <SV = 0> <Delay = 1.83>
ST_1 : Operation 4 [1/1] ( I:1.83ns O:1.83ns )   --->   "%layer13_out_read = read i128 @_ssdm_op_Read.ap_fifo.volatile.i128P0A, i128 %layer13_out" [firmware/nnet_utils/nnet_dense_stream.h:43->firmware/nnet_utils/nnet_dense_stream.h:93]   --->   Operation 4 'read' 'layer13_out_read' <Predicate = true> <Delay = 1.83> <CoreInst = "FIFO_SRL">   --->   Core 80 'FIFO_SRL' <Latency = 0> <II = 1> <Delay = 1.83> <Storage> <Opcode : 'read' 'write' 'nbread' 'nbwrite'> <Ports = 0> <Width = 128> <Depth = 1> <FIFO>
ST_1 : Operation 5 [1/1] (0.00ns)   --->   "%data = partselect i8 @_ssdm_op_PartSelect.i8.i128.i32.i32, i128 %layer13_out_read, i32 16, i32 23" [firmware/nnet_utils/nnet_dense_stream.h:43->firmware/nnet_utils/nnet_dense_stream.h:93]   --->   Operation 5 'partselect' 'data' <Predicate = true> <Delay = 0.00>
ST_1 : Operation 6 [1/1] (0.00ns)   --->   "%data_12 = partselect i8 @_ssdm_op_PartSelect.i8.i128.i32.i32, i128 %layer13_out_read, i32 32, i32 39" [firmware/nnet_utils/nnet_dense_stream.h:43->firmware/nnet_utils/nnet_dense_stream.h:93]   --->   Operation 6 'partselect' 'data_12' <Predicate = true> <Delay = 0.00>
ST_1 : Operation 7 [1/1] (0.00ns)   --->   "%data_3 = partselect i8 @_ssdm_op_PartSelect.i8.i128.i32.i32, i128 %layer13_out_read, i32 40, i32 47" [firmware/nnet_utils/nnet_dense_stream.h:43->firmware/nnet_utils/nnet_dense_stream.h:93]   --->   Operation 7 'partselect' 'data_3' <Predicate = true> <Delay = 0.00>
ST_1 : Operation 8 [1/1] (0.00ns)   --->   "%data_4 = partselect i8 @_ssdm_op_PartSelect.i8.i128.i32.i32, i128 %layer13_out_read, i32 56, i32 63" [firmware/nnet_utils/nnet_dense_stream.h:43->firmware/nnet_utils/nnet_dense_stream.h:93]   --->   Operation 8 'partselect' 'data_4' <Predicate = true> <Delay = 0.00>

State 2 <SV = 1> <Delay = 3.25>
ST_2 : Operation 9 [1/1] (3.25ns)   --->   "%call_ret_i = call i48 @dense_latency<ap_ufixed<8, 5, 0, 3, 0>, ap_fixed<16, 8, 5, 3, 0>, config15>, i8 %data, i8 %data_12, i8 %data_3, i8 %data_4" [firmware/nnet_utils/nnet_dense_stream.h:17->firmware/nnet_utils/nnet_dense_stream.h:95]   --->   Operation 9 'call' 'call_ret_i' <Predicate = true> <Delay = 3.25> <CoreType = "Generic">   --->   Generic Core
ST_2 : Operation 10 [1/1] (0.00ns)   --->   "%res = extractvalue i48 %call_ret_i" [firmware/nnet_utils/nnet_dense_stream.h:17->firmware/nnet_utils/nnet_dense_stream.h:95]   --->   Operation 10 'extractvalue' 'res' <Predicate = true> <Delay = 0.00>
ST_2 : Operation 11 [1/1] (0.00ns)   --->   "%res_7 = extractvalue i48 %call_ret_i" [firmware/nnet_utils/nnet_dense_stream.h:17->firmware/nnet_utils/nnet_dense_stream.h:95]   --->   Operation 11 'extractvalue' 'res_7' <Predicate = true> <Delay = 0.00>
ST_2 : Operation 12 [1/1] (0.00ns)   --->   "%res_8 = extractvalue i48 %call_ret_i" [firmware/nnet_utils/nnet_dense_stream.h:17->firmware/nnet_utils/nnet_dense_stream.h:95]   --->   Operation 12 'extractvalue' 'res_8' <Predicate = true> <Delay = 0.00>

State 3 <SV = 2> <Delay = 1.64>
ST_3 : Operation 13 [1/1] (0.00ns)   --->   "%specinterface_ln0 = specinterface void @_ssdm_op_SpecInterface, i48 %stream_out0_layer15_out, void @empty_0, i32 0, i32 0, void @empty_13, i32 0, i32 0, void @empty_13, void @empty_13, void @empty_13, i32 0, i32 0, i32 0, i32 0, void @empty_13, void @empty_13, i32 4294967295, i32 0, i32 0, i32 0"   --->   Operation 13 'specinterface' 'specinterface_ln0' <Predicate = true> <Delay = 0.00>
ST_3 : Operation 14 [1/1] (0.00ns)   --->   "%specinterface_ln0 = specinterface void @_ssdm_op_SpecInterface, i48 %stream_out0_layer15_out, void @empty_0, i32 0, i32 0, void @empty_13, i32 0, i32 0, void @empty_13, void @empty_13, void @empty_13, i32 0, i32 0, i32 0, i32 0, void @empty_13, void @empty_13, i32 4294967295, i32 0, i32 0, i32 0"   --->   Operation 14 'specinterface' 'specinterface_ln0' <Predicate = true> <Delay = 0.00>
ST_3 : Operation 15 [1/1] (0.00ns)   --->   "%specinterface_ln0 = specinterface void @_ssdm_op_SpecInterface, i48 %stream_out0_layer15_out, void @empty_0, i32 0, i32 0, void @empty_13, i32 0, i32 0, void @empty_13, void @empty_13, void @empty_13, i32 0, i32 0, i32 0, i32 0, void @empty_13, void @empty_13, i32 4294967295, i32 0, i32 0, i32 0"   --->   Operation 15 'specinterface' 'specinterface_ln0' <Predicate = true> <Delay = 0.00>
ST_3 : Operation 16 [1/1] (0.00ns)   --->   "%specinterface_ln0 = specinterface void @_ssdm_op_SpecInterface, i128 %layer13_out, void @empty_0, i32 0, i32 0, void @empty_13, i32 0, i32 0, void @empty_13, void @empty_13, void @empty_13, i32 0, i32 0, i32 0, i32 0, void @empty_13, void @empty_13, i32 4294967295, i32 0, i32 0, i32 0"   --->   Operation 16 'specinterface' 'specinterface_ln0' <Predicate = true> <Delay = 0.00>
ST_3 : Operation 17 [1/1] (0.00ns)   --->   "%specinterface_ln0 = specinterface void @_ssdm_op_SpecInterface, i48 %stream_out0_layer15_out, void @empty_0, i32 0, i32 0, void @empty_13, i32 0, i32 0, void @empty_13, void @empty_13, void @empty_13, i32 0, i32 0, i32 0, i32 0, void @empty_13, void @empty_13, i32 4294967295, i32 0, i32 0, i32 0"   --->   Operation 17 'specinterface' 'specinterface_ln0' <Predicate = true> <Delay = 0.00>
ST_3 : Operation 18 [1/1] (0.00ns)   --->   "%p_0 = bitconcatenate i48 @_ssdm_op_BitConcatenate.i48.i16.i16.i16, i16 %res_8, i16 %res_7, i16 %res" [firmware/nnet_utils/nnet_dense_stream.h:77->firmware/nnet_utils/nnet_dense_stream.h:100]   --->   Operation 18 'bitconcatenate' 'p_0' <Predicate = true> <Delay = 0.00>
ST_3 : Operation 19 [1/1] ( I:1.64ns O:1.64ns )   --->   "%write_ln77 = write void @_ssdm_op_Write.ap_fifo.volatile.i48P0A, i48 %stream_out0_layer15_out, i48 %p_0" [firmware/nnet_utils/nnet_dense_stream.h:77->firmware/nnet_utils/nnet_dense_stream.h:100]   --->   Operation 19 'write' 'write_ln77' <Predicate = true> <Delay = 1.64> <CoreInst = "FIFO">   --->   Core 77 'FIFO' <Latency = 0> <II = 1> <Delay = 1.64> <Storage> <Opcode : 'read' 'write' 'nbread' 'nbwrite'> <Ports = 0> <Width = 48> <Depth = 128> <FIFO>
ST_3 : Operation 20 [1/1] (0.00ns)   --->   "%ret_ln0 = ret"   --->   Operation 20 'ret' 'ret_ln0' <Predicate = true> <Delay = 0.00>


============================================================
+ Verbose Summary: Binding
============================================================
STG Binding: 
---------------- STG Properties BEGIN ----------------
- Is combinational: 0
- Is one-state seq: 0
- Is datapath-only: 0
- Is pipelined: 0
- Is top level: 0
Port [ Return ] is wired: 1; IO mode=ap_ctrl_hs:ce=0
Port [ layer13_out]:  wired=1; compound=1; hidden=0; nouse=0; global=0; static=0; extern=0; dir=0; type=3; pingpong=0; private_global=0; IO mode=ap_fifo:ce=0
Port [ stream_out0_layer15_out]:  wired=1; compound=1; hidden=0; nouse=0; global=1; static=1; extern=0; dir=1; type=3; pingpong=0; private_global=0; IO mode=ap_fifo:ce=0
---------------- STG Properties END ------------------

---------------- Datapath Model BEGIN ----------------

<LifeTime>
<method=bitvector/>
layer13_out_read  (read          ) [ 0000]
data              (partselect    ) [ 0010]
data_12           (partselect    ) [ 0010]
data_3            (partselect    ) [ 0010]
data_4            (partselect    ) [ 0010]
call_ret_i        (call          ) [ 0000]
res               (extractvalue  ) [ 0001]
res_7             (extractvalue  ) [ 0001]
res_8             (extractvalue  ) [ 0001]
specinterface_ln0 (specinterface ) [ 0000]
specinterface_ln0 (specinterface ) [ 0000]
specinterface_ln0 (specinterface ) [ 0000]
specinterface_ln0 (specinterface ) [ 0000]
specinterface_ln0 (specinterface ) [ 0000]
p_0               (bitconcatenate) [ 0000]
write_ln77        (write         ) [ 0000]
ret_ln0           (ret           ) [ 0000]
</LifeTime>

<model>

<comp_list>
<comp id="0" class="1000" name="layer13_out">
<pin_list>
<pin id="1" dir="1" index="0" bw="1" slack="0"/>
</pin_list>
<bind>
<StgValue><ssdm name="layer13_out"/></StgValue>
</bind>
</comp>

<comp id="2" class="1000" name="stream_out0_layer15_out">
<pin_list>
<pin id="3" dir="1" index="0" bw="1" slack="0"/>
</pin_list>
<bind>
<StgValue><ssdm name="stream_out0_layer15_out"/></StgValue>
</bind>
</comp>

<comp id="4" class="1001" name="const_4">
<pin_list>
<pin id="5" dir="1" index="0" bw="1" slack="0"/>
</pin_list>
<bind>
<StgValue><ssdm name="_ssdm_op_Read.ap_fifo.volatile.i128P0A"/></StgValue>
</bind>
</comp>

<comp id="6" class="1001" name="const_6">
<pin_list>
<pin id="7" dir="1" index="0" bw="1" slack="0"/>
</pin_list>
<bind>
<StgValue><ssdm name="_ssdm_op_PartSelect.i8.i128.i32.i32"/></StgValue>
</bind>
</comp>

<comp id="8" class="1001" name="const_8">
<pin_list>
<pin id="9" dir="1" index="0" bw="1" slack="0"/>
</pin_list>
<bind>
<StgValue><ssdm name=""/></StgValue>
</bind>
</comp>

<comp id="10" class="1001" name="const_10">
<pin_list>
<pin id="11" dir="1" index="0" bw="1" slack="0"/>
</pin_list>
<bind>
<StgValue><ssdm name=""/></StgValue>
</bind>
</comp>

<comp id="12" class="1001" name="const_12">
<pin_list>
<pin id="13" dir="1" index="0" bw="1" slack="0"/>
</pin_list>
<bind>
<StgValue><ssdm name=""/></StgValue>
</bind>
</comp>

<comp id="14" class="1001" name="const_14">
<pin_list>
<pin id="15" dir="1" index="0" bw="1" slack="0"/>
</pin_list>
<bind>
<StgValue><ssdm name=""/></StgValue>
</bind>
</comp>

<comp id="16" class="1001" name="const_16">
<pin_list>
<pin id="17" dir="1" index="0" bw="1" slack="0"/>
</pin_list>
<bind>
<StgValue><ssdm name=""/></StgValue>
</bind>
</comp>

<comp id="18" class="1001" name="const_18">
<pin_list>
<pin id="19" dir="1" index="0" bw="1" slack="0"/>
</pin_list>
<bind>
<StgValue><ssdm name=""/></StgValue>
</bind>
</comp>

<comp id="20" class="1001" name="const_20">
<pin_list>
<pin id="21" dir="1" index="0" bw="1" slack="0"/>
</pin_list>
<bind>
<StgValue><ssdm name=""/></StgValue>
</bind>
</comp>

<comp id="22" class="1001" name="const_22">
<pin_list>
<pin id="23" dir="1" index="0" bw="1" slack="0"/>
</pin_list>
<bind>
<StgValue><ssdm name=""/></StgValue>
</bind>
</comp>

<comp id="24" class="1001" name="const_24">
<pin_list>
<pin id="25" dir="1" index="0" bw="1" slack="0"/>
</pin_list>
<bind>
<StgValue><ssdm name="dense_latency<ap_ufixed<8, 5, 0, 3, 0>, ap_fixed<16, 8, 5, 3, 0>, config15>"/></StgValue>
</bind>
</comp>

<comp id="26" class="1001" name="const_26">
<pin_list>
<pin id="27" dir="1" index="0" bw="1" slack="2147483647"/>
</pin_list>
<bind>
<StgValue><ssdm name="_ssdm_op_SpecInterface"/></StgValue>
</bind>
</comp>

<comp id="28" class="1001" name="const_28">
<pin_list>
<pin id="29" dir="1" index="0" bw="1" slack="2147483647"/>
</pin_list>
<bind>
<StgValue><ssdm name="empty_0"/></StgValue>
</bind>
</comp>

<comp id="30" class="1001" name="const_30">
<pin_list>
<pin id="31" dir="1" index="0" bw="1" slack="2147483647"/>
</pin_list>
<bind>
<StgValue><ssdm name=""/></StgValue>
</bind>
</comp>

<comp id="32" class="1001" name="const_32">
<pin_list>
<pin id="33" dir="1" index="0" bw="1" slack="2147483647"/>
</pin_list>
<bind>
<StgValue><ssdm name="empty_13"/></StgValue>
</bind>
</comp>

<comp id="34" class="1001" name="const_34">
<pin_list>
<pin id="35" dir="1" index="0" bw="1" slack="2147483647"/>
</pin_list>
<bind>
<StgValue><ssdm name=""/></StgValue>
</bind>
</comp>

<comp id="36" class="1001" name="const_36">
<pin_list>
<pin id="37" dir="1" index="0" bw="1" slack="0"/>
</pin_list>
<bind>
<StgValue><ssdm name="_ssdm_op_BitConcatenate.i48.i16.i16.i16"/></StgValue>
</bind>
</comp>

<comp id="38" class="1001" name="const_38">
<pin_list>
<pin id="39" dir="1" index="0" bw="1" slack="0"/>
</pin_list>
<bind>
<StgValue><ssdm name="_ssdm_op_Write.ap_fifo.volatile.i48P0A"/></StgValue>
</bind>
</comp>

<comp id="40" class="1004" name="layer13_out_read_read_fu_40">
<pin_list>
<pin id="41" dir="0" index="0" bw="128" slack="0"/>
<pin id="42" dir="0" index="1" bw="128" slack="0"/>
<pin id="43" dir="1" index="2" bw="128" slack="0"/>
</pin_list>
<bind>
<opcode="read(1150) " fcode="read"/>
<opset="layer13_out_read/1 "/>
</bind>
</comp>

<comp id="46" class="1004" name="write_ln77_write_fu_46">
<pin_list>
<pin id="47" dir="0" index="0" bw="0" slack="0"/>
<pin id="48" dir="0" index="1" bw="48" slack="0"/>
<pin id="49" dir="0" index="2" bw="48" slack="0"/>
<pin id="50" dir="1" index="3" bw="0" slack="2147483647"/>
</pin_list>
<bind>
<opcode="write(1151) " fcode="write"/>
<opset="write_ln77/3 "/>
</bind>
</comp>

<comp id="53" class="1004" name="call_ret_i_dense_latency_ap_ufixed_8_5_0_3_0_ap_fixed_16_8_5_3_0_config15_s_fu_53">
<pin_list>
<pin id="54" dir="0" index="0" bw="48" slack="0"/>
<pin id="55" dir="0" index="1" bw="8" slack="1"/>
<pin id="56" dir="0" index="2" bw="8" slack="1"/>
<pin id="57" dir="0" index="3" bw="8" slack="1"/>
<pin id="58" dir="0" index="4" bw="8" slack="1"/>
<pin id="59" dir="1" index="5" bw="48" slack="0"/>
</pin_list>
<bind>
<opcode="call(48) " fcode="call"/>
<opset="call_ret_i/2 "/>
</bind>
</comp>

<comp id="61" class="1004" name="data_fu_61">
<pin_list>
<pin id="62" dir="0" index="0" bw="8" slack="0"/>
<pin id="63" dir="0" index="1" bw="128" slack="0"/>
<pin id="64" dir="0" index="2" bw="6" slack="0"/>
<pin id="65" dir="0" index="3" bw="6" slack="0"/>
<pin id="66" dir="1" index="4" bw="8" slack="1"/>
</pin_list>
<bind>
<opcode="partselect(1002) " fcode="partselect"/>
<opset="data/1 "/>
</bind>
</comp>

<comp id="71" class="1004" name="data_12_fu_71">
<pin_list>
<pin id="72" dir="0" index="0" bw="8" slack="0"/>
<pin id="73" dir="0" index="1" bw="128" slack="0"/>
<pin id="74" dir="0" index="2" bw="7" slack="0"/>
<pin id="75" dir="0" index="3" bw="7" slack="0"/>
<pin id="76" dir="1" index="4" bw="8" slack="1"/>
</pin_list>
<bind>
<opcode="partselect(1002) " fcode="partselect"/>
<opset="data_12/1 "/>
</bind>
</comp>

<comp id="81" class="1004" name="data_3_fu_81">
<pin_list>
<pin id="82" dir="0" index="0" bw="8" slack="0"/>
<pin id="83" dir="0" index="1" bw="128" slack="0"/>
<pin id="84" dir="0" index="2" bw="7" slack="0"/>
<pin id="85" dir="0" index="3" bw="7" slack="0"/>
<pin id="86" dir="1" index="4" bw="8" slack="1"/>
</pin_list>
<bind>
<opcode="partselect(1002) " fcode="partselect"/>
<opset="data_3/1 "/>
</bind>
</comp>

<comp id="91" class="1004" name="data_4_fu_91">
<pin_list>
<pin id="92" dir="0" index="0" bw="8" slack="0"/>
<pin id="93" dir="0" index="1" bw="128" slack="0"/>
<pin id="94" dir="0" index="2" bw="7" slack="0"/>
<pin id="95" dir="0" index="3" bw="7" slack="0"/>
<pin id="96" dir="1" index="4" bw="8" slack="1"/>
</pin_list>
<bind>
<opcode="partselect(1002) " fcode="partselect"/>
<opset="data_4/1 "/>
</bind>
</comp>

<comp id="101" class="1004" name="res_fu_101">
<pin_list>
<pin id="102" dir="0" index="0" bw="48" slack="0"/>
<pin id="103" dir="1" index="1" bw="16" slack="1"/>
</pin_list>
<bind>
<opcode="extractvalue(56) " fcode="extractvalue"/>
<opset="res/2 "/>
</bind>
</comp>

<comp id="105" class="1004" name="res_7_fu_105">
<pin_list>
<pin id="106" dir="0" index="0" bw="48" slack="0"/>
<pin id="107" dir="1" index="1" bw="16" slack="1"/>
</pin_list>
<bind>
<opcode="extractvalue(56) " fcode="extractvalue"/>
<opset="res_7/2 "/>
</bind>
</comp>

<comp id="109" class="1004" name="res_8_fu_109">
<pin_list>
<pin id="110" dir="0" index="0" bw="48" slack="0"/>
<pin id="111" dir="1" index="1" bw="16" slack="1"/>
</pin_list>
<bind>
<opcode="extractvalue(56) " fcode="extractvalue"/>
<opset="res_8/2 "/>
</bind>
</comp>

<comp id="113" class="1004" name="p_0_fu_113">
<pin_list>
<pin id="114" dir="0" index="0" bw="48" slack="0"/>
<pin id="115" dir="0" index="1" bw="16" slack="1"/>
<pin id="116" dir="0" index="2" bw="16" slack="1"/>
<pin id="117" dir="0" index="3" bw="16" slack="1"/>
<pin id="118" dir="1" index="4" bw="48" slack="0"/>
</pin_list>
<bind>
<opcode="bitconcatenate(1004) " fcode="bitconcatenate"/>
<opset="p_0/3 "/>
</bind>
</comp>

<comp id="121" class="1005" name="data_reg_121">
<pin_list>
<pin id="122" dir="0" index="0" bw="8" slack="1"/>
<pin id="123" dir="1" index="1" bw="8" slack="1"/>
</pin_list>
<bind>
<opset="data "/>
</bind>
</comp>

<comp id="126" class="1005" name="data_12_reg_126">
<pin_list>
<pin id="127" dir="0" index="0" bw="8" slack="1"/>
<pin id="128" dir="1" index="1" bw="8" slack="1"/>
</pin_list>
<bind>
<opset="data_12 "/>
</bind>
</comp>

<comp id="131" class="1005" name="data_3_reg_131">
<pin_list>
<pin id="132" dir="0" index="0" bw="8" slack="1"/>
<pin id="133" dir="1" index="1" bw="8" slack="1"/>
</pin_list>
<bind>
<opset="data_3 "/>
</bind>
</comp>

<comp id="136" class="1005" name="data_4_reg_136">
<pin_list>
<pin id="137" dir="0" index="0" bw="8" slack="1"/>
<pin id="138" dir="1" index="1" bw="8" slack="1"/>
</pin_list>
<bind>
<opset="data_4 "/>
</bind>
</comp>

<comp id="141" class="1005" name="res_reg_141">
<pin_list>
<pin id="142" dir="0" index="0" bw="16" slack="1"/>
<pin id="143" dir="1" index="1" bw="16" slack="1"/>
</pin_list>
<bind>
<opset="res "/>
</bind>
</comp>

<comp id="146" class="1005" name="res_7_reg_146">
<pin_list>
<pin id="147" dir="0" index="0" bw="16" slack="1"/>
<pin id="148" dir="1" index="1" bw="16" slack="1"/>
</pin_list>
<bind>
<opset="res_7 "/>
</bind>
</comp>

<comp id="151" class="1005" name="res_8_reg_151">
<pin_list>
<pin id="152" dir="0" index="0" bw="16" slack="1"/>
<pin id="153" dir="1" index="1" bw="16" slack="1"/>
</pin_list>
<bind>
<opset="res_8 "/>
</bind>
</comp>

</comp_list>

<net_list>
<net id="44"><net_src comp="4" pin="0"/><net_sink comp="40" pin=0"/></net>

<net id="45"><net_src comp="0" pin="0"/><net_sink comp="40" pin=1"/></net>

<net id="51"><net_src comp="38" pin="0"/><net_sink comp="46" pin=0"/></net>

<net id="52"><net_src comp="2" pin="0"/><net_sink comp="46" pin=1"/></net>

<net id="60"><net_src comp="24" pin="0"/><net_sink comp="53" pin=0"/></net>

<net id="67"><net_src comp="6" pin="0"/><net_sink comp="61" pin=0"/></net>

<net id="68"><net_src comp="40" pin="2"/><net_sink comp="61" pin=1"/></net>

<net id="69"><net_src comp="8" pin="0"/><net_sink comp="61" pin=2"/></net>

<net id="70"><net_src comp="10" pin="0"/><net_sink comp="61" pin=3"/></net>

<net id="77"><net_src comp="6" pin="0"/><net_sink comp="71" pin=0"/></net>

<net id="78"><net_src comp="40" pin="2"/><net_sink comp="71" pin=1"/></net>

<net id="79"><net_src comp="12" pin="0"/><net_sink comp="71" pin=2"/></net>

<net id="80"><net_src comp="14" pin="0"/><net_sink comp="71" pin=3"/></net>

<net id="87"><net_src comp="6" pin="0"/><net_sink comp="81" pin=0"/></net>

<net id="88"><net_src comp="40" pin="2"/><net_sink comp="81" pin=1"/></net>

<net id="89"><net_src comp="16" pin="0"/><net_sink comp="81" pin=2"/></net>

<net id="90"><net_src comp="18" pin="0"/><net_sink comp="81" pin=3"/></net>

<net id="97"><net_src comp="6" pin="0"/><net_sink comp="91" pin=0"/></net>

<net id="98"><net_src comp="40" pin="2"/><net_sink comp="91" pin=1"/></net>

<net id="99"><net_src comp="20" pin="0"/><net_sink comp="91" pin=2"/></net>

<net id="100"><net_src comp="22" pin="0"/><net_sink comp="91" pin=3"/></net>

<net id="104"><net_src comp="53" pin="5"/><net_sink comp="101" pin=0"/></net>

<net id="108"><net_src comp="53" pin="5"/><net_sink comp="105" pin=0"/></net>

<net id="112"><net_src comp="53" pin="5"/><net_sink comp="109" pin=0"/></net>

<net id="119"><net_src comp="36" pin="0"/><net_sink comp="113" pin=0"/></net>

<net id="120"><net_src comp="113" pin="4"/><net_sink comp="46" pin=2"/></net>

<net id="124"><net_src comp="61" pin="4"/><net_sink comp="121" pin=0"/></net>

<net id="125"><net_src comp="121" pin="1"/><net_sink comp="53" pin=1"/></net>

<net id="129"><net_src comp="71" pin="4"/><net_sink comp="126" pin=0"/></net>

<net id="130"><net_src comp="126" pin="1"/><net_sink comp="53" pin=2"/></net>

<net id="134"><net_src comp="81" pin="4"/><net_sink comp="131" pin=0"/></net>

<net id="135"><net_src comp="131" pin="1"/><net_sink comp="53" pin=3"/></net>

<net id="139"><net_src comp="91" pin="4"/><net_sink comp="136" pin=0"/></net>

<net id="140"><net_src comp="136" pin="1"/><net_sink comp="53" pin=4"/></net>

<net id="144"><net_src comp="101" pin="1"/><net_sink comp="141" pin=0"/></net>

<net id="145"><net_src comp="141" pin="1"/><net_sink comp="113" pin=3"/></net>

<net id="149"><net_src comp="105" pin="1"/><net_sink comp="146" pin=0"/></net>

<net id="150"><net_src comp="146" pin="1"/><net_sink comp="113" pin=2"/></net>

<net id="154"><net_src comp="109" pin="1"/><net_sink comp="151" pin=0"/></net>

<net id="155"><net_src comp="151" pin="1"/><net_sink comp="113" pin=1"/></net>

</net_list>

</model> 
---------------- Datapath Model END ------------------

* FSMD analyzer results:
  - Output states:
	Port: stream_out0_layer15_out | {3 }
 - Input state : 
	Port: dense<array<ap_ufixed,16u>,array<ap_fixed<16,8,5,3,0>,3u>,config15> : layer13_out | {1 }
	Port: dense<array<ap_ufixed,16u>,array<ap_fixed<16,8,5,3,0>,3u>,config15> : stream_out0_layer15_out | {}
  - Chain level:
	State 1
	State 2
		res : 1
		res_7 : 1
		res_8 : 1
	State 3
		write_ln77 : 1


============================================================
+ Verbose Summary: Datapath Resource usage 
============================================================

* Functional unit list:
|----------|-----------------------------------------------------------------------------------|---------|---------|
| Operation|                                  Functional Unit                                  |    FF   |   LUT   |
|----------|-----------------------------------------------------------------------------------|---------|---------|
|   call   | call_ret_i_dense_latency_ap_ufixed_8_5_0_3_0_ap_fixed_16_8_5_3_0_config15_s_fu_53 |    0    |   295   |
|----------|-----------------------------------------------------------------------------------|---------|---------|
|   read   |                            layer13_out_read_read_fu_40                            |    0    |    0    |
|----------|-----------------------------------------------------------------------------------|---------|---------|
|   write  |                               write_ln77_write_fu_46                              |    0    |    0    |
|----------|-----------------------------------------------------------------------------------|---------|---------|
|          |                                     data_fu_61                                    |    0    |    0    |
|partselect|                                   data_12_fu_71                                   |    0    |    0    |
|          |                                    data_3_fu_81                                   |    0    |    0    |
|          |                                    data_4_fu_91                                   |    0    |    0    |
|----------|-----------------------------------------------------------------------------------|---------|---------|
|          |                                     res_fu_101                                    |    0    |    0    |
|extractvalue|                                    res_7_fu_105                                   |    0    |    0    |
|          |                                    res_8_fu_109                                   |    0    |    0    |
|----------|-----------------------------------------------------------------------------------|---------|---------|
|bitconcatenate|                                     p_0_fu_113                                    |    0    |    0    |
|----------|-----------------------------------------------------------------------------------|---------|---------|
|   Total  |                                                                                   |    0    |   295   |
|----------|-----------------------------------------------------------------------------------|---------|---------|

Memories:
N/A

* Register list:
+---------------+--------+
|               |   FF   |
+---------------+--------+
|data_12_reg_126|    8   |
| data_3_reg_131|    8   |
| data_4_reg_136|    8   |
|  data_reg_121 |    8   |
| res_7_reg_146 |   16   |
| res_8_reg_151 |   16   |
|  res_reg_141  |   16   |
+---------------+--------+
|     Total     |   80   |
+---------------+--------+

* Multiplexer (MUX) list: 
|--------|------|------|------|--------|
|  Comp  |  Pin | Size |  BW  | S x BW |
|--------|------|------|------|--------|
|  Total |      |      |      |    0   |
|--------|------|------|------|--------|



* Summary:
+-----------+--------+--------+
|           |   FF   |   LUT  |
+-----------+--------+--------+
|  Function |    0   |   295  |
|   Memory  |    -   |    -   |
|Multiplexer|    -   |    -   |
|  Register |   80   |    -   |
+-----------+--------+--------+
|   Total   |   80   |   295  |
+-----------+--------+--------+
