

================================================================
== Vitis HLS Report for 'dense_latency_ap_ufixed_8_5_0_3_0_ap_fixed_16_8_5_3_0_config15_s'
================================================================
* Date:           Thu May  7 11:52:02 2026

* Version:        2025.2 (Build 6295257 on Nov 14 2025)
* Project:        vitis_unified_project
* Solution:       hls (Vivado IP Flow Target)
* Product family: zynquplus
* Target device:  xck26-sfvc784-2LV-c


================================================================
== Performance Estimates
================================================================
+ Timing: 
    * Summary: 
    +--------+---------+----------+------------+
    |  Clock |  Target | Estimated| Uncertainty|
    +--------+---------+----------+------------+
    |ap_clk  |  5.00 ns|  3.258 ns|     0.62 ns|
    +--------+---------+----------+------------+

+ Latency: 
    * Summary: 
    +---------+---------+----------+----------+-----+-----+---------+
    |  Latency (cycles) |  Latency (absolute) |  Interval | Pipeline|
    |   min   |   max   |    min   |    max   | min | max |   Type  |
    +---------+---------+----------+----------+-----+-----+---------+
    |        0|        0|      0 ns|      0 ns|    1|    1|      yes|
    +---------+---------+----------+----------+-----+-----+---------+

    + Detail: 
        * Instance: 
        N/A

        * Loop: 
        N/A

============================================================
+ Verbose Summary: Synthesis Manager
============================================================
InlineROM: 1
ExposeGlobal: 0
============================================================
+ Verbose Summary: CDFG Model
============================================================
IsTopModel: 0
ResetActiveHigh: 1
IsCombinational: 0
IsDatapathOnly: 0
HasWiredReturn: 1
HasMFsm: 2
HasVarLatency: 0
IsPipeline: 1
IsRtlPipelined: 0
IsInstanceOverlapped: 0
IsDontTouch: 0
HasImplIP: 0
IsGatedGlobalClock: 0

+ Individual pipeline summary: 
  * Pipeline-0: initiation interval (II) = 1, depth = 1


============================================================
+ Verbose Summary: Schedule
============================================================
* Number of FSM states : 1
* Pipeline : 1
  Pipeline-0 : II = 1, D = 1, States = { 1 }
* Dataflow Pipeline: 0

* FSM state transitions: 
1 --> 

* FSM state operations: 

State 1 <SV = 0> <Delay = 3.25>
ST_1 : Operation 2 [1/1] (0.00ns)   --->   "%specpipeline_ln26 = specpipeline void @_ssdm_op_SpecPipeline, i32 1, i32 0, i32 0, i32 0, i32 4294967295, void @empty_13" [firmware/nnet_utils/nnet_dense_latency.h:26]   --->   Operation 2 'specpipeline' 'specpipeline_ln26' <Predicate = true> <Delay = 0.00>
ST_1 : Operation 3 [1/1] (0.00ns)   --->   "%specresourcelimit_ln33 = specresourcelimit void @_ssdm_op_SpecResourceLimit, i64 10, void @empty_15, void @empty_13, void @empty_13, void @empty_13" [firmware/nnet_utils/nnet_dense_latency.h:33]   --->   Operation 3 'specresourcelimit' 'specresourcelimit_ln33' <Predicate = true> <Delay = 0.00>
ST_1 : Operation 4 [1/1] (0.00ns)   --->   "%data_7_val_read = read i8 @_ssdm_op_Read.ap_auto.i8, i8 %data_7_val" [firmware/nnet_utils/nnet_mult.h:70->firmware/nnet_utils/nnet_dense_latency.h:42]   --->   Operation 4 'read' 'data_7_val_read' <Predicate = true> <Delay = 0.00>
ST_1 : Operation 5 [1/1] (0.00ns)   --->   "%data_5_val_read = read i8 @_ssdm_op_Read.ap_auto.i8, i8 %data_5_val" [firmware/nnet_utils/nnet_mult.h:70->firmware/nnet_utils/nnet_dense_latency.h:42]   --->   Operation 5 'read' 'data_5_val_read' <Predicate = true> <Delay = 0.00>
ST_1 : Operation 6 [1/1] (0.00ns)   --->   "%data_4_val_read = read i8 @_ssdm_op_Read.ap_auto.i8, i8 %data_4_val" [firmware/nnet_utils/nnet_mult.h:70->firmware/nnet_utils/nnet_dense_latency.h:42]   --->   Operation 6 'read' 'data_4_val_read' <Predicate = true> <Delay = 0.00>
ST_1 : Operation 7 [1/1] (0.00ns)   --->   "%data_2_val_read = read i8 @_ssdm_op_Read.ap_auto.i8, i8 %data_2_val" [firmware/nnet_utils/nnet_mult.h:70->firmware/nnet_utils/nnet_dense_latency.h:42]   --->   Operation 7 'read' 'data_2_val_read' <Predicate = true> <Delay = 0.00>
ST_1 : Operation 8 [1/1] (0.00ns)   --->   "%tmp = bitconcatenate i11 @_ssdm_op_BitConcatenate.i11.i8.i3, i8 %data_2_val_read, i3 0" [firmware/nnet_utils/nnet_mult.h:73->firmware/nnet_utils/nnet_dense_latency.h:42]   --->   Operation 8 'bitconcatenate' 'tmp' <Predicate = true> <Delay = 0.00>
ST_1 : Operation 9 [1/1] (0.00ns)   --->   "%zext_ln73 = zext i11 %tmp" [firmware/nnet_utils/nnet_mult.h:73->firmware/nnet_utils/nnet_dense_latency.h:42]   --->   Operation 9 'zext' 'zext_ln73' <Predicate = true> <Delay = 0.00>
ST_1 : Operation 10 [1/1] (0.00ns)   --->   "%tmp_485 = bitconcatenate i9 @_ssdm_op_BitConcatenate.i9.i8.i1, i8 %data_2_val_read, i1 0" [firmware/nnet_utils/nnet_mult.h:73->firmware/nnet_utils/nnet_dense_latency.h:42]   --->   Operation 10 'bitconcatenate' 'tmp_485' <Predicate = true> <Delay = 0.00>
ST_1 : Operation 11 [1/1] (0.00ns)   --->   "%zext_ln73_88 = zext i9 %tmp_485" [firmware/nnet_utils/nnet_mult.h:73->firmware/nnet_utils/nnet_dense_latency.h:42]   --->   Operation 11 'zext' 'zext_ln73_88' <Predicate = true> <Delay = 0.00>
ST_1 : Operation 12 [1/1] (0.79ns)   --->   "%sub_ln73 = sub i12 %zext_ln73_88, i12 %zext_ln73" [firmware/nnet_utils/nnet_mult.h:73->firmware/nnet_utils/nnet_dense_latency.h:42]   --->   Operation 12 'sub' 'sub_ln73' <Predicate = true> <Delay = 0.79> <CoreInst = "Adder">   --->   Core 1 'Adder' <Latency = 0> <II = 1> <Delay = 0.79> <FuncUnit> <Opcode : 'add' 'sub'> <InPorts = 2> <OutPorts = 1>
ST_1 : Operation 13 [1/1] (0.00ns)   --->   "%zext_ln70 = zext i8 %data_4_val_read" [firmware/nnet_utils/nnet_mult.h:70->firmware/nnet_utils/nnet_dense_latency.h:42]   --->   Operation 13 'zext' 'zext_ln70' <Predicate = true> <Delay = 0.00>
ST_1 : Operation 14 [1/1] (0.00ns)   --->   "%zext_ln70_4 = zext i8 %data_5_val_read" [firmware/nnet_utils/nnet_mult.h:70->firmware/nnet_utils/nnet_dense_latency.h:42]   --->   Operation 14 'zext' 'zext_ln70_4' <Predicate = true> <Delay = 0.00>
ST_1 : Operation 15 [1/1] (0.00ns)   --->   "%zext_ln70_5 = zext i8 %data_7_val_read" [firmware/nnet_utils/nnet_mult.h:70->firmware/nnet_utils/nnet_dense_latency.h:42]   --->   Operation 15 'zext' 'zext_ln70_5' <Predicate = true> <Delay = 0.00>
ST_1 : Operation 16 [1/1] (0.00ns)   --->   "%p_shl16 = bitconcatenate i13 @_ssdm_op_BitConcatenate.i13.i8.i5, i8 %data_2_val_read, i5 0" [firmware/nnet_utils/nnet_dense_latency.h:58]   --->   Operation 16 'bitconcatenate' 'p_shl16' <Predicate = true> <Delay = 0.00>
ST_1 : Operation 17 [1/1] (0.00ns)   --->   "%zext_ln58_42 = zext i11 %tmp" [firmware/nnet_utils/nnet_dense_latency.h:58]   --->   Operation 17 'zext' 'zext_ln58_42' <Predicate = true> <Delay = 0.00>
ST_1 : Operation 18 [1/1] (0.82ns)   --->   "%sub_ln58 = sub i13 %p_shl16, i13 %zext_ln58_42" [firmware/nnet_utils/nnet_dense_latency.h:58]   --->   Operation 18 'sub' 'sub_ln58' <Predicate = true> <Delay = 0.82> <CoreInst = "Adder">   --->   Core 1 'Adder' <Latency = 0> <II = 1> <Delay = 0.82> <FuncUnit> <Opcode : 'add' 'sub'> <InPorts = 2> <OutPorts = 1>
ST_1 : Operation 19 [1/1] (0.00ns)   --->   "%zext_ln58 = zext i13 %sub_ln58" [firmware/nnet_utils/nnet_dense_latency.h:58]   --->   Operation 19 'zext' 'zext_ln58' <Predicate = true> <Delay = 0.00>
ST_1 : Operation 20 [1/1] (0.82ns)   --->   "%add_ln58 = add i14 %zext_ln58, i14 16320" [firmware/nnet_utils/nnet_dense_latency.h:58]   --->   Operation 20 'add' 'add_ln58' <Predicate = true> <Delay = 0.82> <CoreInst = "Adder">   --->   Core 1 'Adder' <Latency = 0> <II = 1> <Delay = 0.82> <FuncUnit> <Opcode : 'add' 'sub'> <InPorts = 2> <OutPorts = 1>
ST_1 : Operation 21 [1/1] (0.00ns)   --->   "%sext_ln58 = sext i14 %add_ln58" [firmware/nnet_utils/nnet_dense_latency.h:58]   --->   Operation 21 'sext' 'sext_ln58' <Predicate = true> <Delay = 0.00>
ST_1 : Operation 22 [1/1] (0.00ns)   --->   "%tmp_486 = bitconcatenate i15 @_ssdm_op_BitConcatenate.i15.i8.i7, i8 %data_4_val_read, i7 0" [firmware/nnet_utils/nnet_dense_latency.h:58]   --->   Operation 22 'bitconcatenate' 'tmp_486' <Predicate = true> <Delay = 0.00>
ST_1 : Operation 23 [1/1] (0.00ns)   --->   "%zext_ln58_43 = zext i15 %tmp_486" [firmware/nnet_utils/nnet_dense_latency.h:58]   --->   Operation 23 'zext' 'zext_ln58_43' <Predicate = true> <Delay = 0.00>
ST_1 : Operation 24 [1/1] (0.00ns)   --->   "%tmp_487 = bitconcatenate i13 @_ssdm_op_BitConcatenate.i13.i8.i5, i8 %data_4_val_read, i5 0" [firmware/nnet_utils/nnet_dense_latency.h:58]   --->   Operation 24 'bitconcatenate' 'tmp_487' <Predicate = true> <Delay = 0.00>
ST_1 : Operation 25 [1/1] (0.00ns)   --->   "%zext_ln58_45 = zext i13 %tmp_487" [firmware/nnet_utils/nnet_dense_latency.h:58]   --->   Operation 25 'zext' 'zext_ln58_45' <Predicate = true> <Delay = 0.00>
ST_1 : Operation 26 [1/1] (0.00ns) (grouped into TernaryAdder)   --->   "%sub_ln58_21 = sub i16 %zext_ln58_45, i16 %zext_ln58_43" [firmware/nnet_utils/nnet_dense_latency.h:58]   --->   Operation 26 'sub' 'sub_ln58_21' <Predicate = true> <Delay = 0.00> <CoreInst = "TAddSub">   --->   Core 10 'TAddSub' <Latency = 0> <II = 1> <Delay = 0.34> <IPBlock> <Opcode : 'add' 'sub'> <InPorts = 3> <OutPorts = 1> <Sync> <CReg>
ST_1 : Operation 27 [1/1] (0.68ns) (root node of TernaryAdder)   --->   "%add_ln58_96 = add i16 %sub_ln58_21, i16 %sext_ln58" [firmware/nnet_utils/nnet_dense_latency.h:58]   --->   Operation 27 'add' 'add_ln58_96' <Predicate = true> <Delay = 0.68> <CoreInst = "TAddSub">   --->   Core 10 'TAddSub' <Latency = 0> <II = 1> <Delay = 0.34> <IPBlock> <Opcode : 'add' 'sub'> <InPorts = 3> <OutPorts = 1> <Sync> <CReg>
ST_1 : Operation 28 [1/1] (0.00ns)   --->   "%tmp_488 = bitconcatenate i10 @_ssdm_op_BitConcatenate.i10.i8.i2, i8 %data_7_val_read, i2 0" [firmware/nnet_utils/nnet_dense_latency.h:58]   --->   Operation 28 'bitconcatenate' 'tmp_488' <Predicate = true> <Delay = 0.00>
ST_1 : Operation 29 [1/1] (0.00ns)   --->   "%zext_ln58_46 = zext i10 %tmp_488" [firmware/nnet_utils/nnet_dense_latency.h:58]   --->   Operation 29 'zext' 'zext_ln58_46' <Predicate = true> <Delay = 0.00>
ST_1 : Operation 30 [1/1] (0.78ns)   --->   "%sub_ln58_22 = sub i11 %zext_ln70_5, i11 %zext_ln58_46" [firmware/nnet_utils/nnet_dense_latency.h:58]   --->   Operation 30 'sub' 'sub_ln58_22' <Predicate = true> <Delay = 0.78> <CoreInst = "Adder">   --->   Core 1 'Adder' <Latency = 0> <II = 1> <Delay = 0.78> <FuncUnit> <Opcode : 'add' 'sub'> <InPorts = 2> <OutPorts = 1>
ST_1 : Operation 31 [1/1] (0.00ns)   --->   "%mul_ln58_2_cast = sext i11 %sub_ln58_22" [firmware/nnet_utils/nnet_dense_latency.h:58]   --->   Operation 31 'sext' 'mul_ln58_2_cast' <Predicate = true> <Delay = 0.00>
ST_1 : Operation 32 [1/1] (0.76ns)   --->   "%tmp4 = add i9 %zext_ln70_4, i9 %zext_ln70" [firmware/nnet_utils/nnet_mult.h:70->firmware/nnet_utils/nnet_dense_latency.h:42]   --->   Operation 32 'add' 'tmp4' <Predicate = true> <Delay = 0.76> <CoreInst = "Adder">   --->   Core 1 'Adder' <Latency = 0> <II = 1> <Delay = 0.76> <FuncUnit> <Opcode : 'add' 'sub'> <InPorts = 2> <OutPorts = 1>
ST_1 : Operation 33 [1/1] (0.00ns)   --->   "%tmp1 = bitconcatenate i12 @_ssdm_op_BitConcatenate.i12.i9.i3, i9 %tmp4, i3 0" [firmware/nnet_utils/nnet_mult.h:70->firmware/nnet_utils/nnet_dense_latency.h:42]   --->   Operation 33 'bitconcatenate' 'tmp1' <Predicate = true> <Delay = 0.00>
ST_1 : Operation 34 [1/1] (0.00ns)   --->   "%zext_ln58_44 = zext i12 %tmp1" [firmware/nnet_utils/nnet_dense_latency.h:58]   --->   Operation 34 'zext' 'zext_ln58_44' <Predicate = true> <Delay = 0.00>
ST_1 : Operation 35 [1/1] (0.80ns)   --->   "%add_ln58_97 = add i12 %sub_ln73, i12 63" [firmware/nnet_utils/nnet_dense_latency.h:58]   --->   Operation 35 'add' 'add_ln58_97' <Predicate = true> <Delay = 0.80> <CoreInst = "Adder">   --->   Core 1 'Adder' <Latency = 0> <II = 1> <Delay = 0.80> <FuncUnit> <Opcode : 'add' 'sub'> <InPorts = 2> <OutPorts = 1>
ST_1 : Operation 36 [1/1] (0.00ns)   --->   "%sext_ln58_50 = sext i12 %add_ln58_97" [firmware/nnet_utils/nnet_dense_latency.h:58]   --->   Operation 36 'sext' 'sext_ln58_50' <Predicate = true> <Delay = 0.00>
ST_1 : Operation 37 [1/1] (0.80ns)   --->   "%add_ln58_98 = add i13 %sext_ln58_50, i13 %mul_ln58_2_cast" [firmware/nnet_utils/nnet_dense_latency.h:58]   --->   Operation 37 'add' 'add_ln58_98' <Predicate = true> <Delay = 0.80> <CoreInst = "Adder">   --->   Core 1 'Adder' <Latency = 0> <II = 1> <Delay = 0.80> <FuncUnit> <Opcode : 'add' 'sub'> <InPorts = 2> <OutPorts = 1>
ST_1 : Operation 38 [1/1] (0.00ns)   --->   "%sext_ln58_51 = sext i13 %add_ln58_98" [firmware/nnet_utils/nnet_dense_latency.h:58]   --->   Operation 38 'sext' 'sext_ln58_51' <Predicate = true> <Delay = 0.00>
ST_1 : Operation 39 [1/1] (0.82ns)   --->   "%add_ln58_99 = add i14 %sext_ln58_51, i14 %zext_ln58_44" [firmware/nnet_utils/nnet_dense_latency.h:58]   --->   Operation 39 'add' 'add_ln58_99' <Predicate = true> <Delay = 0.82> <CoreInst = "Adder">   --->   Core 1 'Adder' <Latency = 0> <II = 1> <Delay = 0.82> <FuncUnit> <Opcode : 'add' 'sub'> <InPorts = 2> <OutPorts = 1>
ST_1 : Operation 40 [1/1] (0.00ns)   --->   "%sext_ln58_52 = sext i14 %add_ln58_99" [firmware/nnet_utils/nnet_dense_latency.h:58]   --->   Operation 40 'sext' 'sext_ln58_52' <Predicate = true> <Delay = 0.00>
ST_1 : Operation 41 [1/1] (0.00ns)   --->   "%p_shl12 = bitconcatenate i13 @_ssdm_op_BitConcatenate.i13.i8.i5, i8 %data_7_val_read, i5 0" [firmware/nnet_utils/nnet_dense_latency.h:58]   --->   Operation 41 'bitconcatenate' 'p_shl12' <Predicate = true> <Delay = 0.00>
ST_1 : Operation 42 [1/1] (0.00ns)   --->   "%zext_ln58_47 = zext i10 %tmp_488" [firmware/nnet_utils/nnet_dense_latency.h:58]   --->   Operation 42 'zext' 'zext_ln58_47' <Predicate = true> <Delay = 0.00>
ST_1 : Operation 43 [1/1] (0.82ns)   --->   "%sub_ln58_23 = sub i13 %p_shl12, i13 %zext_ln58_47" [firmware/nnet_utils/nnet_dense_latency.h:58]   --->   Operation 43 'sub' 'sub_ln58_23' <Predicate = true> <Delay = 0.82> <CoreInst = "Adder">   --->   Core 1 'Adder' <Latency = 0> <II = 1> <Delay = 0.82> <FuncUnit> <Opcode : 'add' 'sub'> <InPorts = 2> <OutPorts = 1>
ST_1 : Operation 44 [1/1] (0.00ns)   --->   "%mul_ln58_3_cast = zext i13 %sub_ln58_23" [firmware/nnet_utils/nnet_dense_latency.h:58]   --->   Operation 44 'zext' 'mul_ln58_3_cast' <Predicate = true> <Delay = 0.00>
ST_1 : Operation 45 [1/1] (0.76ns)   --->   "%tmp2 = sub i9 %zext_ln70, i9 %zext_ln70_4" [firmware/nnet_utils/nnet_mult.h:70->firmware/nnet_utils/nnet_dense_latency.h:42]   --->   Operation 45 'sub' 'tmp2' <Predicate = true> <Delay = 0.76> <CoreInst = "Adder">   --->   Core 1 'Adder' <Latency = 0> <II = 1> <Delay = 0.76> <FuncUnit> <Opcode : 'add' 'sub'> <InPorts = 2> <OutPorts = 1>
ST_1 : Operation 46 [1/1] (0.00ns)   --->   "%tmp_489 = bitconcatenate i13 @_ssdm_op_BitConcatenate.i13.i9.i4, i9 %tmp2, i4 0" [firmware/nnet_utils/nnet_mult.h:70->firmware/nnet_utils/nnet_dense_latency.h:42]   --->   Operation 46 'bitconcatenate' 'tmp_489' <Predicate = true> <Delay = 0.00>
ST_1 : Operation 47 [1/1] (0.00ns)   --->   "%p_shl = sext i13 %tmp_489" [firmware/nnet_utils/nnet_mult.h:70->firmware/nnet_utils/nnet_dense_latency.h:42]   --->   Operation 47 'sext' 'p_shl' <Predicate = true> <Delay = 0.00>
ST_1 : Operation 48 [1/1] (0.00ns)   --->   "%tmp_490 = bitconcatenate i11 @_ssdm_op_BitConcatenate.i11.i9.i2, i9 %tmp2, i2 0" [firmware/nnet_utils/nnet_mult.h:70->firmware/nnet_utils/nnet_dense_latency.h:42]   --->   Operation 48 'bitconcatenate' 'tmp_490' <Predicate = true> <Delay = 0.00>
ST_1 : Operation 49 [1/1] (0.00ns)   --->   "%p_shl11 = sext i11 %tmp_490" [firmware/nnet_utils/nnet_mult.h:70->firmware/nnet_utils/nnet_dense_latency.h:42]   --->   Operation 49 'sext' 'p_shl11' <Predicate = true> <Delay = 0.00>
ST_1 : Operation 50 [1/1] (0.82ns)   --->   "%tmp3 = sub i14 %p_shl, i14 %p_shl11" [firmware/nnet_utils/nnet_mult.h:70->firmware/nnet_utils/nnet_dense_latency.h:42]   --->   Operation 50 'sub' 'tmp3' <Predicate = true> <Delay = 0.82> <CoreInst = "Adder">   --->   Core 1 'Adder' <Latency = 0> <II = 1> <Delay = 0.82> <FuncUnit> <Opcode : 'add' 'sub'> <InPorts = 2> <OutPorts = 1>
ST_1 : Operation 51 [1/1] (0.00ns)   --->   "%sext_ln58_53 = sext i14 %tmp3" [firmware/nnet_utils/nnet_dense_latency.h:58]   --->   Operation 51 'sext' 'sext_ln58_53' <Predicate = true> <Delay = 0.00>
ST_1 : Operation 52 [1/1] (0.80ns)   --->   "%add_ln58_100 = add i12 %sub_ln73, i12 4000" [firmware/nnet_utils/nnet_dense_latency.h:58]   --->   Operation 52 'add' 'add_ln58_100' <Predicate = true> <Delay = 0.80> <CoreInst = "Adder">   --->   Core 1 'Adder' <Latency = 0> <II = 1> <Delay = 0.80> <FuncUnit> <Opcode : 'add' 'sub'> <InPorts = 2> <OutPorts = 1>
ST_1 : Operation 53 [1/1] (0.00ns)   --->   "%sext_ln58_54 = sext i12 %add_ln58_100" [firmware/nnet_utils/nnet_dense_latency.h:58]   --->   Operation 53 'sext' 'sext_ln58_54' <Predicate = true> <Delay = 0.00>
ST_1 : Operation 54 [1/1] (0.82ns)   --->   "%add_ln58_101 = add i14 %mul_ln58_3_cast, i14 %sext_ln58_54" [firmware/nnet_utils/nnet_dense_latency.h:58]   --->   Operation 54 'add' 'add_ln58_101' <Predicate = true> <Delay = 0.82> <CoreInst = "Adder">   --->   Core 1 'Adder' <Latency = 0> <II = 1> <Delay = 0.82> <FuncUnit> <Opcode : 'add' 'sub'> <InPorts = 2> <OutPorts = 1>
ST_1 : Operation 55 [1/1] (0.00ns)   --->   "%sext_ln58_55 = sext i14 %add_ln58_101" [firmware/nnet_utils/nnet_dense_latency.h:58]   --->   Operation 55 'sext' 'sext_ln58_55' <Predicate = true> <Delay = 0.00>
ST_1 : Operation 56 [1/1] (0.83ns)   --->   "%add_ln58_102 = add i15 %sext_ln58_55, i15 %sext_ln58_53" [firmware/nnet_utils/nnet_dense_latency.h:58]   --->   Operation 56 'add' 'add_ln58_102' <Predicate = true> <Delay = 0.83> <CoreInst = "Adder">   --->   Core 1 'Adder' <Latency = 0> <II = 1> <Delay = 0.83> <FuncUnit> <Opcode : 'add' 'sub'> <InPorts = 2> <OutPorts = 1>
ST_1 : Operation 57 [1/1] (0.00ns)   --->   "%sext_ln68 = sext i15 %add_ln58_102" [firmware/nnet_utils/nnet_dense_latency.h:68]   --->   Operation 57 'sext' 'sext_ln68' <Predicate = true> <Delay = 0.00>
ST_1 : Operation 58 [1/1] (0.00ns)   --->   "%mrv = insertvalue i48 <undef>, i16 %add_ln58_96" [firmware/nnet_utils/nnet_dense_latency.h:68]   --->   Operation 58 'insertvalue' 'mrv' <Predicate = true> <Delay = 0.00>
ST_1 : Operation 59 [1/1] (0.00ns)   --->   "%mrv_1 = insertvalue i48 %mrv, i16 %sext_ln58_52" [firmware/nnet_utils/nnet_dense_latency.h:68]   --->   Operation 59 'insertvalue' 'mrv_1' <Predicate = true> <Delay = 0.00>
ST_1 : Operation 60 [1/1] (0.00ns)   --->   "%mrv_2 = insertvalue i48 %mrv_1, i16 %sext_ln68" [firmware/nnet_utils/nnet_dense_latency.h:68]   --->   Operation 60 'insertvalue' 'mrv_2' <Predicate = true> <Delay = 0.00>
ST_1 : Operation 61 [1/1] (0.00ns)   --->   "%ret_ln68 = ret i48 %mrv_2" [firmware/nnet_utils/nnet_dense_latency.h:68]   --->   Operation 61 'ret' 'ret_ln68' <Predicate = true> <Delay = 0.00>


============================================================
+ Verbose Summary: Binding
============================================================
STG Binding: 
---------------- STG Properties BEGIN ----------------
- Is combinational: 1
- Is one-state seq: 0
- Is datapath-only: 0
- Is pipelined: 1
- Is top level: 0
Port [ Return ] is wired: 1; IO mode=ap_ctrl_hs:ce=0
Port [ data_2_val]:  wired=1; compound=0; hidden=0; nouse=0; global=0; static=0; extern=0; dir=0; type=0; pingpong=0; private_global=0; IO mode=ap_none:ce=0
Port [ data_4_val]:  wired=1; compound=0; hidden=0; nouse=0; global=0; static=0; extern=0; dir=0; type=0; pingpong=0; private_global=0; IO mode=ap_none:ce=0
Port [ data_5_val]:  wired=1; compound=0; hidden=0; nouse=0; global=0; static=0; extern=0; dir=0; type=0; pingpong=0; private_global=0; IO mode=ap_none:ce=0
Port [ data_7_val]:  wired=1; compound=0; hidden=0; nouse=0; global=0; static=0; extern=0; dir=0; type=0; pingpong=0; private_global=0; IO mode=ap_none:ce=0
---------------- STG Properties END ------------------

---------------- Datapath Model BEGIN ----------------

<LifeTime>
<method=bitvector/>
specpipeline_ln26      (specpipeline     ) [ 00]
specresourcelimit_ln33 (specresourcelimit) [ 00]
data_7_val_read        (read             ) [ 00]
data_5_val_read        (read             ) [ 00]
data_4_val_read        (read             ) [ 00]
data_2_val_read        (read             ) [ 00]
tmp                    (bitconcatenate   ) [ 00]
zext_ln73              (zext             ) [ 00]
tmp_485                (bitconcatenate   ) [ 00]
zext_ln73_88           (zext             ) [ 00]
sub_ln73               (sub              ) [ 00]
zext_ln70              (zext             ) [ 00]
zext_ln70_4            (zext             ) [ 00]
zext_ln70_5            (zext             ) [ 00]
p_shl16                (bitconcatenate   ) [ 00]
zext_ln58_42           (zext             ) [ 00]
sub_ln58               (sub              ) [ 00]
zext_ln58              (zext             ) [ 00]
add_ln58               (add              ) [ 00]
sext_ln58              (sext             ) [ 00]
tmp_486                (bitconcatenate   ) [ 00]
zext_ln58_43           (zext             ) [ 00]
tmp_487                (bitconcatenate   ) [ 00]
zext_ln58_45           (zext             ) [ 00]
sub_ln58_21            (sub              ) [ 00]
add_ln58_96            (add              ) [ 00]
tmp_488                (bitconcatenate   ) [ 00]
zext_ln58_46           (zext             ) [ 00]
sub_ln58_22            (sub              ) [ 00]
mul_ln58_2_cast        (sext             ) [ 00]
tmp4                   (add              ) [ 00]
tmp1                   (bitconcatenate   ) [ 00]
zext_ln58_44           (zext             ) [ 00]
add_ln58_97            (add              ) [ 00]
sext_ln58_50           (sext             ) [ 00]
add_ln58_98            (add              ) [ 00]
sext_ln58_51           (sext             ) [ 00]
add_ln58_99            (add              ) [ 00]
sext_ln58_52           (sext             ) [ 00]
p_shl12                (bitconcatenate   ) [ 00]
zext_ln58_47           (zext             ) [ 00]
sub_ln58_23            (sub              ) [ 00]
mul_ln58_3_cast        (zext             ) [ 00]
tmp2                   (sub              ) [ 00]
tmp_489                (bitconcatenate   ) [ 00]
p_shl                  (sext             ) [ 00]
tmp_490                (bitconcatenate   ) [ 00]
p_shl11                (sext             ) [ 00]
tmp3                   (sub              ) [ 00]
sext_ln58_53           (sext             ) [ 00]
add_ln58_100           (add              ) [ 00]
sext_ln58_54           (sext             ) [ 00]
add_ln58_101           (add              ) [ 00]
sext_ln58_55           (sext             ) [ 00]
add_ln58_102           (add              ) [ 00]
sext_ln68              (sext             ) [ 00]
mrv                    (insertvalue      ) [ 00]
mrv_1                  (insertvalue      ) [ 00]
mrv_2                  (insertvalue      ) [ 00]
ret_ln68               (ret              ) [ 00]
</LifeTime>

<model>

<comp_list>
<comp id="0" class="1000" name="data_2_val">
<pin_list>
<pin id="1" dir="1" index="0" bw="1" slack="0"/>
</pin_list>
<bind>
<StgValue><ssdm name="data_2_val"/></StgValue>
</bind>
</comp>

<comp id="2" class="1000" name="data_4_val">
<pin_list>
<pin id="3" dir="1" index="0" bw="1" slack="0"/>
</pin_list>
<bind>
<StgValue><ssdm name="data_4_val"/></StgValue>
</bind>
</comp>

<comp id="4" class="1000" name="data_5_val">
<pin_list>
<pin id="5" dir="1" index="0" bw="1" slack="0"/>
</pin_list>
<bind>
<StgValue><ssdm name="data_5_val"/></StgValue>
</bind>
</comp>

<comp id="6" class="1000" name="data_7_val">
<pin_list>
<pin id="7" dir="1" index="0" bw="1" slack="0"/>
</pin_list>
<bind>
<StgValue><ssdm name="data_7_val"/></StgValue>
</bind>
</comp>

<comp id="8" class="1001" name="const_8">
<pin_list>
<pin id="9" dir="1" index="0" bw="1" slack="2147483647"/>
</pin_list>
<bind>
<StgValue><ssdm name="_ssdm_op_SpecPipeline"/></StgValue>
</bind>
</comp>

<comp id="10" class="1001" name="const_10">
<pin_list>
<pin id="11" dir="1" index="0" bw="1" slack="2147483647"/>
</pin_list>
<bind>
<StgValue><ssdm name=""/></StgValue>
</bind>
</comp>

<comp id="12" class="1001" name="const_12">
<pin_list>
<pin id="13" dir="1" index="0" bw="1" slack="2147483647"/>
</pin_list>
<bind>
<StgValue><ssdm name=""/></StgValue>
</bind>
</comp>

<comp id="14" class="1001" name="const_14">
<pin_list>
<pin id="15" dir="1" index="0" bw="1" slack="2147483647"/>
</pin_list>
<bind>
<StgValue><ssdm name=""/></StgValue>
</bind>
</comp>

<comp id="16" class="1001" name="const_16">
<pin_list>
<pin id="17" dir="1" index="0" bw="1" slack="2147483647"/>
</pin_list>
<bind>
<StgValue><ssdm name="empty_13"/></StgValue>
</bind>
</comp>

<comp id="18" class="1001" name="const_18">
<pin_list>
<pin id="19" dir="1" index="0" bw="1" slack="2147483647"/>
</pin_list>
<bind>
<StgValue><ssdm name="_ssdm_op_SpecResourceLimit"/></StgValue>
</bind>
</comp>

<comp id="20" class="1001" name="const_20">
<pin_list>
<pin id="21" dir="1" index="0" bw="1" slack="2147483647"/>
</pin_list>
<bind>
<StgValue><ssdm name=""/></StgValue>
</bind>
</comp>

<comp id="22" class="1001" name="const_22">
<pin_list>
<pin id="23" dir="1" index="0" bw="1" slack="2147483647"/>
</pin_list>
<bind>
<StgValue><ssdm name="empty_15"/></StgValue>
</bind>
</comp>

<comp id="24" class="1001" name="const_24">
<pin_list>
<pin id="25" dir="1" index="0" bw="1" slack="0"/>
</pin_list>
<bind>
<StgValue><ssdm name="_ssdm_op_Read.ap_auto.i8"/></StgValue>
</bind>
</comp>

<comp id="26" class="1001" name="const_26">
<pin_list>
<pin id="27" dir="1" index="0" bw="1" slack="0"/>
</pin_list>
<bind>
<StgValue><ssdm name="_ssdm_op_BitConcatenate.i11.i8.i3"/></StgValue>
</bind>
</comp>

<comp id="28" class="1001" name="const_28">
<pin_list>
<pin id="29" dir="1" index="0" bw="1" slack="0"/>
</pin_list>
<bind>
<StgValue><ssdm name=""/></StgValue>
</bind>
</comp>

<comp id="30" class="1001" name="const_30">
<pin_list>
<pin id="31" dir="1" index="0" bw="1" slack="0"/>
</pin_list>
<bind>
<StgValue><ssdm name="_ssdm_op_BitConcatenate.i9.i8.i1"/></StgValue>
</bind>
</comp>

<comp id="32" class="1001" name="const_32">
<pin_list>
<pin id="33" dir="1" index="0" bw="1" slack="0"/>
</pin_list>
<bind>
<StgValue><ssdm name=""/></StgValue>
</bind>
</comp>

<comp id="34" class="1001" name="const_34">
<pin_list>
<pin id="35" dir="1" index="0" bw="1" slack="0"/>
</pin_list>
<bind>
<StgValue><ssdm name="_ssdm_op_BitConcatenate.i13.i8.i5"/></StgValue>
</bind>
</comp>

<comp id="36" class="1001" name="const_36">
<pin_list>
<pin id="37" dir="1" index="0" bw="1" slack="0"/>
</pin_list>
<bind>
<StgValue><ssdm name=""/></StgValue>
</bind>
</comp>

<comp id="38" class="1001" name="const_38">
<pin_list>
<pin id="39" dir="1" index="0" bw="1" slack="0"/>
</pin_list>
<bind>
<StgValue><ssdm name=""/></StgValue>
</bind>
</comp>

<comp id="40" class="1001" name="const_40">
<pin_list>
<pin id="41" dir="1" index="0" bw="1" slack="0"/>
</pin_list>
<bind>
<StgValue><ssdm name="_ssdm_op_BitConcatenate.i15.i8.i7"/></StgValue>
</bind>
</comp>

<comp id="42" class="1001" name="const_42">
<pin_list>
<pin id="43" dir="1" index="0" bw="1" slack="0"/>
</pin_list>
<bind>
<StgValue><ssdm name=""/></StgValue>
</bind>
</comp>

<comp id="44" class="1001" name="const_44">
<pin_list>
<pin id="45" dir="1" index="0" bw="1" slack="0"/>
</pin_list>
<bind>
<StgValue><ssdm name="_ssdm_op_BitConcatenate.i10.i8.i2"/></StgValue>
</bind>
</comp>

<comp id="46" class="1001" name="const_46">
<pin_list>
<pin id="47" dir="1" index="0" bw="1" slack="0"/>
</pin_list>
<bind>
<StgValue><ssdm name=""/></StgValue>
</bind>
</comp>

<comp id="48" class="1001" name="const_48">
<pin_list>
<pin id="49" dir="1" index="0" bw="1" slack="0"/>
</pin_list>
<bind>
<StgValue><ssdm name="_ssdm_op_BitConcatenate.i12.i9.i3"/></StgValue>
</bind>
</comp>

<comp id="50" class="1001" name="const_50">
<pin_list>
<pin id="51" dir="1" index="0" bw="1" slack="0"/>
</pin_list>
<bind>
<StgValue><ssdm name=""/></StgValue>
</bind>
</comp>

<comp id="52" class="1001" name="const_52">
<pin_list>
<pin id="53" dir="1" index="0" bw="1" slack="0"/>
</pin_list>
<bind>
<StgValue><ssdm name="_ssdm_op_BitConcatenate.i13.i9.i4"/></StgValue>
</bind>
</comp>

<comp id="54" class="1001" name="const_54">
<pin_list>
<pin id="55" dir="1" index="0" bw="1" slack="0"/>
</pin_list>
<bind>
<StgValue><ssdm name=""/></StgValue>
</bind>
</comp>

<comp id="56" class="1001" name="const_56">
<pin_list>
<pin id="57" dir="1" index="0" bw="1" slack="0"/>
</pin_list>
<bind>
<StgValue><ssdm name="_ssdm_op_BitConcatenate.i11.i9.i2"/></StgValue>
</bind>
</comp>

<comp id="58" class="1001" name="const_58">
<pin_list>
<pin id="59" dir="1" index="0" bw="1" slack="0"/>
</pin_list>
<bind>
<StgValue><ssdm name=""/></StgValue>
</bind>
</comp>

<comp id="60" class="1001" name="const_60">
<pin_list>
<pin id="61" dir="1" index="0" bw="1" slack="0"/>
</pin_list>
<bind>
<StgValue><ssdm name=""/></StgValue>
</bind>
</comp>

<comp id="62" class="1004" name="data_7_val_read_read_fu_62">
<pin_list>
<pin id="63" dir="0" index="0" bw="8" slack="0"/>
<pin id="64" dir="0" index="1" bw="8" slack="0"/>
<pin id="65" dir="1" index="2" bw="8" slack="0"/>
</pin_list>
<bind>
<opcode="read(1150) " fcode="read"/>
<opset="data_7_val_read/1 "/>
</bind>
</comp>

<comp id="68" class="1004" name="data_5_val_read_read_fu_68">
<pin_list>
<pin id="69" dir="0" index="0" bw="8" slack="0"/>
<pin id="70" dir="0" index="1" bw="8" slack="0"/>
<pin id="71" dir="1" index="2" bw="8" slack="0"/>
</pin_list>
<bind>
<opcode="read(1150) " fcode="read"/>
<opset="data_5_val_read/1 "/>
</bind>
</comp>

<comp id="74" class="1004" name="data_4_val_read_read_fu_74">
<pin_list>
<pin id="75" dir="0" index="0" bw="8" slack="0"/>
<pin id="76" dir="0" index="1" bw="8" slack="0"/>
<pin id="77" dir="1" index="2" bw="8" slack="0"/>
</pin_list>
<bind>
<opcode="read(1150) " fcode="read"/>
<opset="data_4_val_read/1 "/>
</bind>
</comp>

<comp id="80" class="1004" name="data_2_val_read_read_fu_80">
<pin_list>
<pin id="81" dir="0" index="0" bw="8" slack="0"/>
<pin id="82" dir="0" index="1" bw="8" slack="0"/>
<pin id="83" dir="1" index="2" bw="8" slack="0"/>
</pin_list>
<bind>
<opcode="read(1150) " fcode="read"/>
<opset="data_2_val_read/1 "/>
</bind>
</comp>

<comp id="86" class="1004" name="tmp_fu_86">
<pin_list>
<pin id="87" dir="0" index="0" bw="11" slack="0"/>
<pin id="88" dir="0" index="1" bw="8" slack="0"/>
<pin id="89" dir="0" index="2" bw="1" slack="0"/>
<pin id="90" dir="1" index="3" bw="11" slack="0"/>
</pin_list>
<bind>
<opcode="bitconcatenate(1004) " fcode="bitconcatenate"/>
<opset="tmp/1 "/>
</bind>
</comp>

<comp id="94" class="1004" name="zext_ln73_fu_94">
<pin_list>
<pin id="95" dir="0" index="0" bw="11" slack="0"/>
<pin id="96" dir="1" index="1" bw="12" slack="0"/>
</pin_list>
<bind>
<opcode="zext(34) " fcode="zext"/>
<opset="zext_ln73/1 "/>
</bind>
</comp>

<comp id="98" class="1004" name="tmp_485_fu_98">
<pin_list>
<pin id="99" dir="0" index="0" bw="9" slack="0"/>
<pin id="100" dir="0" index="1" bw="8" slack="0"/>
<pin id="101" dir="0" index="2" bw="1" slack="0"/>
<pin id="102" dir="1" index="3" bw="9" slack="0"/>
</pin_list>
<bind>
<opcode="bitconcatenate(1004) " fcode="bitconcatenate"/>
<opset="tmp_485/1 "/>
</bind>
</comp>

<comp id="106" class="1004" name="zext_ln73_88_fu_106">
<pin_list>
<pin id="107" dir="0" index="0" bw="9" slack="0"/>
<pin id="108" dir="1" index="1" bw="12" slack="0"/>
</pin_list>
<bind>
<opcode="zext(34) " fcode="zext"/>
<opset="zext_ln73_88/1 "/>
</bind>
</comp>

<comp id="110" class="1004" name="sub_ln73_fu_110">
<pin_list>
<pin id="111" dir="0" index="0" bw="9" slack="0"/>
<pin id="112" dir="0" index="1" bw="11" slack="0"/>
<pin id="113" dir="1" index="2" bw="12" slack="0"/>
</pin_list>
<bind>
<opcode="sub(10) " fcode="sub"/>
<opset="sub_ln73/1 "/>
</bind>
</comp>

<comp id="116" class="1004" name="zext_ln70_fu_116">
<pin_list>
<pin id="117" dir="0" index="0" bw="8" slack="0"/>
<pin id="118" dir="1" index="1" bw="9" slack="0"/>
</pin_list>
<bind>
<opcode="zext(34) " fcode="zext"/>
<opset="zext_ln70/1 "/>
</bind>
</comp>

<comp id="120" class="1004" name="zext_ln70_4_fu_120">
<pin_list>
<pin id="121" dir="0" index="0" bw="8" slack="0"/>
<pin id="122" dir="1" index="1" bw="9" slack="0"/>
</pin_list>
<bind>
<opcode="zext(34) " fcode="zext"/>
<opset="zext_ln70_4/1 "/>
</bind>
</comp>

<comp id="124" class="1004" name="zext_ln70_5_fu_124">
<pin_list>
<pin id="125" dir="0" index="0" bw="8" slack="0"/>
<pin id="126" dir="1" index="1" bw="11" slack="0"/>
</pin_list>
<bind>
<opcode="zext(34) " fcode="zext"/>
<opset="zext_ln70_5/1 "/>
</bind>
</comp>

<comp id="128" class="1004" name="p_shl16_fu_128">
<pin_list>
<pin id="129" dir="0" index="0" bw="13" slack="0"/>
<pin id="130" dir="0" index="1" bw="8" slack="0"/>
<pin id="131" dir="0" index="2" bw="1" slack="0"/>
<pin id="132" dir="1" index="3" bw="13" slack="0"/>
</pin_list>
<bind>
<opcode="bitconcatenate(1004) " fcode="bitconcatenate"/>
<opset="p_shl16/1 "/>
</bind>
</comp>

<comp id="136" class="1004" name="zext_ln58_42_fu_136">
<pin_list>
<pin id="137" dir="0" index="0" bw="11" slack="0"/>
<pin id="138" dir="1" index="1" bw="13" slack="0"/>
</pin_list>
<bind>
<opcode="zext(34) " fcode="zext"/>
<opset="zext_ln58_42/1 "/>
</bind>
</comp>

<comp id="140" class="1004" name="sub_ln58_fu_140">
<pin_list>
<pin id="141" dir="0" index="0" bw="13" slack="0"/>
<pin id="142" dir="0" index="1" bw="11" slack="0"/>
<pin id="143" dir="1" index="2" bw="13" slack="0"/>
</pin_list>
<bind>
<opcode="sub(10) " fcode="sub"/>
<opset="sub_ln58/1 "/>
</bind>
</comp>

<comp id="146" class="1004" name="zext_ln58_fu_146">
<pin_list>
<pin id="147" dir="0" index="0" bw="13" slack="0"/>
<pin id="148" dir="1" index="1" bw="14" slack="0"/>
</pin_list>
<bind>
<opcode="zext(34) " fcode="zext"/>
<opset="zext_ln58/1 "/>
</bind>
</comp>

<comp id="150" class="1004" name="add_ln58_fu_150">
<pin_list>
<pin id="151" dir="0" index="0" bw="13" slack="0"/>
<pin id="152" dir="0" index="1" bw="7" slack="0"/>
<pin id="153" dir="1" index="2" bw="14" slack="0"/>
</pin_list>
<bind>
<opcode="add(8) " fcode="add"/>
<opset="add_ln58/1 "/>
</bind>
</comp>

<comp id="156" class="1004" name="sext_ln58_fu_156">
<pin_list>
<pin id="157" dir="0" index="0" bw="14" slack="0"/>
<pin id="158" dir="1" index="1" bw="16" slack="0"/>
</pin_list>
<bind>
<opcode="sext(35) " fcode="sext"/>
<opset="sext_ln58/1 "/>
</bind>
</comp>

<comp id="160" class="1004" name="tmp_486_fu_160">
<pin_list>
<pin id="161" dir="0" index="0" bw="15" slack="0"/>
<pin id="162" dir="0" index="1" bw="8" slack="0"/>
<pin id="163" dir="0" index="2" bw="1" slack="0"/>
<pin id="164" dir="1" index="3" bw="15" slack="0"/>
</pin_list>
<bind>
<opcode="bitconcatenate(1004) " fcode="bitconcatenate"/>
<opset="tmp_486/1 "/>
</bind>
</comp>

<comp id="168" class="1004" name="zext_ln58_43_fu_168">
<pin_list>
<pin id="169" dir="0" index="0" bw="15" slack="0"/>
<pin id="170" dir="1" index="1" bw="16" slack="0"/>
</pin_list>
<bind>
<opcode="zext(34) " fcode="zext"/>
<opset="zext_ln58_43/1 "/>
</bind>
</comp>

<comp id="172" class="1004" name="tmp_487_fu_172">
<pin_list>
<pin id="173" dir="0" index="0" bw="13" slack="0"/>
<pin id="174" dir="0" index="1" bw="8" slack="0"/>
<pin id="175" dir="0" index="2" bw="1" slack="0"/>
<pin id="176" dir="1" index="3" bw="13" slack="0"/>
</pin_list>
<bind>
<opcode="bitconcatenate(1004) " fcode="bitconcatenate"/>
<opset="tmp_487/1 "/>
</bind>
</comp>

<comp id="180" class="1004" name="zext_ln58_45_fu_180">
<pin_list>
<pin id="181" dir="0" index="0" bw="13" slack="0"/>
<pin id="182" dir="1" index="1" bw="16" slack="0"/>
</pin_list>
<bind>
<opcode="zext(34) " fcode="zext"/>
<opset="zext_ln58_45/1 "/>
</bind>
</comp>

<comp id="184" class="1004" name="sub_ln58_21_fu_184">
<pin_list>
<pin id="185" dir="0" index="0" bw="13" slack="0"/>
<pin id="186" dir="0" index="1" bw="15" slack="0"/>
<pin id="187" dir="1" index="2" bw="16" slack="0"/>
</pin_list>
<bind>
<opcode="sub(10) " fcode="sub"/>
<opset="sub_ln58_21/1 "/>
</bind>
</comp>

<comp id="190" class="1004" name="add_ln58_96_fu_190">
<pin_list>
<pin id="191" dir="0" index="0" bw="16" slack="0"/>
<pin id="192" dir="0" index="1" bw="14" slack="0"/>
<pin id="193" dir="1" index="2" bw="16" slack="0"/>
</pin_list>
<bind>
<opcode="add(8) " fcode="add"/>
<opset="add_ln58_96/1 "/>
</bind>
</comp>

<comp id="196" class="1004" name="tmp_488_fu_196">
<pin_list>
<pin id="197" dir="0" index="0" bw="10" slack="0"/>
<pin id="198" dir="0" index="1" bw="8" slack="0"/>
<pin id="199" dir="0" index="2" bw="1" slack="0"/>
<pin id="200" dir="1" index="3" bw="10" slack="0"/>
</pin_list>
<bind>
<opcode="bitconcatenate(1004) " fcode="bitconcatenate"/>
<opset="tmp_488/1 "/>
</bind>
</comp>

<comp id="204" class="1004" name="zext_ln58_46_fu_204">
<pin_list>
<pin id="205" dir="0" index="0" bw="10" slack="0"/>
<pin id="206" dir="1" index="1" bw="11" slack="0"/>
</pin_list>
<bind>
<opcode="zext(34) " fcode="zext"/>
<opset="zext_ln58_46/1 "/>
</bind>
</comp>

<comp id="208" class="1004" name="sub_ln58_22_fu_208">
<pin_list>
<pin id="209" dir="0" index="0" bw="8" slack="0"/>
<pin id="210" dir="0" index="1" bw="10" slack="0"/>
<pin id="211" dir="1" index="2" bw="11" slack="0"/>
</pin_list>
<bind>
<opcode="sub(10) " fcode="sub"/>
<opset="sub_ln58_22/1 "/>
</bind>
</comp>

<comp id="214" class="1004" name="mul_ln58_2_cast_fu_214">
<pin_list>
<pin id="215" dir="0" index="0" bw="11" slack="0"/>
<pin id="216" dir="1" index="1" bw="13" slack="0"/>
</pin_list>
<bind>
<opcode="sext(35) " fcode="sext"/>
<opset="mul_ln58_2_cast/1 "/>
</bind>
</comp>

<comp id="218" class="1004" name="tmp4_fu_218">
<pin_list>
<pin id="219" dir="0" index="0" bw="8" slack="0"/>
<pin id="220" dir="0" index="1" bw="8" slack="0"/>
<pin id="221" dir="1" index="2" bw="9" slack="0"/>
</pin_list>
<bind>
<opcode="add(8) " fcode="add"/>
<opset="tmp4/1 "/>
</bind>
</comp>

<comp id="224" class="1004" name="tmp1_fu_224">
<pin_list>
<pin id="225" dir="0" index="0" bw="12" slack="0"/>
<pin id="226" dir="0" index="1" bw="9" slack="0"/>
<pin id="227" dir="0" index="2" bw="1" slack="0"/>
<pin id="228" dir="1" index="3" bw="12" slack="0"/>
</pin_list>
<bind>
<opcode="bitconcatenate(1004) " fcode="bitconcatenate"/>
<opset="tmp1/1 "/>
</bind>
</comp>

<comp id="232" class="1004" name="zext_ln58_44_fu_232">
<pin_list>
<pin id="233" dir="0" index="0" bw="12" slack="0"/>
<pin id="234" dir="1" index="1" bw="14" slack="0"/>
</pin_list>
<bind>
<opcode="zext(34) " fcode="zext"/>
<opset="zext_ln58_44/1 "/>
</bind>
</comp>

<comp id="236" class="1004" name="add_ln58_97_fu_236">
<pin_list>
<pin id="237" dir="0" index="0" bw="12" slack="0"/>
<pin id="238" dir="0" index="1" bw="7" slack="0"/>
<pin id="239" dir="1" index="2" bw="12" slack="0"/>
</pin_list>
<bind>
<opcode="add(8) " fcode="add"/>
<opset="add_ln58_97/1 "/>
</bind>
</comp>

<comp id="242" class="1004" name="sext_ln58_50_fu_242">
<pin_list>
<pin id="243" dir="0" index="0" bw="12" slack="0"/>
<pin id="244" dir="1" index="1" bw="13" slack="0"/>
</pin_list>
<bind>
<opcode="sext(35) " fcode="sext"/>
<opset="sext_ln58_50/1 "/>
</bind>
</comp>

<comp id="246" class="1004" name="add_ln58_98_fu_246">
<pin_list>
<pin id="247" dir="0" index="0" bw="12" slack="0"/>
<pin id="248" dir="0" index="1" bw="11" slack="0"/>
<pin id="249" dir="1" index="2" bw="13" slack="0"/>
</pin_list>
<bind>
<opcode="add(8) " fcode="add"/>
<opset="add_ln58_98/1 "/>
</bind>
</comp>

<comp id="252" class="1004" name="sext_ln58_51_fu_252">
<pin_list>
<pin id="253" dir="0" index="0" bw="13" slack="0"/>
<pin id="254" dir="1" index="1" bw="14" slack="0"/>
</pin_list>
<bind>
<opcode="sext(35) " fcode="sext"/>
<opset="sext_ln58_51/1 "/>
</bind>
</comp>

<comp id="256" class="1004" name="add_ln58_99_fu_256">
<pin_list>
<pin id="257" dir="0" index="0" bw="13" slack="0"/>
<pin id="258" dir="0" index="1" bw="12" slack="0"/>
<pin id="259" dir="1" index="2" bw="14" slack="0"/>
</pin_list>
<bind>
<opcode="add(8) " fcode="add"/>
<opset="add_ln58_99/1 "/>
</bind>
</comp>

<comp id="262" class="1004" name="sext_ln58_52_fu_262">
<pin_list>
<pin id="263" dir="0" index="0" bw="14" slack="0"/>
<pin id="264" dir="1" index="1" bw="16" slack="0"/>
</pin_list>
<bind>
<opcode="sext(35) " fcode="sext"/>
<opset="sext_ln58_52/1 "/>
</bind>
</comp>

<comp id="266" class="1004" name="p_shl12_fu_266">
<pin_list>
<pin id="267" dir="0" index="0" bw="13" slack="0"/>
<pin id="268" dir="0" index="1" bw="8" slack="0"/>
<pin id="269" dir="0" index="2" bw="1" slack="0"/>
<pin id="270" dir="1" index="3" bw="13" slack="0"/>
</pin_list>
<bind>
<opcode="bitconcatenate(1004) " fcode="bitconcatenate"/>
<opset="p_shl12/1 "/>
</bind>
</comp>

<comp id="274" class="1004" name="zext_ln58_47_fu_274">
<pin_list>
<pin id="275" dir="0" index="0" bw="10" slack="0"/>
<pin id="276" dir="1" index="1" bw="13" slack="0"/>
</pin_list>
<bind>
<opcode="zext(34) " fcode="zext"/>
<opset="zext_ln58_47/1 "/>
</bind>
</comp>

<comp id="278" class="1004" name="sub_ln58_23_fu_278">
<pin_list>
<pin id="279" dir="0" index="0" bw="13" slack="0"/>
<pin id="280" dir="0" index="1" bw="10" slack="0"/>
<pin id="281" dir="1" index="2" bw="13" slack="0"/>
</pin_list>
<bind>
<opcode="sub(10) " fcode="sub"/>
<opset="sub_ln58_23/1 "/>
</bind>
</comp>

<comp id="284" class="1004" name="mul_ln58_3_cast_fu_284">
<pin_list>
<pin id="285" dir="0" index="0" bw="13" slack="0"/>
<pin id="286" dir="1" index="1" bw="14" slack="0"/>
</pin_list>
<bind>
<opcode="zext(34) " fcode="zext"/>
<opset="mul_ln58_3_cast/1 "/>
</bind>
</comp>

<comp id="288" class="1004" name="tmp2_fu_288">
<pin_list>
<pin id="289" dir="0" index="0" bw="8" slack="0"/>
<pin id="290" dir="0" index="1" bw="8" slack="0"/>
<pin id="291" dir="1" index="2" bw="9" slack="0"/>
</pin_list>
<bind>
<opcode="sub(10) " fcode="sub"/>
<opset="tmp2/1 "/>
</bind>
</comp>

<comp id="294" class="1004" name="tmp_489_fu_294">
<pin_list>
<pin id="295" dir="0" index="0" bw="13" slack="0"/>
<pin id="296" dir="0" index="1" bw="9" slack="0"/>
<pin id="297" dir="0" index="2" bw="1" slack="0"/>
<pin id="298" dir="1" index="3" bw="13" slack="0"/>
</pin_list>
<bind>
<opcode="bitconcatenate(1004) " fcode="bitconcatenate"/>
<opset="tmp_489/1 "/>
</bind>
</comp>

<comp id="302" class="1004" name="p_shl_fu_302">
<pin_list>
<pin id="303" dir="0" index="0" bw="13" slack="0"/>
<pin id="304" dir="1" index="1" bw="14" slack="0"/>
</pin_list>
<bind>
<opcode="sext(35) " fcode="sext"/>
<opset="p_shl/1 "/>
</bind>
</comp>

<comp id="306" class="1004" name="tmp_490_fu_306">
<pin_list>
<pin id="307" dir="0" index="0" bw="11" slack="0"/>
<pin id="308" dir="0" index="1" bw="9" slack="0"/>
<pin id="309" dir="0" index="2" bw="1" slack="0"/>
<pin id="310" dir="1" index="3" bw="11" slack="0"/>
</pin_list>
<bind>
<opcode="bitconcatenate(1004) " fcode="bitconcatenate"/>
<opset="tmp_490/1 "/>
</bind>
</comp>

<comp id="314" class="1004" name="p_shl11_fu_314">
<pin_list>
<pin id="315" dir="0" index="0" bw="11" slack="0"/>
<pin id="316" dir="1" index="1" bw="14" slack="0"/>
</pin_list>
<bind>
<opcode="sext(35) " fcode="sext"/>
<opset="p_shl11/1 "/>
</bind>
</comp>

<comp id="318" class="1004" name="tmp3_fu_318">
<pin_list>
<pin id="319" dir="0" index="0" bw="13" slack="0"/>
<pin id="320" dir="0" index="1" bw="11" slack="0"/>
<pin id="321" dir="1" index="2" bw="14" slack="0"/>
</pin_list>
<bind>
<opcode="sub(10) " fcode="sub"/>
<opset="tmp3/1 "/>
</bind>
</comp>

<comp id="324" class="1004" name="sext_ln58_53_fu_324">
<pin_list>
<pin id="325" dir="0" index="0" bw="14" slack="0"/>
<pin id="326" dir="1" index="1" bw="15" slack="0"/>
</pin_list>
<bind>
<opcode="sext(35) " fcode="sext"/>
<opset="sext_ln58_53/1 "/>
</bind>
</comp>

<comp id="328" class="1004" name="add_ln58_100_fu_328">
<pin_list>
<pin id="329" dir="0" index="0" bw="12" slack="0"/>
<pin id="330" dir="0" index="1" bw="8" slack="0"/>
<pin id="331" dir="1" index="2" bw="12" slack="0"/>
</pin_list>
<bind>
<opcode="add(8) " fcode="add"/>
<opset="add_ln58_100/1 "/>
</bind>
</comp>

<comp id="334" class="1004" name="sext_ln58_54_fu_334">
<pin_list>
<pin id="335" dir="0" index="0" bw="12" slack="0"/>
<pin id="336" dir="1" index="1" bw="14" slack="0"/>
</pin_list>
<bind>
<opcode="sext(35) " fcode="sext"/>
<opset="sext_ln58_54/1 "/>
</bind>
</comp>

<comp id="338" class="1004" name="add_ln58_101_fu_338">
<pin_list>
<pin id="339" dir="0" index="0" bw="13" slack="0"/>
<pin id="340" dir="0" index="1" bw="12" slack="0"/>
<pin id="341" dir="1" index="2" bw="14" slack="0"/>
</pin_list>
<bind>
<opcode="add(8) " fcode="add"/>
<opset="add_ln58_101/1 "/>
</bind>
</comp>

<comp id="344" class="1004" name="sext_ln58_55_fu_344">
<pin_list>
<pin id="345" dir="0" index="0" bw="14" slack="0"/>
<pin id="346" dir="1" index="1" bw="15" slack="0"/>
</pin_list>
<bind>
<opcode="sext(35) " fcode="sext"/>
<opset="sext_ln58_55/1 "/>
</bind>
</comp>

<comp id="348" class="1004" name="add_ln58_102_fu_348">
<pin_list>
<pin id="349" dir="0" index="0" bw="14" slack="0"/>
<pin id="350" dir="0" index="1" bw="14" slack="0"/>
<pin id="351" dir="1" index="2" bw="15" slack="0"/>
</pin_list>
<bind>
<opcode="add(8) " fcode="add"/>
<opset="add_ln58_102/1 "/>
</bind>
</comp>

<comp id="354" class="1004" name="sext_ln68_fu_354">
<pin_list>
<pin id="355" dir="0" index="0" bw="15" slack="0"/>
<pin id="356" dir="1" index="1" bw="16" slack="0"/>
</pin_list>
<bind>
<opcode="sext(35) " fcode="sext"/>
<opset="sext_ln68/1 "/>
</bind>
</comp>

<comp id="358" class="1004" name="mrv_fu_358">
<pin_list>
<pin id="359" dir="0" index="0" bw="48" slack="0"/>
<pin id="360" dir="0" index="1" bw="16" slack="0"/>
<pin id="361" dir="1" index="2" bw="48" slack="0"/>
</pin_list>
<bind>
<opcode="insertvalue(57) " fcode="insertvalue"/>
<opset="mrv/1 "/>
</bind>
</comp>

<comp id="364" class="1004" name="mrv_1_fu_364">
<pin_list>
<pin id="365" dir="0" index="0" bw="48" slack="0"/>
<pin id="366" dir="0" index="1" bw="14" slack="0"/>
<pin id="367" dir="1" index="2" bw="48" slack="0"/>
</pin_list>
<bind>
<opcode="insertvalue(57) " fcode="insertvalue"/>
<opset="mrv_1/1 "/>
</bind>
</comp>

<comp id="370" class="1004" name="mrv_2_fu_370">
<pin_list>
<pin id="371" dir="0" index="0" bw="48" slack="0"/>
<pin id="372" dir="0" index="1" bw="15" slack="0"/>
<pin id="373" dir="1" index="2" bw="48" slack="2147483647"/>
</pin_list>
<bind>
<opcode="insertvalue(57) " fcode="insertvalue"/>
<opset="mrv_2/1 "/>
</bind>
</comp>

</comp_list>

<net_list>
<net id="66"><net_src comp="24" pin="0"/><net_sink comp="62" pin=0"/></net>

<net id="67"><net_src comp="6" pin="0"/><net_sink comp="62" pin=1"/></net>

<net id="72"><net_src comp="24" pin="0"/><net_sink comp="68" pin=0"/></net>

<net id="73"><net_src comp="4" pin="0"/><net_sink comp="68" pin=1"/></net>

<net id="78"><net_src comp="24" pin="0"/><net_sink comp="74" pin=0"/></net>

<net id="79"><net_src comp="2" pin="0"/><net_sink comp="74" pin=1"/></net>

<net id="84"><net_src comp="24" pin="0"/><net_sink comp="80" pin=0"/></net>

<net id="85"><net_src comp="0" pin="0"/><net_sink comp="80" pin=1"/></net>

<net id="91"><net_src comp="26" pin="0"/><net_sink comp="86" pin=0"/></net>

<net id="92"><net_src comp="80" pin="2"/><net_sink comp="86" pin=1"/></net>

<net id="93"><net_src comp="28" pin="0"/><net_sink comp="86" pin=2"/></net>

<net id="97"><net_src comp="86" pin="3"/><net_sink comp="94" pin=0"/></net>

<net id="103"><net_src comp="30" pin="0"/><net_sink comp="98" pin=0"/></net>

<net id="104"><net_src comp="80" pin="2"/><net_sink comp="98" pin=1"/></net>

<net id="105"><net_src comp="32" pin="0"/><net_sink comp="98" pin=2"/></net>

<net id="109"><net_src comp="98" pin="3"/><net_sink comp="106" pin=0"/></net>

<net id="114"><net_src comp="106" pin="1"/><net_sink comp="110" pin=0"/></net>

<net id="115"><net_src comp="94" pin="1"/><net_sink comp="110" pin=1"/></net>

<net id="119"><net_src comp="74" pin="2"/><net_sink comp="116" pin=0"/></net>

<net id="123"><net_src comp="68" pin="2"/><net_sink comp="120" pin=0"/></net>

<net id="127"><net_src comp="62" pin="2"/><net_sink comp="124" pin=0"/></net>

<net id="133"><net_src comp="34" pin="0"/><net_sink comp="128" pin=0"/></net>

<net id="134"><net_src comp="80" pin="2"/><net_sink comp="128" pin=1"/></net>

<net id="135"><net_src comp="36" pin="0"/><net_sink comp="128" pin=2"/></net>

<net id="139"><net_src comp="86" pin="3"/><net_sink comp="136" pin=0"/></net>

<net id="144"><net_src comp="128" pin="3"/><net_sink comp="140" pin=0"/></net>

<net id="145"><net_src comp="136" pin="1"/><net_sink comp="140" pin=1"/></net>

<net id="149"><net_src comp="140" pin="2"/><net_sink comp="146" pin=0"/></net>

<net id="154"><net_src comp="146" pin="1"/><net_sink comp="150" pin=0"/></net>

<net id="155"><net_src comp="38" pin="0"/><net_sink comp="150" pin=1"/></net>

<net id="159"><net_src comp="150" pin="2"/><net_sink comp="156" pin=0"/></net>

<net id="165"><net_src comp="40" pin="0"/><net_sink comp="160" pin=0"/></net>

<net id="166"><net_src comp="74" pin="2"/><net_sink comp="160" pin=1"/></net>

<net id="167"><net_src comp="42" pin="0"/><net_sink comp="160" pin=2"/></net>

<net id="171"><net_src comp="160" pin="3"/><net_sink comp="168" pin=0"/></net>

<net id="177"><net_src comp="34" pin="0"/><net_sink comp="172" pin=0"/></net>

<net id="178"><net_src comp="74" pin="2"/><net_sink comp="172" pin=1"/></net>

<net id="179"><net_src comp="36" pin="0"/><net_sink comp="172" pin=2"/></net>

<net id="183"><net_src comp="172" pin="3"/><net_sink comp="180" pin=0"/></net>

<net id="188"><net_src comp="180" pin="1"/><net_sink comp="184" pin=0"/></net>

<net id="189"><net_src comp="168" pin="1"/><net_sink comp="184" pin=1"/></net>

<net id="194"><net_src comp="184" pin="2"/><net_sink comp="190" pin=0"/></net>

<net id="195"><net_src comp="156" pin="1"/><net_sink comp="190" pin=1"/></net>

<net id="201"><net_src comp="44" pin="0"/><net_sink comp="196" pin=0"/></net>

<net id="202"><net_src comp="62" pin="2"/><net_sink comp="196" pin=1"/></net>

<net id="203"><net_src comp="46" pin="0"/><net_sink comp="196" pin=2"/></net>

<net id="207"><net_src comp="196" pin="3"/><net_sink comp="204" pin=0"/></net>

<net id="212"><net_src comp="124" pin="1"/><net_sink comp="208" pin=0"/></net>

<net id="213"><net_src comp="204" pin="1"/><net_sink comp="208" pin=1"/></net>

<net id="217"><net_src comp="208" pin="2"/><net_sink comp="214" pin=0"/></net>

<net id="222"><net_src comp="120" pin="1"/><net_sink comp="218" pin=0"/></net>

<net id="223"><net_src comp="116" pin="1"/><net_sink comp="218" pin=1"/></net>

<net id="229"><net_src comp="48" pin="0"/><net_sink comp="224" pin=0"/></net>

<net id="230"><net_src comp="218" pin="2"/><net_sink comp="224" pin=1"/></net>

<net id="231"><net_src comp="28" pin="0"/><net_sink comp="224" pin=2"/></net>

<net id="235"><net_src comp="224" pin="3"/><net_sink comp="232" pin=0"/></net>

<net id="240"><net_src comp="110" pin="2"/><net_sink comp="236" pin=0"/></net>

<net id="241"><net_src comp="50" pin="0"/><net_sink comp="236" pin=1"/></net>

<net id="245"><net_src comp="236" pin="2"/><net_sink comp="242" pin=0"/></net>

<net id="250"><net_src comp="242" pin="1"/><net_sink comp="246" pin=0"/></net>

<net id="251"><net_src comp="214" pin="1"/><net_sink comp="246" pin=1"/></net>

<net id="255"><net_src comp="246" pin="2"/><net_sink comp="252" pin=0"/></net>

<net id="260"><net_src comp="252" pin="1"/><net_sink comp="256" pin=0"/></net>

<net id="261"><net_src comp="232" pin="1"/><net_sink comp="256" pin=1"/></net>

<net id="265"><net_src comp="256" pin="2"/><net_sink comp="262" pin=0"/></net>

<net id="271"><net_src comp="34" pin="0"/><net_sink comp="266" pin=0"/></net>

<net id="272"><net_src comp="62" pin="2"/><net_sink comp="266" pin=1"/></net>

<net id="273"><net_src comp="36" pin="0"/><net_sink comp="266" pin=2"/></net>

<net id="277"><net_src comp="196" pin="3"/><net_sink comp="274" pin=0"/></net>

<net id="282"><net_src comp="266" pin="3"/><net_sink comp="278" pin=0"/></net>

<net id="283"><net_src comp="274" pin="1"/><net_sink comp="278" pin=1"/></net>

<net id="287"><net_src comp="278" pin="2"/><net_sink comp="284" pin=0"/></net>

<net id="292"><net_src comp="116" pin="1"/><net_sink comp="288" pin=0"/></net>

<net id="293"><net_src comp="120" pin="1"/><net_sink comp="288" pin=1"/></net>

<net id="299"><net_src comp="52" pin="0"/><net_sink comp="294" pin=0"/></net>

<net id="300"><net_src comp="288" pin="2"/><net_sink comp="294" pin=1"/></net>

<net id="301"><net_src comp="54" pin="0"/><net_sink comp="294" pin=2"/></net>

<net id="305"><net_src comp="294" pin="3"/><net_sink comp="302" pin=0"/></net>

<net id="311"><net_src comp="56" pin="0"/><net_sink comp="306" pin=0"/></net>

<net id="312"><net_src comp="288" pin="2"/><net_sink comp="306" pin=1"/></net>

<net id="313"><net_src comp="46" pin="0"/><net_sink comp="306" pin=2"/></net>

<net id="317"><net_src comp="306" pin="3"/><net_sink comp="314" pin=0"/></net>

<net id="322"><net_src comp="302" pin="1"/><net_sink comp="318" pin=0"/></net>

<net id="323"><net_src comp="314" pin="1"/><net_sink comp="318" pin=1"/></net>

<net id="327"><net_src comp="318" pin="2"/><net_sink comp="324" pin=0"/></net>

<net id="332"><net_src comp="110" pin="2"/><net_sink comp="328" pin=0"/></net>

<net id="333"><net_src comp="58" pin="0"/><net_sink comp="328" pin=1"/></net>

<net id="337"><net_src comp="328" pin="2"/><net_sink comp="334" pin=0"/></net>

<net id="342"><net_src comp="284" pin="1"/><net_sink comp="338" pin=0"/></net>

<net id="343"><net_src comp="334" pin="1"/><net_sink comp="338" pin=1"/></net>

<net id="347"><net_src comp="338" pin="2"/><net_sink comp="344" pin=0"/></net>

<net id="352"><net_src comp="344" pin="1"/><net_sink comp="348" pin=0"/></net>

<net id="353"><net_src comp="324" pin="1"/><net_sink comp="348" pin=1"/></net>

<net id="357"><net_src comp="348" pin="2"/><net_sink comp="354" pin=0"/></net>

<net id="362"><net_src comp="60" pin="0"/><net_sink comp="358" pin=0"/></net>

<net id="363"><net_src comp="190" pin="2"/><net_sink comp="358" pin=1"/></net>

<net id="368"><net_src comp="358" pin="2"/><net_sink comp="364" pin=0"/></net>

<net id="369"><net_src comp="262" pin="1"/><net_sink comp="364" pin=1"/></net>

<net id="374"><net_src comp="364" pin="2"/><net_sink comp="370" pin=0"/></net>

<net id="375"><net_src comp="354" pin="1"/><net_sink comp="370" pin=1"/></net>

</net_list>

</model> 
---------------- Datapath Model END ------------------

* FSMD analyzer results:
  - Output states:
 - Input state : 
	Port: dense_latency<ap_ufixed<8, 5, 0, 3, 0>, ap_fixed<16, 8, 5, 3, 0>, config15> : data_2_val | {1 }
	Port: dense_latency<ap_ufixed<8, 5, 0, 3, 0>, ap_fixed<16, 8, 5, 3, 0>, config15> : data_4_val | {1 }
	Port: dense_latency<ap_ufixed<8, 5, 0, 3, 0>, ap_fixed<16, 8, 5, 3, 0>, config15> : data_5_val | {1 }
	Port: dense_latency<ap_ufixed<8, 5, 0, 3, 0>, ap_fixed<16, 8, 5, 3, 0>, config15> : data_7_val | {1 }
  - Chain level:
	State 1
		zext_ln73 : 1
		zext_ln73_88 : 1
		sub_ln73 : 2
		zext_ln58_42 : 1
		sub_ln58 : 2
		zext_ln58 : 3
		add_ln58 : 4
		sext_ln58 : 5
		zext_ln58_43 : 1
		zext_ln58_45 : 1
		sub_ln58_21 : 2
		add_ln58_96 : 6
		zext_ln58_46 : 1
		sub_ln58_22 : 2
		mul_ln58_2_cast : 3
		tmp4 : 1
		tmp1 : 2
		zext_ln58_44 : 3
		add_ln58_97 : 3
		sext_ln58_50 : 4
		add_ln58_98 : 5
		sext_ln58_51 : 6
		add_ln58_99 : 7
		sext_ln58_52 : 8
		zext_ln58_47 : 1
		sub_ln58_23 : 2
		mul_ln58_3_cast : 3
		tmp2 : 1
		tmp_489 : 2
		p_shl : 3
		tmp_490 : 2
		p_shl11 : 3
		tmp3 : 4
		sext_ln58_53 : 5
		add_ln58_100 : 3
		sext_ln58_54 : 4
		add_ln58_101 : 5
		sext_ln58_55 : 6
		add_ln58_102 : 7
		sext_ln68 : 8
		mrv : 7
		mrv_1 : 9
		mrv_2 : 10
		ret_ln68 : 11


============================================================
+ Verbose Summary: Datapath Resource usage 
============================================================

* Functional unit list:
|----------|----------------------------|---------|---------|
| Operation|       Functional Unit      |    FF   |   LUT   |
|----------|----------------------------|---------|---------|
|          |       add_ln58_fu_150      |    0    |    20   |
|          |     add_ln58_96_fu_190     |    0    |    16   |
|          |         tmp4_fu_218        |    0    |    15   |
|          |     add_ln58_97_fu_236     |    0    |    19   |
|    add   |     add_ln58_98_fu_246     |    0    |    19   |
|          |     add_ln58_99_fu_256     |    0    |    20   |
|          |     add_ln58_100_fu_328    |    0    |    19   |
|          |     add_ln58_101_fu_338    |    0    |    20   |
|          |     add_ln58_102_fu_348    |    0    |    21   |
|----------|----------------------------|---------|---------|
|          |       sub_ln73_fu_110      |    0    |    18   |
|          |       sub_ln58_fu_140      |    0    |    20   |
|          |     sub_ln58_21_fu_184     |    0    |    16   |
|    sub   |     sub_ln58_22_fu_208     |    0    |    17   |
|          |     sub_ln58_23_fu_278     |    0    |    20   |
|          |         tmp2_fu_288        |    0    |    15   |
|          |         tmp3_fu_318        |    0    |    20   |
|----------|----------------------------|---------|---------|
|          | data_7_val_read_read_fu_62 |    0    |    0    |
|   read   | data_5_val_read_read_fu_68 |    0    |    0    |
|          | data_4_val_read_read_fu_74 |    0    |    0    |
|          | data_2_val_read_read_fu_80 |    0    |    0    |
|----------|----------------------------|---------|---------|
|          |          tmp_fu_86         |    0    |    0    |
|          |        tmp_485_fu_98       |    0    |    0    |
|          |       p_shl16_fu_128       |    0    |    0    |
|          |       tmp_486_fu_160       |    0    |    0    |
|bitconcatenate|       tmp_487_fu_172       |    0    |    0    |
|          |       tmp_488_fu_196       |    0    |    0    |
|          |         tmp1_fu_224        |    0    |    0    |
|          |       p_shl12_fu_266       |    0    |    0    |
|          |       tmp_489_fu_294       |    0    |    0    |
|          |       tmp_490_fu_306       |    0    |    0    |
|----------|----------------------------|---------|---------|
|          |       zext_ln73_fu_94      |    0    |    0    |
|          |     zext_ln73_88_fu_106    |    0    |    0    |
|          |      zext_ln70_fu_116      |    0    |    0    |
|          |     zext_ln70_4_fu_120     |    0    |    0    |
|          |     zext_ln70_5_fu_124     |    0    |    0    |
|          |     zext_ln58_42_fu_136    |    0    |    0    |
|   zext   |      zext_ln58_fu_146      |    0    |    0    |
|          |     zext_ln58_43_fu_168    |    0    |    0    |
|          |     zext_ln58_45_fu_180    |    0    |    0    |
|          |     zext_ln58_46_fu_204    |    0    |    0    |
|          |     zext_ln58_44_fu_232    |    0    |    0    |
|          |     zext_ln58_47_fu_274    |    0    |    0    |
|          |   mul_ln58_3_cast_fu_284   |    0    |    0    |
|----------|----------------------------|---------|---------|
|          |      sext_ln58_fu_156      |    0    |    0    |
|          |   mul_ln58_2_cast_fu_214   |    0    |    0    |
|          |     sext_ln58_50_fu_242    |    0    |    0    |
|          |     sext_ln58_51_fu_252    |    0    |    0    |
|          |     sext_ln58_52_fu_262    |    0    |    0    |
|   sext   |        p_shl_fu_302        |    0    |    0    |
|          |       p_shl11_fu_314       |    0    |    0    |
|          |     sext_ln58_53_fu_324    |    0    |    0    |
|          |     sext_ln58_54_fu_334    |    0    |    0    |
|          |     sext_ln58_55_fu_344    |    0    |    0    |
|          |      sext_ln68_fu_354      |    0    |    0    |
|----------|----------------------------|---------|---------|
|          |         mrv_fu_358         |    0    |    0    |
|insertvalue|        mrv_1_fu_364        |    0    |    0    |
|          |        mrv_2_fu_370        |    0    |    0    |
|----------|----------------------------|---------|---------|
|   Total  |                            |    0    |   295   |
|----------|----------------------------|---------|---------|

Memories:
N/A

* Register list:
N/A

* Multiplexer (MUX) list: 
|--------|------|------|------|--------|
|  Comp  |  Pin | Size |  BW  | S x BW |
|--------|------|------|------|--------|
|  Total |      |      |      |    0   |
|--------|------|------|------|--------|



* Summary:
+-----------+--------+--------+
|           |   FF   |   LUT  |
+-----------+--------+--------+
|  Function |    0   |   295  |
|   Memory  |    -   |    -   |
|Multiplexer|    -   |    -   |
|  Register |    -   |    -   |
+-----------+--------+--------+
|   Total   |    0   |   295  |
+-----------+--------+--------+
