

================================================================
== Vitis HLS Report for 'dense_latency_ap_ufixed_8_6_0_3_0_ap_fixed_13_9_5_3_0_config12_s'
================================================================
* Date:           Thu May  7 15:45:05 2026

* Version:        2025.2 (Build 6295257 on Nov 14 2025)
* Project:        vitis_unified_project
* Solution:       hls (Vivado IP Flow Target)
* Product family: zynquplus
* Target device:  xck26-sfvc784-2LV-c


================================================================
== Performance Estimates
================================================================
+ Timing: 
    * Summary: 
    +--------+---------+----------+------------+
    |  Clock |  Target | Estimated| Uncertainty|
    +--------+---------+----------+------------+
    |ap_clk  |  5.00 ns|  2.493 ns|     0.62 ns|
    +--------+---------+----------+------------+

+ Latency: 
    * Summary: 
    +---------+---------+----------+----------+-----+-----+---------+
    |  Latency (cycles) |  Latency (absolute) |  Interval | Pipeline|
    |   min   |   max   |    min   |    max   | min | max |   Type  |
    +---------+---------+----------+----------+-----+-----+---------+
    |        0|        0|      0 ns|      0 ns|    1|    1|      yes|
    +---------+---------+----------+----------+-----+-----+---------+

    + Detail: 
        * Instance: 
        N/A

        * Loop: 
        N/A

============================================================
+ Verbose Summary: Synthesis Manager
============================================================
InlineROM: 1
ExposeGlobal: 0
============================================================
+ Verbose Summary: CDFG Model
============================================================
IsTopModel: 0
ResetActiveHigh: 1
IsCombinational: 0
IsDatapathOnly: 0
HasWiredReturn: 1
HasMFsm: 2
HasVarLatency: 0
IsPipeline: 1
IsRtlPipelined: 0
IsInstanceOverlapped: 0
IsDontTouch: 0
HasImplIP: 0
IsGatedGlobalClock: 0

+ Individual pipeline summary: 
  * Pipeline-0: initiation interval (II) = 1, depth = 1


============================================================
+ Verbose Summary: Schedule
============================================================
* Number of FSM states : 1
* Pipeline : 1
  Pipeline-0 : II = 1, D = 1, States = { 1 }
* Dataflow Pipeline: 0

* FSM state transitions: 
1 --> 

* FSM state operations: 

State 1 <SV = 0> <Delay = 2.49>
ST_1 : Operation 2 [1/1] (0.00ns)   --->   "%specpipeline_ln26 = specpipeline void @_ssdm_op_SpecPipeline, i32 1, i32 0, i32 0, i32 0, i32 4294967295, void @empty_13" [firmware/nnet_utils/nnet_dense_latency.h:26]   --->   Operation 2 'specpipeline' 'specpipeline_ln26' <Predicate = true> <Delay = 0.00>
ST_1 : Operation 3 [1/1] (0.00ns)   --->   "%specresourcelimit_ln33 = specresourcelimit void @_ssdm_op_SpecResourceLimit, i64 11, void @empty_15, void @empty_13, void @empty_13, void @empty_13" [firmware/nnet_utils/nnet_dense_latency.h:33]   --->   Operation 3 'specresourcelimit' 'specresourcelimit_ln33' <Predicate = true> <Delay = 0.00>
ST_1 : Operation 4 [1/1] (0.00ns)   --->   "%data_28_val_read = read i8 @_ssdm_op_Read.ap_auto.i8, i8 %data_28_val" [firmware/nnet_utils/nnet_mult.h:70->firmware/nnet_utils/nnet_dense_latency.h:42]   --->   Operation 4 'read' 'data_28_val_read' <Predicate = true> <Delay = 0.00>
ST_1 : Operation 5 [1/1] (0.00ns)   --->   "%data_27_val_read = read i8 @_ssdm_op_Read.ap_auto.i8, i8 %data_27_val" [firmware/nnet_utils/nnet_mult.h:70->firmware/nnet_utils/nnet_dense_latency.h:42]   --->   Operation 5 'read' 'data_27_val_read' <Predicate = true> <Delay = 0.00>
ST_1 : Operation 6 [1/1] (0.00ns)   --->   "%data_26_val_read = read i8 @_ssdm_op_Read.ap_auto.i8, i8 %data_26_val" [firmware/nnet_utils/nnet_mult.h:70->firmware/nnet_utils/nnet_dense_latency.h:42]   --->   Operation 6 'read' 'data_26_val_read' <Predicate = true> <Delay = 0.00>
ST_1 : Operation 7 [1/1] (0.00ns)   --->   "%data_7_val_read = read i8 @_ssdm_op_Read.ap_auto.i8, i8 %data_7_val" [firmware/nnet_utils/nnet_mult.h:70->firmware/nnet_utils/nnet_dense_latency.h:42]   --->   Operation 7 'read' 'data_7_val_read' <Predicate = true> <Delay = 0.00>
ST_1 : Operation 8 [1/1] (0.00ns)   --->   "%tmp = bitconcatenate i13 @_ssdm_op_BitConcatenate.i13.i8.i5, i8 %data_7_val_read, i5 0" [firmware/nnet_utils/nnet_mult.h:73->firmware/nnet_utils/nnet_dense_latency.h:42]   --->   Operation 8 'bitconcatenate' 'tmp' <Predicate = true> <Delay = 0.00>
ST_1 : Operation 9 [1/1] (0.00ns)   --->   "%zext_ln73 = zext i13 %tmp" [firmware/nnet_utils/nnet_mult.h:73->firmware/nnet_utils/nnet_dense_latency.h:42]   --->   Operation 9 'zext' 'zext_ln73' <Predicate = true> <Delay = 0.00>
ST_1 : Operation 10 [1/1] (0.00ns)   --->   "%mult = bitconcatenate i11 @_ssdm_op_BitConcatenate.i11.i8.i3, i8 %data_7_val_read, i3 0" [firmware/nnet_utils/nnet_mult.h:73->firmware/nnet_utils/nnet_dense_latency.h:42]   --->   Operation 10 'bitconcatenate' 'mult' <Predicate = true> <Delay = 0.00>
ST_1 : Operation 11 [1/1] (0.00ns)   --->   "%zext_ln17 = zext i11 %mult" [firmware/nnet_utils/nnet_dense_latency.h:17]   --->   Operation 11 'zext' 'zext_ln17' <Predicate = true> <Delay = 0.00>
ST_1 : Operation 12 [1/1] (0.00ns)   --->   "%p_shl12 = bitconcatenate i13 @_ssdm_op_BitConcatenate.i13.i8.i5, i8 %data_26_val_read, i5 0" [firmware/nnet_utils/nnet_mult.h:73->firmware/nnet_utils/nnet_dense_latency.h:42]   --->   Operation 12 'bitconcatenate' 'p_shl12' <Predicate = true> <Delay = 0.00>
ST_1 : Operation 13 [1/1] (0.00ns)   --->   "%tmp_478 = bitconcatenate i10 @_ssdm_op_BitConcatenate.i10.i8.i2, i8 %data_26_val_read, i2 0" [firmware/nnet_utils/nnet_mult.h:73->firmware/nnet_utils/nnet_dense_latency.h:42]   --->   Operation 13 'bitconcatenate' 'tmp_478' <Predicate = true> <Delay = 0.00>
ST_1 : Operation 14 [1/1] (0.00ns)   --->   "%zext_ln73_81 = zext i10 %tmp_478" [firmware/nnet_utils/nnet_mult.h:73->firmware/nnet_utils/nnet_dense_latency.h:42]   --->   Operation 14 'zext' 'zext_ln73_81' <Predicate = true> <Delay = 0.00>
ST_1 : Operation 15 [1/1] (0.82ns)   --->   "%sub_ln73 = sub i13 %p_shl12, i13 %zext_ln73_81" [firmware/nnet_utils/nnet_mult.h:73->firmware/nnet_utils/nnet_dense_latency.h:42]   --->   Operation 15 'sub' 'sub_ln73' <Predicate = true> <Delay = 0.82> <CoreInst = "Adder">   --->   Core 1 'Adder' <Latency = 0> <II = 1> <Delay = 0.82> <FuncUnit> <Opcode : 'add' 'sub'> <InPorts = 2> <OutPorts = 1>
ST_1 : Operation 16 [1/1] (0.00ns)   --->   "%tmp_479 = bitconcatenate i11 @_ssdm_op_BitConcatenate.i11.i8.i3, i8 %data_26_val_read, i3 0" [firmware/nnet_utils/nnet_mult.h:73->firmware/nnet_utils/nnet_dense_latency.h:42]   --->   Operation 16 'bitconcatenate' 'tmp_479' <Predicate = true> <Delay = 0.00>
ST_1 : Operation 17 [1/1] (0.00ns)   --->   "%zext_ln73_82 = zext i11 %tmp_479" [firmware/nnet_utils/nnet_mult.h:73->firmware/nnet_utils/nnet_dense_latency.h:42]   --->   Operation 17 'zext' 'zext_ln73_82' <Predicate = true> <Delay = 0.00>
ST_1 : Operation 18 [1/1] (0.79ns)   --->   "%mult_46 = sub i12 0, i12 %zext_ln73_82" [firmware/nnet_utils/nnet_mult.h:73->firmware/nnet_utils/nnet_dense_latency.h:42]   --->   Operation 18 'sub' 'mult_46' <Predicate = true> <Delay = 0.79> <CoreInst = "Adder">   --->   Core 1 'Adder' <Latency = 0> <II = 1> <Delay = 0.79> <FuncUnit> <Opcode : 'add' 'sub'> <InPorts = 2> <OutPorts = 1>
ST_1 : Operation 19 [1/1] (0.00ns)   --->   "%sext_ln17 = sext i12 %mult_46" [firmware/nnet_utils/nnet_dense_latency.h:17]   --->   Operation 19 'sext' 'sext_ln17' <Predicate = true> <Delay = 0.00>
ST_1 : Operation 20 [1/1] (0.00ns)   --->   "%tmp_480 = bitconcatenate i16 @_ssdm_op_BitConcatenate.i16.i8.i8, i8 %data_26_val_read, i8 0" [firmware/nnet_utils/nnet_mult.h:73->firmware/nnet_utils/nnet_dense_latency.h:42]   --->   Operation 20 'bitconcatenate' 'tmp_480' <Predicate = true> <Delay = 0.00>
ST_1 : Operation 21 [1/1] (0.00ns)   --->   "%zext_ln73_83 = zext i16 %tmp_480" [firmware/nnet_utils/nnet_mult.h:73->firmware/nnet_utils/nnet_dense_latency.h:42]   --->   Operation 21 'zext' 'zext_ln73_83' <Predicate = true> <Delay = 0.00>
ST_1 : Operation 22 [1/1] (0.85ns)   --->   "%mult_47 = sub i17 0, i17 %zext_ln73_83" [firmware/nnet_utils/nnet_mult.h:73->firmware/nnet_utils/nnet_dense_latency.h:42]   --->   Operation 22 'sub' 'mult_47' <Predicate = true> <Delay = 0.85> <CoreInst = "Adder">   --->   Core 1 'Adder' <Latency = 0> <II = 1> <Delay = 0.85> <FuncUnit> <Opcode : 'add' 'sub'> <InPorts = 2> <OutPorts = 1>
ST_1 : Operation 23 [1/1] (0.00ns)   --->   "%sext_ln42 = sext i17 %mult_47" [firmware/nnet_utils/nnet_dense_latency.h:42]   --->   Operation 23 'sext' 'sext_ln42' <Predicate = true> <Delay = 0.00>
ST_1 : Operation 24 [1/1] (0.00ns)   --->   "%tmp_481 = bitconcatenate i15 @_ssdm_op_BitConcatenate.i15.i8.i7, i8 %data_27_val_read, i7 0" [firmware/nnet_utils/nnet_mult.h:73->firmware/nnet_utils/nnet_dense_latency.h:42]   --->   Operation 24 'bitconcatenate' 'tmp_481' <Predicate = true> <Delay = 0.00>
ST_1 : Operation 25 [1/1] (0.00ns)   --->   "%zext_ln73_84 = zext i15 %tmp_481" [firmware/nnet_utils/nnet_mult.h:73->firmware/nnet_utils/nnet_dense_latency.h:42]   --->   Operation 25 'zext' 'zext_ln73_84' <Predicate = true> <Delay = 0.00>
ST_1 : Operation 26 [1/1] (0.84ns)   --->   "%mult_48 = sub i16 0, i16 %zext_ln73_84" [firmware/nnet_utils/nnet_mult.h:73->firmware/nnet_utils/nnet_dense_latency.h:42]   --->   Operation 26 'sub' 'mult_48' <Predicate = true> <Delay = 0.84> <CoreInst = "Adder">   --->   Core 1 'Adder' <Latency = 0> <II = 1> <Delay = 0.84> <FuncUnit> <Opcode : 'add' 'sub'> <InPorts = 2> <OutPorts = 1>
ST_1 : Operation 27 [1/1] (0.00ns)   --->   "%sext_ln17_41 = sext i16 %mult_48" [firmware/nnet_utils/nnet_dense_latency.h:17]   --->   Operation 27 'sext' 'sext_ln17_41' <Predicate = true> <Delay = 0.00>
ST_1 : Operation 28 [1/1] (0.00ns)   --->   "%p_shl7 = bitconcatenate i14 @_ssdm_op_BitConcatenate.i14.i8.i6, i8 %data_27_val_read, i6 0" [firmware/nnet_utils/nnet_mult.h:73->firmware/nnet_utils/nnet_dense_latency.h:42]   --->   Operation 28 'bitconcatenate' 'p_shl7' <Predicate = true> <Delay = 0.00>
ST_1 : Operation 29 [1/1] (0.00ns)   --->   "%tmp_482 = bitconcatenate i12 @_ssdm_op_BitConcatenate.i12.i8.i4, i8 %data_27_val_read, i4 0" [firmware/nnet_utils/nnet_mult.h:73->firmware/nnet_utils/nnet_dense_latency.h:42]   --->   Operation 29 'bitconcatenate' 'tmp_482' <Predicate = true> <Delay = 0.00>
ST_1 : Operation 30 [1/1] (0.00ns)   --->   "%zext_ln73_85 = zext i12 %tmp_482" [firmware/nnet_utils/nnet_mult.h:73->firmware/nnet_utils/nnet_dense_latency.h:42]   --->   Operation 30 'zext' 'zext_ln73_85' <Predicate = true> <Delay = 0.00>
ST_1 : Operation 31 [1/1] (0.83ns)   --->   "%sub_ln73_57 = sub i14 %p_shl7, i14 %zext_ln73_85" [firmware/nnet_utils/nnet_mult.h:73->firmware/nnet_utils/nnet_dense_latency.h:42]   --->   Operation 31 'sub' 'sub_ln73_57' <Predicate = true> <Delay = 0.83> <CoreInst = "Adder">   --->   Core 1 'Adder' <Latency = 0> <II = 1> <Delay = 0.83> <FuncUnit> <Opcode : 'add' 'sub'> <InPorts = 2> <OutPorts = 1>
ST_1 : Operation 32 [1/1] (0.00ns)   --->   "%tmp_483 = bitconcatenate i11 @_ssdm_op_BitConcatenate.i11.i8.i3, i8 %data_27_val_read, i3 0" [firmware/nnet_utils/nnet_mult.h:73->firmware/nnet_utils/nnet_dense_latency.h:42]   --->   Operation 32 'bitconcatenate' 'tmp_483' <Predicate = true> <Delay = 0.00>
ST_1 : Operation 33 [1/1] (0.00ns)   --->   "%zext_ln73_86 = zext i11 %tmp_483" [firmware/nnet_utils/nnet_mult.h:73->firmware/nnet_utils/nnet_dense_latency.h:42]   --->   Operation 33 'zext' 'zext_ln73_86' <Predicate = true> <Delay = 0.00>
ST_1 : Operation 34 [1/1] (0.79ns)   --->   "%mult_49 = sub i12 0, i12 %zext_ln73_86" [firmware/nnet_utils/nnet_mult.h:73->firmware/nnet_utils/nnet_dense_latency.h:42]   --->   Operation 34 'sub' 'mult_49' <Predicate = true> <Delay = 0.79> <CoreInst = "Adder">   --->   Core 1 'Adder' <Latency = 0> <II = 1> <Delay = 0.79> <FuncUnit> <Opcode : 'add' 'sub'> <InPorts = 2> <OutPorts = 1>
ST_1 : Operation 35 [1/1] (0.00ns)   --->   "%sext_ln17_42 = sext i12 %mult_49" [firmware/nnet_utils/nnet_dense_latency.h:17]   --->   Operation 35 'sext' 'sext_ln17_42' <Predicate = true> <Delay = 0.00>
ST_1 : Operation 36 [1/1] (0.00ns)   --->   "%zext_ln73_30 = zext i8 %data_28_val_read" [firmware/nnet_utils/nnet_mult.h:73->firmware/nnet_utils/nnet_dense_latency.h:42]   --->   Operation 36 'zext' 'zext_ln73_30' <Predicate = true> <Delay = 0.00>
ST_1 : Operation 37 [1/1] (0.00ns)   --->   "%tmp_484 = bitconcatenate i14 @_ssdm_op_BitConcatenate.i14.i8.i6, i8 %data_28_val_read, i6 0" [firmware/nnet_utils/nnet_mult.h:73->firmware/nnet_utils/nnet_dense_latency.h:42]   --->   Operation 37 'bitconcatenate' 'tmp_484' <Predicate = true> <Delay = 0.00>
ST_1 : Operation 38 [1/1] (0.00ns)   --->   "%zext_ln73_87 = zext i14 %tmp_484" [firmware/nnet_utils/nnet_mult.h:73->firmware/nnet_utils/nnet_dense_latency.h:42]   --->   Operation 38 'zext' 'zext_ln73_87' <Predicate = true> <Delay = 0.00>
ST_1 : Operation 39 [1/1] (0.83ns)   --->   "%mult_50 = sub i15 0, i15 %zext_ln73_87" [firmware/nnet_utils/nnet_mult.h:73->firmware/nnet_utils/nnet_dense_latency.h:42]   --->   Operation 39 'sub' 'mult_50' <Predicate = true> <Delay = 0.83> <CoreInst = "Adder">   --->   Core 1 'Adder' <Latency = 0> <II = 1> <Delay = 0.83> <FuncUnit> <Opcode : 'add' 'sub'> <InPorts = 2> <OutPorts = 1>
ST_1 : Operation 40 [1/1] (0.00ns)   --->   "%sext_ln17_43 = sext i15 %mult_50" [firmware/nnet_utils/nnet_dense_latency.h:17]   --->   Operation 40 'sext' 'sext_ln17_43' <Predicate = true> <Delay = 0.00>
ST_1 : Operation 41 [1/1] (0.00ns)   --->   "%p_shl = bitconcatenate i12 @_ssdm_op_BitConcatenate.i12.i8.i4, i8 %data_28_val_read, i4 0" [firmware/nnet_utils/nnet_mult.h:73->firmware/nnet_utils/nnet_dense_latency.h:42]   --->   Operation 41 'bitconcatenate' 'p_shl' <Predicate = true> <Delay = 0.00>
ST_1 : Operation 42 [1/1] (0.80ns)   --->   "%sub_ln73_60 = sub i12 %p_shl, i12 %zext_ln73_30" [firmware/nnet_utils/nnet_mult.h:73->firmware/nnet_utils/nnet_dense_latency.h:42]   --->   Operation 42 'sub' 'sub_ln73_60' <Predicate = true> <Delay = 0.80> <CoreInst = "Adder">   --->   Core 1 'Adder' <Latency = 0> <II = 1> <Delay = 0.80> <FuncUnit> <Opcode : 'add' 'sub'> <InPorts = 2> <OutPorts = 1>
ST_1 : Operation 43 [1/1] (0.79ns)   --->   "%add_ln58 = add i12 %zext_ln17, i12 512" [firmware/nnet_utils/nnet_dense_latency.h:58]   --->   Operation 43 'add' 'add_ln58' <Predicate = true> <Delay = 0.79> <CoreInst = "Adder">   --->   Core 1 'Adder' <Latency = 0> <II = 1> <Delay = 0.79> <FuncUnit> <Opcode : 'add' 'sub'> <InPorts = 2> <OutPorts = 1>
ST_1 : Operation 44 [1/1] (0.00ns)   --->   "%zext_ln58 = zext i12 %add_ln58" [firmware/nnet_utils/nnet_dense_latency.h:58]   --->   Operation 44 'zext' 'zext_ln58' <Predicate = true> <Delay = 0.00>
ST_1 : Operation 45 [1/1] (0.00ns) (grouped into TernaryAdder)   --->   "%sub_ln58 = sub i14 128, i14 %zext_ln73" [firmware/nnet_utils/nnet_dense_latency.h:58]   --->   Operation 45 'sub' 'sub_ln58' <Predicate = true> <Delay = 0.00> <CoreInst = "TAddSub">   --->   Core 10 'TAddSub' <Latency = 0> <II = 1> <Delay = 0.38> <IPBlock> <Opcode : 'add' 'sub'> <InPorts = 3> <OutPorts = 1> <Sync> <CReg>
ST_1 : Operation 46 [1/1] (0.00ns)   --->   "%zext_ln58_39 = zext i13 %sub_ln73" [firmware/nnet_utils/nnet_dense_latency.h:58]   --->   Operation 46 'zext' 'zext_ln58_39' <Predicate = true> <Delay = 0.00>
ST_1 : Operation 47 [1/1] (0.82ns)   --->   "%sub_ln58_20 = sub i14 %zext_ln58_39, i14 %zext_ln73" [firmware/nnet_utils/nnet_dense_latency.h:58]   --->   Operation 47 'sub' 'sub_ln58_20' <Predicate = true> <Delay = 0.82> <CoreInst = "Adder">   --->   Core 1 'Adder' <Latency = 0> <II = 1> <Delay = 0.82> <FuncUnit> <Opcode : 'add' 'sub'> <InPorts = 2> <OutPorts = 1>
ST_1 : Operation 48 [1/1] (0.00ns)   --->   "%sext_ln58_44 = sext i14 %sub_ln58_20" [firmware/nnet_utils/nnet_dense_latency.h:58]   --->   Operation 48 'sext' 'sext_ln58_44' <Predicate = true> <Delay = 0.00>
ST_1 : Operation 49 [1/1] (0.80ns)   --->   "%add_ln58_89 = add i13 %sext_ln17, i13 8164" [firmware/nnet_utils/nnet_dense_latency.h:58]   --->   Operation 49 'add' 'add_ln58_89' <Predicate = true> <Delay = 0.80> <CoreInst = "Adder">   --->   Core 1 'Adder' <Latency = 0> <II = 1> <Delay = 0.80> <FuncUnit> <Opcode : 'add' 'sub'> <InPorts = 2> <OutPorts = 1>
ST_1 : Operation 50 [1/1] (0.00ns)   --->   "%sext_ln58_45 = sext i13 %add_ln58_89" [firmware/nnet_utils/nnet_dense_latency.h:58]   --->   Operation 50 'sext' 'sext_ln58_45' <Predicate = true> <Delay = 0.00>
ST_1 : Operation 51 [1/1] (0.85ns)   --->   "%x = add i17 %sext_ln17_41, i17 %sext_ln58_44" [firmware/nnet_utils/nnet_dense_latency.h:58]   --->   Operation 51 'add' 'x' <Predicate = true> <Delay = 0.85> <CoreInst = "Adder">   --->   Core 1 'Adder' <Latency = 0> <II = 1> <Delay = 0.85> <FuncUnit> <Opcode : 'add' 'sub'> <InPorts = 2> <OutPorts = 1>
ST_1 : Operation 52 [1/1] (0.00ns)   --->   "%zext_ln58_40 = zext i14 %sub_ln73_57" [firmware/nnet_utils/nnet_dense_latency.h:58]   --->   Operation 52 'zext' 'zext_ln58_40' <Predicate = true> <Delay = 0.00>
ST_1 : Operation 53 [1/1] (0.83ns)   --->   "%x_14 = add i15 %zext_ln58_40, i15 %sext_ln58_45" [firmware/nnet_utils/nnet_dense_latency.h:58]   --->   Operation 53 'add' 'x_14' <Predicate = true> <Delay = 0.83> <CoreInst = "Adder">   --->   Core 1 'Adder' <Latency = 0> <II = 1> <Delay = 0.83> <FuncUnit> <Opcode : 'add' 'sub'> <InPorts = 2> <OutPorts = 1>
ST_1 : Operation 54 [1/1] (0.80ns)   --->   "%add_ln58_92 = add i13 %zext_ln58, i13 %sext_ln17_42" [firmware/nnet_utils/nnet_dense_latency.h:58]   --->   Operation 54 'add' 'add_ln58_92' <Predicate = true> <Delay = 0.80> <CoreInst = "Adder">   --->   Core 1 'Adder' <Latency = 0> <II = 1> <Delay = 0.80> <FuncUnit> <Opcode : 'add' 'sub'> <InPorts = 2> <OutPorts = 1>
ST_1 : Operation 55 [1/1] (0.00ns)   --->   "%sext_ln58_48 = sext i13 %add_ln58_92" [firmware/nnet_utils/nnet_dense_latency.h:58]   --->   Operation 55 'sext' 'sext_ln58_48' <Predicate = true> <Delay = 0.00>
ST_1 : Operation 56 [1/1] (0.84ns)   --->   "%x_15 = add i16 %sext_ln17_43, i16 %sext_ln58_48" [firmware/nnet_utils/nnet_dense_latency.h:58]   --->   Operation 56 'add' 'x_15' <Predicate = true> <Delay = 0.84> <CoreInst = "Adder">   --->   Core 1 'Adder' <Latency = 0> <II = 1> <Delay = 0.84> <FuncUnit> <Opcode : 'add' 'sub'> <InPorts = 2> <OutPorts = 1>
ST_1 : Operation 57 [1/1] (0.00ns)   --->   "%zext_ln58_41 = zext i12 %sub_ln73_60" [firmware/nnet_utils/nnet_dense_latency.h:58]   --->   Operation 57 'zext' 'zext_ln58_41' <Predicate = true> <Delay = 0.00>
ST_1 : Operation 58 [1/1] (0.77ns) (root node of TernaryAdder)   --->   "%add_ln58_94 = add i14 %sub_ln58, i14 %zext_ln58_41" [firmware/nnet_utils/nnet_dense_latency.h:58]   --->   Operation 58 'add' 'add_ln58_94' <Predicate = true> <Delay = 0.77> <CoreInst = "TAddSub">   --->   Core 10 'TAddSub' <Latency = 0> <II = 1> <Delay = 0.38> <IPBlock> <Opcode : 'add' 'sub'> <InPorts = 3> <OutPorts = 1> <Sync> <CReg>
ST_1 : Operation 59 [1/1] (0.00ns)   --->   "%sext_ln58 = sext i14 %add_ln58_94" [firmware/nnet_utils/nnet_dense_latency.h:58]   --->   Operation 59 'sext' 'sext_ln58' <Predicate = true> <Delay = 0.00>
ST_1 : Operation 60 [1/1] (0.86ns)   --->   "%x_16 = add i18 %sext_ln58, i18 %sext_ln42" [firmware/nnet_utils/nnet_dense_latency.h:58]   --->   Operation 60 'add' 'x_16' <Predicate = true> <Delay = 0.86> <CoreInst = "Adder">   --->   Core 1 'Adder' <Latency = 0> <II = 1> <Delay = 0.86> <FuncUnit> <Opcode : 'add' 'sub'> <InPorts = 2> <OutPorts = 1>
ST_1 : Operation 61 [1/1] (0.00ns)   --->   "%trunc_ln = partselect i12 @_ssdm_op_PartSelect.i12.i17.i32.i32, i17 %x, i32 5, i32 16" [firmware/nnet_utils/nnet_mult.h:111->firmware/nnet_utils/nnet_dense_latency.h:66]   --->   Operation 61 'partselect' 'trunc_ln' <Predicate = true> <Delay = 0.00>
ST_1 : Operation 62 [1/1] (0.00ns)   --->   "%sext_ln111 = sext i12 %trunc_ln" [firmware/nnet_utils/nnet_mult.h:111->firmware/nnet_utils/nnet_dense_latency.h:66]   --->   Operation 62 'sext' 'sext_ln111' <Predicate = true> <Delay = 0.00>
ST_1 : Operation 63 [1/1] (0.00ns)   --->   "%trunc_ln111_s = partselect i10 @_ssdm_op_PartSelect.i10.i15.i32.i32, i15 %x_14, i32 5, i32 14" [firmware/nnet_utils/nnet_mult.h:111->firmware/nnet_utils/nnet_dense_latency.h:66]   --->   Operation 63 'partselect' 'trunc_ln111_s' <Predicate = true> <Delay = 0.00>
ST_1 : Operation 64 [1/1] (0.00ns)   --->   "%sext_ln111_10 = sext i10 %trunc_ln111_s" [firmware/nnet_utils/nnet_mult.h:111->firmware/nnet_utils/nnet_dense_latency.h:66]   --->   Operation 64 'sext' 'sext_ln111_10' <Predicate = true> <Delay = 0.00>
ST_1 : Operation 65 [1/1] (0.00ns)   --->   "%trunc_ln111_4 = partselect i11 @_ssdm_op_PartSelect.i11.i16.i32.i32, i16 %x_15, i32 5, i32 15" [firmware/nnet_utils/nnet_mult.h:111->firmware/nnet_utils/nnet_dense_latency.h:66]   --->   Operation 65 'partselect' 'trunc_ln111_4' <Predicate = true> <Delay = 0.00>
ST_1 : Operation 66 [1/1] (0.00ns)   --->   "%sext_ln111_11 = sext i11 %trunc_ln111_4" [firmware/nnet_utils/nnet_mult.h:111->firmware/nnet_utils/nnet_dense_latency.h:66]   --->   Operation 66 'sext' 'sext_ln111_11' <Predicate = true> <Delay = 0.00>
ST_1 : Operation 67 [1/1] (0.00ns)   --->   "%trunc_ln111_5 = partselect i13 @_ssdm_op_PartSelect.i13.i18.i32.i32, i18 %x_16, i32 5, i32 17" [firmware/nnet_utils/nnet_mult.h:111->firmware/nnet_utils/nnet_dense_latency.h:66]   --->   Operation 67 'partselect' 'trunc_ln111_5' <Predicate = true> <Delay = 0.00>
ST_1 : Operation 68 [1/1] (0.00ns)   --->   "%newret = insertvalue i52 <undef>, i13 %sext_ln111" [firmware/nnet_utils/nnet_mult.h:111->firmware/nnet_utils/nnet_dense_latency.h:66]   --->   Operation 68 'insertvalue' 'newret' <Predicate = true> <Delay = 0.00>
ST_1 : Operation 69 [1/1] (0.00ns)   --->   "%newret2 = insertvalue i52 %newret, i13 %sext_ln111_10" [firmware/nnet_utils/nnet_mult.h:111->firmware/nnet_utils/nnet_dense_latency.h:66]   --->   Operation 69 'insertvalue' 'newret2' <Predicate = true> <Delay = 0.00>
ST_1 : Operation 70 [1/1] (0.00ns)   --->   "%newret4 = insertvalue i52 %newret2, i13 %sext_ln111_11" [firmware/nnet_utils/nnet_mult.h:111->firmware/nnet_utils/nnet_dense_latency.h:66]   --->   Operation 70 'insertvalue' 'newret4' <Predicate = true> <Delay = 0.00>
ST_1 : Operation 71 [1/1] (0.00ns)   --->   "%newret6 = insertvalue i52 %newret4, i13 %trunc_ln111_5" [firmware/nnet_utils/nnet_mult.h:111->firmware/nnet_utils/nnet_dense_latency.h:66]   --->   Operation 71 'insertvalue' 'newret6' <Predicate = true> <Delay = 0.00>
ST_1 : Operation 72 [1/1] (0.00ns)   --->   "%ret_ln111 = ret i52 %newret6" [firmware/nnet_utils/nnet_mult.h:111->firmware/nnet_utils/nnet_dense_latency.h:66]   --->   Operation 72 'ret' 'ret_ln111' <Predicate = true> <Delay = 0.00>


============================================================
+ Verbose Summary: Binding
============================================================
STG Binding: 
---------------- STG Properties BEGIN ----------------
- Is combinational: 1
- Is one-state seq: 0
- Is datapath-only: 0
- Is pipelined: 1
- Is top level: 0
Port [ Return ] is wired: 1; IO mode=ap_ctrl_hs:ce=0
Port [ data_7_val]:  wired=1; compound=0; hidden=0; nouse=0; global=0; static=0; extern=0; dir=0; type=0; pingpong=0; private_global=0; IO mode=ap_none:ce=0
Port [ data_26_val]:  wired=1; compound=0; hidden=0; nouse=0; global=0; static=0; extern=0; dir=0; type=0; pingpong=0; private_global=0; IO mode=ap_none:ce=0
Port [ data_27_val]:  wired=1; compound=0; hidden=0; nouse=0; global=0; static=0; extern=0; dir=0; type=0; pingpong=0; private_global=0; IO mode=ap_none:ce=0
Port [ data_28_val]:  wired=1; compound=0; hidden=0; nouse=0; global=0; static=0; extern=0; dir=0; type=0; pingpong=0; private_global=0; IO mode=ap_none:ce=0
---------------- STG Properties END ------------------

---------------- Datapath Model BEGIN ----------------

<LifeTime>
<method=bitvector/>
specpipeline_ln26      (specpipeline     ) [ 00]
specresourcelimit_ln33 (specresourcelimit) [ 00]
data_28_val_read       (read             ) [ 00]
data_27_val_read       (read             ) [ 00]
data_26_val_read       (read             ) [ 00]
data_7_val_read        (read             ) [ 00]
tmp                    (bitconcatenate   ) [ 00]
zext_ln73              (zext             ) [ 00]
mult                   (bitconcatenate   ) [ 00]
zext_ln17              (zext             ) [ 00]
p_shl12                (bitconcatenate   ) [ 00]
tmp_478                (bitconcatenate   ) [ 00]
zext_ln73_81           (zext             ) [ 00]
sub_ln73               (sub              ) [ 00]
tmp_479                (bitconcatenate   ) [ 00]
zext_ln73_82           (zext             ) [ 00]
mult_46                (sub              ) [ 00]
sext_ln17              (sext             ) [ 00]
tmp_480                (bitconcatenate   ) [ 00]
zext_ln73_83           (zext             ) [ 00]
mult_47                (sub              ) [ 00]
sext_ln42              (sext             ) [ 00]
tmp_481                (bitconcatenate   ) [ 00]
zext_ln73_84           (zext             ) [ 00]
mult_48                (sub              ) [ 00]
sext_ln17_41           (sext             ) [ 00]
p_shl7                 (bitconcatenate   ) [ 00]
tmp_482                (bitconcatenate   ) [ 00]
zext_ln73_85           (zext             ) [ 00]
sub_ln73_57            (sub              ) [ 00]
tmp_483                (bitconcatenate   ) [ 00]
zext_ln73_86           (zext             ) [ 00]
mult_49                (sub              ) [ 00]
sext_ln17_42           (sext             ) [ 00]
zext_ln73_30           (zext             ) [ 00]
tmp_484                (bitconcatenate   ) [ 00]
zext_ln73_87           (zext             ) [ 00]
mult_50                (sub              ) [ 00]
sext_ln17_43           (sext             ) [ 00]
p_shl                  (bitconcatenate   ) [ 00]
sub_ln73_60            (sub              ) [ 00]
add_ln58               (add              ) [ 00]
zext_ln58              (zext             ) [ 00]
sub_ln58               (sub              ) [ 00]
zext_ln58_39           (zext             ) [ 00]
sub_ln58_20            (sub              ) [ 00]
sext_ln58_44           (sext             ) [ 00]
add_ln58_89            (add              ) [ 00]
sext_ln58_45           (sext             ) [ 00]
x                      (add              ) [ 00]
zext_ln58_40           (zext             ) [ 00]
x_14                   (add              ) [ 00]
add_ln58_92            (add              ) [ 00]
sext_ln58_48           (sext             ) [ 00]
x_15                   (add              ) [ 00]
zext_ln58_41           (zext             ) [ 00]
add_ln58_94            (add              ) [ 00]
sext_ln58              (sext             ) [ 00]
x_16                   (add              ) [ 00]
trunc_ln               (partselect       ) [ 00]
sext_ln111             (sext             ) [ 00]
trunc_ln111_s          (partselect       ) [ 00]
sext_ln111_10          (sext             ) [ 00]
trunc_ln111_4          (partselect       ) [ 00]
sext_ln111_11          (sext             ) [ 00]
trunc_ln111_5          (partselect       ) [ 00]
newret                 (insertvalue      ) [ 00]
newret2                (insertvalue      ) [ 00]
newret4                (insertvalue      ) [ 00]
newret6                (insertvalue      ) [ 00]
ret_ln111              (ret              ) [ 00]
</LifeTime>

<model>

<comp_list>
<comp id="0" class="1000" name="data_7_val">
<pin_list>
<pin id="1" dir="1" index="0" bw="1" slack="0"/>
</pin_list>
<bind>
<StgValue><ssdm name="data_7_val"/></StgValue>
</bind>
</comp>

<comp id="2" class="1000" name="data_26_val">
<pin_list>
<pin id="3" dir="1" index="0" bw="1" slack="0"/>
</pin_list>
<bind>
<StgValue><ssdm name="data_26_val"/></StgValue>
</bind>
</comp>

<comp id="4" class="1000" name="data_27_val">
<pin_list>
<pin id="5" dir="1" index="0" bw="1" slack="0"/>
</pin_list>
<bind>
<StgValue><ssdm name="data_27_val"/></StgValue>
</bind>
</comp>

<comp id="6" class="1000" name="data_28_val">
<pin_list>
<pin id="7" dir="1" index="0" bw="1" slack="0"/>
</pin_list>
<bind>
<StgValue><ssdm name="data_28_val"/></StgValue>
</bind>
</comp>

<comp id="8" class="1001" name="const_8">
<pin_list>
<pin id="9" dir="1" index="0" bw="1" slack="2147483647"/>
</pin_list>
<bind>
<StgValue><ssdm name="_ssdm_op_SpecPipeline"/></StgValue>
</bind>
</comp>

<comp id="10" class="1001" name="const_10">
<pin_list>
<pin id="11" dir="1" index="0" bw="1" slack="2147483647"/>
</pin_list>
<bind>
<StgValue><ssdm name=""/></StgValue>
</bind>
</comp>

<comp id="12" class="1001" name="const_12">
<pin_list>
<pin id="13" dir="1" index="0" bw="1" slack="2147483647"/>
</pin_list>
<bind>
<StgValue><ssdm name=""/></StgValue>
</bind>
</comp>

<comp id="14" class="1001" name="const_14">
<pin_list>
<pin id="15" dir="1" index="0" bw="1" slack="2147483647"/>
</pin_list>
<bind>
<StgValue><ssdm name=""/></StgValue>
</bind>
</comp>

<comp id="16" class="1001" name="const_16">
<pin_list>
<pin id="17" dir="1" index="0" bw="1" slack="2147483647"/>
</pin_list>
<bind>
<StgValue><ssdm name="empty_13"/></StgValue>
</bind>
</comp>

<comp id="18" class="1001" name="const_18">
<pin_list>
<pin id="19" dir="1" index="0" bw="1" slack="2147483647"/>
</pin_list>
<bind>
<StgValue><ssdm name="_ssdm_op_SpecResourceLimit"/></StgValue>
</bind>
</comp>

<comp id="20" class="1001" name="const_20">
<pin_list>
<pin id="21" dir="1" index="0" bw="1" slack="2147483647"/>
</pin_list>
<bind>
<StgValue><ssdm name=""/></StgValue>
</bind>
</comp>

<comp id="22" class="1001" name="const_22">
<pin_list>
<pin id="23" dir="1" index="0" bw="1" slack="2147483647"/>
</pin_list>
<bind>
<StgValue><ssdm name="empty_15"/></StgValue>
</bind>
</comp>

<comp id="24" class="1001" name="const_24">
<pin_list>
<pin id="25" dir="1" index="0" bw="1" slack="0"/>
</pin_list>
<bind>
<StgValue><ssdm name="_ssdm_op_Read.ap_auto.i8"/></StgValue>
</bind>
</comp>

<comp id="26" class="1001" name="const_26">
<pin_list>
<pin id="27" dir="1" index="0" bw="1" slack="0"/>
</pin_list>
<bind>
<StgValue><ssdm name="_ssdm_op_BitConcatenate.i13.i8.i5"/></StgValue>
</bind>
</comp>

<comp id="28" class="1001" name="const_28">
<pin_list>
<pin id="29" dir="1" index="0" bw="1" slack="0"/>
</pin_list>
<bind>
<StgValue><ssdm name=""/></StgValue>
</bind>
</comp>

<comp id="30" class="1001" name="const_30">
<pin_list>
<pin id="31" dir="1" index="0" bw="1" slack="0"/>
</pin_list>
<bind>
<StgValue><ssdm name="_ssdm_op_BitConcatenate.i11.i8.i3"/></StgValue>
</bind>
</comp>

<comp id="32" class="1001" name="const_32">
<pin_list>
<pin id="33" dir="1" index="0" bw="1" slack="0"/>
</pin_list>
<bind>
<StgValue><ssdm name=""/></StgValue>
</bind>
</comp>

<comp id="34" class="1001" name="const_34">
<pin_list>
<pin id="35" dir="1" index="0" bw="1" slack="0"/>
</pin_list>
<bind>
<StgValue><ssdm name="_ssdm_op_BitConcatenate.i10.i8.i2"/></StgValue>
</bind>
</comp>

<comp id="36" class="1001" name="const_36">
<pin_list>
<pin id="37" dir="1" index="0" bw="1" slack="0"/>
</pin_list>
<bind>
<StgValue><ssdm name=""/></StgValue>
</bind>
</comp>

<comp id="38" class="1001" name="const_38">
<pin_list>
<pin id="39" dir="1" index="0" bw="1" slack="0"/>
</pin_list>
<bind>
<StgValue><ssdm name=""/></StgValue>
</bind>
</comp>

<comp id="40" class="1001" name="const_40">
<pin_list>
<pin id="41" dir="1" index="0" bw="1" slack="0"/>
</pin_list>
<bind>
<StgValue><ssdm name="_ssdm_op_BitConcatenate.i16.i8.i8"/></StgValue>
</bind>
</comp>

<comp id="42" class="1001" name="const_42">
<pin_list>
<pin id="43" dir="1" index="0" bw="1" slack="0"/>
</pin_list>
<bind>
<StgValue><ssdm name=""/></StgValue>
</bind>
</comp>

<comp id="44" class="1001" name="const_44">
<pin_list>
<pin id="45" dir="1" index="0" bw="1" slack="0"/>
</pin_list>
<bind>
<StgValue><ssdm name=""/></StgValue>
</bind>
</comp>

<comp id="46" class="1001" name="const_46">
<pin_list>
<pin id="47" dir="1" index="0" bw="1" slack="0"/>
</pin_list>
<bind>
<StgValue><ssdm name="_ssdm_op_BitConcatenate.i15.i8.i7"/></StgValue>
</bind>
</comp>

<comp id="48" class="1001" name="const_48">
<pin_list>
<pin id="49" dir="1" index="0" bw="1" slack="0"/>
</pin_list>
<bind>
<StgValue><ssdm name=""/></StgValue>
</bind>
</comp>

<comp id="50" class="1001" name="const_50">
<pin_list>
<pin id="51" dir="1" index="0" bw="1" slack="0"/>
</pin_list>
<bind>
<StgValue><ssdm name=""/></StgValue>
</bind>
</comp>

<comp id="52" class="1001" name="const_52">
<pin_list>
<pin id="53" dir="1" index="0" bw="1" slack="0"/>
</pin_list>
<bind>
<StgValue><ssdm name="_ssdm_op_BitConcatenate.i14.i8.i6"/></StgValue>
</bind>
</comp>

<comp id="54" class="1001" name="const_54">
<pin_list>
<pin id="55" dir="1" index="0" bw="1" slack="0"/>
</pin_list>
<bind>
<StgValue><ssdm name=""/></StgValue>
</bind>
</comp>

<comp id="56" class="1001" name="const_56">
<pin_list>
<pin id="57" dir="1" index="0" bw="1" slack="0"/>
</pin_list>
<bind>
<StgValue><ssdm name="_ssdm_op_BitConcatenate.i12.i8.i4"/></StgValue>
</bind>
</comp>

<comp id="58" class="1001" name="const_58">
<pin_list>
<pin id="59" dir="1" index="0" bw="1" slack="0"/>
</pin_list>
<bind>
<StgValue><ssdm name=""/></StgValue>
</bind>
</comp>

<comp id="60" class="1001" name="const_60">
<pin_list>
<pin id="61" dir="1" index="0" bw="1" slack="0"/>
</pin_list>
<bind>
<StgValue><ssdm name=""/></StgValue>
</bind>
</comp>

<comp id="62" class="1001" name="const_62">
<pin_list>
<pin id="63" dir="1" index="0" bw="1" slack="0"/>
</pin_list>
<bind>
<StgValue><ssdm name=""/></StgValue>
</bind>
</comp>

<comp id="64" class="1001" name="const_64">
<pin_list>
<pin id="65" dir="1" index="0" bw="1" slack="0"/>
</pin_list>
<bind>
<StgValue><ssdm name=""/></StgValue>
</bind>
</comp>

<comp id="66" class="1001" name="const_66">
<pin_list>
<pin id="67" dir="1" index="0" bw="1" slack="0"/>
</pin_list>
<bind>
<StgValue><ssdm name=""/></StgValue>
</bind>
</comp>

<comp id="68" class="1001" name="const_68">
<pin_list>
<pin id="69" dir="1" index="0" bw="1" slack="0"/>
</pin_list>
<bind>
<StgValue><ssdm name="_ssdm_op_PartSelect.i12.i17.i32.i32"/></StgValue>
</bind>
</comp>

<comp id="70" class="1001" name="const_70">
<pin_list>
<pin id="71" dir="1" index="0" bw="1" slack="0"/>
</pin_list>
<bind>
<StgValue><ssdm name=""/></StgValue>
</bind>
</comp>

<comp id="72" class="1001" name="const_72">
<pin_list>
<pin id="73" dir="1" index="0" bw="1" slack="0"/>
</pin_list>
<bind>
<StgValue><ssdm name=""/></StgValue>
</bind>
</comp>

<comp id="74" class="1001" name="const_74">
<pin_list>
<pin id="75" dir="1" index="0" bw="1" slack="0"/>
</pin_list>
<bind>
<StgValue><ssdm name="_ssdm_op_PartSelect.i10.i15.i32.i32"/></StgValue>
</bind>
</comp>

<comp id="76" class="1001" name="const_76">
<pin_list>
<pin id="77" dir="1" index="0" bw="1" slack="0"/>
</pin_list>
<bind>
<StgValue><ssdm name=""/></StgValue>
</bind>
</comp>

<comp id="78" class="1001" name="const_78">
<pin_list>
<pin id="79" dir="1" index="0" bw="1" slack="0"/>
</pin_list>
<bind>
<StgValue><ssdm name="_ssdm_op_PartSelect.i11.i16.i32.i32"/></StgValue>
</bind>
</comp>

<comp id="80" class="1001" name="const_80">
<pin_list>
<pin id="81" dir="1" index="0" bw="1" slack="0"/>
</pin_list>
<bind>
<StgValue><ssdm name=""/></StgValue>
</bind>
</comp>

<comp id="82" class="1001" name="const_82">
<pin_list>
<pin id="83" dir="1" index="0" bw="1" slack="0"/>
</pin_list>
<bind>
<StgValue><ssdm name="_ssdm_op_PartSelect.i13.i18.i32.i32"/></StgValue>
</bind>
</comp>

<comp id="84" class="1001" name="const_84">
<pin_list>
<pin id="85" dir="1" index="0" bw="1" slack="0"/>
</pin_list>
<bind>
<StgValue><ssdm name=""/></StgValue>
</bind>
</comp>

<comp id="86" class="1001" name="const_86">
<pin_list>
<pin id="87" dir="1" index="0" bw="1" slack="0"/>
</pin_list>
<bind>
<StgValue><ssdm name=""/></StgValue>
</bind>
</comp>

<comp id="88" class="1004" name="data_28_val_read_read_fu_88">
<pin_list>
<pin id="89" dir="0" index="0" bw="8" slack="0"/>
<pin id="90" dir="0" index="1" bw="8" slack="0"/>
<pin id="91" dir="1" index="2" bw="8" slack="0"/>
</pin_list>
<bind>
<opcode="read(1150) " fcode="read"/>
<opset="data_28_val_read/1 "/>
</bind>
</comp>

<comp id="94" class="1004" name="data_27_val_read_read_fu_94">
<pin_list>
<pin id="95" dir="0" index="0" bw="8" slack="0"/>
<pin id="96" dir="0" index="1" bw="8" slack="0"/>
<pin id="97" dir="1" index="2" bw="8" slack="0"/>
</pin_list>
<bind>
<opcode="read(1150) " fcode="read"/>
<opset="data_27_val_read/1 "/>
</bind>
</comp>

<comp id="100" class="1004" name="data_26_val_read_read_fu_100">
<pin_list>
<pin id="101" dir="0" index="0" bw="8" slack="0"/>
<pin id="102" dir="0" index="1" bw="8" slack="0"/>
<pin id="103" dir="1" index="2" bw="8" slack="0"/>
</pin_list>
<bind>
<opcode="read(1150) " fcode="read"/>
<opset="data_26_val_read/1 "/>
</bind>
</comp>

<comp id="106" class="1004" name="data_7_val_read_read_fu_106">
<pin_list>
<pin id="107" dir="0" index="0" bw="8" slack="0"/>
<pin id="108" dir="0" index="1" bw="8" slack="0"/>
<pin id="109" dir="1" index="2" bw="8" slack="0"/>
</pin_list>
<bind>
<opcode="read(1150) " fcode="read"/>
<opset="data_7_val_read/1 "/>
</bind>
</comp>

<comp id="112" class="1004" name="tmp_fu_112">
<pin_list>
<pin id="113" dir="0" index="0" bw="13" slack="0"/>
<pin id="114" dir="0" index="1" bw="8" slack="0"/>
<pin id="115" dir="0" index="2" bw="1" slack="0"/>
<pin id="116" dir="1" index="3" bw="13" slack="0"/>
</pin_list>
<bind>
<opcode="bitconcatenate(1004) " fcode="bitconcatenate"/>
<opset="tmp/1 "/>
</bind>
</comp>

<comp id="120" class="1004" name="zext_ln73_fu_120">
<pin_list>
<pin id="121" dir="0" index="0" bw="13" slack="0"/>
<pin id="122" dir="1" index="1" bw="14" slack="0"/>
</pin_list>
<bind>
<opcode="zext(34) " fcode="zext"/>
<opset="zext_ln73/1 "/>
</bind>
</comp>

<comp id="124" class="1004" name="mult_fu_124">
<pin_list>
<pin id="125" dir="0" index="0" bw="11" slack="0"/>
<pin id="126" dir="0" index="1" bw="8" slack="0"/>
<pin id="127" dir="0" index="2" bw="1" slack="0"/>
<pin id="128" dir="1" index="3" bw="11" slack="0"/>
</pin_list>
<bind>
<opcode="bitconcatenate(1004) " fcode="bitconcatenate"/>
<opset="mult/1 "/>
</bind>
</comp>

<comp id="132" class="1004" name="zext_ln17_fu_132">
<pin_list>
<pin id="133" dir="0" index="0" bw="11" slack="0"/>
<pin id="134" dir="1" index="1" bw="12" slack="0"/>
</pin_list>
<bind>
<opcode="zext(34) " fcode="zext"/>
<opset="zext_ln17/1 "/>
</bind>
</comp>

<comp id="136" class="1004" name="p_shl12_fu_136">
<pin_list>
<pin id="137" dir="0" index="0" bw="13" slack="0"/>
<pin id="138" dir="0" index="1" bw="8" slack="0"/>
<pin id="139" dir="0" index="2" bw="1" slack="0"/>
<pin id="140" dir="1" index="3" bw="13" slack="0"/>
</pin_list>
<bind>
<opcode="bitconcatenate(1004) " fcode="bitconcatenate"/>
<opset="p_shl12/1 "/>
</bind>
</comp>

<comp id="144" class="1004" name="tmp_478_fu_144">
<pin_list>
<pin id="145" dir="0" index="0" bw="10" slack="0"/>
<pin id="146" dir="0" index="1" bw="8" slack="0"/>
<pin id="147" dir="0" index="2" bw="1" slack="0"/>
<pin id="148" dir="1" index="3" bw="10" slack="0"/>
</pin_list>
<bind>
<opcode="bitconcatenate(1004) " fcode="bitconcatenate"/>
<opset="tmp_478/1 "/>
</bind>
</comp>

<comp id="152" class="1004" name="zext_ln73_81_fu_152">
<pin_list>
<pin id="153" dir="0" index="0" bw="10" slack="0"/>
<pin id="154" dir="1" index="1" bw="13" slack="0"/>
</pin_list>
<bind>
<opcode="zext(34) " fcode="zext"/>
<opset="zext_ln73_81/1 "/>
</bind>
</comp>

<comp id="156" class="1004" name="sub_ln73_fu_156">
<pin_list>
<pin id="157" dir="0" index="0" bw="13" slack="0"/>
<pin id="158" dir="0" index="1" bw="10" slack="0"/>
<pin id="159" dir="1" index="2" bw="13" slack="0"/>
</pin_list>
<bind>
<opcode="sub(10) " fcode="sub"/>
<opset="sub_ln73/1 "/>
</bind>
</comp>

<comp id="162" class="1004" name="tmp_479_fu_162">
<pin_list>
<pin id="163" dir="0" index="0" bw="11" slack="0"/>
<pin id="164" dir="0" index="1" bw="8" slack="0"/>
<pin id="165" dir="0" index="2" bw="1" slack="0"/>
<pin id="166" dir="1" index="3" bw="11" slack="0"/>
</pin_list>
<bind>
<opcode="bitconcatenate(1004) " fcode="bitconcatenate"/>
<opset="tmp_479/1 "/>
</bind>
</comp>

<comp id="170" class="1004" name="zext_ln73_82_fu_170">
<pin_list>
<pin id="171" dir="0" index="0" bw="11" slack="0"/>
<pin id="172" dir="1" index="1" bw="12" slack="0"/>
</pin_list>
<bind>
<opcode="zext(34) " fcode="zext"/>
<opset="zext_ln73_82/1 "/>
</bind>
</comp>

<comp id="174" class="1004" name="mult_46_fu_174">
<pin_list>
<pin id="175" dir="0" index="0" bw="1" slack="0"/>
<pin id="176" dir="0" index="1" bw="11" slack="0"/>
<pin id="177" dir="1" index="2" bw="12" slack="0"/>
</pin_list>
<bind>
<opcode="sub(10) " fcode="sub"/>
<opset="mult_46/1 "/>
</bind>
</comp>

<comp id="180" class="1004" name="sext_ln17_fu_180">
<pin_list>
<pin id="181" dir="0" index="0" bw="12" slack="0"/>
<pin id="182" dir="1" index="1" bw="13" slack="0"/>
</pin_list>
<bind>
<opcode="sext(35) " fcode="sext"/>
<opset="sext_ln17/1 "/>
</bind>
</comp>

<comp id="184" class="1004" name="tmp_480_fu_184">
<pin_list>
<pin id="185" dir="0" index="0" bw="16" slack="0"/>
<pin id="186" dir="0" index="1" bw="8" slack="0"/>
<pin id="187" dir="0" index="2" bw="1" slack="0"/>
<pin id="188" dir="1" index="3" bw="16" slack="0"/>
</pin_list>
<bind>
<opcode="bitconcatenate(1004) " fcode="bitconcatenate"/>
<opset="tmp_480/1 "/>
</bind>
</comp>

<comp id="192" class="1004" name="zext_ln73_83_fu_192">
<pin_list>
<pin id="193" dir="0" index="0" bw="16" slack="0"/>
<pin id="194" dir="1" index="1" bw="17" slack="0"/>
</pin_list>
<bind>
<opcode="zext(34) " fcode="zext"/>
<opset="zext_ln73_83/1 "/>
</bind>
</comp>

<comp id="196" class="1004" name="mult_47_fu_196">
<pin_list>
<pin id="197" dir="0" index="0" bw="1" slack="0"/>
<pin id="198" dir="0" index="1" bw="16" slack="0"/>
<pin id="199" dir="1" index="2" bw="17" slack="0"/>
</pin_list>
<bind>
<opcode="sub(10) " fcode="sub"/>
<opset="mult_47/1 "/>
</bind>
</comp>

<comp id="202" class="1004" name="sext_ln42_fu_202">
<pin_list>
<pin id="203" dir="0" index="0" bw="17" slack="0"/>
<pin id="204" dir="1" index="1" bw="18" slack="0"/>
</pin_list>
<bind>
<opcode="sext(35) " fcode="sext"/>
<opset="sext_ln42/1 "/>
</bind>
</comp>

<comp id="206" class="1004" name="tmp_481_fu_206">
<pin_list>
<pin id="207" dir="0" index="0" bw="15" slack="0"/>
<pin id="208" dir="0" index="1" bw="8" slack="0"/>
<pin id="209" dir="0" index="2" bw="1" slack="0"/>
<pin id="210" dir="1" index="3" bw="15" slack="0"/>
</pin_list>
<bind>
<opcode="bitconcatenate(1004) " fcode="bitconcatenate"/>
<opset="tmp_481/1 "/>
</bind>
</comp>

<comp id="214" class="1004" name="zext_ln73_84_fu_214">
<pin_list>
<pin id="215" dir="0" index="0" bw="15" slack="0"/>
<pin id="216" dir="1" index="1" bw="16" slack="0"/>
</pin_list>
<bind>
<opcode="zext(34) " fcode="zext"/>
<opset="zext_ln73_84/1 "/>
</bind>
</comp>

<comp id="218" class="1004" name="mult_48_fu_218">
<pin_list>
<pin id="219" dir="0" index="0" bw="1" slack="0"/>
<pin id="220" dir="0" index="1" bw="15" slack="0"/>
<pin id="221" dir="1" index="2" bw="16" slack="0"/>
</pin_list>
<bind>
<opcode="sub(10) " fcode="sub"/>
<opset="mult_48/1 "/>
</bind>
</comp>

<comp id="224" class="1004" name="sext_ln17_41_fu_224">
<pin_list>
<pin id="225" dir="0" index="0" bw="16" slack="0"/>
<pin id="226" dir="1" index="1" bw="17" slack="0"/>
</pin_list>
<bind>
<opcode="sext(35) " fcode="sext"/>
<opset="sext_ln17_41/1 "/>
</bind>
</comp>

<comp id="228" class="1004" name="p_shl7_fu_228">
<pin_list>
<pin id="229" dir="0" index="0" bw="14" slack="0"/>
<pin id="230" dir="0" index="1" bw="8" slack="0"/>
<pin id="231" dir="0" index="2" bw="1" slack="0"/>
<pin id="232" dir="1" index="3" bw="14" slack="0"/>
</pin_list>
<bind>
<opcode="bitconcatenate(1004) " fcode="bitconcatenate"/>
<opset="p_shl7/1 "/>
</bind>
</comp>

<comp id="236" class="1004" name="tmp_482_fu_236">
<pin_list>
<pin id="237" dir="0" index="0" bw="12" slack="0"/>
<pin id="238" dir="0" index="1" bw="8" slack="0"/>
<pin id="239" dir="0" index="2" bw="1" slack="0"/>
<pin id="240" dir="1" index="3" bw="12" slack="0"/>
</pin_list>
<bind>
<opcode="bitconcatenate(1004) " fcode="bitconcatenate"/>
<opset="tmp_482/1 "/>
</bind>
</comp>

<comp id="244" class="1004" name="zext_ln73_85_fu_244">
<pin_list>
<pin id="245" dir="0" index="0" bw="12" slack="0"/>
<pin id="246" dir="1" index="1" bw="14" slack="0"/>
</pin_list>
<bind>
<opcode="zext(34) " fcode="zext"/>
<opset="zext_ln73_85/1 "/>
</bind>
</comp>

<comp id="248" class="1004" name="sub_ln73_57_fu_248">
<pin_list>
<pin id="249" dir="0" index="0" bw="14" slack="0"/>
<pin id="250" dir="0" index="1" bw="12" slack="0"/>
<pin id="251" dir="1" index="2" bw="14" slack="0"/>
</pin_list>
<bind>
<opcode="sub(10) " fcode="sub"/>
<opset="sub_ln73_57/1 "/>
</bind>
</comp>

<comp id="254" class="1004" name="tmp_483_fu_254">
<pin_list>
<pin id="255" dir="0" index="0" bw="11" slack="0"/>
<pin id="256" dir="0" index="1" bw="8" slack="0"/>
<pin id="257" dir="0" index="2" bw="1" slack="0"/>
<pin id="258" dir="1" index="3" bw="11" slack="0"/>
</pin_list>
<bind>
<opcode="bitconcatenate(1004) " fcode="bitconcatenate"/>
<opset="tmp_483/1 "/>
</bind>
</comp>

<comp id="262" class="1004" name="zext_ln73_86_fu_262">
<pin_list>
<pin id="263" dir="0" index="0" bw="11" slack="0"/>
<pin id="264" dir="1" index="1" bw="12" slack="0"/>
</pin_list>
<bind>
<opcode="zext(34) " fcode="zext"/>
<opset="zext_ln73_86/1 "/>
</bind>
</comp>

<comp id="266" class="1004" name="mult_49_fu_266">
<pin_list>
<pin id="267" dir="0" index="0" bw="1" slack="0"/>
<pin id="268" dir="0" index="1" bw="11" slack="0"/>
<pin id="269" dir="1" index="2" bw="12" slack="0"/>
</pin_list>
<bind>
<opcode="sub(10) " fcode="sub"/>
<opset="mult_49/1 "/>
</bind>
</comp>

<comp id="272" class="1004" name="sext_ln17_42_fu_272">
<pin_list>
<pin id="273" dir="0" index="0" bw="12" slack="0"/>
<pin id="274" dir="1" index="1" bw="13" slack="0"/>
</pin_list>
<bind>
<opcode="sext(35) " fcode="sext"/>
<opset="sext_ln17_42/1 "/>
</bind>
</comp>

<comp id="276" class="1004" name="zext_ln73_30_fu_276">
<pin_list>
<pin id="277" dir="0" index="0" bw="8" slack="0"/>
<pin id="278" dir="1" index="1" bw="12" slack="0"/>
</pin_list>
<bind>
<opcode="zext(34) " fcode="zext"/>
<opset="zext_ln73_30/1 "/>
</bind>
</comp>

<comp id="280" class="1004" name="tmp_484_fu_280">
<pin_list>
<pin id="281" dir="0" index="0" bw="14" slack="0"/>
<pin id="282" dir="0" index="1" bw="8" slack="0"/>
<pin id="283" dir="0" index="2" bw="1" slack="0"/>
<pin id="284" dir="1" index="3" bw="14" slack="0"/>
</pin_list>
<bind>
<opcode="bitconcatenate(1004) " fcode="bitconcatenate"/>
<opset="tmp_484/1 "/>
</bind>
</comp>

<comp id="288" class="1004" name="zext_ln73_87_fu_288">
<pin_list>
<pin id="289" dir="0" index="0" bw="14" slack="0"/>
<pin id="290" dir="1" index="1" bw="15" slack="0"/>
</pin_list>
<bind>
<opcode="zext(34) " fcode="zext"/>
<opset="zext_ln73_87/1 "/>
</bind>
</comp>

<comp id="292" class="1004" name="mult_50_fu_292">
<pin_list>
<pin id="293" dir="0" index="0" bw="1" slack="0"/>
<pin id="294" dir="0" index="1" bw="14" slack="0"/>
<pin id="295" dir="1" index="2" bw="15" slack="0"/>
</pin_list>
<bind>
<opcode="sub(10) " fcode="sub"/>
<opset="mult_50/1 "/>
</bind>
</comp>

<comp id="298" class="1004" name="sext_ln17_43_fu_298">
<pin_list>
<pin id="299" dir="0" index="0" bw="15" slack="0"/>
<pin id="300" dir="1" index="1" bw="16" slack="0"/>
</pin_list>
<bind>
<opcode="sext(35) " fcode="sext"/>
<opset="sext_ln17_43/1 "/>
</bind>
</comp>

<comp id="302" class="1004" name="p_shl_fu_302">
<pin_list>
<pin id="303" dir="0" index="0" bw="12" slack="0"/>
<pin id="304" dir="0" index="1" bw="8" slack="0"/>
<pin id="305" dir="0" index="2" bw="1" slack="0"/>
<pin id="306" dir="1" index="3" bw="12" slack="0"/>
</pin_list>
<bind>
<opcode="bitconcatenate(1004) " fcode="bitconcatenate"/>
<opset="p_shl/1 "/>
</bind>
</comp>

<comp id="310" class="1004" name="sub_ln73_60_fu_310">
<pin_list>
<pin id="311" dir="0" index="0" bw="12" slack="0"/>
<pin id="312" dir="0" index="1" bw="8" slack="0"/>
<pin id="313" dir="1" index="2" bw="12" slack="0"/>
</pin_list>
<bind>
<opcode="sub(10) " fcode="sub"/>
<opset="sub_ln73_60/1 "/>
</bind>
</comp>

<comp id="316" class="1004" name="add_ln58_fu_316">
<pin_list>
<pin id="317" dir="0" index="0" bw="11" slack="0"/>
<pin id="318" dir="0" index="1" bw="11" slack="0"/>
<pin id="319" dir="1" index="2" bw="12" slack="0"/>
</pin_list>
<bind>
<opcode="add(8) " fcode="add"/>
<opset="add_ln58/1 "/>
</bind>
</comp>

<comp id="322" class="1004" name="zext_ln58_fu_322">
<pin_list>
<pin id="323" dir="0" index="0" bw="12" slack="0"/>
<pin id="324" dir="1" index="1" bw="13" slack="0"/>
</pin_list>
<bind>
<opcode="zext(34) " fcode="zext"/>
<opset="zext_ln58/1 "/>
</bind>
</comp>

<comp id="326" class="1004" name="sub_ln58_fu_326">
<pin_list>
<pin id="327" dir="0" index="0" bw="9" slack="0"/>
<pin id="328" dir="0" index="1" bw="13" slack="0"/>
<pin id="329" dir="1" index="2" bw="14" slack="0"/>
</pin_list>
<bind>
<opcode="sub(10) " fcode="sub"/>
<opset="sub_ln58/1 "/>
</bind>
</comp>

<comp id="332" class="1004" name="zext_ln58_39_fu_332">
<pin_list>
<pin id="333" dir="0" index="0" bw="13" slack="0"/>
<pin id="334" dir="1" index="1" bw="14" slack="0"/>
</pin_list>
<bind>
<opcode="zext(34) " fcode="zext"/>
<opset="zext_ln58_39/1 "/>
</bind>
</comp>

<comp id="336" class="1004" name="sub_ln58_20_fu_336">
<pin_list>
<pin id="337" dir="0" index="0" bw="13" slack="0"/>
<pin id="338" dir="0" index="1" bw="13" slack="0"/>
<pin id="339" dir="1" index="2" bw="14" slack="0"/>
</pin_list>
<bind>
<opcode="sub(10) " fcode="sub"/>
<opset="sub_ln58_20/1 "/>
</bind>
</comp>

<comp id="342" class="1004" name="sext_ln58_44_fu_342">
<pin_list>
<pin id="343" dir="0" index="0" bw="14" slack="0"/>
<pin id="344" dir="1" index="1" bw="17" slack="0"/>
</pin_list>
<bind>
<opcode="sext(35) " fcode="sext"/>
<opset="sext_ln58_44/1 "/>
</bind>
</comp>

<comp id="346" class="1004" name="add_ln58_89_fu_346">
<pin_list>
<pin id="347" dir="0" index="0" bw="12" slack="0"/>
<pin id="348" dir="0" index="1" bw="6" slack="0"/>
<pin id="349" dir="1" index="2" bw="13" slack="0"/>
</pin_list>
<bind>
<opcode="add(8) " fcode="add"/>
<opset="add_ln58_89/1 "/>
</bind>
</comp>

<comp id="352" class="1004" name="sext_ln58_45_fu_352">
<pin_list>
<pin id="353" dir="0" index="0" bw="13" slack="0"/>
<pin id="354" dir="1" index="1" bw="15" slack="0"/>
</pin_list>
<bind>
<opcode="sext(35) " fcode="sext"/>
<opset="sext_ln58_45/1 "/>
</bind>
</comp>

<comp id="356" class="1004" name="x_fu_356">
<pin_list>
<pin id="357" dir="0" index="0" bw="16" slack="0"/>
<pin id="358" dir="0" index="1" bw="14" slack="0"/>
<pin id="359" dir="1" index="2" bw="17" slack="0"/>
</pin_list>
<bind>
<opcode="add(8) " fcode="add"/>
<opset="x/1 "/>
</bind>
</comp>

<comp id="362" class="1004" name="zext_ln58_40_fu_362">
<pin_list>
<pin id="363" dir="0" index="0" bw="14" slack="0"/>
<pin id="364" dir="1" index="1" bw="15" slack="0"/>
</pin_list>
<bind>
<opcode="zext(34) " fcode="zext"/>
<opset="zext_ln58_40/1 "/>
</bind>
</comp>

<comp id="366" class="1004" name="x_14_fu_366">
<pin_list>
<pin id="367" dir="0" index="0" bw="14" slack="0"/>
<pin id="368" dir="0" index="1" bw="13" slack="0"/>
<pin id="369" dir="1" index="2" bw="15" slack="0"/>
</pin_list>
<bind>
<opcode="add(8) " fcode="add"/>
<opset="x_14/1 "/>
</bind>
</comp>

<comp id="372" class="1004" name="add_ln58_92_fu_372">
<pin_list>
<pin id="373" dir="0" index="0" bw="12" slack="0"/>
<pin id="374" dir="0" index="1" bw="12" slack="0"/>
<pin id="375" dir="1" index="2" bw="13" slack="0"/>
</pin_list>
<bind>
<opcode="add(8) " fcode="add"/>
<opset="add_ln58_92/1 "/>
</bind>
</comp>

<comp id="378" class="1004" name="sext_ln58_48_fu_378">
<pin_list>
<pin id="379" dir="0" index="0" bw="13" slack="0"/>
<pin id="380" dir="1" index="1" bw="16" slack="0"/>
</pin_list>
<bind>
<opcode="sext(35) " fcode="sext"/>
<opset="sext_ln58_48/1 "/>
</bind>
</comp>

<comp id="382" class="1004" name="x_15_fu_382">
<pin_list>
<pin id="383" dir="0" index="0" bw="15" slack="0"/>
<pin id="384" dir="0" index="1" bw="13" slack="0"/>
<pin id="385" dir="1" index="2" bw="16" slack="0"/>
</pin_list>
<bind>
<opcode="add(8) " fcode="add"/>
<opset="x_15/1 "/>
</bind>
</comp>

<comp id="388" class="1004" name="zext_ln58_41_fu_388">
<pin_list>
<pin id="389" dir="0" index="0" bw="12" slack="0"/>
<pin id="390" dir="1" index="1" bw="14" slack="0"/>
</pin_list>
<bind>
<opcode="zext(34) " fcode="zext"/>
<opset="zext_ln58_41/1 "/>
</bind>
</comp>

<comp id="392" class="1004" name="add_ln58_94_fu_392">
<pin_list>
<pin id="393" dir="0" index="0" bw="14" slack="0"/>
<pin id="394" dir="0" index="1" bw="12" slack="0"/>
<pin id="395" dir="1" index="2" bw="14" slack="0"/>
</pin_list>
<bind>
<opcode="add(8) " fcode="add"/>
<opset="add_ln58_94/1 "/>
</bind>
</comp>

<comp id="398" class="1004" name="sext_ln58_fu_398">
<pin_list>
<pin id="399" dir="0" index="0" bw="14" slack="0"/>
<pin id="400" dir="1" index="1" bw="18" slack="0"/>
</pin_list>
<bind>
<opcode="sext(35) " fcode="sext"/>
<opset="sext_ln58/1 "/>
</bind>
</comp>

<comp id="402" class="1004" name="x_16_fu_402">
<pin_list>
<pin id="403" dir="0" index="0" bw="14" slack="0"/>
<pin id="404" dir="0" index="1" bw="17" slack="0"/>
<pin id="405" dir="1" index="2" bw="18" slack="0"/>
</pin_list>
<bind>
<opcode="add(8) " fcode="add"/>
<opset="x_16/1 "/>
</bind>
</comp>

<comp id="408" class="1004" name="trunc_ln_fu_408">
<pin_list>
<pin id="409" dir="0" index="0" bw="12" slack="0"/>
<pin id="410" dir="0" index="1" bw="17" slack="0"/>
<pin id="411" dir="0" index="2" bw="4" slack="0"/>
<pin id="412" dir="0" index="3" bw="6" slack="0"/>
<pin id="413" dir="1" index="4" bw="12" slack="0"/>
</pin_list>
<bind>
<opcode="partselect(1002) " fcode="partselect"/>
<opset="trunc_ln/1 "/>
</bind>
</comp>

<comp id="418" class="1004" name="sext_ln111_fu_418">
<pin_list>
<pin id="419" dir="0" index="0" bw="12" slack="0"/>
<pin id="420" dir="1" index="1" bw="13" slack="0"/>
</pin_list>
<bind>
<opcode="sext(35) " fcode="sext"/>
<opset="sext_ln111/1 "/>
</bind>
</comp>

<comp id="422" class="1004" name="trunc_ln111_s_fu_422">
<pin_list>
<pin id="423" dir="0" index="0" bw="10" slack="0"/>
<pin id="424" dir="0" index="1" bw="15" slack="0"/>
<pin id="425" dir="0" index="2" bw="4" slack="0"/>
<pin id="426" dir="0" index="3" bw="5" slack="0"/>
<pin id="427" dir="1" index="4" bw="10" slack="0"/>
</pin_list>
<bind>
<opcode="partselect(1002) " fcode="partselect"/>
<opset="trunc_ln111_s/1 "/>
</bind>
</comp>

<comp id="432" class="1004" name="sext_ln111_10_fu_432">
<pin_list>
<pin id="433" dir="0" index="0" bw="10" slack="0"/>
<pin id="434" dir="1" index="1" bw="13" slack="0"/>
</pin_list>
<bind>
<opcode="sext(35) " fcode="sext"/>
<opset="sext_ln111_10/1 "/>
</bind>
</comp>

<comp id="436" class="1004" name="trunc_ln111_4_fu_436">
<pin_list>
<pin id="437" dir="0" index="0" bw="11" slack="0"/>
<pin id="438" dir="0" index="1" bw="16" slack="0"/>
<pin id="439" dir="0" index="2" bw="4" slack="0"/>
<pin id="440" dir="0" index="3" bw="5" slack="0"/>
<pin id="441" dir="1" index="4" bw="11" slack="0"/>
</pin_list>
<bind>
<opcode="partselect(1002) " fcode="partselect"/>
<opset="trunc_ln111_4/1 "/>
</bind>
</comp>

<comp id="446" class="1004" name="sext_ln111_11_fu_446">
<pin_list>
<pin id="447" dir="0" index="0" bw="11" slack="0"/>
<pin id="448" dir="1" index="1" bw="13" slack="0"/>
</pin_list>
<bind>
<opcode="sext(35) " fcode="sext"/>
<opset="sext_ln111_11/1 "/>
</bind>
</comp>

<comp id="450" class="1004" name="trunc_ln111_5_fu_450">
<pin_list>
<pin id="451" dir="0" index="0" bw="13" slack="0"/>
<pin id="452" dir="0" index="1" bw="18" slack="0"/>
<pin id="453" dir="0" index="2" bw="4" slack="0"/>
<pin id="454" dir="0" index="3" bw="6" slack="0"/>
<pin id="455" dir="1" index="4" bw="13" slack="0"/>
</pin_list>
<bind>
<opcode="partselect(1002) " fcode="partselect"/>
<opset="trunc_ln111_5/1 "/>
</bind>
</comp>

<comp id="460" class="1004" name="newret_fu_460">
<pin_list>
<pin id="461" dir="0" index="0" bw="52" slack="0"/>
<pin id="462" dir="0" index="1" bw="12" slack="0"/>
<pin id="463" dir="1" index="2" bw="52" slack="0"/>
</pin_list>
<bind>
<opcode="insertvalue(57) " fcode="insertvalue"/>
<opset="newret/1 "/>
</bind>
</comp>

<comp id="466" class="1004" name="newret2_fu_466">
<pin_list>
<pin id="467" dir="0" index="0" bw="52" slack="0"/>
<pin id="468" dir="0" index="1" bw="10" slack="0"/>
<pin id="469" dir="1" index="2" bw="52" slack="0"/>
</pin_list>
<bind>
<opcode="insertvalue(57) " fcode="insertvalue"/>
<opset="newret2/1 "/>
</bind>
</comp>

<comp id="472" class="1004" name="newret4_fu_472">
<pin_list>
<pin id="473" dir="0" index="0" bw="52" slack="0"/>
<pin id="474" dir="0" index="1" bw="11" slack="0"/>
<pin id="475" dir="1" index="2" bw="52" slack="0"/>
</pin_list>
<bind>
<opcode="insertvalue(57) " fcode="insertvalue"/>
<opset="newret4/1 "/>
</bind>
</comp>

<comp id="478" class="1004" name="newret6_fu_478">
<pin_list>
<pin id="479" dir="0" index="0" bw="52" slack="0"/>
<pin id="480" dir="0" index="1" bw="13" slack="0"/>
<pin id="481" dir="1" index="2" bw="52" slack="2147483647"/>
</pin_list>
<bind>
<opcode="insertvalue(57) " fcode="insertvalue"/>
<opset="newret6/1 "/>
</bind>
</comp>

</comp_list>

<net_list>
<net id="92"><net_src comp="24" pin="0"/><net_sink comp="88" pin=0"/></net>

<net id="93"><net_src comp="6" pin="0"/><net_sink comp="88" pin=1"/></net>

<net id="98"><net_src comp="24" pin="0"/><net_sink comp="94" pin=0"/></net>

<net id="99"><net_src comp="4" pin="0"/><net_sink comp="94" pin=1"/></net>

<net id="104"><net_src comp="24" pin="0"/><net_sink comp="100" pin=0"/></net>

<net id="105"><net_src comp="2" pin="0"/><net_sink comp="100" pin=1"/></net>

<net id="110"><net_src comp="24" pin="0"/><net_sink comp="106" pin=0"/></net>

<net id="111"><net_src comp="0" pin="0"/><net_sink comp="106" pin=1"/></net>

<net id="117"><net_src comp="26" pin="0"/><net_sink comp="112" pin=0"/></net>

<net id="118"><net_src comp="106" pin="2"/><net_sink comp="112" pin=1"/></net>

<net id="119"><net_src comp="28" pin="0"/><net_sink comp="112" pin=2"/></net>

<net id="123"><net_src comp="112" pin="3"/><net_sink comp="120" pin=0"/></net>

<net id="129"><net_src comp="30" pin="0"/><net_sink comp="124" pin=0"/></net>

<net id="130"><net_src comp="106" pin="2"/><net_sink comp="124" pin=1"/></net>

<net id="131"><net_src comp="32" pin="0"/><net_sink comp="124" pin=2"/></net>

<net id="135"><net_src comp="124" pin="3"/><net_sink comp="132" pin=0"/></net>

<net id="141"><net_src comp="26" pin="0"/><net_sink comp="136" pin=0"/></net>

<net id="142"><net_src comp="100" pin="2"/><net_sink comp="136" pin=1"/></net>

<net id="143"><net_src comp="28" pin="0"/><net_sink comp="136" pin=2"/></net>

<net id="149"><net_src comp="34" pin="0"/><net_sink comp="144" pin=0"/></net>

<net id="150"><net_src comp="100" pin="2"/><net_sink comp="144" pin=1"/></net>

<net id="151"><net_src comp="36" pin="0"/><net_sink comp="144" pin=2"/></net>

<net id="155"><net_src comp="144" pin="3"/><net_sink comp="152" pin=0"/></net>

<net id="160"><net_src comp="136" pin="3"/><net_sink comp="156" pin=0"/></net>

<net id="161"><net_src comp="152" pin="1"/><net_sink comp="156" pin=1"/></net>

<net id="167"><net_src comp="30" pin="0"/><net_sink comp="162" pin=0"/></net>

<net id="168"><net_src comp="100" pin="2"/><net_sink comp="162" pin=1"/></net>

<net id="169"><net_src comp="32" pin="0"/><net_sink comp="162" pin=2"/></net>

<net id="173"><net_src comp="162" pin="3"/><net_sink comp="170" pin=0"/></net>

<net id="178"><net_src comp="38" pin="0"/><net_sink comp="174" pin=0"/></net>

<net id="179"><net_src comp="170" pin="1"/><net_sink comp="174" pin=1"/></net>

<net id="183"><net_src comp="174" pin="2"/><net_sink comp="180" pin=0"/></net>

<net id="189"><net_src comp="40" pin="0"/><net_sink comp="184" pin=0"/></net>

<net id="190"><net_src comp="100" pin="2"/><net_sink comp="184" pin=1"/></net>

<net id="191"><net_src comp="42" pin="0"/><net_sink comp="184" pin=2"/></net>

<net id="195"><net_src comp="184" pin="3"/><net_sink comp="192" pin=0"/></net>

<net id="200"><net_src comp="44" pin="0"/><net_sink comp="196" pin=0"/></net>

<net id="201"><net_src comp="192" pin="1"/><net_sink comp="196" pin=1"/></net>

<net id="205"><net_src comp="196" pin="2"/><net_sink comp="202" pin=0"/></net>

<net id="211"><net_src comp="46" pin="0"/><net_sink comp="206" pin=0"/></net>

<net id="212"><net_src comp="94" pin="2"/><net_sink comp="206" pin=1"/></net>

<net id="213"><net_src comp="48" pin="0"/><net_sink comp="206" pin=2"/></net>

<net id="217"><net_src comp="206" pin="3"/><net_sink comp="214" pin=0"/></net>

<net id="222"><net_src comp="50" pin="0"/><net_sink comp="218" pin=0"/></net>

<net id="223"><net_src comp="214" pin="1"/><net_sink comp="218" pin=1"/></net>

<net id="227"><net_src comp="218" pin="2"/><net_sink comp="224" pin=0"/></net>

<net id="233"><net_src comp="52" pin="0"/><net_sink comp="228" pin=0"/></net>

<net id="234"><net_src comp="94" pin="2"/><net_sink comp="228" pin=1"/></net>

<net id="235"><net_src comp="54" pin="0"/><net_sink comp="228" pin=2"/></net>

<net id="241"><net_src comp="56" pin="0"/><net_sink comp="236" pin=0"/></net>

<net id="242"><net_src comp="94" pin="2"/><net_sink comp="236" pin=1"/></net>

<net id="243"><net_src comp="58" pin="0"/><net_sink comp="236" pin=2"/></net>

<net id="247"><net_src comp="236" pin="3"/><net_sink comp="244" pin=0"/></net>

<net id="252"><net_src comp="228" pin="3"/><net_sink comp="248" pin=0"/></net>

<net id="253"><net_src comp="244" pin="1"/><net_sink comp="248" pin=1"/></net>

<net id="259"><net_src comp="30" pin="0"/><net_sink comp="254" pin=0"/></net>

<net id="260"><net_src comp="94" pin="2"/><net_sink comp="254" pin=1"/></net>

<net id="261"><net_src comp="32" pin="0"/><net_sink comp="254" pin=2"/></net>

<net id="265"><net_src comp="254" pin="3"/><net_sink comp="262" pin=0"/></net>

<net id="270"><net_src comp="38" pin="0"/><net_sink comp="266" pin=0"/></net>

<net id="271"><net_src comp="262" pin="1"/><net_sink comp="266" pin=1"/></net>

<net id="275"><net_src comp="266" pin="2"/><net_sink comp="272" pin=0"/></net>

<net id="279"><net_src comp="88" pin="2"/><net_sink comp="276" pin=0"/></net>

<net id="285"><net_src comp="52" pin="0"/><net_sink comp="280" pin=0"/></net>

<net id="286"><net_src comp="88" pin="2"/><net_sink comp="280" pin=1"/></net>

<net id="287"><net_src comp="54" pin="0"/><net_sink comp="280" pin=2"/></net>

<net id="291"><net_src comp="280" pin="3"/><net_sink comp="288" pin=0"/></net>

<net id="296"><net_src comp="60" pin="0"/><net_sink comp="292" pin=0"/></net>

<net id="297"><net_src comp="288" pin="1"/><net_sink comp="292" pin=1"/></net>

<net id="301"><net_src comp="292" pin="2"/><net_sink comp="298" pin=0"/></net>

<net id="307"><net_src comp="56" pin="0"/><net_sink comp="302" pin=0"/></net>

<net id="308"><net_src comp="88" pin="2"/><net_sink comp="302" pin=1"/></net>

<net id="309"><net_src comp="58" pin="0"/><net_sink comp="302" pin=2"/></net>

<net id="314"><net_src comp="302" pin="3"/><net_sink comp="310" pin=0"/></net>

<net id="315"><net_src comp="276" pin="1"/><net_sink comp="310" pin=1"/></net>

<net id="320"><net_src comp="132" pin="1"/><net_sink comp="316" pin=0"/></net>

<net id="321"><net_src comp="62" pin="0"/><net_sink comp="316" pin=1"/></net>

<net id="325"><net_src comp="316" pin="2"/><net_sink comp="322" pin=0"/></net>

<net id="330"><net_src comp="64" pin="0"/><net_sink comp="326" pin=0"/></net>

<net id="331"><net_src comp="120" pin="1"/><net_sink comp="326" pin=1"/></net>

<net id="335"><net_src comp="156" pin="2"/><net_sink comp="332" pin=0"/></net>

<net id="340"><net_src comp="332" pin="1"/><net_sink comp="336" pin=0"/></net>

<net id="341"><net_src comp="120" pin="1"/><net_sink comp="336" pin=1"/></net>

<net id="345"><net_src comp="336" pin="2"/><net_sink comp="342" pin=0"/></net>

<net id="350"><net_src comp="180" pin="1"/><net_sink comp="346" pin=0"/></net>

<net id="351"><net_src comp="66" pin="0"/><net_sink comp="346" pin=1"/></net>

<net id="355"><net_src comp="346" pin="2"/><net_sink comp="352" pin=0"/></net>

<net id="360"><net_src comp="224" pin="1"/><net_sink comp="356" pin=0"/></net>

<net id="361"><net_src comp="342" pin="1"/><net_sink comp="356" pin=1"/></net>

<net id="365"><net_src comp="248" pin="2"/><net_sink comp="362" pin=0"/></net>

<net id="370"><net_src comp="362" pin="1"/><net_sink comp="366" pin=0"/></net>

<net id="371"><net_src comp="352" pin="1"/><net_sink comp="366" pin=1"/></net>

<net id="376"><net_src comp="322" pin="1"/><net_sink comp="372" pin=0"/></net>

<net id="377"><net_src comp="272" pin="1"/><net_sink comp="372" pin=1"/></net>

<net id="381"><net_src comp="372" pin="2"/><net_sink comp="378" pin=0"/></net>

<net id="386"><net_src comp="298" pin="1"/><net_sink comp="382" pin=0"/></net>

<net id="387"><net_src comp="378" pin="1"/><net_sink comp="382" pin=1"/></net>

<net id="391"><net_src comp="310" pin="2"/><net_sink comp="388" pin=0"/></net>

<net id="396"><net_src comp="326" pin="2"/><net_sink comp="392" pin=0"/></net>

<net id="397"><net_src comp="388" pin="1"/><net_sink comp="392" pin=1"/></net>

<net id="401"><net_src comp="392" pin="2"/><net_sink comp="398" pin=0"/></net>

<net id="406"><net_src comp="398" pin="1"/><net_sink comp="402" pin=0"/></net>

<net id="407"><net_src comp="202" pin="1"/><net_sink comp="402" pin=1"/></net>

<net id="414"><net_src comp="68" pin="0"/><net_sink comp="408" pin=0"/></net>

<net id="415"><net_src comp="356" pin="2"/><net_sink comp="408" pin=1"/></net>

<net id="416"><net_src comp="70" pin="0"/><net_sink comp="408" pin=2"/></net>

<net id="417"><net_src comp="72" pin="0"/><net_sink comp="408" pin=3"/></net>

<net id="421"><net_src comp="408" pin="4"/><net_sink comp="418" pin=0"/></net>

<net id="428"><net_src comp="74" pin="0"/><net_sink comp="422" pin=0"/></net>

<net id="429"><net_src comp="366" pin="2"/><net_sink comp="422" pin=1"/></net>

<net id="430"><net_src comp="70" pin="0"/><net_sink comp="422" pin=2"/></net>

<net id="431"><net_src comp="76" pin="0"/><net_sink comp="422" pin=3"/></net>

<net id="435"><net_src comp="422" pin="4"/><net_sink comp="432" pin=0"/></net>

<net id="442"><net_src comp="78" pin="0"/><net_sink comp="436" pin=0"/></net>

<net id="443"><net_src comp="382" pin="2"/><net_sink comp="436" pin=1"/></net>

<net id="444"><net_src comp="70" pin="0"/><net_sink comp="436" pin=2"/></net>

<net id="445"><net_src comp="80" pin="0"/><net_sink comp="436" pin=3"/></net>

<net id="449"><net_src comp="436" pin="4"/><net_sink comp="446" pin=0"/></net>

<net id="456"><net_src comp="82" pin="0"/><net_sink comp="450" pin=0"/></net>

<net id="457"><net_src comp="402" pin="2"/><net_sink comp="450" pin=1"/></net>

<net id="458"><net_src comp="70" pin="0"/><net_sink comp="450" pin=2"/></net>

<net id="459"><net_src comp="84" pin="0"/><net_sink comp="450" pin=3"/></net>

<net id="464"><net_src comp="86" pin="0"/><net_sink comp="460" pin=0"/></net>

<net id="465"><net_src comp="418" pin="1"/><net_sink comp="460" pin=1"/></net>

<net id="470"><net_src comp="460" pin="2"/><net_sink comp="466" pin=0"/></net>

<net id="471"><net_src comp="432" pin="1"/><net_sink comp="466" pin=1"/></net>

<net id="476"><net_src comp="466" pin="2"/><net_sink comp="472" pin=0"/></net>

<net id="477"><net_src comp="446" pin="1"/><net_sink comp="472" pin=1"/></net>

<net id="482"><net_src comp="472" pin="2"/><net_sink comp="478" pin=0"/></net>

<net id="483"><net_src comp="450" pin="4"/><net_sink comp="478" pin=1"/></net>

</net_list>

</model> 
---------------- Datapath Model END ------------------

* FSMD analyzer results:
  - Output states:
 - Input state : 
	Port: dense_latency<ap_ufixed<8, 6, 0, 3, 0>, ap_fixed<13, 9, 5, 3, 0>, config12> : data_7_val | {1 }
	Port: dense_latency<ap_ufixed<8, 6, 0, 3, 0>, ap_fixed<13, 9, 5, 3, 0>, config12> : data_26_val | {1 }
	Port: dense_latency<ap_ufixed<8, 6, 0, 3, 0>, ap_fixed<13, 9, 5, 3, 0>, config12> : data_27_val | {1 }
	Port: dense_latency<ap_ufixed<8, 6, 0, 3, 0>, ap_fixed<13, 9, 5, 3, 0>, config12> : data_28_val | {1 }
  - Chain level:
	State 1
		zext_ln73 : 1
		zext_ln17 : 1
		zext_ln73_81 : 1
		sub_ln73 : 2
		zext_ln73_82 : 1
		mult_46 : 2
		sext_ln17 : 3
		zext_ln73_83 : 1
		mult_47 : 2
		sext_ln42 : 3
		zext_ln73_84 : 1
		mult_48 : 2
		sext_ln17_41 : 3
		zext_ln73_85 : 1
		sub_ln73_57 : 2
		zext_ln73_86 : 1
		mult_49 : 2
		sext_ln17_42 : 3
		zext_ln73_87 : 1
		mult_50 : 2
		sext_ln17_43 : 3
		sub_ln73_60 : 1
		add_ln58 : 2
		zext_ln58 : 3
		sub_ln58 : 2
		zext_ln58_39 : 3
		sub_ln58_20 : 4
		sext_ln58_44 : 5
		add_ln58_89 : 4
		sext_ln58_45 : 5
		x : 6
		zext_ln58_40 : 3
		x_14 : 6
		add_ln58_92 : 4
		sext_ln58_48 : 5
		x_15 : 6
		zext_ln58_41 : 2
		add_ln58_94 : 3
		sext_ln58 : 4
		x_16 : 5
		trunc_ln : 7
		sext_ln111 : 8
		trunc_ln111_s : 7
		sext_ln111_10 : 8
		trunc_ln111_4 : 7
		sext_ln111_11 : 8
		trunc_ln111_5 : 6
		newret : 9
		newret2 : 10
		newret4 : 11
		newret6 : 12
		ret_ln111 : 13


============================================================
+ Verbose Summary: Datapath Resource usage 
============================================================

* Functional unit list:
|----------|------------------------------|---------|---------|
| Operation|        Functional Unit       |    FF   |   LUT   |
|----------|------------------------------|---------|---------|
|          |        sub_ln73_fu_156       |    0    |    20   |
|          |        mult_46_fu_174        |    0    |    18   |
|          |        mult_47_fu_196        |    0    |    23   |
|          |        mult_48_fu_218        |    0    |    22   |
|    sub   |      sub_ln73_57_fu_248      |    0    |    21   |
|          |        mult_49_fu_266        |    0    |    18   |
|          |        mult_50_fu_292        |    0    |    21   |
|          |      sub_ln73_60_fu_310      |    0    |    19   |
|          |        sub_ln58_fu_326       |    0    |    17   |
|          |      sub_ln58_20_fu_336      |    0    |    20   |
|----------|------------------------------|---------|---------|
|          |        add_ln58_fu_316       |    0    |    18   |
|          |      add_ln58_89_fu_346      |    0    |    19   |
|          |           x_fu_356           |    0    |    23   |
|    add   |          x_14_fu_366         |    0    |    21   |
|          |      add_ln58_92_fu_372      |    0    |    19   |
|          |          x_15_fu_382         |    0    |    22   |
|          |      add_ln58_94_fu_392      |    0    |    16   |
|          |          x_16_fu_402         |    0    |    24   |
|----------|------------------------------|---------|---------|
|          |  data_28_val_read_read_fu_88 |    0    |    0    |
|   read   |  data_27_val_read_read_fu_94 |    0    |    0    |
|          | data_26_val_read_read_fu_100 |    0    |    0    |
|          |  data_7_val_read_read_fu_106 |    0    |    0    |
|----------|------------------------------|---------|---------|
|          |          tmp_fu_112          |    0    |    0    |
|          |          mult_fu_124         |    0    |    0    |
|          |        p_shl12_fu_136        |    0    |    0    |
|          |        tmp_478_fu_144        |    0    |    0    |
|          |        tmp_479_fu_162        |    0    |    0    |
|bitconcatenate|        tmp_480_fu_184        |    0    |    0    |
|          |        tmp_481_fu_206        |    0    |    0    |
|          |         p_shl7_fu_228        |    0    |    0    |
|          |        tmp_482_fu_236        |    0    |    0    |
|          |        tmp_483_fu_254        |    0    |    0    |
|          |        tmp_484_fu_280        |    0    |    0    |
|          |         p_shl_fu_302         |    0    |    0    |
|----------|------------------------------|---------|---------|
|          |       zext_ln73_fu_120       |    0    |    0    |
|          |       zext_ln17_fu_132       |    0    |    0    |
|          |      zext_ln73_81_fu_152     |    0    |    0    |
|          |      zext_ln73_82_fu_170     |    0    |    0    |
|          |      zext_ln73_83_fu_192     |    0    |    0    |
|          |      zext_ln73_84_fu_214     |    0    |    0    |
|   zext   |      zext_ln73_85_fu_244     |    0    |    0    |
|          |      zext_ln73_86_fu_262     |    0    |    0    |
|          |      zext_ln73_30_fu_276     |    0    |    0    |
|          |      zext_ln73_87_fu_288     |    0    |    0    |
|          |       zext_ln58_fu_322       |    0    |    0    |
|          |      zext_ln58_39_fu_332     |    0    |    0    |
|          |      zext_ln58_40_fu_362     |    0    |    0    |
|          |      zext_ln58_41_fu_388     |    0    |    0    |
|----------|------------------------------|---------|---------|
|          |       sext_ln17_fu_180       |    0    |    0    |
|          |       sext_ln42_fu_202       |    0    |    0    |
|          |      sext_ln17_41_fu_224     |    0    |    0    |
|          |      sext_ln17_42_fu_272     |    0    |    0    |
|          |      sext_ln17_43_fu_298     |    0    |    0    |
|   sext   |      sext_ln58_44_fu_342     |    0    |    0    |
|          |      sext_ln58_45_fu_352     |    0    |    0    |
|          |      sext_ln58_48_fu_378     |    0    |    0    |
|          |       sext_ln58_fu_398       |    0    |    0    |
|          |       sext_ln111_fu_418      |    0    |    0    |
|          |     sext_ln111_10_fu_432     |    0    |    0    |
|          |     sext_ln111_11_fu_446     |    0    |    0    |
|----------|------------------------------|---------|---------|
|          |        trunc_ln_fu_408       |    0    |    0    |
|partselect|     trunc_ln111_s_fu_422     |    0    |    0    |
|          |     trunc_ln111_4_fu_436     |    0    |    0    |
|          |     trunc_ln111_5_fu_450     |    0    |    0    |
|----------|------------------------------|---------|---------|
|          |         newret_fu_460        |    0    |    0    |
|insertvalue|        newret2_fu_466        |    0    |    0    |
|          |        newret4_fu_472        |    0    |    0    |
|          |        newret6_fu_478        |    0    |    0    |
|----------|------------------------------|---------|---------|
|   Total  |                              |    0    |   361   |
|----------|------------------------------|---------|---------|

Memories:
N/A

* Register list:
N/A

* Multiplexer (MUX) list: 
|--------|------|------|------|--------|
|  Comp  |  Pin | Size |  BW  | S x BW |
|--------|------|------|------|--------|
|  Total |      |      |      |    0   |
|--------|------|------|------|--------|



* Summary:
+-----------+--------+--------+
|           |   FF   |   LUT  |
+-----------+--------+--------+
|  Function |    0   |   361  |
|   Memory  |    -   |    -   |
|Multiplexer|    -   |    -   |
|  Register |    -   |    -   |
+-----------+--------+--------+
|   Total   |    0   |   361  |
+-----------+--------+--------+
