

================================================================
== Vitis HLS Report for 'load_input_float_array_ap_fixed_11_7_0_3_0_60u_s'
================================================================
* Date:           Thu May  7 15:45:04 2026

* Version:        2025.2 (Build 6295257 on Nov 14 2025)
* Project:        vitis_unified_project
* Solution:       hls (Vivado IP Flow Target)
* Product family: zynquplus
* Target device:  xck26-sfvc784-2LV-c


================================================================
== Performance Estimates
================================================================
+ Timing: 
    * Summary: 
    +--------+---------+----------+------------+
    |  Clock |  Target | Estimated| Uncertainty|
    +--------+---------+----------+------------+
    |ap_clk  |  5.00 ns|  4.375 ns|     0.62 ns|
    +--------+---------+----------+------------+

+ Latency: 
    * Summary: 
    +---------+---------+----------+----------+-----+-----+---------+
    |  Latency (cycles) |  Latency (absolute) |  Interval | Pipeline|
    |   min   |   max   |    min   |    max   | min | max |   Type  |
    +---------+---------+----------+----------+-----+-----+---------+
    |        ?|        ?|         ?|         ?|    ?|    ?|       no|
    +---------+---------+----------+----------+-----+-----+---------+

    + Detail: 
        * Instance: 
        N/A

        * Loop: 
        N/A

============================================================
+ Verbose Summary: Synthesis Manager
============================================================
InlineROM: 1
ExposeGlobal: 0
============================================================
+ Verbose Summary: CDFG Model
============================================================
IsTopModel: 0
ResetActiveHigh: 1
IsCombinational: 2
IsDatapathOnly: 0
HasWiredReturn: 1
HasMFsm: 0
HasVarLatency: 1
IsPipeline: 0
IsRtlPipelined: 0
IsInstanceOverlapped: 0
IsDontTouch: 0
HasImplIP: 0
IsGatedGlobalClock: 0


============================================================
+ Verbose Summary: Schedule
============================================================
* Number of FSM states : 11
* Pipeline : 0
* Dataflow Pipeline: 0

* FSM state transitions: 
1 --> 2 
2 --> 3 
3 --> 4 
4 --> 5 
5 --> 6 
6 --> 7 
7 --> 8 
8 --> 9 
9 --> 10 
10 --> 11 
11 --> 

* FSM state operations: 

State 1 <SV = 0> <Delay = 1.83>
ST_1 : Operation 12 [1/1] (0.00ns)   --->   "%batch_size_read = read i32 @_ssdm_op_Read.ap_auto.i32, i32 %batch_size" [firmware/myproject_axi_master.cpp:10]   --->   Operation 12 'read' 'batch_size_read' <Predicate = true> <Delay = 0.00>
ST_1 : Operation 13 [1/1] ( I:1.83ns O:1.83ns )   --->   "%write_ln10 = write void @_ssdm_op_Write.ap_fifo.i32P0A, i32 %batch_size_c1, i32 %batch_size_read" [firmware/myproject_axi_master.cpp:10]   --->   Operation 13 'write' 'write_ln10' <Predicate = true> <Delay = 1.83> <CoreInst = "FIFO_SRL">   --->   Core 80 'FIFO_SRL' <Latency = 0> <II = 1> <Delay = 1.83> <Storage> <Opcode : 'read' 'write' 'nbread' 'nbwrite'> <Ports = 0> <Width = 32> <Depth = 2> <FIFO>
ST_1 : Operation 14 [1/1] (1.01ns)   --->   "%icmp_ln13 = icmp_sgt  i32 %batch_size_read, i32 0" [firmware/myproject_axi_master.cpp:13]   --->   Operation 14 'icmp' 'icmp_ln13' <Predicate = true> <Delay = 1.01> <CoreInst = "Cmp">   --->   Core 9 'Cmp' <Latency = 0> <II = 1> <Delay = 1.01> <FuncUnit> <Opcode : 'seteq' 'setne' 'setle' 'setge' 'setlt' 'setgt'> <InPorts = 2> <OutPorts = 1>
ST_1 : Operation 15 [1/1] (0.00ns)   --->   "%trunc_ln13 = trunc i32 %batch_size_read" [firmware/myproject_axi_master.cpp:13]   --->   Operation 15 'trunc' 'trunc_ln13' <Predicate = true> <Delay = 0.00>
ST_1 : Operation 16 [1/1] (0.00ns)   --->   "%p_shl = bitconcatenate i37 @_ssdm_op_BitConcatenate.i37.i31.i6, i31 %trunc_ln13, i6 0" [firmware/myproject_axi_master.cpp:13]   --->   Operation 16 'bitconcatenate' 'p_shl' <Predicate = true> <Delay = 0.00>
ST_1 : Operation 17 [1/1] (0.00ns)   --->   "%tmp = bitconcatenate i34 @_ssdm_op_BitConcatenate.i34.i32.i2, i32 %batch_size_read, i2 0" [firmware/myproject_axi_master.cpp:13]   --->   Operation 17 'bitconcatenate' 'tmp' <Predicate = true> <Delay = 0.00>
ST_1 : Operation 18 [1/1] (0.00ns)   --->   "%zext_ln13 = zext i34 %tmp" [firmware/myproject_axi_master.cpp:13]   --->   Operation 18 'zext' 'zext_ln13' <Predicate = true> <Delay = 0.00>
ST_1 : Operation 19 [1/1] (1.02ns)   --->   "%sub_ln13 = sub i37 %p_shl, i37 %zext_ln13" [firmware/myproject_axi_master.cpp:13]   --->   Operation 19 'sub' 'sub_ln13' <Predicate = true> <Delay = 1.02> <CoreInst = "Adder">   --->   Core 1 'Adder' <Latency = 0> <II = 1> <Delay = 1.02> <FuncUnit> <Opcode : 'add' 'sub'> <InPorts = 2> <OutPorts = 1>
ST_1 : Operation 20 [1/1] (0.36ns)   --->   "%empty = select i1 %icmp_ln13, i37 %sub_ln13, i37 0" [firmware/myproject_axi_master.cpp:13]   --->   Operation 20 'select' 'empty' <Predicate = true> <Delay = 0.36> <CoreInst = "Sel">   --->   Core 73 'Sel' <Latency = 0> <II = 1> <Delay = 0.36> <FuncUnit> <Opcode : 'select'> <InPorts = 3> <OutPorts = 1>

State 2 <SV = 1> <Delay = 4.37>
ST_2 : Operation 21 [1/1] (0.00ns)   --->   "%in_read = read i64 @_ssdm_op_Read.ap_auto.i64, i64 %in_r" [firmware/myproject_axi_master.cpp:10]   --->   Operation 21 'read' 'in_read' <Predicate = true> <Delay = 0.00>
ST_2 : Operation 22 [1/1] (0.00ns)   --->   "%trunc_ln = partselect i62 @_ssdm_op_PartSelect.i62.i64.i32.i32, i64 %in_read, i32 2, i32 63" [firmware/myproject_axi_master.cpp:13]   --->   Operation 22 'partselect' 'trunc_ln' <Predicate = true> <Delay = 0.00>
ST_2 : Operation 23 [1/1] (0.00ns)   --->   "%sext_ln13 = sext i62 %trunc_ln" [firmware/myproject_axi_master.cpp:13]   --->   Operation 23 'sext' 'sext_ln13' <Predicate = true> <Delay = 0.00>
ST_2 : Operation 24 [1/1] (0.00ns)   --->   "%gmem_in0_addr = getelementptr i32 %gmem_in0, i64 %sext_ln13" [firmware/myproject_axi_master.cpp:13]   --->   Operation 24 'getelementptr' 'gmem_in0_addr' <Predicate = true> <Delay = 0.00>
ST_2 : Operation 25 [1/1] (0.00ns)   --->   "%zext_ln13_1 = zext i37 %empty" [firmware/myproject_axi_master.cpp:13]   --->   Operation 25 'zext' 'zext_ln13_1' <Predicate = true> <Delay = 0.00>
ST_2 : Operation 26 [8/8] (4.37ns)   --->   "%empty_90 = readreq i1 @_ssdm_op_ReadReq.m_axi.p1i32, i32 %gmem_in0_addr, i64 %zext_ln13_1" [firmware/myproject_axi_master.cpp:13]   --->   Operation 26 'readreq' 'empty_90' <Predicate = true> <Delay = 4.37> <CoreInst = "m_axi">   --->   Core 119 'm_axi' <Latency = 6> <II = 1> <Delay = 1.00> <Adapter> <Opcode : 'readrequnaligned' 'writerequnaligned' 'read' 'write' 'readreq' 'writereq' 'writeresp'>

State 3 <SV = 2> <Delay = 0.00>
ST_3 : Operation 27 [7/8] (4.37ns)   --->   "%empty_90 = readreq i1 @_ssdm_op_ReadReq.m_axi.p1i32, i32 %gmem_in0_addr, i64 %zext_ln13_1" [firmware/myproject_axi_master.cpp:13]   --->   Operation 27 'readreq' 'empty_90' <Predicate = true> <Delay = 4.37> <CoreInst = "m_axi">   --->   Core 119 'm_axi' <Latency = 6> <II = 1> <Delay = 1.00> <Adapter> <Opcode : 'readrequnaligned' 'writerequnaligned' 'read' 'write' 'readreq' 'writereq' 'writeresp'>

State 4 <SV = 3> <Delay = 0.00>
ST_4 : Operation 28 [6/8] (4.37ns)   --->   "%empty_90 = readreq i1 @_ssdm_op_ReadReq.m_axi.p1i32, i32 %gmem_in0_addr, i64 %zext_ln13_1" [firmware/myproject_axi_master.cpp:13]   --->   Operation 28 'readreq' 'empty_90' <Predicate = true> <Delay = 4.37> <CoreInst = "m_axi">   --->   Core 119 'm_axi' <Latency = 6> <II = 1> <Delay = 1.00> <Adapter> <Opcode : 'readrequnaligned' 'writerequnaligned' 'read' 'write' 'readreq' 'writereq' 'writeresp'>

State 5 <SV = 4> <Delay = 0.00>
ST_5 : Operation 29 [5/8] (4.37ns)   --->   "%empty_90 = readreq i1 @_ssdm_op_ReadReq.m_axi.p1i32, i32 %gmem_in0_addr, i64 %zext_ln13_1" [firmware/myproject_axi_master.cpp:13]   --->   Operation 29 'readreq' 'empty_90' <Predicate = true> <Delay = 4.37> <CoreInst = "m_axi">   --->   Core 119 'm_axi' <Latency = 6> <II = 1> <Delay = 1.00> <Adapter> <Opcode : 'readrequnaligned' 'writerequnaligned' 'read' 'write' 'readreq' 'writereq' 'writeresp'>

State 6 <SV = 5> <Delay = 0.00>
ST_6 : Operation 30 [4/8] (4.37ns)   --->   "%empty_90 = readreq i1 @_ssdm_op_ReadReq.m_axi.p1i32, i32 %gmem_in0_addr, i64 %zext_ln13_1" [firmware/myproject_axi_master.cpp:13]   --->   Operation 30 'readreq' 'empty_90' <Predicate = true> <Delay = 4.37> <CoreInst = "m_axi">   --->   Core 119 'm_axi' <Latency = 6> <II = 1> <Delay = 1.00> <Adapter> <Opcode : 'readrequnaligned' 'writerequnaligned' 'read' 'write' 'readreq' 'writereq' 'writeresp'>

State 7 <SV = 6> <Delay = 0.00>
ST_7 : Operation 31 [3/8] (4.37ns)   --->   "%empty_90 = readreq i1 @_ssdm_op_ReadReq.m_axi.p1i32, i32 %gmem_in0_addr, i64 %zext_ln13_1" [firmware/myproject_axi_master.cpp:13]   --->   Operation 31 'readreq' 'empty_90' <Predicate = true> <Delay = 4.37> <CoreInst = "m_axi">   --->   Core 119 'm_axi' <Latency = 6> <II = 1> <Delay = 1.00> <Adapter> <Opcode : 'readrequnaligned' 'writerequnaligned' 'read' 'write' 'readreq' 'writereq' 'writeresp'>

State 8 <SV = 7> <Delay = 0.00>
ST_8 : Operation 32 [2/8] (4.37ns)   --->   "%empty_90 = readreq i1 @_ssdm_op_ReadReq.m_axi.p1i32, i32 %gmem_in0_addr, i64 %zext_ln13_1" [firmware/myproject_axi_master.cpp:13]   --->   Operation 32 'readreq' 'empty_90' <Predicate = true> <Delay = 4.37> <CoreInst = "m_axi">   --->   Core 119 'm_axi' <Latency = 6> <II = 1> <Delay = 1.00> <Adapter> <Opcode : 'readrequnaligned' 'writerequnaligned' 'read' 'write' 'readreq' 'writereq' 'writeresp'>

State 9 <SV = 8> <Delay = 4.37>
ST_9 : Operation 33 [1/8] ( I:4.37ns O:4.37ns )   --->   "%empty_90 = readreq i1 @_ssdm_op_ReadReq.m_axi.p1i32, i32 %gmem_in0_addr, i64 %zext_ln13_1" [firmware/myproject_axi_master.cpp:13]   --->   Operation 33 'readreq' 'empty_90' <Predicate = true> <Delay = 4.37> <CoreInst = "m_axi">   --->   Core 119 'm_axi' <Latency = 6> <II = 1> <Delay = 1.00> <Adapter> <Opcode : 'readrequnaligned' 'writerequnaligned' 'read' 'write' 'readreq' 'writereq' 'writeresp'>

State 10 <SV = 9> <Delay = 1.44>
ST_10 : Operation 34 [2/2] (1.44ns)   --->   "%call_ln10 = call void @load_input<float,array<ap_fixed,60u>>_Pipeline_VITIS_LOOP_13_1, i32 %batch_size_read, i32 %gmem_in0, i62 %trunc_ln, i960 %stream_in0_input_layer" [firmware/myproject_axi_master.cpp:10]   --->   Operation 34 'call' 'call_ln10' <Predicate = true> <Delay = 1.44> <CoreType = "Generic">   --->   Generic Core

State 11 <SV = 10> <Delay = 0.00>
ST_11 : Operation 35 [1/1] (0.00ns)   --->   "%specinterface_ln0 = specinterface void @_ssdm_op_SpecInterface, i32 %batch_size_c1, void @ap_fifo_str, i32 0, i32 0, void @p_str, i32 0, i32 0, void @p_str, void @p_str, void @p_str, i32 2, i32 2, i32 16, i32 16, void @p_str, void @ScalarProp_str, i32 4294967295, i32 0, i32 0, i32 0"   --->   Operation 35 'specinterface' 'specinterface_ln0' <Predicate = true> <Delay = 0.00>
ST_11 : Operation 36 [1/1] (0.00ns)   --->   "%specinterface_ln0 = specinterface void @_ssdm_op_SpecInterface, i960 %stream_in0_input_layer, void @empty_0, i32 0, i32 0, void @empty_13, i32 0, i32 0, void @empty_13, void @empty_13, void @empty_13, i32 0, i32 0, i32 0, i32 0, void @empty_13, void @empty_13, i32 4294967295, i32 0, i32 0, i32 0"   --->   Operation 36 'specinterface' 'specinterface_ln0' <Predicate = true> <Delay = 0.00>
ST_11 : Operation 37 [1/1] (0.00ns)   --->   "%specinterface_ln0 = specinterface void @_ssdm_op_SpecInterface, i960 %stream_in0_input_layer, void @empty_0, i32 0, i32 0, void @empty_13, i32 0, i32 0, void @empty_13, void @empty_13, void @empty_13, i32 0, i32 0, i32 0, i32 0, void @empty_13, void @empty_13, i32 4294967295, i32 0, i32 0, i32 0"   --->   Operation 37 'specinterface' 'specinterface_ln0' <Predicate = true> <Delay = 0.00>
ST_11 : Operation 38 [1/1] (0.00ns)   --->   "%specinterface_ln0 = specinterface void @_ssdm_op_SpecInterface, i960 %stream_in0_input_layer, void @empty_0, i32 0, i32 0, void @empty_13, i32 0, i32 0, void @empty_13, void @empty_13, void @empty_13, i32 0, i32 0, i32 0, i32 0, void @empty_13, void @empty_13, i32 4294967295, i32 0, i32 0, i32 0"   --->   Operation 38 'specinterface' 'specinterface_ln0' <Predicate = true> <Delay = 0.00>
ST_11 : Operation 39 [1/1] (0.00ns)   --->   "%specinterface_ln0 = specinterface void @_ssdm_op_SpecInterface, i960 %stream_in0_input_layer, void @empty_0, i32 0, i32 0, void @empty_13, i32 0, i32 0, void @empty_13, void @empty_13, void @empty_13, i32 0, i32 0, i32 0, i32 0, void @empty_13, void @empty_13, i32 4294967295, i32 0, i32 0, i32 0"   --->   Operation 39 'specinterface' 'specinterface_ln0' <Predicate = true> <Delay = 0.00>
ST_11 : Operation 40 [1/1] (0.00ns)   --->   "%specinterface_ln0 = specinterface void @_ssdm_op_SpecInterface, i32 %gmem_in0, void @empty_14, i32 0, i32 0, void @empty_13, i32 0, i32 60, void @empty_12, void @empty_11, void @empty_13, i32 16, i32 16, i32 16, i32 16, void @empty_13, void @empty_13, i32 4294967295, i32 0, i32 0, i32 4"   --->   Operation 40 'specinterface' 'specinterface_ln0' <Predicate = true> <Delay = 0.00>
ST_11 : Operation 41 [1/2] (0.00ns)   --->   "%call_ln10 = call void @load_input<float,array<ap_fixed,60u>>_Pipeline_VITIS_LOOP_13_1, i32 %batch_size_read, i32 %gmem_in0, i62 %trunc_ln, i960 %stream_in0_input_layer" [firmware/myproject_axi_master.cpp:10]   --->   Operation 41 'call' 'call_ln10' <Predicate = true> <Delay = 0.00> <CoreType = "Generic">   --->   Generic Core
ST_11 : Operation 42 [1/1] (0.00ns)   --->   "%ret_ln0 = ret"   --->   Operation 42 'ret' 'ret_ln0' <Predicate = true> <Delay = 0.00>


============================================================
+ Verbose Summary: Timing violations
============================================================
Target clock period: 5.000ns, clock uncertainty: 0.625ns.

 <State 1>: 1.838ns
The critical path consists of the following:
	wire read operation ('batch_size_read', firmware/myproject_axi_master.cpp:10) on port 'batch_size' (firmware/myproject_axi_master.cpp:10) [7]  (0.000 ns)
	fifo write operation ('write_ln10', firmware/myproject_axi_master.cpp:10) on port 'batch_size_c1' (firmware/myproject_axi_master.cpp:10) [9]  (1.838 ns)

 <State 2>: 4.375ns
The critical path consists of the following:
	wire read operation ('in_read', firmware/myproject_axi_master.cpp:10) on port 'in_r' (firmware/myproject_axi_master.cpp:10) [8]  (0.000 ns)
	'getelementptr' operation 32 bit ('gmem_in0_addr', firmware/myproject_axi_master.cpp:13) [23]  (0.000 ns)
	bus request operation ('empty_90', firmware/myproject_axi_master.cpp:13) on port 'gmem_in0' (firmware/myproject_axi_master.cpp:13) [26]  (0.000 ns)
	blocking operation 4.375 ns on control path)

 <State 3>: 0.000ns
The critical path consists of the following:

 <State 4>: 0.000ns
The critical path consists of the following:

 <State 5>: 0.000ns
The critical path consists of the following:

 <State 6>: 0.000ns
The critical path consists of the following:

 <State 7>: 0.000ns
The critical path consists of the following:

 <State 8>: 0.000ns
The critical path consists of the following:

 <State 9>: 4.375ns
The critical path consists of the following:
	bus request operation ('empty_90', firmware/myproject_axi_master.cpp:13) on port 'gmem_in0' (firmware/myproject_axi_master.cpp:13) [26]  (4.375 ns)

 <State 10>: 1.443ns
The critical path consists of the following:
	'call' operation ('call_ln10', firmware/myproject_axi_master.cpp:10) to 'load_input<float,array<ap_fixed,60u>>_Pipeline_VITIS_LOOP_13_1' [27]  (1.443 ns)

 <State 11>: 0.000ns
The critical path consists of the following:


============================================================
+ Verbose Summary: Binding
============================================================
N/A
* FSMD analyzer results:
  - Output states:
 - Input state : 
  - Chain level:
	State 1
	State 2
	State 3
	State 4
	State 5
	State 6
	State 7
	State 8
	State 9
	State 10
	State 11


============================================================
+ Verbose Summary: Datapath Resource usage 
============================================================
N/A
