

================================================================
== Vitis HLS Report for 'myproject_axi_master'
================================================================
* Date:           Thu May  7 15:45:06 2026

* Version:        2025.2 (Build 6295257 on Nov 14 2025)
* Project:        vitis_unified_project
* Solution:       hls (Vivado IP Flow Target)
* Product family: zynquplus
* Target device:  xck26-sfvc784-2LV-c


================================================================
== Performance Estimates
================================================================
+ Timing: 
    * Summary: 
    +--------+---------+----------+------------+
    |  Clock |  Target | Estimated| Uncertainty|
    +--------+---------+----------+------------+
    |ap_clk  |  5.00 ns|  4.375 ns|     0.62 ns|
    +--------+---------+----------+------------+

+ Latency: 
    * Summary: 
    +---------+---------+----------+----------+-----+-----+----------+
    |  Latency (cycles) |  Latency (absolute) |  Interval | Pipeline |
    |   min   |   max   |    min   |    max   | min | max |   Type   |
    +---------+---------+----------+----------+-----+-----+----------+
    |        ?|        ?|         ?|         ?|    ?|    ?|  dataflow|
    +---------+---------+----------+----------+-----+-----+----------+

    + Detail: 
        * Instance: 
        N/A

        * Loop: 
        N/A

============================================================
+ Verbose Summary: Synthesis Manager
============================================================
InlineROM: 1
ExposeGlobal: 0
============================================================
+ Verbose Summary: CDFG Model
============================================================
IsTopModel: 1
ResetActiveHigh: 1
IsCombinational: 2
IsDatapathOnly: 0
HasWiredReturn: 1
HasMFsm: 0
HasVarLatency: 1
IsPipeline: 0
IsRtlPipelined: 0
IsInstanceOverlapped: 0
IsDontTouch: 0
HasImplIP: 0
IsGatedGlobalClock: 0


============================================================
+ Verbose Summary: Schedule
============================================================
* Number of FSM states : 7
* Pipeline : 0
* Dataflow Pipeline: 1
  DF-Pipeline-0: Size = 7, States = { 1 2 3 4 5 6 7 }

* FSM state transitions: 
1 --> 2 
2 --> 3 
3 --> 4 
4 --> 5 
5 --> 6 
6 --> 7 
7 --> 

* FSM state operations: 

State 1 <SV = 0> <Delay = 2.83>
ST_1 : Operation 8 [1/1] (1.00ns)   --->   "%batch_size_read = read i32 @_ssdm_op_Read.s_axilite.i32, i32 %batch_size" [firmware/myproject_axi_master.cpp:66]   --->   Operation 8 'read' 'batch_size_read' <Predicate = true> <Delay = 1.00> <CoreInst = "s_axilite">   --->   Core 120 's_axilite' <Latency = 0> <II = 1> <Delay = 1.00> <Adapter> <Opcode : 'read' 'write'>
ST_1 : Operation 9 [1/1] (1.00ns)   --->   "%gmem_out0_ptr_layer15_out_read = read i64 @_ssdm_op_Read.s_axilite.i64, i64 %gmem_out0_ptr_layer15_out" [firmware/myproject_axi_master.cpp:66]   --->   Operation 9 'read' 'gmem_out0_ptr_layer15_out_read' <Predicate = true> <Delay = 1.00> <CoreInst = "s_axilite">   --->   Core 120 's_axilite' <Latency = 0> <II = 1> <Delay = 1.00> <Adapter> <Opcode : 'read' 'write'>
ST_1 : Operation 10 [1/1] (1.00ns)   --->   "%gmem_in0_ptr_input_layer_read = read i64 @_ssdm_op_Read.s_axilite.i64, i64 %gmem_in0_ptr_input_layer" [firmware/myproject_axi_master.cpp:66]   --->   Operation 10 'read' 'gmem_in0_ptr_input_layer_read' <Predicate = true> <Delay = 1.00> <CoreInst = "s_axilite">   --->   Core 120 's_axilite' <Latency = 0> <II = 1> <Delay = 1.00> <Adapter> <Opcode : 'read' 'write'>
ST_1 : Operation 11 [1/1] (0.00ns)   --->   "%batch_size_c1 = alloca i64 1" [firmware/myproject_axi_master.cpp:66]   --->   Operation 11 'alloca' 'batch_size_c1' <Predicate = true> <Delay = 0.00> <CoreInst = "FIFO_SRL">   --->   Core 80 'FIFO_SRL' <Latency = 0> <II = 1> <Delay = 1.83> <Storage> <Opcode : 'read' 'write' 'nbread' 'nbwrite'> <Ports = 0> <Width = 32> <Depth = 2> <FIFO>
ST_1 : Operation 12 [1/1] (0.00ns)   --->   "%batch_size_c = alloca i64 1" [firmware/myproject_axi_master.cpp:66]   --->   Operation 12 'alloca' 'batch_size_c' <Predicate = true> <Delay = 0.00> <CoreInst = "FIFO_SRL">   --->   Core 80 'FIFO_SRL' <Latency = 0> <II = 1> <Delay = 1.83> <Storage> <Opcode : 'read' 'write' 'nbread' 'nbwrite'> <Ports = 0> <Width = 32> <Depth = 2> <FIFO>
ST_1 : Operation 13 [1/1] (0.00ns)   --->   "%gmem_out0_ptr_layer15_out_c = alloca i64 1" [firmware/myproject_axi_master.cpp:66]   --->   Operation 13 'alloca' 'gmem_out0_ptr_layer15_out_c' <Predicate = true> <Delay = 0.00> <CoreInst = "FIFO_SRL">   --->   Core 80 'FIFO_SRL' <Latency = 0> <II = 1> <Delay = 1.83> <Storage> <Opcode : 'read' 'write' 'nbread' 'nbwrite'> <Ports = 0> <Width = 64> <Depth = 4> <FIFO>
ST_1 : Operation 14 [1/1] (1.83ns)   --->   "%call_ln66 = call void @entry_proc, i64 %gmem_out0_ptr_layer15_out_read, i64 %gmem_out0_ptr_layer15_out_c" [firmware/myproject_axi_master.cpp:66]   --->   Operation 14 'call' 'call_ln66' <Predicate = true> <Delay = 1.83> <CoreType = "Generic">   --->   Generic Core

State 2 <SV = 1> <Delay = 4.37>
ST_2 : Operation 15 [2/2] (4.37ns)   --->   "%call_ln68 = call void @load_input<float, array<ap_fixed<11, 7, 0, 3, 0>, 60u> >, i32 %gmem_in0, i64 %gmem_in0_ptr_input_layer_read, i32 %batch_size_read, i32 %batch_size_c1, i960 %stream_in0_input_layer" [firmware/myproject_axi_master.cpp:68]   --->   Operation 15 'call' 'call_ln68' <Predicate = true> <Delay = 4.37> <CoreType = "Generic">   --->   Generic Core

State 3 <SV = 2> <Delay = 0.00>
ST_3 : Operation 16 [1/2] (0.00ns)   --->   "%call_ln68 = call void @load_input<float, array<ap_fixed<11, 7, 0, 3, 0>, 60u> >, i32 %gmem_in0, i64 %gmem_in0_ptr_input_layer_read, i32 %batch_size_read, i32 %batch_size_c1, i960 %stream_in0_input_layer" [firmware/myproject_axi_master.cpp:68]   --->   Operation 16 'call' 'call_ln68' <Predicate = true> <Delay = 0.00> <CoreType = "Generic">   --->   Generic Core

State 4 <SV = 3> <Delay = 0.00>
ST_4 : Operation 17 [2/2] (0.00ns)   --->   "%call_ln70 = call void @compute, i32 %batch_size_c1, i32 %batch_size_c, i960 %stream_in0_input_layer, i48 %stream_out0_layer15_out" [firmware/myproject_axi_master.cpp:70]   --->   Operation 17 'call' 'call_ln70' <Predicate = true> <Delay = 0.00> <CoreType = "Generic">   --->   Generic Core

State 5 <SV = 4> <Delay = 1.01>
ST_5 : Operation 18 [1/2] (1.01ns)   --->   "%call_ln70 = call void @compute, i32 %batch_size_c1, i32 %batch_size_c, i960 %stream_in0_input_layer, i48 %stream_out0_layer15_out" [firmware/myproject_axi_master.cpp:70]   --->   Operation 18 'call' 'call_ln70' <Predicate = true> <Delay = 1.01> <CoreType = "Generic">   --->   Generic Core

State 6 <SV = 5> <Delay = 0.00>
ST_6 : Operation 19 [2/2] (0.00ns)   --->   "%call_ln72 = call void @store_result<float, array<ap_fixed<16, 8, 5, 3, 0>, 3u> >, i32 %gmem_out0, i64 %gmem_out0_ptr_layer15_out_c, i32 %batch_size_c, i48 %stream_out0_layer15_out" [firmware/myproject_axi_master.cpp:72]   --->   Operation 19 'call' 'call_ln72' <Predicate = true> <Delay = 0.00> <CoreType = "Generic">   --->   Generic Core

State 7 <SV = 6> <Delay = 0.00>
ST_7 : Operation 20 [1/1] (0.00ns)   --->   "%empty = specchannel i32 @_ssdm_op_SpecChannel, void @batch_size_c1_str, i32 1, void @p_str, void @p_str, i32 2, i32 0, i32 %batch_size_c1, i32 %batch_size_c1" [firmware/myproject_axi_master.cpp:66]   --->   Operation 20 'specchannel' 'empty' <Predicate = true> <Delay = 0.00>
ST_7 : Operation 21 [1/1] (0.00ns)   --->   "%specinterface_ln66 = specinterface void @_ssdm_op_SpecInterface, i32 %batch_size_c1, void @ap_fifo_str, i32 0, i32 0, void @p_str, i32 0, i32 0, void @p_str, void @p_str, void @p_str, i32 2, i32 2, i32 16, i32 16, void @p_str, void @p_str, i32 4294967295, i32 0, i32 0, i32 0" [firmware/myproject_axi_master.cpp:66]   --->   Operation 21 'specinterface' 'specinterface_ln66' <Predicate = true> <Delay = 0.00>
ST_7 : Operation 22 [1/1] (0.00ns)   --->   "%empty_79 = specchannel i32 @_ssdm_op_SpecChannel, void @batch_size_c_str, i32 1, void @p_str, void @p_str, i32 2, i32 0, i32 %batch_size_c, i32 %batch_size_c" [firmware/myproject_axi_master.cpp:66]   --->   Operation 22 'specchannel' 'empty_79' <Predicate = true> <Delay = 0.00>
ST_7 : Operation 23 [1/1] (0.00ns)   --->   "%specinterface_ln66 = specinterface void @_ssdm_op_SpecInterface, i32 %batch_size_c, void @ap_fifo_str, i32 0, i32 0, void @p_str, i32 0, i32 0, void @p_str, void @p_str, void @p_str, i32 2, i32 2, i32 16, i32 16, void @p_str, void @p_str, i32 4294967295, i32 0, i32 0, i32 0" [firmware/myproject_axi_master.cpp:66]   --->   Operation 23 'specinterface' 'specinterface_ln66' <Predicate = true> <Delay = 0.00>
ST_7 : Operation 24 [1/1] (0.00ns)   --->   "%empty_80 = specchannel i32 @_ssdm_op_SpecChannel, void @gmem_out0_ptr_layer15_out_c_str, i32 1, void @p_str, void @p_str, i32 4, i32 0, i64 %gmem_out0_ptr_layer15_out_c, i64 %gmem_out0_ptr_layer15_out_c" [firmware/myproject_axi_master.cpp:66]   --->   Operation 24 'specchannel' 'empty_80' <Predicate = true> <Delay = 0.00>
ST_7 : Operation 25 [1/1] (0.00ns)   --->   "%specinterface_ln66 = specinterface void @_ssdm_op_SpecInterface, i64 %gmem_out0_ptr_layer15_out_c, void @ap_fifo_str, i32 0, i32 0, void @p_str, i32 0, i32 0, void @p_str, void @p_str, void @p_str, i32 2, i32 2, i32 16, i32 16, void @p_str, void @p_str, i32 4294967295, i32 0, i32 0, i32 0" [firmware/myproject_axi_master.cpp:66]   --->   Operation 25 'specinterface' 'specinterface_ln66' <Predicate = true> <Delay = 0.00>
ST_7 : Operation 26 [1/1] (0.00ns)   --->   "%specdataflowpipeline_ln66 = specdataflowpipeline void @_ssdm_op_SpecDataflowPipeline, i32 4294967295, i32 0, void @empty_13" [firmware/myproject_axi_master.cpp:66]   --->   Operation 26 'specdataflowpipeline' 'specdataflowpipeline_ln66' <Predicate = true> <Delay = 0.00>
ST_7 : Operation 27 [1/1] (0.00ns)   --->   "%empty_81 = specchannel i32 @_ssdm_op_SpecChannel, void @stream_in0_input_layer_str, i32 1, void @p_str, void @p_str, i32 128, i32 128, i960 %stream_in0_input_layer, i960 %stream_in0_input_layer"   --->   Operation 27 'specchannel' 'empty_81' <Predicate = true> <Delay = 0.00>
ST_7 : Operation 28 [1/1] (0.00ns)   --->   "%empty_82 = specchannel i32 @_ssdm_op_SpecChannel, void @stream_out0_layer15_out_str, i32 1, void @p_str, void @p_str, i32 128, i32 128, i48 %stream_out0_layer15_out, i48 %stream_out0_layer15_out"   --->   Operation 28 'specchannel' 'empty_82' <Predicate = true> <Delay = 0.00>
ST_7 : Operation 29 [1/1] (0.00ns)   --->   "%spectopmodule_ln47 = spectopmodule void @_ssdm_op_SpecTopModule, void @empty_16" [firmware/myproject_axi_master.cpp:47]   --->   Operation 29 'spectopmodule' 'spectopmodule_ln47' <Predicate = true> <Delay = 0.00>
ST_7 : Operation 30 [1/1] (0.00ns)   --->   "%specinterface_ln0 = specinterface void @_ssdm_op_SpecInterface, i32 %gmem_in0, void @empty_14, i32 0, i32 0, void @empty_13, i32 0, i32 60, void @empty_12, void @empty_11, void @empty_13, i32 16, i32 16, i32 16, i32 16, void @empty_13, void @empty_13, i32 4294967295, i32 0, i32 0, i32 4"   --->   Operation 30 'specinterface' 'specinterface_ln0' <Predicate = true> <Delay = 0.00>
ST_7 : Operation 31 [1/1] (0.00ns)   --->   "%specbitsmap_ln0 = specbitsmap void @_ssdm_op_SpecBitsMap, i32 %gmem_in0"   --->   Operation 31 'specbitsmap' 'specbitsmap_ln0' <Predicate = true> <Delay = 0.00>
ST_7 : Operation 32 [1/1] (0.00ns)   --->   "%specinterface_ln0 = specinterface void @_ssdm_op_SpecInterface, i32 %gmem_out0, void @empty_14, i32 0, i32 0, void @empty_13, i32 0, i32 3, void @empty_10, void @empty_11, void @empty_13, i32 16, i32 16, i32 16, i32 16, void @empty_13, void @empty_13, i32 4294967295, i32 0, i32 0, i32 4"   --->   Operation 32 'specinterface' 'specinterface_ln0' <Predicate = true> <Delay = 0.00>
ST_7 : Operation 33 [1/1] (0.00ns)   --->   "%specbitsmap_ln0 = specbitsmap void @_ssdm_op_SpecBitsMap, i32 %gmem_out0"   --->   Operation 33 'specbitsmap' 'specbitsmap_ln0' <Predicate = true> <Delay = 0.00>
ST_7 : Operation 34 [1/1] (0.00ns)   --->   "%specinterface_ln0 = specinterface void @_ssdm_op_SpecInterface, i64 %gmem_in0_ptr_input_layer, void @empty_9, i32 0, i32 0, void @empty_13, i32 0, i32 0, void @empty, void @empty_8, void @empty_13, i32 0, i32 0, i32 0, i32 0, void @empty_13, void @empty_4, i32 4294967295, i32 0, i32 0, i32 0"   --->   Operation 34 'specinterface' 'specinterface_ln0' <Predicate = true> <Delay = 0.00>
ST_7 : Operation 35 [1/1] (0.00ns)   --->   "%specinterface_ln0 = specinterface void @_ssdm_op_SpecInterface, i64 %gmem_in0_ptr_input_layer, void @empty_3, i32 0, i32 0, void @empty_13, i32 0, i32 0, void @empty_13, void @empty_13, void @empty_13, i32 0, i32 0, i32 0, i32 0, void @empty_13, void @empty_4, i32 4294967295, i32 0, i32 0, i32 0"   --->   Operation 35 'specinterface' 'specinterface_ln0' <Predicate = true> <Delay = 0.00>
ST_7 : Operation 36 [1/1] (0.00ns)   --->   "%specinterface_ln0 = specinterface void @_ssdm_op_SpecInterface, i64 %gmem_out0_ptr_layer15_out, void @empty_9, i32 0, i32 0, void @empty_13, i32 0, i32 0, void @empty, void @empty_2, void @empty_13, i32 0, i32 0, i32 0, i32 0, void @empty_13, void @empty_4, i32 4294967295, i32 0, i32 0, i32 0"   --->   Operation 36 'specinterface' 'specinterface_ln0' <Predicate = true> <Delay = 0.00>
ST_7 : Operation 37 [1/1] (0.00ns)   --->   "%specinterface_ln0 = specinterface void @_ssdm_op_SpecInterface, i64 %gmem_out0_ptr_layer15_out, void @empty_3, i32 0, i32 0, void @empty_13, i32 0, i32 0, void @empty_13, void @empty_13, void @empty_13, i32 0, i32 0, i32 0, i32 0, void @empty_13, void @empty_4, i32 4294967295, i32 0, i32 0, i32 0"   --->   Operation 37 'specinterface' 'specinterface_ln0' <Predicate = true> <Delay = 0.00>
ST_7 : Operation 38 [1/1] (0.00ns)   --->   "%specbitsmap_ln0 = specbitsmap void @_ssdm_op_SpecBitsMap, i32 %batch_size"   --->   Operation 38 'specbitsmap' 'specbitsmap_ln0' <Predicate = true> <Delay = 0.00>
ST_7 : Operation 39 [1/1] (0.00ns)   --->   "%specinterface_ln0 = specinterface void @_ssdm_op_SpecInterface, i32 %batch_size, void @empty_9, i32 4294967295, i32 4294967295, void @empty_13, i32 0, i32 0, void @empty, void @empty_1, void @empty_13, i32 0, i32 0, i32 0, i32 0, void @empty_13, void @empty_13, i32 4294967295, i32 0, i32 0, i32 0"   --->   Operation 39 'specinterface' 'specinterface_ln0' <Predicate = true> <Delay = 0.00>
ST_7 : Operation 40 [1/1] (0.00ns)   --->   "%specinterface_ln0 = specinterface void @_ssdm_op_SpecInterface, i32 %batch_size, void @empty_3, i32 0, i32 0, void @empty_13, i32 0, i32 0, void @empty_13, void @empty_13, void @empty_13, i32 0, i32 0, i32 0, i32 0, void @empty_13, void @empty_13, i32 4294967295, i32 0, i32 0, i32 0"   --->   Operation 40 'specinterface' 'specinterface_ln0' <Predicate = true> <Delay = 0.00>
ST_7 : Operation 41 [1/1] (0.00ns)   --->   "%specinterface_ln0 = specinterface void @_ssdm_op_SpecInterface, i32 0, void @empty_9, i32 0, i32 0, void @empty_13, i32 0, i32 0, void @empty, void @empty_13, void @empty_13, i32 0, i32 0, i32 0, i32 0, void @empty_13, void @empty_13, i32 0, i32 0, i32 0, i32 0"   --->   Operation 41 'specinterface' 'specinterface_ln0' <Predicate = true> <Delay = 0.00>
ST_7 : Operation 42 [1/1] (0.00ns)   --->   "%specinterface_ln0 = specinterface void @_ssdm_op_SpecInterface, i960 %stream_in0_input_layer, void @empty_0, i32 0, i32 0, void @empty_13, i32 0, i32 0, void @empty_13, void @empty_13, void @empty_13, i32 0, i32 0, i32 0, i32 0, void @empty_13, void @empty_13, i32 4294967295, i32 0, i32 0, i32 0"   --->   Operation 42 'specinterface' 'specinterface_ln0' <Predicate = true> <Delay = 0.00>
ST_7 : Operation 43 [1/1] (0.00ns)   --->   "%specinterface_ln0 = specinterface void @_ssdm_op_SpecInterface, i48 %stream_out0_layer15_out, void @empty_0, i32 0, i32 0, void @empty_13, i32 0, i32 0, void @empty_13, void @empty_13, void @empty_13, i32 0, i32 0, i32 0, i32 0, void @empty_13, void @empty_13, i32 4294967295, i32 0, i32 0, i32 0"   --->   Operation 43 'specinterface' 'specinterface_ln0' <Predicate = true> <Delay = 0.00>
ST_7 : Operation 44 [1/2] (0.00ns)   --->   "%call_ln72 = call void @store_result<float, array<ap_fixed<16, 8, 5, 3, 0>, 3u> >, i32 %gmem_out0, i64 %gmem_out0_ptr_layer15_out_c, i32 %batch_size_c, i48 %stream_out0_layer15_out" [firmware/myproject_axi_master.cpp:72]   --->   Operation 44 'call' 'call_ln72' <Predicate = true> <Delay = 0.00> <CoreType = "Generic">   --->   Generic Core
ST_7 : Operation 45 [1/1] (0.00ns)   --->   "%ret_ln73 = ret" [firmware/myproject_axi_master.cpp:73]   --->   Operation 45 'ret' 'ret_ln73' <Predicate = true> <Delay = 0.00>


============================================================
+ Verbose Summary: Timing violations
============================================================
Target clock period: 5.000ns, clock uncertainty: 0.625ns.

 <State 1>: 2.838ns
The critical path consists of the following:
	s_axi read operation ('gmem_out0_ptr_layer15_out_read', firmware/myproject_axi_master.cpp:66) on port 'gmem_out0_ptr_layer15_out' (firmware/myproject_axi_master.cpp:66) [9]  (1.000 ns)
	'call' operation ('call_ln66', firmware/myproject_axi_master.cpp:66) to 'entry_proc' [38]  (1.838 ns)

 <State 2>: 4.375ns
The critical path consists of the following:
	'call' operation ('call_ln68', firmware/myproject_axi_master.cpp:68) to 'load_input<float, array<ap_fixed<11, 7, 0, 3, 0>, 60u> >' [39]  (4.375 ns)

 <State 3>: 0.000ns
The critical path consists of the following:

 <State 4>: 0.000ns
The critical path consists of the following:

 <State 5>: 1.016ns
The critical path consists of the following:
	'call' operation ('call_ln70', firmware/myproject_axi_master.cpp:70) to 'compute' [40]  (1.016 ns)

 <State 6>: 0.000ns
The critical path consists of the following:

 <State 7>: 0.000ns
The critical path consists of the following:


============================================================
+ Verbose Summary: Binding
============================================================
N/A
* FSMD analyzer results:
  - Output states:
 - Input state : 
  - Chain level:
	State 1
	State 2
	State 3
	State 4
	State 5
	State 6
	State 7


============================================================
+ Verbose Summary: Datapath Resource usage 
============================================================
N/A
