

================================================================
== Vitis HLS Report for 'dense_array_ap_ufixed_64u_array_ap_fixed_10_9_5_3_0_32u_config6_s'
================================================================
* Date:           Thu May  7 09:53:14 2026

* Version:        2025.2 (Build 6295257 on Nov 14 2025)
* Project:        vitis_unified_project
* Solution:       hls (Vivado IP Flow Target)
* Product family: zynquplus
* Target device:  xck26-sfvc784-2LV-c


================================================================
== Performance Estimates
================================================================
+ Timing: 
    * Summary: 
    +--------+---------+----------+------------+
    |  Clock |  Target | Estimated| Uncertainty|
    +--------+---------+----------+------------+
    |ap_clk  |  5.00 ns|  3.390 ns|     0.62 ns|
    +--------+---------+----------+------------+

+ Latency: 
    * Summary: 
    +---------+---------+----------+----------+-----+-----+---------+
    |  Latency (cycles) |  Latency (absolute) |  Interval | Pipeline|
    |   min   |   max   |    min   |    max   | min | max |   Type  |
    +---------+---------+----------+----------+-----+-----+---------+
    |        1|        1|  5.000 ns|  5.000 ns|    1|    1|       no|
    +---------+---------+----------+----------+-----+-----+---------+

    + Detail: 
        * Instance: 
        N/A

        * Loop: 
        N/A

============================================================
+ Verbose Summary: Synthesis Manager
============================================================
InlineROM: 1
ExposeGlobal: 0
============================================================
+ Verbose Summary: CDFG Model
============================================================
IsTopModel: 0
ResetActiveHigh: 1
IsCombinational: 2
IsDatapathOnly: 0
HasWiredReturn: 1
HasMFsm: 0
HasVarLatency: 1
IsPipeline: 0
IsRtlPipelined: 0
IsInstanceOverlapped: 0
IsDontTouch: 0
HasImplIP: 0
IsGatedGlobalClock: 0


============================================================
+ Verbose Summary: Schedule
============================================================
* Number of FSM states : 2
* Pipeline : 0
* Dataflow Pipeline: 0

* FSM state transitions: 
1 --> 2 
2 --> 

* FSM state operations: 

State 1 <SV = 0> <Delay = 3.39>
ST_1 : Operation 3 [1/1] ( I:1.83ns O:1.83ns )   --->   "%layer4_out_read = read i448 @_ssdm_op_Read.ap_fifo.volatile.i448P0A, i448 %layer4_out" [firmware/nnet_utils/nnet_dense_stream.h:43->firmware/nnet_utils/nnet_dense_stream.h:93]   --->   Operation 3 'read' 'layer4_out_read' <Predicate = true> <Delay = 1.83> <CoreInst = "FIFO_SRL">   --->   Core 80 'FIFO_SRL' <Latency = 0> <II = 1> <Delay = 1.83> <Storage> <Opcode : 'read' 'write' 'nbread' 'nbwrite'> <Ports = 0> <Width = 448> <Depth = 1> <FIFO>
ST_1 : Operation 4 [1/1] (0.00ns)   --->   "%data = partselect i7 @_ssdm_op_PartSelect.i7.i448.i32.i32, i448 %layer4_out_read, i32 7, i32 13" [firmware/nnet_utils/nnet_dense_stream.h:43->firmware/nnet_utils/nnet_dense_stream.h:93]   --->   Operation 4 'partselect' 'data' <Predicate = true> <Delay = 0.00>
ST_1 : Operation 5 [1/1] (0.00ns)   --->   "%data_1 = partselect i7 @_ssdm_op_PartSelect.i7.i448.i32.i32, i448 %layer4_out_read, i32 112, i32 118" [firmware/nnet_utils/nnet_dense_stream.h:43->firmware/nnet_utils/nnet_dense_stream.h:93]   --->   Operation 5 'partselect' 'data_1' <Predicate = true> <Delay = 0.00>
ST_1 : Operation 6 [1/1] (0.00ns)   --->   "%data_2 = partselect i7 @_ssdm_op_PartSelect.i7.i448.i32.i32, i448 %layer4_out_read, i32 294, i32 300" [firmware/nnet_utils/nnet_dense_stream.h:43->firmware/nnet_utils/nnet_dense_stream.h:93]   --->   Operation 6 'partselect' 'data_2' <Predicate = true> <Delay = 0.00>
ST_1 : Operation 7 [1/1] (0.00ns)   --->   "%data_3 = partselect i7 @_ssdm_op_PartSelect.i7.i448.i32.i32, i448 %layer4_out_read, i32 308, i32 314" [firmware/nnet_utils/nnet_dense_stream.h:43->firmware/nnet_utils/nnet_dense_stream.h:93]   --->   Operation 7 'partselect' 'data_3' <Predicate = true> <Delay = 0.00>
ST_1 : Operation 8 [1/1] (0.00ns)   --->   "%data_4 = partselect i7 @_ssdm_op_PartSelect.i7.i448.i32.i32, i448 %layer4_out_read, i32 357, i32 363" [firmware/nnet_utils/nnet_dense_stream.h:43->firmware/nnet_utils/nnet_dense_stream.h:93]   --->   Operation 8 'partselect' 'data_4' <Predicate = true> <Delay = 0.00>
ST_1 : Operation 9 [1/1] (1.55ns)   --->   "%call_ret = call i30 @dense_latency<ap_ufixed<7, 5, 0, 3, 0>, ap_fixed<10, 9, 5, 3, 0>, config6>, i7 %data, i7 %data_1, i7 %data_2, i7 %data_3, i7 %data_4" [firmware/nnet_utils/nnet_dense_stream.h:17->firmware/nnet_utils/nnet_dense_stream.h:95]   --->   Operation 9 'call' 'call_ret' <Predicate = true> <Delay = 1.55> <CoreType = "Generic">   --->   Generic Core
ST_1 : Operation 10 [1/1] (0.00ns)   --->   "%res = extractvalue i30 %call_ret" [firmware/nnet_utils/nnet_dense_stream.h:17->firmware/nnet_utils/nnet_dense_stream.h:95]   --->   Operation 10 'extractvalue' 'res' <Predicate = true> <Delay = 0.00>
ST_1 : Operation 11 [1/1] (0.00ns)   --->   "%res_1 = extractvalue i30 %call_ret" [firmware/nnet_utils/nnet_dense_stream.h:17->firmware/nnet_utils/nnet_dense_stream.h:95]   --->   Operation 11 'extractvalue' 'res_1' <Predicate = true> <Delay = 0.00>
ST_1 : Operation 12 [1/1] (0.00ns)   --->   "%res_2 = extractvalue i30 %call_ret" [firmware/nnet_utils/nnet_dense_stream.h:17->firmware/nnet_utils/nnet_dense_stream.h:95]   --->   Operation 12 'extractvalue' 'res_2' <Predicate = true> <Delay = 0.00>

State 2 <SV = 1> <Delay = 1.83>
ST_2 : Operation 13 [1/1] (0.00ns)   --->   "%specinterface_ln0 = specinterface void @_ssdm_op_SpecInterface, i320 %layer6_out, void @empty_9, i32 0, i32 0, void @empty_14, i32 0, i32 0, void @empty_14, void @empty_14, void @empty_14, i32 0, i32 0, i32 0, i32 0, void @empty_14, void @empty_14, i32 4294967295, i32 0, i32 0, i32 0"   --->   Operation 13 'specinterface' 'specinterface_ln0' <Predicate = true> <Delay = 0.00>
ST_2 : Operation 14 [1/1] (0.00ns)   --->   "%specinterface_ln0 = specinterface void @_ssdm_op_SpecInterface, i448 %layer4_out, void @empty_9, i32 0, i32 0, void @empty_14, i32 0, i32 0, void @empty_14, void @empty_14, void @empty_14, i32 0, i32 0, i32 0, i32 0, void @empty_14, void @empty_14, i32 4294967295, i32 0, i32 0, i32 0"   --->   Operation 14 'specinterface' 'specinterface_ln0' <Predicate = true> <Delay = 0.00>
ST_2 : Operation 15 [1/1] (0.00ns)   --->   "%or_ln77_2 = bitconcatenate i290 @_ssdm_op_BitConcatenate.i290.i10.i180.i10.i30.i10.i50, i10 %res_2, i180 0, i10 %res_1, i30 0, i10 %res, i50 0" [firmware/nnet_utils/nnet_dense_stream.h:77->firmware/nnet_utils/nnet_dense_stream.h:100]   --->   Operation 15 'bitconcatenate' 'or_ln77_2' <Predicate = true> <Delay = 0.00>
ST_2 : Operation 16 [1/1] (0.00ns)   --->   "%zext_ln77 = zext i290 %or_ln77_2" [firmware/nnet_utils/nnet_dense_stream.h:77->firmware/nnet_utils/nnet_dense_stream.h:100]   --->   Operation 16 'zext' 'zext_ln77' <Predicate = true> <Delay = 0.00>
ST_2 : Operation 17 [1/1] ( I:1.83ns O:1.83ns )   --->   "%write_ln77 = write void @_ssdm_op_Write.ap_fifo.volatile.i320P0A, i320 %layer6_out, i320 %zext_ln77" [firmware/nnet_utils/nnet_dense_stream.h:77->firmware/nnet_utils/nnet_dense_stream.h:100]   --->   Operation 17 'write' 'write_ln77' <Predicate = true> <Delay = 1.83> <CoreInst = "FIFO_SRL">   --->   Core 80 'FIFO_SRL' <Latency = 0> <II = 1> <Delay = 1.83> <Storage> <Opcode : 'read' 'write' 'nbread' 'nbwrite'> <Ports = 0> <Width = 320> <Depth = 1> <FIFO>
ST_2 : Operation 18 [1/1] (0.00ns)   --->   "%ret_ln101 = ret" [firmware/nnet_utils/nnet_dense_stream.h:101]   --->   Operation 18 'ret' 'ret_ln101' <Predicate = true> <Delay = 0.00>


============================================================
+ Verbose Summary: Timing violations
============================================================
Target clock period: 5.000ns, clock uncertainty: 0.625ns.

 <State 1>: 3.390ns
The critical path consists of the following:
	fifo read operation ('layer4_out_read', firmware/nnet_utils/nnet_dense_stream.h:43->firmware/nnet_utils/nnet_dense_stream.h:93) on port 'layer4_out' (firmware/nnet_utils/nnet_dense_stream.h:43->firmware/nnet_utils/nnet_dense_stream.h:93) [5]  (1.838 ns)
	'call' operation 30 bit ('call_ret', firmware/nnet_utils/nnet_dense_stream.h:17->firmware/nnet_utils/nnet_dense_stream.h:95) to 'dense_latency<ap_ufixed<7, 5, 0, 3, 0>, ap_fixed<10, 9, 5, 3, 0>, config6>' [11]  (1.552 ns)

 <State 2>: 1.838ns
The critical path consists of the following:
	fifo write operation ('write_ln77', firmware/nnet_utils/nnet_dense_stream.h:77->firmware/nnet_utils/nnet_dense_stream.h:100) on port 'layer6_out' (firmware/nnet_utils/nnet_dense_stream.h:77->firmware/nnet_utils/nnet_dense_stream.h:100) [17]  (1.838 ns)


============================================================
+ Verbose Summary: Binding
============================================================
N/A
* FSMD analyzer results:
  - Output states:
 - Input state : 
  - Chain level:
	State 1
	State 2


============================================================
+ Verbose Summary: Datapath Resource usage 
============================================================
N/A
