

================================================================
== Vitis HLS Report for 'compute_output_buffer_2d_array_array_ap_ufixed_5_3_5_3_0_16u_config3_s'
================================================================
* Date:           Mon May 18 15:26:50 2026

* Version:        2025.2 (Build 6295257 on Nov 14 2025)
* Project:        vitis_unified_project
* Solution:       hls (Vivado IP Flow Target)
* Product family: zynquplus
* Target device:  xck26-sfvc784-2LV-c


================================================================
== Performance Estimates
================================================================
+ Timing: 
    * Summary: 
    +--------+---------+----------+------------+
    |  Clock |  Target | Estimated| Uncertainty|
    +--------+---------+----------+------------+
    |ap_clk  |  5.00 ns|  2.459 ns|     0.62 ns|
    +--------+---------+----------+------------+

+ Latency: 
    * Summary: 
    +---------+---------+----------+----------+-----+-----+---------+
    |  Latency (cycles) |  Latency (absolute) |  Interval | Pipeline|
    |   min   |   max   |    min   |    max   | min | max |   Type  |
    +---------+---------+----------+----------+-----+-----+---------+
    |        1|        1|  5.000 ns|  5.000 ns|    2|    2|      yes|
    +---------+---------+----------+----------+-----+-----+---------+

    + Detail: 
        * Instance: 
        +------------------------------------------------------------------------------------+----------------------------------------------------------------------+---------+---------+----------+----------+-----+-----+---------+
        |                                                                                    |                                                                      |  Latency (cycles) |  Latency (absolute) |  Interval | Pipeline|
        |                                      Instance                                      |                                Module                                |   min   |   max   |    min   |    max   | min | max |   Type  |
        +------------------------------------------------------------------------------------+----------------------------------------------------------------------+---------+---------+----------+----------+-----+-----+---------+
        |call_ln281_shift_line_buffer_array_ap_ufixed_4_2_0_3_0_1u_config3_s_fu_79           |shift_line_buffer_array_ap_ufixed_4_2_0_3_0_1u_config3_s              |        0|        0|      0 ns|      0 ns|    1|    1|      yes|
        |res_out_dense_latency_ap_ufixed_4_2_0_3_0_ap_ufixed_5_3_5_3_0_config3_mult_s_fu_95  |dense_latency_ap_ufixed_4_2_0_3_0_ap_ufixed_5_3_5_3_0_config3_mult_s  |        0|        0|      0 ns|      0 ns|    1|    1|      yes|
        +------------------------------------------------------------------------------------+----------------------------------------------------------------------+---------+---------+----------+----------+-----+-----+---------+

        * Loop: 
        N/A



================================================================
== Utilization Estimates
================================================================
* Summary: 
+-----------------+---------+------+--------+--------+-----+
|       Name      | BRAM_18K|  DSP |   FF   |   LUT  | URAM|
+-----------------+---------+------+--------+--------+-----+
|DSP              |        -|     -|       -|       -|    -|
|Expression       |        -|     -|       0|     503|    -|
|FIFO             |        -|     -|       -|       -|    -|
|Instance         |        -|     -|       5|      21|    -|
|Memory           |        -|     -|       -|       -|    -|
|Multiplexer      |        -|     -|       0|      64|    -|
|Register         |        -|     -|     268|       -|    -|
+-----------------+---------+------+--------+--------+-----+
|Total            |        0|     0|     273|     588|    0|
+-----------------+---------+------+--------+--------+-----+
|Available        |      288|  1248|  234240|  117120|   64|
+-----------------+---------+------+--------+--------+-----+
|Utilization (%)  |        0|     0|      ~0|      ~0|    0|
+-----------------+---------+------+--------+--------+-----+

+ Detail: 
    * Instance: 
    +------------------------------------------------------------------------------------+----------------------------------------------------------------------+---------+----+---+----+-----+
    |                                      Instance                                      |                                Module                                | BRAM_18K| DSP| FF| LUT| URAM|
    +------------------------------------------------------------------------------------+----------------------------------------------------------------------+---------+----+---+----+-----+
    |res_out_dense_latency_ap_ufixed_4_2_0_3_0_ap_ufixed_5_3_5_3_0_config3_mult_s_fu_95  |dense_latency_ap_ufixed_4_2_0_3_0_ap_ufixed_5_3_5_3_0_config3_mult_s  |        0|   0|  0|  12|    0|
    |call_ln281_shift_line_buffer_array_ap_ufixed_4_2_0_3_0_1u_config3_s_fu_79           |shift_line_buffer_array_ap_ufixed_4_2_0_3_0_1u_config3_s              |        0|   0|  5|   9|    0|
    +------------------------------------------------------------------------------------+----------------------------------------------------------------------+---------+----+---+----+-----+
    |Total                                                                               |                                                                      |        0|   0|  5|  21|    0|
    +------------------------------------------------------------------------------------+----------------------------------------------------------------------+---------+----+---+----+-----+

    * DSP: 
    N/A

    * Memory: 
    N/A

    * FIFO: 
    N/A

    * Expression: 
    +--------------------------------+----------+----+---+----+------------+------------+
    |          Variable Name         | Operation| DSP| FF| LUT| Bitwidth P0| Bitwidth P1|
    +--------------------------------+----------+----+---+----+------------+------------+
    |add_ln303_fu_188_p2             |         +|   0|  0|  39|          32|           1|
    |add_ln307_fu_235_p2             |         +|   0|  0|  39|          32|           1|
    |add_ln313_fu_257_p2             |         +|   0|  0|  39|          32|           1|
    |add_ln318_fu_205_p2             |         +|   0|  0|  39|          32|           1|
    |and_ln284_1_fu_169_p2           |       and|   0|  0|   2|           1|           1|
    |and_ln284_fu_163_p2             |       and|   0|  0|   2|           1|           1|
    |ap_block_state2                 |       and|   0|  0|   2|           1|           1|
    |ap_condition_124                |       and|   0|  0|   2|           1|           1|
    |ap_condition_98                 |       and|   0|  0|   2|           1|           1|
    |ap_predicate_op23_write_state2  |       and|   0|  0|   2|           1|           1|
    |icmp_ln284_1_fu_125_p2          |      icmp|   0|  0|  39|          32|           2|
    |icmp_ln284_2_fu_141_p2          |      icmp|   0|  0|  38|          31|           1|
    |icmp_ln284_3_fu_157_p2          |      icmp|   0|  0|  38|          31|           1|
    |icmp_ln284_fu_107_p2            |      icmp|   0|  0|  39|          32|           2|
    |icmp_ln303_fu_193_p2            |      icmp|   0|  0|  39|          32|           5|
    |icmp_ln307_fu_240_p2            |      icmp|   0|  0|  39|          32|           5|
    |icmp_ln313_fu_252_p2            |      icmp|   0|  0|  39|          32|           2|
    |select_ln313_fu_262_p3          |    select|   0|  0|  32|           1|           2|
    |select_ln318_fu_210_p3          |    select|   0|  0|  32|           1|           2|
    +--------------------------------+----------+----+---+----+------------+------------+
    |Total                           |          |   0|  0| 503|         358|          32|
    +--------------------------------+----------+----+---+----+------------+------------+

    * Multiplexer: 
    +------------------------------------+----+-----------+-----+-----------+
    |                Name                | LUT| Input Size| Bits| Total Bits|
    +------------------------------------+----+-----------+-----+-----------+
    |ap_NS_fsm                           |  14|          3|    1|          3|
    |ap_phi_mux_storemerge_phi_fu_72_p4  |  14|          3|   32|         96|
    |layer3_out_blk_n                    |   9|          2|    1|          2|
    |pX_2                                |   9|          2|   32|         64|
    |pY_2                                |   9|          2|   32|         64|
    |sX_2                                |   9|          2|   32|         64|
    +------------------------------------+----+-----------+-----+-----------+
    |Total                               |  64|         14|  130|        293|
    +------------------------------------+----+-----------+-----+-----------+

    * Register: 
    +-----------------------------------------------------------------------------+----+----+-----+-----------+
    |                                     Name                                    | FF | LUT| Bits| Const Bits|
    +-----------------------------------------------------------------------------+----+----+-----+-----------+
    |and_ln284_1_reg_309                                                          |   1|   0|    1|          0|
    |ap_CS_fsm                                                                    |   2|   0|    2|          0|
    |icmp_ln284_reg_288                                                           |   1|   0|    1|          0|
    |pX_2                                                                         |  32|   0|   32|          0|
    |pX_2_load_reg_304                                                            |  32|   0|   32|          0|
    |pY_2                                                                         |  32|   0|   32|          0|
    |pY_2_load_reg_299                                                            |  32|   0|   32|          0|
    |sX_2                                                                         |  32|   0|   32|          0|
    |sX_2_load_reg_283                                                            |  32|   0|   32|          0|
    |sY_2                                                                         |  32|   0|   32|          0|
    |sY_2_load_reg_293                                                            |  32|   0|   32|          0|
    |void_compute_output_buffer_2d_array_const_ap_shift_reg_n_chan_stream_weig_1  |   4|   0|    4|          0|
    |void_compute_output_buffer_2d_array_const_ap_shift_reg_n_chan_stream_weig_2  |   4|   0|    4|          0|
    +-----------------------------------------------------------------------------+----+----+-----+-----------+
    |Total                                                                        | 268|   0|  268|          0|
    +-----------------------------------------------------------------------------+----+----+-----+-----------+



================================================================
== Interface
================================================================
* Summary: 
+---------------------------+-----+-----+------------+-------------------------------------------------------------------------+--------------+
|         RTL Ports         | Dir | Bits|  Protocol  |                              Source Object                              |    C Type    |
+---------------------------+-----+-----+------------+-------------------------------------------------------------------------+--------------+
|ap_clk                     |   in|    1|  ap_ctrl_hs|  compute_output_buffer_2d<array,array<ap_ufixed<5,3,5,3,0>,16u>,config3>|  return value|
|ap_rst                     |   in|    1|  ap_ctrl_hs|  compute_output_buffer_2d<array,array<ap_ufixed<5,3,5,3,0>,16u>,config3>|  return value|
|ap_start                   |   in|    1|  ap_ctrl_hs|  compute_output_buffer_2d<array,array<ap_ufixed<5,3,5,3,0>,16u>,config3>|  return value|
|ap_done                    |  out|    1|  ap_ctrl_hs|  compute_output_buffer_2d<array,array<ap_ufixed<5,3,5,3,0>,16u>,config3>|  return value|
|ap_idle                    |  out|    1|  ap_ctrl_hs|  compute_output_buffer_2d<array,array<ap_ufixed<5,3,5,3,0>,16u>,config3>|  return value|
|ap_ready                   |  out|    1|  ap_ctrl_hs|  compute_output_buffer_2d<array,array<ap_ufixed<5,3,5,3,0>,16u>,config3>|  return value|
|layer3_out_blk_n           |  out|    1|  ap_ctrl_hs|  compute_output_buffer_2d<array,array<ap_ufixed<5,3,5,3,0>,16u>,config3>|  return value|
|ap_ce                      |   in|    1|  ap_ctrl_hs|  compute_output_buffer_2d<array,array<ap_ufixed<5,3,5,3,0>,16u>,config3>|  return value|
|in_elem_0_0_0_0_0_val      |   in|    4|     ap_none|                                                    in_elem_0_0_0_0_0_val|        scalar|
|layer3_out_din             |  out|   80|     ap_fifo|                                                               layer3_out|       pointer|
|layer3_out_full_n          |   in|    1|     ap_fifo|                                                               layer3_out|       pointer|
|layer3_out_write           |  out|    1|     ap_fifo|                                                               layer3_out|       pointer|
|layer3_out_num_data_valid  |   in|   11|     ap_fifo|                                                               layer3_out|       pointer|
|layer3_out_fifo_cap        |   in|   11|     ap_fifo|                                                               layer3_out|       pointer|
+---------------------------+-----+-----+------------+-------------------------------------------------------------------------+--------------+

