

================================================================
== Vitis HLS Report for 'conv_2d_cl_array_ap_ufixed_16u_array_ap_fixed_10_5_5_3_0_16u_config7_s'
================================================================
* Date:           Mon May 18 15:26:50 2026

* Version:        2025.2 (Build 6295257 on Nov 14 2025)
* Project:        vitis_unified_project
* Solution:       hls (Vivado IP Flow Target)
* Product family: zynquplus
* Target device:  xck26-sfvc784-2LV-c


================================================================
== Performance Estimates
================================================================
+ Timing: 
    * Summary: 
    +--------+---------+----------+------------+
    |  Clock |  Target | Estimated| Uncertainty|
    +--------+---------+----------+------------+
    |ap_clk  |  5.00 ns|  4.151 ns|     0.62 ns|
    +--------+---------+----------+------------+

+ Latency: 
    * Summary: 
    +---------+---------+----------+----------+-----+-----+------------------------------------------------+
    |  Latency (cycles) |  Latency (absolute) |  Interval |                    Pipeline                    |
    |   min   |   max   |    min   |    max   | min | max |                      Type                      |
    +---------+---------+----------+----------+-----+-----+------------------------------------------------+
    |      341|      341|  1.705 us|  1.705 us|  340|  340|  loop auto-rewind stp (delay=0 clock cycles(s))|
    +---------+---------+----------+----------+-----+-----+------------------------------------------------+

    + Detail: 
        * Instance: 
        +-----------------------------------------------------------------------------------+------------------------------------------------------------------------+---------+---------+-----------+-----------+-----+-----+---------+
        |                                                                                   |                                                                        |  Latency (cycles) |   Latency (absolute)  |  Interval | Pipeline|
        |                                      Instance                                     |                                 Module                                 |   min   |   max   |    min    |    max    | min | max |   Type  |
        +-----------------------------------------------------------------------------------+------------------------------------------------------------------------+---------+---------+-----------+-----------+-----+-----+---------+
        |grp_compute_output_buffer_2d_array_array_ap_fixed_10_5_5_3_0_16u_config7_s_fu_198  |compute_output_buffer_2d_array_array_ap_fixed_10_5_5_3_0_16u_config7_s  |        2|        2|  10.000 ns|  10.000 ns|    2|    2|      yes|
        +-----------------------------------------------------------------------------------+------------------------------------------------------------------------+---------+---------+-----------+-----------+-----+-----+---------+

        * Loop: 
        +----------------------------------+---------+---------+----------+-----------+-----------+------+----------+
        |                                  |  Latency (cycles) | Iteration|  Initiation Interval  | Trip |          |
        |             Loop Name            |   min   |   max   |  Latency |  achieved |   target  | Count| Pipelined|
        +----------------------------------+---------+---------+----------+-----------+-----------+------+----------+
        |- ReadInputHeight_ReadInputWidth  |      339|      339|         4|          2|          1|   169|       yes|
        +----------------------------------+---------+---------+----------+-----------+-----------+------+----------+



================================================================
== Utilization Estimates
================================================================
* Summary: 
+-----------------+---------+------+--------+--------+-----+
|       Name      | BRAM_18K|  DSP |   FF   |   LUT  | URAM|
+-----------------+---------+------+--------+--------+-----+
|DSP              |        -|     -|       -|       -|    -|
|Expression       |        -|     -|       0|      44|    -|
|FIFO             |        -|     -|       -|       -|    -|
|Instance         |        -|     -|     354|    1385|    -|
|Memory           |        -|     -|       -|       -|    -|
|Multiplexer      |        -|     -|       0|      86|    -|
|Register         |        -|     -|      16|       -|    -|
+-----------------+---------+------+--------+--------+-----+
|Total            |        0|     0|     370|    1515|    0|
+-----------------+---------+------+--------+--------+-----+
|Available        |      288|  1248|  234240|  117120|   64|
+-----------------+---------+------+--------+--------+-----+
|Utilization (%)  |        0|     0|      ~0|       1|    0|
+-----------------+---------+------+--------+--------+-----+

+ Detail: 
    * Instance: 
    +-----------------------------------------------------------------------------------+------------------------------------------------------------------------+---------+----+-----+------+-----+
    |                                      Instance                                     |                                 Module                                 | BRAM_18K| DSP|  FF |  LUT | URAM|
    +-----------------------------------------------------------------------------------+------------------------------------------------------------------------+---------+----+-----+------+-----+
    |grp_compute_output_buffer_2d_array_array_ap_fixed_10_5_5_3_0_16u_config7_s_fu_198  |compute_output_buffer_2d_array_array_ap_fixed_10_5_5_3_0_16u_config7_s  |        0|   0|  354|  1385|    0|
    +-----------------------------------------------------------------------------------+------------------------------------------------------------------------+---------+----+-----+------+-----+
    |Total                                                                              |                                                                        |        0|   0|  354|  1385|    0|
    +-----------------------------------------------------------------------------------+------------------------------------------------------------------------+---------+----+-----+------+-----+

    * DSP: 
    N/A

    * Memory: 
    N/A

    * FIFO: 
    N/A

    * Expression: 
    +-----------------------------------------------+----------+----+---+----+------------+------------+
    |                 Variable Name                 | Operation| DSP| FF| LUT| Bitwidth P0| Bitwidth P1|
    +-----------------------------------------------+----------+----+---+----+------------+------------+
    |add_ln25_fu_324_p2                             |         +|   0|  0|  15|           8|           1|
    |ap_block_pp0_stage1_11001_ignoreCallOp34_grp1  |       and|   0|  0|   2|           1|           1|
    |ap_block_state2_pp0_stage1_iter0_grp1          |       and|   0|  0|   2|           1|           1|
    |ap_condition_160                               |       and|   0|  0|   2|           1|           1|
    |icmp_ln25_fu_318_p2                            |      icmp|   0|  0|  15|           8|           8|
    |ap_block_pp0_stage0_11001                      |        or|   0|  0|   2|           1|           1|
    |ap_block_pp0_stage0_11001_ignoreCallOp35       |        or|   0|  0|   2|           1|           1|
    |ap_block_pp0_stage1_11001_grp1                 |        or|   0|  0|   2|           1|           1|
    |ap_enable_pp0                                  |       xor|   0|  0|   2|           1|           2|
    +-----------------------------------------------+----------+----+---+----+------------+------------+
    |Total                                          |          |   0|  0|  44|          23|          17|
    +-----------------------------------------------+----------+----+---+----+------------+------------+

    * Multiplexer: 
    +--------------------------------------+----+-----------+-----+-----------+
    |                 Name                 | LUT| Input Size| Bits| Total Bits|
    +--------------------------------------+----+-----------+-----+-----------+
    |ap_NS_fsm                             |  14|          3|    1|          3|
    |ap_done_int                           |   9|          2|    1|          2|
    |ap_enable_reg_pp0_iter0               |   9|          2|    1|          2|
    |ap_enable_reg_pp0_iter1               |   9|          2|    1|          2|
    |ap_sig_allocacmp_indvar_flatten_load  |   9|          2|    8|         16|
    |indvar_flatten_fu_188                 |   9|          2|    8|         16|
    |layer5_out_blk_n                      |   9|          2|    1|          2|
    |layer7_out_blk_n                      |   9|          2|    1|          2|
    |real_start                            |   9|          2|    1|          2|
    +--------------------------------------+----+-----------+-----+-----------+
    |Total                                 |  86|         19|   23|         47|
    +--------------------------------------+----+-----------+-----+-----------+

    * Register: 
    +------------------------------------------------------------------------------------------------+---+----+-----+-----------+
    |                                              Name                                              | FF| LUT| Bits| Const Bits|
    +------------------------------------------------------------------------------------------------+---+----+-----+-----------+
    |ap_CS_fsm                                                                                       |  2|   0|    2|          0|
    |ap_done_reg                                                                                     |  1|   0|    1|          0|
    |ap_enable_reg_pp0_iter0_reg                                                                     |  1|   0|    1|          0|
    |ap_enable_reg_pp0_iter1                                                                         |  1|   0|    1|          0|
    |grp_compute_output_buffer_2d_array_array_ap_fixed_10_5_5_3_0_16u_config7_s_fu_198_ap_start_reg  |  1|   0|    1|          0|
    |icmp_ln25_reg_512                                                                               |  1|   0|    1|          0|
    |indvar_flatten_fu_188                                                                           |  8|   0|    8|          0|
    |start_once_reg                                                                                  |  1|   0|    1|          0|
    +------------------------------------------------------------------------------------------------+---+----+-----+-----------+
    |Total                                                                                           | 16|   0|   16|          0|
    +------------------------------------------------------------------------------------------------+---+----+-----+-----------+



================================================================
== Interface
================================================================
* Summary: 
+---------------------------+-----+-----+------------+--------------------------------------------------------------------------+--------------+
|         RTL Ports         | Dir | Bits|  Protocol  |                               Source Object                              |    C Type    |
+---------------------------+-----+-----+------------+--------------------------------------------------------------------------+--------------+
|ap_clk                     |   in|    1|  ap_ctrl_hs|  conv_2d_cl<array<ap_ufixed,16u>,array<ap_fixed<10,5,5,3,0>,16u>,config7>|  return value|
|ap_rst                     |   in|    1|  ap_ctrl_hs|  conv_2d_cl<array<ap_ufixed,16u>,array<ap_fixed<10,5,5,3,0>,16u>,config7>|  return value|
|ap_start                   |   in|    1|  ap_ctrl_hs|  conv_2d_cl<array<ap_ufixed,16u>,array<ap_fixed<10,5,5,3,0>,16u>,config7>|  return value|
|start_full_n               |   in|    1|  ap_ctrl_hs|  conv_2d_cl<array<ap_ufixed,16u>,array<ap_fixed<10,5,5,3,0>,16u>,config7>|  return value|
|ap_done                    |  out|    1|  ap_ctrl_hs|  conv_2d_cl<array<ap_ufixed,16u>,array<ap_fixed<10,5,5,3,0>,16u>,config7>|  return value|
|ap_continue                |   in|    1|  ap_ctrl_hs|  conv_2d_cl<array<ap_ufixed,16u>,array<ap_fixed<10,5,5,3,0>,16u>,config7>|  return value|
|ap_idle                    |  out|    1|  ap_ctrl_hs|  conv_2d_cl<array<ap_ufixed,16u>,array<ap_fixed<10,5,5,3,0>,16u>,config7>|  return value|
|ap_ready                   |  out|    1|  ap_ctrl_hs|  conv_2d_cl<array<ap_ufixed,16u>,array<ap_fixed<10,5,5,3,0>,16u>,config7>|  return value|
|start_out                  |  out|    1|  ap_ctrl_hs|  conv_2d_cl<array<ap_ufixed,16u>,array<ap_fixed<10,5,5,3,0>,16u>,config7>|  return value|
|start_write                |  out|    1|  ap_ctrl_hs|  conv_2d_cl<array<ap_ufixed,16u>,array<ap_fixed<10,5,5,3,0>,16u>,config7>|  return value|
|layer5_out_dout            |   in|   64|     ap_fifo|                                                                layer5_out|       pointer|
|layer5_out_empty_n         |   in|    1|     ap_fifo|                                                                layer5_out|       pointer|
|layer5_out_read            |  out|    1|     ap_fifo|                                                                layer5_out|       pointer|
|layer5_out_num_data_valid  |   in|    9|     ap_fifo|                                                                layer5_out|       pointer|
|layer5_out_fifo_cap        |   in|    9|     ap_fifo|                                                                layer5_out|       pointer|
|layer7_out_din             |  out|  160|     ap_fifo|                                                                layer7_out|       pointer|
|layer7_out_full_n          |   in|    1|     ap_fifo|                                                                layer7_out|       pointer|
|layer7_out_write           |  out|    1|     ap_fifo|                                                                layer7_out|       pointer|
|layer7_out_num_data_valid  |   in|    8|     ap_fifo|                                                                layer7_out|       pointer|
|layer7_out_fifo_cap        |   in|    8|     ap_fifo|                                                                layer7_out|       pointer|
+---------------------------+-----+-----+------------+--------------------------------------------------------------------------+--------------+

