Execute       source -notrace -encoding utf-8 /usr/lib/AMD/2025.2/Vitis/tps/tcl/tcl8.6/clock.tcl 
Execute         source -encoding utf-8 /usr/lib/AMD/2025.2/tps/tcl/tcl8/8.5/msgcat-1.6.1.tm 
INFO-FLOW: Workspace /home/ncgadmin/Bachelor/HLS4ML_testbench_KV260/development/MNIST_CNN/2/hls4ml_prj_mnist_hls4ml_VU/myproject_prj/solution1 opened at Mon May 04 23:23:31 CEST 2026
Execute       send_msg_by_id INFO @200-1505@%s%s default  vivado 
INFO: [HLS 200-1505] Using default flow_target 'vivado'
Execute     config_array_partition -maximum_size 4096 
INFO: [HLS 200-1510] Running: config_array_partition -maximum_size 4096 
ERROR: [HLS 200-101] config_array_partition: Unknown option '-maximum_size'.
ERROR: [HLS 200-101] config_array_partition: Unknown option '4096'.
Execute       ::HLS_INI_HELP::ininames_for_cmd_iniglob config_array_partition * 0
Execute       ::HLS_INI_HELP::inilhs2maninfo syn.array_partition.complete_threshold
Execute       ::HLS_INI_HELP::inilhs2maninfo syn.array_partition.throughput_driven
Command     config_array_partition done; error code: 1; 
Execute     config_compile -name_max_length 80 
INFO: [HLS 200-1510] Running: config_compile -name_max_length 80 
INFO: [XFORM 203-1161] The maximum of name length is set to 80.
Execute     set_part xck26-sfvc784-2LV-c 
INFO: [HLS 200-1510] Running: set_part xck26-sfvc784-2LV-c 
Execute       create_platform xck26-sfvc784-2LV-c -board  
DBG:HLSDevice: Trying to load device library: /usr/lib/AMD/2025.2/Vitis/lib/lnx64.o/libxv_hlsvwrap.so
DBG:HLSDevice: first parts/arch.xml in RDI_DATADIR: /usr/lib/AMD/2025.2/Vivado/data/parts/arch.xml
DBG:HLSDevice: init success
INFO: [HLS 200-1611] Setting target device to 'xck26-sfvc784-2LV-c'
Command       create_platform done; 0.11 sec.
Execute       source /usr/lib/AMD/2025.2/Vitis/common/technology/xilinx/common/xilinx.gen 
Execute         source /usr/lib/AMD/2025.2/Vitis/common/technology/xilinx/interface/plb46.gen 
Execute         source /usr/lib/AMD/2025.2/Vitis/common/technology/xilinx/interface/axi4.gen 
Execute         source /usr/lib/AMD/2025.2/Vitis/common/technology/xilinx/interface/nativeAXI4.gen 
Execute           source /usr/lib/AMD/2025.2/Vitis/common/technology/xilinx/interface/saxilite.gen 
Execute         source /usr/lib/AMD/2025.2/Vitis/common/technology/xilinx/scripts/xilinxcoregen.gen 
Execute         source /usr/lib/AMD/2025.2/Vitis/common/technology/xilinx/interface/XilEDKCoreGen.gen 
Execute         source /usr/lib/AMD/2025.2/Vitis/common/technology/xilinx/ip/xfir.gen 
Execute         source /usr/lib/AMD/2025.2/Vitis/common/technology/xilinx/ip/xfft.gen 
Execute         source /usr/lib/AMD/2025.2/Vitis/common/technology/xilinx/ip/dds_compiler.gen 
Execute         source /usr/lib/AMD/2025.2/Vitis/common/technology/xilinx/ip/util.gen 
Execute         source /usr/lib/AMD/2025.2/Vitis/common/technology/xilinx/DSP48/dsp48.gen 
Execute       ap_part_info -name xck26-sfvc784-2LV-c -data info 
Execute       config_compile -quiet -complex-mul-dsp=0 
INFO: [XFORM 203-1161] The maximum of name length is set to 80.
Command     set_part done; 0.16 sec.
Execute     config_schedule -enable_dsp_full_reg=false 
INFO: [HLS 200-1510] Running: config_schedule -enable_dsp_full_reg=false 
Execute     create_clock -period 5 -name default 
INFO: [HLS 200-1510] Running: create_clock -period 5 -name default 
Execute       ap_set_clock -name default -period 5 -unit ns -default=false 
INFO: [SYN 201-201] Setting up clock 'default' with a period of 5ns.
Execute     set_clock_uncertainty 27% default 
INFO: [HLS 200-1510] Running: set_clock_uncertainty 27% default 
Execute       ap_set_clock -name default -uncertainty 1.35 -unit % 
INFO: [SYN 201-201] Setting up clock 'default' with an uncertainty of 1.35ns.
Execute     csynth_design 
INFO: [HLS 200-1510] Running: csynth_design 
Execute       ::AP::init_summary_file csynth 
Execute       AP::msg_collection_file -open /home/ncgadmin/Bachelor/HLS4ML_testbench_KV260/development/MNIST_CNN/2/hls4ml_prj_mnist_hls4ml_VU/myproject_prj/solution1/.autopilot/db/be_messages.xml 
Execute       ap_part_info -name xck26-sfvc784-2LV-c -data info 
INFO-FLOW: run_clang myproject.cpp.xilinx-performance-pragma-detector exec: /usr/lib/AMD/2025.2/Vitis/lnx64/tools/clang-16/bin/xilinx-performance-pragma-detector firmware/myproject.cpp -- -fhls -std=c++0x -D__VITIS_HLS__ -DAESL_SYN -D__SYNTHESIS__ -D__HLS_SYN__ -I /usr/lib/AMD/2025.2/Vitis/common/technology/autopilot -I /usr/lib/AMD/2025.2/Vitis/common/technology/autopilot/ap_sysc -include etc/autopilot_ssdm_op.h -D__DSP48E2__ -target fpga64-xilinx-linux-gnu -I /usr/include/x86_64-linux-gnu --gcc-toolchain=/usr/lib/AMD/2025.2/Vitis/tps/lnx64/gcc-8.3.0 -hls-platform-db-name=/usr/lib/AMD/2025.2/Vitis/common/technology/xilinx/common/platform.db -hls-platform-name=zynquplus_medium -device-resource-info=BRAM_288.000000_DSP_1248.000000_FF_234240.000000_LUT_117120.000000_SLICE_14640.000000_URAM_64.000000 -device-name-info=xck26-sfvc784-2LV-c > /home/ncgadmin/Bachelor/HLS4ML_testbench_KV260/development/MNIST_CNN/2/hls4ml_prj_mnist_hls4ml_VU/myproject_prj/solution1/.autopilot/db/myproject.cpp.xilinx-performance-pragma-detector.out.log 2> /home/ncgadmin/Bachelor/HLS4ML_testbench_KV260/development/MNIST_CNN/2/hls4ml_prj_mnist_hls4ml_VU/myproject_prj/solution1/.autopilot/db/myproject.cpp.xilinx-performance-pragma-detector.err.log
INFO-FLOW: run_clang result=success num-err-msgs=0 num-stderr-lines=56
Execute       elaborate -effort=medium -skip_syncheck=0 -keep_printf=0 -skip_cdt=0 -skip_transform=0 -ng=0 -g=0 -from_csynth_design=1 
INFO: [HLS 200-111] Finished File checks and directory preparation: CPU user time: 1.73 seconds. CPU system time: 0.07 seconds. Elapsed time: 1.8 seconds; current allocated memory: 243.242 MB.
Execute         send_msg_by_id INFO @200-2191@%s%s C-Synthesis clang-16 
INFO: [HLS 200-2191] C-Synthesis will use clang-16 as the compiler
Execute         set_directive_top myproject -name=myproject 
Execute         source /usr/lib/AMD/2025.2/Vitis/tps/tcl/tcllib2.0/yaml/huddle.tcl 
Execute           source /usr/lib/AMD/2025.2/tps/tcl/tcllib2.0/yaml/huddle_types.tcl 
Execute         source /usr/lib/AMD/2025.2/Vitis/tps/tcl/tcllib2.0/yaml/json2huddle.tcl 
Execute           source /usr/lib/AMD/2025.2/Vitis/tps/tcl/tcllib2.0/try/try.tcl 
INFO: [HLS 200-10] Analyzing design file 'firmware/myproject.cpp' ... 
INFO-FLOW: Compiling one TU...
INFO-FLOW: Handling firmware/myproject.cpp as C++
Execute         ap_part_info -name xck26-sfvc784-2LV-c -data info 
INFO-FLOW: Running: GCC PP 39
INFO-FLOW: Source preprocessing
INFO-FLOW: run_clang myproject.cpp.clang exec: /usr/lib/AMD/2025.2/Vitis/lnx64/tools/clang-16/bin/clang firmware/myproject.cpp -foptimization-record-file=/home/ncgadmin/Bachelor/HLS4ML_testbench_KV260/development/MNIST_CNN/2/hls4ml_prj_mnist_hls4ml_VU/myproject_prj/solution1/.autopilot/db/myproject.cpp.clang.diag.yml -mllvm -pass-remarks-missed=reflow|pasta|unroll|inline -mllvm -pass-remarks=reflow|pasta|unroll|inline -fno-limit-debug-info --gcc-toolchain=/usr/lib/AMD/2025.2/Vitis/tps/lnx64/gcc-8.3.0 -fhls -fno-exceptions -insert-hls-directive=/home/ncgadmin/Bachelor/HLS4ML_testbench_KV260/development/MNIST_CNN/2/hls4ml_prj_mnist_hls4ml_VU/myproject_prj/solution1/.autopilot/db/all.directive.json -hls-directive-location -E -std=c++0x -fno-math-errno -c -emit-llvm -mllvm -disable-llvm-optzns -Xclang -no-opaque-pointers -Xclang -fmerge-all-constants -Werror=implicit-hls-streams -Werror=return-type -Wpragmas -Wunused-parameter -Wdump-hls-pragmas -Wno-error=dump-hls-pragmas -hls-clock-period=5 -fno-threadsafe-statics -fno-use-cxa-atexit -target fpga64-xilinx-linux-gnu -fno-threadsafe-statics -fno-use-cxa-atexit -D__VITIS_HLS__ -DAESL_SYN -D__SYNTHESIS__ -D__HLS_SYN__ -I /usr/lib/AMD/2025.2/Vitis/common/technology/autopilot -I /usr/lib/AMD/2025.2/Vitis/common/technology/autopilot/ap_sysc -include etc/autopilot_ssdm_op.h -D__DSP48E2__ -I /usr/include/x86_64-linux-gnu -o /home/ncgadmin/Bachelor/HLS4ML_testbench_KV260/development/MNIST_CNN/2/hls4ml_prj_mnist_hls4ml_VU/myproject_prj/solution1/.autopilot/db/myproject.pp.0.cpp -hls-platform-db-name=/usr/lib/AMD/2025.2/Vitis/common/technology/xilinx/common/platform.db -hls-platform-name=zynquplus_medium -device-resource-info=BRAM_288.000000_DSP_1248.000000_FF_234240.000000_LUT_117120.000000_SLICE_14640.000000_URAM_64.000000 -device-name-info=xck26-sfvc784-2LV-c > /home/ncgadmin/Bachelor/HLS4ML_testbench_KV260/development/MNIST_CNN/2/hls4ml_prj_mnist_hls4ml_VU/myproject_prj/solution1/.autopilot/db/myproject.cpp.clang.out.log 2> /home/ncgadmin/Bachelor/HLS4ML_testbench_KV260/development/MNIST_CNN/2/hls4ml_prj_mnist_hls4ml_VU/myproject_prj/solution1/.autopilot/db/myproject.cpp.clang.err.log
INFO-FLOW: run_clang result=success num-err-msgs=0 num-stderr-lines=0
INFO-FLOW: Done: GCC PP 39 time: 0.2 seconds 
INFO-FLOW: Source syntax check for synthesis
INFO-FLOW: run_clang clang exec: /usr/lib/AMD/2025.2/Vitis/lnx64/tools/clang-16/bin/clang -foptimization-record-file=/home/ncgadmin/Bachelor/HLS4ML_testbench_KV260/development/MNIST_CNN/2/hls4ml_prj_mnist_hls4ml_VU/myproject_prj/solution1/.autopilot/db/clang.diag.yml -mllvm -pass-remarks-missed=reflow|pasta|unroll|inline -mllvm -pass-remarks=reflow|pasta|unroll|inline -fsyntax-only -fhls -target fpga64-xilinx-linux-gnu /home/ncgadmin/Bachelor/HLS4ML_testbench_KV260/development/MNIST_CNN/2/hls4ml_prj_mnist_hls4ml_VU/myproject_prj/solution1/.autopilot/db/myproject.pp.0.cpp -hls-platform-db-name=/usr/lib/AMD/2025.2/Vitis/common/technology/xilinx/common/platform.db -hls-platform-name=zynquplus_medium -device-resource-info=BRAM_288.000000_DSP_1248.000000_FF_234240.000000_LUT_117120.000000_SLICE_14640.000000_URAM_64.000000 -device-name-info=xck26-sfvc784-2LV-c > /home/ncgadmin/Bachelor/HLS4ML_testbench_KV260/development/MNIST_CNN/2/hls4ml_prj_mnist_hls4ml_VU/myproject_prj/solution1/.autopilot/db/clang.out.log 2> /home/ncgadmin/Bachelor/HLS4ML_testbench_KV260/development/MNIST_CNN/2/hls4ml_prj_mnist_hls4ml_VU/myproject_prj/solution1/.autopilot/db/clang.err.log
WARNING: [HLS 207-7036] unexpected pragma argument 'softmax', expects function/operation (firmware/nnet_utils/nnet_activation.h:402:36)
WARNING: [HLS 207-6996] 'Resource pragma' is deprecated, use 'bind_op/bind_storage pragma' instead (firmware/nnet_utils/nnet_dense_resource.h:33:13)
WARNING: [HLS 207-6996] 'Resource pragma' is deprecated, use 'bind_op/bind_storage pragma' instead (firmware/nnet_utils/nnet_dense_resource.h:107:13)
WARNING: [HLS 207-6996] 'Resource pragma' is deprecated, use 'bind_op/bind_storage pragma' instead (firmware/nnet_utils/nnet_dense_resource.h:189:13)
WARNING: [HLS 207-7042] ALLOCATION pragma is ignored, because Instances value is not valid function pointer expression  (firmware/nnet_utils/nnet_pooling.h:180:43)
INFO: [HLS 207-5221] in instantiation of function template specialization 'nnet::pooling2d_cl<ap_ufixed<7, 4>, ap_ufixed<4, 2, AP_RND>, config5>' requested here (firmware/myproject.cpp:59:11)
INFO: [HLS 207-5221] in instantiation of function template specialization 'nnet::pooling2d_cl<ap_ufixed<9, 3>, ap_ufixed<4, 2, AP_RND>, config9>' requested here (firmware/myproject.cpp:65:11)
INFO-FLOW: run_clang result=success num-err-msgs=0 num-stderr-lines=0
Execute         clang_tidy xilinx-systemc-detector -desc systemc-detector /home/ncgadmin/Bachelor/HLS4ML_testbench_KV260/development/MNIST_CNN/2/hls4ml_prj_mnist_hls4ml_VU/myproject_prj/solution1/.autopilot/db/myproject.pp.0.cpp std=c++0x -target fpga -directive=/home/ncgadmin/Bachelor/HLS4ML_testbench_KV260/development/MNIST_CNN/2/hls4ml_prj_mnist_hls4ml_VU/myproject_prj/solution1/.autopilot/db/.systemc_flag 
INFO-FLOW: exec /usr/lib/AMD/2025.2/Vitis/lnx64/tools/clang-16/bin/clang-tidy -header-filter=.* --checks=-*,xilinx-systemc-detector -import-directive=/home/ncgadmin/Bachelor/HLS4ML_testbench_KV260/development/MNIST_CNN/2/hls4ml_prj_mnist_hls4ml_VU/myproject_prj/solution1/.autopilot/db/.systemc_flag -fix-errors /home/ncgadmin/Bachelor/HLS4ML_testbench_KV260/development/MNIST_CNN/2/hls4ml_prj_mnist_hls4ml_VU/myproject_prj/solution1/.autopilot/db/myproject.pp.0.cpp -- -std=c++0x -target fpga -fhls -ferror-limit=0
Command         clang_tidy done; 1.78 sec.
INFO-FLOW: Running: clang-tidy CDT preprocess 39
Execute         clang_tidy xilinx-directive2pragma -desc directive2pragma /home/ncgadmin/Bachelor/HLS4ML_testbench_KV260/development/MNIST_CNN/2/hls4ml_prj_mnist_hls4ml_VU/myproject_prj/solution1/.autopilot/db/myproject.pp.0.cpp std=c++0x -target fpga -directive=/home/ncgadmin/Bachelor/HLS4ML_testbench_KV260/development/MNIST_CNN/2/hls4ml_prj_mnist_hls4ml_VU/myproject_prj/solution1/.autopilot/db/all.directive.json 
INFO-FLOW: exec /usr/lib/AMD/2025.2/Vitis/lnx64/tools/clang-16/bin/clang-tidy -header-filter=.* --checks=-*,xilinx-directive2pragma -import-directive=/home/ncgadmin/Bachelor/HLS4ML_testbench_KV260/development/MNIST_CNN/2/hls4ml_prj_mnist_hls4ml_VU/myproject_prj/solution1/.autopilot/db/all.directive.json -fix-errors /home/ncgadmin/Bachelor/HLS4ML_testbench_KV260/development/MNIST_CNN/2/hls4ml_prj_mnist_hls4ml_VU/myproject_prj/solution1/.autopilot/db/myproject.pp.0.cpp -- -std=c++0x -target fpga -fhls -ferror-limit=0
Command         clang_tidy done; 2.11 sec.
INFO-FLOW: Done: clang-tidy CDT preprocess 39 time: 2.1 seconds 
INFO-FLOW: Calling xilinx-label-all-loops ... 
INFO-FLOW: Calling xilinx-aggregate-on-hls-vector ... 
Execute         clang_tidy -errorcheck -desc loop-label xilinx-label-all-loops,xilinx-aggregate-on-hls-vector,,xilinx-warn-mayneed-no-ctor-attribute /home/ncgadmin/Bachelor/HLS4ML_testbench_KV260/development/MNIST_CNN/2/hls4ml_prj_mnist_hls4ml_VU/myproject_prj/solution1/.autopilot/db/myproject.pp.0.cpp std=c++0x -target fpga 
INFO-FLOW: run_clang loop-label exec: /usr/lib/AMD/2025.2/Vitis/lnx64/tools/clang-16/bin/clang-tidy -export-fixes=/home/ncgadmin/Bachelor/HLS4ML_testbench_KV260/development/MNIST_CNN/2/hls4ml_prj_mnist_hls4ml_VU/myproject_prj/solution1/.autopilot/db/myproject.pp.0.cpp.clang-tidy.loop-label.diag.yml -header-filter=.* --checks=-*,xilinx-label-all-loops,xilinx-aggregate-on-hls-vector,,xilinx-warn-mayneed-no-ctor-attribute -fix-errors /home/ncgadmin/Bachelor/HLS4ML_testbench_KV260/development/MNIST_CNN/2/hls4ml_prj_mnist_hls4ml_VU/myproject_prj/solution1/.autopilot/db/myproject.pp.0.cpp -- -std=c++0x -target fpga -fhls -ferror-limit=0 > /home/ncgadmin/Bachelor/HLS4ML_testbench_KV260/development/MNIST_CNN/2/hls4ml_prj_mnist_hls4ml_VU/myproject_prj/solution1/.autopilot/db/myproject.pp.0.cpp.clang-tidy.loop-label.out.log 2> /home/ncgadmin/Bachelor/HLS4ML_testbench_KV260/development/MNIST_CNN/2/hls4ml_prj_mnist_hls4ml_VU/myproject_prj/solution1/.autopilot/db/myproject.pp.0.cpp.clang-tidy.loop-label.err.log
Execute           source /usr/lib/AMD/2025.2/Vitis/tps/tcl/tcllib2.0/yaml/yaml.tcl 
Execute             source /usr/lib/AMD/2025.2/Vitis/tps/tcl/tcllib2.0/cmdline/cmdline.tcl 
INFO-FLOW: run_clang result=success num-err-msgs=0 num-stderr-lines=529
Command         clang_tidy done; 3.21 sec.
INFO-FLOW: run_clang myproject.pp.0.cpp.xilinx-dataflow-lawyer exec: /usr/lib/AMD/2025.2/Vitis/lnx64/tools/clang-16/bin/xilinx-dataflow-lawyer -export-fixes=/home/ncgadmin/Bachelor/HLS4ML_testbench_KV260/development/MNIST_CNN/2/hls4ml_prj_mnist_hls4ml_VU/myproject_prj/solution1/.autopilot/db/myproject.pp.0.cpp.xilinx-dataflow-lawyer.diag.yml /home/ncgadmin/Bachelor/HLS4ML_testbench_KV260/development/MNIST_CNN/2/hls4ml_prj_mnist_hls4ml_VU/myproject_prj/solution1/.autopilot/db/myproject.pp.0.cpp -- -std=c++0x -target fpga -fhls -ferror-limit=0 -fstrict-dataflow > /home/ncgadmin/Bachelor/HLS4ML_testbench_KV260/development/MNIST_CNN/2/hls4ml_prj_mnist_hls4ml_VU/myproject_prj/solution1/.autopilot/db/myproject.pp.0.cpp.xilinx-dataflow-lawyer.out.log 2> /home/ncgadmin/Bachelor/HLS4ML_testbench_KV260/development/MNIST_CNN/2/hls4ml_prj_mnist_hls4ml_VU/myproject_prj/solution1/.autopilot/db/myproject.pp.0.cpp.xilinx-dataflow-lawyer.err.log
INFO-FLOW: run_clang result=success num-err-msgs=0 num-stderr-lines=16
Execute         ap_part_info -name xck26-sfvc784-2LV-c -data info 
INFO-FLOW: compiling source code to llvm bc
INFO-FLOW: run_clang myproject.pp.0.cpp.clang exec: /usr/lib/AMD/2025.2/Vitis/lnx64/tools/clang-16/bin/clang -foptimization-record-file=/home/ncgadmin/Bachelor/HLS4ML_testbench_KV260/development/MNIST_CNN/2/hls4ml_prj_mnist_hls4ml_VU/myproject_prj/solution1/.autopilot/db/myproject.pp.0.cpp.clang.diag.yml -mllvm -pass-remarks-missed=reflow|pasta|unroll|inline -mllvm -pass-remarks=reflow|pasta|unroll|inline -flto -fno-exceptions -Wno-error=c++11-narrowing -fno-limit-debug-info -fhls -hls-emit-hint-scope /home/ncgadmin/Bachelor/HLS4ML_testbench_KV260/development/MNIST_CNN/2/hls4ml_prj_mnist_hls4ml_VU/myproject_prj/solution1/.autopilot/db/myproject.pp.0.cpp -std=c++0x -fno-math-errno -c -emit-llvm -mllvm -disable-llvm-optzns -Xclang -no-opaque-pointers -Xclang -fmerge-all-constants -Werror=implicit-hls-streams -Werror=return-type -Wpragmas -Wunused-parameter -Wdump-hls-pragmas -Wno-error=dump-hls-pragmas -hls-clock-period=5 -fno-threadsafe-statics -fno-use-cxa-atexit -target fpga64-xilinx-linux-gnu -D__VITIS_HLS__ -DAESL_SYN -D__SYNTHESIS__ -D__HLS_SYN__ -I /usr/lib/AMD/2025.2/Vitis/common/technology/autopilot -I /usr/lib/AMD/2025.2/Vitis/common/technology/autopilot/ap_sysc -include etc/autopilot_ssdm_op.h -D__DSP48E2__ -g -o /home/ncgadmin/Bachelor/HLS4ML_testbench_KV260/development/MNIST_CNN/2/hls4ml_prj_mnist_hls4ml_VU/myproject_prj/solution1/.autopilot/db/myproject.pre.g.bc -hls-platform-db-name=/usr/lib/AMD/2025.2/Vitis/common/technology/xilinx/common/platform.db -hls-platform-name=zynquplus_medium -device-resource-info=BRAM_288.000000_DSP_1248.000000_FF_234240.000000_LUT_117120.000000_SLICE_14640.000000_URAM_64.000000 -device-name-info=xck26-sfvc784-2LV-c > /home/ncgadmin/Bachelor/HLS4ML_testbench_KV260/development/MNIST_CNN/2/hls4ml_prj_mnist_hls4ml_VU/myproject_prj/solution1/.autopilot/db/myproject.pp.0.cpp.clang.out.log 2> /home/ncgadmin/Bachelor/HLS4ML_testbench_KV260/development/MNIST_CNN/2/hls4ml_prj_mnist_hls4ml_VU/myproject_prj/solution1/.autopilot/db/myproject.pp.0.cpp.clang.err.log
WARNING: [HLS 207-4982] variable templates are a C++14 extension (/usr/lib/AMD/2025.2/Vitis/common/technology/autopilot/ap_axi_sdata.h:38:23)
WARNING: [HLS 207-4982] variable templates are a C++14 extension (/usr/lib/AMD/2025.2/Vitis/common/technology/autopilot/ap_axi_sdata.h:54:23)
WARNING: [HLS 207-1655] constexpr if is a C++17 extension (/usr/lib/AMD/2025.2/Vitis/common/technology/autopilot/ap_axi_sdata.h:219:8)
WARNING: [HLS 207-1655] constexpr if is a C++17 extension (/usr/lib/AMD/2025.2/Vitis/common/technology/autopilot/ap_axi_sdata.h:220:8)
WARNING: [HLS 207-1655] constexpr if is a C++17 extension (/usr/lib/AMD/2025.2/Vitis/common/technology/autopilot/ap_axi_sdata.h:221:8)
WARNING: [HLS 207-1655] constexpr if is a C++17 extension (/usr/lib/AMD/2025.2/Vitis/common/technology/autopilot/ap_axi_sdata.h:222:8)
WARNING: [HLS 207-1655] constexpr if is a C++17 extension (/usr/lib/AMD/2025.2/Vitis/common/technology/autopilot/ap_axi_sdata.h:223:8)
WARNING: [HLS 207-1655] constexpr if is a C++17 extension (/usr/lib/AMD/2025.2/Vitis/common/technology/autopilot/ap_axi_sdata.h:224:8)
WARNING: [HLS 207-1655] constexpr if is a C++17 extension (/usr/lib/AMD/2025.2/Vitis/common/technology/autopilot/ap_axi_sdata.h:238:8)
WARNING: [HLS 207-1655] constexpr if is a C++17 extension (/usr/lib/AMD/2025.2/Vitis/common/technology/autopilot/ap_axi_sdata.h:239:8)
WARNING: [HLS 207-1655] constexpr if is a C++17 extension (/usr/lib/AMD/2025.2/Vitis/common/technology/autopilot/ap_axi_sdata.h:240:8)
WARNING: [HLS 207-1655] constexpr if is a C++17 extension (/usr/lib/AMD/2025.2/Vitis/common/technology/autopilot/ap_axi_sdata.h:241:8)
WARNING: [HLS 207-1655] constexpr if is a C++17 extension (/usr/lib/AMD/2025.2/Vitis/common/technology/autopilot/ap_axi_sdata.h:242:8)
WARNING: [HLS 207-1655] constexpr if is a C++17 extension (/usr/lib/AMD/2025.2/Vitis/common/technology/autopilot/ap_axi_sdata.h:243:8)
WARNING: [HLS 207-1655] constexpr if is a C++17 extension (/usr/lib/AMD/2025.2/Vitis/common/technology/autopilot/ap_axi_sdata.h:244:8)
WARNING: [HLS 207-6591] unused parameter 'keep' (firmware/nnet_utils/nnet_helpers.h:329:99)
WARNING: [HLS 207-6591] unused parameter 'data' (firmware/nnet_utils/nnet_function_stubs.h:14:36)
WARNING: [HLS 207-6591] unused parameter 'buffer' (firmware/nnet_utils/nnet_function_stubs.h:15:36)
WARNING: [HLS 207-6591] unused parameter 'partition' (firmware/nnet_utils/nnet_function_stubs.h:16:44)
WARNING: [HLS 207-6591] unused parameter 'data' (firmware/nnet_utils/nnet_function_stubs.h:24:24)
WARNING: [HLS 207-6591] unused parameter 'buffer' (firmware/nnet_utils/nnet_function_stubs.h:25:24)
WARNING: [HLS 207-6591] unused parameter 'partition' (firmware/nnet_utils/nnet_function_stubs.h:26:32)
WARNING: [HLS 207-6591] unused parameter 'data' (firmware/nnet_utils/nnet_function_stubs.h:33:30)
WARNING: [HLS 207-6591] unused parameter 'res' (firmware/nnet_utils/nnet_function_stubs.h:33:58)
WARNING: [HLS 207-6591] unused parameter 'weights' (firmware/nnet_utils/nnet_function_stubs.h:34:51)
WARNING: [HLS 207-6591] unused parameter 'biases' (firmware/nnet_utils/nnet_function_stubs.h:35:49)
WARNING: [HLS 207-6591] unused parameter 'data' (firmware/nnet_utils/nnet_function_stubs.h:42:30)
WARNING: [HLS 207-6591] unused parameter 'res' (firmware/nnet_utils/nnet_function_stubs.h:42:58)
WARNING: [HLS 207-6591] unused parameter 'weights' (firmware/nnet_utils/nnet_function_stubs.h:43:51)
WARNING: [HLS 207-6591] unused parameter 'biases' (firmware/nnet_utils/nnet_function_stubs.h:44:49)
WARNING: [HLS 207-6591] unused parameter 'data' (firmware/nnet_utils/nnet_function_stubs.h:51:29)
WARNING: [HLS 207-6591] unused parameter 'res' (firmware/nnet_utils/nnet_function_stubs.h:51:80)
WARNING: [HLS 207-6591] unused parameter 'weights' (firmware/nnet_utils/nnet_function_stubs.h:52:50)
WARNING: [HLS 207-6591] unused parameter 'biases' (firmware/nnet_utils/nnet_function_stubs.h:53:48)
WARNING: [HLS 207-6591] unused parameter 'data' (firmware/nnet_utils/nnet_code_gen.h:16:39)
WARNING: [HLS 207-6591] unused parameter 'res' (firmware/nnet_utils/nnet_code_gen.h:17:38)
WARNING: [HLS 207-6591] unused parameter 'weights' (firmware/nnet_utils/nnet_code_gen.h:18:60)
WARNING: [HLS 207-6591] unused parameter 'biases' (firmware/nnet_utils/nnet_code_gen.h:19:58)
INFO-FLOW: run_clang result=success num-err-msgs=0 num-stderr-lines=0
INFO-FLOW: converting llvm 16.0.4 bc to downstrem bc
INFO-FLOW: run_clang myproject.bc.llvm-converter exec: /usr/lib/AMD/2025.2/Vitis/lnx64/tools/clang-16/bin/llvm-converter -opaque-pointers=0 /home/ncgadmin/Bachelor/HLS4ML_testbench_KV260/development/MNIST_CNN/2/hls4ml_prj_mnist_hls4ml_VU/myproject_prj/solution1/.autopilot/db/myproject.pre.g.bc -o /home/ncgadmin/Bachelor/HLS4ML_testbench_KV260/development/MNIST_CNN/2/hls4ml_prj_mnist_hls4ml_VU/myproject_prj/solution1/.autopilot/db/myproject.bc > /home/ncgadmin/Bachelor/HLS4ML_testbench_KV260/development/MNIST_CNN/2/hls4ml_prj_mnist_hls4ml_VU/myproject_prj/solution1/.autopilot/db/myproject.bc.llvm-converter.out.log 2> /home/ncgadmin/Bachelor/HLS4ML_testbench_KV260/development/MNIST_CNN/2/hls4ml_prj_mnist_hls4ml_VU/myproject_prj/solution1/.autopilot/db/myproject.bc.llvm-converter.err.log
INFO-FLOW: run_clang result=success num-err-msgs=0 num-stderr-lines=0
INFO: [HLS 200-111] Finished Source Code Analysis and Preprocessing: CPU user time: 12.74 seconds. CPU system time: 0.5 seconds. Elapsed time: 13.25 seconds; current allocated memory: 252.141 MB.
INFO-FLOW: Linking Debug ...
INFO-FLOW: Linking dut bc code.
Execute         run_link_or_opt -out /home/ncgadmin/Bachelor/HLS4ML_testbench_KV260/development/MNIST_CNN/2/hls4ml_prj_mnist_hls4ml_VU/myproject_prj/solution1/.autopilot/db/a.g.ld.0.bc -args /home/ncgadmin/Bachelor/HLS4ML_testbench_KV260/development/MNIST_CNN/2/hls4ml_prj_mnist_hls4ml_VU/myproject_prj/solution1/.autopilot/db/myproject.bc 
INFO-FLOW: run_clang a.g.ld.0.bc.llvm-link exec: /usr/lib/AMD/2025.2/Vitis/lnx64/tools/clang-3.9-csynth/bin/llvm-link /home/ncgadmin/Bachelor/HLS4ML_testbench_KV260/development/MNIST_CNN/2/hls4ml_prj_mnist_hls4ml_VU/myproject_prj/solution1/.autopilot/db/myproject.bc -o /home/ncgadmin/Bachelor/HLS4ML_testbench_KV260/development/MNIST_CNN/2/hls4ml_prj_mnist_hls4ml_VU/myproject_prj/solution1/.autopilot/db/a.g.ld.0.bc > /home/ncgadmin/Bachelor/HLS4ML_testbench_KV260/development/MNIST_CNN/2/hls4ml_prj_mnist_hls4ml_VU/myproject_prj/solution1/.autopilot/db/a.g.ld.0.bc.llvm-link.out.log 2> /home/ncgadmin/Bachelor/HLS4ML_testbench_KV260/development/MNIST_CNN/2/hls4ml_prj_mnist_hls4ml_VU/myproject_prj/solution1/.autopilot/db/a.g.ld.0.bc.llvm-link.err.log
INFO-FLOW: run_clang result=success num-err-msgs=0 num-stderr-lines=0
Command         run_link_or_opt done; 0.27 sec.
Execute         run_link_or_opt -opt -out /home/ncgadmin/Bachelor/HLS4ML_testbench_KV260/development/MNIST_CNN/2/hls4ml_prj_mnist_hls4ml_VU/myproject_prj/solution1/.autopilot/db/a.g.ld.1.lower.bc -args /home/ncgadmin/Bachelor/HLS4ML_testbench_KV260/development/MNIST_CNN/2/hls4ml_prj_mnist_hls4ml_VU/myproject_prj/solution1/.autopilot/db/a.g.ld.0.bc -reflow-lower-math-intrinsics 
INFO-FLOW: run_clang a.g.ld.1.lower.bc.opt exec: /usr/lib/AMD/2025.2/Vitis/lnx64/tools/clang-3.9-csynth/bin/opt -pass-remarks-missed=reflow|pasta|unroll|inline -pass-remarks=reflow|pasta|unroll|inline -pass-remarks-output=/home/ncgadmin/Bachelor/HLS4ML_testbench_KV260/development/MNIST_CNN/2/hls4ml_prj_mnist_hls4ml_VU/myproject_prj/solution1/.autopilot/db/a.g.ld.1.lower.bc.opt.diag.yml /home/ncgadmin/Bachelor/HLS4ML_testbench_KV260/development/MNIST_CNN/2/hls4ml_prj_mnist_hls4ml_VU/myproject_prj/solution1/.autopilot/db/a.g.ld.0.bc -reflow-lower-math-intrinsics -o /home/ncgadmin/Bachelor/HLS4ML_testbench_KV260/development/MNIST_CNN/2/hls4ml_prj_mnist_hls4ml_VU/myproject_prj/solution1/.autopilot/db/a.g.ld.1.lower.bc > /home/ncgadmin/Bachelor/HLS4ML_testbench_KV260/development/MNIST_CNN/2/hls4ml_prj_mnist_hls4ml_VU/myproject_prj/solution1/.autopilot/db/a.g.ld.1.lower.bc.opt.out.log 2> /home/ncgadmin/Bachelor/HLS4ML_testbench_KV260/development/MNIST_CNN/2/hls4ml_prj_mnist_hls4ml_VU/myproject_prj/solution1/.autopilot/db/a.g.ld.1.lower.bc.opt.err.log
INFO-FLOW: run_clang result=success num-err-msgs=0 num-stderr-lines=0
INFO-FLOW: Running: gen_design_size_report post-opt
INFO-FLOW: Done: gen_design_size_report post-opt time: 0 seconds 
Command         run_link_or_opt done; 0.28 sec.
INFO-FLOW: Linking math bc lib
Execute         run_link_or_opt -out /home/ncgadmin/Bachelor/HLS4ML_testbench_KV260/development/MNIST_CNN/2/hls4ml_prj_mnist_hls4ml_VU/myproject_prj/solution1/.autopilot/db/a.g.ld.2.m1.bc -args /home/ncgadmin/Bachelor/HLS4ML_testbench_KV260/development/MNIST_CNN/2/hls4ml_prj_mnist_hls4ml_VU/myproject_prj/solution1/.autopilot/db/a.g.ld.1.lower.bc -only-needed /usr/lib/AMD/2025.2/Vitis/lnx64/lib/libhlsm_39.bc /usr/lib/AMD/2025.2/Vitis/lnx64/lib/libhlsmc++_39.bc 
INFO-FLOW: run_clang a.g.ld.2.m1.bc.llvm-link exec: /usr/lib/AMD/2025.2/Vitis/lnx64/tools/clang-3.9-csynth/bin/llvm-link /home/ncgadmin/Bachelor/HLS4ML_testbench_KV260/development/MNIST_CNN/2/hls4ml_prj_mnist_hls4ml_VU/myproject_prj/solution1/.autopilot/db/a.g.ld.1.lower.bc -only-needed /usr/lib/AMD/2025.2/Vitis/lnx64/lib/libhlsm_39.bc /usr/lib/AMD/2025.2/Vitis/lnx64/lib/libhlsmc++_39.bc -o /home/ncgadmin/Bachelor/HLS4ML_testbench_KV260/development/MNIST_CNN/2/hls4ml_prj_mnist_hls4ml_VU/myproject_prj/solution1/.autopilot/db/a.g.ld.2.m1.bc > /home/ncgadmin/Bachelor/HLS4ML_testbench_KV260/development/MNIST_CNN/2/hls4ml_prj_mnist_hls4ml_VU/myproject_prj/solution1/.autopilot/db/a.g.ld.2.m1.bc.llvm-link.out.log 2> /home/ncgadmin/Bachelor/HLS4ML_testbench_KV260/development/MNIST_CNN/2/hls4ml_prj_mnist_hls4ml_VU/myproject_prj/solution1/.autopilot/db/a.g.ld.2.m1.bc.llvm-link.err.log
INFO-FLOW: run_clang result=success num-err-msgs=0 num-stderr-lines=0
Command         run_link_or_opt done; 1.36 sec.
Execute         run_link_or_opt -opt -out /home/ncgadmin/Bachelor/HLS4ML_testbench_KV260/development/MNIST_CNN/2/hls4ml_prj_mnist_hls4ml_VU/myproject_prj/solution1/.autopilot/db/a.g.ld.3.fpc.bc -args /home/ncgadmin/Bachelor/HLS4ML_testbench_KV260/development/MNIST_CNN/2/hls4ml_prj_mnist_hls4ml_VU/myproject_prj/solution1/.autopilot/db/a.g.ld.2.m1.bc -reflow-globaldce -hls-top-function-name=myproject -reflow-float-conversion 
INFO-FLOW: run_clang a.g.ld.3.fpc.bc.opt exec: /usr/lib/AMD/2025.2/Vitis/lnx64/tools/clang-3.9-csynth/bin/opt -pass-remarks-missed=reflow|pasta|unroll|inline -pass-remarks=reflow|pasta|unroll|inline -pass-remarks-output=/home/ncgadmin/Bachelor/HLS4ML_testbench_KV260/development/MNIST_CNN/2/hls4ml_prj_mnist_hls4ml_VU/myproject_prj/solution1/.autopilot/db/a.g.ld.3.fpc.bc.opt.diag.yml /home/ncgadmin/Bachelor/HLS4ML_testbench_KV260/development/MNIST_CNN/2/hls4ml_prj_mnist_hls4ml_VU/myproject_prj/solution1/.autopilot/db/a.g.ld.2.m1.bc -reflow-globaldce -hls-top-function-name=myproject -reflow-float-conversion -o /home/ncgadmin/Bachelor/HLS4ML_testbench_KV260/development/MNIST_CNN/2/hls4ml_prj_mnist_hls4ml_VU/myproject_prj/solution1/.autopilot/db/a.g.ld.3.fpc.bc > /home/ncgadmin/Bachelor/HLS4ML_testbench_KV260/development/MNIST_CNN/2/hls4ml_prj_mnist_hls4ml_VU/myproject_prj/solution1/.autopilot/db/a.g.ld.3.fpc.bc.opt.out.log 2> /home/ncgadmin/Bachelor/HLS4ML_testbench_KV260/development/MNIST_CNN/2/hls4ml_prj_mnist_hls4ml_VU/myproject_prj/solution1/.autopilot/db/a.g.ld.3.fpc.bc.opt.err.log
INFO-FLOW: run_clang result=success num-err-msgs=0 num-stderr-lines=0
INFO-FLOW: Running: gen_design_size_report post-opt
INFO-FLOW: Done: gen_design_size_report post-opt time: 0 seconds 
Command         run_link_or_opt done; 0.72 sec.
Execute         run_link_or_opt -out /home/ncgadmin/Bachelor/HLS4ML_testbench_KV260/development/MNIST_CNN/2/hls4ml_prj_mnist_hls4ml_VU/myproject_prj/solution1/.autopilot/db/a.g.ld.4.m2.bc -args /home/ncgadmin/Bachelor/HLS4ML_testbench_KV260/development/MNIST_CNN/2/hls4ml_prj_mnist_hls4ml_VU/myproject_prj/solution1/.autopilot/db/a.g.ld.3.fpc.bc -only-needed /usr/lib/AMD/2025.2/Vitis/lnx64/lib/libfloatconversion_39.bc 
INFO-FLOW: run_clang a.g.ld.4.m2.bc.llvm-link exec: /usr/lib/AMD/2025.2/Vitis/lnx64/tools/clang-3.9-csynth/bin/llvm-link /home/ncgadmin/Bachelor/HLS4ML_testbench_KV260/development/MNIST_CNN/2/hls4ml_prj_mnist_hls4ml_VU/myproject_prj/solution1/.autopilot/db/a.g.ld.3.fpc.bc -only-needed /usr/lib/AMD/2025.2/Vitis/lnx64/lib/libfloatconversion_39.bc -o /home/ncgadmin/Bachelor/HLS4ML_testbench_KV260/development/MNIST_CNN/2/hls4ml_prj_mnist_hls4ml_VU/myproject_prj/solution1/.autopilot/db/a.g.ld.4.m2.bc > /home/ncgadmin/Bachelor/HLS4ML_testbench_KV260/development/MNIST_CNN/2/hls4ml_prj_mnist_hls4ml_VU/myproject_prj/solution1/.autopilot/db/a.g.ld.4.m2.bc.llvm-link.out.log 2> /home/ncgadmin/Bachelor/HLS4ML_testbench_KV260/development/MNIST_CNN/2/hls4ml_prj_mnist_hls4ml_VU/myproject_prj/solution1/.autopilot/db/a.g.ld.4.m2.bc.llvm-link.err.log
INFO-FLOW: run_clang result=success num-err-msgs=0 num-stderr-lines=0
Command         run_link_or_opt done; 0.28 sec.
Execute         run_link_or_opt -opt -out /home/ncgadmin/Bachelor/HLS4ML_testbench_KV260/development/MNIST_CNN/2/hls4ml_prj_mnist_hls4ml_VU/myproject_prj/solution1/.autopilot/db/a.g.ld.5.gdce.bc -args /home/ncgadmin/Bachelor/HLS4ML_testbench_KV260/development/MNIST_CNN/2/hls4ml_prj_mnist_hls4ml_VU/myproject_prj/solution1/.autopilot/db/a.g.ld.4.m2.bc -reflow-globaldce -hls-top-function-name=myproject 
INFO-FLOW: run_clang a.g.ld.5.gdce.bc.opt exec: /usr/lib/AMD/2025.2/Vitis/lnx64/tools/clang-3.9-csynth/bin/opt -pass-remarks-missed=reflow|pasta|unroll|inline -pass-remarks=reflow|pasta|unroll|inline -pass-remarks-output=/home/ncgadmin/Bachelor/HLS4ML_testbench_KV260/development/MNIST_CNN/2/hls4ml_prj_mnist_hls4ml_VU/myproject_prj/solution1/.autopilot/db/a.g.ld.5.gdce.bc.opt.diag.yml /home/ncgadmin/Bachelor/HLS4ML_testbench_KV260/development/MNIST_CNN/2/hls4ml_prj_mnist_hls4ml_VU/myproject_prj/solution1/.autopilot/db/a.g.ld.4.m2.bc -reflow-globaldce -hls-top-function-name=myproject -o /home/ncgadmin/Bachelor/HLS4ML_testbench_KV260/development/MNIST_CNN/2/hls4ml_prj_mnist_hls4ml_VU/myproject_prj/solution1/.autopilot/db/a.g.ld.5.gdce.bc > /home/ncgadmin/Bachelor/HLS4ML_testbench_KV260/development/MNIST_CNN/2/hls4ml_prj_mnist_hls4ml_VU/myproject_prj/solution1/.autopilot/db/a.g.ld.5.gdce.bc.opt.out.log 2> /home/ncgadmin/Bachelor/HLS4ML_testbench_KV260/development/MNIST_CNN/2/hls4ml_prj_mnist_hls4ml_VU/myproject_prj/solution1/.autopilot/db/a.g.ld.5.gdce.bc.opt.err.log
INFO-FLOW: run_clang result=success num-err-msgs=0 num-stderr-lines=0
INFO-FLOW: Running: gen_design_size_report post-opt
INFO-FLOW: Done: gen_design_size_report post-opt time: 0 seconds 
Command         run_link_or_opt done; 0.28 sec.
Execute         send_msg_by_id INFO @200-777@%s Vivado 
INFO: [HLS 200-777] Using interface defaults for 'Vivado' flow target.
Execute         is_m_axi_addr64 
INFO-FLOW: Doing LTO.
INFO-FLOW: run_clang reflow (background poll_ms 5000) exec: /usr/lib/AMD/2025.2/Vitis/lnx64/tools/clang-3.9-csynth/bin/clang -foptimization-record-file=/home/ncgadmin/Bachelor/HLS4ML_testbench_KV260/development/MNIST_CNN/2/hls4ml_prj_mnist_hls4ml_VU/myproject_prj/solution1/.autopilot/db/a.g.ld.0.bc.clang.reflow.diag.yml -mllvm -pass-remarks-missed=reflow|pasta|unroll|inline -mllvm -pass-remarks=reflow|pasta|unroll|inline -fhls -mllvm -hls-top-function-name=myproject -mllvm -hls-db-dir -mllvm /home/ncgadmin/Bachelor/HLS4ML_testbench_KV260/development/MNIST_CNN/2/hls4ml_prj_mnist_hls4ml_VU/myproject_prj/solution1/.autopilot/db -emit-llvm -c -target fpga64-xilinx-none -mllvm -xcl-xmlinfo=/home/ncgadmin/Bachelor/HLS4ML_testbench_KV260/development/MNIST_CNN/2/hls4ml_prj_mnist_hls4ml_VU/myproject_prj/solution1/.autopilot/db/kernel.internal.xml -mllvm -top-io-mapping-info=/home/ncgadmin/Bachelor/HLS4ML_testbench_KV260/development/MNIST_CNN/2/hls4ml_prj_mnist_hls4ml_VU/myproject_prj/solution1/.autopilot/db/top-io-fe.xml -mllvm -hls-bitcode-version=3.1 -mllvm -reflow-enable-slave-interface-default-setting=true -mllvm -gen-kernel-xml=false -mllvm -default-maxi-offset=slave -mllvm -reflow-unroll-size-threshold=10000 -mllvm -reflow-unroll-cost-threshold=1000000 -mllvm -maxi-latency=0 -mllvm -hls-maxi-data-size-in-bits=8 -mllvm -hls-maxi-max-data-size-in-bits=1024 -mllvm -hls-max-widen-size-in-bits=0 -mllvm -xcl-kernel-max-mem-ports=0 -mllvm -maxi-read-trans=16 -mllvm -maxi-write-trans=16 -mllvm -maxi-read-burst-len=16 -mllvm -maxi-write-burst-len=16 -mllvm -reflow-enable-saxi-64bits=0 -mllvm -reflow-basic-block-instr-threshold=200000 -mllvm -reflow-auto-pipeline-threshold=64 -mllvm -reflow-enable-maxi-auto-id-channel=0 -mllvm -reflow-bdd-simplify-threshold=1048576 -mllvm -reflow-fanout-threshold=16 -mllvm -reflow-force-aggressive-unroll=0 -mllvm -reflow-aggressive-unroll-adjust-factor=1.000000 -mllvm -reflow-complete-threshold=4 -mllvm -reflow-array-promotion-threshold=64 -mllvm -reflow-enable-critical-path-for-performance=1 -mllvm -assume-maxi-align=1 -mllvm -reflow-enable-dataflow-strict-mode-checking=1 -ftime-report -mllvm -time-passes -mllvm -reflow-auto-array-partition-mode=default -mllvm -reflow-enable-auto-small-array-partition=true -mllvm -reflow-enable-auto-array-promotion=true -mllvm -reflow-enable-auto-array-partition-for-flatten=true -mllvm -reflow-enable-auto-parallel-performance-driven=true -mllvm -reflow-enable-partition-for-automation=true -mllvm -reflow-aggregate-bitwidth-threshold=4096 -mllvm -reflow-reserved-saxilite-registers=0 -mllvm -enable-reflow-auto-loop-pipeline -mllvm -reflow-max-unroll-threshold=409600 -mllvm -auto-unroll-tripcount-threshold=0 -mllvm -reflow-assume-no-address-wrap=true -mllvm -reflow-enable-occurrence-inference=true -mllvm -reflow-emit-hint-scope=true -mllvm -reflow-enable-codegen-with-if=true -mllvm -reflow-enable-dataflow-canon=true -mllvm -reflow-enable-dataflow-canon2=true -mllvm -reflow-dump-extra-complexity-metric=true -mllvm -reflow-enable-dse-loop-nest-extraction=false -mllvm -hls -mllvm -disable-inlined-alloca-merging=true -mllvm -default-clock-period=5 -mllvm -use_read_first_ram_in_loop=1 -mllvm -default-clock-uncertainty=1.35 -x ir /home/ncgadmin/Bachelor/HLS4ML_testbench_KV260/development/MNIST_CNN/2/hls4ml_prj_mnist_hls4ml_VU/myproject_prj/solution1/.autopilot/db/a.g.ld.5.gdce.bc -o /home/ncgadmin/Bachelor/HLS4ML_testbench_KV260/development/MNIST_CNN/2/hls4ml_prj_mnist_hls4ml_VU/myproject_prj/solution1/.autopilot/db/a.g.lto.bc -hls-platform-db-name=/usr/lib/AMD/2025.2/Vitis/common/technology/xilinx/common/platform.db -hls-platform-name=zynquplus_medium -device-resource-info=BRAM_288.000000_DSP_1248.000000_FF_234240.000000_LUT_117120.000000_SLICE_14640.000000_URAM_64.000000 -device-name-info=xck26-sfvc784-2LV-c 2> /home/ncgadmin/Bachelor/HLS4ML_testbench_KV260/development/MNIST_CNN/2/hls4ml_prj_mnist_hls4ml_VU/myproject_prj/solution1/.autopilot/db/a.g.ld.0.bc.clang.reflow.err.log bg_poll_cmd: ::AP::poll_clang_39_closed_source
Execute         send_msg_by_id WARNING @200-1995@%s%s%s 120,525 Compile/Link (/home/ncgadmin/Bachelor/HLS4ML_testbench_KV260/development/MNIST_CNN/2/hls4ml_prj_mnist_hls4ml_VU/myproject_prj/solution1/syn/report/csynth_design_size.rpt:2) 
WARNING: [HLS 200-1995] There were 120,525 instructions in the design after the 'Compile/Link' phase of compilation. See the Design Size Report for more details (/home/ncgadmin/Bachelor/HLS4ML_testbench_KV260/development/MNIST_CNN/2/hls4ml_prj_mnist_hls4ml_VU/myproject_prj/solution1/syn/report/csynth_design_size.rpt:2)
INFO: [Common 17-41] Interrupt caught. Command should exit soon.
Command       elaborate done; error code: 1; 338.17 sec.
Command     csynth_design done; error code: 1; 339.97 sec.
INFO: [HLS 200-2161] Finished Command csynth_design Elapsed time: 00:05:39; Allocated memory: 25.363 MB.
Command   ap_source done; error code: 1; 340.21 sec.
Command vitis_hls_bin done; error code: 1; 340.21 sec.
INFO: [Common 17-344] 'source' was cancelled
Execute cleanup_all 
