

================================================================
== Vitis HLS Report for 'dense_array_ap_fixed_16u_array_ap_fixed_20_11_5_3_0_3u_config15_s'
================================================================
* Date:           Tue Mar 31 11:55:02 2026

* Version:        2025.2 (Build 6295257 on Nov 14 2025)
* Project:        vitis_unified_project
* Solution:       hls (Vivado IP Flow Target)
* Product family: zynquplus
* Target device:  xck26-sfvc784-2LV-c


================================================================
== Performance Estimates
================================================================
+ Timing: 
    * Summary: 
    +--------+---------+----------+------------+
    |  Clock |  Target | Estimated| Uncertainty|
    +--------+---------+----------+------------+
    |ap_clk  |  5.00 ns|  3.914 ns|     0.62 ns|
    +--------+---------+----------+------------+

+ Latency: 
    * Summary: 
    +---------+---------+-----------+-----------+-----+-----+---------+
    |  Latency (cycles) |   Latency (absolute)  |  Interval | Pipeline|
    |   min   |   max   |    min    |    max    | min | max |   Type  |
    +---------+---------+-----------+-----------+-----+-----+---------+
    |        2|        2|  10.000 ns|  10.000 ns|    2|    2|       no|
    +---------+---------+-----------+-----------+-----+-----+---------+

    + Detail: 
        * Instance: 
        +-----------------------------------------------------------------------------+-------------------------------------------------------------------+---------+---------+----------+----------+-----+-----+---------+
        |                                                                             |                                                                   |  Latency (cycles) |  Latency (absolute) |  Interval | Pipeline|
        |                                   Instance                                  |                               Module                              |   min   |   max   |    min   |    max   | min | max |   Type  |
        +-----------------------------------------------------------------------------+-------------------------------------------------------------------+---------+---------+----------+----------+-----+-----+---------+
        |grp_dense_latency_ap_fixed_12_9_0_3_0_ap_fixed_20_11_5_3_0_config15_s_fu_55  |dense_latency_ap_fixed_12_9_0_3_0_ap_fixed_20_11_5_3_0_config15_s  |        1|        1|  5.000 ns|  5.000 ns|    1|    1|      yes|
        +-----------------------------------------------------------------------------+-------------------------------------------------------------------+---------+---------+----------+----------+-----+-----+---------+

        * Loop: 
        N/A



================================================================
== Utilization Estimates
================================================================
* Summary: 
+-----------------+---------+------+--------+--------+-----+
|       Name      | BRAM_18K|  DSP |   FF   |   LUT  | URAM|
+-----------------+---------+------+--------+--------+-----+
|DSP              |        -|     -|       -|       -|    -|
|Expression       |        -|     -|       0|       2|    -|
|FIFO             |        -|     -|       -|       -|    -|
|Instance         |        -|     1|      60|     369|    -|
|Memory           |        -|     -|       -|       -|    -|
|Multiplexer      |        -|     -|       0|      47|    -|
|Register         |        -|     -|      65|       -|    -|
+-----------------+---------+------+--------+--------+-----+
|Total            |        0|     1|     125|     418|    0|
+-----------------+---------+------+--------+--------+-----+
|Available        |      288|  1248|  234240|  117120|   64|
+-----------------+---------+------+--------+--------+-----+
|Utilization (%)  |        0|    ~0|      ~0|      ~0|    0|
+-----------------+---------+------+--------+--------+-----+

+ Detail: 
    * Instance: 
    +-----------------------------------------------------------------------------+-------------------------------------------------------------------+---------+----+----+-----+-----+
    |                                   Instance                                  |                               Module                              | BRAM_18K| DSP| FF | LUT | URAM|
    +-----------------------------------------------------------------------------+-------------------------------------------------------------------+---------+----+----+-----+-----+
    |grp_dense_latency_ap_fixed_12_9_0_3_0_ap_fixed_20_11_5_3_0_config15_s_fu_55  |dense_latency_ap_fixed_12_9_0_3_0_ap_fixed_20_11_5_3_0_config15_s  |        0|   1|  60|  369|    0|
    +-----------------------------------------------------------------------------+-------------------------------------------------------------------+---------+----+----+-----+-----+
    |Total                                                                        |                                                                   |        0|   1|  60|  369|    0|
    +-----------------------------------------------------------------------------+-------------------------------------------------------------------+---------+----+----+-----+-----+

    * DSP: 
    N/A

    * Memory: 
    N/A

    * FIFO: 
    N/A

    * Expression: 
    +-----------------+----------+----+---+----+------------+------------+
    |  Variable Name  | Operation| DSP| FF| LUT| Bitwidth P0| Bitwidth P1|
    +-----------------+----------+----+---+----+------------+------------+
    |ap_block_state1  |        or|   0|  0|   2|           1|           1|
    +-----------------+----------+----+---+----+------------+------------+
    |Total            |          |   0|  0|   2|           1|           1|
    +-----------------+----------+----+---+----+------------+------------+

    * Multiplexer: 
    +-------------------------------+----+-----------+-----+-----------+
    |              Name             | LUT| Input Size| Bits| Total Bits|
    +-------------------------------+----+-----------+-----+-----------+
    |ap_NS_fsm                      |  20|          4|    1|          4|
    |ap_done                        |   9|          2|    1|          2|
    |layer13_out_blk_n              |   9|          2|    1|          2|
    |stream_out0_layer15_out_blk_n  |   9|          2|    1|          2|
    +-------------------------------+----+-----------+-----+-----------+
    |Total                          |  47|         10|    4|         10|
    +-------------------------------+----+-----------+-----+-----------+

    * Register: 
    +------------------------------------------------------------------------------------------+----+----+-----+-----------+
    |                                           Name                                           | FF | LUT| Bits| Const Bits|
    +------------------------------------------------------------------------------------------+----+----+-----+-----------+
    |ap_CS_fsm                                                                                 |   3|   0|    3|          0|
    |ap_done_reg                                                                               |   1|   0|    1|          0|
    |data_65_reg_149                                                                           |  12|   0|   12|          0|
    |data_66_reg_154                                                                           |  12|   0|   12|          0|
    |data_67_reg_159                                                                           |  12|   0|   12|          0|
    |data_68_reg_144                                                                           |  12|   0|   12|          0|
    |data_reg_139                                                                              |  12|   0|   12|          0|
    |grp_dense_latency_ap_fixed_12_9_0_3_0_ap_fixed_20_11_5_3_0_config15_s_fu_55_ap_start_reg  |   1|   0|    1|          0|
    +------------------------------------------------------------------------------------------+----+----+-----+-----------+
    |Total                                                                                     |  65|   0|   65|          0|
    +------------------------------------------------------------------------------------------+----+----+-----+-----------+



================================================================
== Interface
================================================================
* Summary: 
+----------------------------------------+-----+-----+------------+---------------------------------------------------------------------+--------------+
|                RTL Ports               | Dir | Bits|  Protocol  |                            Source Object                            |    C Type    |
+----------------------------------------+-----+-----+------------+---------------------------------------------------------------------+--------------+
|ap_clk                                  |   in|    1|  ap_ctrl_hs|  dense<array<ap_fixed,16u>,array<ap_fixed<20,11,5,3,0>,3u>,config15>|  return value|
|ap_rst                                  |   in|    1|  ap_ctrl_hs|  dense<array<ap_fixed,16u>,array<ap_fixed<20,11,5,3,0>,3u>,config15>|  return value|
|ap_start                                |   in|    1|  ap_ctrl_hs|  dense<array<ap_fixed,16u>,array<ap_fixed<20,11,5,3,0>,3u>,config15>|  return value|
|ap_done                                 |  out|    1|  ap_ctrl_hs|  dense<array<ap_fixed,16u>,array<ap_fixed<20,11,5,3,0>,3u>,config15>|  return value|
|ap_continue                             |   in|    1|  ap_ctrl_hs|  dense<array<ap_fixed,16u>,array<ap_fixed<20,11,5,3,0>,3u>,config15>|  return value|
|ap_idle                                 |  out|    1|  ap_ctrl_hs|  dense<array<ap_fixed,16u>,array<ap_fixed<20,11,5,3,0>,3u>,config15>|  return value|
|ap_ready                                |  out|    1|  ap_ctrl_hs|  dense<array<ap_fixed,16u>,array<ap_fixed<20,11,5,3,0>,3u>,config15>|  return value|
|layer13_out_dout                        |   in|  192|     ap_fifo|                                                          layer13_out|       pointer|
|layer13_out_empty_n                     |   in|    1|     ap_fifo|                                                          layer13_out|       pointer|
|layer13_out_read                        |  out|    1|     ap_fifo|                                                          layer13_out|       pointer|
|layer13_out_num_data_valid              |   in|    2|     ap_fifo|                                                          layer13_out|       pointer|
|layer13_out_fifo_cap                    |   in|    2|     ap_fifo|                                                          layer13_out|       pointer|
|stream_out0_layer15_out_din             |  out|   96|     ap_fifo|                                              stream_out0_layer15_out|       pointer|
|stream_out0_layer15_out_full_n          |   in|    1|     ap_fifo|                                              stream_out0_layer15_out|       pointer|
|stream_out0_layer15_out_write           |  out|    1|     ap_fifo|                                              stream_out0_layer15_out|       pointer|
|stream_out0_layer15_out_num_data_valid  |   in|    8|     ap_fifo|                                              stream_out0_layer15_out|       pointer|
|stream_out0_layer15_out_fifo_cap        |   in|    8|     ap_fifo|                                              stream_out0_layer15_out|       pointer|
+----------------------------------------+-----+-----+------------+---------------------------------------------------------------------+--------------+

