

================================================================
== Vitis HLS Report for 'dense_resource_rf_leq_nin_ap_fixed_ap_fixed_21_18_5_3_0_config9_s'
================================================================
* Date:           Tue Mar 31 16:53:13 2026

* Version:        2025.2 (Build 6295257 on Nov 14 2025)
* Project:        vitis_unified_project
* Solution:       hls (Vivado IP Flow Target)
* Product family: zynquplus
* Target device:  xck26-sfvc784-2LV-c


================================================================
== Performance Estimates
================================================================
+ Timing: 
    * Summary: 
    +--------+---------+----------+------------+
    |  Clock |  Target | Estimated| Uncertainty|
    +--------+---------+----------+------------+
    |ap_clk  |  5.00 ns|  4.348 ns|     0.62 ns|
    +--------+---------+----------+------------+

+ Latency: 
    * Summary: 
    +---------+---------+----------+----------+-----+-----+---------+
    |  Latency (cycles) |  Latency (absolute) |  Interval | Pipeline|
    |   min   |   max   |    min   |    max   | min | max |   Type  |
    +---------+---------+----------+----------+-----+-----+---------+
    |        1|        1|  5.000 ns|  5.000 ns|    1|    1|       no|
    +---------+---------+----------+----------+-----+-----+---------+

    + Detail: 
        * Instance: 
        N/A

        * Loop: 
        N/A



================================================================
== Utilization Estimates
================================================================
* Summary: 
+-----------------+---------+------+--------+--------+-----+
|       Name      | BRAM_18K|  DSP |   FF   |   LUT  | URAM|
+-----------------+---------+------+--------+--------+-----+
|DSP              |        -|     3|       -|       -|    -|
|Expression       |        -|     -|       0|    4220|    -|
|FIFO             |        -|     -|       -|       -|    -|
|Instance         |        -|     -|       -|       -|    -|
|Memory           |        -|     -|       -|       -|    -|
|Multiplexer      |        -|     -|       0|      86|    -|
|Register         |        -|     -|     330|       -|    -|
+-----------------+---------+------+--------+--------+-----+
|Total            |        0|     3|     330|    4306|    0|
+-----------------+---------+------+--------+--------+-----+
|Available        |      288|  1248|  234240|  117120|   64|
+-----------------+---------+------+--------+--------+-----+
|Utilization (%)  |        0|    ~0|      ~0|       3|    0|
+-----------------+---------+------+--------+--------+-----+

+ Detail: 
    * Instance: 
    N/A

    * DSP: 
    +------------------------------------+-------------------------------+--------------+
    |              Instance              |             Module            |  Expression  |
    +------------------------------------+-------------------------------+--------------+
    |mac_mul_sub_14s_5s_18s_19_1_1_U304  |mac_mul_sub_14s_5s_18s_19_1_1  |  i0 * i1 - i2|
    |mac_muladd_14s_7s_21s_21_1_1_U305   |mac_muladd_14s_7s_21s_21_1_1   |  i0 * i1 + i2|
    |mac_muladd_14s_8s_22s_22_1_1_U306   |mac_muladd_14s_8s_22s_22_1_1   |  i0 + i1 * i2|
    +------------------------------------+-------------------------------+--------------+

    * Memory: 
    N/A

    * FIFO: 
    N/A

    * Expression: 
    +-------------------------+----------+----+---+----+------------+------------+
    |      Variable Name      | Operation| DSP| FF| LUT| Bitwidth P0| Bitwidth P1|
    +-------------------------+----------+----+---+----+------------+------------+
    |add_ln58_581_fu_300_p2   |         +|   0|  0|  19|          19|          19|
    |add_ln58_582_fu_1090_p2  |         +|   0|  0|  30|          23|          23|
    |add_ln58_583_fu_1130_p2  |         +|   0|  0|  28|          21|          21|
    |add_ln58_584_fu_1140_p2  |         +|   0|  0|  23|          23|          23|
    |add_ln58_585_fu_1149_p2  |         +|   0|  0|  26|          19|          19|
    |add_ln58_586_fu_1173_p2  |         +|   0|  0|  21|          21|          21|
    |add_ln58_587_fu_1179_p2  |         +|   0|  0|  19|          19|          19|
    |add_ln58_588_fu_1185_p2  |         +|   0|  0|  24|          17|          17|
    |add_ln58_589_fu_1209_p2  |         +|   0|  0|  19|          19|          19|
    |add_ln58_590_fu_1219_p2  |         +|   0|  0|  21|          21|          21|
    |add_ln58_592_fu_344_p2   |         +|   0|  0|  19|          19|           7|
    |add_ln58_593_fu_384_p2   |         +|   0|  0|  25|          18|          18|
    |add_ln58_594_fu_1268_p2  |         +|   0|  0|  22|          22|          22|
    |add_ln58_595_fu_1423_p2  |         +|   0|  0|  30|          23|          23|
    |add_ln58_596_fu_1447_p2  |         +|   0|  0|  23|          23|          23|
    |add_ln58_597_fu_1481_p2  |         +|   0|  0|  28|          21|          21|
    |add_ln58_598_fu_1491_p2  |         +|   0|  0|  29|          22|          22|
    |add_ln58_599_fu_1501_p2  |         +|   0|  0|  23|          23|          23|
    |add_ln58_600_fu_1585_p2  |         +|   0|  0|  24|          24|          24|
    |add_ln58_601_fu_1609_p2  |         +|   0|  0|  21|          21|          21|
    |add_ln58_603_fu_1673_p2  |         +|   0|  0|  22|          22|          22|
    |add_ln58_604_fu_1788_p2  |         +|   0|  0|  30|          23|          23|
    |add_ln58_606_fu_1797_p2  |         +|   0|  0|  23|          23|          23|
    |add_ln58_607_fu_1813_p2  |         +|   0|  0|  27|          20|          20|
    |add_ln58_608_fu_1823_p2  |         +|   0|  0|  28|          21|          21|
    |add_ln58_609_fu_1833_p2  |         +|   0|  0|  29|          22|          22|
    |add_ln58_610_fu_1843_p2  |         +|   0|  0|  23|          23|          23|
    |add_ln58_612_fu_1950_p2  |         +|   0|  0|  24|          24|          24|
    |add_ln58_613_fu_1956_p2  |         +|   0|  0|  20|          20|          20|
    |add_ln58_615_fu_2064_p2  |         +|   0|  0|  23|          23|          23|
    |add_ln58_616_fu_2070_p2  |         +|   0|  0|  21|          21|          21|
    |add_ln58_617_fu_2079_p2  |         +|   0|  0|  23|          23|          23|
    |add_ln58_618_fu_2149_p2  |         +|   0|  0|  22|          22|          22|
    |add_ln58_619_fu_2173_p2  |         +|   0|  0|  24|          24|          24|
    |add_ln58_620_fu_2236_p2  |         +|   0|  0|  30|          23|          23|
    |add_ln58_621_fu_2302_p2  |         +|   0|  0|  24|          24|          24|
    |add_ln58_622_fu_2324_p2  |         +|   0|  0|  22|          22|          22|
    |add_ln58_624_fu_586_p2   |         +|   0|  0|  27|          20|          20|
    |add_ln58_625_fu_596_p2   |         +|   0|  0|  22|          22|          22|
    |add_ln58_626_fu_2385_p2  |         +|   0|  0|  23|          23|          23|
    |add_ln58_627_fu_2449_p2  |         +|   0|  0|  24|          24|          24|
    |add_ln58_629_fu_670_p2   |         +|   0|  0|  21|          21|          21|
    |add_ln58_630_fu_2536_p2  |         +|   0|  0|  22|          22|          22|
    |add_ln58_631_fu_2552_p2  |         +|   0|  0|  27|          20|          20|
    |add_ln58_632_fu_2562_p2  |         +|   0|  0|  22|          22|          22|
    |add_ln58_633_fu_2656_p2  |         +|   0|  0|  21|          21|          21|
    |add_ln58_634_fu_2666_p2  |         +|   0|  0|  23|          23|          23|
    |add_ln58_635_fu_2706_p2  |         +|   0|  0|  28|          21|          21|
    |add_ln58_637_fu_694_p2   |         +|   0|  0|  19|          19|           7|
    |add_ln58_638_fu_714_p2   |         +|   0|  0|  21|          21|          21|
    |add_ln58_639_fu_758_p2   |         +|   0|  0|  21|          21|          21|
    |add_ln58_640_fu_768_p2   |         +|   0|  0|  22|          22|          22|
    |add_ln58_641_fu_774_p2   |         +|   0|  0|  27|          20|          20|
    |add_ln58_642_fu_784_p2   |         +|   0|  0|  28|          21|          21|
    |add_ln58_643_fu_794_p2   |         +|   0|  0|  22|          22|          22|
    |add_ln58_644_fu_2815_p2  |         +|   0|  0|  30|          23|          23|
    |add_ln58_645_fu_2831_p2  |         +|   0|  0|  23|          23|          23|
    |add_ln58_646_fu_2837_p2  |         +|   0|  0|  20|          20|          20|
    |add_ln58_647_fu_2847_p2  |         +|   0|  0|  27|          20|          20|
    |add_ln58_648_fu_2857_p2  |         +|   0|  0|  21|          21|          21|
    |add_ln58_649_fu_2863_p2  |         +|   0|  0|  21|          21|          21|
    |add_ln58_650_fu_2873_p2  |         +|   0|  0|  23|          23|          23|
    |add_ln58_651_fu_2985_p2  |         +|   0|  0|  24|          24|          24|
    |add_ln58_652_fu_2991_p2  |         +|   0|  0|  21|          21|          21|
    |add_ln58_653_fu_3019_p2  |         +|   0|  0|  29|          22|          22|
    |add_ln58_fu_294_p2       |         +|   0|  0|  19|          19|           7|
    |add_ln73_5_fu_1401_p2    |         +|   0|  0|  27|          20|          20|
    |add_ln73_6_fu_414_p2     |         +|   0|  0|  20|          20|          20|
    |add_ln73_7_fu_752_p2     |         +|   0|  0|  21|          21|          21|
    |add_ln73_8_fu_2809_p2    |         +|   0|  0|  20|          20|          20|
    |add_ln73_fu_992_p2       |         +|   0|  0|  25|          18|          18|
    |tmp32_fu_276_p2          |         +|   0|  0|  22|          15|          15|
    |x_23_fu_1619_p2          |         +|   0|  0|  24|          24|          24|
    |x_24_fu_1976_p2          |         +|   0|  0|  24|          24|          24|
    |x_26_fu_2334_p2          |         +|   0|  0|  24|          24|          24|
    |x_27_fu_2469_p2          |         +|   0|  0|  32|          25|          25|
    |x_28_fu_2716_p2          |         +|   0|  0|  23|          23|          23|
    |x_29_fu_3029_p2          |         +|   0|  0|  24|          24|          24|
    |x_fu_1229_p2             |         +|   0|  0|  23|          23|          23|
    |grp_fu_3196_p2           |         -|   0|  0|  28|          21|          21|
    |grp_fu_3205_p2           |         -|   0|  0|  22|          22|          22|
    |sub_ln58_373_fu_1080_p2  |         -|   0|  0|  29|          22|          22|
    |sub_ln58_374_fu_1096_p2  |         -|   0|  0|  19|          19|          19|
    |sub_ln58_375_fu_1106_p2  |         -|   0|  0|  19|          19|          19|
    |sub_ln58_376_fu_1120_p2  |         -|   0|  0|  27|          20|          20|
    |sub_ln58_378_fu_1163_p2  |         -|   0|  0|  27|          20|          20|
    |sub_ln58_379_fu_1199_p2  |         -|   0|  0|  25|          18|          18|
    |sub_ln58_380_fu_338_p2   |         -|   0|  0|  19|          19|          19|
    |sub_ln58_381_fu_354_p2   |         -|   0|  0|  28|          21|          21|
    |sub_ln58_382_fu_1249_p2  |         -|   0|  0|  22|          22|          22|
    |sub_ln58_383_fu_1258_p2  |         -|   0|  0|  28|          21|          21|
    |sub_ln58_384_fu_1437_p2  |         -|   0|  0|  28|          21|          21|
    |sub_ln58_385_fu_1461_p2  |         -|   0|  0|  28|          21|          21|
    |sub_ln58_386_fu_1471_p2  |         -|   0|  0|  27|          20|          20|
    |sub_ln58_387_fu_1575_p2  |         -|   0|  0|  29|          22|          22|
    |sub_ln58_388_fu_1599_p2  |         -|   0|  0|  27|          20|          20|
    |sub_ln58_389_fu_432_p2   |         -|   0|  0|  20|          20|          20|
    |sub_ln58_390_fu_442_p2   |         -|   0|  0|  28|          21|          21|
    |sub_ln58_391_fu_1667_p2  |         -|   0|  0|  29|          22|          22|
    |sub_ln58_392_fu_1803_p2  |         -|   0|  0|  20|          20|          20|
    |sub_ln58_393_fu_1966_p2  |         -|   0|  0|  28|          21|          21|
    |sub_ln58_394_fu_476_p2   |         -|   0|  0|  28|          21|          21|
    |sub_ln58_395_fu_1996_p2  |         -|   0|  0|  29|          22|          22|
    |sub_ln58_396_fu_2143_p2  |         -|   0|  0|  24|          24|          24|
    |sub_ln58_397_fu_2163_p2  |         -|   0|  0|  30|          23|          23|
    |sub_ln58_399_fu_2222_p2  |         -|   0|  0|  29|           9|          22|
    |sub_ln58_400_fu_2296_p2  |         -|   0|  0|  31|          24|          24|
    |sub_ln58_401_fu_2308_p2  |         -|   0|  0|  22|          22|          22|
    |sub_ln58_402_fu_2314_p2  |         -|   0|  0|  27|          20|          20|
    |sub_ln58_403_fu_536_p2   |         -|   0|  0|  20|          20|          20|
    |sub_ln58_404_fu_546_p2   |         -|   0|  0|  28|          21|          21|
    |sub_ln58_405_fu_580_p2   |         -|   0|  0|  22|          22|          22|
    |sub_ln58_406_fu_2361_p2  |         -|   0|  0|  23|          23|          23|
    |sub_ln58_407_fu_2375_p2  |         -|   0|  0|  29|          22|          22|
    |sub_ln58_408_fu_2433_p2  |         -|   0|  0|  24|          24|          24|
    |sub_ln58_409_fu_2439_p2  |         -|   0|  0|  29|          22|          22|
    |sub_ln58_410_fu_2459_p2  |         -|   0|  0|  30|          23|          23|
    |sub_ln58_411_fu_640_p2   |         -|   0|  0|  27|          20|          20|
    |sub_ln58_412_fu_664_p2   |         -|   0|  0|  21|          21|          21|
    |sub_ln58_413_fu_2527_p2  |         -|   0|  0|  28|          21|          21|
    |sub_ln58_414_fu_2542_p2  |         -|   0|  0|  26|          19|          19|
    |sub_ln58_415_fu_2636_p2  |         -|   0|  0|  30|          23|          23|
    |sub_ln58_416_fu_2650_p2  |         -|   0|  0|  21|          21|          21|
    |sub_ln58_417_fu_2676_p2  |         -|   0|  0|  27|          20|          20|
    |sub_ln58_418_fu_2686_p2  |         -|   0|  0|  25|          18|          18|
    |sub_ln58_419_fu_2696_p2  |         -|   0|  0|  26|          19|          19|
    |sub_ln58_420_fu_688_p2   |         -|   0|  0|  19|          19|          19|
    |sub_ln58_421_fu_2821_p2  |         -|   0|  0|  28|          21|          21|
    |sub_ln58_422_fu_2975_p2  |         -|   0|  0|  29|          22|          22|
    |sub_ln58_423_fu_3009_p2  |         -|   0|  0|  28|          21|          21|
    |sub_ln58_fu_1062_p2      |         -|   0|  0|  29|          22|          22|
    |sub_ln73_204_fu_904_p2   |         -|   0|  0|  28|           1|          21|
    |sub_ln73_205_fu_970_p2   |         -|   0|  0|  19|          19|          19|
    |sub_ln73_206_fu_1289_p2  |         -|   0|  0|  27|           1|          20|
    |sub_ln73_207_fu_1311_p2  |         -|   0|  0|  27|           1|          20|
    |sub_ln73_208_fu_1333_p2  |         -|   0|  0|  28|          21|          21|
    |sub_ln73_209_fu_1375_p2  |         -|   0|  0|  27|           1|          20|
    |sub_ln73_210_fu_1527_p2  |         -|   0|  0|  28|          21|          21|
    |sub_ln73_211_fu_1569_p2  |         -|   0|  0|  21|          21|          21|
    |sub_ln73_212_fu_1636_p2  |         -|   0|  0|  29|           1|          22|
    |sub_ln73_213_fu_1646_p2  |         -|   0|  0|  22|          22|          22|
    |sub_ln73_214_fu_1705_p2  |         -|   0|  0|  28|          21|          21|
    |sub_ln73_215_fu_1726_p2  |         -|   0|  0|  20|          20|          20|
    |sub_ln73_217_fu_1778_p2  |         -|   0|  0|  27|          20|          20|
    |sub_ln73_218_fu_1865_p2  |         -|   0|  0|  22|           1|          22|
    |sub_ln73_220_fu_1913_p2  |         -|   0|  0|  27|          20|          20|
    |sub_ln73_221_fu_1931_p2  |         -|   0|  0|  28|           1|          21|
    |sub_ln73_222_fu_1941_p2  |         -|   0|  0|  20|          20|          20|
    |sub_ln73_223_fu_2028_p2  |         -|   0|  0|  21|          21|          21|
    |sub_ln73_224_fu_2058_p2  |         -|   0|  0|  30|          23|          23|
    |sub_ln73_225_fu_2117_p2  |         -|   0|  0|  22|          22|          22|
    |sub_ln73_226_fu_2191_p2  |         -|   0|  0|  29|           1|          22|
    |sub_ln73_227_fu_2258_p2  |         -|   0|  0|  30|           1|          23|
    |sub_ln73_228_fu_518_p2   |         -|   0|  0|  20|          20|          20|
    |sub_ln73_229_fu_2352_p2  |         -|   0|  0|  28|           1|          21|
    |sub_ln73_230_fu_2403_p2  |         -|   0|  0|  28|           1|          21|
    |sub_ln73_231_fu_626_p2   |         -|   0|  0|  26|          19|          19|
    |sub_ln73_232_fu_650_p2   |         -|   0|  0|  27|           1|          20|
    |sub_ln73_233_fu_2494_p2  |         -|   0|  0|  27|           1|          20|
    |sub_ln73_234_fu_2584_p2  |         -|   0|  0|  27|           1|          20|
    |sub_ln73_235_fu_2610_p2  |         -|   0|  0|  27|           1|          20|
    |sub_ln73_236_fu_708_p2   |         -|   0|  0|  21|          21|          21|
    |sub_ln73_237_fu_2749_p2  |         -|   0|  0|  26|          19|          19|
    |sub_ln73_238_fu_2771_p2  |         -|   0|  0|  27|          20|          20|
    |sub_ln73_239_fu_2907_p2  |         -|   0|  0|  27|          20|          20|
    |sub_ln73_240_fu_2917_p2  |         -|   0|  0|  28|           1|          21|
    |sub_ln73_241_fu_2951_p2  |         -|   0|  0|  21|          21|          21|
    |sub_ln73_242_fu_2969_p2  |         -|   0|  0|  27|           1|          20|
    |sub_ln73_fu_832_p2       |         -|   0|  0|  19|          19|          19|
    |x_25_fu_2209_p2          |         -|   0|  0|  32|          25|          25|
    +-------------------------+----------+----+---+----+------------+------------+
    |Total                    |          |   0|  0|4220|        3254|        3568|
    +-------------------------+----------+----+---+----+------------+------------+

    * Multiplexer: 
    +-------------+----+-----------+-----+-----------+
    |     Name    | LUT| Input Size| Bits| Total Bits|
    +-------------+----+-----------+-----+-----------+
    |ap_NS_fsm    |  14|          3|    1|          3|
    |ap_return_0  |   9|          2|   21|         42|
    |ap_return_1  |   9|          2|   21|         42|
    |ap_return_2  |   9|          2|   21|         42|
    |ap_return_3  |   9|          2|   21|         42|
    |ap_return_4  |   9|          2|   21|         42|
    |ap_return_5  |   9|          2|   21|         42|
    |ap_return_6  |   9|          2|   21|         42|
    |ap_return_7  |   9|          2|   21|         42|
    +-------------+----+-----------+-----+-----------+
    |Total        |  86|         19|  169|        339|
    +-------------+----+-----------+-----+-----------+

    * Register: 
    +------------------------+----+----+-----+-----------+
    |          Name          | FF | LUT| Bits| Const Bits|
    +------------------------+----+----+-----+-----------+
    |add_ln58_581_reg_3254   |  17|   0|   19|          2|
    |add_ln58_593_reg_3264   |  15|   0|   18|          3|
    |add_ln58_625_reg_3285   |  19|   0|   22|          3|
    |add_ln58_629_reg_3290   |  20|   0|   21|          1|
    |add_ln58_643_reg_3295   |  20|   0|   22|          2|
    |ap_CS_fsm               |   2|   0|    2|          0|
    |ap_return_0_preg        |  21|   0|   21|          0|
    |ap_return_1_preg        |  21|   0|   21|          0|
    |ap_return_2_preg        |  21|   0|   21|          0|
    |ap_return_3_preg        |  21|   0|   21|          0|
    |ap_return_4_preg        |  21|   0|   21|          0|
    |ap_return_5_preg        |  21|   0|   21|          0|
    |ap_return_6_preg        |  21|   0|   21|          0|
    |ap_return_7_preg        |  21|   0|   21|          0|
    |sext_ln73_471_reg_3279  |  16|   0|   21|          5|
    |sub_ln58_381_reg_3259   |  18|   0|   21|          3|
    |sub_ln58_390_reg_3269   |  19|   0|   21|          2|
    |sub_ln58_394_reg_3274   |  16|   0|   21|          5|
    +------------------------+----+----+-----+-----------+
    |Total                   | 330|   0|  356|         26|
    +------------------------+----+----+-----+-----------+



================================================================
== Interface
================================================================
* Summary: 
+-------------+-----+-----+------------+-------------------------------------------------------------------+--------------+
|  RTL Ports  | Dir | Bits|  Protocol  |                           Source Object                           |    C Type    |
+-------------+-----+-----+------------+-------------------------------------------------------------------+--------------+
|ap_clk       |   in|    1|  ap_ctrl_hs|  dense_resource_rf_leq_nin<ap_fixed,ap_fixed<21,18,5,3,0>,config9>|  return value|
|ap_rst       |   in|    1|  ap_ctrl_hs|  dense_resource_rf_leq_nin<ap_fixed,ap_fixed<21,18,5,3,0>,config9>|  return value|
|ap_start     |   in|    1|  ap_ctrl_hs|  dense_resource_rf_leq_nin<ap_fixed,ap_fixed<21,18,5,3,0>,config9>|  return value|
|ap_done      |  out|    1|  ap_ctrl_hs|  dense_resource_rf_leq_nin<ap_fixed,ap_fixed<21,18,5,3,0>,config9>|  return value|
|ap_idle      |  out|    1|  ap_ctrl_hs|  dense_resource_rf_leq_nin<ap_fixed,ap_fixed<21,18,5,3,0>,config9>|  return value|
|ap_ready     |  out|    1|  ap_ctrl_hs|  dense_resource_rf_leq_nin<ap_fixed,ap_fixed<21,18,5,3,0>,config9>|  return value|
|ap_return_0  |  out|   21|  ap_ctrl_hs|  dense_resource_rf_leq_nin<ap_fixed,ap_fixed<21,18,5,3,0>,config9>|  return value|
|ap_return_1  |  out|   21|  ap_ctrl_hs|  dense_resource_rf_leq_nin<ap_fixed,ap_fixed<21,18,5,3,0>,config9>|  return value|
|ap_return_2  |  out|   21|  ap_ctrl_hs|  dense_resource_rf_leq_nin<ap_fixed,ap_fixed<21,18,5,3,0>,config9>|  return value|
|ap_return_3  |  out|   21|  ap_ctrl_hs|  dense_resource_rf_leq_nin<ap_fixed,ap_fixed<21,18,5,3,0>,config9>|  return value|
|ap_return_4  |  out|   21|  ap_ctrl_hs|  dense_resource_rf_leq_nin<ap_fixed,ap_fixed<21,18,5,3,0>,config9>|  return value|
|ap_return_5  |  out|   21|  ap_ctrl_hs|  dense_resource_rf_leq_nin<ap_fixed,ap_fixed<21,18,5,3,0>,config9>|  return value|
|ap_return_6  |  out|   21|  ap_ctrl_hs|  dense_resource_rf_leq_nin<ap_fixed,ap_fixed<21,18,5,3,0>,config9>|  return value|
|ap_return_7  |  out|   21|  ap_ctrl_hs|  dense_resource_rf_leq_nin<ap_fixed,ap_fixed<21,18,5,3,0>,config9>|  return value|
|data_0_val   |   in|   14|     ap_none|                                                         data_0_val|        scalar|
|data_1_val   |   in|   14|     ap_none|                                                         data_1_val|        scalar|
|data_5_val   |   in|   14|     ap_none|                                                         data_5_val|        scalar|
|data_6_val   |   in|   14|     ap_none|                                                         data_6_val|        scalar|
|data_7_val   |   in|   14|     ap_none|                                                         data_7_val|        scalar|
|data_12_val  |   in|   14|     ap_none|                                                        data_12_val|        scalar|
|data_21_val  |   in|   14|     ap_none|                                                        data_21_val|        scalar|
|data_22_val  |   in|   14|     ap_none|                                                        data_22_val|        scalar|
|data_24_val  |   in|   14|     ap_none|                                                        data_24_val|        scalar|
|data_25_val  |   in|   14|     ap_none|                                                        data_25_val|        scalar|
|data_26_val  |   in|   14|     ap_none|                                                        data_26_val|        scalar|
|data_30_val  |   in|   14|     ap_none|                                                        data_30_val|        scalar|
|data_33_val  |   in|   14|     ap_none|                                                        data_33_val|        scalar|
|data_35_val  |   in|   14|     ap_none|                                                        data_35_val|        scalar|
|data_37_val  |   in|   14|     ap_none|                                                        data_37_val|        scalar|
|data_39_val  |   in|   14|     ap_none|                                                        data_39_val|        scalar|
|data_45_val  |   in|   14|     ap_none|                                                        data_45_val|        scalar|
|data_46_val  |   in|   14|     ap_none|                                                        data_46_val|        scalar|
|data_51_val  |   in|   14|     ap_none|                                                        data_51_val|        scalar|
|data_52_val  |   in|   14|     ap_none|                                                        data_52_val|        scalar|
|data_56_val  |   in|   14|     ap_none|                                                        data_56_val|        scalar|
|data_58_val  |   in|   14|     ap_none|                                                        data_58_val|        scalar|
|data_60_val  |   in|   14|     ap_none|                                                        data_60_val|        scalar|
+-------------+-----+-----+------------+-------------------------------------------------------------------+--------------+

