

================================================================
== Vitis HLS Report for 'dense_array_ap_ufixed_16u_array_ap_fixed_19_12_5_3_0_10u_config12_s'
================================================================
* Date:           Mon Jun  8 14:36:19 2026

* Version:        2025.2 (Build 6295257 on Nov 14 2025)
* Project:        vitis_unified_project
* Solution:       hls (Vivado IP Flow Target)
* Product family: zynquplus
* Target device:  xck26-sfvc784-2LV-c


================================================================
== Performance Estimates
================================================================
+ Timing: 
    * Summary: 
    +--------+---------+----------+------------+
    |  Clock |  Target | Estimated| Uncertainty|
    +--------+---------+----------+------------+
    |ap_clk  |  5.00 ns|  4.312 ns|     0.62 ns|
    +--------+---------+----------+------------+

+ Latency: 
    * Summary: 
    +---------+---------+----------+----------+-----+-----+---------+
    |  Latency (cycles) |  Latency (absolute) |  Interval | Pipeline|
    |   min   |   max   |    min   |    max   | min | max |   Type  |
    +---------+---------+----------+----------+-----+-----+---------+
    |       34|       34|  0.170 us|  0.170 us|   34|   34|       no|
    +---------+---------+----------+----------+-----+-----+---------+

    + Detail: 
        * Instance: 
        +--------------------------------------------------------------------------------------+--------------------------------------------------------------------------+---------+---------+-----------+-----------+-----+-----+-------------------+
        |                                                                                      |                                                                          |  Latency (cycles) |   Latency (absolute)  |  Interval |      Pipeline     |
        |                                       Instance                                       |                                  Module                                  |   min   |   max   |    min    |    max    | min | max |        Type       |
        +--------------------------------------------------------------------------------------+--------------------------------------------------------------------------+---------+---------+-----------+-----------+-----+-----+-------------------+
        |grp_dense_array_array_ap_fixed_19_12_5_3_0_10u_config12_Pipeline_DataPrepare_fu_1047  |dense_array_array_ap_fixed_19_12_5_3_0_10u_config12_Pipeline_DataPrepare  |       27|       27|   0.135 us|   0.135 us|    0|    0|  loop pipeline stp|
        |grp_dense_latency_ap_ufixed_5_3_0_3_0_ap_fixed_19_12_5_3_0_config12_s_fu_1306         |dense_latency_ap_ufixed_5_3_0_3_0_ap_fixed_19_12_5_3_0_config12_s         |        3|        3|  15.000 ns|  15.000 ns|    1|    1|                yes|
        +--------------------------------------------------------------------------------------+--------------------------------------------------------------------------+---------+---------+-----------+-----------+-----+-----+-------------------+

        * Loop: 
        N/A



================================================================
== Utilization Estimates
================================================================
* Summary: 
+-----------------+---------+------+--------+--------+-----+
|       Name      | BRAM_18K|  DSP |   FF   |   LUT  | URAM|
+-----------------+---------+------+--------+--------+-----+
|DSP              |        -|     -|       -|       -|    -|
|Expression       |        -|     -|       0|       2|    -|
|FIFO             |        -|     -|       -|       -|    -|
|Instance         |        -|     -|    6744|   48639|    -|
|Memory           |        -|     -|       -|       -|    -|
|Multiplexer      |        -|     -|       0|      67|    -|
|Register         |        -|     -|     200|       -|    -|
+-----------------+---------+------+--------+--------+-----+
|Total            |        0|     0|    6944|   48708|    0|
+-----------------+---------+------+--------+--------+-----+
|Available        |      288|  1248|  234240|  117120|   64|
+-----------------+---------+------+--------+--------+-----+
|Utilization (%)  |        0|     0|       2|      41|    0|
+-----------------+---------+------+--------+--------+-----+

+ Detail: 
    * Instance: 
    +--------------------------------------------------------------------------------------+--------------------------------------------------------------------------+---------+----+------+-------+-----+
    |                                       Instance                                       |                                  Module                                  | BRAM_18K| DSP|  FF  |  LUT  | URAM|
    +--------------------------------------------------------------------------------------+--------------------------------------------------------------------------+---------+----+------+-------+-----+
    |grp_dense_array_array_ap_fixed_19_12_5_3_0_10u_config12_Pipeline_DataPrepare_fu_1047  |dense_array_array_ap_fixed_19_12_5_3_0_10u_config12_Pipeline_DataPrepare  |        0|   0|  1278|     73|    0|
    |grp_dense_latency_ap_ufixed_5_3_0_3_0_ap_fixed_19_12_5_3_0_config12_s_fu_1306         |dense_latency_ap_ufixed_5_3_0_3_0_ap_fixed_19_12_5_3_0_config12_s         |        0|   0|  5466|  48566|    0|
    +--------------------------------------------------------------------------------------+--------------------------------------------------------------------------+---------+----+------+-------+-----+
    |Total                                                                                 |                                                                          |        0|   0|  6744|  48639|    0|
    +--------------------------------------------------------------------------------------+--------------------------------------------------------------------------+---------+----+------+-------+-----+

    * DSP: 
    N/A

    * Memory: 
    N/A

    * FIFO: 
    N/A

    * Expression: 
    +-----------------+----------+----+---+----+------------+------------+
    |  Variable Name  | Operation| DSP| FF| LUT| Bitwidth P0| Bitwidth P1|
    +-----------------+----------+----+---+----+------------+------------+
    |ap_block_state1  |        or|   0|  0|   2|           1|           1|
    +-----------------+----------+----+---+----+------------+------------+
    |Total            |          |   0|  0|   2|           1|           1|
    +-----------------+----------+----+---+----+------------+------------+

    * Multiplexer: 
    +-------------------------------+----+-----------+-----+-----------+
    |              Name             | LUT| Input Size| Bits| Total Bits|
    +-------------------------------+----+-----------+-----+-----------+
    |ap_NS_fsm                      |  49|          9|    1|          9|
    |ap_done                        |   9|          2|    1|          2|
    |stream_out0_layer12_out_blk_n  |   9|          2|    1|          2|
    +-------------------------------+----+-----------+-----+-----------+
    |Total                          |  67|         13|    3|         13|
    +-------------------------------+----+-----------+-----+-----------+

    * Register: 
    +---------------------------------------------------------------------------------------------------+----+----+-----+-----------+
    |                                                Name                                               | FF | LUT| Bits| Const Bits|
    +---------------------------------------------------------------------------------------------------+----+----+-----+-----------+
    |ap_CS_fsm                                                                                          |   8|   0|    8|          0|
    |ap_done_reg                                                                                        |   1|   0|    1|          0|
    |grp_dense_array_array_ap_fixed_19_12_5_3_0_10u_config12_Pipeline_DataPrepare_fu_1047_ap_start_reg  |   1|   0|    1|          0|
    |res_1_reg_4946                                                                                     |  19|   0|   19|          0|
    |res_2_reg_4951                                                                                     |  19|   0|   19|          0|
    |res_3_reg_4956                                                                                     |  19|   0|   19|          0|
    |res_4_reg_4961                                                                                     |  19|   0|   19|          0|
    |res_5_reg_4966                                                                                     |  19|   0|   19|          0|
    |res_6_reg_4971                                                                                     |  19|   0|   19|          0|
    |res_7_reg_4976                                                                                     |  19|   0|   19|          0|
    |res_8_reg_4981                                                                                     |  19|   0|   19|          0|
    |res_9_reg_4986                                                                                     |  19|   0|   19|          0|
    |res_reg_4941                                                                                       |  19|   0|   19|          0|
    +---------------------------------------------------------------------------------------------------+----+----+-----+-----------+
    |Total                                                                                              | 200|   0|  200|          0|
    +---------------------------------------------------------------------------------------------------+----+----+-----+-----------+



================================================================
== Interface
================================================================
* Summary: 
+----------------------------------------+-----+-----+------------+-----------------------------------------------------------------------+--------------+
|                RTL Ports               | Dir | Bits|  Protocol  |                             Source Object                             |    C Type    |
+----------------------------------------+-----+-----+------------+-----------------------------------------------------------------------+--------------+
|ap_clk                                  |   in|    1|  ap_ctrl_hs|  dense<array<ap_ufixed,16u>,array<ap_fixed<19,12,5,3,0>,10u>,config12>|  return value|
|ap_rst                                  |   in|    1|  ap_ctrl_hs|  dense<array<ap_ufixed,16u>,array<ap_fixed<19,12,5,3,0>,10u>,config12>|  return value|
|ap_start                                |   in|    1|  ap_ctrl_hs|  dense<array<ap_ufixed,16u>,array<ap_fixed<19,12,5,3,0>,10u>,config12>|  return value|
|ap_done                                 |  out|    1|  ap_ctrl_hs|  dense<array<ap_ufixed,16u>,array<ap_fixed<19,12,5,3,0>,10u>,config12>|  return value|
|ap_continue                             |   in|    1|  ap_ctrl_hs|  dense<array<ap_ufixed,16u>,array<ap_fixed<19,12,5,3,0>,10u>,config12>|  return value|
|ap_idle                                 |  out|    1|  ap_ctrl_hs|  dense<array<ap_ufixed,16u>,array<ap_fixed<19,12,5,3,0>,10u>,config12>|  return value|
|ap_ready                                |  out|    1|  ap_ctrl_hs|  dense<array<ap_ufixed,16u>,array<ap_fixed<19,12,5,3,0>,10u>,config12>|  return value|
|layer9_out_dout                         |   in|   80|     ap_fifo|                                                             layer9_out|       pointer|
|layer9_out_empty_n                      |   in|    1|     ap_fifo|                                                             layer9_out|       pointer|
|layer9_out_read                         |  out|    1|     ap_fifo|                                                             layer9_out|       pointer|
|layer9_out_num_data_valid               |   in|    6|     ap_fifo|                                                             layer9_out|       pointer|
|layer9_out_fifo_cap                     |   in|    6|     ap_fifo|                                                             layer9_out|       pointer|
|stream_out0_layer12_out_din             |  out|  320|     ap_fifo|                                                stream_out0_layer12_out|       pointer|
|stream_out0_layer12_out_full_n          |   in|    1|     ap_fifo|                                                stream_out0_layer12_out|       pointer|
|stream_out0_layer12_out_write           |  out|    1|     ap_fifo|                                                stream_out0_layer12_out|       pointer|
|stream_out0_layer12_out_num_data_valid  |   in|    8|     ap_fifo|                                                stream_out0_layer12_out|       pointer|
|stream_out0_layer12_out_fifo_cap        |   in|    8|     ap_fifo|                                                stream_out0_layer12_out|       pointer|
+----------------------------------------+-----+-----+------------+-----------------------------------------------------------------------+--------------+

