

================================================================
== Vitis HLS Report for 'dense_latency_ap_fixed_10_9_0_3_0_ap_fixed_14_12_5_3_0_config9_s'
================================================================
* Date:           Mon May  4 16:00:24 2026

* Version:        2025.2 (Build 6295257 on Nov 14 2025)
* Project:        vitis_unified_project
* Solution:       hls (Vivado IP Flow Target)
* Product family: zynquplus
* Target device:  xck26-sfvc784-2LV-c


================================================================
== Performance Estimates
================================================================
+ Timing: 
    * Summary: 
    +--------+---------+----------+------------+
    |  Clock |  Target | Estimated| Uncertainty|
    +--------+---------+----------+------------+
    |ap_clk  |  5.00 ns|  4.083 ns|     0.62 ns|
    +--------+---------+----------+------------+

+ Latency: 
    * Summary: 
    +---------+---------+----------+----------+-----+-----+---------+
    |  Latency (cycles) |  Latency (absolute) |  Interval | Pipeline|
    |   min   |   max   |    min   |    max   | min | max |   Type  |
    +---------+---------+----------+----------+-----+-----+---------+
    |        0|        0|      0 ns|      0 ns|    1|    1|      yes|
    +---------+---------+----------+----------+-----+-----+---------+

    + Detail: 
        * Instance: 
        N/A

        * Loop: 
        N/A



================================================================
== Utilization Estimates
================================================================
* Summary: 
+-----------------+---------+------+--------+--------+-----+
|       Name      | BRAM_18K|  DSP |   FF   |   LUT  | URAM|
+-----------------+---------+------+--------+--------+-----+
|DSP              |        -|     -|       -|       -|    -|
|Expression       |        -|     -|       0|    1012|    -|
|FIFO             |        -|     -|       -|       -|    -|
|Instance         |        -|     0|       0|      62|    -|
|Memory           |        -|     -|       -|       -|    -|
|Multiplexer      |        -|     -|       -|       -|    -|
|Register         |        -|     -|       -|       -|    -|
+-----------------+---------+------+--------+--------+-----+
|Total            |        0|     0|       0|    1074|    0|
+-----------------+---------+------+--------+--------+-----+
|Available        |      288|  1248|  234240|  117120|   64|
+-----------------+---------+------+--------+--------+-----+
|Utilization (%)  |        0|     0|       0|      ~0|    0|
+-----------------+---------+------+--------+--------+-----+

+ Detail: 
    * Instance: 
    +------------------------+-------------------+---------+----+---+----+-----+
    |        Instance        |       Module      | BRAM_18K| DSP| FF| LUT| URAM|
    +------------------------+-------------------+---------+----+---+----+-----+
    |mul_10s_6s_16_1_1_U100  |mul_10s_6s_16_1_1  |        0|   0|  0|  62|    0|
    +------------------------+-------------------+---------+----+---+----+-----+
    |Total                   |                   |        0|   0|  0|  62|    0|
    +------------------------+-------------------+---------+----+---+----+-----+

    * DSP: 
    N/A

    * Memory: 
    N/A

    * FIFO: 
    N/A

    * Expression: 
    +-------------------------+----------+----+---+----+------------+------------+
    |      Variable Name      | Operation| DSP| FF| LUT| Bitwidth P0| Bitwidth P1|
    +-------------------------+----------+----+---+----+------------+------------+
    |add_ln58_137_fu_842_p2   |         +|   0|  0|  16|          14|           7|
    |add_ln58_138_fu_852_p2   |         +|   0|  0|  18|          11|          11|
    |add_ln58_139_fu_884_p2   |         +|   0|  0|  17|          13|          13|
    |add_ln58_140_fu_904_p2   |         +|   0|  0|  20|          13|          13|
    |add_ln58_142_fu_930_p2   |         +|   0|  0|  22|          15|          15|
    |add_ln58_143_fu_936_p2   |         +|   0|  0|  16|          14|          14|
    |add_ln58_144_fu_942_p2   |         +|   0|  0|  16|          14|          14|
    |add_ln58_145_fu_966_p2   |         +|   0|  0|  22|          15|          15|
    |add_ln58_147_fu_1020_p2  |         +|   0|  0|  22|          15|          15|
    |add_ln58_148_fu_1030_p2  |         +|   0|  0|  16|          14|          14|
    |add_ln58_150_fu_1046_p2  |         +|   0|  0|  16|          16|          16|
    |add_ln58_151_fu_1104_p2  |         +|   0|  0|  21|          14|          14|
    |add_ln58_154_fu_1150_p2  |         +|   0|  0|  16|          15|           6|
    |add_ln58_155_fu_1224_p2  |         +|   0|  0|  17|          17|          17|
    |add_ln58_157_fu_1270_p2  |         +|   0|  0|  16|          16|          16|
    |add_ln58_fu_836_p2       |         +|   0|  0|  22|          15|           7|
    |tmp13_fu_1246_p2         |         +|   0|  0|  18|          11|          11|
    |tmp5_fu_1136_p2          |         +|   0|  0|  18|          11|          11|
    |tmp_fu_982_p2            |         +|   0|  0|  18|          11|          11|
    |x_37_fu_914_p2           |         +|   0|  0|  16|          15|          15|
    |x_39_fu_1130_p2          |         +|   0|  0|  16|          16|          16|
    |x_40_fu_1040_p2          |         +|   0|  0|  23|          16|          16|
    |x_41_fu_1240_p2          |         +|   0|  0|  17|          17|          17|
    |x_43_fu_1114_p2          |         +|   0|  0|  16|          16|          16|
    |x_fu_976_p2              |         +|   0|  0|  23|          16|          16|
    |mult_76_fu_559_p2        |         -|   0|  0|  16|          15|          15|
    |mult_78_fu_617_p2        |         -|   0|  0|  21|          14|          14|
    |mult_81_fu_702_p2        |         -|   0|  0|  20|           1|          13|
    |mult_83_fu_758_p2        |         -|   0|  0|  16|          16|          16|
    |mult_84_fu_788_p2        |         -|   0|  0|  16|          16|          16|
    |mult_fu_429_p2           |         -|   0|  0|  19|           1|          12|
    |sub_ln17_60_fu_525_p2    |         -|   0|  0|  17|          13|          13|
    |sub_ln17_61_fu_651_p2    |         -|   0|  0|  16|          14|          14|
    |sub_ln17_62_fu_818_p2    |         -|   0|  0|  16|          15|          15|
    |sub_ln17_fu_471_p2       |         -|   0|  0|  16|          14|          14|
    |sub_ln58_48_fu_878_p2    |         -|   0|  0|  16|          15|          15|
    |sub_ln58_49_fu_894_p2    |         -|   0|  0|  19|          12|          12|
    |sub_ln58_50_fu_920_p2    |         -|   0|  0|  21|          14|          14|
    |sub_ln58_51_fu_960_p2    |         -|   0|  0|  16|          16|          16|
    |sub_ln58_52_fu_1010_p2   |         -|   0|  0|  21|           8|          14|
    |sub_ln58_54_fu_1080_p2   |         -|   0|  0|  19|           7|          12|
    |sub_ln58_55_fu_1098_p2   |         -|   0|  0|  16|          16|          16|
    |sub_ln58_56_fu_1124_p2   |         -|   0|  0|  23|          16|          16|
    |sub_ln58_58_fu_1230_p2   |         -|   0|  0|  22|           6|          15|
    |sub_ln58_fu_1260_p2      |         -|   0|  0|  16|          15|          15|
    |sub_ln73_fu_740_p2       |         -|   0|  0|  23|           1|          16|
    |tmp1132_fu_1206_p2       |         -|   0|  0|  18|          11|          11|
    |tmp2_fu_1000_p2          |         -|   0|  0|  20|           1|          13|
    |tmp334_fu_1066_p2        |         -|   0|  0|  18|          11|          11|
    |tmp8_fu_1170_p2          |         -|   0|  0|  18|          11|          11|
    |tmp9_fu_1196_p2          |         -|   0|  0|  24|          17|          17|
    |x_38_fu_1164_p2          |         -|   0|  0|  23|          16|          16|
    |x_42_fu_1056_p2          |         -|   0|  0|  24|          17|          17|
    |x_44_fu_1284_p2          |         -|   0|  0|  24|          17|          17|
    +-------------------------+----------+----+---+----+------------+------------+
    |Total                    |          |   0|  0|1012|         706|         752|
    +-------------------------+----------+----+---+----+------------+------------+

    * Multiplexer: 
    N/A

    * Register: 
    N/A



================================================================
== Interface
================================================================
* Summary: 
+-------------+-----+-----+------------+-----------------------------------------------------------------------------+--------------+
|  RTL Ports  | Dir | Bits|  Protocol  |                                Source Object                                |    C Type    |
+-------------+-----+-----+------------+-----------------------------------------------------------------------------+--------------+
|ap_ready     |  out|    1|  ap_ctrl_hs|  dense_latency<ap_fixed<10, 9, 0, 3, 0>, ap_fixed<14, 12, 5, 3, 0>, config9>|  return value|
|ap_return_0  |  out|   14|  ap_ctrl_hs|  dense_latency<ap_fixed<10, 9, 0, 3, 0>, ap_fixed<14, 12, 5, 3, 0>, config9>|  return value|
|ap_return_1  |  out|   14|  ap_ctrl_hs|  dense_latency<ap_fixed<10, 9, 0, 3, 0>, ap_fixed<14, 12, 5, 3, 0>, config9>|  return value|
|ap_return_2  |  out|   14|  ap_ctrl_hs|  dense_latency<ap_fixed<10, 9, 0, 3, 0>, ap_fixed<14, 12, 5, 3, 0>, config9>|  return value|
|ap_return_3  |  out|   14|  ap_ctrl_hs|  dense_latency<ap_fixed<10, 9, 0, 3, 0>, ap_fixed<14, 12, 5, 3, 0>, config9>|  return value|
|ap_return_4  |  out|   14|  ap_ctrl_hs|  dense_latency<ap_fixed<10, 9, 0, 3, 0>, ap_fixed<14, 12, 5, 3, 0>, config9>|  return value|
|ap_return_5  |  out|   14|  ap_ctrl_hs|  dense_latency<ap_fixed<10, 9, 0, 3, 0>, ap_fixed<14, 12, 5, 3, 0>, config9>|  return value|
|ap_return_6  |  out|   14|  ap_ctrl_hs|  dense_latency<ap_fixed<10, 9, 0, 3, 0>, ap_fixed<14, 12, 5, 3, 0>, config9>|  return value|
|ap_return_7  |  out|   14|  ap_ctrl_hs|  dense_latency<ap_fixed<10, 9, 0, 3, 0>, ap_fixed<14, 12, 5, 3, 0>, config9>|  return value|
|ap_return_8  |  out|   14|  ap_ctrl_hs|  dense_latency<ap_fixed<10, 9, 0, 3, 0>, ap_fixed<14, 12, 5, 3, 0>, config9>|  return value|
|ap_rst       |   in|    1|  ap_ctrl_hs|  dense_latency<ap_fixed<10, 9, 0, 3, 0>, ap_fixed<14, 12, 5, 3, 0>, config9>|  return value|
|data_0_val   |   in|   10|     ap_none|                                                                   data_0_val|        scalar|
|data_2_val   |   in|   10|     ap_none|                                                                   data_2_val|        scalar|
|data_3_val   |   in|   10|     ap_none|                                                                   data_3_val|        scalar|
|data_4_val   |   in|   10|     ap_none|                                                                   data_4_val|        scalar|
|data_11_val  |   in|   10|     ap_none|                                                                  data_11_val|        scalar|
|data_13_val  |   in|   10|     ap_none|                                                                  data_13_val|        scalar|
|data_15_val  |   in|   10|     ap_none|                                                                  data_15_val|        scalar|
|data_17_val  |   in|   10|     ap_none|                                                                  data_17_val|        scalar|
|data_18_val  |   in|   10|     ap_none|                                                                  data_18_val|        scalar|
|data_19_val  |   in|   10|     ap_none|                                                                  data_19_val|        scalar|
|data_21_val  |   in|   10|     ap_none|                                                                  data_21_val|        scalar|
|data_27_val  |   in|   10|     ap_none|                                                                  data_27_val|        scalar|
|data_28_val  |   in|   10|     ap_none|                                                                  data_28_val|        scalar|
+-------------+-----+-----+------------+-----------------------------------------------------------------------------+--------------+

