Copyright 1986-2022 Xilinx, Inc. All Rights Reserved. Copyright 2022-2025 Advanced Micro Devices, Inc. All Rights Reserved.
-----------------------------------------------------------------------------------------------------------------------------------------------------------------------------------------------------------------
| Tool Version : Vivado v.2025.2 (lin64) Build 6299465 Fri Nov 14 12:34:56 MST 2025
| Date         : Thu May  7 12:25:41 2026
| Host         : 11c2efc5f272 running 64-bit Ubuntu 22.04.5 LTS
| Command      : report_accelerator_utilization -kernels { myproject_axi_master:vitis_design_i/myproject_axi_master_1/inst:myproject_axi_master_1} -file kernel_util_synthed.rpt -name kernel_util_synthed -json
| Design       : vitis_design_wrapper
| Device       : xck26
| Design State : Synthesized
-----------------------------------------------------------------------------------------------------------------------------------------------------------------------------------------------------------------

Accelerator Utilization Design Information

Table of Contents
-----------------
1. System Utilization

1. System Utilization
---------------------

+---------------------------+------------------+-----------------+------------------+---------------+--------------+----------------+
| Name                      | LUT              | LUTAsMem        | REG              | BRAM          | URAM         | DSP            |
+---------------------------+------------------+-----------------+------------------+---------------+--------------+----------------+
| Platform                  |   7170 [  6.12%] |  1474 [  2.56%] |  11596 [  4.95%] |   2 [  1.39%] |  0 [  0.00%] |    0 [  0.00%] |
| User Budget               | 109950 [100.00%] | 56126 [100.00%] | 222644 [100.00%] | 142 [100.00%] | 64 [100.00%] | 1248 [100.00%] |
|    Used Resources         |  24498 [ 22.28%] |   355 [  0.63%] |  11788 [  5.29%] |   5 [  3.52%] |  0 [  0.00%] |   21 [  1.68%] |
|    Unused Resources       |  85452 [ 77.72%] | 55771 [ 99.37%] | 210856 [ 94.71%] | 137 [ 96.48%] | 64 [100.00%] | 1227 [ 98.32%] |
| myproject_axi_master      |  24498 [ 22.28%] |   355 [  0.63%] |  11788 [  5.29%] |   5 [  3.52%] |  0 [  0.00%] |   21 [  1.68%] |
|    myproject_axi_master_1 |  24498 [ 22.28%] |   355 [  0.63%] |  11788 [  5.29%] |   5 [  3.52%] |  0 [  0.00%] |   21 [  1.68%] |
+---------------------------+------------------+-----------------+------------------+---------------+--------------+----------------+


