

================================================================
== Vitis HLS Report for 'dense_array_ap_ufixed_128u_array_ap_fixed_13_10_5_3_0_64u_config6_s'
================================================================
* Date:           Thu May  7 11:30:57 2026

* Version:        2025.2 (Build 6295257 on Nov 14 2025)
* Project:        vitis_unified_project
* Solution:       hls (Vivado IP Flow Target)
* Product family: zynquplus
* Target device:  xck26-sfvc784-2LV-c


================================================================
== Performance Estimates
================================================================
+ Timing: 
    * Summary: 
    +--------+---------+----------+------------+
    |  Clock |  Target | Estimated| Uncertainty|
    +--------+---------+----------+------------+
    |ap_clk  |  5.00 ns|  3.313 ns|     0.62 ns|
    +--------+---------+----------+------------+

+ Latency: 
    * Summary: 
    +---------+---------+-----------+-----------+-----+-----+---------+
    |  Latency (cycles) |   Latency (absolute)  |  Interval | Pipeline|
    |   min   |   max   |    min    |    max    | min | max |   Type  |
    +---------+---------+-----------+-----------+-----+-----+---------+
    |        2|        2|  10.000 ns|  10.000 ns|    2|    2|       no|
    +---------+---------+-----------+-----------+-----+-----+---------+

    + Detail: 
        * Instance: 
        +---------------------------------------------------------------------------------+------------------------------------------------------------------+---------+---------+----------+----------+-----+-----+---------+
        |                                                                                 |                                                                  |  Latency (cycles) |  Latency (absolute) |  Interval | Pipeline|
        |                                     Instance                                    |                              Module                              |   min   |   max   |    min   |    max   | min | max |   Type  |
        +---------------------------------------------------------------------------------+------------------------------------------------------------------+---------+---------+----------+----------+-----+-----+---------+
        |call_ret_dense_latency_ap_ufixed_8_6_0_3_0_ap_fixed_13_10_5_3_0_config6_s_fu_75  |dense_latency_ap_ufixed_8_6_0_3_0_ap_fixed_13_10_5_3_0_config6_s  |        0|        0|      0 ns|      0 ns|    1|    1|      yes|
        +---------------------------------------------------------------------------------+------------------------------------------------------------------+---------+---------+----------+----------+-----+-----+---------+

        * Loop: 
        N/A



================================================================
== Utilization Estimates
================================================================
* Summary: 
+-----------------+---------+------+--------+--------+-----+
|       Name      | BRAM_18K|  DSP |   FF   |   LUT  | URAM|
+-----------------+---------+------+--------+--------+-----+
|DSP              |        -|     -|       -|       -|    -|
|Expression       |        -|     -|       0|       2|    -|
|FIFO             |        -|     -|       -|       -|    -|
|Instance         |        -|     -|       0|     388|    -|
|Memory           |        -|     -|       -|       -|    -|
|Multiplexer      |        -|     -|       0|      56|    -|
|Register         |        -|     -|     108|       -|    -|
+-----------------+---------+------+--------+--------+-----+
|Total            |        0|     0|     108|     446|    0|
+-----------------+---------+------+--------+--------+-----+
|Available        |      288|  1248|  234240|  117120|   64|
+-----------------+---------+------+--------+--------+-----+
|Utilization (%)  |        0|     0|      ~0|      ~0|    0|
+-----------------+---------+------+--------+--------+-----+

+ Detail: 
    * Instance: 
    +---------------------------------------------------------------------------------+------------------------------------------------------------------+---------+----+---+-----+-----+
    |                                     Instance                                    |                              Module                              | BRAM_18K| DSP| FF| LUT | URAM|
    +---------------------------------------------------------------------------------+------------------------------------------------------------------+---------+----+---+-----+-----+
    |call_ret_dense_latency_ap_ufixed_8_6_0_3_0_ap_fixed_13_10_5_3_0_config6_s_fu_75  |dense_latency_ap_ufixed_8_6_0_3_0_ap_fixed_13_10_5_3_0_config6_s  |        0|   0|  0|  388|    0|
    +---------------------------------------------------------------------------------+------------------------------------------------------------------+---------+----+---+-----+-----+
    |Total                                                                            |                                                                  |        0|   0|  0|  388|    0|
    +---------------------------------------------------------------------------------+------------------------------------------------------------------+---------+----+---+-----+-----+

    * DSP: 
    N/A

    * Memory: 
    N/A

    * FIFO: 
    N/A

    * Expression: 
    +-----------------+----------+----+---+----+------------+------------+
    |  Variable Name  | Operation| DSP| FF| LUT| Bitwidth P0| Bitwidth P1|
    +-----------------+----------+----+---+----+------------+------------+
    |ap_block_state1  |        or|   0|  0|   2|           1|           1|
    +-----------------+----------+----+---+----+------------+------------+
    |Total            |          |   0|  0|   2|           1|           1|
    +-----------------+----------+----+---+----+------------+------------+

    * Multiplexer: 
    +------------------+----+-----------+-----+-----------+
    |       Name       | LUT| Input Size| Bits| Total Bits|
    +------------------+----+-----------+-----+-----------+
    |ap_NS_fsm         |  20|          4|    1|          4|
    |ap_done           |   9|          2|    1|          2|
    |layer4_out_blk_n  |   9|          2|    1|          2|
    |layer6_out_blk_n  |   9|          2|    1|          2|
    |real_start        |   9|          2|    1|          2|
    +------------------+----+-----------+-----+-----------+
    |Total             |  56|         12|    5|         12|
    +------------------+----+-----------+-----+-----------+

    * Register: 
    +-----------------+----+----+-----+-----------+
    |       Name      | FF | LUT| Bits| Const Bits|
    +-----------------+----+----+-----+-----------+
    |ap_CS_fsm        |   3|   0|    3|          0|
    |ap_done_reg      |   1|   0|    1|          0|
    |data_10_reg_232  |   8|   0|    8|          0|
    |data_4_reg_202   |   8|   0|    8|          0|
    |data_5_reg_207   |   8|   0|    8|          0|
    |data_6_reg_212   |   8|   0|    8|          0|
    |data_7_reg_217   |   8|   0|    8|          0|
    |data_8_reg_222   |   8|   0|    8|          0|
    |data_9_reg_227   |   8|   0|    8|          0|
    |data_reg_197     |   8|   0|    8|          0|
    |res_3_reg_242    |  13|   0|   13|          0|
    |res_4_reg_247    |  13|   0|   13|          0|
    |res_reg_237      |  13|   0|   13|          0|
    |start_once_reg   |   1|   0|    1|          0|
    +-----------------+----+----+-----+-----------+
    |Total            | 108|   0|  108|          0|
    +-----------------+----+----+-----+-----------+



================================================================
== Interface
================================================================
* Summary: 
+---------------------------+-----+------+------------+-----------------------------------------------------------------------+--------------+
|         RTL Ports         | Dir | Bits |  Protocol  |                             Source Object                             |    C Type    |
+---------------------------+-----+------+------------+-----------------------------------------------------------------------+--------------+
|ap_clk                     |   in|     1|  ap_ctrl_hs|  dense<array<ap_ufixed,128u>,array<ap_fixed<13,10,5,3,0>,64u>,config6>|  return value|
|ap_rst                     |   in|     1|  ap_ctrl_hs|  dense<array<ap_ufixed,128u>,array<ap_fixed<13,10,5,3,0>,64u>,config6>|  return value|
|ap_start                   |   in|     1|  ap_ctrl_hs|  dense<array<ap_ufixed,128u>,array<ap_fixed<13,10,5,3,0>,64u>,config6>|  return value|
|start_full_n               |   in|     1|  ap_ctrl_hs|  dense<array<ap_ufixed,128u>,array<ap_fixed<13,10,5,3,0>,64u>,config6>|  return value|
|ap_done                    |  out|     1|  ap_ctrl_hs|  dense<array<ap_ufixed,128u>,array<ap_fixed<13,10,5,3,0>,64u>,config6>|  return value|
|ap_continue                |   in|     1|  ap_ctrl_hs|  dense<array<ap_ufixed,128u>,array<ap_fixed<13,10,5,3,0>,64u>,config6>|  return value|
|ap_idle                    |  out|     1|  ap_ctrl_hs|  dense<array<ap_ufixed,128u>,array<ap_fixed<13,10,5,3,0>,64u>,config6>|  return value|
|ap_ready                   |  out|     1|  ap_ctrl_hs|  dense<array<ap_ufixed,128u>,array<ap_fixed<13,10,5,3,0>,64u>,config6>|  return value|
|start_out                  |  out|     1|  ap_ctrl_hs|  dense<array<ap_ufixed,128u>,array<ap_fixed<13,10,5,3,0>,64u>,config6>|  return value|
|start_write                |  out|     1|  ap_ctrl_hs|  dense<array<ap_ufixed,128u>,array<ap_fixed<13,10,5,3,0>,64u>,config6>|  return value|
|layer4_out_dout            |   in|  1024|     ap_fifo|                                                             layer4_out|       pointer|
|layer4_out_empty_n         |   in|     1|     ap_fifo|                                                             layer4_out|       pointer|
|layer4_out_read            |  out|     1|     ap_fifo|                                                             layer4_out|       pointer|
|layer4_out_num_data_valid  |   in|     2|     ap_fifo|                                                             layer4_out|       pointer|
|layer4_out_fifo_cap        |   in|     2|     ap_fifo|                                                             layer4_out|       pointer|
|layer6_out_din             |  out|   832|     ap_fifo|                                                             layer6_out|       pointer|
|layer6_out_full_n          |   in|     1|     ap_fifo|                                                             layer6_out|       pointer|
|layer6_out_write           |  out|     1|     ap_fifo|                                                             layer6_out|       pointer|
|layer6_out_num_data_valid  |   in|     2|     ap_fifo|                                                             layer6_out|       pointer|
|layer6_out_fifo_cap        |   in|     2|     ap_fifo|                                                             layer6_out|       pointer|
+---------------------------+-----+------+------------+-----------------------------------------------------------------------+--------------+

============================================================
+ Verbose Summary: Synthesis Manager
============================================================
InlineROM: 1
ExposeGlobal: 0
============================================================
+ Verbose Summary: CDFG Model
============================================================
IsTopModel: 0
ResetActiveHigh: 1
IsCombinational: 2
IsDatapathOnly: 0
HasWiredReturn: 1
HasMFsm: 0
HasVarLatency: 1
IsPipeline: 0
IsRtlPipelined: 0
IsInstanceOverlapped: 0
IsDontTouch: 0
HasImplIP: 0
IsGatedGlobalClock: 0


============================================================
+ Verbose Summary: Schedule
============================================================
* Number of FSM states : 3
* Pipeline : 0
* Dataflow Pipeline: 0

* FSM state transitions: 
1 --> 2 
2 --> 3 
3 --> 

* FSM state operations: 

State 1 <SV = 0> <Delay = 1.83>
ST_1 : Operation 4 [1/1] ( I:1.83ns O:1.83ns )   --->   "%layer4_out_read = read i1024 @_ssdm_op_Read.ap_fifo.volatile.i1024P0A, i1024 %layer4_out" [firmware/nnet_utils/nnet_dense_stream.h:43->firmware/nnet_utils/nnet_dense_stream.h:93]   --->   Operation 4 'read' 'layer4_out_read' <Predicate = true> <Delay = 1.83> <CoreInst = "FIFO_SRL">   --->   Core 80 'FIFO_SRL' <Latency = 0> <II = 1> <Delay = 1.83> <Storage> <Opcode : 'read' 'write' 'nbread' 'nbwrite'> <Ports = 0> <Width = 1024> <Depth = 1> <FIFO>
ST_1 : Operation 5 [1/1] (0.00ns)   --->   "%data = partselect i8 @_ssdm_op_PartSelect.i8.i1024.i32.i32, i1024 %layer4_out_read, i32 192, i32 199" [firmware/nnet_utils/nnet_dense_stream.h:43->firmware/nnet_utils/nnet_dense_stream.h:93]   --->   Operation 5 'partselect' 'data' <Predicate = true> <Delay = 0.00>
ST_1 : Operation 6 [1/1] (0.00ns)   --->   "%data_4 = partselect i8 @_ssdm_op_PartSelect.i8.i1024.i32.i32, i1024 %layer4_out_read, i32 312, i32 319" [firmware/nnet_utils/nnet_dense_stream.h:43->firmware/nnet_utils/nnet_dense_stream.h:93]   --->   Operation 6 'partselect' 'data_4' <Predicate = true> <Delay = 0.00>
ST_1 : Operation 7 [1/1] (0.00ns)   --->   "%data_5 = partselect i8 @_ssdm_op_PartSelect.i8.i1024.i32.i32, i1024 %layer4_out_read, i32 408, i32 415" [firmware/nnet_utils/nnet_dense_stream.h:43->firmware/nnet_utils/nnet_dense_stream.h:93]   --->   Operation 7 'partselect' 'data_5' <Predicate = true> <Delay = 0.00>
ST_1 : Operation 8 [1/1] (0.00ns)   --->   "%data_6 = partselect i8 @_ssdm_op_PartSelect.i8.i1024.i32.i32, i1024 %layer4_out_read, i32 440, i32 447" [firmware/nnet_utils/nnet_dense_stream.h:43->firmware/nnet_utils/nnet_dense_stream.h:93]   --->   Operation 8 'partselect' 'data_6' <Predicate = true> <Delay = 0.00>
ST_1 : Operation 9 [1/1] (0.00ns)   --->   "%data_7 = partselect i8 @_ssdm_op_PartSelect.i8.i1024.i32.i32, i1024 %layer4_out_read, i32 696, i32 703" [firmware/nnet_utils/nnet_dense_stream.h:43->firmware/nnet_utils/nnet_dense_stream.h:93]   --->   Operation 9 'partselect' 'data_7' <Predicate = true> <Delay = 0.00>
ST_1 : Operation 10 [1/1] (0.00ns)   --->   "%data_8 = partselect i8 @_ssdm_op_PartSelect.i8.i1024.i32.i32, i1024 %layer4_out_read, i32 832, i32 839" [firmware/nnet_utils/nnet_dense_stream.h:43->firmware/nnet_utils/nnet_dense_stream.h:93]   --->   Operation 10 'partselect' 'data_8' <Predicate = true> <Delay = 0.00>
ST_1 : Operation 11 [1/1] (0.00ns)   --->   "%data_9 = partselect i8 @_ssdm_op_PartSelect.i8.i1024.i32.i32, i1024 %layer4_out_read, i32 960, i32 967" [firmware/nnet_utils/nnet_dense_stream.h:43->firmware/nnet_utils/nnet_dense_stream.h:93]   --->   Operation 11 'partselect' 'data_9' <Predicate = true> <Delay = 0.00>
ST_1 : Operation 12 [1/1] (0.00ns)   --->   "%data_10 = partselect i8 @_ssdm_op_PartSelect.i8.i1024.i32.i32, i1024 %layer4_out_read, i32 976, i32 983" [firmware/nnet_utils/nnet_dense_stream.h:43->firmware/nnet_utils/nnet_dense_stream.h:93]   --->   Operation 12 'partselect' 'data_10' <Predicate = true> <Delay = 0.00>

State 2 <SV = 1> <Delay = 3.31>
ST_2 : Operation 13 [1/1] (3.31ns)   --->   "%call_ret = call i39 @dense_latency<ap_ufixed<8, 6, 0, 3, 0>, ap_fixed<13, 10, 5, 3, 0>, config6>, i8 %data, i8 %data_4, i8 %data_5, i8 %data_6, i8 %data_7, i8 %data_8, i8 %data_9, i8 %data_10" [firmware/nnet_utils/nnet_dense_stream.h:17->firmware/nnet_utils/nnet_dense_stream.h:95]   --->   Operation 13 'call' 'call_ret' <Predicate = true> <Delay = 3.31> <CoreType = "Generic">   --->   Generic Core
ST_2 : Operation 14 [1/1] (0.00ns)   --->   "%res = extractvalue i39 %call_ret" [firmware/nnet_utils/nnet_dense_stream.h:17->firmware/nnet_utils/nnet_dense_stream.h:95]   --->   Operation 14 'extractvalue' 'res' <Predicate = true> <Delay = 0.00>
ST_2 : Operation 15 [1/1] (0.00ns)   --->   "%res_3 = extractvalue i39 %call_ret" [firmware/nnet_utils/nnet_dense_stream.h:17->firmware/nnet_utils/nnet_dense_stream.h:95]   --->   Operation 15 'extractvalue' 'res_3' <Predicate = true> <Delay = 0.00>
ST_2 : Operation 16 [1/1] (0.00ns)   --->   "%res_4 = extractvalue i39 %call_ret" [firmware/nnet_utils/nnet_dense_stream.h:17->firmware/nnet_utils/nnet_dense_stream.h:95]   --->   Operation 16 'extractvalue' 'res_4' <Predicate = true> <Delay = 0.00>

State 3 <SV = 2> <Delay = 1.83>
ST_3 : Operation 17 [1/1] (0.00ns)   --->   "%specinterface_ln0 = specinterface void @_ssdm_op_SpecInterface, i832 %layer6_out, void @empty_0, i32 0, i32 0, void @empty_13, i32 0, i32 0, void @empty_13, void @empty_13, void @empty_13, i32 0, i32 0, i32 0, i32 0, void @empty_13, void @empty_13, i32 4294967295, i32 0, i32 0, i32 0"   --->   Operation 17 'specinterface' 'specinterface_ln0' <Predicate = true> <Delay = 0.00>
ST_3 : Operation 18 [1/1] (0.00ns)   --->   "%specinterface_ln0 = specinterface void @_ssdm_op_SpecInterface, i1024 %layer4_out, void @empty_0, i32 0, i32 0, void @empty_13, i32 0, i32 0, void @empty_13, void @empty_13, void @empty_13, i32 0, i32 0, i32 0, i32 0, void @empty_13, void @empty_13, i32 4294967295, i32 0, i32 0, i32 0"   --->   Operation 18 'specinterface' 'specinterface_ln0' <Predicate = true> <Delay = 0.00>
ST_3 : Operation 19 [1/1] (0.00ns)   --->   "%or_ln77_3 = bitconcatenate i377 @_ssdm_op_BitConcatenate.i377.i13.i104.i13.i78.i13.i156, i13 %res_4, i104 0, i13 %res_3, i78 0, i13 %res, i156 0" [firmware/nnet_utils/nnet_dense_stream.h:77->firmware/nnet_utils/nnet_dense_stream.h:100]   --->   Operation 19 'bitconcatenate' 'or_ln77_3' <Predicate = true> <Delay = 0.00>
ST_3 : Operation 20 [1/1] (0.00ns)   --->   "%zext_ln77 = zext i377 %or_ln77_3" [firmware/nnet_utils/nnet_dense_stream.h:77->firmware/nnet_utils/nnet_dense_stream.h:100]   --->   Operation 20 'zext' 'zext_ln77' <Predicate = true> <Delay = 0.00>
ST_3 : Operation 21 [1/1] ( I:1.83ns O:1.83ns )   --->   "%write_ln77 = write void @_ssdm_op_Write.ap_fifo.volatile.i832P0A, i832 %layer6_out, i832 %zext_ln77" [firmware/nnet_utils/nnet_dense_stream.h:77->firmware/nnet_utils/nnet_dense_stream.h:100]   --->   Operation 21 'write' 'write_ln77' <Predicate = true> <Delay = 1.83> <CoreInst = "FIFO_SRL">   --->   Core 80 'FIFO_SRL' <Latency = 0> <II = 1> <Delay = 1.83> <Storage> <Opcode : 'read' 'write' 'nbread' 'nbwrite'> <Ports = 0> <Width = 832> <Depth = 1> <FIFO>
ST_3 : Operation 22 [1/1] (0.00ns)   --->   "%ret_ln101 = ret" [firmware/nnet_utils/nnet_dense_stream.h:101]   --->   Operation 22 'ret' 'ret_ln101' <Predicate = true> <Delay = 0.00>


============================================================
+ Verbose Summary: Binding
============================================================
STG Binding: 
---------------- STG Properties BEGIN ----------------
- Is combinational: 0
- Is one-state seq: 0
- Is datapath-only: 0
- Is pipelined: 0
- Is top level: 0
Port [ Return ] is wired: 1; IO mode=ap_ctrl_hs:ce=0
Port [ layer4_out]:  wired=1; compound=1; hidden=0; nouse=0; global=0; static=0; extern=0; dir=0; type=3; pingpong=0; private_global=0; IO mode=ap_fifo:ce=0
Port [ layer6_out]:  wired=1; compound=1; hidden=0; nouse=0; global=0; static=0; extern=0; dir=1; type=3; pingpong=0; private_global=0; IO mode=ap_fifo:ce=0
---------------- STG Properties END ------------------

---------------- Datapath Model BEGIN ----------------

<LifeTime>
<method=bitvector/>
layer4_out_read   (read          ) [ 0000]
data              (partselect    ) [ 0010]
data_4            (partselect    ) [ 0010]
data_5            (partselect    ) [ 0010]
data_6            (partselect    ) [ 0010]
data_7            (partselect    ) [ 0010]
data_8            (partselect    ) [ 0010]
data_9            (partselect    ) [ 0010]
data_10           (partselect    ) [ 0010]
call_ret          (call          ) [ 0000]
res               (extractvalue  ) [ 0001]
res_3             (extractvalue  ) [ 0001]
res_4             (extractvalue  ) [ 0001]
specinterface_ln0 (specinterface ) [ 0000]
specinterface_ln0 (specinterface ) [ 0000]
or_ln77_3         (bitconcatenate) [ 0000]
zext_ln77         (zext          ) [ 0000]
write_ln77        (write         ) [ 0000]
ret_ln101         (ret           ) [ 0000]
</LifeTime>

<model>

<comp_list>
<comp id="0" class="1000" name="layer4_out">
<pin_list>
<pin id="1" dir="1" index="0" bw="1" slack="0"/>
</pin_list>
<bind>
<StgValue><ssdm name="layer4_out"/></StgValue>
</bind>
</comp>

<comp id="2" class="1000" name="layer6_out">
<pin_list>
<pin id="3" dir="1" index="0" bw="1" slack="0"/>
</pin_list>
<bind>
<StgValue><ssdm name="layer6_out"/></StgValue>
</bind>
</comp>

<comp id="4" class="1001" name="const_4">
<pin_list>
<pin id="5" dir="1" index="0" bw="1" slack="0"/>
</pin_list>
<bind>
<StgValue><ssdm name="_ssdm_op_Read.ap_fifo.volatile.i1024P0A"/></StgValue>
</bind>
</comp>

<comp id="6" class="1001" name="const_6">
<pin_list>
<pin id="7" dir="1" index="0" bw="1" slack="0"/>
</pin_list>
<bind>
<StgValue><ssdm name="_ssdm_op_PartSelect.i8.i1024.i32.i32"/></StgValue>
</bind>
</comp>

<comp id="8" class="1001" name="const_8">
<pin_list>
<pin id="9" dir="1" index="0" bw="1" slack="0"/>
</pin_list>
<bind>
<StgValue><ssdm name=""/></StgValue>
</bind>
</comp>

<comp id="10" class="1001" name="const_10">
<pin_list>
<pin id="11" dir="1" index="0" bw="1" slack="0"/>
</pin_list>
<bind>
<StgValue><ssdm name=""/></StgValue>
</bind>
</comp>

<comp id="12" class="1001" name="const_12">
<pin_list>
<pin id="13" dir="1" index="0" bw="1" slack="0"/>
</pin_list>
<bind>
<StgValue><ssdm name=""/></StgValue>
</bind>
</comp>

<comp id="14" class="1001" name="const_14">
<pin_list>
<pin id="15" dir="1" index="0" bw="1" slack="0"/>
</pin_list>
<bind>
<StgValue><ssdm name=""/></StgValue>
</bind>
</comp>

<comp id="16" class="1001" name="const_16">
<pin_list>
<pin id="17" dir="1" index="0" bw="1" slack="0"/>
</pin_list>
<bind>
<StgValue><ssdm name=""/></StgValue>
</bind>
</comp>

<comp id="18" class="1001" name="const_18">
<pin_list>
<pin id="19" dir="1" index="0" bw="1" slack="0"/>
</pin_list>
<bind>
<StgValue><ssdm name=""/></StgValue>
</bind>
</comp>

<comp id="20" class="1001" name="const_20">
<pin_list>
<pin id="21" dir="1" index="0" bw="1" slack="0"/>
</pin_list>
<bind>
<StgValue><ssdm name=""/></StgValue>
</bind>
</comp>

<comp id="22" class="1001" name="const_22">
<pin_list>
<pin id="23" dir="1" index="0" bw="1" slack="0"/>
</pin_list>
<bind>
<StgValue><ssdm name=""/></StgValue>
</bind>
</comp>

<comp id="24" class="1001" name="const_24">
<pin_list>
<pin id="25" dir="1" index="0" bw="1" slack="0"/>
</pin_list>
<bind>
<StgValue><ssdm name=""/></StgValue>
</bind>
</comp>

<comp id="26" class="1001" name="const_26">
<pin_list>
<pin id="27" dir="1" index="0" bw="1" slack="0"/>
</pin_list>
<bind>
<StgValue><ssdm name=""/></StgValue>
</bind>
</comp>

<comp id="28" class="1001" name="const_28">
<pin_list>
<pin id="29" dir="1" index="0" bw="1" slack="0"/>
</pin_list>
<bind>
<StgValue><ssdm name=""/></StgValue>
</bind>
</comp>

<comp id="30" class="1001" name="const_30">
<pin_list>
<pin id="31" dir="1" index="0" bw="1" slack="0"/>
</pin_list>
<bind>
<StgValue><ssdm name=""/></StgValue>
</bind>
</comp>

<comp id="32" class="1001" name="const_32">
<pin_list>
<pin id="33" dir="1" index="0" bw="1" slack="0"/>
</pin_list>
<bind>
<StgValue><ssdm name=""/></StgValue>
</bind>
</comp>

<comp id="34" class="1001" name="const_34">
<pin_list>
<pin id="35" dir="1" index="0" bw="1" slack="0"/>
</pin_list>
<bind>
<StgValue><ssdm name=""/></StgValue>
</bind>
</comp>

<comp id="36" class="1001" name="const_36">
<pin_list>
<pin id="37" dir="1" index="0" bw="1" slack="0"/>
</pin_list>
<bind>
<StgValue><ssdm name=""/></StgValue>
</bind>
</comp>

<comp id="38" class="1001" name="const_38">
<pin_list>
<pin id="39" dir="1" index="0" bw="1" slack="0"/>
</pin_list>
<bind>
<StgValue><ssdm name=""/></StgValue>
</bind>
</comp>

<comp id="40" class="1001" name="const_40">
<pin_list>
<pin id="41" dir="1" index="0" bw="1" slack="0"/>
</pin_list>
<bind>
<StgValue><ssdm name="dense_latency<ap_ufixed<8, 6, 0, 3, 0>, ap_fixed<13, 10, 5, 3, 0>, config6>"/></StgValue>
</bind>
</comp>

<comp id="42" class="1001" name="const_42">
<pin_list>
<pin id="43" dir="1" index="0" bw="1" slack="2147483647"/>
</pin_list>
<bind>
<StgValue><ssdm name="_ssdm_op_SpecInterface"/></StgValue>
</bind>
</comp>

<comp id="44" class="1001" name="const_44">
<pin_list>
<pin id="45" dir="1" index="0" bw="1" slack="2147483647"/>
</pin_list>
<bind>
<StgValue><ssdm name="empty_0"/></StgValue>
</bind>
</comp>

<comp id="46" class="1001" name="const_46">
<pin_list>
<pin id="47" dir="1" index="0" bw="1" slack="2147483647"/>
</pin_list>
<bind>
<StgValue><ssdm name=""/></StgValue>
</bind>
</comp>

<comp id="48" class="1001" name="const_48">
<pin_list>
<pin id="49" dir="1" index="0" bw="1" slack="2147483647"/>
</pin_list>
<bind>
<StgValue><ssdm name="empty_13"/></StgValue>
</bind>
</comp>

<comp id="50" class="1001" name="const_50">
<pin_list>
<pin id="51" dir="1" index="0" bw="1" slack="2147483647"/>
</pin_list>
<bind>
<StgValue><ssdm name=""/></StgValue>
</bind>
</comp>

<comp id="52" class="1001" name="const_52">
<pin_list>
<pin id="53" dir="1" index="0" bw="1" slack="0"/>
</pin_list>
<bind>
<StgValue><ssdm name="_ssdm_op_BitConcatenate.i377.i13.i104.i13.i78.i13.i156"/></StgValue>
</bind>
</comp>

<comp id="54" class="1001" name="const_54">
<pin_list>
<pin id="55" dir="1" index="0" bw="1" slack="0"/>
</pin_list>
<bind>
<StgValue><ssdm name=""/></StgValue>
</bind>
</comp>

<comp id="56" class="1001" name="const_56">
<pin_list>
<pin id="57" dir="1" index="0" bw="1" slack="0"/>
</pin_list>
<bind>
<StgValue><ssdm name=""/></StgValue>
</bind>
</comp>

<comp id="58" class="1001" name="const_58">
<pin_list>
<pin id="59" dir="1" index="0" bw="1" slack="0"/>
</pin_list>
<bind>
<StgValue><ssdm name=""/></StgValue>
</bind>
</comp>

<comp id="60" class="1001" name="const_60">
<pin_list>
<pin id="61" dir="1" index="0" bw="1" slack="0"/>
</pin_list>
<bind>
<StgValue><ssdm name="_ssdm_op_Write.ap_fifo.volatile.i832P0A"/></StgValue>
</bind>
</comp>

<comp id="62" class="1004" name="layer4_out_read_read_fu_62">
<pin_list>
<pin id="63" dir="0" index="0" bw="1024" slack="0"/>
<pin id="64" dir="0" index="1" bw="1024" slack="0"/>
<pin id="65" dir="1" index="2" bw="1024" slack="0"/>
</pin_list>
<bind>
<opcode="read(1150) " fcode="read"/>
<opset="layer4_out_read/1 "/>
</bind>
</comp>

<comp id="68" class="1004" name="write_ln77_write_fu_68">
<pin_list>
<pin id="69" dir="0" index="0" bw="0" slack="0"/>
<pin id="70" dir="0" index="1" bw="832" slack="0"/>
<pin id="71" dir="0" index="2" bw="377" slack="0"/>
<pin id="72" dir="1" index="3" bw="0" slack="2147483647"/>
</pin_list>
<bind>
<opcode="write(1151) " fcode="write"/>
<opset="write_ln77/3 "/>
</bind>
</comp>

<comp id="75" class="1004" name="call_ret_dense_latency_ap_ufixed_8_6_0_3_0_ap_fixed_13_10_5_3_0_config6_s_fu_75">
<pin_list>
<pin id="76" dir="0" index="0" bw="39" slack="0"/>
<pin id="77" dir="0" index="1" bw="8" slack="1"/>
<pin id="78" dir="0" index="2" bw="8" slack="1"/>
<pin id="79" dir="0" index="3" bw="8" slack="1"/>
<pin id="80" dir="0" index="4" bw="8" slack="1"/>
<pin id="81" dir="0" index="5" bw="8" slack="1"/>
<pin id="82" dir="0" index="6" bw="8" slack="1"/>
<pin id="83" dir="0" index="7" bw="8" slack="1"/>
<pin id="84" dir="0" index="8" bw="8" slack="1"/>
<pin id="85" dir="1" index="9" bw="39" slack="0"/>
</pin_list>
<bind>
<opcode="call(48) " fcode="call"/>
<opset="call_ret/2 "/>
</bind>
</comp>

<comp id="87" class="1004" name="data_fu_87">
<pin_list>
<pin id="88" dir="0" index="0" bw="8" slack="0"/>
<pin id="89" dir="0" index="1" bw="1024" slack="0"/>
<pin id="90" dir="0" index="2" bw="9" slack="0"/>
<pin id="91" dir="0" index="3" bw="9" slack="0"/>
<pin id="92" dir="1" index="4" bw="8" slack="1"/>
</pin_list>
<bind>
<opcode="partselect(1002) " fcode="partselect"/>
<opset="data/1 "/>
</bind>
</comp>

<comp id="97" class="1004" name="data_4_fu_97">
<pin_list>
<pin id="98" dir="0" index="0" bw="8" slack="0"/>
<pin id="99" dir="0" index="1" bw="1024" slack="0"/>
<pin id="100" dir="0" index="2" bw="10" slack="0"/>
<pin id="101" dir="0" index="3" bw="10" slack="0"/>
<pin id="102" dir="1" index="4" bw="8" slack="1"/>
</pin_list>
<bind>
<opcode="partselect(1002) " fcode="partselect"/>
<opset="data_4/1 "/>
</bind>
</comp>

<comp id="107" class="1004" name="data_5_fu_107">
<pin_list>
<pin id="108" dir="0" index="0" bw="8" slack="0"/>
<pin id="109" dir="0" index="1" bw="1024" slack="0"/>
<pin id="110" dir="0" index="2" bw="10" slack="0"/>
<pin id="111" dir="0" index="3" bw="10" slack="0"/>
<pin id="112" dir="1" index="4" bw="8" slack="1"/>
</pin_list>
<bind>
<opcode="partselect(1002) " fcode="partselect"/>
<opset="data_5/1 "/>
</bind>
</comp>

<comp id="117" class="1004" name="data_6_fu_117">
<pin_list>
<pin id="118" dir="0" index="0" bw="8" slack="0"/>
<pin id="119" dir="0" index="1" bw="1024" slack="0"/>
<pin id="120" dir="0" index="2" bw="10" slack="0"/>
<pin id="121" dir="0" index="3" bw="10" slack="0"/>
<pin id="122" dir="1" index="4" bw="8" slack="1"/>
</pin_list>
<bind>
<opcode="partselect(1002) " fcode="partselect"/>
<opset="data_6/1 "/>
</bind>
</comp>

<comp id="127" class="1004" name="data_7_fu_127">
<pin_list>
<pin id="128" dir="0" index="0" bw="8" slack="0"/>
<pin id="129" dir="0" index="1" bw="1024" slack="0"/>
<pin id="130" dir="0" index="2" bw="11" slack="0"/>
<pin id="131" dir="0" index="3" bw="11" slack="0"/>
<pin id="132" dir="1" index="4" bw="8" slack="1"/>
</pin_list>
<bind>
<opcode="partselect(1002) " fcode="partselect"/>
<opset="data_7/1 "/>
</bind>
</comp>

<comp id="137" class="1004" name="data_8_fu_137">
<pin_list>
<pin id="138" dir="0" index="0" bw="8" slack="0"/>
<pin id="139" dir="0" index="1" bw="1024" slack="0"/>
<pin id="140" dir="0" index="2" bw="11" slack="0"/>
<pin id="141" dir="0" index="3" bw="11" slack="0"/>
<pin id="142" dir="1" index="4" bw="8" slack="1"/>
</pin_list>
<bind>
<opcode="partselect(1002) " fcode="partselect"/>
<opset="data_8/1 "/>
</bind>
</comp>

<comp id="147" class="1004" name="data_9_fu_147">
<pin_list>
<pin id="148" dir="0" index="0" bw="8" slack="0"/>
<pin id="149" dir="0" index="1" bw="1024" slack="0"/>
<pin id="150" dir="0" index="2" bw="11" slack="0"/>
<pin id="151" dir="0" index="3" bw="11" slack="0"/>
<pin id="152" dir="1" index="4" bw="8" slack="1"/>
</pin_list>
<bind>
<opcode="partselect(1002) " fcode="partselect"/>
<opset="data_9/1 "/>
</bind>
</comp>

<comp id="157" class="1004" name="data_10_fu_157">
<pin_list>
<pin id="158" dir="0" index="0" bw="8" slack="0"/>
<pin id="159" dir="0" index="1" bw="1024" slack="0"/>
<pin id="160" dir="0" index="2" bw="11" slack="0"/>
<pin id="161" dir="0" index="3" bw="11" slack="0"/>
<pin id="162" dir="1" index="4" bw="8" slack="1"/>
</pin_list>
<bind>
<opcode="partselect(1002) " fcode="partselect"/>
<opset="data_10/1 "/>
</bind>
</comp>

<comp id="167" class="1004" name="res_fu_167">
<pin_list>
<pin id="168" dir="0" index="0" bw="39" slack="0"/>
<pin id="169" dir="1" index="1" bw="13" slack="1"/>
</pin_list>
<bind>
<opcode="extractvalue(56) " fcode="extractvalue"/>
<opset="res/2 "/>
</bind>
</comp>

<comp id="171" class="1004" name="res_3_fu_171">
<pin_list>
<pin id="172" dir="0" index="0" bw="39" slack="0"/>
<pin id="173" dir="1" index="1" bw="13" slack="1"/>
</pin_list>
<bind>
<opcode="extractvalue(56) " fcode="extractvalue"/>
<opset="res_3/2 "/>
</bind>
</comp>

<comp id="175" class="1004" name="res_4_fu_175">
<pin_list>
<pin id="176" dir="0" index="0" bw="39" slack="0"/>
<pin id="177" dir="1" index="1" bw="13" slack="1"/>
</pin_list>
<bind>
<opcode="extractvalue(56) " fcode="extractvalue"/>
<opset="res_4/2 "/>
</bind>
</comp>

<comp id="179" class="1004" name="or_ln77_3_fu_179">
<pin_list>
<pin id="180" dir="0" index="0" bw="377" slack="0"/>
<pin id="181" dir="0" index="1" bw="13" slack="1"/>
<pin id="182" dir="0" index="2" bw="1" slack="0"/>
<pin id="183" dir="0" index="3" bw="13" slack="1"/>
<pin id="184" dir="0" index="4" bw="1" slack="0"/>
<pin id="185" dir="0" index="5" bw="13" slack="1"/>
<pin id="186" dir="0" index="6" bw="1" slack="0"/>
<pin id="187" dir="1" index="7" bw="377" slack="0"/>
</pin_list>
<bind>
<opcode="bitconcatenate(1004) " fcode="bitconcatenate"/>
<opset="or_ln77_3/3 "/>
</bind>
</comp>

<comp id="192" class="1004" name="zext_ln77_fu_192">
<pin_list>
<pin id="193" dir="0" index="0" bw="377" slack="0"/>
<pin id="194" dir="1" index="1" bw="832" slack="0"/>
</pin_list>
<bind>
<opcode="zext(34) " fcode="zext"/>
<opset="zext_ln77/3 "/>
</bind>
</comp>

<comp id="197" class="1005" name="data_reg_197">
<pin_list>
<pin id="198" dir="0" index="0" bw="8" slack="1"/>
<pin id="199" dir="1" index="1" bw="8" slack="1"/>
</pin_list>
<bind>
<opset="data "/>
</bind>
</comp>

<comp id="202" class="1005" name="data_4_reg_202">
<pin_list>
<pin id="203" dir="0" index="0" bw="8" slack="1"/>
<pin id="204" dir="1" index="1" bw="8" slack="1"/>
</pin_list>
<bind>
<opset="data_4 "/>
</bind>
</comp>

<comp id="207" class="1005" name="data_5_reg_207">
<pin_list>
<pin id="208" dir="0" index="0" bw="8" slack="1"/>
<pin id="209" dir="1" index="1" bw="8" slack="1"/>
</pin_list>
<bind>
<opset="data_5 "/>
</bind>
</comp>

<comp id="212" class="1005" name="data_6_reg_212">
<pin_list>
<pin id="213" dir="0" index="0" bw="8" slack="1"/>
<pin id="214" dir="1" index="1" bw="8" slack="1"/>
</pin_list>
<bind>
<opset="data_6 "/>
</bind>
</comp>

<comp id="217" class="1005" name="data_7_reg_217">
<pin_list>
<pin id="218" dir="0" index="0" bw="8" slack="1"/>
<pin id="219" dir="1" index="1" bw="8" slack="1"/>
</pin_list>
<bind>
<opset="data_7 "/>
</bind>
</comp>

<comp id="222" class="1005" name="data_8_reg_222">
<pin_list>
<pin id="223" dir="0" index="0" bw="8" slack="1"/>
<pin id="224" dir="1" index="1" bw="8" slack="1"/>
</pin_list>
<bind>
<opset="data_8 "/>
</bind>
</comp>

<comp id="227" class="1005" name="data_9_reg_227">
<pin_list>
<pin id="228" dir="0" index="0" bw="8" slack="1"/>
<pin id="229" dir="1" index="1" bw="8" slack="1"/>
</pin_list>
<bind>
<opset="data_9 "/>
</bind>
</comp>

<comp id="232" class="1005" name="data_10_reg_232">
<pin_list>
<pin id="233" dir="0" index="0" bw="8" slack="1"/>
<pin id="234" dir="1" index="1" bw="8" slack="1"/>
</pin_list>
<bind>
<opset="data_10 "/>
</bind>
</comp>

<comp id="237" class="1005" name="res_reg_237">
<pin_list>
<pin id="238" dir="0" index="0" bw="13" slack="1"/>
<pin id="239" dir="1" index="1" bw="13" slack="1"/>
</pin_list>
<bind>
<opset="res "/>
</bind>
</comp>

<comp id="242" class="1005" name="res_3_reg_242">
<pin_list>
<pin id="243" dir="0" index="0" bw="13" slack="1"/>
<pin id="244" dir="1" index="1" bw="13" slack="1"/>
</pin_list>
<bind>
<opset="res_3 "/>
</bind>
</comp>

<comp id="247" class="1005" name="res_4_reg_247">
<pin_list>
<pin id="248" dir="0" index="0" bw="13" slack="1"/>
<pin id="249" dir="1" index="1" bw="13" slack="1"/>
</pin_list>
<bind>
<opset="res_4 "/>
</bind>
</comp>

</comp_list>

<net_list>
<net id="66"><net_src comp="4" pin="0"/><net_sink comp="62" pin=0"/></net>

<net id="67"><net_src comp="0" pin="0"/><net_sink comp="62" pin=1"/></net>

<net id="73"><net_src comp="60" pin="0"/><net_sink comp="68" pin=0"/></net>

<net id="74"><net_src comp="2" pin="0"/><net_sink comp="68" pin=1"/></net>

<net id="86"><net_src comp="40" pin="0"/><net_sink comp="75" pin=0"/></net>

<net id="93"><net_src comp="6" pin="0"/><net_sink comp="87" pin=0"/></net>

<net id="94"><net_src comp="62" pin="2"/><net_sink comp="87" pin=1"/></net>

<net id="95"><net_src comp="8" pin="0"/><net_sink comp="87" pin=2"/></net>

<net id="96"><net_src comp="10" pin="0"/><net_sink comp="87" pin=3"/></net>

<net id="103"><net_src comp="6" pin="0"/><net_sink comp="97" pin=0"/></net>

<net id="104"><net_src comp="62" pin="2"/><net_sink comp="97" pin=1"/></net>

<net id="105"><net_src comp="12" pin="0"/><net_sink comp="97" pin=2"/></net>

<net id="106"><net_src comp="14" pin="0"/><net_sink comp="97" pin=3"/></net>

<net id="113"><net_src comp="6" pin="0"/><net_sink comp="107" pin=0"/></net>

<net id="114"><net_src comp="62" pin="2"/><net_sink comp="107" pin=1"/></net>

<net id="115"><net_src comp="16" pin="0"/><net_sink comp="107" pin=2"/></net>

<net id="116"><net_src comp="18" pin="0"/><net_sink comp="107" pin=3"/></net>

<net id="123"><net_src comp="6" pin="0"/><net_sink comp="117" pin=0"/></net>

<net id="124"><net_src comp="62" pin="2"/><net_sink comp="117" pin=1"/></net>

<net id="125"><net_src comp="20" pin="0"/><net_sink comp="117" pin=2"/></net>

<net id="126"><net_src comp="22" pin="0"/><net_sink comp="117" pin=3"/></net>

<net id="133"><net_src comp="6" pin="0"/><net_sink comp="127" pin=0"/></net>

<net id="134"><net_src comp="62" pin="2"/><net_sink comp="127" pin=1"/></net>

<net id="135"><net_src comp="24" pin="0"/><net_sink comp="127" pin=2"/></net>

<net id="136"><net_src comp="26" pin="0"/><net_sink comp="127" pin=3"/></net>

<net id="143"><net_src comp="6" pin="0"/><net_sink comp="137" pin=0"/></net>

<net id="144"><net_src comp="62" pin="2"/><net_sink comp="137" pin=1"/></net>

<net id="145"><net_src comp="28" pin="0"/><net_sink comp="137" pin=2"/></net>

<net id="146"><net_src comp="30" pin="0"/><net_sink comp="137" pin=3"/></net>

<net id="153"><net_src comp="6" pin="0"/><net_sink comp="147" pin=0"/></net>

<net id="154"><net_src comp="62" pin="2"/><net_sink comp="147" pin=1"/></net>

<net id="155"><net_src comp="32" pin="0"/><net_sink comp="147" pin=2"/></net>

<net id="156"><net_src comp="34" pin="0"/><net_sink comp="147" pin=3"/></net>

<net id="163"><net_src comp="6" pin="0"/><net_sink comp="157" pin=0"/></net>

<net id="164"><net_src comp="62" pin="2"/><net_sink comp="157" pin=1"/></net>

<net id="165"><net_src comp="36" pin="0"/><net_sink comp="157" pin=2"/></net>

<net id="166"><net_src comp="38" pin="0"/><net_sink comp="157" pin=3"/></net>

<net id="170"><net_src comp="75" pin="9"/><net_sink comp="167" pin=0"/></net>

<net id="174"><net_src comp="75" pin="9"/><net_sink comp="171" pin=0"/></net>

<net id="178"><net_src comp="75" pin="9"/><net_sink comp="175" pin=0"/></net>

<net id="188"><net_src comp="52" pin="0"/><net_sink comp="179" pin=0"/></net>

<net id="189"><net_src comp="54" pin="0"/><net_sink comp="179" pin=2"/></net>

<net id="190"><net_src comp="56" pin="0"/><net_sink comp="179" pin=4"/></net>

<net id="191"><net_src comp="58" pin="0"/><net_sink comp="179" pin=6"/></net>

<net id="195"><net_src comp="179" pin="7"/><net_sink comp="192" pin=0"/></net>

<net id="196"><net_src comp="192" pin="1"/><net_sink comp="68" pin=2"/></net>

<net id="200"><net_src comp="87" pin="4"/><net_sink comp="197" pin=0"/></net>

<net id="201"><net_src comp="197" pin="1"/><net_sink comp="75" pin=1"/></net>

<net id="205"><net_src comp="97" pin="4"/><net_sink comp="202" pin=0"/></net>

<net id="206"><net_src comp="202" pin="1"/><net_sink comp="75" pin=2"/></net>

<net id="210"><net_src comp="107" pin="4"/><net_sink comp="207" pin=0"/></net>

<net id="211"><net_src comp="207" pin="1"/><net_sink comp="75" pin=3"/></net>

<net id="215"><net_src comp="117" pin="4"/><net_sink comp="212" pin=0"/></net>

<net id="216"><net_src comp="212" pin="1"/><net_sink comp="75" pin=4"/></net>

<net id="220"><net_src comp="127" pin="4"/><net_sink comp="217" pin=0"/></net>

<net id="221"><net_src comp="217" pin="1"/><net_sink comp="75" pin=5"/></net>

<net id="225"><net_src comp="137" pin="4"/><net_sink comp="222" pin=0"/></net>

<net id="226"><net_src comp="222" pin="1"/><net_sink comp="75" pin=6"/></net>

<net id="230"><net_src comp="147" pin="4"/><net_sink comp="227" pin=0"/></net>

<net id="231"><net_src comp="227" pin="1"/><net_sink comp="75" pin=7"/></net>

<net id="235"><net_src comp="157" pin="4"/><net_sink comp="232" pin=0"/></net>

<net id="236"><net_src comp="232" pin="1"/><net_sink comp="75" pin=8"/></net>

<net id="240"><net_src comp="167" pin="1"/><net_sink comp="237" pin=0"/></net>

<net id="241"><net_src comp="237" pin="1"/><net_sink comp="179" pin=5"/></net>

<net id="245"><net_src comp="171" pin="1"/><net_sink comp="242" pin=0"/></net>

<net id="246"><net_src comp="242" pin="1"/><net_sink comp="179" pin=3"/></net>

<net id="250"><net_src comp="175" pin="1"/><net_sink comp="247" pin=0"/></net>

<net id="251"><net_src comp="247" pin="1"/><net_sink comp="179" pin=1"/></net>

</net_list>

</model> 
---------------- Datapath Model END ------------------

* FSMD analyzer results:
  - Output states:
	Port: layer6_out | {3 }
 - Input state : 
	Port: dense<array<ap_ufixed,128u>,array<ap_fixed<13,10,5,3,0>,64u>,config6> : layer4_out | {1 }
  - Chain level:
	State 1
	State 2
		res : 1
		res_3 : 1
		res_4 : 1
	State 3
		zext_ln77 : 1
		write_ln77 : 2


============================================================
+ Verbose Summary: Datapath Resource usage 
============================================================

* Functional unit list:
|----------|---------------------------------------------------------------------------------|---------|---------|
| Operation|                                 Functional Unit                                 |    FF   |   LUT   |
|----------|---------------------------------------------------------------------------------|---------|---------|
|   call   | call_ret_dense_latency_ap_ufixed_8_6_0_3_0_ap_fixed_13_10_5_3_0_config6_s_fu_75 |    0    |   372   |
|----------|---------------------------------------------------------------------------------|---------|---------|
|   read   |                            layer4_out_read_read_fu_62                           |    0    |    0    |
|----------|---------------------------------------------------------------------------------|---------|---------|
|   write  |                              write_ln77_write_fu_68                             |    0    |    0    |
|----------|---------------------------------------------------------------------------------|---------|---------|
|          |                                    data_fu_87                                   |    0    |    0    |
|          |                                   data_4_fu_97                                  |    0    |    0    |
|          |                                  data_5_fu_107                                  |    0    |    0    |
|partselect|                                  data_6_fu_117                                  |    0    |    0    |
|          |                                  data_7_fu_127                                  |    0    |    0    |
|          |                                  data_8_fu_137                                  |    0    |    0    |
|          |                                  data_9_fu_147                                  |    0    |    0    |
|          |                                  data_10_fu_157                                 |    0    |    0    |
|----------|---------------------------------------------------------------------------------|---------|---------|
|          |                                    res_fu_167                                   |    0    |    0    |
|extractvalue|                                   res_3_fu_171                                  |    0    |    0    |
|          |                                   res_4_fu_175                                  |    0    |    0    |
|----------|---------------------------------------------------------------------------------|---------|---------|
|bitconcatenate|                                 or_ln77_3_fu_179                                |    0    |    0    |
|----------|---------------------------------------------------------------------------------|---------|---------|
|   zext   |                                 zext_ln77_fu_192                                |    0    |    0    |
|----------|---------------------------------------------------------------------------------|---------|---------|
|   Total  |                                                                                 |    0    |   372   |
|----------|---------------------------------------------------------------------------------|---------|---------|

Memories:
N/A

* Register list:
+---------------+--------+
|               |   FF   |
+---------------+--------+
|data_10_reg_232|    8   |
| data_4_reg_202|    8   |
| data_5_reg_207|    8   |
| data_6_reg_212|    8   |
| data_7_reg_217|    8   |
| data_8_reg_222|    8   |
| data_9_reg_227|    8   |
|  data_reg_197 |    8   |
| res_3_reg_242 |   13   |
| res_4_reg_247 |   13   |
|  res_reg_237  |   13   |
+---------------+--------+
|     Total     |   103  |
+---------------+--------+

* Multiplexer (MUX) list: 
|--------|------|------|------|--------|
|  Comp  |  Pin | Size |  BW  | S x BW |
|--------|------|------|------|--------|
|  Total |      |      |      |    0   |
|--------|------|------|------|--------|



* Summary:
+-----------+--------+--------+
|           |   FF   |   LUT  |
+-----------+--------+--------+
|  Function |    0   |   372  |
|   Memory  |    -   |    -   |
|Multiplexer|    -   |    -   |
|  Register |   103  |    -   |
+-----------+--------+--------+
|   Total   |   103  |   372  |
+-----------+--------+--------+
