

================================================================
== Vitis HLS Report for 'dense_latency_ap_ufixed_8_6_0_3_0_ap_fixed_15_12_5_3_0_config9_s'
================================================================
* Date:           Thu May  7 15:45:09 2026

* Version:        2025.2 (Build 6295257 on Nov 14 2025)
* Project:        vitis_unified_project
* Solution:       hls (Vivado IP Flow Target)
* Product family: zynquplus
* Target device:  xck26-sfvc784-2LV-c


================================================================
== Performance Estimates
================================================================
+ Timing: 
    * Summary: 
    +--------+---------+----------+------------+
    |  Clock |  Target | Estimated| Uncertainty|
    +--------+---------+----------+------------+
    |ap_clk  |  5.00 ns|  4.143 ns|     0.62 ns|
    +--------+---------+----------+------------+

+ Latency: 
    * Summary: 
    +---------+---------+----------+----------+-----+-----+---------+
    |  Latency (cycles) |  Latency (absolute) |  Interval | Pipeline|
    |   min   |   max   |    min   |    max   | min | max |   Type  |
    +---------+---------+----------+----------+-----+-----+---------+
    |        0|        0|      0 ns|      0 ns|    1|    1|      yes|
    +---------+---------+----------+----------+-----+-----+---------+

    + Detail: 
        * Instance: 
        N/A

        * Loop: 
        N/A



================================================================
== Utilization Estimates
================================================================
* Summary: 
+-----------------+---------+------+--------+--------+-----+
|       Name      | BRAM_18K|  DSP |   FF   |   LUT  | URAM|
+-----------------+---------+------+--------+--------+-----+
|DSP              |        -|     -|       -|       -|    -|
|Expression       |        -|     -|       0|    1009|    -|
|FIFO             |        -|     -|       -|       -|    -|
|Instance         |        -|     -|       -|       -|    -|
|Memory           |        -|     -|       -|       -|    -|
|Multiplexer      |        -|     -|       -|       -|    -|
|Register         |        -|     -|       -|       -|    -|
+-----------------+---------+------+--------+--------+-----+
|Total            |        0|     0|       0|    1009|    0|
+-----------------+---------+------+--------+--------+-----+
|Available        |      288|  1248|  234240|  117120|   64|
+-----------------+---------+------+--------+--------+-----+
|Utilization (%)  |        0|     0|       0|      ~0|    0|
+-----------------+---------+------+--------+--------+-----+

+ Detail: 
    * Instance: 
    N/A

    * DSP: 
    N/A

    * Memory: 
    N/A

    * FIFO: 
    N/A

    * Expression: 
    +------------------------+----------+----+---+----+------------+------------+
    |      Variable Name     | Operation| DSP| FF| LUT| Bitwidth P0| Bitwidth P1|
    +------------------------+----------+----+---+----+------------+------------+
    |add_ln58_10_fu_890_p2   |         +|   0|  0|  22|          15|          15|
    |add_ln58_11_fu_900_p2   |         +|   0|  0|  16|          16|          16|
    |add_ln58_12_fu_906_p2   |         +|   0|  0|  16|          14|          14|
    |add_ln58_13_fu_916_p2   |         +|   0|  0|  23|          16|          16|
    |add_ln58_14_fu_930_p2   |         +|   0|  0|  17|          17|          17|
    |add_ln58_16_fu_956_p2   |         +|   0|  0|  17|          13|          13|
    |add_ln58_17_fu_962_p2   |         +|   0|  0|  17|          13|          13|
    |add_ln58_18_fu_980_p2   |         +|   0|  0|  16|          16|          16|
    |add_ln58_19_fu_990_p2   |         +|   0|  0|  18|          18|          18|
    |add_ln58_1_fu_776_p2    |         +|   0|  0|  16|          14|          14|
    |add_ln58_20_fu_996_p2   |         +|   0|  0|  21|          14|          14|
    |add_ln58_21_fu_1006_p2  |         +|   0|  0|  23|          16|          16|
    |add_ln58_2_fu_786_p2    |         +|   0|  0|  21|          14|          14|
    |add_ln58_3_fu_810_p2    |         +|   0|  0|  17|          12|           6|
    |add_ln58_4_fu_834_p2    |         +|   0|  0|  17|          11|          11|
    |add_ln58_5_fu_840_p2    |         +|   0|  0|  17|          11|          11|
    |add_ln58_6_fu_850_p2    |         +|   0|  0|  16|          15|          15|
    |add_ln58_7_fu_856_p2    |         +|   0|  0|  21|          14|          14|
    |add_ln58_8_fu_866_p2    |         +|   0|  0|  16|          15|          15|
    |add_ln58_9_fu_876_p2    |         +|   0|  0|  19|          12|          12|
    |add_ln58_fu_766_p2      |         +|   0|  0|  20|          13|           8|
    |x_1_fu_946_p2           |         +|   0|  0|  17|          17|          17|
    |x_2_fu_1028_p2          |         +|   0|  0|  21|          14|          14|
    |x_3_fu_1016_p2          |         +|   0|  0|  18|          18|          18|
    |x_fu_1022_p2            |         +|   0|  0|  26|          19|          19|
    |mult_10_fu_538_p2       |         -|   0|  0|  24|           1|          17|
    |mult_11_fu_560_p2       |         -|   0|  0|  20|           1|          13|
    |mult_12_fu_608_p2       |         -|   0|  0|  19|           1|          12|
    |mult_13_fu_630_p2       |         -|   0|  0|  21|           1|          14|
    |mult_14_fu_734_p2       |         -|   0|  0|  25|           1|          18|
    |mult_15_fu_756_p2       |         -|   0|  0|  18|           1|          11|
    |mult_1_fu_198_p2        |         -|   0|  0|  20|           1|          13|
    |mult_2_fu_220_p2        |         -|   0|  0|  18|           1|          11|
    |mult_3_fu_288_p2        |         -|   0|  0|  22|           1|          15|
    |mult_4_fu_310_p2        |         -|   0|  0|  21|           1|          14|
    |mult_5_fu_394_p2        |         -|   0|  0|  18|          11|          11|
    |mult_6_fu_424_p2        |         -|   0|  0|  22|          15|          15|
    |mult_7_fu_446_p2        |         -|   0|  0|  20|           1|          13|
    |mult_8_fu_468_p2        |         -|   0|  0|  17|           1|          10|
    |mult_9_fu_516_p2        |         -|   0|  0|  23|           1|          16|
    |sub_ln58_1_fu_820_p2    |         -|   0|  0|  21|          14|          14|
    |sub_ln58_2_fu_936_p2    |         -|   0|  0|  21|          14|          14|
    |sub_ln58_fu_796_p2      |         -|   0|  0|  17|           9|          10|
    |sub_ln73_10_fu_498_p2   |         -|   0|  0|  20|          13|          13|
    |sub_ln73_14_fu_590_p2   |         -|   0|  0|  20|          13|          13|
    |sub_ln73_17_fu_672_p2   |         -|   0|  0|  19|          12|          12|
    |sub_ln73_18_fu_690_p2   |         -|   0|  0|  20|          13|          13|
    |sub_ln73_19_fu_716_p2   |         -|   0|  0|  21|          14|          14|
    |sub_ln73_3_fu_328_p2    |         -|   0|  0|  17|          10|          10|
    |sub_ln73_4_fu_346_p2    |         -|   0|  0|  17|          12|          12|
    |sub_ln73_5_fu_376_p2    |         -|   0|  0|  20|          13|          13|
    |sub_ln73_fu_250_p2      |         -|   0|  0|  20|          13|          13|
    +------------------------+----------+----+---+----+------------+------------+
    |Total                   |          |   0|  0|1009|         556|         710|
    +------------------------+----------+----+---+----+------------+------------+

    * Multiplexer: 
    N/A

    * Register: 
    N/A



================================================================
== Interface
================================================================
* Summary: 
+-------------+-----+-----+------------+-----------------------------------------------------------------------------+--------------+
|  RTL Ports  | Dir | Bits|  Protocol  |                                Source Object                                |    C Type    |
+-------------+-----+-----+------------+-----------------------------------------------------------------------------+--------------+
|ap_ready     |  out|    1|  ap_ctrl_hs|  dense_latency<ap_ufixed<8, 6, 0, 3, 0>, ap_fixed<15, 12, 5, 3, 0>, config9>|  return value|
|ap_return_0  |  out|   15|  ap_ctrl_hs|  dense_latency<ap_ufixed<8, 6, 0, 3, 0>, ap_fixed<15, 12, 5, 3, 0>, config9>|  return value|
|ap_return_1  |  out|   15|  ap_ctrl_hs|  dense_latency<ap_ufixed<8, 6, 0, 3, 0>, ap_fixed<15, 12, 5, 3, 0>, config9>|  return value|
|ap_return_2  |  out|   15|  ap_ctrl_hs|  dense_latency<ap_ufixed<8, 6, 0, 3, 0>, ap_fixed<15, 12, 5, 3, 0>, config9>|  return value|
|ap_return_3  |  out|   15|  ap_ctrl_hs|  dense_latency<ap_ufixed<8, 6, 0, 3, 0>, ap_fixed<15, 12, 5, 3, 0>, config9>|  return value|
|ap_rst       |   in|    1|  ap_ctrl_hs|  dense_latency<ap_ufixed<8, 6, 0, 3, 0>, ap_fixed<15, 12, 5, 3, 0>, config9>|  return value|
|data_2_val   |   in|    8|     ap_none|                                                                   data_2_val|        scalar|
|data_6_val   |   in|    8|     ap_none|                                                                   data_6_val|        scalar|
|data_11_val  |   in|    8|     ap_none|                                                                  data_11_val|        scalar|
|data_12_val  |   in|    8|     ap_none|                                                                  data_12_val|        scalar|
|data_13_val  |   in|    8|     ap_none|                                                                  data_13_val|        scalar|
|data_16_val  |   in|    8|     ap_none|                                                                  data_16_val|        scalar|
|data_18_val  |   in|    8|     ap_none|                                                                  data_18_val|        scalar|
|data_19_val  |   in|    8|     ap_none|                                                                  data_19_val|        scalar|
|data_28_val  |   in|    8|     ap_none|                                                                  data_28_val|        scalar|
|data_42_val  |   in|    8|     ap_none|                                                                  data_42_val|        scalar|
|data_56_val  |   in|    8|     ap_none|                                                                  data_56_val|        scalar|
+-------------+-----+-----+------------+-----------------------------------------------------------------------------+--------------+

