/work/development/pixsplit/baseline/baseline/hls4ml_prj_acc=0.7811_latency_bitfile/myproject_prj/solution1/.autopilot/db/myproject.pp.0.cpp:29286:5: remark: Added loop label VITIS_LOOP_676_1:   [xilinx-label-all-loops]
    for (unsigned i = low; i != high+1; ++i) {
    ^
    VITIS_LOOP_676_1: 
/work/development/pixsplit/baseline/baseline/hls4ml_prj_acc=0.7811_latency_bitfile/myproject_prj/solution1/.autopilot/db/myproject.pp.0.cpp:29286:5: note: FIX-IT applied suggested code changes
/work/development/pixsplit/baseline/baseline/hls4ml_prj_acc=0.7811_latency_bitfile/myproject_prj/solution1/.autopilot/db/myproject.pp.0.cpp:29300:5: remark: Added loop label VITIS_LOOP_690_1:   [xilinx-label-all-loops]
    for (unsigned i = low; i != high+1; ++i) {
    ^
    VITIS_LOOP_690_1: 
/work/development/pixsplit/baseline/baseline/hls4ml_prj_acc=0.7811_latency_bitfile/myproject_prj/solution1/.autopilot/db/myproject.pp.0.cpp:29300:5: note: FIX-IT applied suggested code changes
/work/development/pixsplit/baseline/baseline/hls4ml_prj_acc=0.7811_latency_bitfile/myproject_prj/solution1/.autopilot/db/myproject.pp.0.cpp:29314:5: remark: Added loop label VITIS_LOOP_704_1:   [xilinx-label-all-loops]
    for (unsigned i = low; i != high+1; ++i) {
    ^
    VITIS_LOOP_704_1: 
/work/development/pixsplit/baseline/baseline/hls4ml_prj_acc=0.7811_latency_bitfile/myproject_prj/solution1/.autopilot/db/myproject.pp.0.cpp:29314:5: note: FIX-IT applied suggested code changes
/work/development/pixsplit/baseline/baseline/hls4ml_prj_acc=0.7811_latency_bitfile/myproject_prj/solution1/.autopilot/db/myproject.pp.0.cpp:32791:7: remark: Added loop label VITIS_LOOP_1251_1:   [xilinx-label-all-loops]
      for (i = 0; i < __N - 1; ++i) {
      ^
      VITIS_LOOP_1251_1: 
/work/development/pixsplit/baseline/baseline/hls4ml_prj_acc=0.7811_latency_bitfile/myproject_prj/solution1/.autopilot/db/myproject.pp.0.cpp:32791:7: note: FIX-IT applied suggested code changes
/work/development/pixsplit/baseline/baseline/hls4ml_prj_acc=0.7811_latency_bitfile/myproject_prj/solution1/.autopilot/db/myproject.pp.0.cpp:47621:9: remark: Added loop label VITIS_LOOP_27_1:   [xilinx-label-all-loops]
        for (unsigned i = 0; i < N; i++) {
        ^
        VITIS_LOOP_27_1: 
/work/development/pixsplit/baseline/baseline/hls4ml_prj_acc=0.7811_latency_bitfile/myproject_prj/solution1/.autopilot/db/myproject.pp.0.cpp:47621:9: note: FIX-IT applied suggested code changes
/work/development/pixsplit/baseline/baseline/hls4ml_prj_acc=0.7811_latency_bitfile/myproject_prj/solution1/.autopilot/db/myproject.pp.0.cpp:47633:9: remark: Added loop label VITIS_LOOP_39_1:   [xilinx-label-all-loops]
        for (unsigned i = 0; i < N; i++) {
        ^
        VITIS_LOOP_39_1: 
/work/development/pixsplit/baseline/baseline/hls4ml_prj_acc=0.7811_latency_bitfile/myproject_prj/solution1/.autopilot/db/myproject.pp.0.cpp:47633:9: note: FIX-IT applied suggested code changes
/work/development/pixsplit/baseline/baseline/hls4ml_prj_acc=0.7811_latency_bitfile/myproject_prj/solution1/.autopilot/db/myproject.pp.0.cpp:47650:9: remark: Added loop label VITIS_LOOP_56_1:   [xilinx-label-all-loops]
        for (size_t i = 0; i < N; i++) {
        ^
        VITIS_LOOP_56_1: 
/work/development/pixsplit/baseline/baseline/hls4ml_prj_acc=0.7811_latency_bitfile/myproject_prj/solution1/.autopilot/db/myproject.pp.0.cpp:47650:9: note: FIX-IT applied suggested code changes
/work/development/pixsplit/baseline/baseline/hls4ml_prj_acc=0.7811_latency_bitfile/myproject_prj/solution1/.autopilot/db/myproject.pp.0.cpp:59811:5: remark: Added loop label VITIS_LOOP_297_1:   [xilinx-label-all-loops]
    for (typename std::vector<src_T>::const_iterator i = in_begin; i != in_end; ++i) {
    ^
    VITIS_LOOP_297_1: 
/work/development/pixsplit/baseline/baseline/hls4ml_prj_acc=0.7811_latency_bitfile/myproject_prj/solution1/.autopilot/db/myproject.pp.0.cpp:59811:5: note: FIX-IT applied suggested code changes
/work/development/pixsplit/baseline/baseline/hls4ml_prj_acc=0.7811_latency_bitfile/myproject_prj/solution1/.autopilot/db/myproject.pp.0.cpp:59821:5: remark: Added loop label VITIS_LOOP_307_1:   [xilinx-label-all-loops]
    for (auto i = 0; i < SIZE; i++)
    ^
    VITIS_LOOP_307_1: 
/work/development/pixsplit/baseline/baseline/hls4ml_prj_acc=0.7811_latency_bitfile/myproject_prj/solution1/.autopilot/db/myproject.pp.0.cpp:59821:5: note: FIX-IT applied suggested code changes
/work/development/pixsplit/baseline/baseline/hls4ml_prj_acc=0.7811_latency_bitfile/myproject_prj/solution1/.autopilot/db/myproject.pp.0.cpp:59834:5: remark: Added loop label VITIS_LOOP_320_1:   [xilinx-label-all-loops]
    for (int i = 0; i < SIZE; i++) {
    ^
    VITIS_LOOP_320_1: 
/work/development/pixsplit/baseline/baseline/hls4ml_prj_acc=0.7811_latency_bitfile/myproject_prj/solution1/.autopilot/db/myproject.pp.0.cpp:59834:5: note: FIX-IT applied suggested code changes
/work/development/pixsplit/baseline/baseline/hls4ml_prj_acc=0.7811_latency_bitfile/myproject_prj/solution1/.autopilot/db/myproject.pp.0.cpp:59844:5: remark: Added loop label VITIS_LOOP_330_1:   [xilinx-label-all-loops]
    for (int i = 0; i < SIZE; i++) {
    ^
    VITIS_LOOP_330_1: 
/work/development/pixsplit/baseline/baseline/hls4ml_prj_acc=0.7811_latency_bitfile/myproject_prj/solution1/.autopilot/db/myproject.pp.0.cpp:59844:5: note: FIX-IT applied suggested code changes
/work/development/pixsplit/baseline/baseline/hls4ml_prj_acc=0.7811_latency_bitfile/myproject_prj/solution1/.autopilot/db/myproject.pp.0.cpp:59851:5: remark: Added loop label VITIS_LOOP_337_1:   [xilinx-label-all-loops]
    for (int i = 0; i < SIZE / res_T::size; i++) {
    ^
    VITIS_LOOP_337_1: 
/work/development/pixsplit/baseline/baseline/hls4ml_prj_acc=0.7811_latency_bitfile/myproject_prj/solution1/.autopilot/db/myproject.pp.0.cpp:59851:5: note: FIX-IT applied suggested code changes
/work/development/pixsplit/baseline/baseline/hls4ml_prj_acc=0.7811_latency_bitfile/myproject_prj/solution1/.autopilot/db/myproject.pp.0.cpp:59853:9: remark: Added loop label VITIS_LOOP_339_2:   [xilinx-label-all-loops]
        for (int j = 0; j < res_T::size; j++) {
        ^
        VITIS_LOOP_339_2: 
/work/development/pixsplit/baseline/baseline/hls4ml_prj_acc=0.7811_latency_bitfile/myproject_prj/solution1/.autopilot/db/myproject.pp.0.cpp:59853:9: note: FIX-IT applied suggested code changes
/work/development/pixsplit/baseline/baseline/hls4ml_prj_acc=0.7811_latency_bitfile/myproject_prj/solution1/.autopilot/db/myproject.pp.0.cpp:59865:5: remark: Added loop label VITIS_LOOP_351_1:   [xilinx-label-all-loops]
    for (int i = 0; i < SIZE / data_T::size; i++) {
    ^
    VITIS_LOOP_351_1: 
/work/development/pixsplit/baseline/baseline/hls4ml_prj_acc=0.7811_latency_bitfile/myproject_prj/solution1/.autopilot/db/myproject.pp.0.cpp:59865:5: note: FIX-IT applied suggested code changes
/work/development/pixsplit/baseline/baseline/hls4ml_prj_acc=0.7811_latency_bitfile/myproject_prj/solution1/.autopilot/db/myproject.pp.0.cpp:59867:9: remark: Added loop label VITIS_LOOP_353_2:   [xilinx-label-all-loops]
        for (int j = 0; j < data_T::size; j++) {
        ^
        VITIS_LOOP_353_2: 
/work/development/pixsplit/baseline/baseline/hls4ml_prj_acc=0.7811_latency_bitfile/myproject_prj/solution1/.autopilot/db/myproject.pp.0.cpp:59867:9: note: FIX-IT applied suggested code changes
/work/development/pixsplit/baseline/baseline/hls4ml_prj_acc=0.7811_latency_bitfile/myproject_prj/solution1/.autopilot/db/myproject.pp.0.cpp:59875:5: remark: Added loop label VITIS_LOOP_361_1:   [xilinx-label-all-loops]
    for (int i = 0; i < SIZE; i++) {
    ^
    VITIS_LOOP_361_1: 
/work/development/pixsplit/baseline/baseline/hls4ml_prj_acc=0.7811_latency_bitfile/myproject_prj/solution1/.autopilot/db/myproject.pp.0.cpp:59875:5: note: FIX-IT applied suggested code changes
/work/development/pixsplit/baseline/baseline/hls4ml_prj_acc=0.7811_latency_bitfile/myproject_prj/solution1/.autopilot/db/myproject.pp.0.cpp:59891:5: remark: Added loop label VITIS_LOOP_377_1:   [xilinx-label-all-loops]
    for (int ii = 0; ii < nrows; ii++) {
    ^
    VITIS_LOOP_377_1: 
/work/development/pixsplit/baseline/baseline/hls4ml_prj_acc=0.7811_latency_bitfile/myproject_prj/solution1/.autopilot/db/myproject.pp.0.cpp:59891:5: note: FIX-IT applied suggested code changes
/work/development/pixsplit/baseline/baseline/hls4ml_prj_acc=0.7811_latency_bitfile/myproject_prj/solution1/.autopilot/db/myproject.pp.0.cpp:59911:5: remark: Added loop label VITIS_LOOP_397_1:   [xilinx-label-all-loops]
    for (int ii = 0; ii < nrows; ii++) {
    ^
    VITIS_LOOP_397_1: 
/work/development/pixsplit/baseline/baseline/hls4ml_prj_acc=0.7811_latency_bitfile/myproject_prj/solution1/.autopilot/db/myproject.pp.0.cpp:59911:5: note: FIX-IT applied suggested code changes
/work/development/pixsplit/baseline/baseline/hls4ml_prj_acc=0.7811_latency_bitfile/myproject_prj/solution1/.autopilot/db/myproject.pp.0.cpp:59912:9: remark: Added loop label VITIS_LOOP_398_2:   [xilinx-label-all-loops]
        for (int jj = 0; jj < ncols; jj++) {
        ^
        VITIS_LOOP_398_2: 
/work/development/pixsplit/baseline/baseline/hls4ml_prj_acc=0.7811_latency_bitfile/myproject_prj/solution1/.autopilot/db/myproject.pp.0.cpp:59912:9: note: FIX-IT applied suggested code changes
/work/development/pixsplit/baseline/baseline/hls4ml_prj_acc=0.7811_latency_bitfile/myproject_prj/solution1/.autopilot/db/myproject.pp.0.cpp:59927:5: remark: Added loop label VITIS_LOOP_413_1:   [xilinx-label-all-loops]
    for (int ii = 0; ii < N_IN; ii++) {
    ^
    VITIS_LOOP_413_1: 
/work/development/pixsplit/baseline/baseline/hls4ml_prj_acc=0.7811_latency_bitfile/myproject_prj/solution1/.autopilot/db/myproject.pp.0.cpp:59927:5: note: FIX-IT applied suggested code changes
/work/development/pixsplit/baseline/baseline/hls4ml_prj_acc=0.7811_latency_bitfile/myproject_prj/solution1/.autopilot/db/myproject.pp.0.cpp:59934:5: remark: Added loop label VITIS_LOOP_420_1:   [xilinx-label-all-loops]
    for (int ii = 0; ii < N_IN; ii++) {
    ^
    VITIS_LOOP_420_1: 
/work/development/pixsplit/baseline/baseline/hls4ml_prj_acc=0.7811_latency_bitfile/myproject_prj/solution1/.autopilot/db/myproject.pp.0.cpp:59934:5: note: FIX-IT applied suggested code changes
/work/development/pixsplit/baseline/baseline/hls4ml_prj_acc=0.7811_latency_bitfile/myproject_prj/solution1/.autopilot/db/myproject.pp.0.cpp:60244:5: remark: Added loop label VITIS_LOOP_136_1:   [xilinx-label-all-loops]
    for (int ii = 0; ii < CONFIG_T::out_width / CONFIG_T::n_partitions; ii++) {
    ^
    VITIS_LOOP_136_1: 
/work/development/pixsplit/baseline/baseline/hls4ml_prj_acc=0.7811_latency_bitfile/myproject_prj/solution1/.autopilot/db/myproject.pp.0.cpp:60244:5: note: FIX-IT applied suggested code changes
/work/development/pixsplit/baseline/baseline/hls4ml_prj_acc=0.7811_latency_bitfile/myproject_prj/solution1/.autopilot/db/myproject.pp.0.cpp:60245:9: remark: Added loop label VITIS_LOOP_137_2:   [xilinx-label-all-loops]
        for (int ff = 0; ff < CONFIG_T::n_filt; ff++) {
        ^
        VITIS_LOOP_137_2: 
/work/development/pixsplit/baseline/baseline/hls4ml_prj_acc=0.7811_latency_bitfile/myproject_prj/solution1/.autopilot/db/myproject.pp.0.cpp:60245:9: note: FIX-IT applied suggested code changes
/work/development/pixsplit/baseline/baseline/hls4ml_prj_acc=0.7811_latency_bitfile/myproject_prj/solution1/.autopilot/db/myproject.pp.0.cpp:60266:5: remark: Added loop label VITIS_LOOP_158_3:   [xilinx-label-all-loops]
    for (int ii = 0; ii < CONFIG_T::out_width / CONFIG_T::n_partitions; ii++) {
    ^
    VITIS_LOOP_158_3: 
/work/development/pixsplit/baseline/baseline/hls4ml_prj_acc=0.7811_latency_bitfile/myproject_prj/solution1/.autopilot/db/myproject.pp.0.cpp:60266:5: note: FIX-IT applied suggested code changes
/work/development/pixsplit/baseline/baseline/hls4ml_prj_acc=0.7811_latency_bitfile/myproject_prj/solution1/.autopilot/db/myproject.pp.0.cpp:60267:9: remark: Added loop label VITIS_LOOP_159_4:   [xilinx-label-all-loops]
        for (int ff = 0; ff < CONFIG_T::n_filt; ff++) {
        ^
        VITIS_LOOP_159_4: 
/work/development/pixsplit/baseline/baseline/hls4ml_prj_acc=0.7811_latency_bitfile/myproject_prj/solution1/.autopilot/db/myproject.pp.0.cpp:60267:9: note: FIX-IT applied suggested code changes
/work/development/pixsplit/baseline/baseline/hls4ml_prj_acc=0.7811_latency_bitfile/myproject_prj/solution1/.autopilot/db/myproject.pp.0.cpp:60414:5: remark: Added loop label VITIS_LOOP_31_1:   [xilinx-label-all-loops]
    for (int ii = 0; ii < CONFIG_T::n_in; ii++) {
    ^
    VITIS_LOOP_31_1: 
/work/development/pixsplit/baseline/baseline/hls4ml_prj_acc=0.7811_latency_bitfile/myproject_prj/solution1/.autopilot/db/myproject.pp.0.cpp:60414:5: note: FIX-IT applied suggested code changes
/work/development/pixsplit/baseline/baseline/hls4ml_prj_acc=0.7811_latency_bitfile/myproject_prj/solution1/.autopilot/db/myproject.pp.0.cpp:60426:5: remark: Added loop label VITIS_LOOP_43_1:   [xilinx-label-all-loops]
    for (int ii = 0; ii < CONFIG_T::n_in; ii++) {
    ^
    VITIS_LOOP_43_1: 
/work/development/pixsplit/baseline/baseline/hls4ml_prj_acc=0.7811_latency_bitfile/myproject_prj/solution1/.autopilot/db/myproject.pp.0.cpp:60426:5: note: FIX-IT applied suggested code changes
/work/development/pixsplit/baseline/baseline/hls4ml_prj_acc=0.7811_latency_bitfile/myproject_prj/solution1/.autopilot/db/myproject.pp.0.cpp:60440:5: remark: Added loop label VITIS_LOOP_57_1:   [xilinx-label-all-loops]
    for (int ii = 0; ii < CONFIG_T::n_in; ii++) {
    ^
    VITIS_LOOP_57_1: 
/work/development/pixsplit/baseline/baseline/hls4ml_prj_acc=0.7811_latency_bitfile/myproject_prj/solution1/.autopilot/db/myproject.pp.0.cpp:60440:5: note: FIX-IT applied suggested code changes
/work/development/pixsplit/baseline/baseline/hls4ml_prj_acc=0.7811_latency_bitfile/myproject_prj/solution1/.autopilot/db/myproject.pp.0.cpp:60467:5: remark: Added loop label VITIS_LOOP_84_1:   [xilinx-label-all-loops]
    for (int ii = 0; ii < N_TABLE; ii++) {
    ^
    VITIS_LOOP_84_1: 
/work/development/pixsplit/baseline/baseline/hls4ml_prj_acc=0.7811_latency_bitfile/myproject_prj/solution1/.autopilot/db/myproject.pp.0.cpp:60467:5: note: FIX-IT applied suggested code changes
/work/development/pixsplit/baseline/baseline/hls4ml_prj_acc=0.7811_latency_bitfile/myproject_prj/solution1/.autopilot/db/myproject.pp.0.cpp:60497:5: remark: Added loop label VITIS_LOOP_114_1:   [xilinx-label-all-loops]
    for (int ii = 0; ii < CONFIG_T::n_in; ii++) {
    ^
    VITIS_LOOP_114_1: 
/work/development/pixsplit/baseline/baseline/hls4ml_prj_acc=0.7811_latency_bitfile/myproject_prj/solution1/.autopilot/db/myproject.pp.0.cpp:60497:5: note: FIX-IT applied suggested code changes
/work/development/pixsplit/baseline/baseline/hls4ml_prj_acc=0.7811_latency_bitfile/myproject_prj/solution1/.autopilot/db/myproject.pp.0.cpp:60534:5: remark: Added loop label VITIS_LOOP_151_1:   [xilinx-label-all-loops]
    for (unsigned i = 0; i < CONFIG_T::exp_table_size; i++) {
    ^
    VITIS_LOOP_151_1: 
/work/development/pixsplit/baseline/baseline/hls4ml_prj_acc=0.7811_latency_bitfile/myproject_prj/solution1/.autopilot/db/myproject.pp.0.cpp:60534:5: note: FIX-IT applied suggested code changes
/work/development/pixsplit/baseline/baseline/hls4ml_prj_acc=0.7811_latency_bitfile/myproject_prj/solution1/.autopilot/db/myproject.pp.0.cpp:60550:5: remark: Added loop label VITIS_LOOP_167_1:   [xilinx-label-all-loops]
    for (unsigned i = 0; i < CONFIG_T::inv_table_size; i++) {
    ^
    VITIS_LOOP_167_1: 
/work/development/pixsplit/baseline/baseline/hls4ml_prj_acc=0.7811_latency_bitfile/myproject_prj/solution1/.autopilot/db/myproject.pp.0.cpp:60550:5: note: FIX-IT applied suggested code changes
/work/development/pixsplit/baseline/baseline/hls4ml_prj_acc=0.7811_latency_bitfile/myproject_prj/solution1/.autopilot/db/myproject.pp.0.cpp:60583:5: remark: Added loop label VITIS_LOOP_200_1:   [xilinx-label-all-loops]
    for (unsigned i = 0; i < CONFIG_T::n_slice; i++) {
    ^
    VITIS_LOOP_200_1: 
/work/development/pixsplit/baseline/baseline/hls4ml_prj_acc=0.7811_latency_bitfile/myproject_prj/solution1/.autopilot/db/myproject.pp.0.cpp:60583:5: note: FIX-IT applied suggested code changes
/work/development/pixsplit/baseline/baseline/hls4ml_prj_acc=0.7811_latency_bitfile/myproject_prj/solution1/.autopilot/db/myproject.pp.0.cpp:60596:5: remark: Added loop label VITIS_LOOP_213_2:   [xilinx-label-all-loops]
    for (unsigned i = 0; i < CONFIG_T::n_slice; i++) {
    ^
    VITIS_LOOP_213_2: 
/work/development/pixsplit/baseline/baseline/hls4ml_prj_acc=0.7811_latency_bitfile/myproject_prj/solution1/.autopilot/db/myproject.pp.0.cpp:60596:5: note: FIX-IT applied suggested code changes
/work/development/pixsplit/baseline/baseline/hls4ml_prj_acc=0.7811_latency_bitfile/myproject_prj/solution1/.autopilot/db/myproject.pp.0.cpp:60629:5: remark: Added loop label VITIS_LOOP_246_1:   [xilinx-label-all-loops]
    for (unsigned i = 0; i < CONFIG_T::n_slice; i++) {
    ^
    VITIS_LOOP_246_1: 
/work/development/pixsplit/baseline/baseline/hls4ml_prj_acc=0.7811_latency_bitfile/myproject_prj/solution1/.autopilot/db/myproject.pp.0.cpp:60629:5: note: FIX-IT applied suggested code changes
/work/development/pixsplit/baseline/baseline/hls4ml_prj_acc=0.7811_latency_bitfile/myproject_prj/solution1/.autopilot/db/myproject.pp.0.cpp:60638:5: remark: Added loop label VITIS_LOOP_255_2:   [xilinx-label-all-loops]
    for (unsigned i = 0; i < CONFIG_T::n_slice; i++) {
    ^
    VITIS_LOOP_255_2: 
/work/development/pixsplit/baseline/baseline/hls4ml_prj_acc=0.7811_latency_bitfile/myproject_prj/solution1/.autopilot/db/myproject.pp.0.cpp:60638:5: note: FIX-IT applied suggested code changes
/work/development/pixsplit/baseline/baseline/hls4ml_prj_acc=0.7811_latency_bitfile/myproject_prj/solution1/.autopilot/db/myproject.pp.0.cpp:60651:5: remark: Added loop label VITIS_LOOP_268_3:   [xilinx-label-all-loops]
    for (unsigned i = 0; i < CONFIG_T::n_slice; i++) {
    ^
    VITIS_LOOP_268_3: 
/work/development/pixsplit/baseline/baseline/hls4ml_prj_acc=0.7811_latency_bitfile/myproject_prj/solution1/.autopilot/db/myproject.pp.0.cpp:60651:5: note: FIX-IT applied suggested code changes
/work/development/pixsplit/baseline/baseline/hls4ml_prj_acc=0.7811_latency_bitfile/myproject_prj/solution1/.autopilot/db/myproject.pp.0.cpp:60658:5: remark: Added loop label VITIS_LOOP_275_1:   [xilinx-label-all-loops]
    for (int ii = 0; ii < N_TABLE; ii++) {
    ^
    VITIS_LOOP_275_1: 
/work/development/pixsplit/baseline/baseline/hls4ml_prj_acc=0.7811_latency_bitfile/myproject_prj/solution1/.autopilot/db/myproject.pp.0.cpp:60658:5: note: FIX-IT applied suggested code changes
/work/development/pixsplit/baseline/baseline/hls4ml_prj_acc=0.7811_latency_bitfile/myproject_prj/solution1/.autopilot/db/myproject.pp.0.cpp:60671:5: remark: Added loop label VITIS_LOOP_288_1:   [xilinx-label-all-loops]
    for (int ii = 0; ii < N_TABLE; ii++) {
    ^
    VITIS_LOOP_288_1: 
/work/development/pixsplit/baseline/baseline/hls4ml_prj_acc=0.7811_latency_bitfile/myproject_prj/solution1/.autopilot/db/myproject.pp.0.cpp:60671:5: note: FIX-IT applied suggested code changes
/work/development/pixsplit/baseline/baseline/hls4ml_prj_acc=0.7811_latency_bitfile/myproject_prj/solution1/.autopilot/db/myproject.pp.0.cpp:60708:5: remark: Added loop label VITIS_LOOP_325_1:   [xilinx-label-all-loops]
    for (int ii = 0; ii < CONFIG_T::n_slice; ii++) {
    ^
    VITIS_LOOP_325_1: 
/work/development/pixsplit/baseline/baseline/hls4ml_prj_acc=0.7811_latency_bitfile/myproject_prj/solution1/.autopilot/db/myproject.pp.0.cpp:60708:5: note: FIX-IT applied suggested code changes
/work/development/pixsplit/baseline/baseline/hls4ml_prj_acc=0.7811_latency_bitfile/myproject_prj/solution1/.autopilot/db/myproject.pp.0.cpp:60713:5: remark: Added loop label VITIS_LOOP_330_2:   [xilinx-label-all-loops]
    for (int ii = 0; ii < CONFIG_T::n_slice; ii++) {
    ^
    VITIS_LOOP_330_2: 
/work/development/pixsplit/baseline/baseline/hls4ml_prj_acc=0.7811_latency_bitfile/myproject_prj/solution1/.autopilot/db/myproject.pp.0.cpp:60713:5: note: FIX-IT applied suggested code changes
/work/development/pixsplit/baseline/baseline/hls4ml_prj_acc=0.7811_latency_bitfile/myproject_prj/solution1/.autopilot/db/myproject.pp.0.cpp:60714:9: remark: Added loop label VITIS_LOOP_331_3:   [xilinx-label-all-loops]
        for (int jj = 0; jj < CONFIG_T::n_slice; jj++) {
        ^
        VITIS_LOOP_331_3: 
/work/development/pixsplit/baseline/baseline/hls4ml_prj_acc=0.7811_latency_bitfile/myproject_prj/solution1/.autopilot/db/myproject.pp.0.cpp:60714:9: note: FIX-IT applied suggested code changes
/work/development/pixsplit/baseline/baseline/hls4ml_prj_acc=0.7811_latency_bitfile/myproject_prj/solution1/.autopilot/db/myproject.pp.0.cpp:60731:5: remark: Added loop label VITIS_LOOP_348_4:   [xilinx-label-all-loops]
    for (int ii = 0; ii < CONFIG_T::n_slice; ii++) {
    ^
    VITIS_LOOP_348_4: 
/work/development/pixsplit/baseline/baseline/hls4ml_prj_acc=0.7811_latency_bitfile/myproject_prj/solution1/.autopilot/db/myproject.pp.0.cpp:60731:5: note: FIX-IT applied suggested code changes
/work/development/pixsplit/baseline/baseline/hls4ml_prj_acc=0.7811_latency_bitfile/myproject_prj/solution1/.autopilot/db/myproject.pp.0.cpp:60744:5: remark: Added loop label VITIS_LOOP_361_1:   [xilinx-label-all-loops]
    for (int i = 0; i < CONFIG_T::n_slice; i++) {
    ^
    VITIS_LOOP_361_1: 
/work/development/pixsplit/baseline/baseline/hls4ml_prj_acc=0.7811_latency_bitfile/myproject_prj/solution1/.autopilot/db/myproject.pp.0.cpp:60744:5: note: FIX-IT applied suggested code changes
/work/development/pixsplit/baseline/baseline/hls4ml_prj_acc=0.7811_latency_bitfile/myproject_prj/solution1/.autopilot/db/myproject.pp.0.cpp:60752:5: remark: Added loop label VITIS_LOOP_369_2:   [xilinx-label-all-loops]
    for (int i = 1; i < CONFIG_T::n_slice; i++) {
    ^
    VITIS_LOOP_369_2: 
/work/development/pixsplit/baseline/baseline/hls4ml_prj_acc=0.7811_latency_bitfile/myproject_prj/solution1/.autopilot/db/myproject.pp.0.cpp:60752:5: note: FIX-IT applied suggested code changes
/work/development/pixsplit/baseline/baseline/hls4ml_prj_acc=0.7811_latency_bitfile/myproject_prj/solution1/.autopilot/db/myproject.pp.0.cpp:60788:5: remark: Added loop label VITIS_LOOP_405_1:   [xilinx-label-all-loops]
    for (signed i = 0; i < CONFIG_T::n_outer; i++) {
    ^
    VITIS_LOOP_405_1: 
/work/development/pixsplit/baseline/baseline/hls4ml_prj_acc=0.7811_latency_bitfile/myproject_prj/solution1/.autopilot/db/myproject.pp.0.cpp:60788:5: note: FIX-IT applied suggested code changes
/work/development/pixsplit/baseline/baseline/hls4ml_prj_acc=0.7811_latency_bitfile/myproject_prj/solution1/.autopilot/db/myproject.pp.0.cpp:60790:9: remark: Added loop label VITIS_LOOP_407_2:   [xilinx-label-all-loops]
        for (signed k = 0; k < CONFIG_T::n_inner; k++) {
        ^
        VITIS_LOOP_407_2: 
/work/development/pixsplit/baseline/baseline/hls4ml_prj_acc=0.7811_latency_bitfile/myproject_prj/solution1/.autopilot/db/myproject.pp.0.cpp:60790:9: note: FIX-IT applied suggested code changes
/work/development/pixsplit/baseline/baseline/hls4ml_prj_acc=0.7811_latency_bitfile/myproject_prj/solution1/.autopilot/db/myproject.pp.0.cpp:60792:13: remark: Added loop label VITIS_LOOP_409_3:   [xilinx-label-all-loops]
            for (signed j = 0; j < CONFIG_T::n_slice; j++) {
            ^
            VITIS_LOOP_409_3: 
/work/development/pixsplit/baseline/baseline/hls4ml_prj_acc=0.7811_latency_bitfile/myproject_prj/solution1/.autopilot/db/myproject.pp.0.cpp:60792:13: note: FIX-IT applied suggested code changes
/work/development/pixsplit/baseline/baseline/hls4ml_prj_acc=0.7811_latency_bitfile/myproject_prj/solution1/.autopilot/db/myproject.pp.0.cpp:60797:13: remark: Added loop label VITIS_LOOP_414_4:   [xilinx-label-all-loops]
            for (signed j = 0; j < CONFIG_T::n_slice; j++) {
            ^
            VITIS_LOOP_414_4: 
/work/development/pixsplit/baseline/baseline/hls4ml_prj_acc=0.7811_latency_bitfile/myproject_prj/solution1/.autopilot/db/myproject.pp.0.cpp:60797:13: note: FIX-IT applied suggested code changes
/work/development/pixsplit/baseline/baseline/hls4ml_prj_acc=0.7811_latency_bitfile/myproject_prj/solution1/.autopilot/db/myproject.pp.0.cpp:60810:5: remark: Added loop label VITIS_LOOP_427_1:   [xilinx-label-all-loops]
    for (int ii = 0; ii < N_TABLE; ii++) {
    ^
    VITIS_LOOP_427_1: 
/work/development/pixsplit/baseline/baseline/hls4ml_prj_acc=0.7811_latency_bitfile/myproject_prj/solution1/.autopilot/db/myproject.pp.0.cpp:60810:5: note: FIX-IT applied suggested code changes
/work/development/pixsplit/baseline/baseline/hls4ml_prj_acc=0.7811_latency_bitfile/myproject_prj/solution1/.autopilot/db/myproject.pp.0.cpp:60840:5: remark: Added loop label VITIS_LOOP_457_1:   [xilinx-label-all-loops]
    for (int ii = 0; ii < CONFIG_T::n_in; ii++) {
    ^
    VITIS_LOOP_457_1: 
/work/development/pixsplit/baseline/baseline/hls4ml_prj_acc=0.7811_latency_bitfile/myproject_prj/solution1/.autopilot/db/myproject.pp.0.cpp:60840:5: note: FIX-IT applied suggested code changes
/work/development/pixsplit/baseline/baseline/hls4ml_prj_acc=0.7811_latency_bitfile/myproject_prj/solution1/.autopilot/db/myproject.pp.0.cpp:60867:5: remark: Added loop label VITIS_LOOP_484_1:   [xilinx-label-all-loops]
    for (int ii = 0; ii < CONFIG_T::n_in; ii++) {
    ^
    VITIS_LOOP_484_1: 
/work/development/pixsplit/baseline/baseline/hls4ml_prj_acc=0.7811_latency_bitfile/myproject_prj/solution1/.autopilot/db/myproject.pp.0.cpp:60867:5: note: FIX-IT applied suggested code changes
/work/development/pixsplit/baseline/baseline/hls4ml_prj_acc=0.7811_latency_bitfile/myproject_prj/solution1/.autopilot/db/myproject.pp.0.cpp:60881:5: remark: Added loop label VITIS_LOOP_498_1:   [xilinx-label-all-loops]
    for (int ii = 0; ii < CONFIG_T::n_in; ii++) {
    ^
    VITIS_LOOP_498_1: 
/work/development/pixsplit/baseline/baseline/hls4ml_prj_acc=0.7811_latency_bitfile/myproject_prj/solution1/.autopilot/db/myproject.pp.0.cpp:60881:5: note: FIX-IT applied suggested code changes
/work/development/pixsplit/baseline/baseline/hls4ml_prj_acc=0.7811_latency_bitfile/myproject_prj/solution1/.autopilot/db/myproject.pp.0.cpp:60897:5: remark: Added loop label VITIS_LOOP_514_1:   [xilinx-label-all-loops]
    for (int ii = 0; ii < CONFIG_T::n_in; ii++) {
    ^
    VITIS_LOOP_514_1: 
/work/development/pixsplit/baseline/baseline/hls4ml_prj_acc=0.7811_latency_bitfile/myproject_prj/solution1/.autopilot/db/myproject.pp.0.cpp:60897:5: note: FIX-IT applied suggested code changes
/work/development/pixsplit/baseline/baseline/hls4ml_prj_acc=0.7811_latency_bitfile/myproject_prj/solution1/.autopilot/db/myproject.pp.0.cpp:60915:5: remark: Added loop label VITIS_LOOP_532_1:   [xilinx-label-all-loops]
    for (int ii = 0; ii < CONFIG_T::n_in; ii++) {
    ^
    VITIS_LOOP_532_1: 
/work/development/pixsplit/baseline/baseline/hls4ml_prj_acc=0.7811_latency_bitfile/myproject_prj/solution1/.autopilot/db/myproject.pp.0.cpp:60915:5: note: FIX-IT applied suggested code changes
/work/development/pixsplit/baseline/baseline/hls4ml_prj_acc=0.7811_latency_bitfile/myproject_prj/solution1/.autopilot/db/myproject.pp.0.cpp:60932:5: remark: Added loop label VITIS_LOOP_549_1:   [xilinx-label-all-loops]
    for (int ii = 0; ii < CONFIG_T::n_in; ii++) {
    ^
    VITIS_LOOP_549_1: 
/work/development/pixsplit/baseline/baseline/hls4ml_prj_acc=0.7811_latency_bitfile/myproject_prj/solution1/.autopilot/db/myproject.pp.0.cpp:60932:5: note: FIX-IT applied suggested code changes
/work/development/pixsplit/baseline/baseline/hls4ml_prj_acc=0.7811_latency_bitfile/myproject_prj/solution1/.autopilot/db/myproject.pp.0.cpp:60949:5: remark: Added loop label VITIS_LOOP_566_1:   [xilinx-label-all-loops]
    for (int ii = 0; ii < N_TABLE; ii++) {
    ^
    VITIS_LOOP_566_1: 
/work/development/pixsplit/baseline/baseline/hls4ml_prj_acc=0.7811_latency_bitfile/myproject_prj/solution1/.autopilot/db/myproject.pp.0.cpp:60949:5: note: FIX-IT applied suggested code changes
/work/development/pixsplit/baseline/baseline/hls4ml_prj_acc=0.7811_latency_bitfile/myproject_prj/solution1/.autopilot/db/myproject.pp.0.cpp:60979:5: remark: Added loop label VITIS_LOOP_596_1:   [xilinx-label-all-loops]
    for (int ii = 0; ii < CONFIG_T::n_in; ii++) {
    ^
    VITIS_LOOP_596_1: 
/work/development/pixsplit/baseline/baseline/hls4ml_prj_acc=0.7811_latency_bitfile/myproject_prj/solution1/.autopilot/db/myproject.pp.0.cpp:60979:5: note: FIX-IT applied suggested code changes
/work/development/pixsplit/baseline/baseline/hls4ml_prj_acc=0.7811_latency_bitfile/myproject_prj/solution1/.autopilot/db/myproject.pp.0.cpp:60998:5: remark: Added loop label VITIS_LOOP_615_1:   [xilinx-label-all-loops]
    for (int ii = 0; ii < N_TABLE; ii++) {
    ^
    VITIS_LOOP_615_1: 
/work/development/pixsplit/baseline/baseline/hls4ml_prj_acc=0.7811_latency_bitfile/myproject_prj/solution1/.autopilot/db/myproject.pp.0.cpp:60998:5: note: FIX-IT applied suggested code changes
/work/development/pixsplit/baseline/baseline/hls4ml_prj_acc=0.7811_latency_bitfile/myproject_prj/solution1/.autopilot/db/myproject.pp.0.cpp:61028:5: remark: Added loop label VITIS_LOOP_645_1:   [xilinx-label-all-loops]
    for (int ii = 0; ii < CONFIG_T::n_in; ii++) {
    ^
    VITIS_LOOP_645_1: 
/work/development/pixsplit/baseline/baseline/hls4ml_prj_acc=0.7811_latency_bitfile/myproject_prj/solution1/.autopilot/db/myproject.pp.0.cpp:61028:5: note: FIX-IT applied suggested code changes
/work/development/pixsplit/baseline/baseline/hls4ml_prj_acc=0.7811_latency_bitfile/myproject_prj/solution1/.autopilot/db/myproject.pp.0.cpp:61047:5: remark: Added loop label VITIS_LOOP_664_1:   [xilinx-label-all-loops]
    for (int ii = 0; ii < N_TABLE; ii++) {
    ^
    VITIS_LOOP_664_1: 
/work/development/pixsplit/baseline/baseline/hls4ml_prj_acc=0.7811_latency_bitfile/myproject_prj/solution1/.autopilot/db/myproject.pp.0.cpp:61047:5: note: FIX-IT applied suggested code changes
/work/development/pixsplit/baseline/baseline/hls4ml_prj_acc=0.7811_latency_bitfile/myproject_prj/solution1/.autopilot/db/myproject.pp.0.cpp:61077:5: remark: Added loop label VITIS_LOOP_694_1:   [xilinx-label-all-loops]
    for (int ii = 0; ii < CONFIG_T::n_in; ii++) {
    ^
    VITIS_LOOP_694_1: 
/work/development/pixsplit/baseline/baseline/hls4ml_prj_acc=0.7811_latency_bitfile/myproject_prj/solution1/.autopilot/db/myproject.pp.0.cpp:61077:5: note: FIX-IT applied suggested code changes
/work/development/pixsplit/baseline/baseline/hls4ml_prj_acc=0.7811_latency_bitfile/myproject_prj/solution1/.autopilot/db/myproject.pp.0.cpp:61104:5: remark: Added loop label VITIS_LOOP_721_1:   [xilinx-label-all-loops]
    for (int ii = 0; ii < N_TABLE; ii++) {
    ^
    VITIS_LOOP_721_1: 
/work/development/pixsplit/baseline/baseline/hls4ml_prj_acc=0.7811_latency_bitfile/myproject_prj/solution1/.autopilot/db/myproject.pp.0.cpp:61104:5: note: FIX-IT applied suggested code changes
/work/development/pixsplit/baseline/baseline/hls4ml_prj_acc=0.7811_latency_bitfile/myproject_prj/solution1/.autopilot/db/myproject.pp.0.cpp:61132:5: remark: Added loop label VITIS_LOOP_749_1:   [xilinx-label-all-loops]
    for (int ii = 0; ii < CONFIG_T::n_in; ii++) {
    ^
    VITIS_LOOP_749_1: 
/work/development/pixsplit/baseline/baseline/hls4ml_prj_acc=0.7811_latency_bitfile/myproject_prj/solution1/.autopilot/db/myproject.pp.0.cpp:61132:5: note: FIX-IT applied suggested code changes
/work/development/pixsplit/baseline/baseline/hls4ml_prj_acc=0.7811_latency_bitfile/myproject_prj/solution1/.autopilot/db/myproject.pp.0.cpp:61162:5: remark: Added loop label VITIS_LOOP_779_1:   [xilinx-label-all-loops]
    for (int ii = 0; ii < CONFIG_T::n_in; ii++) {
    ^
    VITIS_LOOP_779_1: 
/work/development/pixsplit/baseline/baseline/hls4ml_prj_acc=0.7811_latency_bitfile/myproject_prj/solution1/.autopilot/db/myproject.pp.0.cpp:61162:5: note: FIX-IT applied suggested code changes
/work/development/pixsplit/baseline/baseline/hls4ml_prj_acc=0.7811_latency_bitfile/myproject_prj/solution1/.autopilot/db/myproject.pp.0.cpp:61191:5: remark: Added loop label VITIS_LOOP_808_1:   [xilinx-label-all-loops]
    for (int ii = 0; ii < CONFIG_T::n_in; ii++) {
    ^
    VITIS_LOOP_808_1: 
/work/development/pixsplit/baseline/baseline/hls4ml_prj_acc=0.7811_latency_bitfile/myproject_prj/solution1/.autopilot/db/myproject.pp.0.cpp:61191:5: note: FIX-IT applied suggested code changes
/work/development/pixsplit/baseline/baseline/hls4ml_prj_acc=0.7811_latency_bitfile/myproject_prj/solution1/.autopilot/db/myproject.pp.0.cpp:61211:5: remark: Added loop label VITIS_LOOP_828_1:   [xilinx-label-all-loops]
    for (int ii = 0; ii < CONFIG_T::n_in; ii++) {
    ^
    VITIS_LOOP_828_1: 
/work/development/pixsplit/baseline/baseline/hls4ml_prj_acc=0.7811_latency_bitfile/myproject_prj/solution1/.autopilot/db/myproject.pp.0.cpp:61211:5: note: FIX-IT applied suggested code changes
/work/development/pixsplit/baseline/baseline/hls4ml_prj_acc=0.7811_latency_bitfile/myproject_prj/solution1/.autopilot/db/myproject.pp.0.cpp:61456:9: remark: Added loop label VITIS_LOOP_229_1:   [xilinx-label-all-loops]
        for (int i = 0; i < N / data_T::size; i++) {
        ^
        VITIS_LOOP_229_1: 
/work/development/pixsplit/baseline/baseline/hls4ml_prj_acc=0.7811_latency_bitfile/myproject_prj/solution1/.autopilot/db/myproject.pp.0.cpp:61456:9: note: FIX-IT applied suggested code changes
/work/development/pixsplit/baseline/baseline/hls4ml_prj_acc=0.7811_latency_bitfile/myproject_prj/solution1/.autopilot/db/myproject.pp.0.cpp:61463:13: remark: Added loop label VITIS_LOOP_236_2:   [xilinx-label-all-loops]
            for (int j = 0; j < data_T::size; j++) {
            ^
            VITIS_LOOP_236_2: 
/work/development/pixsplit/baseline/baseline/hls4ml_prj_acc=0.7811_latency_bitfile/myproject_prj/solution1/.autopilot/db/myproject.pp.0.cpp:61463:13: note: FIX-IT applied suggested code changes
/work/development/pixsplit/baseline/baseline/hls4ml_prj_acc=0.7811_latency_bitfile/myproject_prj/solution1/.autopilot/db/myproject.pp.0.cpp:61472:9: remark: Added loop label VITIS_LOOP_245_3:   [xilinx-label-all-loops]
        for (int i = 0; i < N / data_T::size; i++) {
        ^
        VITIS_LOOP_245_3: 
/work/development/pixsplit/baseline/baseline/hls4ml_prj_acc=0.7811_latency_bitfile/myproject_prj/solution1/.autopilot/db/myproject.pp.0.cpp:61472:9: note: FIX-IT applied suggested code changes
/work/development/pixsplit/baseline/baseline/hls4ml_prj_acc=0.7811_latency_bitfile/myproject_prj/solution1/.autopilot/db/myproject.pp.0.cpp:61481:13: remark: Added loop label VITIS_LOOP_254_4:   [xilinx-label-all-loops]
            for (int j = 0; j < pack_diff; j++) {
            ^
            VITIS_LOOP_254_4: 
/work/development/pixsplit/baseline/baseline/hls4ml_prj_acc=0.7811_latency_bitfile/myproject_prj/solution1/.autopilot/db/myproject.pp.0.cpp:61481:13: note: FIX-IT applied suggested code changes
/work/development/pixsplit/baseline/baseline/hls4ml_prj_acc=0.7811_latency_bitfile/myproject_prj/solution1/.autopilot/db/myproject.pp.0.cpp:61485:17: remark: Added loop label VITIS_LOOP_258_5:   [xilinx-label-all-loops]
                for (int k = 0; k < res_T::size; k++) {
                ^
                VITIS_LOOP_258_5: 
/work/development/pixsplit/baseline/baseline/hls4ml_prj_acc=0.7811_latency_bitfile/myproject_prj/solution1/.autopilot/db/myproject.pp.0.cpp:61485:17: note: FIX-IT applied suggested code changes
/work/development/pixsplit/baseline/baseline/hls4ml_prj_acc=0.7811_latency_bitfile/myproject_prj/solution1/.autopilot/db/myproject.pp.0.cpp:61496:9: remark: Added loop label VITIS_LOOP_269_6:   [xilinx-label-all-loops]
        for (int i = 0; i < N / data_T::size; i++) {
        ^
        VITIS_LOOP_269_6: 
/work/development/pixsplit/baseline/baseline/hls4ml_prj_acc=0.7811_latency_bitfile/myproject_prj/solution1/.autopilot/db/myproject.pp.0.cpp:61496:9: note: FIX-IT applied suggested code changes
/work/development/pixsplit/baseline/baseline/hls4ml_prj_acc=0.7811_latency_bitfile/myproject_prj/solution1/.autopilot/db/myproject.pp.0.cpp:61500:13: remark: Added loop label VITIS_LOOP_273_7:   [xilinx-label-all-loops]
            for (int j = 0; j < data_T::size; j++) {
            ^
            VITIS_LOOP_273_7: 
/work/development/pixsplit/baseline/baseline/hls4ml_prj_acc=0.7811_latency_bitfile/myproject_prj/solution1/.autopilot/db/myproject.pp.0.cpp:61500:13: note: FIX-IT applied suggested code changes
/work/development/pixsplit/baseline/baseline/hls4ml_prj_acc=0.7811_latency_bitfile/myproject_prj/solution1/.autopilot/db/myproject.pp.0.cpp:61524:9: remark: Added loop label VITIS_LOOP_297_1:   [xilinx-label-all-loops]
        for (int j = 0; j < n_dupl; j++) {
        ^
        VITIS_LOOP_297_1: 
/work/development/pixsplit/baseline/baseline/hls4ml_prj_acc=0.7811_latency_bitfile/myproject_prj/solution1/.autopilot/db/myproject.pp.0.cpp:61524:9: note: FIX-IT applied suggested code changes
/work/development/pixsplit/baseline/baseline/hls4ml_prj_acc=0.7811_latency_bitfile/myproject_prj/solution1/.autopilot/db/myproject.pp.0.cpp:61528:13: remark: Added loop label VITIS_LOOP_301_2:   [xilinx-label-all-loops]
            for (int k = 0; k < res_T::size; k++) {
            ^
            VITIS_LOOP_301_2: 
/work/development/pixsplit/baseline/baseline/hls4ml_prj_acc=0.7811_latency_bitfile/myproject_prj/solution1/.autopilot/db/myproject.pp.0.cpp:61528:13: note: FIX-IT applied suggested code changes
/work/development/pixsplit/baseline/baseline/hls4ml_prj_acc=0.7811_latency_bitfile/myproject_prj/solution1/.autopilot/db/myproject.pp.0.cpp:61547:9: remark: Added loop label VITIS_LOOP_320_1:   [xilinx-label-all-loops]
        for (int k = 0; k < res_T::size; k++) {
        ^
        VITIS_LOOP_320_1: 
/work/development/pixsplit/baseline/baseline/hls4ml_prj_acc=0.7811_latency_bitfile/myproject_prj/solution1/.autopilot/db/myproject.pp.0.cpp:61547:9: note: FIX-IT applied suggested code changes
/work/development/pixsplit/baseline/baseline/hls4ml_prj_acc=0.7811_latency_bitfile/myproject_prj/solution1/.autopilot/db/myproject.pp.0.cpp:61771:9: remark: Added loop label VITIS_LOOP_211_1:   [xilinx-label-all-loops]
        for (unsigned j = 0; j < data_T::size; j++) {
        ^
        VITIS_LOOP_211_1: 
/work/development/pixsplit/baseline/baseline/hls4ml_prj_acc=0.7811_latency_bitfile/myproject_prj/solution1/.autopilot/db/myproject.pp.0.cpp:61771:9: note: FIX-IT applied suggested code changes
/work/development/pixsplit/baseline/baseline/hls4ml_prj_acc=0.7811_latency_bitfile/myproject_prj/solution1/.autopilot/db/myproject.pp.0.cpp:61780:9: remark: Added loop label VITIS_LOOP_220_2:   [xilinx-label-all-loops]
        for (unsigned j = 0; j < data_T::size; j++) {
        ^
        VITIS_LOOP_220_2: 
/work/development/pixsplit/baseline/baseline/hls4ml_prj_acc=0.7811_latency_bitfile/myproject_prj/solution1/.autopilot/db/myproject.pp.0.cpp:61780:9: note: FIX-IT applied suggested code changes
/work/development/pixsplit/baseline/baseline/hls4ml_prj_acc=0.7811_latency_bitfile/myproject_prj/solution1/.autopilot/db/myproject.pp.0.cpp:61885:5: remark: Added loop label VITIS_LOOP_325_1:   [xilinx-label-all-loops]
    for (int i = 0; i < CONFIG_T::n_in / res_T::size; i++) {
    ^
    VITIS_LOOP_325_1: 
/work/development/pixsplit/baseline/baseline/hls4ml_prj_acc=0.7811_latency_bitfile/myproject_prj/solution1/.autopilot/db/myproject.pp.0.cpp:61885:5: note: FIX-IT applied suggested code changes
/work/development/pixsplit/baseline/baseline/hls4ml_prj_acc=0.7811_latency_bitfile/myproject_prj/solution1/.autopilot/db/myproject.pp.0.cpp:61890:9: remark: Added loop label VITIS_LOOP_330_2:   [xilinx-label-all-loops]
        for (int i = 0; i < res_T::size; i++) {
        ^
        VITIS_LOOP_330_2: 
/work/development/pixsplit/baseline/baseline/hls4ml_prj_acc=0.7811_latency_bitfile/myproject_prj/solution1/.autopilot/db/myproject.pp.0.cpp:61890:9: note: FIX-IT applied suggested code changes
/work/development/pixsplit/baseline/baseline/hls4ml_prj_acc=0.7811_latency_bitfile/myproject_prj/solution1/.autopilot/db/myproject.pp.0.cpp:61898:9: remark: Added loop label VITIS_LOOP_338_3:   [xilinx-label-all-loops]
        for (int i = 1; i < res_T::size; i++) {
        ^
        VITIS_LOOP_338_3: 
/work/development/pixsplit/baseline/baseline/hls4ml_prj_acc=0.7811_latency_bitfile/myproject_prj/solution1/.autopilot/db/myproject.pp.0.cpp:61898:9: note: FIX-IT applied suggested code changes
/work/development/pixsplit/baseline/baseline/hls4ml_prj_acc=0.7811_latency_bitfile/myproject_prj/solution1/.autopilot/db/myproject.pp.0.cpp:62480:13: error: Resource with core_name: ROM_nP_BRAM pragma is ignored, because this core doesn't exist at all  [clang-diagnostic-error]
#pragma HLS RESOURCE variable=weights core=ROM_nP_BRAM
            ^
/work/development/pixsplit/baseline/baseline/hls4ml_prj_acc=0.7811_latency_bitfile/myproject_prj/solution1/.autopilot/db/myproject.pp.0.cpp:62554:13: error: Resource with core_name: ROM_nP_BRAM pragma is ignored, because this core doesn't exist at all  [clang-diagnostic-error]
#pragma HLS RESOURCE variable=weights core=ROM_nP_BRAM
            ^
/work/development/pixsplit/baseline/baseline/hls4ml_prj_acc=0.7811_latency_bitfile/myproject_prj/solution1/.autopilot/db/myproject.pp.0.cpp:62636:13: error: Resource with core_name: ROM_nP_BRAM pragma is ignored, because this core doesn't exist at all  [clang-diagnostic-error]
#pragma HLS RESOURCE variable=weights core=ROM_nP_BRAM
            ^
/work/development/pixsplit/baseline/baseline/hls4ml_prj_acc=0.7811_latency_bitfile/myproject_prj/solution1/.autopilot/db/myproject.pp.0.cpp:62809:5: remark: Added loop label VITIS_LOOP_14_1:   [xilinx-label-all-loops]
    for (unsigned k = 0; k < CONFIG_T::n_out; k++) {
    ^
    VITIS_LOOP_14_1: 
/work/development/pixsplit/baseline/baseline/hls4ml_prj_acc=0.7811_latency_bitfile/myproject_prj/solution1/.autopilot/db/myproject.pp.0.cpp:62809:5: note: FIX-IT applied suggested code changes
/work/development/pixsplit/baseline/baseline/hls4ml_prj_acc=0.7811_latency_bitfile/myproject_prj/solution1/.autopilot/db/myproject.pp.0.cpp:62869:9: remark: Added loop label VITIS_LOOP_74_1:   [xilinx-label-all-loops]
        for (int im = 0; im < CONFIG_T::n_out; im++) {
        ^
        VITIS_LOOP_74_1: 
/work/development/pixsplit/baseline/baseline/hls4ml_prj_acc=0.7811_latency_bitfile/myproject_prj/solution1/.autopilot/db/myproject.pp.0.cpp:62869:9: note: FIX-IT applied suggested code changes
