

================================================================
== Vitis HLS Report for 'conv_2d_cl_array_ap_ufixed_16u_array_ap_fixed_9_9_5_3_0_16u_config7_s'
================================================================
* Date:           Mon May  4 22:35:34 2026

* Version:        2025.2 (Build 6295257 on Nov 14 2025)
* Project:        vitis_unified_project
* Solution:       hls (Vivado IP Flow Target)
* Product family: zynquplus
* Target device:  xck26-sfvc784-2LV-c


================================================================
== Performance Estimates
================================================================
+ Timing: 
    * Summary: 
    +--------+---------+----------+------------+
    |  Clock |  Target | Estimated| Uncertainty|
    +--------+---------+----------+------------+
    |ap_clk  |  5.00 ns|  4.373 ns|     0.62 ns|
    +--------+---------+----------+------------+

+ Latency: 
    * Summary: 
    +---------+---------+----------+----------+-----+-----+------------------------------------------------+
    |  Latency (cycles) |  Latency (absolute) |  Interval |                    Pipeline                    |
    |   min   |   max   |    min   |    max   | min | max |                      Type                      |
    +---------+---------+----------+----------+-----+-----+------------------------------------------------+
    |      847|      847|  4.235 us|  4.235 us|  846|  846|  loop auto-rewind stp (delay=0 clock cycles(s))|
    +---------+---------+----------+----------+-----+-----+------------------------------------------------+

    + Detail: 
        * Instance: 
        +----------------------------------------------------------------------------------+-----------------------------------------------------------------------+---------+---------+-----------+-----------+-----+-----+---------+
        |                                                                                  |                                                                       |  Latency (cycles) |   Latency (absolute)  |  Interval | Pipeline|
        |                                     Instance                                     |                                 Module                                |   min   |   max   |    min    |    max    | min | max |   Type  |
        +----------------------------------------------------------------------------------+-----------------------------------------------------------------------+---------+---------+-----------+-----------+-----+-----+---------+
        |grp_compute_output_buffer_2d_array_array_ap_fixed_9_9_5_3_0_16u_config7_s_fu_204  |compute_output_buffer_2d_array_array_ap_fixed_9_9_5_3_0_16u_config7_s  |        3|        3|  15.000 ns|  15.000 ns|    4|    4|      yes|
        +----------------------------------------------------------------------------------+-----------------------------------------------------------------------+---------+---------+-----------+-----------+-----+-----+---------+

        * Loop: 
        +----------------------------------+---------+---------+----------+-----------+-----------+------+----------+
        |                                  |  Latency (cycles) | Iteration|  Initiation Interval  | Trip |          |
        |             Loop Name            |   min   |   max   |  Latency |  achieved |   target  | Count| Pipelined|
        +----------------------------------+---------+---------+----------+-----------+-----------+------+----------+
        |- ReadInputHeight_ReadInputWidth  |      845|      845|         5|          5|         16|   169|       yes|
        +----------------------------------+---------+---------+----------+-----------+-----------+------+----------+



================================================================
== Utilization Estimates
================================================================
* Summary: 
+-----------------+---------+------+--------+--------+-----+
|       Name      | BRAM_18K|  DSP |   FF   |   LUT  | URAM|
+-----------------+---------+------+--------+--------+-----+
|DSP              |        -|     -|       -|       -|    -|
|Expression       |        -|     -|       0|      32|    -|
|FIFO             |        -|     -|       -|       -|    -|
|Instance         |        -|     -|     835|    3619|    -|
|Memory           |        -|     -|       -|       -|    -|
|Multiplexer      |        -|     -|       0|      85|    -|
|Register         |        -|     -|      16|       -|    -|
+-----------------+---------+------+--------+--------+-----+
|Total            |        0|     0|     851|    3736|    0|
+-----------------+---------+------+--------+--------+-----+
|Available        |      288|  1248|  234240|  117120|   64|
+-----------------+---------+------+--------+--------+-----+
|Utilization (%)  |        0|     0|      ~0|       3|    0|
+-----------------+---------+------+--------+--------+-----+

+ Detail: 
    * Instance: 
    +----------------------------------------------------------------------------------+-----------------------------------------------------------------------+---------+----+-----+------+-----+
    |                                     Instance                                     |                                 Module                                | BRAM_18K| DSP|  FF |  LUT | URAM|
    +----------------------------------------------------------------------------------+-----------------------------------------------------------------------+---------+----+-----+------+-----+
    |grp_compute_output_buffer_2d_array_array_ap_fixed_9_9_5_3_0_16u_config7_s_fu_204  |compute_output_buffer_2d_array_array_ap_fixed_9_9_5_3_0_16u_config7_s  |        0|   0|  835|  3619|    0|
    +----------------------------------------------------------------------------------+-----------------------------------------------------------------------+---------+----+-----+------+-----+
    |Total                                                                             |                                                                       |        0|   0|  835|  3619|    0|
    +----------------------------------------------------------------------------------+-----------------------------------------------------------------------+---------+----+-----+------+-----+

    * DSP: 
    N/A

    * Memory: 
    N/A

    * FIFO: 
    N/A

    * Expression: 
    +----------------------------------+----------+----+---+----+------------+------------+
    |           Variable Name          | Operation| DSP| FF| LUT| Bitwidth P0| Bitwidth P1|
    +----------------------------------+----------+----+---+----+------------+------------+
    |add_ln25_fu_366_p2                |         +|   0|  0|  15|           8|           1|
    |icmp_ln25_fu_360_p2               |      icmp|   0|  0|  15|           8|           8|
    |ap_block_state1_pp0_stage0_iter0  |        or|   0|  0|   2|           1|           1|
    +----------------------------------+----------+----+---+----+------------+------------+
    |Total                             |          |   0|  0|  32|          17|          10|
    +----------------------------------+----------+----+---+----+------------+------------+

    * Multiplexer: 
    +--------------------------------------+----+-----------+-----+-----------+
    |                 Name                 | LUT| Input Size| Bits| Total Bits|
    +--------------------------------------+----+-----------+-----+-----------+
    |ap_NS_fsm                             |  31|          6|    1|          6|
    |ap_done_int                           |   9|          2|    1|          2|
    |ap_sig_allocacmp_indvar_flatten_load  |   9|          2|    8|         16|
    |indvar_flatten_fu_194                 |   9|          2|    8|         16|
    |layer5_out_blk_n                      |   9|          2|    1|          2|
    |layer7_out_blk_n                      |   9|          2|    1|          2|
    |real_start                            |   9|          2|    1|          2|
    +--------------------------------------+----+-----------+-----+-----------+
    |Total                                 |  85|         18|   21|         46|
    +--------------------------------------+----+-----------+-----+-----------+

    * Register: 
    +-----------------------------------------------------------------------------------------------+---+----+-----+-----------+
    |                                              Name                                             | FF| LUT| Bits| Const Bits|
    +-----------------------------------------------------------------------------------------------+---+----+-----+-----------+
    |ap_CS_fsm                                                                                      |  5|   0|    5|          0|
    |ap_done_reg                                                                                    |  1|   0|    1|          0|
    |grp_compute_output_buffer_2d_array_array_ap_fixed_9_9_5_3_0_16u_config7_s_fu_204_ap_start_reg  |  1|   0|    1|          0|
    |indvar_flatten_fu_194                                                                          |  8|   0|    8|          0|
    |start_once_reg                                                                                 |  1|   0|    1|          0|
    +-----------------------------------------------------------------------------------------------+---+----+-----+-----------+
    |Total                                                                                          | 16|   0|   16|          0|
    +-----------------------------------------------------------------------------------------------+---+----+-----+-----------+



================================================================
== Interface
================================================================
* Summary: 
+---------------------------+-----+-----+------------+-------------------------------------------------------------------------+--------------+
|         RTL Ports         | Dir | Bits|  Protocol  |                              Source Object                              |    C Type    |
+---------------------------+-----+-----+------------+-------------------------------------------------------------------------+--------------+
|ap_clk                     |   in|    1|  ap_ctrl_hs|  conv_2d_cl<array<ap_ufixed,16u>,array<ap_fixed<9,9,5,3,0>,16u>,config7>|  return value|
|ap_rst                     |   in|    1|  ap_ctrl_hs|  conv_2d_cl<array<ap_ufixed,16u>,array<ap_fixed<9,9,5,3,0>,16u>,config7>|  return value|
|ap_start                   |   in|    1|  ap_ctrl_hs|  conv_2d_cl<array<ap_ufixed,16u>,array<ap_fixed<9,9,5,3,0>,16u>,config7>|  return value|
|start_full_n               |   in|    1|  ap_ctrl_hs|  conv_2d_cl<array<ap_ufixed,16u>,array<ap_fixed<9,9,5,3,0>,16u>,config7>|  return value|
|ap_done                    |  out|    1|  ap_ctrl_hs|  conv_2d_cl<array<ap_ufixed,16u>,array<ap_fixed<9,9,5,3,0>,16u>,config7>|  return value|
|ap_continue                |   in|    1|  ap_ctrl_hs|  conv_2d_cl<array<ap_ufixed,16u>,array<ap_fixed<9,9,5,3,0>,16u>,config7>|  return value|
|ap_idle                    |  out|    1|  ap_ctrl_hs|  conv_2d_cl<array<ap_ufixed,16u>,array<ap_fixed<9,9,5,3,0>,16u>,config7>|  return value|
|ap_ready                   |  out|    1|  ap_ctrl_hs|  conv_2d_cl<array<ap_ufixed,16u>,array<ap_fixed<9,9,5,3,0>,16u>,config7>|  return value|
|start_out                  |  out|    1|  ap_ctrl_hs|  conv_2d_cl<array<ap_ufixed,16u>,array<ap_fixed<9,9,5,3,0>,16u>,config7>|  return value|
|start_write                |  out|    1|  ap_ctrl_hs|  conv_2d_cl<array<ap_ufixed,16u>,array<ap_fixed<9,9,5,3,0>,16u>,config7>|  return value|
|layer5_out_dout            |   in|   16|     ap_fifo|                                                               layer5_out|       pointer|
|layer5_out_empty_n         |   in|    1|     ap_fifo|                                                               layer5_out|       pointer|
|layer5_out_read            |  out|    1|     ap_fifo|                                                               layer5_out|       pointer|
|layer5_out_num_data_valid  |   in|    9|     ap_fifo|                                                               layer5_out|       pointer|
|layer5_out_fifo_cap        |   in|    9|     ap_fifo|                                                               layer5_out|       pointer|
|layer7_out_din             |  out|  144|     ap_fifo|                                                               layer7_out|       pointer|
|layer7_out_full_n          |   in|    1|     ap_fifo|                                                               layer7_out|       pointer|
|layer7_out_write           |  out|    1|     ap_fifo|                                                               layer7_out|       pointer|
|layer7_out_num_data_valid  |   in|    8|     ap_fifo|                                                               layer7_out|       pointer|
|layer7_out_fifo_cap        |   in|    8|     ap_fifo|                                                               layer7_out|       pointer|
+---------------------------+-----+-----+------------+-------------------------------------------------------------------------+--------------+

