

================================================================
== Vitis HLS Report for 'load_input_float_array_Pipeline_VITIS_LOOP_13_1_VITIS_LOOP_14_2'
================================================================
* Date:           Mon May  4 22:35:33 2026

* Version:        2025.2 (Build 6295257 on Nov 14 2025)
* Project:        vitis_unified_project
* Solution:       hls (Vivado IP Flow Target)
* Product family: zynquplus
* Target device:  xck26-sfvc784-2LV-c


================================================================
== Performance Estimates
================================================================
+ Timing: 
    * Summary: 
    +--------+---------+----------+------------+
    |  Clock |  Target | Estimated| Uncertainty|
    +--------+---------+----------+------------+
    |ap_clk  |  5.00 ns|  4.375 ns|     0.62 ns|
    +--------+---------+----------+------------+

+ Latency: 
    * Summary: 
    +---------+---------+----------+----------+-----+-----+-------------------+
    |  Latency (cycles) |  Latency (absolute) |  Interval |      Pipeline     |
    |   min   |   max   |    min   |    max   | min | max |        Type       |
    +---------+---------+----------+----------+-----+-----+-------------------+
    |        ?|        ?|         ?|         ?|    0|    0|  loop pipeline stp|
    +---------+---------+----------+----------+-----+-----+-------------------+

    + Detail: 
        * Instance: 
        N/A

        * Loop: 
        +-----------------------------------+---------+---------+----------+-----------+-----------+------+----------+
        |                                   |  Latency (cycles) | Iteration|  Initiation Interval  | Trip |          |
        |             Loop Name             |   min   |   max   |  Latency |  achieved |   target  | Count| Pipelined|
        +-----------------------------------+---------+---------+----------+-----------+-----------+------+----------+
        |- VITIS_LOOP_13_1_VITIS_LOOP_14_2  |        ?|        ?|         6|          1|          1|     ?|       yes|
        +-----------------------------------+---------+---------+----------+-----------+-----------+------+----------+



================================================================
== Utilization Estimates
================================================================
* Summary: 
+-----------------+---------+------+--------+--------+-----+
|       Name      | BRAM_18K|  DSP |   FF   |   LUT  | URAM|
+-----------------+---------+------+--------+--------+-----+
|DSP              |        -|     -|       -|       -|    -|
|Expression       |        -|     -|       0|     708|    -|
|FIFO             |        -|     -|       -|       -|    -|
|Instance         |        -|     -|       0|      31|    -|
|Memory           |        -|     -|       -|       -|    -|
|Multiplexer      |        -|     -|       0|      54|    -|
|Register         |        -|     -|     151|       -|    -|
+-----------------+---------+------+--------+--------+-----+
|Total            |        0|     0|     151|     793|    0|
+-----------------+---------+------+--------+--------+-----+
|Available        |      288|  1248|  234240|  117120|   64|
+-----------------+---------+------+--------+--------+-----+
|Utilization (%)  |        0|     0|      ~0|      ~0|    0|
+-----------------+---------+------+--------+--------+-----+

+ Detail: 
    * Instance: 
    +---------------------------------+------------------------------+---------+----+---+----+-----+
    |             Instance            |            Module            | BRAM_18K| DSP| FF| LUT| URAM|
    +---------------------------------+------------------------------+---------+----+---+----+-----+
    |bitselect_1ns_54ns_6ns_1_1_1_U4  |bitselect_1ns_54ns_6ns_1_1_1  |        0|   0|  0|  17|    0|
    |fpext_32ns_64_2_no_dsp_1_U3      |fpext_32ns_64_2_no_dsp_1      |        0|   0|  0|   0|    0|
    |sparsemux_9_3_1_1_1_U5           |sparsemux_9_3_1_1_1           |        0|   0|  0|  14|    0|
    +---------------------------------+------------------------------+---------+----+---+----+-----+
    |Total                            |                              |        0|   0|  0|  31|    0|
    +---------------------------------+------------------------------+---------+----+---+----+-----+

    * DSP: 
    N/A

    * Memory: 
    N/A

    * FIFO: 
    N/A

    * Expression: 
    +--------------------------------+----------+----+---+-----+------------+------------+
    |          Variable Name         | Operation| DSP| FF| LUT | Bitwidth P0| Bitwidth P1|
    +--------------------------------+----------+----+---+-----+------------+------------+
    |add_ln13_fu_146_p2              |         +|   0|  0|   48|          41|           1|
    |tmp_76_fu_340_p2                |         +|   0|  0|   13|           6|           2|
    |sub_ln17_1_fu_228_p2            |         -|   0|  0|   19|          11|          12|
    |sub_ln17_2_fu_248_p2            |         -|   0|  0|   18|           1|          11|
    |sub_ln17_fu_215_p2              |         -|   0|  0|   61|           1|          54|
    |and_ln17_1_fu_366_p2            |       and|   0|  0|    2|           1|           1|
    |and_ln17_2_fu_383_p2            |       and|   0|  0|    2|           1|           1|
    |storemerge5_i_i_fu_398_p8       |       and|   0|  0|    2|           1|           1|
    |icmp_ln13_fu_141_p2             |      icmp|   0|  0|   48|          41|          41|
    |icmp_ln17_1_fu_242_p2           |      icmp|   0|  0|   19|          12|           1|
    |icmp_ln17_2_fu_266_p2           |      icmp|   0|  0|   18|          11|          11|
    |icmp_ln17_3_fu_275_p2           |      icmp|   0|  0|   18|          11|           6|
    |icmp_ln17_4_fu_302_p2           |      icmp|   0|  0|   19|          12|           6|
    |icmp_ln17_5_fu_308_p2           |      icmp|   0|  0|   18|          11|           1|
    |icmp_ln17_fu_195_p2             |      icmp|   0|  0|   70|          63|           1|
    |lshr_ln17_fu_285_p2             |      lshr|   0|  0|  159|          54|          54|
    |ap_block_pp0_stage0_01001_grp1  |        or|   0|  0|    2|           1|           1|
    |or_ln17_fu_372_p2               |        or|   0|  0|    2|           1|           1|
    |cond63_i_i_fu_348_p3            |    select|   0|  0|    2|           1|           1|
    |select_ln17_1_fu_254_p3         |    select|   0|  0|   10|           1|          11|
    |select_ln17_2_fu_295_p3         |    select|   0|  0|    2|           1|           1|
    |select_ln17_fu_221_p3           |    select|   0|  0|   52|           1|          54|
    |shl_ln17_fu_318_p2              |       shl|   0|  0|   96|          32|          32|
    |ap_enable_pp0                   |       xor|   0|  0|    2|           1|           2|
    |storemerge5_i_i_fu_398_p6       |       xor|   0|  0|    2|           1|           1|
    |xor_ln17_1_fu_361_p2            |       xor|   0|  0|    2|           1|           2|
    |xor_ln17_2_fu_377_p2            |       xor|   0|  0|    2|           1|           2|
    +--------------------------------+----------+----+---+-----+------------+------------+
    |Total                           |          |   0|  0|  708|         320|         312|
    +--------------------------------+----------+----+---+-----+------------+------------+

    * Multiplexer: 
    +--------------------------------+----+-----------+-----+-----------+
    |              Name              | LUT| Input Size| Bits| Total Bits|
    +--------------------------------+----+-----------+-----+-----------+
    |ap_done_int                     |   9|          2|    1|          2|
    |ap_enable_reg_pp0_iter1         |   9|          2|    1|          2|
    |ap_enable_reg_pp0_iter2         |   9|          2|    1|          2|
    |gmem_in0_blk_n_R                |   9|          2|    1|          2|
    |indvar_flatten_fu_98            |   9|          2|   41|         82|
    |stream_in0_input_layer_1_blk_n  |   9|          2|    1|          2|
    +--------------------------------+----+-----------+-----+-----------+
    |Total                           |  54|         12|   46|         92|
    +--------------------------------+----+-----------+-----+-----------+

    * Register: 
    +----------------------------------+----+----+-----+-----------+
    |               Name               | FF | LUT| Bits| Const Bits|
    +----------------------------------+----+----+-----+-----------+
    |ap_CS_fsm                         |   1|   0|    1|          0|
    |ap_done_reg                       |   1|   0|    1|          0|
    |ap_enable_reg_pp0_iter1           |   1|   0|    1|          0|
    |ap_enable_reg_pp0_iter2           |   1|   0|    1|          0|
    |ap_enable_reg_pp0_iter3           |   1|   0|    1|          0|
    |ap_enable_reg_pp0_iter4           |   1|   0|    1|          0|
    |ap_enable_reg_pp0_iter5           |   1|   0|    1|          0|
    |ap_enable_reg_pp0_iter6           |   1|   0|    1|          0|
    |ap_loop_exit_ready_pp0_iter2_reg  |   1|   0|    1|          0|
    |ap_loop_exit_ready_pp0_iter3_reg  |   1|   0|    1|          0|
    |ap_loop_exit_ready_pp0_iter4_reg  |   1|   0|    1|          0|
    |ap_loop_exit_ready_pp0_iter5_reg  |   1|   0|    1|          0|
    |gmem_in0_addr_read_reg_447        |  32|   0|   32|          0|
    |icmp_ln17_reg_475                 |   1|   0|    1|          0|
    |indvar_flatten_fu_98              |  41|   0|   41|          0|
    |storemerge5_i_i_reg_482           |   1|   0|    1|          0|
    |tmp_i_reg_464                     |  11|   0|   11|          0|
    |tmp_reg_457                       |   1|   0|    1|          0|
    |trunc_ln17_1_reg_470              |  52|   0|   52|          0|
    +----------------------------------+----+----+-----+-----------+
    |Total                             | 151|   0|  151|          0|
    +----------------------------------+----+----+-----+-----------+



================================================================
== Interface
================================================================
* Summary: 
+-----------------------------------------+-----+-----+------------+-------------------------------------------------------------------+--------------+
|                RTL Ports                | Dir | Bits|  Protocol  |                           Source Object                           |    C Type    |
+-----------------------------------------+-----+-----+------------+-------------------------------------------------------------------+--------------+
|ap_clk                                   |   in|    1|  ap_ctrl_hs|  load_input<float,array >_Pipeline_VITIS_LOOP_13_1_VITIS_LOOP_14_2|  return value|
|ap_rst                                   |   in|    1|  ap_ctrl_hs|  load_input<float,array >_Pipeline_VITIS_LOOP_13_1_VITIS_LOOP_14_2|  return value|
|ap_start                                 |   in|    1|  ap_ctrl_hs|  load_input<float,array >_Pipeline_VITIS_LOOP_13_1_VITIS_LOOP_14_2|  return value|
|ap_done                                  |  out|    1|  ap_ctrl_hs|  load_input<float,array >_Pipeline_VITIS_LOOP_13_1_VITIS_LOOP_14_2|  return value|
|ap_idle                                  |  out|    1|  ap_ctrl_hs|  load_input<float,array >_Pipeline_VITIS_LOOP_13_1_VITIS_LOOP_14_2|  return value|
|ap_ready                                 |  out|    1|  ap_ctrl_hs|  load_input<float,array >_Pipeline_VITIS_LOOP_13_1_VITIS_LOOP_14_2|  return value|
|m_axi_gmem_in0_0_AWVALID                 |  out|    1|       m_axi|                                                           gmem_in0|       pointer|
|m_axi_gmem_in0_0_AWREADY                 |   in|    1|       m_axi|                                                           gmem_in0|       pointer|
|m_axi_gmem_in0_0_AWADDR                  |  out|   64|       m_axi|                                                           gmem_in0|       pointer|
|m_axi_gmem_in0_0_AWID                    |  out|    1|       m_axi|                                                           gmem_in0|       pointer|
|m_axi_gmem_in0_0_AWLEN                   |  out|   32|       m_axi|                                                           gmem_in0|       pointer|
|m_axi_gmem_in0_0_AWSIZE                  |  out|    3|       m_axi|                                                           gmem_in0|       pointer|
|m_axi_gmem_in0_0_AWBURST                 |  out|    2|       m_axi|                                                           gmem_in0|       pointer|
|m_axi_gmem_in0_0_AWLOCK                  |  out|    2|       m_axi|                                                           gmem_in0|       pointer|
|m_axi_gmem_in0_0_AWCACHE                 |  out|    4|       m_axi|                                                           gmem_in0|       pointer|
|m_axi_gmem_in0_0_AWPROT                  |  out|    3|       m_axi|                                                           gmem_in0|       pointer|
|m_axi_gmem_in0_0_AWQOS                   |  out|    4|       m_axi|                                                           gmem_in0|       pointer|
|m_axi_gmem_in0_0_AWREGION                |  out|    4|       m_axi|                                                           gmem_in0|       pointer|
|m_axi_gmem_in0_0_AWUSER                  |  out|    1|       m_axi|                                                           gmem_in0|       pointer|
|m_axi_gmem_in0_0_WVALID                  |  out|    1|       m_axi|                                                           gmem_in0|       pointer|
|m_axi_gmem_in0_0_WREADY                  |   in|    1|       m_axi|                                                           gmem_in0|       pointer|
|m_axi_gmem_in0_0_WDATA                   |  out|   32|       m_axi|                                                           gmem_in0|       pointer|
|m_axi_gmem_in0_0_WSTRB                   |  out|    4|       m_axi|                                                           gmem_in0|       pointer|
|m_axi_gmem_in0_0_WLAST                   |  out|    1|       m_axi|                                                           gmem_in0|       pointer|
|m_axi_gmem_in0_0_WID                     |  out|    1|       m_axi|                                                           gmem_in0|       pointer|
|m_axi_gmem_in0_0_WUSER                   |  out|    1|       m_axi|                                                           gmem_in0|       pointer|
|m_axi_gmem_in0_0_ARVALID                 |  out|    1|       m_axi|                                                           gmem_in0|       pointer|
|m_axi_gmem_in0_0_ARREADY                 |   in|    1|       m_axi|                                                           gmem_in0|       pointer|
|m_axi_gmem_in0_0_ARADDR                  |  out|   64|       m_axi|                                                           gmem_in0|       pointer|
|m_axi_gmem_in0_0_ARID                    |  out|    1|       m_axi|                                                           gmem_in0|       pointer|
|m_axi_gmem_in0_0_ARLEN                   |  out|   32|       m_axi|                                                           gmem_in0|       pointer|
|m_axi_gmem_in0_0_ARSIZE                  |  out|    3|       m_axi|                                                           gmem_in0|       pointer|
|m_axi_gmem_in0_0_ARBURST                 |  out|    2|       m_axi|                                                           gmem_in0|       pointer|
|m_axi_gmem_in0_0_ARLOCK                  |  out|    2|       m_axi|                                                           gmem_in0|       pointer|
|m_axi_gmem_in0_0_ARCACHE                 |  out|    4|       m_axi|                                                           gmem_in0|       pointer|
|m_axi_gmem_in0_0_ARPROT                  |  out|    3|       m_axi|                                                           gmem_in0|       pointer|
|m_axi_gmem_in0_0_ARQOS                   |  out|    4|       m_axi|                                                           gmem_in0|       pointer|
|m_axi_gmem_in0_0_ARREGION                |  out|    4|       m_axi|                                                           gmem_in0|       pointer|
|m_axi_gmem_in0_0_ARUSER                  |  out|    1|       m_axi|                                                           gmem_in0|       pointer|
|m_axi_gmem_in0_0_RVALID                  |   in|    1|       m_axi|                                                           gmem_in0|       pointer|
|m_axi_gmem_in0_0_RREADY                  |  out|    1|       m_axi|                                                           gmem_in0|       pointer|
|m_axi_gmem_in0_0_RDATA                   |   in|   32|       m_axi|                                                           gmem_in0|       pointer|
|m_axi_gmem_in0_0_RLAST                   |   in|    1|       m_axi|                                                           gmem_in0|       pointer|
|m_axi_gmem_in0_0_RID                     |   in|    1|       m_axi|                                                           gmem_in0|       pointer|
|m_axi_gmem_in0_0_RFIFONUM                |   in|    9|       m_axi|                                                           gmem_in0|       pointer|
|m_axi_gmem_in0_0_RUSER                   |   in|    1|       m_axi|                                                           gmem_in0|       pointer|
|m_axi_gmem_in0_0_RRESP                   |   in|    2|       m_axi|                                                           gmem_in0|       pointer|
|m_axi_gmem_in0_0_BVALID                  |   in|    1|       m_axi|                                                           gmem_in0|       pointer|
|m_axi_gmem_in0_0_BREADY                  |  out|    1|       m_axi|                                                           gmem_in0|       pointer|
|m_axi_gmem_in0_0_BRESP                   |   in|    2|       m_axi|                                                           gmem_in0|       pointer|
|m_axi_gmem_in0_0_BID                     |   in|    1|       m_axi|                                                           gmem_in0|       pointer|
|m_axi_gmem_in0_0_BUSER                   |   in|    1|       m_axi|                                                           gmem_in0|       pointer|
|stream_in0_input_layer_1_din             |  out|    8|     ap_fifo|                                           stream_in0_input_layer_1|       pointer|
|stream_in0_input_layer_1_full_n          |   in|    1|     ap_fifo|                                           stream_in0_input_layer_1|       pointer|
|stream_in0_input_layer_1_write           |  out|    1|     ap_fifo|                                           stream_in0_input_layer_1|       pointer|
|stream_in0_input_layer_1_num_data_valid  |   in|    8|     ap_fifo|                                           stream_in0_input_layer_1|       pointer|
|stream_in0_input_layer_1_fifo_cap        |   in|    8|     ap_fifo|                                           stream_in0_input_layer_1|       pointer|
|bound                                    |   in|   41|     ap_none|                                                              bound|        scalar|
|sext_ln13                                |   in|   62|     ap_none|                                                          sext_ln13|        scalar|
+-----------------------------------------+-----+-----+------------+-------------------------------------------------------------------+--------------+

