

================================================================
== Vitis HLS Report for 'pooling2d_cl_array_array_ap_ufixed_1_5_0_3_0_16u_config5_s'
================================================================
* Date:           Mon May  4 22:35:33 2026

* Version:        2025.2 (Build 6295257 on Nov 14 2025)
* Project:        vitis_unified_project
* Solution:       hls (Vivado IP Flow Target)
* Product family: zynquplus
* Target device:  xck26-sfvc784-2LV-c


================================================================
== Performance Estimates
================================================================
+ Timing: 
    * Summary: 
    +--------+---------+----------+------------+
    |  Clock |  Target | Estimated| Uncertainty|
    +--------+---------+----------+------------+
    |ap_clk  |  5.00 ns|  4.313 ns|     0.62 ns|
    +--------+---------+----------+------------+

+ Latency: 
    * Summary: 
    +---------+---------+----------+----------+-----+-----+---------+
    |  Latency (cycles) |  Latency (absolute) |  Interval | Pipeline|
    |   min   |   max   |    min   |    max   | min | max |   Type  |
    +---------+---------+----------+----------+-----+-----+---------+
    |      679|      679|  3.395 us|  3.395 us|  679|  679|       no|
    +---------+---------+----------+----------+-----+-----+---------+

    + Detail: 
        * Instance: 
        N/A

        * Loop: 
        +----------------------------------+---------+---------+----------+-----------+-----------+------+----------+
        |                                  |  Latency (cycles) | Iteration|  Initiation Interval  | Trip |          |
        |             Loop Name            |   min   |   max   |  Latency |  achieved |   target  | Count| Pipelined|
        +----------------------------------+---------+---------+----------+-----------+-----------+------+----------+
        |- ReadInputHeight_ReadInputWidth  |      677|      677|         3|          1|          1|   676|       yes|
        +----------------------------------+---------+---------+----------+-----------+-----------+------+----------+



================================================================
== Utilization Estimates
================================================================
* Summary: 
+-----------------+---------+------+--------+--------+-----+
|       Name      | BRAM_18K|  DSP |   FF   |   LUT  | URAM|
+-----------------+---------+------+--------+--------+-----+
|DSP              |        -|     -|       -|       -|    -|
|Expression       |        -|     -|       0|    1604|    -|
|FIFO             |        -|     -|       -|       -|    -|
|Instance         |        -|     -|       -|       -|    -|
|Memory           |        -|     -|       -|       -|    -|
|Multiplexer      |        -|     -|       0|     569|    -|
|Register         |        -|     -|     703|       -|    -|
+-----------------+---------+------+--------+--------+-----+
|Total            |        0|     0|     703|    2173|    0|
+-----------------+---------+------+--------+--------+-----+
|Available        |      288|  1248|  234240|  117120|   64|
+-----------------+---------+------+--------+--------+-----+
|Utilization (%)  |        0|     0|      ~0|       1|    0|
+-----------------+---------+------+--------+--------+-----+

+ Detail: 
    * Instance: 
    N/A

    * DSP: 
    N/A

    * Memory: 
    N/A

    * FIFO: 
    N/A

    * Expression: 
    +----------------------------------+----------+----+---+----+------------+------------+
    |           Variable Name          | Operation| DSP| FF| LUT| Bitwidth P0| Bitwidth P1|
    +----------------------------------+----------+----+---+----+------------+------------+
    |add_ln109_fu_895_p2               |         +|   0|  0|  17|          10|           1|
    |add_ln111_fu_2767_p2              |         +|   0|  0|  12|           5|           1|
    |add_ln76_fu_931_p2                |         +|   0|  0|  39|          32|           1|
    |add_ln80_fu_985_p2                |         +|   0|  0|  39|          32|           1|
    |add_ln86_fu_2743_p2               |         +|   0|  0|  39|          32|           1|
    |add_ln91_fu_949_p2                |         +|   0|  0|  39|          32|           1|
    |and_ln55_2_fu_1415_p2             |       and|   0|  0|   2|           1|           1|
    |and_ln55_fu_1411_p2               |       and|   0|  0|   2|           1|           1|
    |ap_block_state4_pp0_stage0_iter2  |       and|   0|  0|   2|           1|           1|
    |ap_condition_268                  |       and|   0|  0|   2|           1|           1|
    |ap_condition_273                  |       and|   0|  0|   2|           1|           1|
    |ap_condition_433                  |       and|   0|  0|   2|           1|           1|
    |ap_condition_692                  |       and|   0|  0|   2|           1|           1|
    |ap_predicate_op547_write_state4   |       and|   0|  0|   2|           1|           1|
    |icmp_ln109_fu_889_p2              |      icmp|   0|  0|  17|          10|          10|
    |icmp_ln111_fu_1113_p2             |      icmp|   0|  0|  12|           5|           4|
    |icmp_ln55_4_fu_1405_p2            |      icmp|   0|  0|  39|          32|           1|
    |icmp_ln55_5_fu_919_p2             |      icmp|   0|  0|  39|          32|           1|
    |icmp_ln55_6_fu_925_p2             |      icmp|   0|  0|  39|          32|           1|
    |icmp_ln55_fu_905_p2               |      icmp|   0|  0|  39|          32|           1|
    |icmp_ln66_48_fu_1537_p2           |      icmp|   0|  0|  12|           5|           5|
    |icmp_ln66_49_fu_1557_p2           |      icmp|   0|  0|  12|           5|           5|
    |icmp_ln66_50_fu_1593_p2           |      icmp|   0|  0|  12|           5|           5|
    |icmp_ln66_51_fu_1613_p2           |      icmp|   0|  0|  12|           5|           5|
    |icmp_ln66_52_fu_1633_p2           |      icmp|   0|  0|  12|           5|           5|
    |icmp_ln66_53_fu_1669_p2           |      icmp|   0|  0|  12|           5|           5|
    |icmp_ln66_54_fu_1689_p2           |      icmp|   0|  0|  12|           5|           5|
    |icmp_ln66_55_fu_1709_p2           |      icmp|   0|  0|  12|           5|           5|
    |icmp_ln66_56_fu_1745_p2           |      icmp|   0|  0|  12|           5|           5|
    |icmp_ln66_57_fu_1765_p2           |      icmp|   0|  0|  12|           5|           5|
    |icmp_ln66_58_fu_1785_p2           |      icmp|   0|  0|  12|           5|           5|
    |icmp_ln66_59_fu_1821_p2           |      icmp|   0|  0|  12|           5|           5|
    |icmp_ln66_60_fu_1841_p2           |      icmp|   0|  0|  12|           5|           5|
    |icmp_ln66_61_fu_1861_p2           |      icmp|   0|  0|  12|           5|           5|
    |icmp_ln66_62_fu_1897_p2           |      icmp|   0|  0|  12|           5|           5|
    |icmp_ln66_63_fu_1917_p2           |      icmp|   0|  0|  12|           5|           5|
    |icmp_ln66_64_fu_1937_p2           |      icmp|   0|  0|  12|           5|           5|
    |icmp_ln66_65_fu_1973_p2           |      icmp|   0|  0|  12|           5|           5|
    |icmp_ln66_66_fu_1993_p2           |      icmp|   0|  0|  12|           5|           5|
    |icmp_ln66_67_fu_2013_p2           |      icmp|   0|  0|  12|           5|           5|
    |icmp_ln66_68_fu_2049_p2           |      icmp|   0|  0|  12|           5|           5|
    |icmp_ln66_69_fu_2069_p2           |      icmp|   0|  0|  12|           5|           5|
    |icmp_ln66_70_fu_2089_p2           |      icmp|   0|  0|  12|           5|           5|
    |icmp_ln66_71_fu_2125_p2           |      icmp|   0|  0|  12|           5|           5|
    |icmp_ln66_72_fu_2145_p2           |      icmp|   0|  0|  12|           5|           5|
    |icmp_ln66_73_fu_2165_p2           |      icmp|   0|  0|  12|           5|           5|
    |icmp_ln66_74_fu_2201_p2           |      icmp|   0|  0|  12|           5|           5|
    |icmp_ln66_75_fu_2221_p2           |      icmp|   0|  0|  12|           5|           5|
    |icmp_ln66_76_fu_2241_p2           |      icmp|   0|  0|  12|           5|           5|
    |icmp_ln66_77_fu_2277_p2           |      icmp|   0|  0|  12|           5|           5|
    |icmp_ln66_78_fu_2297_p2           |      icmp|   0|  0|  12|           5|           5|
    |icmp_ln66_79_fu_2317_p2           |      icmp|   0|  0|  12|           5|           5|
    |icmp_ln66_80_fu_2353_p2           |      icmp|   0|  0|  12|           5|           5|
    |icmp_ln66_81_fu_2373_p2           |      icmp|   0|  0|  12|           5|           5|
    |icmp_ln66_82_fu_2393_p2           |      icmp|   0|  0|  12|           5|           5|
    |icmp_ln66_83_fu_2429_p2           |      icmp|   0|  0|  12|           5|           5|
    |icmp_ln66_84_fu_2449_p2           |      icmp|   0|  0|  12|           5|           5|
    |icmp_ln66_85_fu_2469_p2           |      icmp|   0|  0|  12|           5|           5|
    |icmp_ln66_86_fu_2505_p2           |      icmp|   0|  0|  12|           5|           5|
    |icmp_ln66_87_fu_2525_p2           |      icmp|   0|  0|  12|           5|           5|
    |icmp_ln66_88_fu_2545_p2           |      icmp|   0|  0|  12|           5|           5|
    |icmp_ln66_89_fu_2581_p2           |      icmp|   0|  0|  12|           5|           5|
    |icmp_ln66_90_fu_2601_p2           |      icmp|   0|  0|  12|           5|           5|
    |icmp_ln66_91_fu_2621_p2           |      icmp|   0|  0|  12|           5|           5|
    |icmp_ln66_92_fu_2657_p2           |      icmp|   0|  0|  12|           5|           5|
    |icmp_ln66_93_fu_2677_p2           |      icmp|   0|  0|  12|           5|           5|
    |icmp_ln66_94_fu_2697_p2           |      icmp|   0|  0|  12|           5|           5|
    |icmp_ln66_fu_1517_p2              |      icmp|   0|  0|  12|           5|           5|
    |icmp_ln76_fu_937_p2               |      icmp|   0|  0|  39|          32|           5|
    |icmp_ln80_fu_991_p2               |      icmp|   0|  0|  39|          32|           5|
    |icmp_ln86_fu_2737_p2              |      icmp|   0|  0|  39|          32|           1|
    |ap_block_pp0_stage0_01001         |        or|   0|  0|   2|           1|           1|
    |ap_block_state1                   |        or|   0|  0|   2|           1|           1|
    |i_iw_2_fu_2773_p3                 |    select|   0|  0|   5|           1|           1|
    |select_ln0_32_fu_1549_p3          |    select|   0|  0|   5|           1|           5|
    |select_ln0_33_fu_1605_p3          |    select|   0|  0|   5|           1|           5|
    |select_ln0_34_fu_1625_p3          |    select|   0|  0|   5|           1|           5|
    |select_ln0_35_fu_1681_p3          |    select|   0|  0|   5|           1|           5|
    |select_ln0_36_fu_1701_p3          |    select|   0|  0|   5|           1|           5|
    |select_ln0_37_fu_1757_p3          |    select|   0|  0|   5|           1|           5|
    |select_ln0_38_fu_1777_p3          |    select|   0|  0|   5|           1|           5|
    |select_ln0_39_fu_1833_p3          |    select|   0|  0|   5|           1|           5|
    |select_ln0_40_fu_1853_p3          |    select|   0|  0|   5|           1|           5|
    |select_ln0_41_fu_1909_p3          |    select|   0|  0|   5|           1|           5|
    |select_ln0_42_fu_1929_p3          |    select|   0|  0|   5|           1|           5|
    |select_ln0_43_fu_1985_p3          |    select|   0|  0|   5|           1|           5|
    |select_ln0_44_fu_2005_p3          |    select|   0|  0|   5|           1|           5|
    |select_ln0_45_fu_2061_p3          |    select|   0|  0|   5|           1|           5|
    |select_ln0_46_fu_2081_p3          |    select|   0|  0|   5|           1|           5|
    |select_ln0_47_fu_2137_p3          |    select|   0|  0|   5|           1|           5|
    |select_ln0_48_fu_2157_p3          |    select|   0|  0|   5|           1|           5|
    |select_ln0_49_fu_2213_p3          |    select|   0|  0|   5|           1|           5|
    |select_ln0_50_fu_2233_p3          |    select|   0|  0|   5|           1|           5|
    |select_ln0_51_fu_2289_p3          |    select|   0|  0|   5|           1|           5|
    |select_ln0_52_fu_2309_p3          |    select|   0|  0|   5|           1|           5|
    |select_ln0_53_fu_2365_p3          |    select|   0|  0|   5|           1|           5|
    |select_ln0_54_fu_2385_p3          |    select|   0|  0|   5|           1|           5|
    |select_ln0_55_fu_2441_p3          |    select|   0|  0|   5|           1|           5|
    |select_ln0_56_fu_2461_p3          |    select|   0|  0|   5|           1|           5|
    |select_ln0_57_fu_2517_p3          |    select|   0|  0|   5|           1|           5|
    |select_ln0_58_fu_2537_p3          |    select|   0|  0|   5|           1|           5|
    |select_ln0_59_fu_2593_p3          |    select|   0|  0|   5|           1|           5|
    |select_ln0_60_fu_2613_p3          |    select|   0|  0|   5|           1|           5|
    |select_ln0_61_fu_2669_p3          |    select|   0|  0|   5|           1|           5|
    |select_ln0_62_fu_2689_p3          |    select|   0|  0|   5|           1|           5|
    |select_ln0_fu_1529_p3             |    select|   0|  0|   5|           1|           5|
    |select_ln109_16_fu_1127_p3        |    select|   0|  0|   5|           1|           5|
    |select_ln109_17_fu_1135_p3        |    select|   0|  0|   5|           1|           5|
    |select_ln109_18_fu_1143_p3        |    select|   0|  0|   5|           1|           5|
    |select_ln109_19_fu_1151_p3        |    select|   0|  0|   5|           1|           5|
    |select_ln109_20_fu_1159_p3        |    select|   0|  0|   5|           1|           5|
    |select_ln109_21_fu_1167_p3        |    select|   0|  0|   5|           1|           5|
    |select_ln109_22_fu_1175_p3        |    select|   0|  0|   5|           1|           5|
    |select_ln109_23_fu_1183_p3        |    select|   0|  0|   5|           1|           5|
    |select_ln109_24_fu_1191_p3        |    select|   0|  0|   5|           1|           5|
    |select_ln109_25_fu_1199_p3        |    select|   0|  0|   5|           1|           5|
    |select_ln109_26_fu_1207_p3        |    select|   0|  0|   5|           1|           5|
    |select_ln109_27_fu_1215_p3        |    select|   0|  0|   5|           1|           5|
    |select_ln109_28_fu_1223_p3        |    select|   0|  0|   5|           1|           5|
    |select_ln109_29_fu_1231_p3        |    select|   0|  0|   5|           1|           5|
    |select_ln109_30_fu_1239_p3        |    select|   0|  0|   5|           1|           5|
    |select_ln109_fu_1119_p3           |    select|   0|  0|   5|           1|           5|
    |select_ln66_16_fu_1645_p3         |    select|   0|  0|   5|           1|           5|
    |select_ln66_17_fu_1721_p3         |    select|   0|  0|   5|           1|           5|
    |select_ln66_18_fu_1797_p3         |    select|   0|  0|   5|           1|           5|
    |select_ln66_19_fu_1873_p3         |    select|   0|  0|   5|           1|           5|
    |select_ln66_20_fu_1949_p3         |    select|   0|  0|   5|           1|           5|
    |select_ln66_21_fu_2025_p3         |    select|   0|  0|   5|           1|           5|
    |select_ln66_22_fu_2101_p3         |    select|   0|  0|   5|           1|           5|
    |select_ln66_23_fu_2177_p3         |    select|   0|  0|   5|           1|           5|
    |select_ln66_24_fu_2253_p3         |    select|   0|  0|   5|           1|           5|
    |select_ln66_25_fu_2329_p3         |    select|   0|  0|   5|           1|           5|
    |select_ln66_26_fu_2405_p3         |    select|   0|  0|   5|           1|           5|
    |select_ln66_27_fu_2481_p3         |    select|   0|  0|   5|           1|           5|
    |select_ln66_28_fu_2557_p3         |    select|   0|  0|   5|           1|           5|
    |select_ln66_29_fu_2633_p3         |    select|   0|  0|   5|           1|           5|
    |select_ln66_30_fu_2709_p3         |    select|   0|  0|   5|           1|           5|
    |select_ln66_fu_1569_p3            |    select|   0|  0|   5|           1|           5|
    |select_ln86_fu_2749_p3            |    select|   0|  0|  32|           1|           1|
    |select_ln91_fu_955_p3             |    select|   0|  0|  32|           1|           1|
    |ap_enable_pp0                     |       xor|   0|  0|   2|           1|           2|
    |ap_enable_reg_pp0_iter1           |       xor|   0|  0|   2|           2|           1|
    |res_pack_16_fu_3030_p2            |       xor|   0|  0|   2|           1|           1|
    |res_pack_17_fu_3034_p2            |       xor|   0|  0|   2|           1|           1|
    |res_pack_18_fu_3038_p2            |       xor|   0|  0|   2|           1|           1|
    |res_pack_19_fu_3042_p2            |       xor|   0|  0|   2|           1|           1|
    |res_pack_20_fu_3046_p2            |       xor|   0|  0|   2|           1|           1|
    |res_pack_21_fu_3050_p2            |       xor|   0|  0|   2|           1|           1|
    |res_pack_22_fu_3054_p2            |       xor|   0|  0|   2|           1|           1|
    |res_pack_23_fu_3058_p2            |       xor|   0|  0|   2|           1|           1|
    |res_pack_24_fu_3062_p2            |       xor|   0|  0|   2|           1|           1|
    |res_pack_25_fu_3066_p2            |       xor|   0|  0|   2|           1|           1|
    |res_pack_26_fu_3070_p2            |       xor|   0|  0|   2|           1|           1|
    |res_pack_27_fu_3074_p2            |       xor|   0|  0|   2|           1|           1|
    |res_pack_28_fu_3078_p2            |       xor|   0|  0|   2|           1|           1|
    |res_pack_29_fu_3082_p2            |       xor|   0|  0|   2|           1|           1|
    |res_pack_30_fu_3086_p2            |       xor|   0|  0|   2|           1|           1|
    |res_pack_fu_3026_p2               |       xor|   0|  0|   2|           1|           1|
    |xor_ln66_48_fu_1543_p2            |       xor|   0|  0|   2|           1|           2|
    |xor_ln66_49_fu_1563_p2            |       xor|   0|  0|   2|           1|           2|
    |xor_ln66_50_fu_1599_p2            |       xor|   0|  0|   2|           1|           2|
    |xor_ln66_51_fu_1619_p2            |       xor|   0|  0|   2|           1|           2|
    |xor_ln66_52_fu_1639_p2            |       xor|   0|  0|   2|           1|           2|
    |xor_ln66_53_fu_1675_p2            |       xor|   0|  0|   2|           1|           2|
    |xor_ln66_54_fu_1695_p2            |       xor|   0|  0|   2|           1|           2|
    |xor_ln66_55_fu_1715_p2            |       xor|   0|  0|   2|           1|           2|
    |xor_ln66_56_fu_1751_p2            |       xor|   0|  0|   2|           1|           2|
    |xor_ln66_57_fu_1771_p2            |       xor|   0|  0|   2|           1|           2|
    |xor_ln66_58_fu_1791_p2            |       xor|   0|  0|   2|           1|           2|
    |xor_ln66_59_fu_1827_p2            |       xor|   0|  0|   2|           1|           2|
    |xor_ln66_60_fu_1847_p2            |       xor|   0|  0|   2|           1|           2|
    |xor_ln66_61_fu_1867_p2            |       xor|   0|  0|   2|           1|           2|
    |xor_ln66_62_fu_1903_p2            |       xor|   0|  0|   2|           1|           2|
    |xor_ln66_63_fu_1923_p2            |       xor|   0|  0|   2|           1|           2|
    |xor_ln66_64_fu_1943_p2            |       xor|   0|  0|   2|           1|           2|
    |xor_ln66_65_fu_1979_p2            |       xor|   0|  0|   2|           1|           2|
    |xor_ln66_66_fu_1999_p2            |       xor|   0|  0|   2|           1|           2|
    |xor_ln66_67_fu_2019_p2            |       xor|   0|  0|   2|           1|           2|
    |xor_ln66_68_fu_2055_p2            |       xor|   0|  0|   2|           1|           2|
    |xor_ln66_69_fu_2075_p2            |       xor|   0|  0|   2|           1|           2|
    |xor_ln66_70_fu_2095_p2            |       xor|   0|  0|   2|           1|           2|
    |xor_ln66_71_fu_2131_p2            |       xor|   0|  0|   2|           1|           2|
    |xor_ln66_72_fu_2151_p2            |       xor|   0|  0|   2|           1|           2|
    |xor_ln66_73_fu_2171_p2            |       xor|   0|  0|   2|           1|           2|
    |xor_ln66_74_fu_2207_p2            |       xor|   0|  0|   2|           1|           2|
    |xor_ln66_75_fu_2227_p2            |       xor|   0|  0|   2|           1|           2|
    |xor_ln66_76_fu_2247_p2            |       xor|   0|  0|   2|           1|           2|
    |xor_ln66_77_fu_2283_p2            |       xor|   0|  0|   2|           1|           2|
    |xor_ln66_78_fu_2303_p2            |       xor|   0|  0|   2|           1|           2|
    |xor_ln66_79_fu_2323_p2            |       xor|   0|  0|   2|           1|           2|
    |xor_ln66_80_fu_2359_p2            |       xor|   0|  0|   2|           1|           2|
    |xor_ln66_81_fu_2379_p2            |       xor|   0|  0|   2|           1|           2|
    |xor_ln66_82_fu_2399_p2            |       xor|   0|  0|   2|           1|           2|
    |xor_ln66_83_fu_2435_p2            |       xor|   0|  0|   2|           1|           2|
    |xor_ln66_84_fu_2455_p2            |       xor|   0|  0|   2|           1|           2|
    |xor_ln66_85_fu_2475_p2            |       xor|   0|  0|   2|           1|           2|
    |xor_ln66_86_fu_2511_p2            |       xor|   0|  0|   2|           1|           2|
    |xor_ln66_87_fu_2531_p2            |       xor|   0|  0|   2|           1|           2|
    |xor_ln66_88_fu_2551_p2            |       xor|   0|  0|   2|           1|           2|
    |xor_ln66_89_fu_2587_p2            |       xor|   0|  0|   2|           1|           2|
    |xor_ln66_90_fu_2607_p2            |       xor|   0|  0|   2|           1|           2|
    |xor_ln66_91_fu_2627_p2            |       xor|   0|  0|   2|           1|           2|
    |xor_ln66_92_fu_2663_p2            |       xor|   0|  0|   2|           1|           2|
    |xor_ln66_93_fu_2683_p2            |       xor|   0|  0|   2|           1|           2|
    |xor_ln66_94_fu_2703_p2            |       xor|   0|  0|   2|           1|           2|
    |xor_ln66_fu_1523_p2               |       xor|   0|  0|   2|           1|           2|
    +----------------------------------+----------+----+---+----+------------+------------+
    |Total                             |          |   0|  0|1604|         766|         723|
    +----------------------------------+----------+----+---+----+------------+------------+

    * Multiplexer: 
    +-------------------------------------------+----+-----------+-----+-----------+
    |                    Name                   | LUT| Input Size| Bits| Total Bits|
    +-------------------------------------------+----+-----------+-----+-----------+
    |ap_NS_fsm                                  |  20|          4|    1|          4|
    |ap_done                                    |   9|          2|    1|          2|
    |ap_enable_reg_pp0_iter1                    |   9|          2|    1|          2|
    |ap_enable_reg_pp0_iter2                    |   9|          2|    1|          2|
    |ap_phi_mux_storemerge_i_phi_fu_437_p4      |   9|          2|   32|         64|
    |ap_phi_reg_pp0_iter1_storemerge_i_reg_433  |   9|          2|   32|         64|
    |i_iw_fu_220                                |   9|          2|    5|         10|
    |indvar_flatten_fu_416                      |   9|          2|   10|         20|
    |layer4_out_blk_n                           |   9|          2|    1|          2|
    |layer5_out_blk_n                           |   9|          2|    1|          2|
    |pX_1                                       |   9|          2|   32|         64|
    |pY_1                                       |   9|          2|   32|         64|
    |p_0_0_0_0_0109141_fu_288                   |   9|          2|    5|         10|
    |p_0_0_0_0_0109_fu_224                      |   9|          2|    5|         10|
    |p_0_0_0_0_0189_fu_352                      |   9|          2|    5|         10|
    |p_0_10_0_0_0129171_fu_328                  |   9|          2|    5|         10|
    |p_0_10_0_0_0129_fu_264                     |   9|          2|    5|         10|
    |p_0_10_0_0_0229_fu_392                     |   9|          2|    5|         10|
    |p_0_11_0_0_0131174_fu_332                  |   9|          2|    5|         10|
    |p_0_11_0_0_0131_fu_268                     |   9|          2|    5|         10|
    |p_0_11_0_0_0233_fu_396                     |   9|          2|    5|         10|
    |p_0_12_0_0_0133177_fu_336                  |   9|          2|    5|         10|
    |p_0_12_0_0_0133_fu_272                     |   9|          2|    5|         10|
    |p_0_12_0_0_0237_fu_400                     |   9|          2|    5|         10|
    |p_0_13_0_0_0135180_fu_340                  |   9|          2|    5|         10|
    |p_0_13_0_0_0135_fu_276                     |   9|          2|    5|         10|
    |p_0_13_0_0_0241_fu_404                     |   9|          2|    5|         10|
    |p_0_14_0_0_0137183_fu_344                  |   9|          2|    5|         10|
    |p_0_14_0_0_0137_fu_280                     |   9|          2|    5|         10|
    |p_0_14_0_0_0245_fu_408                     |   9|          2|    5|         10|
    |p_0_15_0_0_0139186_fu_348                  |   9|          2|    5|         10|
    |p_0_15_0_0_0139_fu_284                     |   9|          2|    5|         10|
    |p_0_15_0_0_0249_fu_412                     |   9|          2|    5|         10|
    |p_0_1_0_0_0111144_fu_292                   |   9|          2|    5|         10|
    |p_0_1_0_0_0111_fu_228                      |   9|          2|    5|         10|
    |p_0_1_0_0_0193_fu_356                      |   9|          2|    5|         10|
    |p_0_2_0_0_0113147_fu_296                   |   9|          2|    5|         10|
    |p_0_2_0_0_0113_fu_232                      |   9|          2|    5|         10|
    |p_0_2_0_0_0197_fu_360                      |   9|          2|    5|         10|
    |p_0_3_0_0_0115150_fu_300                   |   9|          2|    5|         10|
    |p_0_3_0_0_0115_fu_236                      |   9|          2|    5|         10|
    |p_0_3_0_0_0201_fu_364                      |   9|          2|    5|         10|
    |p_0_4_0_0_0117153_fu_304                   |   9|          2|    5|         10|
    |p_0_4_0_0_0117_fu_240                      |   9|          2|    5|         10|
    |p_0_4_0_0_0205_fu_368                      |   9|          2|    5|         10|
    |p_0_5_0_0_0119156_fu_308                   |   9|          2|    5|         10|
    |p_0_5_0_0_0119_fu_244                      |   9|          2|    5|         10|
    |p_0_5_0_0_0209_fu_372                      |   9|          2|    5|         10|
    |p_0_6_0_0_0121159_fu_312                   |   9|          2|    5|         10|
    |p_0_6_0_0_0121_fu_248                      |   9|          2|    5|         10|
    |p_0_6_0_0_0213_fu_376                      |   9|          2|    5|         10|
    |p_0_7_0_0_0123162_fu_316                   |   9|          2|    5|         10|
    |p_0_7_0_0_0123_fu_252                      |   9|          2|    5|         10|
    |p_0_7_0_0_0217_fu_380                      |   9|          2|    5|         10|
    |p_0_8_0_0_0125165_fu_320                   |   9|          2|    5|         10|
    |p_0_8_0_0_0125_fu_256                      |   9|          2|    5|         10|
    |p_0_8_0_0_0221_fu_384                      |   9|          2|    5|         10|
    |p_0_9_0_0_0127168_fu_324                   |   9|          2|    5|         10|
    |p_0_9_0_0_0127_fu_260                      |   9|          2|    5|         10|
    |p_0_9_0_0_0225_fu_388                      |   9|          2|    5|         10|
    |real_start                                 |   9|          2|    1|          2|
    |sX_1                                       |   9|          2|   32|         64|
    +-------------------------------------------+----+-----------+-----+-----------+
    |Total                                      | 569|        126|  422|        846|
    +-------------------------------------------+----+-----------+-----+-----------+

    * Register: 
    +--------------------------------------------------------------------------------------+----+----+-----+-----------+
    |                                         Name                                         | FF | LUT| Bits| Const Bits|
    +--------------------------------------------------------------------------------------+----+----+-----+-----------+
    |and_ln55_2_reg_3936                                                                   |   1|   0|    1|          0|
    |ap_CS_fsm                                                                             |   3|   0|    3|          0|
    |ap_done_reg                                                                           |   1|   0|    1|          0|
    |ap_enable_reg_pp0_iter0                                                               |   1|   0|    1|          0|
    |ap_enable_reg_pp0_iter1                                                               |   1|   0|    1|          0|
    |ap_enable_reg_pp0_iter2                                                               |   1|   0|    1|          0|
    |ap_phi_reg_pp0_iter1_storemerge_i_reg_433                                             |  32|   0|   32|          0|
    |i_iw_fu_220                                                                           |   5|   0|    5|          0|
    |icmp_ln109_reg_3910                                                                   |   1|   0|    1|          0|
    |icmp_ln55_5_reg_3918                                                                  |   1|   0|    1|          0|
    |icmp_ln55_6_reg_3923                                                                  |   1|   0|    1|          0|
    |icmp_ln55_reg_3914                                                                    |   1|   0|    1|          0|
    |icmp_ln55_reg_3914_pp0_iter1_reg                                                      |   1|   0|    1|          0|
    |icmp_ln76_reg_3928                                                                    |   1|   0|    1|          0|
    |icmp_ln80_reg_3932                                                                    |   1|   0|    1|          0|
    |indvar_flatten_fu_416                                                                 |  10|   0|   10|          0|
    |pX_1                                                                                  |  32|   0|   32|          0|
    |pY_1                                                                                  |  32|   0|   32|          0|
    |p_0_0_0_0_0109141_fu_288                                                              |   5|   0|    5|          0|
    |p_0_0_0_0_0109_fu_224                                                                 |   5|   0|    5|          0|
    |p_0_0_0_0_0189_fu_352                                                                 |   5|   0|    5|          0|
    |p_0_10_0_0_0129171_fu_328                                                             |   5|   0|    5|          0|
    |p_0_10_0_0_0129_fu_264                                                                |   5|   0|    5|          0|
    |p_0_10_0_0_0229_fu_392                                                                |   5|   0|    5|          0|
    |p_0_11_0_0_0131174_fu_332                                                             |   5|   0|    5|          0|
    |p_0_11_0_0_0131_fu_268                                                                |   5|   0|    5|          0|
    |p_0_11_0_0_0233_fu_396                                                                |   5|   0|    5|          0|
    |p_0_12_0_0_0133177_fu_336                                                             |   5|   0|    5|          0|
    |p_0_12_0_0_0133_fu_272                                                                |   5|   0|    5|          0|
    |p_0_12_0_0_0237_fu_400                                                                |   5|   0|    5|          0|
    |p_0_13_0_0_0135180_fu_340                                                             |   5|   0|    5|          0|
    |p_0_13_0_0_0135_fu_276                                                                |   5|   0|    5|          0|
    |p_0_13_0_0_0241_fu_404                                                                |   5|   0|    5|          0|
    |p_0_14_0_0_0137183_fu_344                                                             |   5|   0|    5|          0|
    |p_0_14_0_0_0137_fu_280                                                                |   5|   0|    5|          0|
    |p_0_14_0_0_0245_fu_408                                                                |   5|   0|    5|          0|
    |p_0_15_0_0_0139186_fu_348                                                             |   5|   0|    5|          0|
    |p_0_15_0_0_0139_fu_284                                                                |   5|   0|    5|          0|
    |p_0_15_0_0_0249_fu_412                                                                |   5|   0|    5|          0|
    |p_0_1_0_0_0111144_fu_292                                                              |   5|   0|    5|          0|
    |p_0_1_0_0_0111_fu_228                                                                 |   5|   0|    5|          0|
    |p_0_1_0_0_0193_fu_356                                                                 |   5|   0|    5|          0|
    |p_0_2_0_0_0113147_fu_296                                                              |   5|   0|    5|          0|
    |p_0_2_0_0_0113_fu_232                                                                 |   5|   0|    5|          0|
    |p_0_2_0_0_0197_fu_360                                                                 |   5|   0|    5|          0|
    |p_0_3_0_0_0115150_fu_300                                                              |   5|   0|    5|          0|
    |p_0_3_0_0_0115_fu_236                                                                 |   5|   0|    5|          0|
    |p_0_3_0_0_0201_fu_364                                                                 |   5|   0|    5|          0|
    |p_0_4_0_0_0117153_fu_304                                                              |   5|   0|    5|          0|
    |p_0_4_0_0_0117_fu_240                                                                 |   5|   0|    5|          0|
    |p_0_4_0_0_0205_fu_368                                                                 |   5|   0|    5|          0|
    |p_0_5_0_0_0119156_fu_308                                                              |   5|   0|    5|          0|
    |p_0_5_0_0_0119_fu_244                                                                 |   5|   0|    5|          0|
    |p_0_5_0_0_0209_fu_372                                                                 |   5|   0|    5|          0|
    |p_0_6_0_0_0121159_fu_312                                                              |   5|   0|    5|          0|
    |p_0_6_0_0_0121_fu_248                                                                 |   5|   0|    5|          0|
    |p_0_6_0_0_0213_fu_376                                                                 |   5|   0|    5|          0|
    |p_0_7_0_0_0123162_fu_316                                                              |   5|   0|    5|          0|
    |p_0_7_0_0_0123_fu_252                                                                 |   5|   0|    5|          0|
    |p_0_7_0_0_0217_fu_380                                                                 |   5|   0|    5|          0|
    |p_0_8_0_0_0125165_fu_320                                                              |   5|   0|    5|          0|
    |p_0_8_0_0_0125_fu_256                                                                 |   5|   0|    5|          0|
    |p_0_8_0_0_0221_fu_384                                                                 |   5|   0|    5|          0|
    |p_0_9_0_0_0127168_fu_324                                                              |   5|   0|    5|          0|
    |p_0_9_0_0_0127_fu_260                                                                 |   5|   0|    5|          0|
    |p_0_9_0_0_0225_fu_388                                                                 |   5|   0|    5|          0|
    |p_ZZN4nnet12pooling2d_clINS_5arrayI9ap_ufixedILi5ELi5EL9ap_q_mode5EL9ap_o_mode3EL     |   5|   0|    5|          0|
    |p_ZZN4nnet12pooling2d_clINS_5arrayI9ap_ufixedILi5ELi5EL9ap_q_mode5EL9ap_o_mode3EL_1   |   5|   0|    5|          0|
    |p_ZZN4nnet12pooling2d_clINS_5arrayI9ap_ufixedILi5ELi5EL9ap_q_mode5EL9ap_o_mode3EL_10  |   5|   0|    5|          0|
    |p_ZZN4nnet12pooling2d_clINS_5arrayI9ap_ufixedILi5ELi5EL9ap_q_mode5EL9ap_o_mode3EL_11  |   5|   0|    5|          0|
    |p_ZZN4nnet12pooling2d_clINS_5arrayI9ap_ufixedILi5ELi5EL9ap_q_mode5EL9ap_o_mode3EL_12  |   5|   0|    5|          0|
    |p_ZZN4nnet12pooling2d_clINS_5arrayI9ap_ufixedILi5ELi5EL9ap_q_mode5EL9ap_o_mode3EL_13  |   5|   0|    5|          0|
    |p_ZZN4nnet12pooling2d_clINS_5arrayI9ap_ufixedILi5ELi5EL9ap_q_mode5EL9ap_o_mode3EL_14  |   5|   0|    5|          0|
    |p_ZZN4nnet12pooling2d_clINS_5arrayI9ap_ufixedILi5ELi5EL9ap_q_mode5EL9ap_o_mode3EL_2   |   5|   0|    5|          0|
    |p_ZZN4nnet12pooling2d_clINS_5arrayI9ap_ufixedILi5ELi5EL9ap_q_mode5EL9ap_o_mode3EL_3   |   5|   0|    5|          0|
    |p_ZZN4nnet12pooling2d_clINS_5arrayI9ap_ufixedILi5ELi5EL9ap_q_mode5EL9ap_o_mode3EL_4   |   5|   0|    5|          0|
    |p_ZZN4nnet12pooling2d_clINS_5arrayI9ap_ufixedILi5ELi5EL9ap_q_mode5EL9ap_o_mode3EL_5   |   5|   0|    5|          0|
    |p_ZZN4nnet12pooling2d_clINS_5arrayI9ap_ufixedILi5ELi5EL9ap_q_mode5EL9ap_o_mode3EL_6   |   5|   0|    5|          0|
    |p_ZZN4nnet12pooling2d_clINS_5arrayI9ap_ufixedILi5ELi5EL9ap_q_mode5EL9ap_o_mode3EL_7   |   5|   0|    5|          0|
    |p_ZZN4nnet12pooling2d_clINS_5arrayI9ap_ufixedILi5ELi5EL9ap_q_mode5EL9ap_o_mode3EL_8   |   5|   0|    5|          0|
    |p_ZZN4nnet12pooling2d_clINS_5arrayI9ap_ufixedILi5ELi5EL9ap_q_mode5EL9ap_o_mode3EL_9   |   5|   0|    5|          0|
    |p_ZZN4nnet22compute_pool_buffer_2dINS_5arrayI9ap_ufixedILi5ELi5EL9ap_q_mode5EL9ap     |   5|   0|    5|          0|
    |p_ZZN4nnet22compute_pool_buffer_2dINS_5arrayI9ap_ufixedILi5ELi5EL9ap_q_mode5EL9ap_1   |   5|   0|    5|          0|
    |p_ZZN4nnet22compute_pool_buffer_2dINS_5arrayI9ap_ufixedILi5ELi5EL9ap_q_mode5EL9ap_10  |   5|   0|    5|          0|
    |p_ZZN4nnet22compute_pool_buffer_2dINS_5arrayI9ap_ufixedILi5ELi5EL9ap_q_mode5EL9ap_11  |   5|   0|    5|          0|
    |p_ZZN4nnet22compute_pool_buffer_2dINS_5arrayI9ap_ufixedILi5ELi5EL9ap_q_mode5EL9ap_12  |   5|   0|    5|          0|
    |p_ZZN4nnet22compute_pool_buffer_2dINS_5arrayI9ap_ufixedILi5ELi5EL9ap_q_mode5EL9ap_13  |   5|   0|    5|          0|
    |p_ZZN4nnet22compute_pool_buffer_2dINS_5arrayI9ap_ufixedILi5ELi5EL9ap_q_mode5EL9ap_14  |   5|   0|    5|          0|
    |p_ZZN4nnet22compute_pool_buffer_2dINS_5arrayI9ap_ufixedILi5ELi5EL9ap_q_mode5EL9ap_15  |   5|   0|    5|          0|
    |p_ZZN4nnet22compute_pool_buffer_2dINS_5arrayI9ap_ufixedILi5ELi5EL9ap_q_mode5EL9ap_16  |   5|   0|    5|          0|
    |p_ZZN4nnet22compute_pool_buffer_2dINS_5arrayI9ap_ufixedILi5ELi5EL9ap_q_mode5EL9ap_17  |   5|   0|    5|          0|
    |p_ZZN4nnet22compute_pool_buffer_2dINS_5arrayI9ap_ufixedILi5ELi5EL9ap_q_mode5EL9ap_18  |   5|   0|    5|          0|
    |p_ZZN4nnet22compute_pool_buffer_2dINS_5arrayI9ap_ufixedILi5ELi5EL9ap_q_mode5EL9ap_19  |   5|   0|    5|          0|
    |p_ZZN4nnet22compute_pool_buffer_2dINS_5arrayI9ap_ufixedILi5ELi5EL9ap_q_mode5EL9ap_2   |   5|   0|    5|          0|
    |p_ZZN4nnet22compute_pool_buffer_2dINS_5arrayI9ap_ufixedILi5ELi5EL9ap_q_mode5EL9ap_20  |   5|   0|    5|          0|
    |p_ZZN4nnet22compute_pool_buffer_2dINS_5arrayI9ap_ufixedILi5ELi5EL9ap_q_mode5EL9ap_21  |   5|   0|    5|          0|
    |p_ZZN4nnet22compute_pool_buffer_2dINS_5arrayI9ap_ufixedILi5ELi5EL9ap_q_mode5EL9ap_22  |   5|   0|    5|          0|
    |p_ZZN4nnet22compute_pool_buffer_2dINS_5arrayI9ap_ufixedILi5ELi5EL9ap_q_mode5EL9ap_23  |   5|   0|    5|          0|
    |p_ZZN4nnet22compute_pool_buffer_2dINS_5arrayI9ap_ufixedILi5ELi5EL9ap_q_mode5EL9ap_24  |   5|   0|    5|          0|
    |p_ZZN4nnet22compute_pool_buffer_2dINS_5arrayI9ap_ufixedILi5ELi5EL9ap_q_mode5EL9ap_25  |   5|   0|    5|          0|
    |p_ZZN4nnet22compute_pool_buffer_2dINS_5arrayI9ap_ufixedILi5ELi5EL9ap_q_mode5EL9ap_26  |   5|   0|    5|          0|
    |p_ZZN4nnet22compute_pool_buffer_2dINS_5arrayI9ap_ufixedILi5ELi5EL9ap_q_mode5EL9ap_27  |   5|   0|    5|          0|
    |p_ZZN4nnet22compute_pool_buffer_2dINS_5arrayI9ap_ufixedILi5ELi5EL9ap_q_mode5EL9ap_28  |   5|   0|    5|          0|
    |p_ZZN4nnet22compute_pool_buffer_2dINS_5arrayI9ap_ufixedILi5ELi5EL9ap_q_mode5EL9ap_29  |   5|   0|    5|          0|
    |p_ZZN4nnet22compute_pool_buffer_2dINS_5arrayI9ap_ufixedILi5ELi5EL9ap_q_mode5EL9ap_3   |   5|   0|    5|          0|
    |p_ZZN4nnet22compute_pool_buffer_2dINS_5arrayI9ap_ufixedILi5ELi5EL9ap_q_mode5EL9ap_30  |   5|   0|    5|          0|
    |p_ZZN4nnet22compute_pool_buffer_2dINS_5arrayI9ap_ufixedILi5ELi5EL9ap_q_mode5EL9ap_31  |   5|   0|    5|          0|
    |p_ZZN4nnet22compute_pool_buffer_2dINS_5arrayI9ap_ufixedILi5ELi5EL9ap_q_mode5EL9ap_4   |   5|   0|    5|          0|
    |p_ZZN4nnet22compute_pool_buffer_2dINS_5arrayI9ap_ufixedILi5ELi5EL9ap_q_mode5EL9ap_5   |   5|   0|    5|          0|
    |p_ZZN4nnet22compute_pool_buffer_2dINS_5arrayI9ap_ufixedILi5ELi5EL9ap_q_mode5EL9ap_6   |   5|   0|    5|          0|
    |p_ZZN4nnet22compute_pool_buffer_2dINS_5arrayI9ap_ufixedILi5ELi5EL9ap_q_mode5EL9ap_7   |   5|   0|    5|          0|
    |p_ZZN4nnet22compute_pool_buffer_2dINS_5arrayI9ap_ufixedILi5ELi5EL9ap_q_mode5EL9ap_8   |   5|   0|    5|          0|
    |p_ZZN4nnet22compute_pool_buffer_2dINS_5arrayI9ap_ufixedILi5ELi5EL9ap_q_mode5EL9ap_9   |   5|   0|    5|          0|
    |sX_1                                                                                  |  32|   0|   32|          0|
    |sY_1                                                                                  |  32|   0|   32|          0|
    |start_once_reg                                                                        |   1|   0|    1|          0|
    |tmp_45_reg_3945                                                                       |   1|   0|    1|          0|
    |tmp_46_reg_3950                                                                       |   1|   0|    1|          0|
    |tmp_47_reg_3955                                                                       |   1|   0|    1|          0|
    |tmp_48_reg_3960                                                                       |   1|   0|    1|          0|
    |tmp_49_reg_3965                                                                       |   1|   0|    1|          0|
    |tmp_50_reg_3970                                                                       |   1|   0|    1|          0|
    |tmp_51_reg_3975                                                                       |   1|   0|    1|          0|
    |tmp_52_reg_3980                                                                       |   1|   0|    1|          0|
    |tmp_53_reg_3985                                                                       |   1|   0|    1|          0|
    |tmp_54_reg_3990                                                                       |   1|   0|    1|          0|
    |tmp_55_reg_3995                                                                       |   1|   0|    1|          0|
    |tmp_56_reg_4000                                                                       |   1|   0|    1|          0|
    |tmp_57_reg_4005                                                                       |   1|   0|    1|          0|
    |tmp_58_reg_4010                                                                       |   1|   0|    1|          0|
    |tmp_59_reg_4015                                                                       |   1|   0|    1|          0|
    |tmp_60_reg_4020                                                                       |   1|   0|    1|          0|
    |tmp_61_reg_4025                                                                       |   1|   0|    1|          0|
    |tmp_62_reg_4030                                                                       |   1|   0|    1|          0|
    |tmp_63_reg_4035                                                                       |   1|   0|    1|          0|
    |tmp_64_reg_4040                                                                       |   1|   0|    1|          0|
    |tmp_65_reg_4045                                                                       |   1|   0|    1|          0|
    |tmp_66_reg_4050                                                                       |   1|   0|    1|          0|
    |tmp_67_reg_4055                                                                       |   1|   0|    1|          0|
    |tmp_68_reg_4060                                                                       |   1|   0|    1|          0|
    |tmp_69_reg_4065                                                                       |   1|   0|    1|          0|
    |tmp_70_reg_4070                                                                       |   1|   0|    1|          0|
    |tmp_71_reg_4075                                                                       |   1|   0|    1|          0|
    |tmp_72_reg_4080                                                                       |   1|   0|    1|          0|
    |tmp_73_reg_4085                                                                       |   1|   0|    1|          0|
    |tmp_74_reg_4090                                                                       |   1|   0|    1|          0|
    |tmp_75_reg_4095                                                                       |   1|   0|    1|          0|
    |tmp_reg_3940                                                                          |   1|   0|    1|          0|
    |void_pooling2d_cl_stream_stream_array_ap_ufixed_16u_0_line_buffer_1                   |   5|   0|    5|          0|
    +--------------------------------------------------------------------------------------+----+----+-----+-----------+
    |Total                                                                                 | 703|   0|  703|          0|
    +--------------------------------------------------------------------------------------+----+----+-----+-----------+



================================================================
== Interface
================================================================
* Summary: 
+---------------------------+-----+-----+------------+-------------------------------------------------------------+--------------+
|         RTL Ports         | Dir | Bits|  Protocol  |                        Source Object                        |    C Type    |
+---------------------------+-----+-----+------------+-------------------------------------------------------------+--------------+
|ap_clk                     |   in|    1|  ap_ctrl_hs|  pooling2d_cl<array,array<ap_ufixed<1,5,0,3,0>,16u>,config5>|  return value|
|ap_rst                     |   in|    1|  ap_ctrl_hs|  pooling2d_cl<array,array<ap_ufixed<1,5,0,3,0>,16u>,config5>|  return value|
|ap_start                   |   in|    1|  ap_ctrl_hs|  pooling2d_cl<array,array<ap_ufixed<1,5,0,3,0>,16u>,config5>|  return value|
|start_full_n               |   in|    1|  ap_ctrl_hs|  pooling2d_cl<array,array<ap_ufixed<1,5,0,3,0>,16u>,config5>|  return value|
|ap_done                    |  out|    1|  ap_ctrl_hs|  pooling2d_cl<array,array<ap_ufixed<1,5,0,3,0>,16u>,config5>|  return value|
|ap_continue                |   in|    1|  ap_ctrl_hs|  pooling2d_cl<array,array<ap_ufixed<1,5,0,3,0>,16u>,config5>|  return value|
|ap_idle                    |  out|    1|  ap_ctrl_hs|  pooling2d_cl<array,array<ap_ufixed<1,5,0,3,0>,16u>,config5>|  return value|
|ap_ready                   |  out|    1|  ap_ctrl_hs|  pooling2d_cl<array,array<ap_ufixed<1,5,0,3,0>,16u>,config5>|  return value|
|start_out                  |  out|    1|  ap_ctrl_hs|  pooling2d_cl<array,array<ap_ufixed<1,5,0,3,0>,16u>,config5>|  return value|
|start_write                |  out|    1|  ap_ctrl_hs|  pooling2d_cl<array,array<ap_ufixed<1,5,0,3,0>,16u>,config5>|  return value|
|layer4_out_dout            |   in|   80|     ap_fifo|                                                   layer4_out|       pointer|
|layer4_out_empty_n         |   in|    1|     ap_fifo|                                                   layer4_out|       pointer|
|layer4_out_read            |  out|    1|     ap_fifo|                                                   layer4_out|       pointer|
|layer4_out_num_data_valid  |   in|   11|     ap_fifo|                                                   layer4_out|       pointer|
|layer4_out_fifo_cap        |   in|   11|     ap_fifo|                                                   layer4_out|       pointer|
|layer5_out_din             |  out|   16|     ap_fifo|                                                   layer5_out|       pointer|
|layer5_out_full_n          |   in|    1|     ap_fifo|                                                   layer5_out|       pointer|
|layer5_out_write           |  out|    1|     ap_fifo|                                                   layer5_out|       pointer|
|layer5_out_num_data_valid  |   in|    9|     ap_fifo|                                                   layer5_out|       pointer|
|layer5_out_fifo_cap        |   in|    9|     ap_fifo|                                                   layer5_out|       pointer|
+---------------------------+-----+-----+------------+-------------------------------------------------------------+--------------+

