

================================================================
== Vitis HLS Report for 'dense_array_ap_ufixed_64u_array_ap_fixed_11_8_5_3_0_32u_config5_s'
================================================================
* Date:           Thu May  7 14:50:49 2026

* Version:        2025.2 (Build 6295257 on Nov 14 2025)
* Project:        vitis_unified_project
* Solution:       hls (Vivado IP Flow Target)
* Product family: zynquplus
* Target device:  xck26-sfvc784-2LV-c


================================================================
== Performance Estimates
================================================================
+ Timing: 
    * Summary: 
    +--------+---------+----------+------------+
    |  Clock |  Target | Estimated| Uncertainty|
    +--------+---------+----------+------------+
    |ap_clk  |  5.00 ns|  4.098 ns|     0.62 ns|
    +--------+---------+----------+------------+

+ Latency: 
    * Summary: 
    +---------+---------+-----------+-----------+-----+-----+---------+
    |  Latency (cycles) |   Latency (absolute)  |  Interval | Pipeline|
    |   min   |   max   |    min    |    max    | min | max |   Type  |
    +---------+---------+-----------+-----------+-----+-----+---------+
    |        2|        2|  10.000 ns|  10.000 ns|    2|    2|       no|
    +---------+---------+-----------+-----------+-----+-----+---------+

    + Detail: 
        * Instance: 
        +----------------------------------------------------------------------------+-----------------------------------------------------------------+---------+---------+----------+----------+-----+-----+---------+
        |                                                                            |                                                                 |  Latency (cycles) |  Latency (absolute) |  Interval | Pipeline|
        |                                  Instance                                  |                              Module                             |   min   |   max   |    min   |    max   | min | max |   Type  |
        +----------------------------------------------------------------------------+-----------------------------------------------------------------+---------+---------+----------+----------+-----+-----+---------+
        |grp_dense_latency_ap_ufixed_2_0_4_0_0_ap_fixed_11_8_5_3_0_config5_s_fu_273  |dense_latency_ap_ufixed_2_0_4_0_0_ap_fixed_11_8_5_3_0_config5_s  |        1|        1|  5.000 ns|  5.000 ns|    1|    1|      yes|
        +----------------------------------------------------------------------------+-----------------------------------------------------------------+---------+---------+----------+----------+-----+-----+---------+

        * Loop: 
        N/A



================================================================
== Utilization Estimates
================================================================
* Summary: 
+-----------------+---------+------+--------+--------+-----+
|       Name      | BRAM_18K|  DSP |   FF   |   LUT  | URAM|
+-----------------+---------+------+--------+--------+-----+
|DSP              |        -|     -|       -|       -|    -|
|Expression       |        -|     -|       0|       2|    -|
|FIFO             |        -|     -|       -|       -|    -|
|Instance         |        -|     -|     144|    4299|    -|
|Memory           |        -|     -|       -|       -|    -|
|Multiplexer      |        -|     -|       0|      56|    -|
|Register         |        -|     -|     280|       -|    -|
+-----------------+---------+------+--------+--------+-----+
|Total            |        0|     0|     424|    4357|    0|
+-----------------+---------+------+--------+--------+-----+
|Available        |      288|  1248|  234240|  117120|   64|
+-----------------+---------+------+--------+--------+-----+
|Utilization (%)  |        0|     0|      ~0|       3|    0|
+-----------------+---------+------+--------+--------+-----+

+ Detail: 
    * Instance: 
    +----------------------------------------------------------------------------+-----------------------------------------------------------------+---------+----+-----+------+-----+
    |                                  Instance                                  |                              Module                             | BRAM_18K| DSP|  FF |  LUT | URAM|
    +----------------------------------------------------------------------------+-----------------------------------------------------------------+---------+----+-----+------+-----+
    |grp_dense_latency_ap_ufixed_2_0_4_0_0_ap_fixed_11_8_5_3_0_config5_s_fu_273  |dense_latency_ap_ufixed_2_0_4_0_0_ap_fixed_11_8_5_3_0_config5_s  |        0|   0|  144|  4299|    0|
    +----------------------------------------------------------------------------+-----------------------------------------------------------------+---------+----+-----+------+-----+
    |Total                                                                       |                                                                 |        0|   0|  144|  4299|    0|
    +----------------------------------------------------------------------------+-----------------------------------------------------------------+---------+----+-----+------+-----+

    * DSP: 
    N/A

    * Memory: 
    N/A

    * FIFO: 
    N/A

    * Expression: 
    +-----------------+----------+----+---+----+------------+------------+
    |  Variable Name  | Operation| DSP| FF| LUT| Bitwidth P0| Bitwidth P1|
    +-----------------+----------+----+---+----+------------+------------+
    |ap_block_state1  |        or|   0|  0|   2|           1|           1|
    +-----------------+----------+----+---+----+------------+------------+
    |Total            |          |   0|  0|   2|           1|           1|
    +-----------------+----------+----+---+----+------------+------------+

    * Multiplexer: 
    +------------------+----+-----------+-----+-----------+
    |       Name       | LUT| Input Size| Bits| Total Bits|
    +------------------+----+-----------+-----+-----------+
    |ap_NS_fsm         |  20|          4|    1|          4|
    |ap_done           |   9|          2|    1|          2|
    |layer4_out_blk_n  |   9|          2|    1|          2|
    |layer5_out_blk_n  |   9|          2|    1|          2|
    |real_start        |   9|          2|    1|          2|
    +------------------+----+-----------+-----+-----------+
    |Total             |  56|         12|    5|         12|
    +------------------+----+-----------+-----+-----------+

    * Register: 
    +-----------------+----+----+-----+-----------+
    |       Name      | FF | LUT| Bits| Const Bits|
    +-----------------+----+----+-----+-----------+
    |ap_CS_fsm        |   3|   0|    3|          0|
    |ap_done_reg      |   1|   0|    1|          0|
    |res_10_reg_1174  |  11|   0|   11|          0|
    |res_11_reg_1179  |  11|   0|   11|          0|
    |res_12_reg_1184  |  11|   0|   11|          0|
    |res_13_reg_1189  |  11|   0|   11|          0|
    |res_14_reg_1194  |  11|   0|   11|          0|
    |res_15_reg_1199  |  11|   0|   11|          0|
    |res_16_reg_1204  |  11|   0|   11|          0|
    |res_17_reg_1209  |  11|   0|   11|          0|
    |res_18_reg_1214  |  11|   0|   11|          0|
    |res_19_reg_1219  |  11|   0|   11|          0|
    |res_1_reg_1124   |  11|   0|   11|          0|
    |res_20_reg_1224  |  11|   0|   11|          0|
    |res_21_reg_1229  |  11|   0|   11|          0|
    |res_22_reg_1234  |  11|   0|   11|          0|
    |res_23_reg_1239  |  11|   0|   11|          0|
    |res_24_reg_1169  |  11|   0|   11|          0|
    |res_2_reg_1129   |  11|   0|   11|          0|
    |res_3_reg_1134   |  11|   0|   11|          0|
    |res_4_reg_1139   |  11|   0|   11|          0|
    |res_5_reg_1144   |  11|   0|   11|          0|
    |res_6_reg_1149   |  11|   0|   11|          0|
    |res_7_reg_1154   |  11|   0|   11|          0|
    |res_8_reg_1159   |  11|   0|   11|          0|
    |res_9_reg_1164   |  11|   0|   11|          0|
    |res_reg_1119     |  11|   0|   11|          0|
    |start_once_reg   |   1|   0|    1|          0|
    +-----------------+----+----+-----+-----------+
    |Total            | 280|   0|  280|          0|
    +-----------------+----+----+-----+-----------+



================================================================
== Interface
================================================================
* Summary: 
+---------------------------+-----+-----+------------+---------------------------------------------------------------------+--------------+
|         RTL Ports         | Dir | Bits|  Protocol  |                            Source Object                            |    C Type    |
+---------------------------+-----+-----+------------+---------------------------------------------------------------------+--------------+
|ap_clk                     |   in|    1|  ap_ctrl_hs|  dense<array<ap_ufixed,64u>,array<ap_fixed<11,8,5,3,0>,32u>,config5>|  return value|
|ap_rst                     |   in|    1|  ap_ctrl_hs|  dense<array<ap_ufixed,64u>,array<ap_fixed<11,8,5,3,0>,32u>,config5>|  return value|
|ap_start                   |   in|    1|  ap_ctrl_hs|  dense<array<ap_ufixed,64u>,array<ap_fixed<11,8,5,3,0>,32u>,config5>|  return value|
|start_full_n               |   in|    1|  ap_ctrl_hs|  dense<array<ap_ufixed,64u>,array<ap_fixed<11,8,5,3,0>,32u>,config5>|  return value|
|ap_done                    |  out|    1|  ap_ctrl_hs|  dense<array<ap_ufixed,64u>,array<ap_fixed<11,8,5,3,0>,32u>,config5>|  return value|
|ap_continue                |   in|    1|  ap_ctrl_hs|  dense<array<ap_ufixed,64u>,array<ap_fixed<11,8,5,3,0>,32u>,config5>|  return value|
|ap_idle                    |  out|    1|  ap_ctrl_hs|  dense<array<ap_ufixed,64u>,array<ap_fixed<11,8,5,3,0>,32u>,config5>|  return value|
|ap_ready                   |  out|    1|  ap_ctrl_hs|  dense<array<ap_ufixed,64u>,array<ap_fixed<11,8,5,3,0>,32u>,config5>|  return value|
|start_out                  |  out|    1|  ap_ctrl_hs|  dense<array<ap_ufixed,64u>,array<ap_fixed<11,8,5,3,0>,32u>,config5>|  return value|
|start_write                |  out|    1|  ap_ctrl_hs|  dense<array<ap_ufixed,64u>,array<ap_fixed<11,8,5,3,0>,32u>,config5>|  return value|
|layer4_out_dout            |   in|  128|     ap_fifo|                                                           layer4_out|       pointer|
|layer4_out_empty_n         |   in|    1|     ap_fifo|                                                           layer4_out|       pointer|
|layer4_out_read            |  out|    1|     ap_fifo|                                                           layer4_out|       pointer|
|layer4_out_num_data_valid  |   in|    2|     ap_fifo|                                                           layer4_out|       pointer|
|layer4_out_fifo_cap        |   in|    2|     ap_fifo|                                                           layer4_out|       pointer|
|layer5_out_din             |  out|  352|     ap_fifo|                                                           layer5_out|       pointer|
|layer5_out_full_n          |   in|    1|     ap_fifo|                                                           layer5_out|       pointer|
|layer5_out_write           |  out|    1|     ap_fifo|                                                           layer5_out|       pointer|
|layer5_out_num_data_valid  |   in|    2|     ap_fifo|                                                           layer5_out|       pointer|
|layer5_out_fifo_cap        |   in|    2|     ap_fifo|                                                           layer5_out|       pointer|
+---------------------------+-----+-----+------------+---------------------------------------------------------------------+--------------+

