================================================================
== Design Size Report
================================================================

* Total Instructions per Compilation Phase
+---------------+----------------------------+--------------+----------------------------------------------------------------------------------------+
| Phase         | Step                       | Instructions | Description                                                                            |
+---------------+----------------------------+--------------+----------------------------------------------------------------------------------------+
| Compile/Link  |                            |   5,195      | After all functions are compiled and linked into a single design                       |
|               |                            |              |                                                                                        |
| Unroll/Inline |                            |              | After user unroll and inline pragmas are applied                                       |
|               | (1) unroll                 | 344,308 *    | user unroll pragmas are applied                                                        |
|               | (2) simplification         |  90,019      | simplification of applied user unroll pragmas                                          |
|               | (3) inline                 |  89,587      | user inline pragmas are applied                                                        |
|               | (4) simplification         |  88,700      | simplification of applied user inline pragmas                                          |
|               |                            |              |                                                                                        |
| Array/Struct  |                            |              | After user array partition and struct aggregate/disaggregate pragmas are applied       |
|               | (1) array partition        |  54,686      | user array partition pragmas are applied                                               |
|               | (2) simplification         |  11,160      | simplification of applied user array partition & struct aggregate/disaggregate pragmas |
|               | (3) aggregate/disaggregate |  11,189      | user struct aggregate/disaggregate pragmas are applied                                 |
|               | (4) array reshape          |  10,747      | apply array reshape pragmas                                                            |
|               | (5) access patterns        |  10,931      | array access pattern optmizations                                                      |
|               |                            |              |                                                                                        |
| Performance   |                            |              | After transformations are applied to meet performance pragma targets                   |
|               | (1) loop simplification    |  10,403      | loop and instruction simplification                                                    |
|               | (2) parallelization        |  10,584      | loops are unrolled or pipelined to meet performance targets                            |
|               | (3) array partition        |  10,394      | arrays are partitioned to meet performance targets                                     |
|               | (4) simplification         |  10,344      | simplification of design after performance transformations                             |
|               |                            |              |                                                                                        |
| HW Transforms |                            |              | After hardware transfomations                                                          |
|               | (1) lowering               |  10,051      | initial conversion to HW specific instructions                                         |
|               | (2) optimizations          |  10,473      | high level synthesis optimizations                                                     |
+---------------+----------------------------+--------------+----------------------------------------------------------------------------------------+
    * - Exceeded design size warning message threshold

* Instructions per Function for each Compilation Phase
+-------------------------------------------+-----------------------------+----------------+---------------+--------------+-------------+---------------+
| Function                                  | Location                    | Compile/Link   | Unroll/Inline | Array/Struct | Performance | HW Transforms |
+-------------------------------------------+-----------------------------+----------------+---------------+--------------+-------------+---------------+
| + myproject_axi_stream                    | myproject_axi_stream.cpp:45 | 5,195          | 88,700        | 10,931       | 10,344      | 10,473        |
|  + load_input                             | myproject_axi_stream.cpp:3  |  737           |    96         |    89        |    88       |    80         |
|     operator[]                            | nnet_types.h:17             |    3           |               |              |             |               |
|  + compute                                | myproject_axi_stream.cpp:38 | 4,060          | 88,464        | 10,629       | 9,569       | 9,847         |
|   + myproject                             | myproject.cpp:7             | 4,049          | 88,454        | 10,619       | 9,560       | 9,838         |
|    + conv_2d_cl<nnet::array<ap_uf...      | nnet_conv2d_stream.h:67     |  856           |   612         |   298        |   280       |   310         |
|     + conv_2d_buffer_latency_cl<nn...     | nnet_conv2d_stream.h:14     |  853           |               |              |             |               |
|      + compute_output_buffer_2d<nne...    | nnet_conv_stream.h:251      |  796           |               |              |             |               |
|       + shift_line_buffer<nnet::arra...   | nnet_conv_stream.h:215      |  157           |               |              |             |               |
|          operator[]                       | nnet_types.h:19             |    3           |               |              |             |               |
|          kernel_shift_2d<nnet::array<...  | nnet_conv_stream.h:181      |   75           |               |              |             |               |
|       + dense                             | nnet_dense.h:50             |  537           |               |              |             |               |
|        + dense_latency<ap_ufixed<4, 2...  | nnet_dense_latency.h:13     |  535           |               |              |             |               |
|           product                         | nnet_mult.h:70              |  141           |               |              |             |               |
|           cast<ap_ufixed<4, 2, (ap_q_m... | nnet_mult.h:110             |    3           |               |              |             |               |
|         operator[]                        | nnet_types.h:17             |    3           |               |              |             |               |
|     + compute_output_buffer_2d<nne...     | nnet_conv_stream.h:251      |                |   588         |   276        |   264       |   284         |
|        shift_line_buffer<nnet::arra...    | nnet_conv_stream.h:215      |                |    27         |    38        |    26       |    33         |
|        dense_latency<ap_ufixed<4, 2...    | nnet_dense_latency.h:13     |                |   412         |    28        |    28       |    29         |
|    + relu<nnet::array<ap_ufixed<5...      | nnet_activation_stream.h:39 |  215           |    18         |   219        |   219       |   185         |
|       operator[]                          | nnet_types.h:17             |   12 (4 calls) |               |              |             |               |
|    + pooling2d_cl<nnet::array<ap_...      | nnet_pooling_stream.h:96    |  481           |   843         |   776        |   632       |   716         |
|     + compute_pool_buffer_2d<nnet:...     | nnet_pooling_stream.h:30    |  422           |               |              |             |               |
|      + shift_line_buffer<nnet::arra...    | nnet_conv_stream.h:215      |  157           |               |              |             |               |
|         operator[]                        | nnet_types.h:19             |    3           |               |              |             |               |
|         kernel_shift_2d<nnet::array<...   | nnet_conv_stream.h:181      |   75           |               |              |             |               |
|      + reduce_pool<ap_ufixed<5, 3, ...    | nnet_pooling_stream.h:17    |   92           |               |              |             |               |
|       + reduce<ap_ufixed<5, 3, (ap_q...   | nnet_common.h:37            |   89           |               |              |             |               |
|        + reduce<ap_ufixed<5, 3, (ap_q...  | nnet_common.h:37            |   60 (2 calls) |               |              |             |               |
|           operator()                      | nnet_common.h:66            |   40 (2 calls) |               |              |             |               |
|          operator()                       | nnet_common.h:66            |   20           |               |              |             |               |
|        operator[]                         | nnet_types.h:17             |    3           |               |              |             |               |
|    + conv_2d_cl<nnet::array<ap_uf...      | nnet_conv2d_stream.h:67     |  893           | 35,205        | 1,263        | 1,131       | 1,198         |
|     + conv_2d_buffer_latency_cl<nn...     | nnet_conv2d_stream.h:14     |  890           |               |              |             |               |
|      + compute_output_buffer_2d<nne...    | nnet_conv_stream.h:251      |  833           |               |              |             |               |
|       + shift_line_buffer<nnet::arra...   | nnet_conv_stream.h:215      |  157           |               |              |             |               |
|          operator[]                       | nnet_types.h:19             |    3           |               |              |             |               |
|          kernel_shift_2d<nnet::array<...  | nnet_conv_stream.h:181      |   75           |               |              |             |               |
|       + dense                             | nnet_dense.h:50             |  574           |               |              |             |               |
|        + dense_latency<ap_ufixed<4, 2...  | nnet_dense_latency.h:13     |  572           |               |              |             |               |
|           product                         | nnet_mult.h:70              |  141           |               |              |             |               |
|           cast<ap_ufixed<4, 2, (ap_q_m... | nnet_mult.h:110             |    3           |               |              |             |               |
|         operator[]                        | nnet_types.h:17             |    3           |               |              |             |               |
|     + compute_output_buffer_2d<nne...     | nnet_conv_stream.h:251      |                | 35,135        | 1,069        |   893       | 1,003         |
|        shift_line_buffer<nnet::arra...    | nnet_conv_stream.h:215      |                |   387         |   593        |   417       |   514         |
|        dense_latency<ap_ufixed<4, 2...    | nnet_dense_latency.h:13     |                | 34,599        |   266        |   266       |   267         |
|    + relu<nnet::array<ap_fixed<10...      | nnet_activation_stream.h:39 |  266           |    98         |   298        |   298       |   310         |
|       operator[]                          | nnet_types.h:17             |   12 (4 calls) |               |              |             |               |
|    + pooling2d_cl<nnet::array<ap_...      | nnet_pooling_stream.h:96    |  528           |   939         |   872        |   728       |   812         |
|     + compute_pool_buffer_2d<nnet:...     | nnet_pooling_stream.h:30    |  469           |               |              |             |               |
|      + shift_line_buffer<nnet::arra...    | nnet_conv_stream.h:215      |  157           |               |              |             |               |
|         operator[]                        | nnet_types.h:19             |    3           |               |              |             |               |
|         kernel_shift_2d<nnet::array<...   | nnet_conv_stream.h:181      |   75           |               |              |             |               |
|      + reduce_pool<ap_ufixed<9, 4, ...    | nnet_pooling_stream.h:17    |   92           |               |              |             |               |
|       + reduce<ap_ufixed<9, 4, (ap_q...   | nnet_common.h:37            |   89           |               |              |             |               |
|        + reduce<ap_ufixed<9, 4, (ap_q...  | nnet_common.h:37            |   60 (2 calls) |               |              |             |               |
|           operator()                      | nnet_common.h:66            |   40 (2 calls) |               |              |             |               |
|          operator()                       | nnet_common.h:66            |   20           |               |              |             |               |
|        operator[]                         | nnet_types.h:17             |    3           |               |              |             |               |
|    + dense<nnet::array<ap_ufixed<...      | nnet_dense_stream.h:82      |  754           | 50,710        | 6,867        | 6,246       | 6,279         |
|     + data_prepare<nnet::array<ap_...     | nnet_dense_stream.h:28      |   75           |               |              |             |               |
|        operator[]                         | nnet_types.h:17             |    6 (2 calls) |               |              |             |               |
|     + dense_latency_wrapper<ap_ufi...     | nnet_dense_stream.h:13      |  588           |               |              |             |               |
|      + dense_latency<ap_ufixed<4, 2...    | nnet_dense_latency.h:13     |  586           |               |              |             |               |
|         product                           | nnet_mult.h:70              |  141           |               |              |             |               |
|         cast<ap_ufixed<4, 2, (ap_q_m...   | nnet_mult.h:110             |    3           |               |              |             |               |
|     + res_write<nnet::array<ap_fix...     | nnet_dense_stream.h:53      |   71           |               |              |             |               |
|        operator[]                         | nnet_types.h:17             |    6 (2 calls) |               |              |             |               |
|       dense_latency<ap_ufixed<4, 2...     | nnet_dense_latency.h:13     |                | 50,601        | 5,954        | 5,830       | 5,831         |
|  + store_result                           | myproject_axi_stream.cpp:20 |  372           |   126         |   159        |   633       |   519         |
|     operator[]                            | nnet_types.h:17             |    3           |               |              |             |               |
+-------------------------------------------+-----------------------------+----------------+---------------+--------------+-------------+---------------+

* Design Size Message Settings
+---------------------------------------------+--------+------------------------------------------------------------------+
| Message Setting                             | Value  | Description                                                      |
+---------------------------------------------+--------+------------------------------------------------------------------+
| config_compile -design_size_maximum_warning | 100000 | Show a warning when total design instructions exceeds this value |
+---------------------------------------------+--------+------------------------------------------------------------------+


