

================================================================
== Vitis HLS Report for 'dense_latency_ap_ufixed_7_5_0_3_0_ap_fixed_10_9_5_3_0_config6_s'
================================================================
* Date:           Thu May  7 15:11:56 2026

* Version:        2025.2 (Build 6295257 on Nov 14 2025)
* Project:        vitis_unified_project
* Solution:       hls (Vivado IP Flow Target)
* Product family: zynquplus
* Target device:  xck26-sfvc784-2LV-c


================================================================
== Performance Estimates
================================================================
+ Timing: 
    * Summary: 
    +--------+---------+----------+------------+
    |  Clock |  Target | Estimated| Uncertainty|
    +--------+---------+----------+------------+
    |ap_clk  |  5.00 ns|  1.552 ns|     0.62 ns|
    +--------+---------+----------+------------+

+ Latency: 
    * Summary: 
    +---------+---------+----------+----------+-----+-----+---------+
    |  Latency (cycles) |  Latency (absolute) |  Interval | Pipeline|
    |   min   |   max   |    min   |    max   | min | max |   Type  |
    +---------+---------+----------+----------+-----+-----+---------+
    |        0|        0|      0 ns|      0 ns|    1|    1|      yes|
    +---------+---------+----------+----------+-----+-----+---------+

    + Detail: 
        * Instance: 
        N/A

        * Loop: 
        N/A



================================================================
== Utilization Estimates
================================================================
* Summary: 
+-----------------+---------+------+--------+--------+-----+
|       Name      | BRAM_18K|  DSP |   FF   |   LUT  | URAM|
+-----------------+---------+------+--------+--------+-----+
|DSP              |        -|     -|       -|       -|    -|
|Expression       |        -|     -|       0|      84|    -|
|FIFO             |        -|     -|       -|       -|    -|
|Instance         |        -|     -|       -|       -|    -|
|Memory           |        -|     -|       -|       -|    -|
|Multiplexer      |        -|     -|       -|       -|    -|
|Register         |        -|     -|       -|       -|    -|
+-----------------+---------+------+--------+--------+-----+
|Total            |        0|     0|       0|      84|    0|
+-----------------+---------+------+--------+--------+-----+
|Available        |      288|  1248|  234240|  117120|   64|
+-----------------+---------+------+--------+--------+-----+
|Utilization (%)  |        0|     0|       0|      ~0|    0|
+-----------------+---------+------+--------+--------+-----+

+ Detail: 
    * Instance: 
    N/A

    * DSP: 
    N/A

    * Memory: 
    N/A

    * FIFO: 
    N/A

    * Expression: 
    +----------------------+----------+----+---+----+------------+------------+
    |     Variable Name    | Operation| DSP| FF| LUT| Bitwidth P0| Bitwidth P1|
    +----------------------+----------+----+---+----+------------+------------+
    |add_ln58_4_fu_162_p2  |         +|   0|  0|  16|           9|           9|
    |add_ln58_5_fu_176_p2  |         +|   0|  0|  17|          10|          10|
    |add_ln58_fu_152_p2    |         +|   0|  0|  17|          10|           3|
    |sub_ln73_2_fu_132_p2  |         -|   0|  0|  17|           1|          10|
    |sub_ln73_fu_88_p2     |         -|   0|  0|  17|           1|          10|
    +----------------------+----------+----+---+----+------------+------------+
    |Total                 |          |   0|  0|  84|          31|          42|
    +----------------------+----------+----+---+----+------------+------------+

    * Multiplexer: 
    N/A

    * Register: 
    N/A



================================================================
== Interface
================================================================
* Summary: 
+-------------+-----+-----+------------+----------------------------------------------------------------------------+--------------+
|  RTL Ports  | Dir | Bits|  Protocol  |                                Source Object                               |    C Type    |
+-------------+-----+-----+------------+----------------------------------------------------------------------------+--------------+
|ap_ready     |  out|    1|  ap_ctrl_hs|  dense_latency<ap_ufixed<7, 5, 0, 3, 0>, ap_fixed<10, 9, 5, 3, 0>, config6>|  return value|
|ap_return_0  |  out|   10|  ap_ctrl_hs|  dense_latency<ap_ufixed<7, 5, 0, 3, 0>, ap_fixed<10, 9, 5, 3, 0>, config6>|  return value|
|ap_return_1  |  out|   10|  ap_ctrl_hs|  dense_latency<ap_ufixed<7, 5, 0, 3, 0>, ap_fixed<10, 9, 5, 3, 0>, config6>|  return value|
|ap_return_2  |  out|   10|  ap_ctrl_hs|  dense_latency<ap_ufixed<7, 5, 0, 3, 0>, ap_fixed<10, 9, 5, 3, 0>, config6>|  return value|
|ap_rst       |   in|    1|  ap_ctrl_hs|  dense_latency<ap_ufixed<7, 5, 0, 3, 0>, ap_fixed<10, 9, 5, 3, 0>, config6>|  return value|
|data_1_val   |   in|    7|     ap_none|                                                                  data_1_val|        scalar|
|data_16_val  |   in|    7|     ap_none|                                                                 data_16_val|        scalar|
|data_42_val  |   in|    7|     ap_none|                                                                 data_42_val|        scalar|
|data_44_val  |   in|    7|     ap_none|                                                                 data_44_val|        scalar|
|data_51_val  |   in|    7|     ap_none|                                                                 data_51_val|        scalar|
+-------------+-----+-----+------------+----------------------------------------------------------------------------+--------------+

