

================================================================
== Vitis HLS Report for 'compute_output_buffer_2d_array_array_ap_ufixed_5_3_5_3_0_16u_config3_s'
================================================================
* Date:           Thu May  7 16:23:18 2026

* Version:        2025.2 (Build 6295257 on Nov 14 2025)
* Project:        vitis_unified_project
* Solution:       hls (Vivado IP Flow Target)
* Product family: zynquplus
* Target device:  xck26-sfvc784-2LV-c


================================================================
== Performance Estimates
================================================================
+ Timing: 
    * Summary: 
    +--------+---------+----------+------------+
    |  Clock |  Target | Estimated| Uncertainty|
    +--------+---------+----------+------------+
    |ap_clk  |  5.00 ns|  2.459 ns|     0.62 ns|
    +--------+---------+----------+------------+

+ Latency: 
    * Summary: 
    +---------+---------+----------+----------+-----+-----+---------+
    |  Latency (cycles) |  Latency (absolute) |  Interval | Pipeline|
    |   min   |   max   |    min   |    max   | min | max |   Type  |
    +---------+---------+----------+----------+-----+-----+---------+
    |        1|        1|  5.000 ns|  5.000 ns|    2|    2|      yes|
    +---------+---------+----------+----------+-----+-----+---------+

    + Detail: 
        * Instance: 
        +------------------------------------------------------------------------------------+----------------------------------------------------------------------+---------+---------+----------+----------+-----+-----+---------+
        |                                                                                    |                                                                      |  Latency (cycles) |  Latency (absolute) |  Interval | Pipeline|
        |                                      Instance                                      |                                Module                                |   min   |   max   |    min   |    max   | min | max |   Type  |
        +------------------------------------------------------------------------------------+----------------------------------------------------------------------+---------+---------+----------+----------+-----+-----+---------+
        |call_ln281_shift_line_buffer_array_ap_ufixed_4_2_0_3_0_1u_config3_s_fu_79           |shift_line_buffer_array_ap_ufixed_4_2_0_3_0_1u_config3_s              |        0|        0|      0 ns|      0 ns|    1|    1|      yes|
        |res_out_dense_latency_ap_ufixed_4_2_0_3_0_ap_ufixed_5_3_5_3_0_config3_mult_s_fu_95  |dense_latency_ap_ufixed_4_2_0_3_0_ap_ufixed_5_3_5_3_0_config3_mult_s  |        0|        0|      0 ns|      0 ns|    1|    1|      yes|
        +------------------------------------------------------------------------------------+----------------------------------------------------------------------+---------+---------+----------+----------+-----+-----+---------+

        * Loop: 
        N/A



================================================================
== Utilization Estimates
================================================================
* Summary: 
+-----------------+---------+------+--------+--------+-----+
|       Name      | BRAM_18K|  DSP |   FF   |   LUT  | URAM|
+-----------------+---------+------+--------+--------+-----+
|DSP              |        -|     -|       -|       -|    -|
|Expression       |        -|     -|       0|     503|    -|
|FIFO             |        -|     -|       -|       -|    -|
|Instance         |        -|     -|       5|      21|    -|
|Memory           |        -|     -|       -|       -|    -|
|Multiplexer      |        -|     -|       0|      64|    -|
|Register         |        -|     -|     268|       -|    -|
+-----------------+---------+------+--------+--------+-----+
|Total            |        0|     0|     273|     588|    0|
+-----------------+---------+------+--------+--------+-----+
|Available        |      288|  1248|  234240|  117120|   64|
+-----------------+---------+------+--------+--------+-----+
|Utilization (%)  |        0|     0|      ~0|      ~0|    0|
+-----------------+---------+------+--------+--------+-----+

+ Detail: 
    * Instance: 
    +------------------------------------------------------------------------------------+----------------------------------------------------------------------+---------+----+---+----+-----+
    |                                      Instance                                      |                                Module                                | BRAM_18K| DSP| FF| LUT| URAM|
    +------------------------------------------------------------------------------------+----------------------------------------------------------------------+---------+----+---+----+-----+
    |res_out_dense_latency_ap_ufixed_4_2_0_3_0_ap_ufixed_5_3_5_3_0_config3_mult_s_fu_95  |dense_latency_ap_ufixed_4_2_0_3_0_ap_ufixed_5_3_5_3_0_config3_mult_s  |        0|   0|  0|  12|    0|
    |call_ln281_shift_line_buffer_array_ap_ufixed_4_2_0_3_0_1u_config3_s_fu_79           |shift_line_buffer_array_ap_ufixed_4_2_0_3_0_1u_config3_s              |        0|   0|  5|   9|    0|
    +------------------------------------------------------------------------------------+----------------------------------------------------------------------+---------+----+---+----+-----+
    |Total                                                                               |                                                                      |        0|   0|  5|  21|    0|
    +------------------------------------------------------------------------------------+----------------------------------------------------------------------+---------+----+---+----+-----+

    * DSP: 
    N/A

    * Memory: 
    N/A

    * FIFO: 
    N/A

    * Expression: 
    +--------------------------------+----------+----+---+----+------------+------------+
    |          Variable Name         | Operation| DSP| FF| LUT| Bitwidth P0| Bitwidth P1|
    +--------------------------------+----------+----+---+----+------------+------------+
    |add_ln303_fu_188_p2             |         +|   0|  0|  39|          32|           1|
    |add_ln307_fu_235_p2             |         +|   0|  0|  39|          32|           1|
    |add_ln313_fu_257_p2             |         +|   0|  0|  39|          32|           1|
    |add_ln318_fu_205_p2             |         +|   0|  0|  39|          32|           1|
    |and_ln284_1_fu_169_p2           |       and|   0|  0|   2|           1|           1|
    |and_ln284_fu_163_p2             |       and|   0|  0|   2|           1|           1|
    |ap_block_state2                 |       and|   0|  0|   2|           1|           1|
    |ap_condition_124                |       and|   0|  0|   2|           1|           1|
    |ap_condition_98                 |       and|   0|  0|   2|           1|           1|
    |ap_predicate_op23_write_state2  |       and|   0|  0|   2|           1|           1|
    |icmp_ln284_1_fu_125_p2          |      icmp|   0|  0|  39|          32|           2|
    |icmp_ln284_2_fu_141_p2          |      icmp|   0|  0|  38|          31|           1|
    |icmp_ln284_3_fu_157_p2          |      icmp|   0|  0|  38|          31|           1|
    |icmp_ln284_fu_107_p2            |      icmp|   0|  0|  39|          32|           2|
    |icmp_ln303_fu_193_p2            |      icmp|   0|  0|  39|          32|           5|
    |icmp_ln307_fu_240_p2            |      icmp|   0|  0|  39|          32|           5|
    |icmp_ln313_fu_252_p2            |      icmp|   0|  0|  39|          32|           2|
    |select_ln313_fu_262_p3          |    select|   0|  0|  32|           1|           2|
    |select_ln318_fu_210_p3          |    select|   0|  0|  32|           1|           2|
    +--------------------------------+----------+----+---+----+------------+------------+
    |Total                           |          |   0|  0| 503|         358|          32|
    +--------------------------------+----------+----+---+----+------------+------------+

    * Multiplexer: 
    +------------------------------------+----+-----------+-----+-----------+
    |                Name                | LUT| Input Size| Bits| Total Bits|
    +------------------------------------+----+-----------+-----+-----------+
    |ap_NS_fsm                           |  14|          3|    1|          3|
    |ap_phi_mux_storemerge_phi_fu_72_p4  |  14|          3|   32|         96|
    |layer3_out_blk_n                    |   9|          2|    1|          2|
    |pX_2                                |   9|          2|   32|         64|
    |pY_2                                |   9|          2|   32|         64|
    |sX_2                                |   9|          2|   32|         64|
    +------------------------------------+----+-----------+-----+-----------+
    |Total                               |  64|         14|  130|        293|
    +------------------------------------+----+-----------+-----+-----------+

    * Register: 
    +-----------------------------------------------------------------------------+----+----+-----+-----------+
    |                                     Name                                    | FF | LUT| Bits| Const Bits|
    +-----------------------------------------------------------------------------+----+----+-----+-----------+
    |and_ln284_1_reg_309                                                          |   1|   0|    1|          0|
    |ap_CS_fsm                                                                    |   2|   0|    2|          0|
    |icmp_ln284_reg_288                                                           |   1|   0|    1|          0|
    |pX_2                                                                         |  32|   0|   32|          0|
    |pX_2_load_reg_304                                                            |  32|   0|   32|          0|
    |pY_2                                                                         |  32|   0|   32|          0|
    |pY_2_load_reg_299                                                            |  32|   0|   32|          0|
    |sX_2                                                                         |  32|   0|   32|          0|
    |sX_2_load_reg_283                                                            |  32|   0|   32|          0|
    |sY_2                                                                         |  32|   0|   32|          0|
    |sY_2_load_reg_293                                                            |  32|   0|   32|          0|
    |void_compute_output_buffer_2d_array_const_ap_shift_reg_n_chan_stream_weig_1  |   4|   0|    4|          0|
    |void_compute_output_buffer_2d_array_const_ap_shift_reg_n_chan_stream_weig_2  |   4|   0|    4|          0|
    +-----------------------------------------------------------------------------+----+----+-----+-----------+
    |Total                                                                        | 268|   0|  268|          0|
    +-----------------------------------------------------------------------------+----+----+-----+-----------+



================================================================
== Interface
================================================================
* Summary: 
+---------------------------+-----+-----+------------+-------------------------------------------------------------------------+--------------+
|         RTL Ports         | Dir | Bits|  Protocol  |                              Source Object                              |    C Type    |
+---------------------------+-----+-----+------------+-------------------------------------------------------------------------+--------------+
|ap_clk                     |   in|    1|  ap_ctrl_hs|  compute_output_buffer_2d<array,array<ap_ufixed<5,3,5,3,0>,16u>,config3>|  return value|
|ap_rst                     |   in|    1|  ap_ctrl_hs|  compute_output_buffer_2d<array,array<ap_ufixed<5,3,5,3,0>,16u>,config3>|  return value|
|ap_start                   |   in|    1|  ap_ctrl_hs|  compute_output_buffer_2d<array,array<ap_ufixed<5,3,5,3,0>,16u>,config3>|  return value|
|ap_done                    |  out|    1|  ap_ctrl_hs|  compute_output_buffer_2d<array,array<ap_ufixed<5,3,5,3,0>,16u>,config3>|  return value|
|ap_idle                    |  out|    1|  ap_ctrl_hs|  compute_output_buffer_2d<array,array<ap_ufixed<5,3,5,3,0>,16u>,config3>|  return value|
|ap_ready                   |  out|    1|  ap_ctrl_hs|  compute_output_buffer_2d<array,array<ap_ufixed<5,3,5,3,0>,16u>,config3>|  return value|
|layer3_out_blk_n           |  out|    1|  ap_ctrl_hs|  compute_output_buffer_2d<array,array<ap_ufixed<5,3,5,3,0>,16u>,config3>|  return value|
|ap_ce                      |   in|    1|  ap_ctrl_hs|  compute_output_buffer_2d<array,array<ap_ufixed<5,3,5,3,0>,16u>,config3>|  return value|
|in_elem_0_0_0_0_0_val      |   in|    4|     ap_none|                                                    in_elem_0_0_0_0_0_val|        scalar|
|layer3_out_din             |  out|   80|     ap_fifo|                                                               layer3_out|       pointer|
|layer3_out_full_n          |   in|    1|     ap_fifo|                                                               layer3_out|       pointer|
|layer3_out_write           |  out|    1|     ap_fifo|                                                               layer3_out|       pointer|
|layer3_out_num_data_valid  |   in|   11|     ap_fifo|                                                               layer3_out|       pointer|
|layer3_out_fifo_cap        |   in|   11|     ap_fifo|                                                               layer3_out|       pointer|
+---------------------------+-----+-----+------------+-------------------------------------------------------------------------+--------------+

============================================================
+ Verbose Summary: Synthesis Manager
============================================================
InlineROM: 1
ExposeGlobal: 0
============================================================
+ Verbose Summary: CDFG Model
============================================================
IsTopModel: 0
ResetActiveHigh: 1
IsCombinational: 2
IsDatapathOnly: 2
HasWiredReturn: 1
HasMFsm: 2
HasVarLatency: 0
IsPipeline: 1
IsRtlPipelined: 0
IsInstanceOverlapped: 0
IsDontTouch: 0
HasImplIP: 0
IsGatedGlobalClock: 0

+ Individual pipeline summary: 
  * Pipeline-0: initiation interval (II) = 2, depth = 2


============================================================
+ Verbose Summary: Schedule
============================================================
* Number of FSM states : 2
* Pipeline : 1
  Pipeline-0 : II = 2, D = 2, States = { 1 2 }
* Dataflow Pipeline: 0

* FSM state transitions: 
1 --> 2 
2 --> 

* FSM state operations: 

State 1 <SV = 0> <Delay = 1.43>
ST_1 : Operation 3 [1/1] (0.00ns)   --->   "%specinterface_ln0 = specinterface void @_ssdm_op_SpecInterface, i80 %layer3_out, void @empty_17, i32 0, i32 0, void @empty_6, i32 0, i32 0, void @empty_6, void @empty_6, void @empty_6, i32 0, i32 0, i32 0, i32 0, void @empty_6, void @empty_6, i32 4294967295, i32 0, i32 0, i32 0"   --->   Operation 3 'specinterface' 'specinterface_ln0' <Predicate = true> <Delay = 0.00>
ST_1 : Operation 4 [1/1] (0.00ns)   --->   "%in_elem_0_0_0_0_0_val_read = read i4 @_ssdm_op_Read.ap_auto.i4, i4 %in_elem_0_0_0_0_0_val"   --->   Operation 4 'read' 'in_elem_0_0_0_0_0_val_read' <Predicate = true> <Delay = 0.00>
ST_1 : Operation 5 [1/1] (1.43ns)   --->   "%call_ln281 = call void @shift_line_buffer<array<ap_ufixed<4, 2, 0, 3, 0>, 1u>, config3>, i4 %in_elem_0_0_0_0_0_val_read, i4 %void_compute_output_buffer_2d_array_const_ap_shift_reg_n_chan_stream_weig_1, i4 %void_compute_output_buffer_2d_array_const_ap_shift_reg_n_chan_stream_weig_2, i4 %void_compute_output_buffer_2d_array_const_ap_shift_reg_n_chan_stream_weig, i4 %void_conv_2d_buffer_latency_cl_stream_stream_weight_t_bias_t_line_buffer_1, i4 %void_conv_2d_buffer_latency_cl_stream_stream_weight_t_bias_t_line_buffer" [firmware/nnet_utils/nnet_conv_stream.h:281]   --->   Operation 5 'call' 'call_ln281' <Predicate = true> <Delay = 1.43> <CoreType = "Generic">   --->   Generic Core
ST_1 : Operation 6 [1/1] (0.00ns)   --->   "%sX_2_load = load i32 %sX_2" [firmware/nnet_utils/nnet_conv_stream.h:284]   --->   Operation 6 'load' 'sX_2_load' <Predicate = true> <Delay = 0.00>
ST_1 : Operation 7 [1/1] (1.01ns)   --->   "%icmp_ln284 = icmp_eq  i32 %sX_2_load, i32 2" [firmware/nnet_utils/nnet_conv_stream.h:284]   --->   Operation 7 'icmp' 'icmp_ln284' <Predicate = true> <Delay = 1.01> <CoreInst = "Cmp">   --->   Core 9 'Cmp' <Latency = 0> <II = 1> <Delay = 1.01> <FuncUnit> <Opcode : 'seteq' 'setne' 'setle' 'setge' 'setlt' 'setgt'> <InPorts = 2> <OutPorts = 1>
ST_1 : Operation 8 [1/1] (0.00ns)   --->   "%sY_2_load = load i32 %sY_2" [firmware/nnet_utils/nnet_conv_stream.h:284]   --->   Operation 8 'load' 'sY_2_load' <Predicate = true> <Delay = 0.00>
ST_1 : Operation 9 [1/1] (0.00ns)   --->   "%pY_2_load = load i32 %pY_2" [firmware/nnet_utils/nnet_conv_stream.h:284]   --->   Operation 9 'load' 'pY_2_load' <Predicate = true> <Delay = 0.00>
ST_1 : Operation 10 [1/1] (0.00ns)   --->   "%pX_2_load = load i32 %pX_2" [firmware/nnet_utils/nnet_conv_stream.h:284]   --->   Operation 10 'load' 'pX_2_load' <Predicate = true> <Delay = 0.00>
ST_1 : Operation 11 [1/1] (0.00ns)   --->   "%br_ln284 = br i1 %icmp_ln284, void %if.end, void %land.lhs.true" [firmware/nnet_utils/nnet_conv_stream.h:284]   --->   Operation 11 'br' 'br_ln284' <Predicate = true> <Delay = 0.00>
ST_1 : Operation 12 [1/1] (1.01ns)   --->   "%icmp_ln284_1 = icmp_eq  i32 %sY_2_load, i32 2" [firmware/nnet_utils/nnet_conv_stream.h:284]   --->   Operation 12 'icmp' 'icmp_ln284_1' <Predicate = (icmp_ln284)> <Delay = 1.01> <CoreInst = "Cmp">   --->   Core 9 'Cmp' <Latency = 0> <II = 1> <Delay = 1.01> <FuncUnit> <Opcode : 'seteq' 'setne' 'setle' 'setge' 'setlt' 'setgt'> <InPorts = 2> <OutPorts = 1>
ST_1 : Operation 13 [1/1] (0.00ns)   --->   "%tmp = partselect i31 @_ssdm_op_PartSelect.i31.i32.i32.i32, i32 %pY_2_load, i32 1, i32 31" [firmware/nnet_utils/nnet_conv_stream.h:284]   --->   Operation 13 'partselect' 'tmp' <Predicate = (icmp_ln284)> <Delay = 0.00>
ST_1 : Operation 14 [1/1] (1.00ns)   --->   "%icmp_ln284_2 = icmp_sgt  i31 %tmp, i31 0" [firmware/nnet_utils/nnet_conv_stream.h:284]   --->   Operation 14 'icmp' 'icmp_ln284_2' <Predicate = (icmp_ln284)> <Delay = 1.00> <CoreInst = "Cmp">   --->   Core 9 'Cmp' <Latency = 0> <II = 1> <Delay = 1.00> <FuncUnit> <Opcode : 'seteq' 'setne' 'setle' 'setge' 'setlt' 'setgt'> <InPorts = 2> <OutPorts = 1>
ST_1 : Operation 15 [1/1] (0.00ns)   --->   "%tmp_375 = partselect i31 @_ssdm_op_PartSelect.i31.i32.i32.i32, i32 %pX_2_load, i32 1, i32 31" [firmware/nnet_utils/nnet_conv_stream.h:284]   --->   Operation 15 'partselect' 'tmp_375' <Predicate = (icmp_ln284)> <Delay = 0.00>
ST_1 : Operation 16 [1/1] (1.00ns)   --->   "%icmp_ln284_3 = icmp_sgt  i31 %tmp_375, i31 0" [firmware/nnet_utils/nnet_conv_stream.h:284]   --->   Operation 16 'icmp' 'icmp_ln284_3' <Predicate = (icmp_ln284)> <Delay = 1.00> <CoreInst = "Cmp">   --->   Core 9 'Cmp' <Latency = 0> <II = 1> <Delay = 1.00> <FuncUnit> <Opcode : 'seteq' 'setne' 'setle' 'setge' 'setlt' 'setgt'> <InPorts = 2> <OutPorts = 1>
ST_1 : Operation 17 [1/1] (0.00ns) (grouped into LUT with out node and_ln284_1)   --->   "%and_ln284 = and i1 %icmp_ln284_2, i1 %icmp_ln284_3" [firmware/nnet_utils/nnet_conv_stream.h:284]   --->   Operation 17 'and' 'and_ln284' <Predicate = (icmp_ln284)> <Delay = 0.00> <CoreInst = "LogicGate">   --->   Core 74 'LogicGate' <Latency = 0> <II = 1> <Delay = 0.28> <FuncUnit> <Opcode : 'and' 'or' 'xor'> <InPorts = 2> <OutPorts = 1>
ST_1 : Operation 18 [1/1] (0.28ns) (out node of the LUT)   --->   "%and_ln284_1 = and i1 %and_ln284, i1 %icmp_ln284_1" [firmware/nnet_utils/nnet_conv_stream.h:284]   --->   Operation 18 'and' 'and_ln284_1' <Predicate = (icmp_ln284)> <Delay = 0.28> <CoreInst = "LogicGate">   --->   Core 74 'LogicGate' <Latency = 0> <II = 1> <Delay = 0.28> <FuncUnit> <Opcode : 'and' 'or' 'xor'> <InPorts = 2> <OutPorts = 1>
ST_1 : Operation 19 [1/1] (0.00ns)   --->   "%br_ln284 = br i1 %and_ln284_1, void %if.end, void %if.then" [firmware/nnet_utils/nnet_conv_stream.h:284]   --->   Operation 19 'br' 'br_ln284' <Predicate = (icmp_ln284)> <Delay = 0.00>

State 2 <SV = 1> <Delay = 2.45>
ST_2 : Operation 20 [1/1] (0.00ns)   --->   "%res_out = call i5 @dense_latency<ap_ufixed<4, 2, 0, 3, 0>, ap_ufixed<5, 3, 5, 3, 0>, config3_mult>, i4 %void_compute_output_buffer_2d_array_const_ap_shift_reg_n_chan_stream_weig_2, i4 %void_compute_output_buffer_2d_array_const_ap_shift_reg_n_chan_stream_weig_1" [firmware/nnet_utils/nnet_dense.h:54->firmware/nnet_utils/nnet_conv_stream.h:288]   --->   Operation 20 'call' 'res_out' <Predicate = (icmp_ln284 & and_ln284_1)> <Delay = 0.00> <CoreType = "Generic">   --->   Generic Core
ST_2 : Operation 21 [1/1] (0.00ns)   --->   "%or_ln299_1 = bitconcatenate i45 @_ssdm_op_BitConcatenate.i45.i5.i40, i5 %res_out, i40 0" [firmware/nnet_utils/nnet_conv_stream.h:299]   --->   Operation 21 'bitconcatenate' 'or_ln299_1' <Predicate = (icmp_ln284 & and_ln284_1)> <Delay = 0.00>
ST_2 : Operation 22 [1/1] (0.00ns)   --->   "%zext_ln299 = zext i45 %or_ln299_1" [firmware/nnet_utils/nnet_conv_stream.h:299]   --->   Operation 22 'zext' 'zext_ln299' <Predicate = (icmp_ln284 & and_ln284_1)> <Delay = 0.00>
ST_2 : Operation 23 [1/1] ( I:1.90ns O:1.90ns )   --->   "%write_ln299 = write void @_ssdm_op_Write.ap_fifo.volatile.i80P0A, i80 %layer3_out, i80 %zext_ln299" [firmware/nnet_utils/nnet_conv_stream.h:299]   --->   Operation 23 'write' 'write_ln299' <Predicate = (icmp_ln284 & and_ln284_1)> <Delay = 1.90> <CoreInst = "FIFO">   --->   Core 77 'FIFO' <Latency = 0> <II = 1> <Delay = 1.90> <Storage> <Opcode : 'read' 'write' 'nbread' 'nbwrite'> <Ports = 0> <Width = 80> <Depth = 676> <FIFO>
ST_2 : Operation 24 [1/1] (0.00ns)   --->   "%br_ln300 = br void %if.end" [firmware/nnet_utils/nnet_conv_stream.h:300]   --->   Operation 24 'br' 'br_ln300' <Predicate = (icmp_ln284 & and_ln284_1)> <Delay = 0.00>
ST_2 : Operation 25 [1/1] (1.01ns)   --->   "%add_ln303 = add i32 %pX_2_load, i32 1" [firmware/nnet_utils/nnet_conv_stream.h:303]   --->   Operation 25 'add' 'add_ln303' <Predicate = true> <Delay = 1.01> <CoreInst = "Adder">   --->   Core 1 'Adder' <Latency = 0> <II = 1> <Delay = 1.01> <FuncUnit> <Opcode : 'add' 'sub'> <InPorts = 2> <OutPorts = 1>
ST_2 : Operation 26 [1/1] (1.01ns)   --->   "%icmp_ln303 = icmp_eq  i32 %add_ln303, i32 28" [firmware/nnet_utils/nnet_conv_stream.h:303]   --->   Operation 26 'icmp' 'icmp_ln303' <Predicate = true> <Delay = 1.01> <CoreInst = "Cmp">   --->   Core 9 'Cmp' <Latency = 0> <II = 1> <Delay = 1.01> <FuncUnit> <Opcode : 'seteq' 'setne' 'setle' 'setge' 'setlt' 'setgt'> <InPorts = 2> <OutPorts = 1>
ST_2 : Operation 27 [1/1] (0.00ns)   --->   "%br_ln303 = br i1 %icmp_ln303, void %if.else20, void %if.then9" [firmware/nnet_utils/nnet_conv_stream.h:303]   --->   Operation 27 'br' 'br_ln303' <Predicate = true> <Delay = 0.00>
ST_2 : Operation 28 [1/1] (0.42ns)   --->   "%store_ln316 = store i32 %add_ln303, i32 %pX_2" [firmware/nnet_utils/nnet_conv_stream.h:316]   --->   Operation 28 'store' 'store_ln316' <Predicate = (!icmp_ln303)> <Delay = 0.42>
ST_2 : Operation 29 [1/1] (1.01ns)   --->   "%add_ln318 = add i32 %sX_2_load, i32 1" [firmware/nnet_utils/nnet_conv_stream.h:318]   --->   Operation 29 'add' 'add_ln318' <Predicate = (!icmp_ln284 & !icmp_ln303)> <Delay = 1.01> <CoreInst = "Adder">   --->   Core 1 'Adder' <Latency = 0> <II = 1> <Delay = 1.01> <FuncUnit> <Opcode : 'add' 'sub'> <InPorts = 2> <OutPorts = 1>
ST_2 : Operation 30 [1/1] (0.44ns)   --->   "%select_ln318 = select i1 %icmp_ln284, i32 2, i32 %add_ln318" [firmware/nnet_utils/nnet_conv_stream.h:318]   --->   Operation 30 'select' 'select_ln318' <Predicate = (!icmp_ln303)> <Delay = 0.44> <CoreInst = "Sel">   --->   Core 73 'Sel' <Latency = 0> <II = 1> <Delay = 0.44> <FuncUnit> <Opcode : 'select'> <InPorts = 3> <OutPorts = 1>
ST_2 : Operation 31 [1/1] (0.42ns)   --->   "%store_ln318 = store i32 %select_ln318, i32 %sX_2" [firmware/nnet_utils/nnet_conv_stream.h:318]   --->   Operation 31 'store' 'store_ln318' <Predicate = (!icmp_ln303)> <Delay = 0.42>
ST_2 : Operation 32 [1/1] (0.00ns)   --->   "%br_ln0 = br void %if.end31"   --->   Operation 32 'br' 'br_ln0' <Predicate = (!icmp_ln303)> <Delay = 0.00>
ST_2 : Operation 33 [1/1] (0.42ns)   --->   "%store_ln305 = store i32 0, i32 %pX_2" [firmware/nnet_utils/nnet_conv_stream.h:305]   --->   Operation 33 'store' 'store_ln305' <Predicate = (icmp_ln303)> <Delay = 0.42>
ST_2 : Operation 34 [1/1] (0.42ns)   --->   "%store_ln306 = store i32 0, i32 %sX_2" [firmware/nnet_utils/nnet_conv_stream.h:306]   --->   Operation 34 'store' 'store_ln306' <Predicate = (icmp_ln303)> <Delay = 0.42>
ST_2 : Operation 35 [1/1] (1.01ns)   --->   "%add_ln307 = add i32 %pY_2_load, i32 1" [firmware/nnet_utils/nnet_conv_stream.h:307]   --->   Operation 35 'add' 'add_ln307' <Predicate = (icmp_ln303)> <Delay = 1.01> <CoreInst = "Adder">   --->   Core 1 'Adder' <Latency = 0> <II = 1> <Delay = 1.01> <FuncUnit> <Opcode : 'add' 'sub'> <InPorts = 2> <OutPorts = 1>
ST_2 : Operation 36 [1/1] (1.01ns)   --->   "%icmp_ln307 = icmp_eq  i32 %add_ln307, i32 28" [firmware/nnet_utils/nnet_conv_stream.h:307]   --->   Operation 36 'icmp' 'icmp_ln307' <Predicate = (icmp_ln303)> <Delay = 1.01> <CoreInst = "Cmp">   --->   Core 9 'Cmp' <Latency = 0> <II = 1> <Delay = 1.01> <FuncUnit> <Opcode : 'seteq' 'setne' 'setle' 'setge' 'setlt' 'setgt'> <InPorts = 2> <OutPorts = 1>
ST_2 : Operation 37 [1/1] (0.00ns)   --->   "%br_ln307 = br i1 %icmp_ln307, void %if.else, void %if.then12" [firmware/nnet_utils/nnet_conv_stream.h:307]   --->   Operation 37 'br' 'br_ln307' <Predicate = (icmp_ln303)> <Delay = 0.00>
ST_2 : Operation 38 [1/1] (0.42ns)   --->   "%store_ln311 = store i32 %add_ln307, i32 %pY_2" [firmware/nnet_utils/nnet_conv_stream.h:311]   --->   Operation 38 'store' 'store_ln311' <Predicate = (icmp_ln303 & !icmp_ln307)> <Delay = 0.42>
ST_2 : Operation 39 [1/1] (1.01ns)   --->   "%icmp_ln313 = icmp_eq  i32 %sY_2_load, i32 2" [firmware/nnet_utils/nnet_conv_stream.h:313]   --->   Operation 39 'icmp' 'icmp_ln313' <Predicate = (icmp_ln303 & !icmp_ln307)> <Delay = 1.01> <CoreInst = "Cmp">   --->   Core 9 'Cmp' <Latency = 0> <II = 1> <Delay = 1.01> <FuncUnit> <Opcode : 'seteq' 'setne' 'setle' 'setge' 'setlt' 'setgt'> <InPorts = 2> <OutPorts = 1>
ST_2 : Operation 40 [1/1] (1.01ns)   --->   "%add_ln313 = add i32 %sY_2_load, i32 1" [firmware/nnet_utils/nnet_conv_stream.h:313]   --->   Operation 40 'add' 'add_ln313' <Predicate = (icmp_ln303 & !icmp_ln307)> <Delay = 1.01> <CoreInst = "Adder">   --->   Core 1 'Adder' <Latency = 0> <II = 1> <Delay = 1.01> <FuncUnit> <Opcode : 'add' 'sub'> <InPorts = 2> <OutPorts = 1>
ST_2 : Operation 41 [1/1] (0.44ns)   --->   "%select_ln313 = select i1 %icmp_ln313, i32 2, i32 %add_ln313" [firmware/nnet_utils/nnet_conv_stream.h:313]   --->   Operation 41 'select' 'select_ln313' <Predicate = (icmp_ln303 & !icmp_ln307)> <Delay = 0.44> <CoreInst = "Sel">   --->   Core 73 'Sel' <Latency = 0> <II = 1> <Delay = 0.44> <FuncUnit> <Opcode : 'select'> <InPorts = 3> <OutPorts = 1>
ST_2 : Operation 42 [1/1] (0.42ns)   --->   "%br_ln0 = br void %if.end19"   --->   Operation 42 'br' 'br_ln0' <Predicate = (icmp_ln303 & !icmp_ln307)> <Delay = 0.42>
ST_2 : Operation 43 [1/1] (0.42ns)   --->   "%store_ln308 = store i32 0, i32 %pY_2" [firmware/nnet_utils/nnet_conv_stream.h:308]   --->   Operation 43 'store' 'store_ln308' <Predicate = (icmp_ln303 & icmp_ln307)> <Delay = 0.42>
ST_2 : Operation 44 [1/1] (0.42ns)   --->   "%br_ln310 = br void %if.end19" [firmware/nnet_utils/nnet_conv_stream.h:310]   --->   Operation 44 'br' 'br_ln310' <Predicate = (icmp_ln303 & icmp_ln307)> <Delay = 0.42>
ST_2 : Operation 45 [1/1] (0.00ns)   --->   "%storemerge = phi i32 %select_ln313, void %if.else, i32 0, void %if.then12" [firmware/nnet_utils/nnet_conv_stream.h:313]   --->   Operation 45 'phi' 'storemerge' <Predicate = (icmp_ln303)> <Delay = 0.00>
ST_2 : Operation 46 [1/1] (0.00ns)   --->   "%store_ln313 = store i32 %storemerge, i32 %sY_2" [firmware/nnet_utils/nnet_conv_stream.h:313]   --->   Operation 46 'store' 'store_ln313' <Predicate = (icmp_ln303)> <Delay = 0.00>
ST_2 : Operation 47 [1/1] (0.00ns)   --->   "%br_ln315 = br void %if.end31" [firmware/nnet_utils/nnet_conv_stream.h:315]   --->   Operation 47 'br' 'br_ln315' <Predicate = (icmp_ln303)> <Delay = 0.00>
ST_2 : Operation 48 [1/1] (0.00ns)   --->   "%ret_ln320 = ret" [firmware/nnet_utils/nnet_conv_stream.h:320]   --->   Operation 48 'ret' 'ret_ln320' <Predicate = true> <Delay = 0.00>


============================================================
+ Verbose Summary: Binding
============================================================
STG Binding: 
---------------- STG Properties BEGIN ----------------
- Is combinational: 0
- Is one-state seq: 0
- Is datapath-only: 0
- Is pipelined: 1
- Is top level: 0
Port [ Return ] is wired: 1; IO mode=ap_ctrl_hs:ce=0
Port [ in_elem_0_0_0_0_0_val]:  wired=1; compound=0; hidden=0; nouse=0; global=0; static=0; extern=0; dir=0; type=0; pingpong=0; private_global=0; IO mode=ap_none:ce=0
Port [ layer3_out]:  wired=1; compound=1; hidden=0; nouse=0; global=0; static=0; extern=0; dir=1; type=3; pingpong=0; private_global=0; IO mode=ap_fifo:ce=0
Port [ void_compute_output_buffer_2d_array_const_ap_shift_reg_n_chan_stream_weig_1]:  wired=0; compound=0; hidden=1; nouse=0; global=1; static=1; extern=0; dir=2; type=0; pingpong=0; private_global=1; IO mode=ap_ovld:ce=0
Port [ void_compute_output_buffer_2d_array_const_ap_shift_reg_n_chan_stream_weig_2]:  wired=0; compound=0; hidden=1; nouse=0; global=1; static=1; extern=0; dir=2; type=0; pingpong=0; private_global=1; IO mode=ap_ovld:ce=0
Port [ void_compute_output_buffer_2d_array_const_ap_shift_reg_n_chan_stream_weig]:  wired=0; compound=0; hidden=1; nouse=1; global=1; static=1; extern=0; dir=2; type=0; pingpong=0; private_global=0; IO mode=ap_ovld:ce=0
Port [ void_conv_2d_buffer_latency_cl_stream_stream_weight_t_bias_t_line_buffer_1]:  wired=0; compound=1; hidden=1; nouse=1; global=1; static=1; extern=0; dir=3; type=1; pingpong=0; private_global=0; MemPort=[2]; IO mode=ap_memory:ce=0
Port [ void_conv_2d_buffer_latency_cl_stream_stream_weight_t_bias_t_line_buffer]:  wired=0; compound=1; hidden=1; nouse=1; global=1; static=1; extern=0; dir=3; type=1; pingpong=0; private_global=0; MemPort=[2]; IO mode=ap_memory:ce=0
Port [ sX_2]:  wired=0; compound=0; hidden=1; nouse=0; global=1; static=1; extern=0; dir=2; type=0; pingpong=0; private_global=1; IO mode=ap_ovld:ce=0
Port [ sY_2]:  wired=0; compound=0; hidden=1; nouse=0; global=1; static=1; extern=0; dir=2; type=0; pingpong=0; private_global=1; IO mode=ap_ovld:ce=0
Port [ pY_2]:  wired=0; compound=0; hidden=1; nouse=0; global=1; static=1; extern=0; dir=2; type=0; pingpong=0; private_global=1; IO mode=ap_ovld:ce=0
Port [ pX_2]:  wired=0; compound=0; hidden=1; nouse=0; global=1; static=1; extern=0; dir=2; type=0; pingpong=0; private_global=1; IO mode=ap_ovld:ce=0
---------------- STG Properties END ------------------

---------------- Datapath Model BEGIN ----------------

<LifeTime>
<method=bitvector/>
specinterface_ln0          (specinterface ) [ 000]
in_elem_0_0_0_0_0_val_read (read          ) [ 000]
call_ln281                 (call          ) [ 000]
sX_2_load                  (load          ) [ 001]
icmp_ln284                 (icmp          ) [ 011]
sY_2_load                  (load          ) [ 001]
pY_2_load                  (load          ) [ 001]
pX_2_load                  (load          ) [ 001]
br_ln284                   (br            ) [ 000]
icmp_ln284_1               (icmp          ) [ 000]
tmp                        (partselect    ) [ 000]
icmp_ln284_2               (icmp          ) [ 000]
tmp_375                    (partselect    ) [ 000]
icmp_ln284_3               (icmp          ) [ 000]
and_ln284                  (and           ) [ 000]
and_ln284_1                (and           ) [ 001]
br_ln284                   (br            ) [ 000]
res_out                    (call          ) [ 000]
or_ln299_1                 (bitconcatenate) [ 000]
zext_ln299                 (zext          ) [ 000]
write_ln299                (write         ) [ 000]
br_ln300                   (br            ) [ 000]
add_ln303                  (add           ) [ 000]
icmp_ln303                 (icmp          ) [ 001]
br_ln303                   (br            ) [ 000]
store_ln316                (store         ) [ 000]
add_ln318                  (add           ) [ 000]
select_ln318               (select        ) [ 000]
store_ln318                (store         ) [ 000]
br_ln0                     (br            ) [ 000]
store_ln305                (store         ) [ 000]
store_ln306                (store         ) [ 000]
add_ln307                  (add           ) [ 000]
icmp_ln307                 (icmp          ) [ 001]
br_ln307                   (br            ) [ 000]
store_ln311                (store         ) [ 000]
icmp_ln313                 (icmp          ) [ 000]
add_ln313                  (add           ) [ 000]
select_ln313               (select        ) [ 000]
br_ln0                     (br            ) [ 000]
store_ln308                (store         ) [ 000]
br_ln310                   (br            ) [ 000]
storemerge                 (phi           ) [ 000]
store_ln313                (store         ) [ 000]
br_ln315                   (br            ) [ 000]
ret_ln320                  (ret           ) [ 000]
</LifeTime>

<model>

<comp_list>
<comp id="0" class="1000" name="in_elem_0_0_0_0_0_val">
<pin_list>
<pin id="1" dir="1" index="0" bw="1" slack="0"/>
</pin_list>
<bind>
<StgValue><ssdm name="in_elem_0_0_0_0_0_val"/></StgValue>
</bind>
</comp>

<comp id="2" class="1000" name="layer3_out">
<pin_list>
<pin id="3" dir="1" index="0" bw="1" slack="0"/>
</pin_list>
<bind>
<StgValue><ssdm name="layer3_out"/></StgValue>
</bind>
</comp>

<comp id="4" class="1000" name="void_compute_output_buffer_2d_array_const_ap_shift_reg_n_chan_stream_weig_1">
<pin_list>
<pin id="5" dir="1" index="0" bw="1" slack="0"/>
</pin_list>
<bind>
<StgValue><ssdm name="void_compute_output_buffer_2d_array_const_ap_shift_reg_n_chan_stream_weig_1"/></StgValue>
</bind>
</comp>

<comp id="6" class="1000" name="void_compute_output_buffer_2d_array_const_ap_shift_reg_n_chan_stream_weig_2">
<pin_list>
<pin id="7" dir="1" index="0" bw="1" slack="0"/>
</pin_list>
<bind>
<StgValue><ssdm name="void_compute_output_buffer_2d_array_const_ap_shift_reg_n_chan_stream_weig_2"/></StgValue>
</bind>
</comp>

<comp id="8" class="1000" name="void_compute_output_buffer_2d_array_const_ap_shift_reg_n_chan_stream_weig">
<pin_list>
<pin id="9" dir="1" index="0" bw="1" slack="0"/>
</pin_list>
<bind>
<StgValue><ssdm name="void_compute_output_buffer_2d_array_const_ap_shift_reg_n_chan_stream_weig"/></StgValue>
</bind>
</comp>

<comp id="10" class="1000" name="void_conv_2d_buffer_latency_cl_stream_stream_weight_t_bias_t_line_buffer_1">
<pin_list>
<pin id="11" dir="1" index="0" bw="1" slack="0"/>
</pin_list>
<bind>
<StgValue><ssdm name="void_conv_2d_buffer_latency_cl_stream_stream_weight_t_bias_t_line_buffer_1"/><MemPortTyVec>2 </MemPortTyVec>
</StgValue>
</bind>
</comp>

<comp id="12" class="1000" name="void_conv_2d_buffer_latency_cl_stream_stream_weight_t_bias_t_line_buffer">
<pin_list>
<pin id="13" dir="1" index="0" bw="1" slack="0"/>
</pin_list>
<bind>
<StgValue><ssdm name="void_conv_2d_buffer_latency_cl_stream_stream_weight_t_bias_t_line_buffer"/><MemPortTyVec>2 </MemPortTyVec>
</StgValue>
</bind>
</comp>

<comp id="14" class="1000" name="sX_2">
<pin_list>
<pin id="15" dir="1" index="0" bw="1" slack="0"/>
</pin_list>
<bind>
<StgValue><ssdm name="sX_2"/></StgValue>
</bind>
</comp>

<comp id="16" class="1000" name="sY_2">
<pin_list>
<pin id="17" dir="1" index="0" bw="1" slack="0"/>
</pin_list>
<bind>
<StgValue><ssdm name="sY_2"/></StgValue>
</bind>
</comp>

<comp id="18" class="1000" name="pY_2">
<pin_list>
<pin id="19" dir="1" index="0" bw="1" slack="0"/>
</pin_list>
<bind>
<StgValue><ssdm name="pY_2"/></StgValue>
</bind>
</comp>

<comp id="20" class="1000" name="pX_2">
<pin_list>
<pin id="21" dir="1" index="0" bw="1" slack="0"/>
</pin_list>
<bind>
<StgValue><ssdm name="pX_2"/></StgValue>
</bind>
</comp>

<comp id="22" class="1001" name="const_22">
<pin_list>
<pin id="23" dir="1" index="0" bw="1" slack="2147483647"/>
</pin_list>
<bind>
<StgValue><ssdm name="_ssdm_op_SpecInterface"/></StgValue>
</bind>
</comp>

<comp id="24" class="1001" name="const_24">
<pin_list>
<pin id="25" dir="1" index="0" bw="1" slack="2147483647"/>
</pin_list>
<bind>
<StgValue><ssdm name="empty_17"/></StgValue>
</bind>
</comp>

<comp id="26" class="1001" name="const_26">
<pin_list>
<pin id="27" dir="1" index="0" bw="1" slack="0"/>
</pin_list>
<bind>
<StgValue><ssdm name=""/></StgValue>
</bind>
</comp>

<comp id="28" class="1001" name="const_28">
<pin_list>
<pin id="29" dir="1" index="0" bw="1" slack="2147483647"/>
</pin_list>
<bind>
<StgValue><ssdm name="empty_6"/></StgValue>
</bind>
</comp>

<comp id="30" class="1001" name="const_30">
<pin_list>
<pin id="31" dir="1" index="0" bw="1" slack="2147483647"/>
</pin_list>
<bind>
<StgValue><ssdm name=""/></StgValue>
</bind>
</comp>

<comp id="32" class="1001" name="const_32">
<pin_list>
<pin id="33" dir="1" index="0" bw="1" slack="0"/>
</pin_list>
<bind>
<StgValue><ssdm name="_ssdm_op_Read.ap_auto.i4"/></StgValue>
</bind>
</comp>

<comp id="34" class="1001" name="const_34">
<pin_list>
<pin id="35" dir="1" index="0" bw="1" slack="0"/>
</pin_list>
<bind>
<StgValue><ssdm name="shift_line_buffer<array<ap_ufixed<4, 2, 0, 3, 0>, 1u>, config3>"/></StgValue>
</bind>
</comp>

<comp id="36" class="1001" name="const_36">
<pin_list>
<pin id="37" dir="1" index="0" bw="1" slack="0"/>
</pin_list>
<bind>
<StgValue><ssdm name=""/></StgValue>
</bind>
</comp>

<comp id="38" class="1001" name="const_38">
<pin_list>
<pin id="39" dir="1" index="0" bw="1" slack="0"/>
</pin_list>
<bind>
<StgValue><ssdm name="_ssdm_op_PartSelect.i31.i32.i32.i32"/></StgValue>
</bind>
</comp>

<comp id="40" class="1001" name="const_40">
<pin_list>
<pin id="41" dir="1" index="0" bw="1" slack="0"/>
</pin_list>
<bind>
<StgValue><ssdm name=""/></StgValue>
</bind>
</comp>

<comp id="42" class="1001" name="const_42">
<pin_list>
<pin id="43" dir="1" index="0" bw="1" slack="0"/>
</pin_list>
<bind>
<StgValue><ssdm name=""/></StgValue>
</bind>
</comp>

<comp id="44" class="1001" name="const_44">
<pin_list>
<pin id="45" dir="1" index="0" bw="1" slack="0"/>
</pin_list>
<bind>
<StgValue><ssdm name=""/></StgValue>
</bind>
</comp>

<comp id="46" class="1001" name="const_46">
<pin_list>
<pin id="47" dir="1" index="0" bw="1" slack="0"/>
</pin_list>
<bind>
<StgValue><ssdm name="dense_latency<ap_ufixed<4, 2, 0, 3, 0>, ap_ufixed<5, 3, 5, 3, 0>, config3_mult>"/></StgValue>
</bind>
</comp>

<comp id="48" class="1001" name="const_48">
<pin_list>
<pin id="49" dir="1" index="0" bw="1" slack="0"/>
</pin_list>
<bind>
<StgValue><ssdm name="_ssdm_op_BitConcatenate.i45.i5.i40"/></StgValue>
</bind>
</comp>

<comp id="50" class="1001" name="const_50">
<pin_list>
<pin id="51" dir="1" index="0" bw="1" slack="0"/>
</pin_list>
<bind>
<StgValue><ssdm name=""/></StgValue>
</bind>
</comp>

<comp id="52" class="1001" name="const_52">
<pin_list>
<pin id="53" dir="1" index="0" bw="1" slack="0"/>
</pin_list>
<bind>
<StgValue><ssdm name="_ssdm_op_Write.ap_fifo.volatile.i80P0A"/></StgValue>
</bind>
</comp>

<comp id="54" class="1001" name="const_54">
<pin_list>
<pin id="55" dir="1" index="0" bw="1" slack="0"/>
</pin_list>
<bind>
<StgValue><ssdm name=""/></StgValue>
</bind>
</comp>

<comp id="56" class="1004" name="in_elem_0_0_0_0_0_val_read_read_fu_56">
<pin_list>
<pin id="57" dir="0" index="0" bw="4" slack="0"/>
<pin id="58" dir="0" index="1" bw="4" slack="0"/>
<pin id="59" dir="1" index="2" bw="4" slack="0"/>
</pin_list>
<bind>
<opcode="read(1150) " fcode="read"/>
<opset="in_elem_0_0_0_0_0_val_read/1 "/>
</bind>
</comp>

<comp id="62" class="1004" name="write_ln299_write_fu_62">
<pin_list>
<pin id="63" dir="0" index="0" bw="0" slack="0"/>
<pin id="64" dir="0" index="1" bw="80" slack="0"/>
<pin id="65" dir="0" index="2" bw="45" slack="0"/>
<pin id="66" dir="1" index="3" bw="0" slack="2147483647"/>
</pin_list>
<bind>
<opcode="write(1151) " fcode="write"/>
<opset="write_ln299/2 "/>
</bind>
</comp>

<comp id="69" class="1005" name="storemerge_reg_69">
<pin_list>
<pin id="70" dir="0" index="0" bw="32" slack="2147483647"/>
<pin id="71" dir="1" index="1" bw="32" slack="2147483647"/>
</pin_list>
<bind>
<opset="storemerge (phireg) "/>
</bind>
</comp>

<comp id="72" class="1004" name="storemerge_phi_fu_72">
<pin_list>
<pin id="73" dir="0" index="0" bw="32" slack="0"/>
<pin id="74" dir="0" index="1" bw="0" slack="2147483647"/>
<pin id="75" dir="0" index="2" bw="1" slack="0"/>
<pin id="76" dir="0" index="3" bw="0" slack="2147483647"/>
<pin id="77" dir="1" index="4" bw="32" slack="0"/>
</pin_list>
<bind>
<opcode="phi(47) " fcode="phi"/>
<opset="storemerge/2 "/>
</bind>
</comp>

<comp id="79" class="1004" name="call_ln281_shift_line_buffer_array_ap_ufixed_4_2_0_3_0_1u_config3_s_fu_79">
<pin_list>
<pin id="80" dir="0" index="0" bw="0" slack="0"/>
<pin id="81" dir="0" index="1" bw="4" slack="0"/>
<pin id="82" dir="0" index="2" bw="4" slack="0"/>
<pin id="83" dir="0" index="3" bw="4" slack="0"/>
<pin id="84" dir="0" index="4" bw="4" slack="0"/>
<pin id="85" dir="0" index="5" bw="4" slack="0"/>
<pin id="86" dir="0" index="6" bw="4" slack="0"/>
<pin id="87" dir="1" index="7" bw="0" slack="2147483647"/>
</pin_list>
<bind>
<opcode="call(48) " fcode="call"/>
<opset="call_ln281/1 "/>
</bind>
</comp>

<comp id="95" class="1004" name="res_out_dense_latency_ap_ufixed_4_2_0_3_0_ap_ufixed_5_3_5_3_0_config3_mult_s_fu_95">
<pin_list>
<pin id="96" dir="0" index="0" bw="5" slack="0"/>
<pin id="97" dir="0" index="1" bw="4" slack="0"/>
<pin id="98" dir="0" index="2" bw="4" slack="0"/>
<pin id="99" dir="1" index="3" bw="5" slack="0"/>
</pin_list>
<bind>
<opcode="call(48) " fcode="call"/>
<opset="res_out/2 "/>
</bind>
</comp>

<comp id="103" class="1004" name="sX_2_load_load_fu_103">
<pin_list>
<pin id="104" dir="0" index="0" bw="32" slack="0"/>
<pin id="105" dir="1" index="1" bw="32" slack="0"/>
</pin_list>
<bind>
<opcode="load(27) " fcode="load"/>
<opset="sX_2_load/1 "/>
</bind>
</comp>

<comp id="107" class="1004" name="icmp_ln284_fu_107">
<pin_list>
<pin id="108" dir="0" index="0" bw="32" slack="0"/>
<pin id="109" dir="0" index="1" bw="32" slack="0"/>
<pin id="110" dir="1" index="2" bw="1" slack="1"/>
</pin_list>
<bind>
<opcode="icmp(45) " fcode="icmp"/>
<opset="icmp_ln284/1 "/>
</bind>
</comp>

<comp id="113" class="1004" name="sY_2_load_load_fu_113">
<pin_list>
<pin id="114" dir="0" index="0" bw="32" slack="0"/>
<pin id="115" dir="1" index="1" bw="32" slack="0"/>
</pin_list>
<bind>
<opcode="load(27) " fcode="load"/>
<opset="sY_2_load/1 "/>
</bind>
</comp>

<comp id="117" class="1004" name="pY_2_load_load_fu_117">
<pin_list>
<pin id="118" dir="0" index="0" bw="32" slack="0"/>
<pin id="119" dir="1" index="1" bw="32" slack="0"/>
</pin_list>
<bind>
<opcode="load(27) " fcode="load"/>
<opset="pY_2_load/1 "/>
</bind>
</comp>

<comp id="121" class="1004" name="pX_2_load_load_fu_121">
<pin_list>
<pin id="122" dir="0" index="0" bw="32" slack="0"/>
<pin id="123" dir="1" index="1" bw="32" slack="0"/>
</pin_list>
<bind>
<opcode="load(27) " fcode="load"/>
<opset="pX_2_load/1 "/>
</bind>
</comp>

<comp id="125" class="1004" name="icmp_ln284_1_fu_125">
<pin_list>
<pin id="126" dir="0" index="0" bw="32" slack="0"/>
<pin id="127" dir="0" index="1" bw="32" slack="0"/>
<pin id="128" dir="1" index="2" bw="1" slack="0"/>
</pin_list>
<bind>
<opcode="icmp(45) " fcode="icmp"/>
<opset="icmp_ln284_1/1 "/>
</bind>
</comp>

<comp id="131" class="1004" name="tmp_fu_131">
<pin_list>
<pin id="132" dir="0" index="0" bw="31" slack="0"/>
<pin id="133" dir="0" index="1" bw="32" slack="0"/>
<pin id="134" dir="0" index="2" bw="1" slack="0"/>
<pin id="135" dir="0" index="3" bw="6" slack="0"/>
<pin id="136" dir="1" index="4" bw="31" slack="0"/>
</pin_list>
<bind>
<opcode="partselect(1002) " fcode="partselect"/>
<opset="tmp/1 "/>
</bind>
</comp>

<comp id="141" class="1004" name="icmp_ln284_2_fu_141">
<pin_list>
<pin id="142" dir="0" index="0" bw="31" slack="0"/>
<pin id="143" dir="0" index="1" bw="31" slack="0"/>
<pin id="144" dir="1" index="2" bw="1" slack="0"/>
</pin_list>
<bind>
<opcode="icmp(45) " fcode="icmp"/>
<opset="icmp_ln284_2/1 "/>
</bind>
</comp>

<comp id="147" class="1004" name="tmp_375_fu_147">
<pin_list>
<pin id="148" dir="0" index="0" bw="31" slack="0"/>
<pin id="149" dir="0" index="1" bw="32" slack="0"/>
<pin id="150" dir="0" index="2" bw="1" slack="0"/>
<pin id="151" dir="0" index="3" bw="6" slack="0"/>
<pin id="152" dir="1" index="4" bw="31" slack="0"/>
</pin_list>
<bind>
<opcode="partselect(1002) " fcode="partselect"/>
<opset="tmp_375/1 "/>
</bind>
</comp>

<comp id="157" class="1004" name="icmp_ln284_3_fu_157">
<pin_list>
<pin id="158" dir="0" index="0" bw="31" slack="0"/>
<pin id="159" dir="0" index="1" bw="31" slack="0"/>
<pin id="160" dir="1" index="2" bw="1" slack="0"/>
</pin_list>
<bind>
<opcode="icmp(45) " fcode="icmp"/>
<opset="icmp_ln284_3/1 "/>
</bind>
</comp>

<comp id="163" class="1004" name="and_ln284_fu_163">
<pin_list>
<pin id="164" dir="0" index="0" bw="1" slack="0"/>
<pin id="165" dir="0" index="1" bw="1" slack="0"/>
<pin id="166" dir="1" index="2" bw="1" slack="0"/>
</pin_list>
<bind>
<opcode="and(23) " fcode="and"/>
<opset="and_ln284/1 "/>
</bind>
</comp>

<comp id="169" class="1004" name="and_ln284_1_fu_169">
<pin_list>
<pin id="170" dir="0" index="0" bw="1" slack="0"/>
<pin id="171" dir="0" index="1" bw="1" slack="0"/>
<pin id="172" dir="1" index="2" bw="1" slack="1"/>
</pin_list>
<bind>
<opcode="and(23) " fcode="and"/>
<opset="and_ln284_1/1 "/>
</bind>
</comp>

<comp id="175" class="1004" name="or_ln299_1_fu_175">
<pin_list>
<pin id="176" dir="0" index="0" bw="45" slack="0"/>
<pin id="177" dir="0" index="1" bw="5" slack="0"/>
<pin id="178" dir="0" index="2" bw="1" slack="0"/>
<pin id="179" dir="1" index="3" bw="45" slack="0"/>
</pin_list>
<bind>
<opcode="bitconcatenate(1004) " fcode="bitconcatenate"/>
<opset="or_ln299_1/2 "/>
</bind>
</comp>

<comp id="183" class="1004" name="zext_ln299_fu_183">
<pin_list>
<pin id="184" dir="0" index="0" bw="45" slack="0"/>
<pin id="185" dir="1" index="1" bw="80" slack="0"/>
</pin_list>
<bind>
<opcode="zext(34) " fcode="zext"/>
<opset="zext_ln299/2 "/>
</bind>
</comp>

<comp id="188" class="1004" name="add_ln303_fu_188">
<pin_list>
<pin id="189" dir="0" index="0" bw="32" slack="1"/>
<pin id="190" dir="0" index="1" bw="1" slack="0"/>
<pin id="191" dir="1" index="2" bw="32" slack="0"/>
</pin_list>
<bind>
<opcode="add(8) " fcode="add"/>
<opset="add_ln303/2 "/>
</bind>
</comp>

<comp id="193" class="1004" name="icmp_ln303_fu_193">
<pin_list>
<pin id="194" dir="0" index="0" bw="32" slack="0"/>
<pin id="195" dir="0" index="1" bw="32" slack="0"/>
<pin id="196" dir="1" index="2" bw="1" slack="2147483647"/>
</pin_list>
<bind>
<opcode="icmp(45) " fcode="icmp"/>
<opset="icmp_ln303/2 "/>
</bind>
</comp>

<comp id="199" class="1004" name="store_ln316_store_fu_199">
<pin_list>
<pin id="200" dir="0" index="0" bw="32" slack="0"/>
<pin id="201" dir="0" index="1" bw="32" slack="0"/>
<pin id="202" dir="1" index="2" bw="0" slack="2147483647"/>
</pin_list>
<bind>
<opcode="store(28) " fcode="store"/>
<opset="store_ln316/2 "/>
</bind>
</comp>

<comp id="205" class="1004" name="add_ln318_fu_205">
<pin_list>
<pin id="206" dir="0" index="0" bw="32" slack="1"/>
<pin id="207" dir="0" index="1" bw="1" slack="0"/>
<pin id="208" dir="1" index="2" bw="32" slack="0"/>
</pin_list>
<bind>
<opcode="add(8) " fcode="add"/>
<opset="add_ln318/2 "/>
</bind>
</comp>

<comp id="210" class="1004" name="select_ln318_fu_210">
<pin_list>
<pin id="211" dir="0" index="0" bw="1" slack="1"/>
<pin id="212" dir="0" index="1" bw="32" slack="0"/>
<pin id="213" dir="0" index="2" bw="32" slack="0"/>
<pin id="214" dir="1" index="3" bw="32" slack="0"/>
</pin_list>
<bind>
<opcode="select(49) " fcode="select"/>
<opset="select_ln318/2 "/>
</bind>
</comp>

<comp id="217" class="1004" name="store_ln318_store_fu_217">
<pin_list>
<pin id="218" dir="0" index="0" bw="32" slack="0"/>
<pin id="219" dir="0" index="1" bw="32" slack="0"/>
<pin id="220" dir="1" index="2" bw="0" slack="2147483647"/>
</pin_list>
<bind>
<opcode="store(28) " fcode="store"/>
<opset="store_ln318/2 "/>
</bind>
</comp>

<comp id="223" class="1004" name="store_ln305_store_fu_223">
<pin_list>
<pin id="224" dir="0" index="0" bw="1" slack="0"/>
<pin id="225" dir="0" index="1" bw="32" slack="0"/>
<pin id="226" dir="1" index="2" bw="0" slack="2147483647"/>
</pin_list>
<bind>
<opcode="store(28) " fcode="store"/>
<opset="store_ln305/2 "/>
</bind>
</comp>

<comp id="229" class="1004" name="store_ln306_store_fu_229">
<pin_list>
<pin id="230" dir="0" index="0" bw="1" slack="0"/>
<pin id="231" dir="0" index="1" bw="32" slack="0"/>
<pin id="232" dir="1" index="2" bw="0" slack="2147483647"/>
</pin_list>
<bind>
<opcode="store(28) " fcode="store"/>
<opset="store_ln306/2 "/>
</bind>
</comp>

<comp id="235" class="1004" name="add_ln307_fu_235">
<pin_list>
<pin id="236" dir="0" index="0" bw="32" slack="1"/>
<pin id="237" dir="0" index="1" bw="1" slack="0"/>
<pin id="238" dir="1" index="2" bw="32" slack="0"/>
</pin_list>
<bind>
<opcode="add(8) " fcode="add"/>
<opset="add_ln307/2 "/>
</bind>
</comp>

<comp id="240" class="1004" name="icmp_ln307_fu_240">
<pin_list>
<pin id="241" dir="0" index="0" bw="32" slack="0"/>
<pin id="242" dir="0" index="1" bw="32" slack="0"/>
<pin id="243" dir="1" index="2" bw="1" slack="2147483647"/>
</pin_list>
<bind>
<opcode="icmp(45) " fcode="icmp"/>
<opset="icmp_ln307/2 "/>
</bind>
</comp>

<comp id="246" class="1004" name="store_ln311_store_fu_246">
<pin_list>
<pin id="247" dir="0" index="0" bw="32" slack="0"/>
<pin id="248" dir="0" index="1" bw="32" slack="0"/>
<pin id="249" dir="1" index="2" bw="0" slack="2147483647"/>
</pin_list>
<bind>
<opcode="store(28) " fcode="store"/>
<opset="store_ln311/2 "/>
</bind>
</comp>

<comp id="252" class="1004" name="icmp_ln313_fu_252">
<pin_list>
<pin id="253" dir="0" index="0" bw="32" slack="1"/>
<pin id="254" dir="0" index="1" bw="32" slack="0"/>
<pin id="255" dir="1" index="2" bw="1" slack="0"/>
</pin_list>
<bind>
<opcode="icmp(45) " fcode="icmp"/>
<opset="icmp_ln313/2 "/>
</bind>
</comp>

<comp id="257" class="1004" name="add_ln313_fu_257">
<pin_list>
<pin id="258" dir="0" index="0" bw="32" slack="1"/>
<pin id="259" dir="0" index="1" bw="1" slack="0"/>
<pin id="260" dir="1" index="2" bw="32" slack="0"/>
</pin_list>
<bind>
<opcode="add(8) " fcode="add"/>
<opset="add_ln313/2 "/>
</bind>
</comp>

<comp id="262" class="1004" name="select_ln313_fu_262">
<pin_list>
<pin id="263" dir="0" index="0" bw="1" slack="0"/>
<pin id="264" dir="0" index="1" bw="32" slack="0"/>
<pin id="265" dir="0" index="2" bw="32" slack="0"/>
<pin id="266" dir="1" index="3" bw="32" slack="0"/>
</pin_list>
<bind>
<opcode="select(49) " fcode="select"/>
<opset="select_ln313/2 "/>
</bind>
</comp>

<comp id="271" class="1004" name="store_ln308_store_fu_271">
<pin_list>
<pin id="272" dir="0" index="0" bw="1" slack="0"/>
<pin id="273" dir="0" index="1" bw="32" slack="0"/>
<pin id="274" dir="1" index="2" bw="0" slack="2147483647"/>
</pin_list>
<bind>
<opcode="store(28) " fcode="store"/>
<opset="store_ln308/2 "/>
</bind>
</comp>

<comp id="277" class="1004" name="store_ln313_store_fu_277">
<pin_list>
<pin id="278" dir="0" index="0" bw="32" slack="0"/>
<pin id="279" dir="0" index="1" bw="32" slack="0"/>
<pin id="280" dir="1" index="2" bw="0" slack="2147483647"/>
</pin_list>
<bind>
<opcode="store(28) " fcode="store"/>
<opset="store_ln313/2 "/>
</bind>
</comp>

<comp id="283" class="1005" name="sX_2_load_reg_283">
<pin_list>
<pin id="284" dir="0" index="0" bw="32" slack="1"/>
<pin id="285" dir="1" index="1" bw="32" slack="1"/>
</pin_list>
<bind>
<opset="sX_2_load "/>
</bind>
</comp>

<comp id="288" class="1005" name="icmp_ln284_reg_288">
<pin_list>
<pin id="289" dir="0" index="0" bw="1" slack="1"/>
<pin id="290" dir="1" index="1" bw="1" slack="1"/>
</pin_list>
<bind>
<opset="icmp_ln284 "/>
</bind>
</comp>

<comp id="293" class="1005" name="sY_2_load_reg_293">
<pin_list>
<pin id="294" dir="0" index="0" bw="32" slack="1"/>
<pin id="295" dir="1" index="1" bw="32" slack="1"/>
</pin_list>
<bind>
<opset="sY_2_load "/>
</bind>
</comp>

<comp id="299" class="1005" name="pY_2_load_reg_299">
<pin_list>
<pin id="300" dir="0" index="0" bw="32" slack="1"/>
<pin id="301" dir="1" index="1" bw="32" slack="1"/>
</pin_list>
<bind>
<opset="pY_2_load "/>
</bind>
</comp>

<comp id="304" class="1005" name="pX_2_load_reg_304">
<pin_list>
<pin id="305" dir="0" index="0" bw="32" slack="1"/>
<pin id="306" dir="1" index="1" bw="32" slack="1"/>
</pin_list>
<bind>
<opset="pX_2_load "/>
</bind>
</comp>

<comp id="309" class="1005" name="and_ln284_1_reg_309">
<pin_list>
<pin id="310" dir="0" index="0" bw="1" slack="1"/>
<pin id="311" dir="1" index="1" bw="1" slack="2147483647"/>
</pin_list>
<bind>
<opset="and_ln284_1 "/>
</bind>
</comp>

</comp_list>

<net_list>
<net id="60"><net_src comp="32" pin="0"/><net_sink comp="56" pin=0"/></net>

<net id="61"><net_src comp="0" pin="0"/><net_sink comp="56" pin=1"/></net>

<net id="67"><net_src comp="52" pin="0"/><net_sink comp="62" pin=0"/></net>

<net id="68"><net_src comp="2" pin="0"/><net_sink comp="62" pin=1"/></net>

<net id="78"><net_src comp="26" pin="0"/><net_sink comp="72" pin=2"/></net>

<net id="88"><net_src comp="34" pin="0"/><net_sink comp="79" pin=0"/></net>

<net id="89"><net_src comp="56" pin="2"/><net_sink comp="79" pin=1"/></net>

<net id="90"><net_src comp="4" pin="0"/><net_sink comp="79" pin=2"/></net>

<net id="91"><net_src comp="6" pin="0"/><net_sink comp="79" pin=3"/></net>

<net id="92"><net_src comp="8" pin="0"/><net_sink comp="79" pin=4"/></net>

<net id="93"><net_src comp="10" pin="0"/><net_sink comp="79" pin=5"/></net>

<net id="94"><net_src comp="12" pin="0"/><net_sink comp="79" pin=6"/></net>

<net id="100"><net_src comp="46" pin="0"/><net_sink comp="95" pin=0"/></net>

<net id="101"><net_src comp="6" pin="0"/><net_sink comp="95" pin=1"/></net>

<net id="102"><net_src comp="4" pin="0"/><net_sink comp="95" pin=2"/></net>

<net id="106"><net_src comp="14" pin="0"/><net_sink comp="103" pin=0"/></net>

<net id="111"><net_src comp="103" pin="1"/><net_sink comp="107" pin=0"/></net>

<net id="112"><net_src comp="36" pin="0"/><net_sink comp="107" pin=1"/></net>

<net id="116"><net_src comp="16" pin="0"/><net_sink comp="113" pin=0"/></net>

<net id="120"><net_src comp="18" pin="0"/><net_sink comp="117" pin=0"/></net>

<net id="124"><net_src comp="20" pin="0"/><net_sink comp="121" pin=0"/></net>

<net id="129"><net_src comp="113" pin="1"/><net_sink comp="125" pin=0"/></net>

<net id="130"><net_src comp="36" pin="0"/><net_sink comp="125" pin=1"/></net>

<net id="137"><net_src comp="38" pin="0"/><net_sink comp="131" pin=0"/></net>

<net id="138"><net_src comp="117" pin="1"/><net_sink comp="131" pin=1"/></net>

<net id="139"><net_src comp="40" pin="0"/><net_sink comp="131" pin=2"/></net>

<net id="140"><net_src comp="42" pin="0"/><net_sink comp="131" pin=3"/></net>

<net id="145"><net_src comp="131" pin="4"/><net_sink comp="141" pin=0"/></net>

<net id="146"><net_src comp="44" pin="0"/><net_sink comp="141" pin=1"/></net>

<net id="153"><net_src comp="38" pin="0"/><net_sink comp="147" pin=0"/></net>

<net id="154"><net_src comp="121" pin="1"/><net_sink comp="147" pin=1"/></net>

<net id="155"><net_src comp="40" pin="0"/><net_sink comp="147" pin=2"/></net>

<net id="156"><net_src comp="42" pin="0"/><net_sink comp="147" pin=3"/></net>

<net id="161"><net_src comp="147" pin="4"/><net_sink comp="157" pin=0"/></net>

<net id="162"><net_src comp="44" pin="0"/><net_sink comp="157" pin=1"/></net>

<net id="167"><net_src comp="141" pin="2"/><net_sink comp="163" pin=0"/></net>

<net id="168"><net_src comp="157" pin="2"/><net_sink comp="163" pin=1"/></net>

<net id="173"><net_src comp="163" pin="2"/><net_sink comp="169" pin=0"/></net>

<net id="174"><net_src comp="125" pin="2"/><net_sink comp="169" pin=1"/></net>

<net id="180"><net_src comp="48" pin="0"/><net_sink comp="175" pin=0"/></net>

<net id="181"><net_src comp="95" pin="3"/><net_sink comp="175" pin=1"/></net>

<net id="182"><net_src comp="50" pin="0"/><net_sink comp="175" pin=2"/></net>

<net id="186"><net_src comp="175" pin="3"/><net_sink comp="183" pin=0"/></net>

<net id="187"><net_src comp="183" pin="1"/><net_sink comp="62" pin=2"/></net>

<net id="192"><net_src comp="40" pin="0"/><net_sink comp="188" pin=1"/></net>

<net id="197"><net_src comp="188" pin="2"/><net_sink comp="193" pin=0"/></net>

<net id="198"><net_src comp="54" pin="0"/><net_sink comp="193" pin=1"/></net>

<net id="203"><net_src comp="188" pin="2"/><net_sink comp="199" pin=0"/></net>

<net id="204"><net_src comp="20" pin="0"/><net_sink comp="199" pin=1"/></net>

<net id="209"><net_src comp="40" pin="0"/><net_sink comp="205" pin=1"/></net>

<net id="215"><net_src comp="36" pin="0"/><net_sink comp="210" pin=1"/></net>

<net id="216"><net_src comp="205" pin="2"/><net_sink comp="210" pin=2"/></net>

<net id="221"><net_src comp="210" pin="3"/><net_sink comp="217" pin=0"/></net>

<net id="222"><net_src comp="14" pin="0"/><net_sink comp="217" pin=1"/></net>

<net id="227"><net_src comp="26" pin="0"/><net_sink comp="223" pin=0"/></net>

<net id="228"><net_src comp="20" pin="0"/><net_sink comp="223" pin=1"/></net>

<net id="233"><net_src comp="26" pin="0"/><net_sink comp="229" pin=0"/></net>

<net id="234"><net_src comp="14" pin="0"/><net_sink comp="229" pin=1"/></net>

<net id="239"><net_src comp="40" pin="0"/><net_sink comp="235" pin=1"/></net>

<net id="244"><net_src comp="235" pin="2"/><net_sink comp="240" pin=0"/></net>

<net id="245"><net_src comp="54" pin="0"/><net_sink comp="240" pin=1"/></net>

<net id="250"><net_src comp="235" pin="2"/><net_sink comp="246" pin=0"/></net>

<net id="251"><net_src comp="18" pin="0"/><net_sink comp="246" pin=1"/></net>

<net id="256"><net_src comp="36" pin="0"/><net_sink comp="252" pin=1"/></net>

<net id="261"><net_src comp="40" pin="0"/><net_sink comp="257" pin=1"/></net>

<net id="267"><net_src comp="252" pin="2"/><net_sink comp="262" pin=0"/></net>

<net id="268"><net_src comp="36" pin="0"/><net_sink comp="262" pin=1"/></net>

<net id="269"><net_src comp="257" pin="2"/><net_sink comp="262" pin=2"/></net>

<net id="270"><net_src comp="262" pin="3"/><net_sink comp="72" pin=0"/></net>

<net id="275"><net_src comp="26" pin="0"/><net_sink comp="271" pin=0"/></net>

<net id="276"><net_src comp="18" pin="0"/><net_sink comp="271" pin=1"/></net>

<net id="281"><net_src comp="72" pin="4"/><net_sink comp="277" pin=0"/></net>

<net id="282"><net_src comp="16" pin="0"/><net_sink comp="277" pin=1"/></net>

<net id="286"><net_src comp="103" pin="1"/><net_sink comp="283" pin=0"/></net>

<net id="287"><net_src comp="283" pin="1"/><net_sink comp="205" pin=0"/></net>

<net id="291"><net_src comp="107" pin="2"/><net_sink comp="288" pin=0"/></net>

<net id="292"><net_src comp="288" pin="1"/><net_sink comp="210" pin=0"/></net>

<net id="296"><net_src comp="113" pin="1"/><net_sink comp="293" pin=0"/></net>

<net id="297"><net_src comp="293" pin="1"/><net_sink comp="252" pin=0"/></net>

<net id="298"><net_src comp="293" pin="1"/><net_sink comp="257" pin=0"/></net>

<net id="302"><net_src comp="117" pin="1"/><net_sink comp="299" pin=0"/></net>

<net id="303"><net_src comp="299" pin="1"/><net_sink comp="235" pin=0"/></net>

<net id="307"><net_src comp="121" pin="1"/><net_sink comp="304" pin=0"/></net>

<net id="308"><net_src comp="304" pin="1"/><net_sink comp="188" pin=0"/></net>

<net id="312"><net_src comp="169" pin="2"/><net_sink comp="309" pin=0"/></net>

</net_list>

</model> 
---------------- Datapath Model END ------------------

* FSMD analyzer results:
  - Output states:
	Port: in_elem_0_0_0_0_0_val | {}
	Port: layer3_out | {2 }
	Port: void_compute_output_buffer_2d_array_const_ap_shift_reg_n_chan_stream_weig_1 | {1 }
	Port: void_compute_output_buffer_2d_array_const_ap_shift_reg_n_chan_stream_weig_2 | {1 }
	Port: void_compute_output_buffer_2d_array_const_ap_shift_reg_n_chan_stream_weig | {1 }
	Port: void_conv_2d_buffer_latency_cl_stream_stream_weight_t_bias_t_line_buffer_1 | {1 }
	Port: void_conv_2d_buffer_latency_cl_stream_stream_weight_t_bias_t_line_buffer | {1 }
	Port: sX_2 | {2 }
	Port: sY_2 | {2 }
	Port: pY_2 | {2 }
	Port: pX_2 | {2 }
 - Input state : 
	Port: compute_output_buffer_2d<array,array<ap_ufixed<5,3,5,3,0>,16u>,config3> : in_elem_0_0_0_0_0_val | {1 }
	Port: compute_output_buffer_2d<array,array<ap_ufixed<5,3,5,3,0>,16u>,config3> : layer3_out | {}
	Port: compute_output_buffer_2d<array,array<ap_ufixed<5,3,5,3,0>,16u>,config3> : void_compute_output_buffer_2d_array_const_ap_shift_reg_n_chan_stream_weig_1 | {1 2 }
	Port: compute_output_buffer_2d<array,array<ap_ufixed<5,3,5,3,0>,16u>,config3> : void_compute_output_buffer_2d_array_const_ap_shift_reg_n_chan_stream_weig_2 | {2 }
	Port: compute_output_buffer_2d<array,array<ap_ufixed<5,3,5,3,0>,16u>,config3> : void_compute_output_buffer_2d_array_const_ap_shift_reg_n_chan_stream_weig | {1 }
	Port: compute_output_buffer_2d<array,array<ap_ufixed<5,3,5,3,0>,16u>,config3> : void_conv_2d_buffer_latency_cl_stream_stream_weight_t_bias_t_line_buffer_1 | {1 }
	Port: compute_output_buffer_2d<array,array<ap_ufixed<5,3,5,3,0>,16u>,config3> : void_conv_2d_buffer_latency_cl_stream_stream_weight_t_bias_t_line_buffer | {1 }
	Port: compute_output_buffer_2d<array,array<ap_ufixed<5,3,5,3,0>,16u>,config3> : sX_2 | {1 }
	Port: compute_output_buffer_2d<array,array<ap_ufixed<5,3,5,3,0>,16u>,config3> : sY_2 | {1 }
	Port: compute_output_buffer_2d<array,array<ap_ufixed<5,3,5,3,0>,16u>,config3> : pY_2 | {1 }
	Port: compute_output_buffer_2d<array,array<ap_ufixed<5,3,5,3,0>,16u>,config3> : pX_2 | {1 }
  - Chain level:
	State 1
		icmp_ln284 : 1
		br_ln284 : 2
		icmp_ln284_1 : 1
		tmp : 1
		icmp_ln284_2 : 2
		tmp_375 : 1
		icmp_ln284_3 : 2
		and_ln284 : 3
		and_ln284_1 : 3
		br_ln284 : 3
	State 2
		or_ln299_1 : 1
		zext_ln299 : 2
		write_ln299 : 3
		icmp_ln303 : 1
		br_ln303 : 2
		store_ln316 : 1
		select_ln318 : 1
		store_ln318 : 2
		icmp_ln307 : 1
		br_ln307 : 2
		store_ln311 : 1
		select_ln313 : 1
		storemerge : 2
		store_ln313 : 3


============================================================
+ Verbose Summary: Datapath Resource usage 
============================================================

* Functional unit list:
|----------|------------------------------------------------------------------------------------|---------|---------|
| Operation|                                   Functional Unit                                  |    FF   |   LUT   |
|----------|------------------------------------------------------------------------------------|---------|---------|
|          |                                  icmp_ln284_fu_107                                 |    0    |    39   |
|          |                                 icmp_ln284_1_fu_125                                |    0    |    39   |
|          |                                 icmp_ln284_2_fu_141                                |    0    |    38   |
|   icmp   |                                 icmp_ln284_3_fu_157                                |    0    |    38   |
|          |                                  icmp_ln303_fu_193                                 |    0    |    39   |
|          |                                  icmp_ln307_fu_240                                 |    0    |    39   |
|          |                                  icmp_ln313_fu_252                                 |    0    |    39   |
|----------|------------------------------------------------------------------------------------|---------|---------|
|          |                                  add_ln303_fu_188                                  |    0    |    39   |
|    add   |                                  add_ln318_fu_205                                  |    0    |    39   |
|          |                                  add_ln307_fu_235                                  |    0    |    39   |
|          |                                  add_ln313_fu_257                                  |    0    |    39   |
|----------|------------------------------------------------------------------------------------|---------|---------|
|  select  |                                 select_ln318_fu_210                                |    0    |    32   |
|          |                                 select_ln313_fu_262                                |    0    |    32   |
|----------|------------------------------------------------------------------------------------|---------|---------|
|   call   |      call_ln281_shift_line_buffer_array_ap_ufixed_4_2_0_3_0_1u_config3_s_fu_79     |    0    |    0    |
|          | res_out_dense_latency_ap_ufixed_4_2_0_3_0_ap_ufixed_5_3_5_3_0_config3_mult_s_fu_95 |    0    |    12   |
|----------|------------------------------------------------------------------------------------|---------|---------|
|    and   |                                  and_ln284_fu_163                                  |    0    |    2    |
|          |                                 and_ln284_1_fu_169                                 |    0    |    2    |
|----------|------------------------------------------------------------------------------------|---------|---------|
|   read   |                        in_elem_0_0_0_0_0_val_read_read_fu_56                       |    0    |    0    |
|----------|------------------------------------------------------------------------------------|---------|---------|
|   write  |                               write_ln299_write_fu_62                              |    0    |    0    |
|----------|------------------------------------------------------------------------------------|---------|---------|
|partselect|                                     tmp_fu_131                                     |    0    |    0    |
|          |                                   tmp_375_fu_147                                   |    0    |    0    |
|----------|------------------------------------------------------------------------------------|---------|---------|
|bitconcatenate|                                  or_ln299_1_fu_175                                 |    0    |    0    |
|----------|------------------------------------------------------------------------------------|---------|---------|
|   zext   |                                  zext_ln299_fu_183                                 |    0    |    0    |
|----------|------------------------------------------------------------------------------------|---------|---------|
|   Total  |                                                                                    |    0    |   507   |
|----------|------------------------------------------------------------------------------------|---------|---------|

Memories:
N/A

* Register list:
+-------------------+--------+
|                   |   FF   |
+-------------------+--------+
|and_ln284_1_reg_309|    1   |
| icmp_ln284_reg_288|    1   |
| pX_2_load_reg_304 |   32   |
| pY_2_load_reg_299 |   32   |
| sX_2_load_reg_283 |   32   |
| sY_2_load_reg_293 |   32   |
| storemerge_reg_69 |   32   |
+-------------------+--------+
|       Total       |   162  |
+-------------------+--------+

* Multiplexer (MUX) list: 
|--------|------|------|------|--------|
|  Comp  |  Pin | Size |  BW  | S x BW |
|--------|------|------|------|--------|
|  Total |      |      |      |    0   |
|--------|------|------|------|--------|



* Summary:
+-----------+--------+--------+
|           |   FF   |   LUT  |
+-----------+--------+--------+
|  Function |    0   |   507  |
|   Memory  |    -   |    -   |
|Multiplexer|    -   |    -   |
|  Register |   162  |    -   |
+-----------+--------+--------+
|   Total   |   162  |   507  |
+-----------+--------+--------+
