

================================================================
== Vitis HLS Report for 'store_result_float_array_ap_fixed_10u_Pipeline_VITIS_LOOP_29_1'
================================================================
* Date:           Thu May  7 16:23:18 2026

* Version:        2025.2 (Build 6295257 on Nov 14 2025)
* Project:        vitis_unified_project
* Solution:       hls (Vivado IP Flow Target)
* Product family: zynquplus
* Target device:  xck26-sfvc784-2LV-c


================================================================
== Performance Estimates
================================================================
+ Timing: 
    * Summary: 
    +--------+---------+----------+------------+
    |  Clock |  Target | Estimated| Uncertainty|
    +--------+---------+----------+------------+
    |ap_clk  |  5.00 ns|  4.375 ns|     0.62 ns|
    +--------+---------+----------+------------+

+ Latency: 
    * Summary: 
    +---------+---------+----------+----------+-----+-----+-------------------+
    |  Latency (cycles) |  Latency (absolute) |  Interval |      Pipeline     |
    |   min   |   max   |    min   |    max   | min | max |        Type       |
    +---------+---------+----------+----------+-----+-----+-------------------+
    |        ?|        ?|         ?|         ?|    0|    0|  loop pipeline stp|
    +---------+---------+----------+----------+-----+-----+-------------------+

    + Detail: 
        * Instance: 
        N/A

        * Loop: 
        +-------------------+---------+---------+----------+-----------+-----------+------+----------+
        |                   |  Latency (cycles) | Iteration|  Initiation Interval  | Trip |          |
        |     Loop Name     |   min   |   max   |  Latency |  achieved |   target  | Count| Pipelined|
        +-------------------+---------+---------+----------+-----------+-----------+------+----------+
        |- VITIS_LOOP_29_1  |        ?|        ?|        13|         10|          1|     ?|       yes|
        +-------------------+---------+---------+----------+-----------+-----------+------+----------+

============================================================
+ Verbose Summary: Synthesis Manager
============================================================
InlineROM: 1
ExposeGlobal: 0
============================================================
+ Verbose Summary: CDFG Model
============================================================
IsTopModel: 0
ResetActiveHigh: 1
IsCombinational: 0
IsDatapathOnly: 0
HasWiredReturn: 1
HasMFsm: 2
HasVarLatency: 1
IsPipeline: 0
IsRtlPipelined: 0
IsInstanceOverlapped: 0
IsDontTouch: 0
HasImplIP: 0
IsGatedGlobalClock: 0

+ Individual pipeline summary: 
  * Pipeline-0: initiation interval (II) = 10, depth = 13


============================================================
+ Verbose Summary: Schedule
============================================================
* Number of FSM states : 13
* Pipeline : 1
  Pipeline-0 : II = 10, D = 13, States = { 1 2 3 4 5 6 7 8 9 10 11 12 13 }
* Dataflow Pipeline: 0

* FSM state transitions: 
1 --> 2 
2 --> 3 
3 --> 4 
4 --> 5 
5 --> 6 
6 --> 7 
7 --> 8 
8 --> 9 
9 --> 10 
10 --> 11 
11 --> 12 
12 --> 13 
13 --> 

* FSM state operations: 

State 1 <SV = 0> <Delay = 1.87>
ST_1 : Operation 16 [1/1] (0.00ns)   --->   "%q = alloca i32 1"   --->   Operation 16 'alloca' 'q' <Predicate = true> <Delay = 0.00>
ST_1 : Operation 17 [1/1] (0.00ns)   --->   "%sext_ln29_read = read i62 @_ssdm_op_Read.ap_auto.i62, i62 %sext_ln29"   --->   Operation 17 'read' 'sext_ln29_read' <Predicate = true> <Delay = 0.00>
ST_1 : Operation 18 [1/1] (0.00ns)   --->   "%batch_size_1_read = read i32 @_ssdm_op_Read.ap_auto.i32, i32 %batch_size_1"   --->   Operation 18 'read' 'batch_size_1_read' <Predicate = true> <Delay = 0.00>
ST_1 : Operation 19 [1/1] (0.00ns)   --->   "%sext_ln29_cast = sext i62 %sext_ln29_read"   --->   Operation 19 'sext' 'sext_ln29_cast' <Predicate = true> <Delay = 0.00>
ST_1 : Operation 20 [1/1] (0.00ns)   --->   "%specinterface_ln0 = specinterface void @_ssdm_op_SpecInterface, i32 %gmem_out0, void @empty_7, i32 0, i32 0, void @empty_6, i32 0, i32 10, void @empty_3, void @empty_4, void @empty_6, i32 16, i32 16, i32 16, i32 16, void @empty_6, void @empty_6, i32 4294967295, i32 0, i32 0, i32 4"   --->   Operation 20 'specinterface' 'specinterface_ln0' <Predicate = true> <Delay = 0.00>
ST_1 : Operation 21 [1/1] (0.00ns)   --->   "%specinterface_ln0 = specinterface void @_ssdm_op_SpecInterface, i160 %stream_out0_layer13_out, void @empty_17, i32 0, i32 0, void @empty_6, i32 0, i32 0, void @empty_6, void @empty_6, void @empty_6, i32 0, i32 0, i32 0, i32 0, void @empty_6, void @empty_6, i32 4294967295, i32 0, i32 0, i32 0"   --->   Operation 21 'specinterface' 'specinterface_ln0' <Predicate = true> <Delay = 0.00>
ST_1 : Operation 22 [1/1] (0.42ns)   --->   "%store_ln0 = store i31 0, i31 %q"   --->   Operation 22 'store' 'store_ln0' <Predicate = true> <Delay = 0.42>
ST_1 : Operation 23 [1/1] (0.00ns)   --->   "%br_ln29 = br void %VITIS_LOOP_30_2.i" [firmware/myproject_axi_master.cpp:29]   --->   Operation 23 'br' 'br_ln29' <Predicate = true> <Delay = 0.00>
ST_1 : Operation 24 [1/1] (0.00ns)   --->   "%q_load = load i31 %q" [firmware/myproject_axi_master.cpp:29]   --->   Operation 24 'load' 'q_load' <Predicate = true> <Delay = 0.00>
ST_1 : Operation 25 [1/1] (0.00ns)   --->   "%zext_ln29 = zext i31 %q_load" [firmware/myproject_axi_master.cpp:29]   --->   Operation 25 'zext' 'zext_ln29' <Predicate = true> <Delay = 0.00>
ST_1 : Operation 26 [1/1] (1.01ns)   --->   "%icmp_ln29 = icmp_slt  i32 %zext_ln29, i32 %batch_size_1_read" [firmware/myproject_axi_master.cpp:29]   --->   Operation 26 'icmp' 'icmp_ln29' <Predicate = true> <Delay = 1.01> <CoreInst = "Cmp">   --->   Core 9 'Cmp' <Latency = 0> <II = 1> <Delay = 1.01> <FuncUnit> <Opcode : 'seteq' 'setne' 'setle' 'setge' 'setlt' 'setgt'> <InPorts = 2> <OutPorts = 1>
ST_1 : Operation 27 [1/1] (0.00ns)   --->   "%br_ln29 = br i1 %icmp_ln29, void %store_result<float, array<ap_fixed<15, 9, 5, 3, 0>, 10u> >.exit.exitStub, void %VITIS_LOOP_30_2.split.i_ifconv" [firmware/myproject_axi_master.cpp:29]   --->   Operation 27 'br' 'br_ln29' <Predicate = true> <Delay = 0.00>
ST_1 : Operation 28 [1/1] (0.00ns)   --->   "%gmem_out0_addr = getelementptr i32 %gmem_out0, i64 %sext_ln29_cast" [firmware/myproject_axi_master.cpp:29]   --->   Operation 28 'getelementptr' 'gmem_out0_addr' <Predicate = (icmp_ln29)> <Delay = 0.00>
ST_1 : Operation 29 [1/1] (1.00ns)   --->   "%add_ln29 = add i31 %q_load, i31 1" [firmware/myproject_axi_master.cpp:29]   --->   Operation 29 'add' 'add_ln29' <Predicate = (icmp_ln29)> <Delay = 1.00> <CoreInst = "Adder">   --->   Core 1 'Adder' <Latency = 0> <II = 1> <Delay = 1.00> <FuncUnit> <Opcode : 'add' 'sub'> <InPorts = 2> <OutPorts = 1>
ST_1 : Operation 30 [1/1] (0.42ns)   --->   "%store_ln29 = store i31 %add_ln29, i31 %q" [firmware/myproject_axi_master.cpp:29]   --->   Operation 30 'store' 'store_ln29' <Predicate = (icmp_ln29)> <Delay = 0.42>

State 2 <SV = 1> <Delay = 2.78>
ST_2 : Operation 31 [1/1] ( I:1.64ns O:1.64ns )   --->   "%stream_out0_layer13_out_read = read i160 @_ssdm_op_Read.ap_fifo.volatile.i160P0A, i160 %stream_out0_layer13_out" [firmware/myproject_axi_master.cpp:31]   --->   Operation 31 'read' 'stream_out0_layer13_out_read' <Predicate = (icmp_ln29)> <Delay = 1.64> <CoreInst = "FIFO">   --->   Core 77 'FIFO' <Latency = 0> <II = 1> <Delay = 1.64> <Storage> <Opcode : 'read' 'write' 'nbread' 'nbwrite'> <Ports = 0> <Width = 160> <Depth = 128> <FIFO>
ST_2 : Operation 32 [1/1] (0.00ns)   --->   "%tmp = trunc i160 %stream_out0_layer13_out_read" [firmware/myproject_axi_master.cpp:31]   --->   Operation 32 'trunc' 'tmp' <Predicate = (icmp_ln29)> <Delay = 0.00>
ST_2 : Operation 33 [1/1] (0.00ns)   --->   "%tmp_1 = partselect i15 @_ssdm_op_PartSelect.i15.i160.i160, i160 %stream_out0_layer13_out_read, i160 16" [firmware/myproject_axi_master.cpp:31]   --->   Operation 33 'partselect' 'tmp_1' <Predicate = (icmp_ln29)> <Delay = 0.00>
ST_2 : Operation 34 [1/1] (0.00ns)   --->   "%tmp_2 = partselect i15 @_ssdm_op_PartSelect.i15.i160.i160, i160 %stream_out0_layer13_out_read, i160 32" [firmware/myproject_axi_master.cpp:31]   --->   Operation 34 'partselect' 'tmp_2' <Predicate = (icmp_ln29)> <Delay = 0.00>
ST_2 : Operation 35 [1/1] (0.00ns)   --->   "%tmp_3 = partselect i15 @_ssdm_op_PartSelect.i15.i160.i160, i160 %stream_out0_layer13_out_read, i160 48" [firmware/myproject_axi_master.cpp:31]   --->   Operation 35 'partselect' 'tmp_3' <Predicate = (icmp_ln29)> <Delay = 0.00>
ST_2 : Operation 36 [1/1] (0.00ns)   --->   "%tmp_4 = partselect i15 @_ssdm_op_PartSelect.i15.i160.i160, i160 %stream_out0_layer13_out_read, i160 64" [firmware/myproject_axi_master.cpp:31]   --->   Operation 36 'partselect' 'tmp_4' <Predicate = (icmp_ln29)> <Delay = 0.00>
ST_2 : Operation 37 [1/1] (0.00ns)   --->   "%tmp_5 = partselect i15 @_ssdm_op_PartSelect.i15.i160.i160, i160 %stream_out0_layer13_out_read, i160 80" [firmware/myproject_axi_master.cpp:31]   --->   Operation 37 'partselect' 'tmp_5' <Predicate = (icmp_ln29)> <Delay = 0.00>
ST_2 : Operation 38 [1/1] (0.00ns)   --->   "%tmp_6 = partselect i15 @_ssdm_op_PartSelect.i15.i160.i160, i160 %stream_out0_layer13_out_read, i160 96" [firmware/myproject_axi_master.cpp:31]   --->   Operation 38 'partselect' 'tmp_6' <Predicate = (icmp_ln29)> <Delay = 0.00>
ST_2 : Operation 39 [1/1] (0.00ns)   --->   "%tmp_7 = partselect i15 @_ssdm_op_PartSelect.i15.i160.i160, i160 %stream_out0_layer13_out_read, i160 112" [firmware/myproject_axi_master.cpp:31]   --->   Operation 39 'partselect' 'tmp_7' <Predicate = (icmp_ln29)> <Delay = 0.00>
ST_2 : Operation 40 [1/1] (0.00ns)   --->   "%tmp_8 = partselect i15 @_ssdm_op_PartSelect.i15.i160.i160, i160 %stream_out0_layer13_out_read, i160 128" [firmware/myproject_axi_master.cpp:31]   --->   Operation 40 'partselect' 'tmp_8' <Predicate = (icmp_ln29)> <Delay = 0.00>
ST_2 : Operation 41 [1/1] (0.00ns)   --->   "%tmp_9 = partselect i15 @_ssdm_op_PartSelect.i15.i160.i160, i160 %stream_out0_layer13_out_read, i160 144" [firmware/myproject_axi_master.cpp:31]   --->   Operation 41 'partselect' 'tmp_9' <Predicate = (icmp_ln29)> <Delay = 0.00>
ST_2 : Operation 42 [1/1] (0.84ns)   --->   "%icmp_ln33 = icmp_eq  i15 %tmp, i15 0" [firmware/myproject_axi_master.cpp:33]   --->   Operation 42 'icmp' 'icmp_ln33' <Predicate = (icmp_ln29)> <Delay = 0.84> <CoreInst = "Cmp">   --->   Core 9 'Cmp' <Latency = 0> <II = 1> <Delay = 0.84> <FuncUnit> <Opcode : 'seteq' 'setne' 'setle' 'setge' 'setlt' 'setgt'> <InPorts = 2> <OutPorts = 1>
ST_2 : Operation 43 [1/1] (0.00ns)   --->   "%tmp_10 = bitselect i1 @_ssdm_op_BitSelect.i1.i160.i32, i160 %stream_out0_layer13_out_read, i32 14" [firmware/myproject_axi_master.cpp:33]   --->   Operation 43 'bitselect' 'tmp_10' <Predicate = (icmp_ln29)> <Delay = 0.00>
ST_2 : Operation 44 [1/1] (0.84ns)   --->   "%sub_ln33 = sub i15 0, i15 %tmp" [firmware/myproject_axi_master.cpp:33]   --->   Operation 44 'sub' 'sub_ln33' <Predicate = (icmp_ln29)> <Delay = 0.84> <CoreInst = "Adder">   --->   Core 1 'Adder' <Latency = 0> <II = 1> <Delay = 0.84> <FuncUnit> <Opcode : 'add' 'sub'> <InPorts = 2> <OutPorts = 1>
ST_2 : Operation 45 [1/1] (0.29ns)   --->   "%select_ln33 = select i1 %tmp_10, i15 %sub_ln33, i15 %tmp" [firmware/myproject_axi_master.cpp:33]   --->   Operation 45 'select' 'select_ln33' <Predicate = (icmp_ln29)> <Delay = 0.29> <CoreInst = "Sel">   --->   Core 73 'Sel' <Latency = 0> <II = 1> <Delay = 0.29> <FuncUnit> <Opcode : 'select'> <InPorts = 3> <OutPorts = 1>
ST_2 : Operation 46 [1/1] (0.00ns)   --->   "%tmp_12 = bitselect i1 @_ssdm_op_BitSelect.i1.i160.i160, i160 %stream_out0_layer13_out_read, i160 30" [firmware/myproject_axi_master.cpp:33]   --->   Operation 46 'bitselect' 'tmp_12' <Predicate = (icmp_ln29)> <Delay = 0.00>
ST_2 : Operation 47 [1/1] (0.00ns)   --->   "%tmp_14 = bitselect i1 @_ssdm_op_BitSelect.i1.i160.i160, i160 %stream_out0_layer13_out_read, i160 46" [firmware/myproject_axi_master.cpp:33]   --->   Operation 47 'bitselect' 'tmp_14' <Predicate = (icmp_ln29)> <Delay = 0.00>
ST_2 : Operation 48 [1/1] (0.00ns)   --->   "%tmp_16 = bitselect i1 @_ssdm_op_BitSelect.i1.i160.i160, i160 %stream_out0_layer13_out_read, i160 62" [firmware/myproject_axi_master.cpp:33]   --->   Operation 48 'bitselect' 'tmp_16' <Predicate = (icmp_ln29)> <Delay = 0.00>
ST_2 : Operation 49 [1/1] (0.00ns)   --->   "%tmp_18 = bitselect i1 @_ssdm_op_BitSelect.i1.i160.i160, i160 %stream_out0_layer13_out_read, i160 78" [firmware/myproject_axi_master.cpp:33]   --->   Operation 49 'bitselect' 'tmp_18' <Predicate = (icmp_ln29)> <Delay = 0.00>
ST_2 : Operation 50 [1/1] (0.00ns)   --->   "%tmp_20 = bitselect i1 @_ssdm_op_BitSelect.i1.i160.i160, i160 %stream_out0_layer13_out_read, i160 94" [firmware/myproject_axi_master.cpp:33]   --->   Operation 50 'bitselect' 'tmp_20' <Predicate = (icmp_ln29)> <Delay = 0.00>
ST_2 : Operation 51 [1/1] (0.00ns)   --->   "%tmp_22 = bitselect i1 @_ssdm_op_BitSelect.i1.i160.i160, i160 %stream_out0_layer13_out_read, i160 110" [firmware/myproject_axi_master.cpp:33]   --->   Operation 51 'bitselect' 'tmp_22' <Predicate = (icmp_ln29)> <Delay = 0.00>
ST_2 : Operation 52 [1/1] (0.00ns)   --->   "%tmp_24 = bitselect i1 @_ssdm_op_BitSelect.i1.i160.i160, i160 %stream_out0_layer13_out_read, i160 126" [firmware/myproject_axi_master.cpp:33]   --->   Operation 52 'bitselect' 'tmp_24' <Predicate = (icmp_ln29)> <Delay = 0.00>
ST_2 : Operation 53 [1/1] (0.00ns)   --->   "%tmp_26 = bitselect i1 @_ssdm_op_BitSelect.i1.i160.i160, i160 %stream_out0_layer13_out_read, i160 142" [firmware/myproject_axi_master.cpp:33]   --->   Operation 53 'bitselect' 'tmp_26' <Predicate = (icmp_ln29)> <Delay = 0.00>
ST_2 : Operation 54 [1/1] (0.00ns)   --->   "%tmp_28 = bitselect i1 @_ssdm_op_BitSelect.i1.i160.i160, i160 %stream_out0_layer13_out_read, i160 158" [firmware/myproject_axi_master.cpp:33]   --->   Operation 54 'bitselect' 'tmp_28' <Predicate = (icmp_ln29)> <Delay = 0.00>

State 3 <SV = 2> <Delay = 3.61>
ST_3 : Operation 55 [1/1] (0.44ns)   --->   "%tmp_10_i = ctlz i15 @llvm.ctlz.i15, i15 %select_ln33, i1 0" [firmware/myproject_axi_master.cpp:33]   --->   Operation 55 'ctlz' 'tmp_10_i' <Predicate = (icmp_ln29 & !icmp_ln33)> <Delay = 0.44> <CoreInst = "ctlz">   --->   Core 145 'ctlz' <Latency = 0> <II = 1> <Delay = 0.44> <FuncUnit> <Opcode : 'ctlz'> <InPorts = 1> <OutPorts = 1>
ST_3 : Operation 56 [1/1] (0.00ns) (grouped into LUT with out node sub_ln33_1)   --->   "%trunc_ln33 = trunc i15 %tmp_10_i" [firmware/myproject_axi_master.cpp:33]   --->   Operation 56 'trunc' 'trunc_ln33' <Predicate = (icmp_ln29 & !icmp_ln33)> <Delay = 0.00>
ST_3 : Operation 57 [1/1] (0.00ns)   --->   "%trunc_ln33_1 = trunc i15 %tmp_10_i" [firmware/myproject_axi_master.cpp:33]   --->   Operation 57 'trunc' 'trunc_ln33_1' <Predicate = (icmp_ln29 & !icmp_ln33)> <Delay = 0.00>
ST_3 : Operation 58 [1/1] (0.00ns) (grouped into LUT with out node sub_ln33_1)   --->   "%xor_ln33 = xor i4 %trunc_ln33, i4 15" [firmware/myproject_axi_master.cpp:33]   --->   Operation 58 'xor' 'xor_ln33' <Predicate = (icmp_ln29 & !icmp_ln33)> <Delay = 0.00> <CoreInst = "LogicGate">   --->   Core 74 'LogicGate' <Latency = 0> <II = 1> <Delay = 0.35> <FuncUnit> <Opcode : 'and' 'or' 'xor'> <InPorts = 2> <OutPorts = 1>
ST_3 : Operation 59 [1/1] (0.00ns) (grouped into LUT with out node sub_ln33_1)   --->   "%zext_ln33 = zext i4 %xor_ln33" [firmware/myproject_axi_master.cpp:33]   --->   Operation 59 'zext' 'zext_ln33' <Predicate = (icmp_ln29 & !icmp_ln33)> <Delay = 0.00>
ST_3 : Operation 60 [1/1] (0.00ns)   --->   "%zext_ln33_1 = zext i15 %select_ln33" [firmware/myproject_axi_master.cpp:33]   --->   Operation 60 'zext' 'zext_ln33_1' <Predicate = (icmp_ln29 & !icmp_ln33)> <Delay = 0.00>
ST_3 : Operation 61 [1/1] (0.79ns) (out node of the LUT)   --->   "%sub_ln33_1 = sub i5 25, i5 %zext_ln33" [firmware/myproject_axi_master.cpp:33]   --->   Operation 61 'sub' 'sub_ln33_1' <Predicate = (icmp_ln29 & !icmp_ln33)> <Delay = 0.79> <CoreInst = "Adder">   --->   Core 1 'Adder' <Latency = 0> <II = 1> <Delay = 0.79> <FuncUnit> <Opcode : 'add' 'sub'> <InPorts = 2> <OutPorts = 1>
ST_3 : Operation 62 [1/1] (0.00ns)   --->   "%zext_ln33_2 = zext i5 %sub_ln33_1" [firmware/myproject_axi_master.cpp:33]   --->   Operation 62 'zext' 'zext_ln33_2' <Predicate = (icmp_ln29 & !icmp_ln33)> <Delay = 0.00>
ST_3 : Operation 63 [1/1] (1.16ns)   --->   "%shl_ln33 = shl i40 %zext_ln33_1, i40 %zext_ln33_2" [firmware/myproject_axi_master.cpp:33]   --->   Operation 63 'shl' 'shl_ln33' <Predicate = (icmp_ln29 & !icmp_ln33)> <Delay = 1.16> <CoreInst = "Shifter">   --->   Core 75 'Shifter' <Latency = 0> <II = 1> <Delay = 1.16> <FuncUnit> <Opcode : 'shl' 'lshr' 'ashr'> <InPorts = 2> <OutPorts = 1>
ST_3 : Operation 64 [1/1] (0.00ns)   --->   "%lshr_ln = partselect i39 @_ssdm_op_PartSelect.i39.i40.i32.i32, i40 %shl_ln33, i32 1, i32 39" [firmware/myproject_axi_master.cpp:33]   --->   Operation 64 'partselect' 'lshr_ln' <Predicate = (icmp_ln29 & !icmp_ln33)> <Delay = 0.00>
ST_3 : Operation 65 [1/1] (0.00ns)   --->   "%zext_ln33_3 = zext i39 %lshr_ln" [firmware/myproject_axi_master.cpp:33]   --->   Operation 65 'zext' 'zext_ln33_3' <Predicate = (icmp_ln29 & !icmp_ln33)> <Delay = 0.00>
ST_3 : Operation 66 [1/1] (0.00ns) (grouped into LUT with out node add_ln33)   --->   "%tmp_11 = bitselect i1 @_ssdm_op_BitSelect.i1.i40.i32, i40 %shl_ln33, i32 25" [firmware/myproject_axi_master.cpp:33]   --->   Operation 66 'bitselect' 'tmp_11' <Predicate = (icmp_ln29 & !icmp_ln33)> <Delay = 0.00>
ST_3 : Operation 67 [1/1] (0.00ns) (grouped into LUT with out node add_ln33)   --->   "%select_ln33_1 = select i1 %tmp_11, i8 127, i8 126" [firmware/myproject_axi_master.cpp:33]   --->   Operation 67 'select' 'select_ln33_1' <Predicate = (icmp_ln29 & !icmp_ln33)> <Delay = 0.00> <CoreInst = "Sel">   --->   Core 73 'Sel' <Latency = 0> <II = 1> <Delay = 0.39> <FuncUnit> <Opcode : 'select'> <InPorts = 3> <OutPorts = 1>
ST_3 : Operation 68 [1/1] (0.78ns)   --->   "%sub_ln33_2 = sub i5 9, i5 %trunc_ln33_1" [firmware/myproject_axi_master.cpp:33]   --->   Operation 68 'sub' 'sub_ln33_2' <Predicate = (icmp_ln29 & !icmp_ln33)> <Delay = 0.78> <CoreInst = "Adder">   --->   Core 1 'Adder' <Latency = 0> <II = 1> <Delay = 0.78> <FuncUnit> <Opcode : 'add' 'sub'> <InPorts = 2> <OutPorts = 1>
ST_3 : Operation 69 [1/1] (0.00ns) (grouped into LUT with out node add_ln33)   --->   "%sext_ln33 = sext i5 %sub_ln33_2" [firmware/myproject_axi_master.cpp:33]   --->   Operation 69 'sext' 'sext_ln33' <Predicate = (icmp_ln29 & !icmp_ln33)> <Delay = 0.00>
ST_3 : Operation 70 [1/1] (0.76ns) (out node of the LUT)   --->   "%add_ln33 = add i8 %select_ln33_1, i8 %sext_ln33" [firmware/myproject_axi_master.cpp:33]   --->   Operation 70 'add' 'add_ln33' <Predicate = (icmp_ln29 & !icmp_ln33)> <Delay = 0.76> <CoreInst = "Adder">   --->   Core 1 'Adder' <Latency = 0> <II = 1> <Delay = 0.76> <FuncUnit> <Opcode : 'add' 'sub'> <InPorts = 2> <OutPorts = 1>
ST_3 : Operation 71 [1/1] (0.00ns)   --->   "%tmp_12_i = bitconcatenate i9 @_ssdm_op_BitConcatenate.i9.i1.i8, i1 %tmp_10, i8 %add_ln33" [firmware/myproject_axi_master.cpp:33]   --->   Operation 71 'bitconcatenate' 'tmp_12_i' <Predicate = (icmp_ln29 & !icmp_ln33)> <Delay = 0.00>
ST_3 : Operation 72 [1/1] (0.00ns)   --->   "%pi_assign = partset i64 @_ssdm_op_PartSet.i64.i64.i9.i32.i32, i64 %zext_ln33_3, i9 %tmp_12_i, i32 23, i32 31" [firmware/myproject_axi_master.cpp:33]   --->   Operation 72 'partset' 'pi_assign' <Predicate = (icmp_ln29 & !icmp_ln33)> <Delay = 0.00>
ST_3 : Operation 73 [1/1] (0.00ns)   --->   "%LD = trunc i64 %pi_assign" [firmware/myproject_axi_master.cpp:33]   --->   Operation 73 'trunc' 'LD' <Predicate = (icmp_ln29 & !icmp_ln33)> <Delay = 0.00>
ST_3 : Operation 74 [1/1] (0.44ns)   --->   "%empty = select i1 %icmp_ln33, i32 0, i32 %LD" [firmware/myproject_axi_master.cpp:33]   --->   Operation 74 'select' 'empty' <Predicate = (icmp_ln29)> <Delay = 0.44> <CoreInst = "Sel">   --->   Core 73 'Sel' <Latency = 0> <II = 1> <Delay = 0.44> <FuncUnit> <Opcode : 'select'> <InPorts = 3> <OutPorts = 1>
ST_3 : Operation 75 [1/1] (0.84ns)   --->   "%icmp_ln33_1 = icmp_eq  i15 %tmp_1, i15 0" [firmware/myproject_axi_master.cpp:33]   --->   Operation 75 'icmp' 'icmp_ln33_1' <Predicate = (icmp_ln29)> <Delay = 0.84> <CoreInst = "Cmp">   --->   Core 9 'Cmp' <Latency = 0> <II = 1> <Delay = 0.84> <FuncUnit> <Opcode : 'seteq' 'setne' 'setle' 'setge' 'setlt' 'setgt'> <InPorts = 2> <OutPorts = 1>
ST_3 : Operation 76 [1/1] (0.84ns)   --->   "%sub_ln33_3 = sub i15 0, i15 %tmp_1" [firmware/myproject_axi_master.cpp:33]   --->   Operation 76 'sub' 'sub_ln33_3' <Predicate = (icmp_ln29 & tmp_12)> <Delay = 0.84> <CoreInst = "Adder">   --->   Core 1 'Adder' <Latency = 0> <II = 1> <Delay = 0.84> <FuncUnit> <Opcode : 'add' 'sub'> <InPorts = 2> <OutPorts = 1>
ST_3 : Operation 77 [1/1] (0.29ns)   --->   "%select_ln33_2 = select i1 %tmp_12, i15 %sub_ln33_3, i15 %tmp_1" [firmware/myproject_axi_master.cpp:33]   --->   Operation 77 'select' 'select_ln33_2' <Predicate = (icmp_ln29)> <Delay = 0.29> <CoreInst = "Sel">   --->   Core 73 'Sel' <Latency = 0> <II = 1> <Delay = 0.29> <FuncUnit> <Opcode : 'select'> <InPorts = 3> <OutPorts = 1>
ST_3 : Operation 295 [1/1] (0.42ns)   --->   "%ret_ln0 = ret"   --->   Operation 295 'ret' 'ret_ln0' <Predicate = (!icmp_ln29)> <Delay = 0.42>

State 4 <SV = 3> <Delay = 4.37>
ST_4 : Operation 78 [1/1] ( I:4.37ns O:4.37ns )   --->   "%write_ln33 = write void @_ssdm_op_Write.m_axi.p1i32.i32, i32 %gmem_out0_addr, i32 %empty, i4 15" [firmware/myproject_axi_master.cpp:33]   --->   Operation 78 'write' 'write_ln33' <Predicate = (icmp_ln29)> <Delay = 4.37> <CoreInst = "m_axi">   --->   Core 119 'm_axi' <Latency = 5> <II = 1> <Delay = 1.00> <Adapter> <Opcode : 'readrequnaligned' 'writerequnaligned' 'read' 'write' 'readreq' 'writereq' 'writeresp'>
ST_4 : Operation 79 [1/1] (0.44ns)   --->   "%tmp_14_i = ctlz i15 @llvm.ctlz.i15, i15 %select_ln33_2, i1 0" [firmware/myproject_axi_master.cpp:33]   --->   Operation 79 'ctlz' 'tmp_14_i' <Predicate = (icmp_ln29 & !icmp_ln33_1)> <Delay = 0.44> <CoreInst = "ctlz">   --->   Core 145 'ctlz' <Latency = 0> <II = 1> <Delay = 0.44> <FuncUnit> <Opcode : 'ctlz'> <InPorts = 1> <OutPorts = 1>
ST_4 : Operation 80 [1/1] (0.00ns) (grouped into LUT with out node sub_ln33_4)   --->   "%trunc_ln33_2 = trunc i15 %tmp_14_i" [firmware/myproject_axi_master.cpp:33]   --->   Operation 80 'trunc' 'trunc_ln33_2' <Predicate = (icmp_ln29 & !icmp_ln33_1)> <Delay = 0.00>
ST_4 : Operation 81 [1/1] (0.00ns)   --->   "%trunc_ln33_3 = trunc i15 %tmp_14_i" [firmware/myproject_axi_master.cpp:33]   --->   Operation 81 'trunc' 'trunc_ln33_3' <Predicate = (icmp_ln29 & !icmp_ln33_1)> <Delay = 0.00>
ST_4 : Operation 82 [1/1] (0.00ns) (grouped into LUT with out node sub_ln33_4)   --->   "%xor_ln33_1 = xor i4 %trunc_ln33_2, i4 15" [firmware/myproject_axi_master.cpp:33]   --->   Operation 82 'xor' 'xor_ln33_1' <Predicate = (icmp_ln29 & !icmp_ln33_1)> <Delay = 0.00> <CoreInst = "LogicGate">   --->   Core 74 'LogicGate' <Latency = 0> <II = 1> <Delay = 0.35> <FuncUnit> <Opcode : 'and' 'or' 'xor'> <InPorts = 2> <OutPorts = 1>
ST_4 : Operation 83 [1/1] (0.00ns) (grouped into LUT with out node sub_ln33_4)   --->   "%zext_ln33_4 = zext i4 %xor_ln33_1" [firmware/myproject_axi_master.cpp:33]   --->   Operation 83 'zext' 'zext_ln33_4' <Predicate = (icmp_ln29 & !icmp_ln33_1)> <Delay = 0.00>
ST_4 : Operation 84 [1/1] (0.00ns)   --->   "%zext_ln33_5 = zext i15 %select_ln33_2" [firmware/myproject_axi_master.cpp:33]   --->   Operation 84 'zext' 'zext_ln33_5' <Predicate = (icmp_ln29 & !icmp_ln33_1)> <Delay = 0.00>
ST_4 : Operation 85 [1/1] (0.79ns) (out node of the LUT)   --->   "%sub_ln33_4 = sub i5 25, i5 %zext_ln33_4" [firmware/myproject_axi_master.cpp:33]   --->   Operation 85 'sub' 'sub_ln33_4' <Predicate = (icmp_ln29 & !icmp_ln33_1)> <Delay = 0.79> <CoreInst = "Adder">   --->   Core 1 'Adder' <Latency = 0> <II = 1> <Delay = 0.79> <FuncUnit> <Opcode : 'add' 'sub'> <InPorts = 2> <OutPorts = 1>
ST_4 : Operation 86 [1/1] (0.00ns)   --->   "%zext_ln33_6 = zext i5 %sub_ln33_4" [firmware/myproject_axi_master.cpp:33]   --->   Operation 86 'zext' 'zext_ln33_6' <Predicate = (icmp_ln29 & !icmp_ln33_1)> <Delay = 0.00>
ST_4 : Operation 87 [1/1] (1.16ns)   --->   "%shl_ln33_1 = shl i40 %zext_ln33_5, i40 %zext_ln33_6" [firmware/myproject_axi_master.cpp:33]   --->   Operation 87 'shl' 'shl_ln33_1' <Predicate = (icmp_ln29 & !icmp_ln33_1)> <Delay = 1.16> <CoreInst = "Shifter">   --->   Core 75 'Shifter' <Latency = 0> <II = 1> <Delay = 1.16> <FuncUnit> <Opcode : 'shl' 'lshr' 'ashr'> <InPorts = 2> <OutPorts = 1>
ST_4 : Operation 88 [1/1] (0.00ns)   --->   "%lshr_ln33_1 = partselect i39 @_ssdm_op_PartSelect.i39.i40.i32.i32, i40 %shl_ln33_1, i32 1, i32 39" [firmware/myproject_axi_master.cpp:33]   --->   Operation 88 'partselect' 'lshr_ln33_1' <Predicate = (icmp_ln29 & !icmp_ln33_1)> <Delay = 0.00>
ST_4 : Operation 89 [1/1] (0.00ns)   --->   "%zext_ln33_7 = zext i39 %lshr_ln33_1" [firmware/myproject_axi_master.cpp:33]   --->   Operation 89 'zext' 'zext_ln33_7' <Predicate = (icmp_ln29 & !icmp_ln33_1)> <Delay = 0.00>
ST_4 : Operation 90 [1/1] (0.00ns) (grouped into LUT with out node add_ln33_1)   --->   "%tmp_13 = bitselect i1 @_ssdm_op_BitSelect.i1.i40.i32, i40 %shl_ln33_1, i32 25" [firmware/myproject_axi_master.cpp:33]   --->   Operation 90 'bitselect' 'tmp_13' <Predicate = (icmp_ln29 & !icmp_ln33_1)> <Delay = 0.00>
ST_4 : Operation 91 [1/1] (0.00ns) (grouped into LUT with out node add_ln33_1)   --->   "%select_ln33_3 = select i1 %tmp_13, i8 127, i8 126" [firmware/myproject_axi_master.cpp:33]   --->   Operation 91 'select' 'select_ln33_3' <Predicate = (icmp_ln29 & !icmp_ln33_1)> <Delay = 0.00> <CoreInst = "Sel">   --->   Core 73 'Sel' <Latency = 0> <II = 1> <Delay = 0.39> <FuncUnit> <Opcode : 'select'> <InPorts = 3> <OutPorts = 1>
ST_4 : Operation 92 [1/1] (0.78ns)   --->   "%sub_ln33_5 = sub i5 9, i5 %trunc_ln33_3" [firmware/myproject_axi_master.cpp:33]   --->   Operation 92 'sub' 'sub_ln33_5' <Predicate = (icmp_ln29 & !icmp_ln33_1)> <Delay = 0.78> <CoreInst = "Adder">   --->   Core 1 'Adder' <Latency = 0> <II = 1> <Delay = 0.78> <FuncUnit> <Opcode : 'add' 'sub'> <InPorts = 2> <OutPorts = 1>
ST_4 : Operation 93 [1/1] (0.00ns) (grouped into LUT with out node add_ln33_1)   --->   "%sext_ln33_1 = sext i5 %sub_ln33_5" [firmware/myproject_axi_master.cpp:33]   --->   Operation 93 'sext' 'sext_ln33_1' <Predicate = (icmp_ln29 & !icmp_ln33_1)> <Delay = 0.00>
ST_4 : Operation 94 [1/1] (0.76ns) (out node of the LUT)   --->   "%add_ln33_1 = add i8 %select_ln33_3, i8 %sext_ln33_1" [firmware/myproject_axi_master.cpp:33]   --->   Operation 94 'add' 'add_ln33_1' <Predicate = (icmp_ln29 & !icmp_ln33_1)> <Delay = 0.76> <CoreInst = "Adder">   --->   Core 1 'Adder' <Latency = 0> <II = 1> <Delay = 0.76> <FuncUnit> <Opcode : 'add' 'sub'> <InPorts = 2> <OutPorts = 1>
ST_4 : Operation 95 [1/1] (0.00ns)   --->   "%tmp_16_i = bitconcatenate i9 @_ssdm_op_BitConcatenate.i9.i1.i8, i1 %tmp_12, i8 %add_ln33_1" [firmware/myproject_axi_master.cpp:33]   --->   Operation 95 'bitconcatenate' 'tmp_16_i' <Predicate = (icmp_ln29 & !icmp_ln33_1)> <Delay = 0.00>
ST_4 : Operation 96 [1/1] (0.00ns)   --->   "%pi_assign_1 = partset i64 @_ssdm_op_PartSet.i64.i64.i9.i32.i32, i64 %zext_ln33_7, i9 %tmp_16_i, i32 23, i32 31" [firmware/myproject_axi_master.cpp:33]   --->   Operation 96 'partset' 'pi_assign_1' <Predicate = (icmp_ln29 & !icmp_ln33_1)> <Delay = 0.00>
ST_4 : Operation 97 [1/1] (0.00ns)   --->   "%LD_1 = trunc i64 %pi_assign_1" [firmware/myproject_axi_master.cpp:33]   --->   Operation 97 'trunc' 'LD_1' <Predicate = (icmp_ln29 & !icmp_ln33_1)> <Delay = 0.00>
ST_4 : Operation 98 [1/1] (0.44ns)   --->   "%empty_51 = select i1 %icmp_ln33_1, i32 0, i32 %LD_1" [firmware/myproject_axi_master.cpp:33]   --->   Operation 98 'select' 'empty_51' <Predicate = (icmp_ln29)> <Delay = 0.44> <CoreInst = "Sel">   --->   Core 73 'Sel' <Latency = 0> <II = 1> <Delay = 0.44> <FuncUnit> <Opcode : 'select'> <InPorts = 3> <OutPorts = 1>
ST_4 : Operation 99 [1/1] (0.84ns)   --->   "%icmp_ln33_2 = icmp_eq  i15 %tmp_2, i15 0" [firmware/myproject_axi_master.cpp:33]   --->   Operation 99 'icmp' 'icmp_ln33_2' <Predicate = (icmp_ln29)> <Delay = 0.84> <CoreInst = "Cmp">   --->   Core 9 'Cmp' <Latency = 0> <II = 1> <Delay = 0.84> <FuncUnit> <Opcode : 'seteq' 'setne' 'setle' 'setge' 'setlt' 'setgt'> <InPorts = 2> <OutPorts = 1>
ST_4 : Operation 100 [1/1] (0.84ns)   --->   "%sub_ln33_6 = sub i15 0, i15 %tmp_2" [firmware/myproject_axi_master.cpp:33]   --->   Operation 100 'sub' 'sub_ln33_6' <Predicate = (icmp_ln29 & tmp_14)> <Delay = 0.84> <CoreInst = "Adder">   --->   Core 1 'Adder' <Latency = 0> <II = 1> <Delay = 0.84> <FuncUnit> <Opcode : 'add' 'sub'> <InPorts = 2> <OutPorts = 1>
ST_4 : Operation 101 [1/1] (0.29ns)   --->   "%select_ln33_4 = select i1 %tmp_14, i15 %sub_ln33_6, i15 %tmp_2" [firmware/myproject_axi_master.cpp:33]   --->   Operation 101 'select' 'select_ln33_4' <Predicate = (icmp_ln29)> <Delay = 0.29> <CoreInst = "Sel">   --->   Core 73 'Sel' <Latency = 0> <II = 1> <Delay = 0.29> <FuncUnit> <Opcode : 'select'> <InPorts = 3> <OutPorts = 1>

State 5 <SV = 4> <Delay = 4.37>
ST_5 : Operation 102 [1/1] ( I:4.37ns O:4.37ns )   --->   "%write_ln33 = write void @_ssdm_op_Write.m_axi.p1i32.i32, i32 %gmem_out0_addr, i32 %empty_51, i4 15" [firmware/myproject_axi_master.cpp:33]   --->   Operation 102 'write' 'write_ln33' <Predicate = (icmp_ln29)> <Delay = 4.37> <CoreInst = "m_axi">   --->   Core 119 'm_axi' <Latency = 5> <II = 1> <Delay = 1.00> <Adapter> <Opcode : 'readrequnaligned' 'writerequnaligned' 'read' 'write' 'readreq' 'writereq' 'writeresp'>
ST_5 : Operation 103 [1/1] (0.44ns)   --->   "%tmp_18_i = ctlz i15 @llvm.ctlz.i15, i15 %select_ln33_4, i1 0" [firmware/myproject_axi_master.cpp:33]   --->   Operation 103 'ctlz' 'tmp_18_i' <Predicate = (icmp_ln29 & !icmp_ln33_2)> <Delay = 0.44> <CoreInst = "ctlz">   --->   Core 145 'ctlz' <Latency = 0> <II = 1> <Delay = 0.44> <FuncUnit> <Opcode : 'ctlz'> <InPorts = 1> <OutPorts = 1>
ST_5 : Operation 104 [1/1] (0.00ns) (grouped into LUT with out node sub_ln33_7)   --->   "%trunc_ln33_4 = trunc i15 %tmp_18_i" [firmware/myproject_axi_master.cpp:33]   --->   Operation 104 'trunc' 'trunc_ln33_4' <Predicate = (icmp_ln29 & !icmp_ln33_2)> <Delay = 0.00>
ST_5 : Operation 105 [1/1] (0.00ns)   --->   "%trunc_ln33_5 = trunc i15 %tmp_18_i" [firmware/myproject_axi_master.cpp:33]   --->   Operation 105 'trunc' 'trunc_ln33_5' <Predicate = (icmp_ln29 & !icmp_ln33_2)> <Delay = 0.00>
ST_5 : Operation 106 [1/1] (0.00ns) (grouped into LUT with out node sub_ln33_7)   --->   "%xor_ln33_2 = xor i4 %trunc_ln33_4, i4 15" [firmware/myproject_axi_master.cpp:33]   --->   Operation 106 'xor' 'xor_ln33_2' <Predicate = (icmp_ln29 & !icmp_ln33_2)> <Delay = 0.00> <CoreInst = "LogicGate">   --->   Core 74 'LogicGate' <Latency = 0> <II = 1> <Delay = 0.35> <FuncUnit> <Opcode : 'and' 'or' 'xor'> <InPorts = 2> <OutPorts = 1>
ST_5 : Operation 107 [1/1] (0.00ns) (grouped into LUT with out node sub_ln33_7)   --->   "%zext_ln33_8 = zext i4 %xor_ln33_2" [firmware/myproject_axi_master.cpp:33]   --->   Operation 107 'zext' 'zext_ln33_8' <Predicate = (icmp_ln29 & !icmp_ln33_2)> <Delay = 0.00>
ST_5 : Operation 108 [1/1] (0.00ns)   --->   "%zext_ln33_9 = zext i15 %select_ln33_4" [firmware/myproject_axi_master.cpp:33]   --->   Operation 108 'zext' 'zext_ln33_9' <Predicate = (icmp_ln29 & !icmp_ln33_2)> <Delay = 0.00>
ST_5 : Operation 109 [1/1] (0.79ns) (out node of the LUT)   --->   "%sub_ln33_7 = sub i5 25, i5 %zext_ln33_8" [firmware/myproject_axi_master.cpp:33]   --->   Operation 109 'sub' 'sub_ln33_7' <Predicate = (icmp_ln29 & !icmp_ln33_2)> <Delay = 0.79> <CoreInst = "Adder">   --->   Core 1 'Adder' <Latency = 0> <II = 1> <Delay = 0.79> <FuncUnit> <Opcode : 'add' 'sub'> <InPorts = 2> <OutPorts = 1>
ST_5 : Operation 110 [1/1] (0.00ns)   --->   "%zext_ln33_10 = zext i5 %sub_ln33_7" [firmware/myproject_axi_master.cpp:33]   --->   Operation 110 'zext' 'zext_ln33_10' <Predicate = (icmp_ln29 & !icmp_ln33_2)> <Delay = 0.00>
ST_5 : Operation 111 [1/1] (1.16ns)   --->   "%shl_ln33_2 = shl i40 %zext_ln33_9, i40 %zext_ln33_10" [firmware/myproject_axi_master.cpp:33]   --->   Operation 111 'shl' 'shl_ln33_2' <Predicate = (icmp_ln29 & !icmp_ln33_2)> <Delay = 1.16> <CoreInst = "Shifter">   --->   Core 75 'Shifter' <Latency = 0> <II = 1> <Delay = 1.16> <FuncUnit> <Opcode : 'shl' 'lshr' 'ashr'> <InPorts = 2> <OutPorts = 1>
ST_5 : Operation 112 [1/1] (0.00ns)   --->   "%lshr_ln33_2 = partselect i39 @_ssdm_op_PartSelect.i39.i40.i32.i32, i40 %shl_ln33_2, i32 1, i32 39" [firmware/myproject_axi_master.cpp:33]   --->   Operation 112 'partselect' 'lshr_ln33_2' <Predicate = (icmp_ln29 & !icmp_ln33_2)> <Delay = 0.00>
ST_5 : Operation 113 [1/1] (0.00ns)   --->   "%zext_ln33_11 = zext i39 %lshr_ln33_2" [firmware/myproject_axi_master.cpp:33]   --->   Operation 113 'zext' 'zext_ln33_11' <Predicate = (icmp_ln29 & !icmp_ln33_2)> <Delay = 0.00>
ST_5 : Operation 114 [1/1] (0.00ns) (grouped into LUT with out node add_ln33_2)   --->   "%tmp_15 = bitselect i1 @_ssdm_op_BitSelect.i1.i40.i32, i40 %shl_ln33_2, i32 25" [firmware/myproject_axi_master.cpp:33]   --->   Operation 114 'bitselect' 'tmp_15' <Predicate = (icmp_ln29 & !icmp_ln33_2)> <Delay = 0.00>
ST_5 : Operation 115 [1/1] (0.00ns) (grouped into LUT with out node add_ln33_2)   --->   "%select_ln33_5 = select i1 %tmp_15, i8 127, i8 126" [firmware/myproject_axi_master.cpp:33]   --->   Operation 115 'select' 'select_ln33_5' <Predicate = (icmp_ln29 & !icmp_ln33_2)> <Delay = 0.00> <CoreInst = "Sel">   --->   Core 73 'Sel' <Latency = 0> <II = 1> <Delay = 0.39> <FuncUnit> <Opcode : 'select'> <InPorts = 3> <OutPorts = 1>
ST_5 : Operation 116 [1/1] (0.78ns)   --->   "%sub_ln33_8 = sub i5 9, i5 %trunc_ln33_5" [firmware/myproject_axi_master.cpp:33]   --->   Operation 116 'sub' 'sub_ln33_8' <Predicate = (icmp_ln29 & !icmp_ln33_2)> <Delay = 0.78> <CoreInst = "Adder">   --->   Core 1 'Adder' <Latency = 0> <II = 1> <Delay = 0.78> <FuncUnit> <Opcode : 'add' 'sub'> <InPorts = 2> <OutPorts = 1>
ST_5 : Operation 117 [1/1] (0.00ns) (grouped into LUT with out node add_ln33_2)   --->   "%sext_ln33_2 = sext i5 %sub_ln33_8" [firmware/myproject_axi_master.cpp:33]   --->   Operation 117 'sext' 'sext_ln33_2' <Predicate = (icmp_ln29 & !icmp_ln33_2)> <Delay = 0.00>
ST_5 : Operation 118 [1/1] (0.76ns) (out node of the LUT)   --->   "%add_ln33_2 = add i8 %select_ln33_5, i8 %sext_ln33_2" [firmware/myproject_axi_master.cpp:33]   --->   Operation 118 'add' 'add_ln33_2' <Predicate = (icmp_ln29 & !icmp_ln33_2)> <Delay = 0.76> <CoreInst = "Adder">   --->   Core 1 'Adder' <Latency = 0> <II = 1> <Delay = 0.76> <FuncUnit> <Opcode : 'add' 'sub'> <InPorts = 2> <OutPorts = 1>
ST_5 : Operation 119 [1/1] (0.00ns)   --->   "%tmp_20_i = bitconcatenate i9 @_ssdm_op_BitConcatenate.i9.i1.i8, i1 %tmp_14, i8 %add_ln33_2" [firmware/myproject_axi_master.cpp:33]   --->   Operation 119 'bitconcatenate' 'tmp_20_i' <Predicate = (icmp_ln29 & !icmp_ln33_2)> <Delay = 0.00>
ST_5 : Operation 120 [1/1] (0.00ns)   --->   "%pi_assign_2 = partset i64 @_ssdm_op_PartSet.i64.i64.i9.i32.i32, i64 %zext_ln33_11, i9 %tmp_20_i, i32 23, i32 31" [firmware/myproject_axi_master.cpp:33]   --->   Operation 120 'partset' 'pi_assign_2' <Predicate = (icmp_ln29 & !icmp_ln33_2)> <Delay = 0.00>
ST_5 : Operation 121 [1/1] (0.00ns)   --->   "%LD_2 = trunc i64 %pi_assign_2" [firmware/myproject_axi_master.cpp:33]   --->   Operation 121 'trunc' 'LD_2' <Predicate = (icmp_ln29 & !icmp_ln33_2)> <Delay = 0.00>
ST_5 : Operation 122 [1/1] (0.44ns)   --->   "%empty_52 = select i1 %icmp_ln33_2, i32 0, i32 %LD_2" [firmware/myproject_axi_master.cpp:33]   --->   Operation 122 'select' 'empty_52' <Predicate = (icmp_ln29)> <Delay = 0.44> <CoreInst = "Sel">   --->   Core 73 'Sel' <Latency = 0> <II = 1> <Delay = 0.44> <FuncUnit> <Opcode : 'select'> <InPorts = 3> <OutPorts = 1>
ST_5 : Operation 123 [1/1] (0.84ns)   --->   "%icmp_ln33_3 = icmp_eq  i15 %tmp_3, i15 0" [firmware/myproject_axi_master.cpp:33]   --->   Operation 123 'icmp' 'icmp_ln33_3' <Predicate = (icmp_ln29)> <Delay = 0.84> <CoreInst = "Cmp">   --->   Core 9 'Cmp' <Latency = 0> <II = 1> <Delay = 0.84> <FuncUnit> <Opcode : 'seteq' 'setne' 'setle' 'setge' 'setlt' 'setgt'> <InPorts = 2> <OutPorts = 1>
ST_5 : Operation 124 [1/1] (0.84ns)   --->   "%sub_ln33_9 = sub i15 0, i15 %tmp_3" [firmware/myproject_axi_master.cpp:33]   --->   Operation 124 'sub' 'sub_ln33_9' <Predicate = (icmp_ln29 & tmp_16)> <Delay = 0.84> <CoreInst = "Adder">   --->   Core 1 'Adder' <Latency = 0> <II = 1> <Delay = 0.84> <FuncUnit> <Opcode : 'add' 'sub'> <InPorts = 2> <OutPorts = 1>
ST_5 : Operation 125 [1/1] (0.29ns)   --->   "%select_ln33_6 = select i1 %tmp_16, i15 %sub_ln33_9, i15 %tmp_3" [firmware/myproject_axi_master.cpp:33]   --->   Operation 125 'select' 'select_ln33_6' <Predicate = (icmp_ln29)> <Delay = 0.29> <CoreInst = "Sel">   --->   Core 73 'Sel' <Latency = 0> <II = 1> <Delay = 0.29> <FuncUnit> <Opcode : 'select'> <InPorts = 3> <OutPorts = 1>

State 6 <SV = 5> <Delay = 4.37>
ST_6 : Operation 126 [1/1] ( I:4.37ns O:4.37ns )   --->   "%write_ln33 = write void @_ssdm_op_Write.m_axi.p1i32.i32, i32 %gmem_out0_addr, i32 %empty_52, i4 15" [firmware/myproject_axi_master.cpp:33]   --->   Operation 126 'write' 'write_ln33' <Predicate = (icmp_ln29)> <Delay = 4.37> <CoreInst = "m_axi">   --->   Core 119 'm_axi' <Latency = 5> <II = 1> <Delay = 1.00> <Adapter> <Opcode : 'readrequnaligned' 'writerequnaligned' 'read' 'write' 'readreq' 'writereq' 'writeresp'>
ST_6 : Operation 127 [1/1] (0.44ns)   --->   "%tmp_22_i = ctlz i15 @llvm.ctlz.i15, i15 %select_ln33_6, i1 0" [firmware/myproject_axi_master.cpp:33]   --->   Operation 127 'ctlz' 'tmp_22_i' <Predicate = (icmp_ln29 & !icmp_ln33_3)> <Delay = 0.44> <CoreInst = "ctlz">   --->   Core 145 'ctlz' <Latency = 0> <II = 1> <Delay = 0.44> <FuncUnit> <Opcode : 'ctlz'> <InPorts = 1> <OutPorts = 1>
ST_6 : Operation 128 [1/1] (0.00ns) (grouped into LUT with out node sub_ln33_10)   --->   "%trunc_ln33_6 = trunc i15 %tmp_22_i" [firmware/myproject_axi_master.cpp:33]   --->   Operation 128 'trunc' 'trunc_ln33_6' <Predicate = (icmp_ln29 & !icmp_ln33_3)> <Delay = 0.00>
ST_6 : Operation 129 [1/1] (0.00ns)   --->   "%trunc_ln33_7 = trunc i15 %tmp_22_i" [firmware/myproject_axi_master.cpp:33]   --->   Operation 129 'trunc' 'trunc_ln33_7' <Predicate = (icmp_ln29 & !icmp_ln33_3)> <Delay = 0.00>
ST_6 : Operation 130 [1/1] (0.00ns) (grouped into LUT with out node sub_ln33_10)   --->   "%xor_ln33_3 = xor i4 %trunc_ln33_6, i4 15" [firmware/myproject_axi_master.cpp:33]   --->   Operation 130 'xor' 'xor_ln33_3' <Predicate = (icmp_ln29 & !icmp_ln33_3)> <Delay = 0.00> <CoreInst = "LogicGate">   --->   Core 74 'LogicGate' <Latency = 0> <II = 1> <Delay = 0.35> <FuncUnit> <Opcode : 'and' 'or' 'xor'> <InPorts = 2> <OutPorts = 1>
ST_6 : Operation 131 [1/1] (0.00ns) (grouped into LUT with out node sub_ln33_10)   --->   "%zext_ln33_12 = zext i4 %xor_ln33_3" [firmware/myproject_axi_master.cpp:33]   --->   Operation 131 'zext' 'zext_ln33_12' <Predicate = (icmp_ln29 & !icmp_ln33_3)> <Delay = 0.00>
ST_6 : Operation 132 [1/1] (0.00ns)   --->   "%zext_ln33_13 = zext i15 %select_ln33_6" [firmware/myproject_axi_master.cpp:33]   --->   Operation 132 'zext' 'zext_ln33_13' <Predicate = (icmp_ln29 & !icmp_ln33_3)> <Delay = 0.00>
ST_6 : Operation 133 [1/1] (0.79ns) (out node of the LUT)   --->   "%sub_ln33_10 = sub i5 25, i5 %zext_ln33_12" [firmware/myproject_axi_master.cpp:33]   --->   Operation 133 'sub' 'sub_ln33_10' <Predicate = (icmp_ln29 & !icmp_ln33_3)> <Delay = 0.79> <CoreInst = "Adder">   --->   Core 1 'Adder' <Latency = 0> <II = 1> <Delay = 0.79> <FuncUnit> <Opcode : 'add' 'sub'> <InPorts = 2> <OutPorts = 1>
ST_6 : Operation 134 [1/1] (0.00ns)   --->   "%zext_ln33_14 = zext i5 %sub_ln33_10" [firmware/myproject_axi_master.cpp:33]   --->   Operation 134 'zext' 'zext_ln33_14' <Predicate = (icmp_ln29 & !icmp_ln33_3)> <Delay = 0.00>
ST_6 : Operation 135 [1/1] (1.16ns)   --->   "%shl_ln33_3 = shl i40 %zext_ln33_13, i40 %zext_ln33_14" [firmware/myproject_axi_master.cpp:33]   --->   Operation 135 'shl' 'shl_ln33_3' <Predicate = (icmp_ln29 & !icmp_ln33_3)> <Delay = 1.16> <CoreInst = "Shifter">   --->   Core 75 'Shifter' <Latency = 0> <II = 1> <Delay = 1.16> <FuncUnit> <Opcode : 'shl' 'lshr' 'ashr'> <InPorts = 2> <OutPorts = 1>
ST_6 : Operation 136 [1/1] (0.00ns)   --->   "%lshr_ln33_3 = partselect i39 @_ssdm_op_PartSelect.i39.i40.i32.i32, i40 %shl_ln33_3, i32 1, i32 39" [firmware/myproject_axi_master.cpp:33]   --->   Operation 136 'partselect' 'lshr_ln33_3' <Predicate = (icmp_ln29 & !icmp_ln33_3)> <Delay = 0.00>
ST_6 : Operation 137 [1/1] (0.00ns)   --->   "%zext_ln33_15 = zext i39 %lshr_ln33_3" [firmware/myproject_axi_master.cpp:33]   --->   Operation 137 'zext' 'zext_ln33_15' <Predicate = (icmp_ln29 & !icmp_ln33_3)> <Delay = 0.00>
ST_6 : Operation 138 [1/1] (0.00ns) (grouped into LUT with out node add_ln33_3)   --->   "%tmp_17 = bitselect i1 @_ssdm_op_BitSelect.i1.i40.i32, i40 %shl_ln33_3, i32 25" [firmware/myproject_axi_master.cpp:33]   --->   Operation 138 'bitselect' 'tmp_17' <Predicate = (icmp_ln29 & !icmp_ln33_3)> <Delay = 0.00>
ST_6 : Operation 139 [1/1] (0.00ns) (grouped into LUT with out node add_ln33_3)   --->   "%select_ln33_7 = select i1 %tmp_17, i8 127, i8 126" [firmware/myproject_axi_master.cpp:33]   --->   Operation 139 'select' 'select_ln33_7' <Predicate = (icmp_ln29 & !icmp_ln33_3)> <Delay = 0.00> <CoreInst = "Sel">   --->   Core 73 'Sel' <Latency = 0> <II = 1> <Delay = 0.39> <FuncUnit> <Opcode : 'select'> <InPorts = 3> <OutPorts = 1>
ST_6 : Operation 140 [1/1] (0.78ns)   --->   "%sub_ln33_11 = sub i5 9, i5 %trunc_ln33_7" [firmware/myproject_axi_master.cpp:33]   --->   Operation 140 'sub' 'sub_ln33_11' <Predicate = (icmp_ln29 & !icmp_ln33_3)> <Delay = 0.78> <CoreInst = "Adder">   --->   Core 1 'Adder' <Latency = 0> <II = 1> <Delay = 0.78> <FuncUnit> <Opcode : 'add' 'sub'> <InPorts = 2> <OutPorts = 1>
ST_6 : Operation 141 [1/1] (0.00ns) (grouped into LUT with out node add_ln33_3)   --->   "%sext_ln33_3 = sext i5 %sub_ln33_11" [firmware/myproject_axi_master.cpp:33]   --->   Operation 141 'sext' 'sext_ln33_3' <Predicate = (icmp_ln29 & !icmp_ln33_3)> <Delay = 0.00>
ST_6 : Operation 142 [1/1] (0.76ns) (out node of the LUT)   --->   "%add_ln33_3 = add i8 %select_ln33_7, i8 %sext_ln33_3" [firmware/myproject_axi_master.cpp:33]   --->   Operation 142 'add' 'add_ln33_3' <Predicate = (icmp_ln29 & !icmp_ln33_3)> <Delay = 0.76> <CoreInst = "Adder">   --->   Core 1 'Adder' <Latency = 0> <II = 1> <Delay = 0.76> <FuncUnit> <Opcode : 'add' 'sub'> <InPorts = 2> <OutPorts = 1>
ST_6 : Operation 143 [1/1] (0.00ns)   --->   "%tmp_24_i = bitconcatenate i9 @_ssdm_op_BitConcatenate.i9.i1.i8, i1 %tmp_16, i8 %add_ln33_3" [firmware/myproject_axi_master.cpp:33]   --->   Operation 143 'bitconcatenate' 'tmp_24_i' <Predicate = (icmp_ln29 & !icmp_ln33_3)> <Delay = 0.00>
ST_6 : Operation 144 [1/1] (0.00ns)   --->   "%pi_assign_3 = partset i64 @_ssdm_op_PartSet.i64.i64.i9.i32.i32, i64 %zext_ln33_15, i9 %tmp_24_i, i32 23, i32 31" [firmware/myproject_axi_master.cpp:33]   --->   Operation 144 'partset' 'pi_assign_3' <Predicate = (icmp_ln29 & !icmp_ln33_3)> <Delay = 0.00>
ST_6 : Operation 145 [1/1] (0.00ns)   --->   "%LD_3 = trunc i64 %pi_assign_3" [firmware/myproject_axi_master.cpp:33]   --->   Operation 145 'trunc' 'LD_3' <Predicate = (icmp_ln29 & !icmp_ln33_3)> <Delay = 0.00>
ST_6 : Operation 146 [1/1] (0.44ns)   --->   "%empty_53 = select i1 %icmp_ln33_3, i32 0, i32 %LD_3" [firmware/myproject_axi_master.cpp:33]   --->   Operation 146 'select' 'empty_53' <Predicate = (icmp_ln29)> <Delay = 0.44> <CoreInst = "Sel">   --->   Core 73 'Sel' <Latency = 0> <II = 1> <Delay = 0.44> <FuncUnit> <Opcode : 'select'> <InPorts = 3> <OutPorts = 1>
ST_6 : Operation 147 [1/1] (0.84ns)   --->   "%icmp_ln33_4 = icmp_eq  i15 %tmp_4, i15 0" [firmware/myproject_axi_master.cpp:33]   --->   Operation 147 'icmp' 'icmp_ln33_4' <Predicate = (icmp_ln29)> <Delay = 0.84> <CoreInst = "Cmp">   --->   Core 9 'Cmp' <Latency = 0> <II = 1> <Delay = 0.84> <FuncUnit> <Opcode : 'seteq' 'setne' 'setle' 'setge' 'setlt' 'setgt'> <InPorts = 2> <OutPorts = 1>
ST_6 : Operation 148 [1/1] (0.84ns)   --->   "%sub_ln33_12 = sub i15 0, i15 %tmp_4" [firmware/myproject_axi_master.cpp:33]   --->   Operation 148 'sub' 'sub_ln33_12' <Predicate = (icmp_ln29 & tmp_18)> <Delay = 0.84> <CoreInst = "Adder">   --->   Core 1 'Adder' <Latency = 0> <II = 1> <Delay = 0.84> <FuncUnit> <Opcode : 'add' 'sub'> <InPorts = 2> <OutPorts = 1>
ST_6 : Operation 149 [1/1] (0.29ns)   --->   "%select_ln33_8 = select i1 %tmp_18, i15 %sub_ln33_12, i15 %tmp_4" [firmware/myproject_axi_master.cpp:33]   --->   Operation 149 'select' 'select_ln33_8' <Predicate = (icmp_ln29)> <Delay = 0.29> <CoreInst = "Sel">   --->   Core 73 'Sel' <Latency = 0> <II = 1> <Delay = 0.29> <FuncUnit> <Opcode : 'select'> <InPorts = 3> <OutPorts = 1>

State 7 <SV = 6> <Delay = 4.37>
ST_7 : Operation 150 [1/1] ( I:4.37ns O:4.37ns )   --->   "%write_ln33 = write void @_ssdm_op_Write.m_axi.p1i32.i32, i32 %gmem_out0_addr, i32 %empty_53, i4 15" [firmware/myproject_axi_master.cpp:33]   --->   Operation 150 'write' 'write_ln33' <Predicate = (icmp_ln29)> <Delay = 4.37> <CoreInst = "m_axi">   --->   Core 119 'm_axi' <Latency = 5> <II = 1> <Delay = 1.00> <Adapter> <Opcode : 'readrequnaligned' 'writerequnaligned' 'read' 'write' 'readreq' 'writereq' 'writeresp'>
ST_7 : Operation 151 [1/1] (0.44ns)   --->   "%tmp_26_i = ctlz i15 @llvm.ctlz.i15, i15 %select_ln33_8, i1 0" [firmware/myproject_axi_master.cpp:33]   --->   Operation 151 'ctlz' 'tmp_26_i' <Predicate = (icmp_ln29 & !icmp_ln33_4)> <Delay = 0.44> <CoreInst = "ctlz">   --->   Core 145 'ctlz' <Latency = 0> <II = 1> <Delay = 0.44> <FuncUnit> <Opcode : 'ctlz'> <InPorts = 1> <OutPorts = 1>
ST_7 : Operation 152 [1/1] (0.00ns) (grouped into LUT with out node sub_ln33_13)   --->   "%trunc_ln33_8 = trunc i15 %tmp_26_i" [firmware/myproject_axi_master.cpp:33]   --->   Operation 152 'trunc' 'trunc_ln33_8' <Predicate = (icmp_ln29 & !icmp_ln33_4)> <Delay = 0.00>
ST_7 : Operation 153 [1/1] (0.00ns)   --->   "%trunc_ln33_9 = trunc i15 %tmp_26_i" [firmware/myproject_axi_master.cpp:33]   --->   Operation 153 'trunc' 'trunc_ln33_9' <Predicate = (icmp_ln29 & !icmp_ln33_4)> <Delay = 0.00>
ST_7 : Operation 154 [1/1] (0.00ns) (grouped into LUT with out node sub_ln33_13)   --->   "%xor_ln33_4 = xor i4 %trunc_ln33_8, i4 15" [firmware/myproject_axi_master.cpp:33]   --->   Operation 154 'xor' 'xor_ln33_4' <Predicate = (icmp_ln29 & !icmp_ln33_4)> <Delay = 0.00> <CoreInst = "LogicGate">   --->   Core 74 'LogicGate' <Latency = 0> <II = 1> <Delay = 0.35> <FuncUnit> <Opcode : 'and' 'or' 'xor'> <InPorts = 2> <OutPorts = 1>
ST_7 : Operation 155 [1/1] (0.00ns) (grouped into LUT with out node sub_ln33_13)   --->   "%zext_ln33_16 = zext i4 %xor_ln33_4" [firmware/myproject_axi_master.cpp:33]   --->   Operation 155 'zext' 'zext_ln33_16' <Predicate = (icmp_ln29 & !icmp_ln33_4)> <Delay = 0.00>
ST_7 : Operation 156 [1/1] (0.00ns)   --->   "%zext_ln33_17 = zext i15 %select_ln33_8" [firmware/myproject_axi_master.cpp:33]   --->   Operation 156 'zext' 'zext_ln33_17' <Predicate = (icmp_ln29 & !icmp_ln33_4)> <Delay = 0.00>
ST_7 : Operation 157 [1/1] (0.79ns) (out node of the LUT)   --->   "%sub_ln33_13 = sub i5 25, i5 %zext_ln33_16" [firmware/myproject_axi_master.cpp:33]   --->   Operation 157 'sub' 'sub_ln33_13' <Predicate = (icmp_ln29 & !icmp_ln33_4)> <Delay = 0.79> <CoreInst = "Adder">   --->   Core 1 'Adder' <Latency = 0> <II = 1> <Delay = 0.79> <FuncUnit> <Opcode : 'add' 'sub'> <InPorts = 2> <OutPorts = 1>
ST_7 : Operation 158 [1/1] (0.00ns)   --->   "%zext_ln33_18 = zext i5 %sub_ln33_13" [firmware/myproject_axi_master.cpp:33]   --->   Operation 158 'zext' 'zext_ln33_18' <Predicate = (icmp_ln29 & !icmp_ln33_4)> <Delay = 0.00>
ST_7 : Operation 159 [1/1] (1.16ns)   --->   "%shl_ln33_4 = shl i40 %zext_ln33_17, i40 %zext_ln33_18" [firmware/myproject_axi_master.cpp:33]   --->   Operation 159 'shl' 'shl_ln33_4' <Predicate = (icmp_ln29 & !icmp_ln33_4)> <Delay = 1.16> <CoreInst = "Shifter">   --->   Core 75 'Shifter' <Latency = 0> <II = 1> <Delay = 1.16> <FuncUnit> <Opcode : 'shl' 'lshr' 'ashr'> <InPorts = 2> <OutPorts = 1>
ST_7 : Operation 160 [1/1] (0.00ns)   --->   "%lshr_ln33_4 = partselect i39 @_ssdm_op_PartSelect.i39.i40.i32.i32, i40 %shl_ln33_4, i32 1, i32 39" [firmware/myproject_axi_master.cpp:33]   --->   Operation 160 'partselect' 'lshr_ln33_4' <Predicate = (icmp_ln29 & !icmp_ln33_4)> <Delay = 0.00>
ST_7 : Operation 161 [1/1] (0.00ns)   --->   "%zext_ln33_19 = zext i39 %lshr_ln33_4" [firmware/myproject_axi_master.cpp:33]   --->   Operation 161 'zext' 'zext_ln33_19' <Predicate = (icmp_ln29 & !icmp_ln33_4)> <Delay = 0.00>
ST_7 : Operation 162 [1/1] (0.00ns) (grouped into LUT with out node add_ln33_4)   --->   "%tmp_19 = bitselect i1 @_ssdm_op_BitSelect.i1.i40.i32, i40 %shl_ln33_4, i32 25" [firmware/myproject_axi_master.cpp:33]   --->   Operation 162 'bitselect' 'tmp_19' <Predicate = (icmp_ln29 & !icmp_ln33_4)> <Delay = 0.00>
ST_7 : Operation 163 [1/1] (0.00ns) (grouped into LUT with out node add_ln33_4)   --->   "%select_ln33_9 = select i1 %tmp_19, i8 127, i8 126" [firmware/myproject_axi_master.cpp:33]   --->   Operation 163 'select' 'select_ln33_9' <Predicate = (icmp_ln29 & !icmp_ln33_4)> <Delay = 0.00> <CoreInst = "Sel">   --->   Core 73 'Sel' <Latency = 0> <II = 1> <Delay = 0.39> <FuncUnit> <Opcode : 'select'> <InPorts = 3> <OutPorts = 1>
ST_7 : Operation 164 [1/1] (0.78ns)   --->   "%sub_ln33_14 = sub i5 9, i5 %trunc_ln33_9" [firmware/myproject_axi_master.cpp:33]   --->   Operation 164 'sub' 'sub_ln33_14' <Predicate = (icmp_ln29 & !icmp_ln33_4)> <Delay = 0.78> <CoreInst = "Adder">   --->   Core 1 'Adder' <Latency = 0> <II = 1> <Delay = 0.78> <FuncUnit> <Opcode : 'add' 'sub'> <InPorts = 2> <OutPorts = 1>
ST_7 : Operation 165 [1/1] (0.00ns) (grouped into LUT with out node add_ln33_4)   --->   "%sext_ln33_4 = sext i5 %sub_ln33_14" [firmware/myproject_axi_master.cpp:33]   --->   Operation 165 'sext' 'sext_ln33_4' <Predicate = (icmp_ln29 & !icmp_ln33_4)> <Delay = 0.00>
ST_7 : Operation 166 [1/1] (0.76ns) (out node of the LUT)   --->   "%add_ln33_4 = add i8 %select_ln33_9, i8 %sext_ln33_4" [firmware/myproject_axi_master.cpp:33]   --->   Operation 166 'add' 'add_ln33_4' <Predicate = (icmp_ln29 & !icmp_ln33_4)> <Delay = 0.76> <CoreInst = "Adder">   --->   Core 1 'Adder' <Latency = 0> <II = 1> <Delay = 0.76> <FuncUnit> <Opcode : 'add' 'sub'> <InPorts = 2> <OutPorts = 1>
ST_7 : Operation 167 [1/1] (0.00ns)   --->   "%tmp_28_i = bitconcatenate i9 @_ssdm_op_BitConcatenate.i9.i1.i8, i1 %tmp_18, i8 %add_ln33_4" [firmware/myproject_axi_master.cpp:33]   --->   Operation 167 'bitconcatenate' 'tmp_28_i' <Predicate = (icmp_ln29 & !icmp_ln33_4)> <Delay = 0.00>
ST_7 : Operation 168 [1/1] (0.00ns)   --->   "%pi_assign_4 = partset i64 @_ssdm_op_PartSet.i64.i64.i9.i32.i32, i64 %zext_ln33_19, i9 %tmp_28_i, i32 23, i32 31" [firmware/myproject_axi_master.cpp:33]   --->   Operation 168 'partset' 'pi_assign_4' <Predicate = (icmp_ln29 & !icmp_ln33_4)> <Delay = 0.00>
ST_7 : Operation 169 [1/1] (0.00ns)   --->   "%LD_4 = trunc i64 %pi_assign_4" [firmware/myproject_axi_master.cpp:33]   --->   Operation 169 'trunc' 'LD_4' <Predicate = (icmp_ln29 & !icmp_ln33_4)> <Delay = 0.00>
ST_7 : Operation 170 [1/1] (0.44ns)   --->   "%empty_54 = select i1 %icmp_ln33_4, i32 0, i32 %LD_4" [firmware/myproject_axi_master.cpp:33]   --->   Operation 170 'select' 'empty_54' <Predicate = (icmp_ln29)> <Delay = 0.44> <CoreInst = "Sel">   --->   Core 73 'Sel' <Latency = 0> <II = 1> <Delay = 0.44> <FuncUnit> <Opcode : 'select'> <InPorts = 3> <OutPorts = 1>
ST_7 : Operation 171 [1/1] (0.84ns)   --->   "%icmp_ln33_5 = icmp_eq  i15 %tmp_5, i15 0" [firmware/myproject_axi_master.cpp:33]   --->   Operation 171 'icmp' 'icmp_ln33_5' <Predicate = (icmp_ln29)> <Delay = 0.84> <CoreInst = "Cmp">   --->   Core 9 'Cmp' <Latency = 0> <II = 1> <Delay = 0.84> <FuncUnit> <Opcode : 'seteq' 'setne' 'setle' 'setge' 'setlt' 'setgt'> <InPorts = 2> <OutPorts = 1>
ST_7 : Operation 172 [1/1] (0.84ns)   --->   "%sub_ln33_15 = sub i15 0, i15 %tmp_5" [firmware/myproject_axi_master.cpp:33]   --->   Operation 172 'sub' 'sub_ln33_15' <Predicate = (icmp_ln29 & tmp_20)> <Delay = 0.84> <CoreInst = "Adder">   --->   Core 1 'Adder' <Latency = 0> <II = 1> <Delay = 0.84> <FuncUnit> <Opcode : 'add' 'sub'> <InPorts = 2> <OutPorts = 1>
ST_7 : Operation 173 [1/1] (0.29ns)   --->   "%select_ln33_10 = select i1 %tmp_20, i15 %sub_ln33_15, i15 %tmp_5" [firmware/myproject_axi_master.cpp:33]   --->   Operation 173 'select' 'select_ln33_10' <Predicate = (icmp_ln29)> <Delay = 0.29> <CoreInst = "Sel">   --->   Core 73 'Sel' <Latency = 0> <II = 1> <Delay = 0.29> <FuncUnit> <Opcode : 'select'> <InPorts = 3> <OutPorts = 1>

State 8 <SV = 7> <Delay = 4.37>
ST_8 : Operation 174 [1/1] ( I:4.37ns O:4.37ns )   --->   "%write_ln33 = write void @_ssdm_op_Write.m_axi.p1i32.i32, i32 %gmem_out0_addr, i32 %empty_54, i4 15" [firmware/myproject_axi_master.cpp:33]   --->   Operation 174 'write' 'write_ln33' <Predicate = (icmp_ln29)> <Delay = 4.37> <CoreInst = "m_axi">   --->   Core 119 'm_axi' <Latency = 5> <II = 1> <Delay = 1.00> <Adapter> <Opcode : 'readrequnaligned' 'writerequnaligned' 'read' 'write' 'readreq' 'writereq' 'writeresp'>
ST_8 : Operation 175 [1/1] (0.44ns)   --->   "%tmp_30_i = ctlz i15 @llvm.ctlz.i15, i15 %select_ln33_10, i1 0" [firmware/myproject_axi_master.cpp:33]   --->   Operation 175 'ctlz' 'tmp_30_i' <Predicate = (icmp_ln29 & !icmp_ln33_5)> <Delay = 0.44> <CoreInst = "ctlz">   --->   Core 145 'ctlz' <Latency = 0> <II = 1> <Delay = 0.44> <FuncUnit> <Opcode : 'ctlz'> <InPorts = 1> <OutPorts = 1>
ST_8 : Operation 176 [1/1] (0.00ns) (grouped into LUT with out node sub_ln33_16)   --->   "%trunc_ln33_10 = trunc i15 %tmp_30_i" [firmware/myproject_axi_master.cpp:33]   --->   Operation 176 'trunc' 'trunc_ln33_10' <Predicate = (icmp_ln29 & !icmp_ln33_5)> <Delay = 0.00>
ST_8 : Operation 177 [1/1] (0.00ns)   --->   "%trunc_ln33_11 = trunc i15 %tmp_30_i" [firmware/myproject_axi_master.cpp:33]   --->   Operation 177 'trunc' 'trunc_ln33_11' <Predicate = (icmp_ln29 & !icmp_ln33_5)> <Delay = 0.00>
ST_8 : Operation 178 [1/1] (0.00ns) (grouped into LUT with out node sub_ln33_16)   --->   "%xor_ln33_5 = xor i4 %trunc_ln33_10, i4 15" [firmware/myproject_axi_master.cpp:33]   --->   Operation 178 'xor' 'xor_ln33_5' <Predicate = (icmp_ln29 & !icmp_ln33_5)> <Delay = 0.00> <CoreInst = "LogicGate">   --->   Core 74 'LogicGate' <Latency = 0> <II = 1> <Delay = 0.35> <FuncUnit> <Opcode : 'and' 'or' 'xor'> <InPorts = 2> <OutPorts = 1>
ST_8 : Operation 179 [1/1] (0.00ns) (grouped into LUT with out node sub_ln33_16)   --->   "%zext_ln33_20 = zext i4 %xor_ln33_5" [firmware/myproject_axi_master.cpp:33]   --->   Operation 179 'zext' 'zext_ln33_20' <Predicate = (icmp_ln29 & !icmp_ln33_5)> <Delay = 0.00>
ST_8 : Operation 180 [1/1] (0.00ns)   --->   "%zext_ln33_21 = zext i15 %select_ln33_10" [firmware/myproject_axi_master.cpp:33]   --->   Operation 180 'zext' 'zext_ln33_21' <Predicate = (icmp_ln29 & !icmp_ln33_5)> <Delay = 0.00>
ST_8 : Operation 181 [1/1] (0.79ns) (out node of the LUT)   --->   "%sub_ln33_16 = sub i5 25, i5 %zext_ln33_20" [firmware/myproject_axi_master.cpp:33]   --->   Operation 181 'sub' 'sub_ln33_16' <Predicate = (icmp_ln29 & !icmp_ln33_5)> <Delay = 0.79> <CoreInst = "Adder">   --->   Core 1 'Adder' <Latency = 0> <II = 1> <Delay = 0.79> <FuncUnit> <Opcode : 'add' 'sub'> <InPorts = 2> <OutPorts = 1>
ST_8 : Operation 182 [1/1] (0.00ns)   --->   "%zext_ln33_22 = zext i5 %sub_ln33_16" [firmware/myproject_axi_master.cpp:33]   --->   Operation 182 'zext' 'zext_ln33_22' <Predicate = (icmp_ln29 & !icmp_ln33_5)> <Delay = 0.00>
ST_8 : Operation 183 [1/1] (1.16ns)   --->   "%shl_ln33_5 = shl i40 %zext_ln33_21, i40 %zext_ln33_22" [firmware/myproject_axi_master.cpp:33]   --->   Operation 183 'shl' 'shl_ln33_5' <Predicate = (icmp_ln29 & !icmp_ln33_5)> <Delay = 1.16> <CoreInst = "Shifter">   --->   Core 75 'Shifter' <Latency = 0> <II = 1> <Delay = 1.16> <FuncUnit> <Opcode : 'shl' 'lshr' 'ashr'> <InPorts = 2> <OutPorts = 1>
ST_8 : Operation 184 [1/1] (0.00ns)   --->   "%lshr_ln33_5 = partselect i39 @_ssdm_op_PartSelect.i39.i40.i32.i32, i40 %shl_ln33_5, i32 1, i32 39" [firmware/myproject_axi_master.cpp:33]   --->   Operation 184 'partselect' 'lshr_ln33_5' <Predicate = (icmp_ln29 & !icmp_ln33_5)> <Delay = 0.00>
ST_8 : Operation 185 [1/1] (0.00ns)   --->   "%zext_ln33_23 = zext i39 %lshr_ln33_5" [firmware/myproject_axi_master.cpp:33]   --->   Operation 185 'zext' 'zext_ln33_23' <Predicate = (icmp_ln29 & !icmp_ln33_5)> <Delay = 0.00>
ST_8 : Operation 186 [1/1] (0.00ns) (grouped into LUT with out node add_ln33_5)   --->   "%tmp_21 = bitselect i1 @_ssdm_op_BitSelect.i1.i40.i32, i40 %shl_ln33_5, i32 25" [firmware/myproject_axi_master.cpp:33]   --->   Operation 186 'bitselect' 'tmp_21' <Predicate = (icmp_ln29 & !icmp_ln33_5)> <Delay = 0.00>
ST_8 : Operation 187 [1/1] (0.00ns) (grouped into LUT with out node add_ln33_5)   --->   "%select_ln33_11 = select i1 %tmp_21, i8 127, i8 126" [firmware/myproject_axi_master.cpp:33]   --->   Operation 187 'select' 'select_ln33_11' <Predicate = (icmp_ln29 & !icmp_ln33_5)> <Delay = 0.00> <CoreInst = "Sel">   --->   Core 73 'Sel' <Latency = 0> <II = 1> <Delay = 0.39> <FuncUnit> <Opcode : 'select'> <InPorts = 3> <OutPorts = 1>
ST_8 : Operation 188 [1/1] (0.78ns)   --->   "%sub_ln33_17 = sub i5 9, i5 %trunc_ln33_11" [firmware/myproject_axi_master.cpp:33]   --->   Operation 188 'sub' 'sub_ln33_17' <Predicate = (icmp_ln29 & !icmp_ln33_5)> <Delay = 0.78> <CoreInst = "Adder">   --->   Core 1 'Adder' <Latency = 0> <II = 1> <Delay = 0.78> <FuncUnit> <Opcode : 'add' 'sub'> <InPorts = 2> <OutPorts = 1>
ST_8 : Operation 189 [1/1] (0.00ns) (grouped into LUT with out node add_ln33_5)   --->   "%sext_ln33_5 = sext i5 %sub_ln33_17" [firmware/myproject_axi_master.cpp:33]   --->   Operation 189 'sext' 'sext_ln33_5' <Predicate = (icmp_ln29 & !icmp_ln33_5)> <Delay = 0.00>
ST_8 : Operation 190 [1/1] (0.76ns) (out node of the LUT)   --->   "%add_ln33_5 = add i8 %select_ln33_11, i8 %sext_ln33_5" [firmware/myproject_axi_master.cpp:33]   --->   Operation 190 'add' 'add_ln33_5' <Predicate = (icmp_ln29 & !icmp_ln33_5)> <Delay = 0.76> <CoreInst = "Adder">   --->   Core 1 'Adder' <Latency = 0> <II = 1> <Delay = 0.76> <FuncUnit> <Opcode : 'add' 'sub'> <InPorts = 2> <OutPorts = 1>
ST_8 : Operation 191 [1/1] (0.00ns)   --->   "%tmp_32_i = bitconcatenate i9 @_ssdm_op_BitConcatenate.i9.i1.i8, i1 %tmp_20, i8 %add_ln33_5" [firmware/myproject_axi_master.cpp:33]   --->   Operation 191 'bitconcatenate' 'tmp_32_i' <Predicate = (icmp_ln29 & !icmp_ln33_5)> <Delay = 0.00>
ST_8 : Operation 192 [1/1] (0.00ns)   --->   "%pi_assign_5 = partset i64 @_ssdm_op_PartSet.i64.i64.i9.i32.i32, i64 %zext_ln33_23, i9 %tmp_32_i, i32 23, i32 31" [firmware/myproject_axi_master.cpp:33]   --->   Operation 192 'partset' 'pi_assign_5' <Predicate = (icmp_ln29 & !icmp_ln33_5)> <Delay = 0.00>
ST_8 : Operation 193 [1/1] (0.00ns)   --->   "%LD_5 = trunc i64 %pi_assign_5" [firmware/myproject_axi_master.cpp:33]   --->   Operation 193 'trunc' 'LD_5' <Predicate = (icmp_ln29 & !icmp_ln33_5)> <Delay = 0.00>
ST_8 : Operation 194 [1/1] (0.44ns)   --->   "%empty_55 = select i1 %icmp_ln33_5, i32 0, i32 %LD_5" [firmware/myproject_axi_master.cpp:33]   --->   Operation 194 'select' 'empty_55' <Predicate = (icmp_ln29)> <Delay = 0.44> <CoreInst = "Sel">   --->   Core 73 'Sel' <Latency = 0> <II = 1> <Delay = 0.44> <FuncUnit> <Opcode : 'select'> <InPorts = 3> <OutPorts = 1>
ST_8 : Operation 195 [1/1] (0.84ns)   --->   "%icmp_ln33_6 = icmp_eq  i15 %tmp_6, i15 0" [firmware/myproject_axi_master.cpp:33]   --->   Operation 195 'icmp' 'icmp_ln33_6' <Predicate = (icmp_ln29)> <Delay = 0.84> <CoreInst = "Cmp">   --->   Core 9 'Cmp' <Latency = 0> <II = 1> <Delay = 0.84> <FuncUnit> <Opcode : 'seteq' 'setne' 'setle' 'setge' 'setlt' 'setgt'> <InPorts = 2> <OutPorts = 1>
ST_8 : Operation 196 [1/1] (0.84ns)   --->   "%sub_ln33_18 = sub i15 0, i15 %tmp_6" [firmware/myproject_axi_master.cpp:33]   --->   Operation 196 'sub' 'sub_ln33_18' <Predicate = (icmp_ln29 & tmp_22)> <Delay = 0.84> <CoreInst = "Adder">   --->   Core 1 'Adder' <Latency = 0> <II = 1> <Delay = 0.84> <FuncUnit> <Opcode : 'add' 'sub'> <InPorts = 2> <OutPorts = 1>
ST_8 : Operation 197 [1/1] (0.29ns)   --->   "%select_ln33_12 = select i1 %tmp_22, i15 %sub_ln33_18, i15 %tmp_6" [firmware/myproject_axi_master.cpp:33]   --->   Operation 197 'select' 'select_ln33_12' <Predicate = (icmp_ln29)> <Delay = 0.29> <CoreInst = "Sel">   --->   Core 73 'Sel' <Latency = 0> <II = 1> <Delay = 0.29> <FuncUnit> <Opcode : 'select'> <InPorts = 3> <OutPorts = 1>

State 9 <SV = 8> <Delay = 4.37>
ST_9 : Operation 198 [1/1] ( I:4.37ns O:4.37ns )   --->   "%write_ln33 = write void @_ssdm_op_Write.m_axi.p1i32.i32, i32 %gmem_out0_addr, i32 %empty_55, i4 15" [firmware/myproject_axi_master.cpp:33]   --->   Operation 198 'write' 'write_ln33' <Predicate = (icmp_ln29)> <Delay = 4.37> <CoreInst = "m_axi">   --->   Core 119 'm_axi' <Latency = 5> <II = 1> <Delay = 1.00> <Adapter> <Opcode : 'readrequnaligned' 'writerequnaligned' 'read' 'write' 'readreq' 'writereq' 'writeresp'>
ST_9 : Operation 199 [1/1] (0.44ns)   --->   "%tmp_34_i = ctlz i15 @llvm.ctlz.i15, i15 %select_ln33_12, i1 0" [firmware/myproject_axi_master.cpp:33]   --->   Operation 199 'ctlz' 'tmp_34_i' <Predicate = (icmp_ln29 & !icmp_ln33_6)> <Delay = 0.44> <CoreInst = "ctlz">   --->   Core 145 'ctlz' <Latency = 0> <II = 1> <Delay = 0.44> <FuncUnit> <Opcode : 'ctlz'> <InPorts = 1> <OutPorts = 1>
ST_9 : Operation 200 [1/1] (0.00ns) (grouped into LUT with out node sub_ln33_19)   --->   "%trunc_ln33_12 = trunc i15 %tmp_34_i" [firmware/myproject_axi_master.cpp:33]   --->   Operation 200 'trunc' 'trunc_ln33_12' <Predicate = (icmp_ln29 & !icmp_ln33_6)> <Delay = 0.00>
ST_9 : Operation 201 [1/1] (0.00ns)   --->   "%trunc_ln33_13 = trunc i15 %tmp_34_i" [firmware/myproject_axi_master.cpp:33]   --->   Operation 201 'trunc' 'trunc_ln33_13' <Predicate = (icmp_ln29 & !icmp_ln33_6)> <Delay = 0.00>
ST_9 : Operation 202 [1/1] (0.00ns) (grouped into LUT with out node sub_ln33_19)   --->   "%xor_ln33_6 = xor i4 %trunc_ln33_12, i4 15" [firmware/myproject_axi_master.cpp:33]   --->   Operation 202 'xor' 'xor_ln33_6' <Predicate = (icmp_ln29 & !icmp_ln33_6)> <Delay = 0.00> <CoreInst = "LogicGate">   --->   Core 74 'LogicGate' <Latency = 0> <II = 1> <Delay = 0.35> <FuncUnit> <Opcode : 'and' 'or' 'xor'> <InPorts = 2> <OutPorts = 1>
ST_9 : Operation 203 [1/1] (0.00ns) (grouped into LUT with out node sub_ln33_19)   --->   "%zext_ln33_24 = zext i4 %xor_ln33_6" [firmware/myproject_axi_master.cpp:33]   --->   Operation 203 'zext' 'zext_ln33_24' <Predicate = (icmp_ln29 & !icmp_ln33_6)> <Delay = 0.00>
ST_9 : Operation 204 [1/1] (0.00ns)   --->   "%zext_ln33_25 = zext i15 %select_ln33_12" [firmware/myproject_axi_master.cpp:33]   --->   Operation 204 'zext' 'zext_ln33_25' <Predicate = (icmp_ln29 & !icmp_ln33_6)> <Delay = 0.00>
ST_9 : Operation 205 [1/1] (0.79ns) (out node of the LUT)   --->   "%sub_ln33_19 = sub i5 25, i5 %zext_ln33_24" [firmware/myproject_axi_master.cpp:33]   --->   Operation 205 'sub' 'sub_ln33_19' <Predicate = (icmp_ln29 & !icmp_ln33_6)> <Delay = 0.79> <CoreInst = "Adder">   --->   Core 1 'Adder' <Latency = 0> <II = 1> <Delay = 0.79> <FuncUnit> <Opcode : 'add' 'sub'> <InPorts = 2> <OutPorts = 1>
ST_9 : Operation 206 [1/1] (0.00ns)   --->   "%zext_ln33_26 = zext i5 %sub_ln33_19" [firmware/myproject_axi_master.cpp:33]   --->   Operation 206 'zext' 'zext_ln33_26' <Predicate = (icmp_ln29 & !icmp_ln33_6)> <Delay = 0.00>
ST_9 : Operation 207 [1/1] (1.16ns)   --->   "%shl_ln33_6 = shl i40 %zext_ln33_25, i40 %zext_ln33_26" [firmware/myproject_axi_master.cpp:33]   --->   Operation 207 'shl' 'shl_ln33_6' <Predicate = (icmp_ln29 & !icmp_ln33_6)> <Delay = 1.16> <CoreInst = "Shifter">   --->   Core 75 'Shifter' <Latency = 0> <II = 1> <Delay = 1.16> <FuncUnit> <Opcode : 'shl' 'lshr' 'ashr'> <InPorts = 2> <OutPorts = 1>
ST_9 : Operation 208 [1/1] (0.00ns)   --->   "%lshr_ln33_6 = partselect i39 @_ssdm_op_PartSelect.i39.i40.i32.i32, i40 %shl_ln33_6, i32 1, i32 39" [firmware/myproject_axi_master.cpp:33]   --->   Operation 208 'partselect' 'lshr_ln33_6' <Predicate = (icmp_ln29 & !icmp_ln33_6)> <Delay = 0.00>
ST_9 : Operation 209 [1/1] (0.00ns)   --->   "%zext_ln33_27 = zext i39 %lshr_ln33_6" [firmware/myproject_axi_master.cpp:33]   --->   Operation 209 'zext' 'zext_ln33_27' <Predicate = (icmp_ln29 & !icmp_ln33_6)> <Delay = 0.00>
ST_9 : Operation 210 [1/1] (0.00ns) (grouped into LUT with out node add_ln33_6)   --->   "%tmp_23 = bitselect i1 @_ssdm_op_BitSelect.i1.i40.i32, i40 %shl_ln33_6, i32 25" [firmware/myproject_axi_master.cpp:33]   --->   Operation 210 'bitselect' 'tmp_23' <Predicate = (icmp_ln29 & !icmp_ln33_6)> <Delay = 0.00>
ST_9 : Operation 211 [1/1] (0.00ns) (grouped into LUT with out node add_ln33_6)   --->   "%select_ln33_13 = select i1 %tmp_23, i8 127, i8 126" [firmware/myproject_axi_master.cpp:33]   --->   Operation 211 'select' 'select_ln33_13' <Predicate = (icmp_ln29 & !icmp_ln33_6)> <Delay = 0.00> <CoreInst = "Sel">   --->   Core 73 'Sel' <Latency = 0> <II = 1> <Delay = 0.39> <FuncUnit> <Opcode : 'select'> <InPorts = 3> <OutPorts = 1>
ST_9 : Operation 212 [1/1] (0.78ns)   --->   "%sub_ln33_20 = sub i5 9, i5 %trunc_ln33_13" [firmware/myproject_axi_master.cpp:33]   --->   Operation 212 'sub' 'sub_ln33_20' <Predicate = (icmp_ln29 & !icmp_ln33_6)> <Delay = 0.78> <CoreInst = "Adder">   --->   Core 1 'Adder' <Latency = 0> <II = 1> <Delay = 0.78> <FuncUnit> <Opcode : 'add' 'sub'> <InPorts = 2> <OutPorts = 1>
ST_9 : Operation 213 [1/1] (0.00ns) (grouped into LUT with out node add_ln33_6)   --->   "%sext_ln33_6 = sext i5 %sub_ln33_20" [firmware/myproject_axi_master.cpp:33]   --->   Operation 213 'sext' 'sext_ln33_6' <Predicate = (icmp_ln29 & !icmp_ln33_6)> <Delay = 0.00>
ST_9 : Operation 214 [1/1] (0.76ns) (out node of the LUT)   --->   "%add_ln33_6 = add i8 %select_ln33_13, i8 %sext_ln33_6" [firmware/myproject_axi_master.cpp:33]   --->   Operation 214 'add' 'add_ln33_6' <Predicate = (icmp_ln29 & !icmp_ln33_6)> <Delay = 0.76> <CoreInst = "Adder">   --->   Core 1 'Adder' <Latency = 0> <II = 1> <Delay = 0.76> <FuncUnit> <Opcode : 'add' 'sub'> <InPorts = 2> <OutPorts = 1>
ST_9 : Operation 215 [1/1] (0.00ns)   --->   "%tmp_36_i = bitconcatenate i9 @_ssdm_op_BitConcatenate.i9.i1.i8, i1 %tmp_22, i8 %add_ln33_6" [firmware/myproject_axi_master.cpp:33]   --->   Operation 215 'bitconcatenate' 'tmp_36_i' <Predicate = (icmp_ln29 & !icmp_ln33_6)> <Delay = 0.00>
ST_9 : Operation 216 [1/1] (0.00ns)   --->   "%pi_assign_6 = partset i64 @_ssdm_op_PartSet.i64.i64.i9.i32.i32, i64 %zext_ln33_27, i9 %tmp_36_i, i32 23, i32 31" [firmware/myproject_axi_master.cpp:33]   --->   Operation 216 'partset' 'pi_assign_6' <Predicate = (icmp_ln29 & !icmp_ln33_6)> <Delay = 0.00>
ST_9 : Operation 217 [1/1] (0.00ns)   --->   "%LD_6 = trunc i64 %pi_assign_6" [firmware/myproject_axi_master.cpp:33]   --->   Operation 217 'trunc' 'LD_6' <Predicate = (icmp_ln29 & !icmp_ln33_6)> <Delay = 0.00>
ST_9 : Operation 218 [1/1] (0.44ns)   --->   "%empty_56 = select i1 %icmp_ln33_6, i32 0, i32 %LD_6" [firmware/myproject_axi_master.cpp:33]   --->   Operation 218 'select' 'empty_56' <Predicate = (icmp_ln29)> <Delay = 0.44> <CoreInst = "Sel">   --->   Core 73 'Sel' <Latency = 0> <II = 1> <Delay = 0.44> <FuncUnit> <Opcode : 'select'> <InPorts = 3> <OutPorts = 1>
ST_9 : Operation 219 [1/1] (0.84ns)   --->   "%icmp_ln33_7 = icmp_eq  i15 %tmp_7, i15 0" [firmware/myproject_axi_master.cpp:33]   --->   Operation 219 'icmp' 'icmp_ln33_7' <Predicate = (icmp_ln29)> <Delay = 0.84> <CoreInst = "Cmp">   --->   Core 9 'Cmp' <Latency = 0> <II = 1> <Delay = 0.84> <FuncUnit> <Opcode : 'seteq' 'setne' 'setle' 'setge' 'setlt' 'setgt'> <InPorts = 2> <OutPorts = 1>
ST_9 : Operation 220 [1/1] (0.84ns)   --->   "%sub_ln33_21 = sub i15 0, i15 %tmp_7" [firmware/myproject_axi_master.cpp:33]   --->   Operation 220 'sub' 'sub_ln33_21' <Predicate = (icmp_ln29 & tmp_24)> <Delay = 0.84> <CoreInst = "Adder">   --->   Core 1 'Adder' <Latency = 0> <II = 1> <Delay = 0.84> <FuncUnit> <Opcode : 'add' 'sub'> <InPorts = 2> <OutPorts = 1>
ST_9 : Operation 221 [1/1] (0.29ns)   --->   "%select_ln33_14 = select i1 %tmp_24, i15 %sub_ln33_21, i15 %tmp_7" [firmware/myproject_axi_master.cpp:33]   --->   Operation 221 'select' 'select_ln33_14' <Predicate = (icmp_ln29)> <Delay = 0.29> <CoreInst = "Sel">   --->   Core 73 'Sel' <Latency = 0> <II = 1> <Delay = 0.29> <FuncUnit> <Opcode : 'select'> <InPorts = 3> <OutPorts = 1>

State 10 <SV = 9> <Delay = 4.37>
ST_10 : Operation 222 [1/1] ( I:4.37ns O:4.37ns )   --->   "%write_ln33 = write void @_ssdm_op_Write.m_axi.p1i32.i32, i32 %gmem_out0_addr, i32 %empty_56, i4 15" [firmware/myproject_axi_master.cpp:33]   --->   Operation 222 'write' 'write_ln33' <Predicate = (icmp_ln29)> <Delay = 4.37> <CoreInst = "m_axi">   --->   Core 119 'm_axi' <Latency = 5> <II = 1> <Delay = 1.00> <Adapter> <Opcode : 'readrequnaligned' 'writerequnaligned' 'read' 'write' 'readreq' 'writereq' 'writeresp'>
ST_10 : Operation 223 [1/1] (0.44ns)   --->   "%tmp_38_i = ctlz i15 @llvm.ctlz.i15, i15 %select_ln33_14, i1 0" [firmware/myproject_axi_master.cpp:33]   --->   Operation 223 'ctlz' 'tmp_38_i' <Predicate = (icmp_ln29 & !icmp_ln33_7)> <Delay = 0.44> <CoreInst = "ctlz">   --->   Core 145 'ctlz' <Latency = 0> <II = 1> <Delay = 0.44> <FuncUnit> <Opcode : 'ctlz'> <InPorts = 1> <OutPorts = 1>
ST_10 : Operation 224 [1/1] (0.00ns) (grouped into LUT with out node sub_ln33_22)   --->   "%trunc_ln33_14 = trunc i15 %tmp_38_i" [firmware/myproject_axi_master.cpp:33]   --->   Operation 224 'trunc' 'trunc_ln33_14' <Predicate = (icmp_ln29 & !icmp_ln33_7)> <Delay = 0.00>
ST_10 : Operation 225 [1/1] (0.00ns)   --->   "%trunc_ln33_15 = trunc i15 %tmp_38_i" [firmware/myproject_axi_master.cpp:33]   --->   Operation 225 'trunc' 'trunc_ln33_15' <Predicate = (icmp_ln29 & !icmp_ln33_7)> <Delay = 0.00>
ST_10 : Operation 226 [1/1] (0.00ns) (grouped into LUT with out node sub_ln33_22)   --->   "%xor_ln33_7 = xor i4 %trunc_ln33_14, i4 15" [firmware/myproject_axi_master.cpp:33]   --->   Operation 226 'xor' 'xor_ln33_7' <Predicate = (icmp_ln29 & !icmp_ln33_7)> <Delay = 0.00> <CoreInst = "LogicGate">   --->   Core 74 'LogicGate' <Latency = 0> <II = 1> <Delay = 0.35> <FuncUnit> <Opcode : 'and' 'or' 'xor'> <InPorts = 2> <OutPorts = 1>
ST_10 : Operation 227 [1/1] (0.00ns) (grouped into LUT with out node sub_ln33_22)   --->   "%zext_ln33_28 = zext i4 %xor_ln33_7" [firmware/myproject_axi_master.cpp:33]   --->   Operation 227 'zext' 'zext_ln33_28' <Predicate = (icmp_ln29 & !icmp_ln33_7)> <Delay = 0.00>
ST_10 : Operation 228 [1/1] (0.00ns)   --->   "%zext_ln33_29 = zext i15 %select_ln33_14" [firmware/myproject_axi_master.cpp:33]   --->   Operation 228 'zext' 'zext_ln33_29' <Predicate = (icmp_ln29 & !icmp_ln33_7)> <Delay = 0.00>
ST_10 : Operation 229 [1/1] (0.79ns) (out node of the LUT)   --->   "%sub_ln33_22 = sub i5 25, i5 %zext_ln33_28" [firmware/myproject_axi_master.cpp:33]   --->   Operation 229 'sub' 'sub_ln33_22' <Predicate = (icmp_ln29 & !icmp_ln33_7)> <Delay = 0.79> <CoreInst = "Adder">   --->   Core 1 'Adder' <Latency = 0> <II = 1> <Delay = 0.79> <FuncUnit> <Opcode : 'add' 'sub'> <InPorts = 2> <OutPorts = 1>
ST_10 : Operation 230 [1/1] (0.00ns)   --->   "%zext_ln33_30 = zext i5 %sub_ln33_22" [firmware/myproject_axi_master.cpp:33]   --->   Operation 230 'zext' 'zext_ln33_30' <Predicate = (icmp_ln29 & !icmp_ln33_7)> <Delay = 0.00>
ST_10 : Operation 231 [1/1] (1.16ns)   --->   "%shl_ln33_7 = shl i40 %zext_ln33_29, i40 %zext_ln33_30" [firmware/myproject_axi_master.cpp:33]   --->   Operation 231 'shl' 'shl_ln33_7' <Predicate = (icmp_ln29 & !icmp_ln33_7)> <Delay = 1.16> <CoreInst = "Shifter">   --->   Core 75 'Shifter' <Latency = 0> <II = 1> <Delay = 1.16> <FuncUnit> <Opcode : 'shl' 'lshr' 'ashr'> <InPorts = 2> <OutPorts = 1>
ST_10 : Operation 232 [1/1] (0.00ns)   --->   "%lshr_ln33_7 = partselect i39 @_ssdm_op_PartSelect.i39.i40.i32.i32, i40 %shl_ln33_7, i32 1, i32 39" [firmware/myproject_axi_master.cpp:33]   --->   Operation 232 'partselect' 'lshr_ln33_7' <Predicate = (icmp_ln29 & !icmp_ln33_7)> <Delay = 0.00>
ST_10 : Operation 233 [1/1] (0.00ns)   --->   "%zext_ln33_31 = zext i39 %lshr_ln33_7" [firmware/myproject_axi_master.cpp:33]   --->   Operation 233 'zext' 'zext_ln33_31' <Predicate = (icmp_ln29 & !icmp_ln33_7)> <Delay = 0.00>
ST_10 : Operation 234 [1/1] (0.00ns) (grouped into LUT with out node add_ln33_7)   --->   "%tmp_25 = bitselect i1 @_ssdm_op_BitSelect.i1.i40.i32, i40 %shl_ln33_7, i32 25" [firmware/myproject_axi_master.cpp:33]   --->   Operation 234 'bitselect' 'tmp_25' <Predicate = (icmp_ln29 & !icmp_ln33_7)> <Delay = 0.00>
ST_10 : Operation 235 [1/1] (0.00ns) (grouped into LUT with out node add_ln33_7)   --->   "%select_ln33_15 = select i1 %tmp_25, i8 127, i8 126" [firmware/myproject_axi_master.cpp:33]   --->   Operation 235 'select' 'select_ln33_15' <Predicate = (icmp_ln29 & !icmp_ln33_7)> <Delay = 0.00> <CoreInst = "Sel">   --->   Core 73 'Sel' <Latency = 0> <II = 1> <Delay = 0.39> <FuncUnit> <Opcode : 'select'> <InPorts = 3> <OutPorts = 1>
ST_10 : Operation 236 [1/1] (0.78ns)   --->   "%sub_ln33_23 = sub i5 9, i5 %trunc_ln33_15" [firmware/myproject_axi_master.cpp:33]   --->   Operation 236 'sub' 'sub_ln33_23' <Predicate = (icmp_ln29 & !icmp_ln33_7)> <Delay = 0.78> <CoreInst = "Adder">   --->   Core 1 'Adder' <Latency = 0> <II = 1> <Delay = 0.78> <FuncUnit> <Opcode : 'add' 'sub'> <InPorts = 2> <OutPorts = 1>
ST_10 : Operation 237 [1/1] (0.00ns) (grouped into LUT with out node add_ln33_7)   --->   "%sext_ln33_7 = sext i5 %sub_ln33_23" [firmware/myproject_axi_master.cpp:33]   --->   Operation 237 'sext' 'sext_ln33_7' <Predicate = (icmp_ln29 & !icmp_ln33_7)> <Delay = 0.00>
ST_10 : Operation 238 [1/1] (0.76ns) (out node of the LUT)   --->   "%add_ln33_7 = add i8 %select_ln33_15, i8 %sext_ln33_7" [firmware/myproject_axi_master.cpp:33]   --->   Operation 238 'add' 'add_ln33_7' <Predicate = (icmp_ln29 & !icmp_ln33_7)> <Delay = 0.76> <CoreInst = "Adder">   --->   Core 1 'Adder' <Latency = 0> <II = 1> <Delay = 0.76> <FuncUnit> <Opcode : 'add' 'sub'> <InPorts = 2> <OutPorts = 1>
ST_10 : Operation 239 [1/1] (0.00ns)   --->   "%tmp_40_i = bitconcatenate i9 @_ssdm_op_BitConcatenate.i9.i1.i8, i1 %tmp_24, i8 %add_ln33_7" [firmware/myproject_axi_master.cpp:33]   --->   Operation 239 'bitconcatenate' 'tmp_40_i' <Predicate = (icmp_ln29 & !icmp_ln33_7)> <Delay = 0.00>
ST_10 : Operation 240 [1/1] (0.00ns)   --->   "%pi_assign_7 = partset i64 @_ssdm_op_PartSet.i64.i64.i9.i32.i32, i64 %zext_ln33_31, i9 %tmp_40_i, i32 23, i32 31" [firmware/myproject_axi_master.cpp:33]   --->   Operation 240 'partset' 'pi_assign_7' <Predicate = (icmp_ln29 & !icmp_ln33_7)> <Delay = 0.00>
ST_10 : Operation 241 [1/1] (0.00ns)   --->   "%LD_7 = trunc i64 %pi_assign_7" [firmware/myproject_axi_master.cpp:33]   --->   Operation 241 'trunc' 'LD_7' <Predicate = (icmp_ln29 & !icmp_ln33_7)> <Delay = 0.00>
ST_10 : Operation 242 [1/1] (0.44ns)   --->   "%empty_57 = select i1 %icmp_ln33_7, i32 0, i32 %LD_7" [firmware/myproject_axi_master.cpp:33]   --->   Operation 242 'select' 'empty_57' <Predicate = (icmp_ln29)> <Delay = 0.44> <CoreInst = "Sel">   --->   Core 73 'Sel' <Latency = 0> <II = 1> <Delay = 0.44> <FuncUnit> <Opcode : 'select'> <InPorts = 3> <OutPorts = 1>
ST_10 : Operation 243 [1/1] (0.84ns)   --->   "%icmp_ln33_8 = icmp_eq  i15 %tmp_8, i15 0" [firmware/myproject_axi_master.cpp:33]   --->   Operation 243 'icmp' 'icmp_ln33_8' <Predicate = (icmp_ln29)> <Delay = 0.84> <CoreInst = "Cmp">   --->   Core 9 'Cmp' <Latency = 0> <II = 1> <Delay = 0.84> <FuncUnit> <Opcode : 'seteq' 'setne' 'setle' 'setge' 'setlt' 'setgt'> <InPorts = 2> <OutPorts = 1>
ST_10 : Operation 244 [1/1] (0.84ns)   --->   "%sub_ln33_24 = sub i15 0, i15 %tmp_8" [firmware/myproject_axi_master.cpp:33]   --->   Operation 244 'sub' 'sub_ln33_24' <Predicate = (icmp_ln29 & tmp_26)> <Delay = 0.84> <CoreInst = "Adder">   --->   Core 1 'Adder' <Latency = 0> <II = 1> <Delay = 0.84> <FuncUnit> <Opcode : 'add' 'sub'> <InPorts = 2> <OutPorts = 1>
ST_10 : Operation 245 [1/1] (0.29ns)   --->   "%select_ln33_16 = select i1 %tmp_26, i15 %sub_ln33_24, i15 %tmp_8" [firmware/myproject_axi_master.cpp:33]   --->   Operation 245 'select' 'select_ln33_16' <Predicate = (icmp_ln29)> <Delay = 0.29> <CoreInst = "Sel">   --->   Core 73 'Sel' <Latency = 0> <II = 1> <Delay = 0.29> <FuncUnit> <Opcode : 'select'> <InPorts = 3> <OutPorts = 1>

State 11 <SV = 10> <Delay = 4.37>
ST_11 : Operation 246 [1/1] ( I:4.37ns O:4.37ns )   --->   "%write_ln33 = write void @_ssdm_op_Write.m_axi.p1i32.i32, i32 %gmem_out0_addr, i32 %empty_57, i4 15" [firmware/myproject_axi_master.cpp:33]   --->   Operation 246 'write' 'write_ln33' <Predicate = true> <Delay = 4.37> <CoreInst = "m_axi">   --->   Core 119 'm_axi' <Latency = 5> <II = 1> <Delay = 1.00> <Adapter> <Opcode : 'readrequnaligned' 'writerequnaligned' 'read' 'write' 'readreq' 'writereq' 'writeresp'>
ST_11 : Operation 247 [1/1] (0.44ns)   --->   "%tmp_42_i = ctlz i15 @llvm.ctlz.i15, i15 %select_ln33_16, i1 0" [firmware/myproject_axi_master.cpp:33]   --->   Operation 247 'ctlz' 'tmp_42_i' <Predicate = (!icmp_ln33_8)> <Delay = 0.44> <CoreInst = "ctlz">   --->   Core 145 'ctlz' <Latency = 0> <II = 1> <Delay = 0.44> <FuncUnit> <Opcode : 'ctlz'> <InPorts = 1> <OutPorts = 1>
ST_11 : Operation 248 [1/1] (0.00ns) (grouped into LUT with out node sub_ln33_25)   --->   "%trunc_ln33_16 = trunc i15 %tmp_42_i" [firmware/myproject_axi_master.cpp:33]   --->   Operation 248 'trunc' 'trunc_ln33_16' <Predicate = (!icmp_ln33_8)> <Delay = 0.00>
ST_11 : Operation 249 [1/1] (0.00ns)   --->   "%trunc_ln33_17 = trunc i15 %tmp_42_i" [firmware/myproject_axi_master.cpp:33]   --->   Operation 249 'trunc' 'trunc_ln33_17' <Predicate = (!icmp_ln33_8)> <Delay = 0.00>
ST_11 : Operation 250 [1/1] (0.00ns) (grouped into LUT with out node sub_ln33_25)   --->   "%xor_ln33_8 = xor i4 %trunc_ln33_16, i4 15" [firmware/myproject_axi_master.cpp:33]   --->   Operation 250 'xor' 'xor_ln33_8' <Predicate = (!icmp_ln33_8)> <Delay = 0.00> <CoreInst = "LogicGate">   --->   Core 74 'LogicGate' <Latency = 0> <II = 1> <Delay = 0.35> <FuncUnit> <Opcode : 'and' 'or' 'xor'> <InPorts = 2> <OutPorts = 1>
ST_11 : Operation 251 [1/1] (0.00ns) (grouped into LUT with out node sub_ln33_25)   --->   "%zext_ln33_32 = zext i4 %xor_ln33_8" [firmware/myproject_axi_master.cpp:33]   --->   Operation 251 'zext' 'zext_ln33_32' <Predicate = (!icmp_ln33_8)> <Delay = 0.00>
ST_11 : Operation 252 [1/1] (0.00ns)   --->   "%zext_ln33_33 = zext i15 %select_ln33_16" [firmware/myproject_axi_master.cpp:33]   --->   Operation 252 'zext' 'zext_ln33_33' <Predicate = (!icmp_ln33_8)> <Delay = 0.00>
ST_11 : Operation 253 [1/1] (0.79ns) (out node of the LUT)   --->   "%sub_ln33_25 = sub i5 25, i5 %zext_ln33_32" [firmware/myproject_axi_master.cpp:33]   --->   Operation 253 'sub' 'sub_ln33_25' <Predicate = (!icmp_ln33_8)> <Delay = 0.79> <CoreInst = "Adder">   --->   Core 1 'Adder' <Latency = 0> <II = 1> <Delay = 0.79> <FuncUnit> <Opcode : 'add' 'sub'> <InPorts = 2> <OutPorts = 1>
ST_11 : Operation 254 [1/1] (0.00ns)   --->   "%zext_ln33_34 = zext i5 %sub_ln33_25" [firmware/myproject_axi_master.cpp:33]   --->   Operation 254 'zext' 'zext_ln33_34' <Predicate = (!icmp_ln33_8)> <Delay = 0.00>
ST_11 : Operation 255 [1/1] (1.16ns)   --->   "%shl_ln33_8 = shl i40 %zext_ln33_33, i40 %zext_ln33_34" [firmware/myproject_axi_master.cpp:33]   --->   Operation 255 'shl' 'shl_ln33_8' <Predicate = (!icmp_ln33_8)> <Delay = 1.16> <CoreInst = "Shifter">   --->   Core 75 'Shifter' <Latency = 0> <II = 1> <Delay = 1.16> <FuncUnit> <Opcode : 'shl' 'lshr' 'ashr'> <InPorts = 2> <OutPorts = 1>
ST_11 : Operation 256 [1/1] (0.00ns)   --->   "%lshr_ln33_8 = partselect i39 @_ssdm_op_PartSelect.i39.i40.i32.i32, i40 %shl_ln33_8, i32 1, i32 39" [firmware/myproject_axi_master.cpp:33]   --->   Operation 256 'partselect' 'lshr_ln33_8' <Predicate = (!icmp_ln33_8)> <Delay = 0.00>
ST_11 : Operation 257 [1/1] (0.00ns)   --->   "%zext_ln33_35 = zext i39 %lshr_ln33_8" [firmware/myproject_axi_master.cpp:33]   --->   Operation 257 'zext' 'zext_ln33_35' <Predicate = (!icmp_ln33_8)> <Delay = 0.00>
ST_11 : Operation 258 [1/1] (0.00ns) (grouped into LUT with out node add_ln33_8)   --->   "%tmp_27 = bitselect i1 @_ssdm_op_BitSelect.i1.i40.i32, i40 %shl_ln33_8, i32 25" [firmware/myproject_axi_master.cpp:33]   --->   Operation 258 'bitselect' 'tmp_27' <Predicate = (!icmp_ln33_8)> <Delay = 0.00>
ST_11 : Operation 259 [1/1] (0.00ns) (grouped into LUT with out node add_ln33_8)   --->   "%select_ln33_17 = select i1 %tmp_27, i8 127, i8 126" [firmware/myproject_axi_master.cpp:33]   --->   Operation 259 'select' 'select_ln33_17' <Predicate = (!icmp_ln33_8)> <Delay = 0.00> <CoreInst = "Sel">   --->   Core 73 'Sel' <Latency = 0> <II = 1> <Delay = 0.39> <FuncUnit> <Opcode : 'select'> <InPorts = 3> <OutPorts = 1>
ST_11 : Operation 260 [1/1] (0.78ns)   --->   "%sub_ln33_26 = sub i5 9, i5 %trunc_ln33_17" [firmware/myproject_axi_master.cpp:33]   --->   Operation 260 'sub' 'sub_ln33_26' <Predicate = (!icmp_ln33_8)> <Delay = 0.78> <CoreInst = "Adder">   --->   Core 1 'Adder' <Latency = 0> <II = 1> <Delay = 0.78> <FuncUnit> <Opcode : 'add' 'sub'> <InPorts = 2> <OutPorts = 1>
ST_11 : Operation 261 [1/1] (0.00ns) (grouped into LUT with out node add_ln33_8)   --->   "%sext_ln33_8 = sext i5 %sub_ln33_26" [firmware/myproject_axi_master.cpp:33]   --->   Operation 261 'sext' 'sext_ln33_8' <Predicate = (!icmp_ln33_8)> <Delay = 0.00>
ST_11 : Operation 262 [1/1] (0.76ns) (out node of the LUT)   --->   "%add_ln33_8 = add i8 %select_ln33_17, i8 %sext_ln33_8" [firmware/myproject_axi_master.cpp:33]   --->   Operation 262 'add' 'add_ln33_8' <Predicate = (!icmp_ln33_8)> <Delay = 0.76> <CoreInst = "Adder">   --->   Core 1 'Adder' <Latency = 0> <II = 1> <Delay = 0.76> <FuncUnit> <Opcode : 'add' 'sub'> <InPorts = 2> <OutPorts = 1>
ST_11 : Operation 263 [1/1] (0.00ns)   --->   "%tmp_44_i = bitconcatenate i9 @_ssdm_op_BitConcatenate.i9.i1.i8, i1 %tmp_26, i8 %add_ln33_8" [firmware/myproject_axi_master.cpp:33]   --->   Operation 263 'bitconcatenate' 'tmp_44_i' <Predicate = (!icmp_ln33_8)> <Delay = 0.00>
ST_11 : Operation 264 [1/1] (0.00ns)   --->   "%pi_assign_8 = partset i64 @_ssdm_op_PartSet.i64.i64.i9.i32.i32, i64 %zext_ln33_35, i9 %tmp_44_i, i32 23, i32 31" [firmware/myproject_axi_master.cpp:33]   --->   Operation 264 'partset' 'pi_assign_8' <Predicate = (!icmp_ln33_8)> <Delay = 0.00>
ST_11 : Operation 265 [1/1] (0.00ns)   --->   "%LD_8 = trunc i64 %pi_assign_8" [firmware/myproject_axi_master.cpp:33]   --->   Operation 265 'trunc' 'LD_8' <Predicate = (!icmp_ln33_8)> <Delay = 0.00>
ST_11 : Operation 266 [1/1] (0.44ns)   --->   "%empty_58 = select i1 %icmp_ln33_8, i32 0, i32 %LD_8" [firmware/myproject_axi_master.cpp:33]   --->   Operation 266 'select' 'empty_58' <Predicate = true> <Delay = 0.44> <CoreInst = "Sel">   --->   Core 73 'Sel' <Latency = 0> <II = 1> <Delay = 0.44> <FuncUnit> <Opcode : 'select'> <InPorts = 3> <OutPorts = 1>
ST_11 : Operation 267 [1/1] (0.84ns)   --->   "%icmp_ln33_9 = icmp_eq  i15 %tmp_9, i15 0" [firmware/myproject_axi_master.cpp:33]   --->   Operation 267 'icmp' 'icmp_ln33_9' <Predicate = true> <Delay = 0.84> <CoreInst = "Cmp">   --->   Core 9 'Cmp' <Latency = 0> <II = 1> <Delay = 0.84> <FuncUnit> <Opcode : 'seteq' 'setne' 'setle' 'setge' 'setlt' 'setgt'> <InPorts = 2> <OutPorts = 1>
ST_11 : Operation 268 [1/1] (0.84ns)   --->   "%sub_ln33_27 = sub i15 0, i15 %tmp_9" [firmware/myproject_axi_master.cpp:33]   --->   Operation 268 'sub' 'sub_ln33_27' <Predicate = (tmp_28)> <Delay = 0.84> <CoreInst = "Adder">   --->   Core 1 'Adder' <Latency = 0> <II = 1> <Delay = 0.84> <FuncUnit> <Opcode : 'add' 'sub'> <InPorts = 2> <OutPorts = 1>
ST_11 : Operation 269 [1/1] (0.29ns)   --->   "%select_ln33_18 = select i1 %tmp_28, i15 %sub_ln33_27, i15 %tmp_9" [firmware/myproject_axi_master.cpp:33]   --->   Operation 269 'select' 'select_ln33_18' <Predicate = true> <Delay = 0.29> <CoreInst = "Sel">   --->   Core 73 'Sel' <Latency = 0> <II = 1> <Delay = 0.29> <FuncUnit> <Opcode : 'select'> <InPorts = 3> <OutPorts = 1>

State 12 <SV = 11> <Delay = 4.37>
ST_12 : Operation 270 [1/1] ( I:4.37ns O:4.37ns )   --->   "%write_ln33 = write void @_ssdm_op_Write.m_axi.p1i32.i32, i32 %gmem_out0_addr, i32 %empty_58, i4 15" [firmware/myproject_axi_master.cpp:33]   --->   Operation 270 'write' 'write_ln33' <Predicate = true> <Delay = 4.37> <CoreInst = "m_axi">   --->   Core 119 'm_axi' <Latency = 5> <II = 1> <Delay = 1.00> <Adapter> <Opcode : 'readrequnaligned' 'writerequnaligned' 'read' 'write' 'readreq' 'writereq' 'writeresp'>
ST_12 : Operation 271 [1/1] (0.44ns)   --->   "%tmp_46_i = ctlz i15 @llvm.ctlz.i15, i15 %select_ln33_18, i1 0" [firmware/myproject_axi_master.cpp:33]   --->   Operation 271 'ctlz' 'tmp_46_i' <Predicate = (!icmp_ln33_9)> <Delay = 0.44> <CoreInst = "ctlz">   --->   Core 145 'ctlz' <Latency = 0> <II = 1> <Delay = 0.44> <FuncUnit> <Opcode : 'ctlz'> <InPorts = 1> <OutPorts = 1>
ST_12 : Operation 272 [1/1] (0.00ns) (grouped into LUT with out node sub_ln33_28)   --->   "%trunc_ln33_18 = trunc i15 %tmp_46_i" [firmware/myproject_axi_master.cpp:33]   --->   Operation 272 'trunc' 'trunc_ln33_18' <Predicate = (!icmp_ln33_9)> <Delay = 0.00>
ST_12 : Operation 273 [1/1] (0.00ns)   --->   "%trunc_ln33_19 = trunc i15 %tmp_46_i" [firmware/myproject_axi_master.cpp:33]   --->   Operation 273 'trunc' 'trunc_ln33_19' <Predicate = (!icmp_ln33_9)> <Delay = 0.00>
ST_12 : Operation 274 [1/1] (0.00ns) (grouped into LUT with out node sub_ln33_28)   --->   "%xor_ln33_9 = xor i4 %trunc_ln33_18, i4 15" [firmware/myproject_axi_master.cpp:33]   --->   Operation 274 'xor' 'xor_ln33_9' <Predicate = (!icmp_ln33_9)> <Delay = 0.00> <CoreInst = "LogicGate">   --->   Core 74 'LogicGate' <Latency = 0> <II = 1> <Delay = 0.35> <FuncUnit> <Opcode : 'and' 'or' 'xor'> <InPorts = 2> <OutPorts = 1>
ST_12 : Operation 275 [1/1] (0.00ns) (grouped into LUT with out node sub_ln33_28)   --->   "%zext_ln33_36 = zext i4 %xor_ln33_9" [firmware/myproject_axi_master.cpp:33]   --->   Operation 275 'zext' 'zext_ln33_36' <Predicate = (!icmp_ln33_9)> <Delay = 0.00>
ST_12 : Operation 276 [1/1] (0.00ns)   --->   "%zext_ln33_37 = zext i15 %select_ln33_18" [firmware/myproject_axi_master.cpp:33]   --->   Operation 276 'zext' 'zext_ln33_37' <Predicate = (!icmp_ln33_9)> <Delay = 0.00>
ST_12 : Operation 277 [1/1] (0.79ns) (out node of the LUT)   --->   "%sub_ln33_28 = sub i5 25, i5 %zext_ln33_36" [firmware/myproject_axi_master.cpp:33]   --->   Operation 277 'sub' 'sub_ln33_28' <Predicate = (!icmp_ln33_9)> <Delay = 0.79> <CoreInst = "Adder">   --->   Core 1 'Adder' <Latency = 0> <II = 1> <Delay = 0.79> <FuncUnit> <Opcode : 'add' 'sub'> <InPorts = 2> <OutPorts = 1>
ST_12 : Operation 278 [1/1] (0.00ns)   --->   "%zext_ln33_38 = zext i5 %sub_ln33_28" [firmware/myproject_axi_master.cpp:33]   --->   Operation 278 'zext' 'zext_ln33_38' <Predicate = (!icmp_ln33_9)> <Delay = 0.00>
ST_12 : Operation 279 [1/1] (1.16ns)   --->   "%shl_ln33_9 = shl i40 %zext_ln33_37, i40 %zext_ln33_38" [firmware/myproject_axi_master.cpp:33]   --->   Operation 279 'shl' 'shl_ln33_9' <Predicate = (!icmp_ln33_9)> <Delay = 1.16> <CoreInst = "Shifter">   --->   Core 75 'Shifter' <Latency = 0> <II = 1> <Delay = 1.16> <FuncUnit> <Opcode : 'shl' 'lshr' 'ashr'> <InPorts = 2> <OutPorts = 1>
ST_12 : Operation 280 [1/1] (0.00ns)   --->   "%lshr_ln33_9 = partselect i39 @_ssdm_op_PartSelect.i39.i40.i32.i32, i40 %shl_ln33_9, i32 1, i32 39" [firmware/myproject_axi_master.cpp:33]   --->   Operation 280 'partselect' 'lshr_ln33_9' <Predicate = (!icmp_ln33_9)> <Delay = 0.00>
ST_12 : Operation 281 [1/1] (0.00ns)   --->   "%zext_ln33_39 = zext i39 %lshr_ln33_9" [firmware/myproject_axi_master.cpp:33]   --->   Operation 281 'zext' 'zext_ln33_39' <Predicate = (!icmp_ln33_9)> <Delay = 0.00>
ST_12 : Operation 282 [1/1] (0.00ns) (grouped into LUT with out node add_ln33_9)   --->   "%tmp_29 = bitselect i1 @_ssdm_op_BitSelect.i1.i40.i32, i40 %shl_ln33_9, i32 25" [firmware/myproject_axi_master.cpp:33]   --->   Operation 282 'bitselect' 'tmp_29' <Predicate = (!icmp_ln33_9)> <Delay = 0.00>
ST_12 : Operation 283 [1/1] (0.00ns) (grouped into LUT with out node add_ln33_9)   --->   "%select_ln33_19 = select i1 %tmp_29, i8 127, i8 126" [firmware/myproject_axi_master.cpp:33]   --->   Operation 283 'select' 'select_ln33_19' <Predicate = (!icmp_ln33_9)> <Delay = 0.00> <CoreInst = "Sel">   --->   Core 73 'Sel' <Latency = 0> <II = 1> <Delay = 0.39> <FuncUnit> <Opcode : 'select'> <InPorts = 3> <OutPorts = 1>
ST_12 : Operation 284 [1/1] (0.78ns)   --->   "%sub_ln33_29 = sub i5 9, i5 %trunc_ln33_19" [firmware/myproject_axi_master.cpp:33]   --->   Operation 284 'sub' 'sub_ln33_29' <Predicate = (!icmp_ln33_9)> <Delay = 0.78> <CoreInst = "Adder">   --->   Core 1 'Adder' <Latency = 0> <II = 1> <Delay = 0.78> <FuncUnit> <Opcode : 'add' 'sub'> <InPorts = 2> <OutPorts = 1>
ST_12 : Operation 285 [1/1] (0.00ns) (grouped into LUT with out node add_ln33_9)   --->   "%sext_ln33_9 = sext i5 %sub_ln33_29" [firmware/myproject_axi_master.cpp:33]   --->   Operation 285 'sext' 'sext_ln33_9' <Predicate = (!icmp_ln33_9)> <Delay = 0.00>
ST_12 : Operation 286 [1/1] (0.76ns) (out node of the LUT)   --->   "%add_ln33_9 = add i8 %select_ln33_19, i8 %sext_ln33_9" [firmware/myproject_axi_master.cpp:33]   --->   Operation 286 'add' 'add_ln33_9' <Predicate = (!icmp_ln33_9)> <Delay = 0.76> <CoreInst = "Adder">   --->   Core 1 'Adder' <Latency = 0> <II = 1> <Delay = 0.76> <FuncUnit> <Opcode : 'add' 'sub'> <InPorts = 2> <OutPorts = 1>
ST_12 : Operation 287 [1/1] (0.00ns)   --->   "%tmp_48_i = bitconcatenate i9 @_ssdm_op_BitConcatenate.i9.i1.i8, i1 %tmp_28, i8 %add_ln33_9" [firmware/myproject_axi_master.cpp:33]   --->   Operation 287 'bitconcatenate' 'tmp_48_i' <Predicate = (!icmp_ln33_9)> <Delay = 0.00>
ST_12 : Operation 288 [1/1] (0.00ns)   --->   "%pi_assign_9 = partset i64 @_ssdm_op_PartSet.i64.i64.i9.i32.i32, i64 %zext_ln33_39, i9 %tmp_48_i, i32 23, i32 31" [firmware/myproject_axi_master.cpp:33]   --->   Operation 288 'partset' 'pi_assign_9' <Predicate = (!icmp_ln33_9)> <Delay = 0.00>
ST_12 : Operation 289 [1/1] (0.00ns)   --->   "%LD_9 = trunc i64 %pi_assign_9" [firmware/myproject_axi_master.cpp:33]   --->   Operation 289 'trunc' 'LD_9' <Predicate = (!icmp_ln33_9)> <Delay = 0.00>
ST_12 : Operation 290 [1/1] (0.44ns)   --->   "%empty_59 = select i1 %icmp_ln33_9, i32 0, i32 %LD_9" [firmware/myproject_axi_master.cpp:33]   --->   Operation 290 'select' 'empty_59' <Predicate = true> <Delay = 0.44> <CoreInst = "Sel">   --->   Core 73 'Sel' <Latency = 0> <II = 1> <Delay = 0.44> <FuncUnit> <Opcode : 'select'> <InPorts = 3> <OutPorts = 1>

State 13 <SV = 12> <Delay = 4.37>
ST_13 : Operation 291 [1/1] (0.00ns)   --->   "%specpipeline_ln28 = specpipeline void @_ssdm_op_SpecPipeline, i32 4294967295, i32 0, i32 0, i32 0, i32 4294967295, void @empty_6" [firmware/myproject_axi_master.cpp:28]   --->   Operation 291 'specpipeline' 'specpipeline_ln28' <Predicate = true> <Delay = 0.00>
ST_13 : Operation 292 [1/1] (0.00ns)   --->   "%specloopname_ln29 = specloopname void @_ssdm_op_SpecLoopName, void @empty_0" [firmware/myproject_axi_master.cpp:29]   --->   Operation 292 'specloopname' 'specloopname_ln29' <Predicate = true> <Delay = 0.00>
ST_13 : Operation 293 [1/1] ( I:4.37ns O:4.37ns )   --->   "%write_ln33 = write void @_ssdm_op_Write.m_axi.p1i32.i32, i32 %gmem_out0_addr, i32 %empty_59, i4 15" [firmware/myproject_axi_master.cpp:33]   --->   Operation 293 'write' 'write_ln33' <Predicate = true> <Delay = 4.37> <CoreInst = "m_axi">   --->   Core 119 'm_axi' <Latency = 5> <II = 1> <Delay = 1.00> <Adapter> <Opcode : 'readrequnaligned' 'writerequnaligned' 'read' 'write' 'readreq' 'writereq' 'writeresp'>
ST_13 : Operation 294 [1/1] (0.00ns)   --->   "%br_ln29 = br void %VITIS_LOOP_30_2.i" [firmware/myproject_axi_master.cpp:29]   --->   Operation 294 'br' 'br_ln29' <Predicate = true> <Delay = 0.00>


============================================================
+ Verbose Summary: Timing violations
============================================================
Target clock period: 5.000ns, clock uncertainty: 0.625ns.

 <State 1>: 1.870ns
The critical path consists of the following:
	'store' operation ('store_ln0') of constant 0 31 bit on local variable 'q' [11]  (0.427 ns)
	'load' operation 31 bit ('q_load', firmware/myproject_axi_master.cpp:29) on local variable 'q' [14]  (0.000 ns)
	'icmp' operation 1 bit ('icmp_ln29', firmware/myproject_axi_master.cpp:29) [16]  (1.016 ns)
	'store' operation ('store_ln29', firmware/myproject_axi_master.cpp:29) of variable 'add_ln29', firmware/myproject_axi_master.cpp:29 31 bit on local variable 'q' [284]  (0.427 ns)

 <State 2>: 2.784ns
The critical path consists of the following:
	fifo read operation ('stream_out0_layer13_out_read', firmware/myproject_axi_master.cpp:31) on port 'stream_out0_layer13_out' (firmware/myproject_axi_master.cpp:31) [23]  (1.648 ns)
	'sub' operation 15 bit ('sub_ln33', firmware/myproject_axi_master.cpp:33) [36]  (0.842 ns)
	'select' operation 15 bit ('select_ln33', firmware/myproject_axi_master.cpp:33) [37]  (0.294 ns)

 <State 3>: 3.617ns
The critical path consists of the following:
	'ctlz' operation 15 bit ('tmp_10_i', firmware/myproject_axi_master.cpp:33) [38]  (0.443 ns)
	'xor' operation 4 bit ('xor_ln33', firmware/myproject_axi_master.cpp:33) [41]  (0.000 ns)
	'sub' operation 5 bit ('sub_ln33_1', firmware/myproject_axi_master.cpp:33) [44]  (0.797 ns)
	'shl' operation 40 bit ('shl_ln33', firmware/myproject_axi_master.cpp:33) [46]  (1.163 ns)
	'select' operation 8 bit ('select_ln33_1', firmware/myproject_axi_master.cpp:33) [50]  (0.000 ns)
	'add' operation 8 bit ('add_ln33', firmware/myproject_axi_master.cpp:33) [53]  (0.765 ns)
	'select' operation 32 bit ('empty', firmware/myproject_axi_master.cpp:33) [57]  (0.449 ns)

 <State 4>: 4.375ns
The critical path consists of the following:
	bus write operation ('write_ln33', firmware/myproject_axi_master.cpp:33) on port 'gmem_out0' (firmware/myproject_axi_master.cpp:33) [58]  (4.375 ns)

 <State 5>: 4.375ns
The critical path consists of the following:
	bus write operation ('write_ln33', firmware/myproject_axi_master.cpp:33) on port 'gmem_out0' (firmware/myproject_axi_master.cpp:33) [83]  (4.375 ns)

 <State 6>: 4.375ns
The critical path consists of the following:
	bus write operation ('write_ln33', firmware/myproject_axi_master.cpp:33) on port 'gmem_out0' (firmware/myproject_axi_master.cpp:33) [108]  (4.375 ns)

 <State 7>: 4.375ns
The critical path consists of the following:
	bus write operation ('write_ln33', firmware/myproject_axi_master.cpp:33) on port 'gmem_out0' (firmware/myproject_axi_master.cpp:33) [133]  (4.375 ns)

 <State 8>: 4.375ns
The critical path consists of the following:
	bus write operation ('write_ln33', firmware/myproject_axi_master.cpp:33) on port 'gmem_out0' (firmware/myproject_axi_master.cpp:33) [158]  (4.375 ns)

 <State 9>: 4.375ns
The critical path consists of the following:
	bus write operation ('write_ln33', firmware/myproject_axi_master.cpp:33) on port 'gmem_out0' (firmware/myproject_axi_master.cpp:33) [183]  (4.375 ns)

 <State 10>: 4.375ns
The critical path consists of the following:
	bus write operation ('write_ln33', firmware/myproject_axi_master.cpp:33) on port 'gmem_out0' (firmware/myproject_axi_master.cpp:33) [208]  (4.375 ns)

 <State 11>: 4.375ns
The critical path consists of the following:
	bus write operation ('write_ln33', firmware/myproject_axi_master.cpp:33) on port 'gmem_out0' (firmware/myproject_axi_master.cpp:33) [233]  (4.375 ns)

 <State 12>: 4.375ns
The critical path consists of the following:
	bus write operation ('write_ln33', firmware/myproject_axi_master.cpp:33) on port 'gmem_out0' (firmware/myproject_axi_master.cpp:33) [258]  (4.375 ns)

 <State 13>: 4.375ns
The critical path consists of the following:
	bus write operation ('write_ln33', firmware/myproject_axi_master.cpp:33) on port 'gmem_out0' (firmware/myproject_axi_master.cpp:33) [283]  (4.375 ns)


============================================================
+ Verbose Summary: Binding
============================================================
N/A
* FSMD analyzer results:
  - Output states:
 - Input state : 
  - Chain level:
	State 1
	State 2
	State 3
	State 4
	State 5
	State 6
	State 7
	State 8
	State 9
	State 10
	State 11
	State 12
	State 13


============================================================
+ Verbose Summary: Datapath Resource usage 
============================================================
N/A
