

================================================================
== Vitis HLS Report for 'dense_array_ap_ufixed_128u_array_ap_fixed_15_12_5_3_0_64u_config6_s'
================================================================
* Date:           Thu May  7 11:52:04 2026

* Version:        2025.2 (Build 6295257 on Nov 14 2025)
* Project:        vitis_unified_project
* Solution:       hls (Vivado IP Flow Target)
* Product family: zynquplus
* Target device:  xck26-sfvc784-2LV-c


================================================================
== Performance Estimates
================================================================
+ Timing: 
    * Summary: 
    +--------+---------+----------+------------+
    |  Clock |  Target | Estimated| Uncertainty|
    +--------+---------+----------+------------+
    |ap_clk  |  5.00 ns|  3.958 ns|     0.62 ns|
    +--------+---------+----------+------------+

+ Latency: 
    * Summary: 
    +---------+---------+-----------+-----------+-----+-----+---------+
    |  Latency (cycles) |   Latency (absolute)  |  Interval | Pipeline|
    |   min   |   max   |    min    |    max    | min | max |   Type  |
    +---------+---------+-----------+-----------+-----+-----+---------+
    |        2|        2|  10.000 ns|  10.000 ns|    2|    2|       no|
    +---------+---------+-----------+-----------+-----+-----+---------+

    + Detail: 
        * Instance: 
        +-----------------------------------------------------------------------------+------------------------------------------------------------------+---------+---------+----------+----------+-----+-----+---------+
        |                                                                             |                                                                  |  Latency (cycles) |  Latency (absolute) |  Interval | Pipeline|
        |                                   Instance                                  |                              Module                              |   min   |   max   |    min   |    max   | min | max |   Type  |
        +-----------------------------------------------------------------------------+------------------------------------------------------------------+---------+---------+----------+----------+-----+-----+---------+
        |grp_dense_latency_ap_ufixed_8_6_0_3_0_ap_fixed_15_12_5_3_0_config6_s_fu_117  |dense_latency_ap_ufixed_8_6_0_3_0_ap_fixed_15_12_5_3_0_config6_s  |        1|        1|  5.000 ns|  5.000 ns|    1|    1|      yes|
        +-----------------------------------------------------------------------------+------------------------------------------------------------------+---------+---------+----------+----------+-----+-----+---------+

        * Loop: 
        N/A



================================================================
== Utilization Estimates
================================================================
* Summary: 
+-----------------+---------+------+--------+--------+-----+
|       Name      | BRAM_18K|  DSP |   FF   |   LUT  | URAM|
+-----------------+---------+------+--------+--------+-----+
|DSP              |        -|     -|       -|       -|    -|
|Expression       |        -|     -|       0|       2|    -|
|FIFO             |        -|     -|       -|       -|    -|
|Instance         |        -|     -|     164|    2290|    -|
|Memory           |        -|     -|       -|       -|    -|
|Multiplexer      |        -|     -|       0|      56|    -|
|Register         |        -|     -|     142|       -|    -|
+-----------------+---------+------+--------+--------+-----+
|Total            |        0|     0|     306|    2348|    0|
+-----------------+---------+------+--------+--------+-----+
|Available        |      288|  1248|  234240|  117120|   64|
+-----------------+---------+------+--------+--------+-----+
|Utilization (%)  |        0|     0|      ~0|       2|    0|
+-----------------+---------+------+--------+--------+-----+

+ Detail: 
    * Instance: 
    +-----------------------------------------------------------------------------+------------------------------------------------------------------+---------+----+-----+------+-----+
    |                                   Instance                                  |                              Module                              | BRAM_18K| DSP|  FF |  LUT | URAM|
    +-----------------------------------------------------------------------------+------------------------------------------------------------------+---------+----+-----+------+-----+
    |grp_dense_latency_ap_ufixed_8_6_0_3_0_ap_fixed_15_12_5_3_0_config6_s_fu_117  |dense_latency_ap_ufixed_8_6_0_3_0_ap_fixed_15_12_5_3_0_config6_s  |        0|   0|  164|  2290|    0|
    +-----------------------------------------------------------------------------+------------------------------------------------------------------+---------+----+-----+------+-----+
    |Total                                                                        |                                                                  |        0|   0|  164|  2290|    0|
    +-----------------------------------------------------------------------------+------------------------------------------------------------------+---------+----+-----+------+-----+

    * DSP: 
    N/A

    * Memory: 
    N/A

    * FIFO: 
    N/A

    * Expression: 
    +-----------------+----------+----+---+----+------------+------------+
    |  Variable Name  | Operation| DSP| FF| LUT| Bitwidth P0| Bitwidth P1|
    +-----------------+----------+----+---+----+------------+------------+
    |ap_block_state1  |        or|   0|  0|   2|           1|           1|
    +-----------------+----------+----+---+----+------------+------------+
    |Total            |          |   0|  0|   2|           1|           1|
    +-----------------+----------+----+---+----+------------+------------+

    * Multiplexer: 
    +------------------+----+-----------+-----+-----------+
    |       Name       | LUT| Input Size| Bits| Total Bits|
    +------------------+----+-----------+-----+-----------+
    |ap_NS_fsm         |  20|          4|    1|          4|
    |ap_done           |   9|          2|    1|          2|
    |layer4_out_blk_n  |   9|          2|    1|          2|
    |layer6_out_blk_n  |   9|          2|    1|          2|
    |real_start        |   9|          2|    1|          2|
    +------------------+----+-----------+-----+-----------+
    |Total             |  56|         12|    5|         12|
    +------------------+----+-----------+-----+-----------+

    * Register: 
    +------------------------------------------------------------------------------------------+---+----+-----+-----------+
    |                                           Name                                           | FF| LUT| Bits| Const Bits|
    +------------------------------------------------------------------------------------------+---+----+-----+-----------+
    |ap_CS_fsm                                                                                 |  3|   0|    3|          0|
    |ap_done_reg                                                                               |  1|   0|    1|          0|
    |data_10_reg_454                                                                           |  8|   0|    8|          0|
    |data_11_reg_459                                                                           |  8|   0|    8|          0|
    |data_12_reg_464                                                                           |  8|   0|    8|          0|
    |data_13_reg_469                                                                           |  8|   0|    8|          0|
    |data_14_reg_474                                                                           |  8|   0|    8|          0|
    |data_15_reg_479                                                                           |  8|   0|    8|          0|
    |data_16_reg_404                                                                           |  8|   0|    8|          0|
    |data_1_reg_434                                                                            |  8|   0|    8|          0|
    |data_2_reg_439                                                                            |  8|   0|    8|          0|
    |data_3_reg_444                                                                            |  8|   0|    8|          0|
    |data_4_reg_449                                                                            |  8|   0|    8|          0|
    |data_5_reg_409                                                                            |  8|   0|    8|          0|
    |data_6_reg_414                                                                            |  8|   0|    8|          0|
    |data_7_reg_419                                                                            |  8|   0|    8|          0|
    |data_8_reg_424                                                                            |  8|   0|    8|          0|
    |data_9_reg_429                                                                            |  8|   0|    8|          0|
    |data_reg_399                                                                              |  8|   0|    8|          0|
    |grp_dense_latency_ap_ufixed_8_6_0_3_0_ap_fixed_15_12_5_3_0_config6_s_fu_117_ap_start_reg  |  1|   0|    1|          0|
    |start_once_reg                                                                            |  1|   0|    1|          0|
    +------------------------------------------------------------------------------------------+---+----+-----+-----------+
    |Total                                                                                     |142|   0|  142|          0|
    +------------------------------------------------------------------------------------------+---+----+-----+-----------+



================================================================
== Interface
================================================================
* Summary: 
+---------------------------+-----+------+------------+-----------------------------------------------------------------------+--------------+
|         RTL Ports         | Dir | Bits |  Protocol  |                             Source Object                             |    C Type    |
+---------------------------+-----+------+------------+-----------------------------------------------------------------------+--------------+
|ap_clk                     |   in|     1|  ap_ctrl_hs|  dense<array<ap_ufixed,128u>,array<ap_fixed<15,12,5,3,0>,64u>,config6>|  return value|
|ap_rst                     |   in|     1|  ap_ctrl_hs|  dense<array<ap_ufixed,128u>,array<ap_fixed<15,12,5,3,0>,64u>,config6>|  return value|
|ap_start                   |   in|     1|  ap_ctrl_hs|  dense<array<ap_ufixed,128u>,array<ap_fixed<15,12,5,3,0>,64u>,config6>|  return value|
|start_full_n               |   in|     1|  ap_ctrl_hs|  dense<array<ap_ufixed,128u>,array<ap_fixed<15,12,5,3,0>,64u>,config6>|  return value|
|ap_done                    |  out|     1|  ap_ctrl_hs|  dense<array<ap_ufixed,128u>,array<ap_fixed<15,12,5,3,0>,64u>,config6>|  return value|
|ap_continue                |   in|     1|  ap_ctrl_hs|  dense<array<ap_ufixed,128u>,array<ap_fixed<15,12,5,3,0>,64u>,config6>|  return value|
|ap_idle                    |  out|     1|  ap_ctrl_hs|  dense<array<ap_ufixed,128u>,array<ap_fixed<15,12,5,3,0>,64u>,config6>|  return value|
|ap_ready                   |  out|     1|  ap_ctrl_hs|  dense<array<ap_ufixed,128u>,array<ap_fixed<15,12,5,3,0>,64u>,config6>|  return value|
|start_out                  |  out|     1|  ap_ctrl_hs|  dense<array<ap_ufixed,128u>,array<ap_fixed<15,12,5,3,0>,64u>,config6>|  return value|
|start_write                |  out|     1|  ap_ctrl_hs|  dense<array<ap_ufixed,128u>,array<ap_fixed<15,12,5,3,0>,64u>,config6>|  return value|
|layer4_out_dout            |   in|  1024|     ap_fifo|                                                             layer4_out|       pointer|
|layer4_out_empty_n         |   in|     1|     ap_fifo|                                                             layer4_out|       pointer|
|layer4_out_read            |  out|     1|     ap_fifo|                                                             layer4_out|       pointer|
|layer4_out_num_data_valid  |   in|     2|     ap_fifo|                                                             layer4_out|       pointer|
|layer4_out_fifo_cap        |   in|     2|     ap_fifo|                                                             layer4_out|       pointer|
|layer6_out_din             |  out|   960|     ap_fifo|                                                             layer6_out|       pointer|
|layer6_out_full_n          |   in|     1|     ap_fifo|                                                             layer6_out|       pointer|
|layer6_out_write           |  out|     1|     ap_fifo|                                                             layer6_out|       pointer|
|layer6_out_num_data_valid  |   in|     2|     ap_fifo|                                                             layer6_out|       pointer|
|layer6_out_fifo_cap        |   in|     2|     ap_fifo|                                                             layer6_out|       pointer|
+---------------------------+-----+------+------------+-----------------------------------------------------------------------+--------------+

