

================================================================
== Vitis HLS Report for 'dense_array_ap_ufixed_64u_array_ap_fixed_15_12_5_3_0_32u_config9_s'
================================================================
* Date:           Thu May  7 15:45:09 2026

* Version:        2025.2 (Build 6295257 on Nov 14 2025)
* Project:        vitis_unified_project
* Solution:       hls (Vivado IP Flow Target)
* Product family: zynquplus
* Target device:  xck26-sfvc784-2LV-c


================================================================
== Performance Estimates
================================================================
+ Timing: 
    * Summary: 
    +--------+---------+----------+------------+
    |  Clock |  Target | Estimated| Uncertainty|
    +--------+---------+----------+------------+
    |ap_clk  |  5.00 ns|  4.143 ns|     0.62 ns|
    +--------+---------+----------+------------+

+ Latency: 
    * Summary: 
    +---------+---------+-----------+-----------+-----+-----+---------+
    |  Latency (cycles) |   Latency (absolute)  |  Interval | Pipeline|
    |   min   |   max   |    min    |    max    | min | max |   Type  |
    +---------+---------+-----------+-----------+-----+-----+---------+
    |        2|        2|  10.000 ns|  10.000 ns|    2|    2|       no|
    +---------+---------+-----------+-----------+-----+-----+---------+

    + Detail: 
        * Instance: 
        +---------------------------------------------------------------------------------+------------------------------------------------------------------+---------+---------+----------+----------+-----+-----+---------+
        |                                                                                 |                                                                  |  Latency (cycles) |  Latency (absolute) |  Interval | Pipeline|
        |                                     Instance                                    |                              Module                              |   min   |   max   |    min   |    max   | min | max |   Type  |
        +---------------------------------------------------------------------------------+------------------------------------------------------------------+---------+---------+----------+----------+-----+-----+---------+
        |call_ret_dense_latency_ap_ufixed_8_6_0_3_0_ap_fixed_15_12_5_3_0_config9_s_fu_85  |dense_latency_ap_ufixed_8_6_0_3_0_ap_fixed_15_12_5_3_0_config9_s  |        0|        0|      0 ns|      0 ns|    1|    1|      yes|
        +---------------------------------------------------------------------------------+------------------------------------------------------------------+---------+---------+----------+----------+-----+-----+---------+

        * Loop: 
        N/A



================================================================
== Utilization Estimates
================================================================
* Summary: 
+-----------------+---------+------+--------+--------+-----+
|       Name      | BRAM_18K|  DSP |   FF   |   LUT  | URAM|
+-----------------+---------+------+--------+--------+-----+
|DSP              |        -|     -|       -|       -|    -|
|Expression       |        -|     -|       0|       2|    -|
|FIFO             |        -|     -|       -|       -|    -|
|Instance         |        -|     -|       0|    1009|    -|
|Memory           |        -|     -|       -|       -|    -|
|Multiplexer      |        -|     -|       0|      56|    -|
|Register         |        -|     -|     153|       -|    -|
+-----------------+---------+------+--------+--------+-----+
|Total            |        0|     0|     153|    1067|    0|
+-----------------+---------+------+--------+--------+-----+
|Available        |      288|  1248|  234240|  117120|   64|
+-----------------+---------+------+--------+--------+-----+
|Utilization (%)  |        0|     0|      ~0|      ~0|    0|
+-----------------+---------+------+--------+--------+-----+

+ Detail: 
    * Instance: 
    +---------------------------------------------------------------------------------+------------------------------------------------------------------+---------+----+---+------+-----+
    |                                     Instance                                    |                              Module                              | BRAM_18K| DSP| FF|  LUT | URAM|
    +---------------------------------------------------------------------------------+------------------------------------------------------------------+---------+----+---+------+-----+
    |call_ret_dense_latency_ap_ufixed_8_6_0_3_0_ap_fixed_15_12_5_3_0_config9_s_fu_85  |dense_latency_ap_ufixed_8_6_0_3_0_ap_fixed_15_12_5_3_0_config9_s  |        0|   0|  0|  1009|    0|
    +---------------------------------------------------------------------------------+------------------------------------------------------------------+---------+----+---+------+-----+
    |Total                                                                            |                                                                  |        0|   0|  0|  1009|    0|
    +---------------------------------------------------------------------------------+------------------------------------------------------------------+---------+----+---+------+-----+

    * DSP: 
    N/A

    * Memory: 
    N/A

    * FIFO: 
    N/A

    * Expression: 
    +-----------------+----------+----+---+----+------------+------------+
    |  Variable Name  | Operation| DSP| FF| LUT| Bitwidth P0| Bitwidth P1|
    +-----------------+----------+----+---+----+------------+------------+
    |ap_block_state1  |        or|   0|  0|   2|           1|           1|
    +-----------------+----------+----+---+----+------------+------------+
    |Total            |          |   0|  0|   2|           1|           1|
    +-----------------+----------+----+---+----+------------+------------+

    * Multiplexer: 
    +------------------+----+-----------+-----+-----------+
    |       Name       | LUT| Input Size| Bits| Total Bits|
    +------------------+----+-----------+-----+-----------+
    |ap_NS_fsm         |  20|          4|    1|          4|
    |ap_done           |   9|          2|    1|          2|
    |layer7_out_blk_n  |   9|          2|    1|          2|
    |layer9_out_blk_n  |   9|          2|    1|          2|
    |real_start        |   9|          2|    1|          2|
    +------------------+----+-----------+-----+-----------+
    |Total             |  56|         12|    5|         12|
    +------------------+----+-----------+-----+-----------+

    * Register: 
    +-----------------+----+----+-----+-----------+
    |       Name      | FF | LUT| Bits| Const Bits|
    +-----------------+----+----+-----+-----------+
    |ap_CS_fsm        |   3|   0|    3|          0|
    |ap_done_reg      |   1|   0|    1|          0|
    |data_10_reg_293  |   8|   0|    8|          0|
    |data_1_reg_248   |   8|   0|    8|          0|
    |data_2_reg_253   |   8|   0|    8|          0|
    |data_3_reg_258   |   8|   0|    8|          0|
    |data_4_reg_263   |   8|   0|    8|          0|
    |data_5_reg_268   |   8|   0|    8|          0|
    |data_6_reg_273   |   8|   0|    8|          0|
    |data_7_reg_278   |   8|   0|    8|          0|
    |data_8_reg_283   |   8|   0|    8|          0|
    |data_9_reg_288   |   8|   0|    8|          0|
    |data_reg_243     |   8|   0|    8|          0|
    |res_1_reg_303    |  15|   0|   15|          0|
    |res_2_reg_308    |  15|   0|   15|          0|
    |res_3_reg_313    |  15|   0|   15|          0|
    |res_reg_298      |  15|   0|   15|          0|
    |start_once_reg   |   1|   0|    1|          0|
    +-----------------+----+----+-----+-----------+
    |Total            | 153|   0|  153|          0|
    +-----------------+----+----+-----+-----------+



================================================================
== Interface
================================================================
* Summary: 
+---------------------------+-----+-----+------------+----------------------------------------------------------------------+--------------+
|         RTL Ports         | Dir | Bits|  Protocol  |                             Source Object                            |    C Type    |
+---------------------------+-----+-----+------------+----------------------------------------------------------------------+--------------+
|ap_clk                     |   in|    1|  ap_ctrl_hs|  dense<array<ap_ufixed,64u>,array<ap_fixed<15,12,5,3,0>,32u>,config9>|  return value|
|ap_rst                     |   in|    1|  ap_ctrl_hs|  dense<array<ap_ufixed,64u>,array<ap_fixed<15,12,5,3,0>,32u>,config9>|  return value|
|ap_start                   |   in|    1|  ap_ctrl_hs|  dense<array<ap_ufixed,64u>,array<ap_fixed<15,12,5,3,0>,32u>,config9>|  return value|
|start_full_n               |   in|    1|  ap_ctrl_hs|  dense<array<ap_ufixed,64u>,array<ap_fixed<15,12,5,3,0>,32u>,config9>|  return value|
|ap_done                    |  out|    1|  ap_ctrl_hs|  dense<array<ap_ufixed,64u>,array<ap_fixed<15,12,5,3,0>,32u>,config9>|  return value|
|ap_continue                |   in|    1|  ap_ctrl_hs|  dense<array<ap_ufixed,64u>,array<ap_fixed<15,12,5,3,0>,32u>,config9>|  return value|
|ap_idle                    |  out|    1|  ap_ctrl_hs|  dense<array<ap_ufixed,64u>,array<ap_fixed<15,12,5,3,0>,32u>,config9>|  return value|
|ap_ready                   |  out|    1|  ap_ctrl_hs|  dense<array<ap_ufixed,64u>,array<ap_fixed<15,12,5,3,0>,32u>,config9>|  return value|
|start_out                  |  out|    1|  ap_ctrl_hs|  dense<array<ap_ufixed,64u>,array<ap_fixed<15,12,5,3,0>,32u>,config9>|  return value|
|start_write                |  out|    1|  ap_ctrl_hs|  dense<array<ap_ufixed,64u>,array<ap_fixed<15,12,5,3,0>,32u>,config9>|  return value|
|layer7_out_dout            |   in|  512|     ap_fifo|                                                            layer7_out|       pointer|
|layer7_out_empty_n         |   in|    1|     ap_fifo|                                                            layer7_out|       pointer|
|layer7_out_read            |  out|    1|     ap_fifo|                                                            layer7_out|       pointer|
|layer7_out_num_data_valid  |   in|    2|     ap_fifo|                                                            layer7_out|       pointer|
|layer7_out_fifo_cap        |   in|    2|     ap_fifo|                                                            layer7_out|       pointer|
|layer9_out_din             |  out|  480|     ap_fifo|                                                            layer9_out|       pointer|
|layer9_out_full_n          |   in|    1|     ap_fifo|                                                            layer9_out|       pointer|
|layer9_out_write           |  out|    1|     ap_fifo|                                                            layer9_out|       pointer|
|layer9_out_num_data_valid  |   in|    2|     ap_fifo|                                                            layer9_out|       pointer|
|layer9_out_fifo_cap        |   in|    2|     ap_fifo|                                                            layer9_out|       pointer|
+---------------------------+-----+-----+------------+----------------------------------------------------------------------+--------------+

