

================================================================
== Vitis HLS Report for 'dense_array_ap_ufixed_32u_array_ap_fixed_13_9_5_3_0_16u_config12_s'
================================================================
* Date:           Thu May  7 11:52:04 2026

* Version:        2025.2 (Build 6295257 on Nov 14 2025)
* Project:        vitis_unified_project
* Solution:       hls (Vivado IP Flow Target)
* Product family: zynquplus
* Target device:  xck26-sfvc784-2LV-c


================================================================
== Performance Estimates
================================================================
+ Timing: 
    * Summary: 
    +--------+---------+----------+------------+
    |  Clock |  Target | Estimated| Uncertainty|
    +--------+---------+----------+------------+
    |ap_clk  |  5.00 ns|  4.331 ns|     0.62 ns|
    +--------+---------+----------+------------+

+ Latency: 
    * Summary: 
    +---------+---------+----------+----------+-----+-----+---------+
    |  Latency (cycles) |  Latency (absolute) |  Interval | Pipeline|
    |   min   |   max   |    min   |    max   | min | max |   Type  |
    +---------+---------+----------+----------+-----+-----+---------+
    |        1|        1|  5.000 ns|  5.000 ns|    1|    1|       no|
    +---------+---------+----------+----------+-----+-----+---------+

    + Detail: 
        * Instance: 
        +---------------------------------------------------------------------------------+------------------------------------------------------------------+---------+---------+----------+----------+-----+-----+---------+
        |                                                                                 |                                                                  |  Latency (cycles) |  Latency (absolute) |  Interval | Pipeline|
        |                                     Instance                                    |                              Module                              |   min   |   max   |    min   |    max   | min | max |   Type  |
        +---------------------------------------------------------------------------------+------------------------------------------------------------------+---------+---------+----------+----------+-----+-----+---------+
        |call_ret_dense_latency_ap_ufixed_8_6_0_3_0_ap_fixed_13_9_5_3_0_config12_s_fu_57  |dense_latency_ap_ufixed_8_6_0_3_0_ap_fixed_13_9_5_3_0_config12_s  |        0|        0|      0 ns|      0 ns|    1|    1|      yes|
        +---------------------------------------------------------------------------------+------------------------------------------------------------------+---------+---------+----------+----------+-----+-----+---------+

        * Loop: 
        N/A



================================================================
== Utilization Estimates
================================================================
* Summary: 
+-----------------+---------+------+--------+--------+-----+
|       Name      | BRAM_18K|  DSP |   FF   |   LUT  | URAM|
+-----------------+---------+------+--------+--------+-----+
|DSP              |        -|     -|       -|       -|    -|
|Expression       |        -|     -|       0|       2|    -|
|FIFO             |        -|     -|       -|       -|    -|
|Instance         |        -|     -|       0|     373|    -|
|Memory           |        -|     -|       -|       -|    -|
|Multiplexer      |        -|     -|       0|      50|    -|
|Register         |        -|     -|      36|       -|    -|
+-----------------+---------+------+--------+--------+-----+
|Total            |        0|     0|      36|     425|    0|
+-----------------+---------+------+--------+--------+-----+
|Available        |      288|  1248|  234240|  117120|   64|
+-----------------+---------+------+--------+--------+-----+
|Utilization (%)  |        0|     0|      ~0|      ~0|    0|
+-----------------+---------+------+--------+--------+-----+

+ Detail: 
    * Instance: 
    +---------------------------------------------------------------------------------+------------------------------------------------------------------+---------+----+---+-----+-----+
    |                                     Instance                                    |                              Module                              | BRAM_18K| DSP| FF| LUT | URAM|
    +---------------------------------------------------------------------------------+------------------------------------------------------------------+---------+----+---+-----+-----+
    |call_ret_dense_latency_ap_ufixed_8_6_0_3_0_ap_fixed_13_9_5_3_0_config12_s_fu_57  |dense_latency_ap_ufixed_8_6_0_3_0_ap_fixed_13_9_5_3_0_config12_s  |        0|   0|  0|  373|    0|
    +---------------------------------------------------------------------------------+------------------------------------------------------------------+---------+----+---+-----+-----+
    |Total                                                                            |                                                                  |        0|   0|  0|  373|    0|
    +---------------------------------------------------------------------------------+------------------------------------------------------------------+---------+----+---+-----+-----+

    * DSP: 
    N/A

    * Memory: 
    N/A

    * FIFO: 
    N/A

    * Expression: 
    +-----------------+----------+----+---+----+------------+------------+
    |  Variable Name  | Operation| DSP| FF| LUT| Bitwidth P0| Bitwidth P1|
    +-----------------+----------+----+---+----+------------+------------+
    |ap_block_state1  |        or|   0|  0|   2|           1|           1|
    +-----------------+----------+----+---+----+------------+------------+
    |Total            |          |   0|  0|   2|           1|           1|
    +-----------------+----------+----+---+----+------------+------------+

    * Multiplexer: 
    +-------------------+----+-----------+-----+-----------+
    |        Name       | LUT| Input Size| Bits| Total Bits|
    +-------------------+----+-----------+-----+-----------+
    |ap_NS_fsm          |  14|          3|    1|          3|
    |ap_done            |   9|          2|    1|          2|
    |layer10_out_blk_n  |   9|          2|    1|          2|
    |layer12_out_blk_n  |   9|          2|    1|          2|
    |real_start         |   9|          2|    1|          2|
    +-------------------+----+-----------+-----+-----------+
    |Total              |  50|         11|    5|         11|
    +-------------------+----+-----------+-----+-----------+

    * Register: 
    +-----------------+---+----+-----+-----------+
    |       Name      | FF| LUT| Bits| Const Bits|
    +-----------------+---+----+-----+-----------+
    |ap_CS_fsm        |  2|   0|    2|          0|
    |ap_done_reg      |  1|   0|    1|          0|
    |data_11_reg_149  |  8|   0|    8|          0|
    |data_1_reg_154   |  8|   0|    8|          0|
    |data_2_reg_159   |  8|   0|    8|          0|
    |data_reg_144     |  8|   0|    8|          0|
    |start_once_reg   |  1|   0|    1|          0|
    +-----------------+---+----+-----+-----------+
    |Total            | 36|   0|   36|          0|
    +-----------------+---+----+-----+-----------+



================================================================
== Interface
================================================================
* Summary: 
+----------------------------+-----+-----+------------+----------------------------------------------------------------------+--------------+
|          RTL Ports         | Dir | Bits|  Protocol  |                             Source Object                            |    C Type    |
+----------------------------+-----+-----+------------+----------------------------------------------------------------------+--------------+
|ap_clk                      |   in|    1|  ap_ctrl_hs|  dense<array<ap_ufixed,32u>,array<ap_fixed<13,9,5,3,0>,16u>,config12>|  return value|
|ap_rst                      |   in|    1|  ap_ctrl_hs|  dense<array<ap_ufixed,32u>,array<ap_fixed<13,9,5,3,0>,16u>,config12>|  return value|
|ap_start                    |   in|    1|  ap_ctrl_hs|  dense<array<ap_ufixed,32u>,array<ap_fixed<13,9,5,3,0>,16u>,config12>|  return value|
|start_full_n                |   in|    1|  ap_ctrl_hs|  dense<array<ap_ufixed,32u>,array<ap_fixed<13,9,5,3,0>,16u>,config12>|  return value|
|ap_done                     |  out|    1|  ap_ctrl_hs|  dense<array<ap_ufixed,32u>,array<ap_fixed<13,9,5,3,0>,16u>,config12>|  return value|
|ap_continue                 |   in|    1|  ap_ctrl_hs|  dense<array<ap_ufixed,32u>,array<ap_fixed<13,9,5,3,0>,16u>,config12>|  return value|
|ap_idle                     |  out|    1|  ap_ctrl_hs|  dense<array<ap_ufixed,32u>,array<ap_fixed<13,9,5,3,0>,16u>,config12>|  return value|
|ap_ready                    |  out|    1|  ap_ctrl_hs|  dense<array<ap_ufixed,32u>,array<ap_fixed<13,9,5,3,0>,16u>,config12>|  return value|
|start_out                   |  out|    1|  ap_ctrl_hs|  dense<array<ap_ufixed,32u>,array<ap_fixed<13,9,5,3,0>,16u>,config12>|  return value|
|start_write                 |  out|    1|  ap_ctrl_hs|  dense<array<ap_ufixed,32u>,array<ap_fixed<13,9,5,3,0>,16u>,config12>|  return value|
|layer10_out_dout            |   in|  256|     ap_fifo|                                                           layer10_out|       pointer|
|layer10_out_empty_n         |   in|    1|     ap_fifo|                                                           layer10_out|       pointer|
|layer10_out_read            |  out|    1|     ap_fifo|                                                           layer10_out|       pointer|
|layer10_out_num_data_valid  |   in|    2|     ap_fifo|                                                           layer10_out|       pointer|
|layer10_out_fifo_cap        |   in|    2|     ap_fifo|                                                           layer10_out|       pointer|
|layer12_out_din             |  out|  208|     ap_fifo|                                                           layer12_out|       pointer|
|layer12_out_full_n          |   in|    1|     ap_fifo|                                                           layer12_out|       pointer|
|layer12_out_write           |  out|    1|     ap_fifo|                                                           layer12_out|       pointer|
|layer12_out_num_data_valid  |   in|    2|     ap_fifo|                                                           layer12_out|       pointer|
|layer12_out_fifo_cap        |   in|    2|     ap_fifo|                                                           layer12_out|       pointer|
+----------------------------+-----+-----+------------+----------------------------------------------------------------------+--------------+

