  **** HLS Build v2025.2 6295257
INFO: [HLS 200-2005] Using work_dir /work/development/pixsplit/baseline/baseline/hls4ml_prj_acc=0.7811_VU_DA_bitfile/vitis_workspace/myproject/vitis_unified_project 
INFO: [HLS 200-2176] Writing Vitis IDE component file /work/development/pixsplit/baseline/baseline/hls4ml_prj_acc=0.7811_VU_DA_bitfile/vitis_workspace/myproject/vitis_unified_project/vitis-comp.json
INFO: [HLS 200-10] Creating and opening component '/work/development/pixsplit/baseline/baseline/hls4ml_prj_acc=0.7811_VU_DA_bitfile/vitis_workspace/myproject/vitis_unified_project'.
INFO: [HLS 200-1505] Using default flow_target 'vivado'
Resolution: For help on HLS 200-1505 see docs.amd.com/access/sources/dita/topic?Doc_Version=2025.2%20English&url=ug1448-hls-guidance&resourceid=200-1505.html
INFO: [HLS 200-2174] Applying component config ini file ../../hls_kernel_config.cfg
INFO: [HLS 200-1465] Applying config ini 'syn.file=/work/development/pixsplit/baseline/baseline/hls4ml_prj_acc=0.7811_VU_DA_bitfile/firmware/myproject_axi_master.cpp' from ../../hls_kernel_config.cfg(7)
INFO: [HLS 200-10] Adding design file '/work/development/pixsplit/baseline/baseline/hls4ml_prj_acc=0.7811_VU_DA_bitfile/firmware/myproject_axi_master.cpp' to the project
INFO: [HLS 200-1465] Applying config ini 'syn.file=/work/development/pixsplit/baseline/baseline/hls4ml_prj_acc=0.7811_VU_DA_bitfile/firmware/myproject.cpp' from ../../hls_kernel_config.cfg(8)
INFO: [HLS 200-10] Adding design file '/work/development/pixsplit/baseline/baseline/hls4ml_prj_acc=0.7811_VU_DA_bitfile/firmware/myproject.cpp' to the project
INFO: [HLS 200-1465] Applying config ini 'syn.file_cflags=/work/development/pixsplit/baseline/baseline/hls4ml_prj_acc=0.7811_VU_DA_bitfile/firmware/myproject_axi_master.cpp,-std=c++0x' from ../../hls_kernel_config.cfg(9)
INFO: [HLS 200-1465] Applying config ini 'syn.file_cflags=/work/development/pixsplit/baseline/baseline/hls4ml_prj_acc=0.7811_VU_DA_bitfile/firmware/myproject.cpp,-std=c++0x' from ../../hls_kernel_config.cfg(10)
INFO: [HLS 200-1465] Applying config ini 'tb.file=/work/development/pixsplit/baseline/baseline/hls4ml_prj_acc=0.7811_VU_DA_bitfile/myproject_test.cpp' from ../../hls_kernel_config.cfg(14)
INFO: [HLS 200-10] Adding test bench file '/work/development/pixsplit/baseline/baseline/hls4ml_prj_acc=0.7811_VU_DA_bitfile/myproject_test.cpp' to the project
INFO: [HLS 200-1465] Applying config ini 'tb.file=/work/development/pixsplit/baseline/baseline/hls4ml_prj_acc=0.7811_VU_DA_bitfile/firmware/weights' from ../../hls_kernel_config.cfg(15)
INFO: [HLS 200-10] Adding test bench file '/work/development/pixsplit/baseline/baseline/hls4ml_prj_acc=0.7811_VU_DA_bitfile/firmware/weights' to the project
INFO: [HLS 200-1465] Applying config ini 'tb.file=/work/development/pixsplit/baseline/baseline/hls4ml_prj_acc=0.7811_VU_DA_bitfile/tb_data' from ../../hls_kernel_config.cfg(16)
INFO: [HLS 200-10] Adding test bench file '/work/development/pixsplit/baseline/baseline/hls4ml_prj_acc=0.7811_VU_DA_bitfile/tb_data' to the project
INFO: [HLS 200-1465] Applying config ini 'tb.file_cflags=/work/development/pixsplit/baseline/baseline/hls4ml_prj_acc=0.7811_VU_DA_bitfile/myproject_test.cpp,-std=c++0x' from ../../hls_kernel_config.cfg(17)
INFO: [HLS 200-1465] Applying config ini 'syn.top=myproject_axi_master' from ../../hls_kernel_config.cfg(12)
INFO: [HLS 200-1465] Applying config ini 'flow_target=vivado' from ../../hls_kernel_config.cfg(6)
INFO: [HLS 200-1505] Using flow_target 'vivado'
Resolution: For help on HLS 200-1505 see docs.amd.com/access/sources/dita/topic?Doc_Version=2025.2%20English&url=ug1448-hls-guidance&resourceid=200-1505.html
INFO: [HLS 200-1465] Applying config ini 'part=xck26-sfvc784-2LV-c' from ../../hls_kernel_config.cfg(1)
INFO: [HLS 200-1611] Setting target device to 'xck26-sfvc784-2LV-c'
INFO: [HLS 200-1465] Applying config ini 'clock=5' from ../../hls_kernel_config.cfg(4)
INFO: [SYN 201-201] Setting up clock 'default' with a period of 5ns.
INFO: [HLS 200-1465] Applying config ini 'clock_uncertainty=12.5%' from ../../hls_kernel_config.cfg(5)
INFO: [SYN 201-201] Setting up clock 'default' with an uncertainty of 0.625ns.
INFO: [HLS 200-1465] Applying config ini 'package.ip.version=1.0.0' from ../../hls_kernel_config.cfg(19)
INFO: [HLS 200-1465] Applying config ini 'package.output.format=xo' from ../../hls_kernel_config.cfg(20)
INFO: [HLS 200-1465] Applying config ini 'syn.compile.name_max_length=80' from ../../hls_kernel_config.cfg(21)
INFO: [XFORM 203-1161] The maximum of name length is set to 80.
INFO: [HLS 200-1465] Applying config ini 'syn.schedule.enable_dsp_full_reg=0' from ../../hls_kernel_config.cfg(22)
INFO: [HLS 200-2176] Writing Vitis IDE component file /work/development/pixsplit/baseline/baseline/hls4ml_prj_acc=0.7811_VU_DA_bitfile/vitis_workspace/myproject/vitis_unified_project/vitis-comp.json
INFO: [HLS 200-111] Finished File checks and directory preparation: CPU user time: 2.94 seconds. CPU system time: 0.77 seconds. Elapsed time: 3.61 seconds; current allocated memory: 257.359 MB.
INFO: [HLS 200-2191] C-Synthesis will use clang-16 as the compiler
INFO: [HLS 200-10] Analyzing design file '/work/development/pixsplit/baseline/baseline/hls4ml_prj_acc=0.7811_VU_DA_bitfile/firmware/myproject.cpp' ... 
WARNING: [HLS 207-7036] unexpected pragma argument 'softmax', expects function/operation (/work/development/pixsplit/baseline/baseline/hls4ml_prj_acc=0.7811_VU_DA_bitfile/firmware/nnet_utils/nnet_activation.h:402:36)
WARNING: [HLS 207-6996] 'Resource pragma' is deprecated, use 'bind_op/bind_storage pragma' instead (/work/development/pixsplit/baseline/baseline/hls4ml_prj_acc=0.7811_VU_DA_bitfile/firmware/nnet_utils/nnet_dense_resource.h:33:13)
WARNING: [HLS 207-6996] 'Resource pragma' is deprecated, use 'bind_op/bind_storage pragma' instead (/work/development/pixsplit/baseline/baseline/hls4ml_prj_acc=0.7811_VU_DA_bitfile/firmware/nnet_utils/nnet_dense_resource.h:107:13)
WARNING: [HLS 207-6996] 'Resource pragma' is deprecated, use 'bind_op/bind_storage pragma' instead (/work/development/pixsplit/baseline/baseline/hls4ml_prj_acc=0.7811_VU_DA_bitfile/firmware/nnet_utils/nnet_dense_resource.h:189:13)
WARNING: [HLS 214-113] Either use an argument of the function or declare the variable inside the dataflow loop body (/work/development/pixsplit/baseline/baseline/hls4ml_prj_acc=0.7811_VU_DA_bitfile/firmware/myproject.cpp:65:79)
Resolution: For help on HLS 214-113 see docs.amd.com/access/sources/dita/topic?Doc_Version=2025.2%20English&url=ug1448-hls-guidance&resourceid=214-113.html
WARNING: [HLS 214-113] Either use an argument of the function or declare the variable inside the dataflow loop body (/work/development/pixsplit/baseline/baseline/hls4ml_prj_acc=0.7811_VU_DA_bitfile/firmware/myproject.cpp:65:83)
Resolution: For help on HLS 214-113 see docs.amd.com/access/sources/dita/topic?Doc_Version=2025.2%20English&url=ug1448-hls-guidance&resourceid=214-113.html
WARNING: [HLS 214-113] Either use an argument of the function or declare the variable inside the dataflow loop body (/work/development/pixsplit/baseline/baseline/hls4ml_prj_acc=0.7811_VU_DA_bitfile/firmware/myproject.cpp:69:77)
Resolution: For help on HLS 214-113 see docs.amd.com/access/sources/dita/topic?Doc_Version=2025.2%20English&url=ug1448-hls-guidance&resourceid=214-113.html
WARNING: [HLS 214-113] Either use an argument of the function or declare the variable inside the dataflow loop body (/work/development/pixsplit/baseline/baseline/hls4ml_prj_acc=0.7811_VU_DA_bitfile/firmware/myproject.cpp:69:81)
Resolution: For help on HLS 214-113 see docs.amd.com/access/sources/dita/topic?Doc_Version=2025.2%20English&url=ug1448-hls-guidance&resourceid=214-113.html
WARNING: [HLS 214-113] Either use an argument of the function or declare the variable inside the dataflow loop body (/work/development/pixsplit/baseline/baseline/hls4ml_prj_acc=0.7811_VU_DA_bitfile/firmware/myproject.cpp:73:77)
Resolution: For help on HLS 214-113 see docs.amd.com/access/sources/dita/topic?Doc_Version=2025.2%20English&url=ug1448-hls-guidance&resourceid=214-113.html
WARNING: [HLS 214-113] Either use an argument of the function or declare the variable inside the dataflow loop body (/work/development/pixsplit/baseline/baseline/hls4ml_prj_acc=0.7811_VU_DA_bitfile/firmware/myproject.cpp:73:81)
Resolution: For help on HLS 214-113 see docs.amd.com/access/sources/dita/topic?Doc_Version=2025.2%20English&url=ug1448-hls-guidance&resourceid=214-113.html
WARNING: [HLS 214-113] Either use an argument of the function or declare the variable inside the dataflow loop body (/work/development/pixsplit/baseline/baseline/hls4ml_prj_acc=0.7811_VU_DA_bitfile/firmware/myproject.cpp:77:77)
Resolution: For help on HLS 214-113 see docs.amd.com/access/sources/dita/topic?Doc_Version=2025.2%20English&url=ug1448-hls-guidance&resourceid=214-113.html
WARNING: [HLS 214-113] Either use an argument of the function or declare the variable inside the dataflow loop body (/work/development/pixsplit/baseline/baseline/hls4ml_prj_acc=0.7811_VU_DA_bitfile/firmware/myproject.cpp:77:81)
Resolution: For help on HLS 214-113 see docs.amd.com/access/sources/dita/topic?Doc_Version=2025.2%20English&url=ug1448-hls-guidance&resourceid=214-113.html
WARNING: [HLS 214-113] Either use an argument of the function or declare the variable inside the dataflow loop body (/work/development/pixsplit/baseline/baseline/hls4ml_prj_acc=0.7811_VU_DA_bitfile/firmware/myproject.cpp:81:80)
Resolution: For help on HLS 214-113 see docs.amd.com/access/sources/dita/topic?Doc_Version=2025.2%20English&url=ug1448-hls-guidance&resourceid=214-113.html
WARNING: [HLS 214-113] Either use an argument of the function or declare the variable inside the dataflow loop body (/work/development/pixsplit/baseline/baseline/hls4ml_prj_acc=0.7811_VU_DA_bitfile/firmware/myproject.cpp:81:85)
Resolution: For help on HLS 214-113 see docs.amd.com/access/sources/dita/topic?Doc_Version=2025.2%20English&url=ug1448-hls-guidance&resourceid=214-113.html
WARNING: [HLS 200-471] Dataflow form checks found 10 issue(s) in file /work/development/pixsplit/baseline/baseline/hls4ml_prj_acc=0.7811_VU_DA_bitfile/firmware/myproject.cpp
Resolution: For help on HLS 200-471 see docs.amd.com/access/sources/dita/topic?Doc_Version=2025.2%20English&url=ug1448-hls-guidance&resourceid=200-471.html
WARNING: [HLS 207-4982] variable templates are a C++14 extension (/opt/Xilinx/2025.2/Vitis/common/technology/autopilot/ap_axi_sdata.h:38:23)
WARNING: [HLS 207-4982] variable templates are a C++14 extension (/opt/Xilinx/2025.2/Vitis/common/technology/autopilot/ap_axi_sdata.h:54:23)
WARNING: [HLS 207-1655] constexpr if is a C++17 extension (/opt/Xilinx/2025.2/Vitis/common/technology/autopilot/ap_axi_sdata.h:219:8)
WARNING: [HLS 207-1655] constexpr if is a C++17 extension (/opt/Xilinx/2025.2/Vitis/common/technology/autopilot/ap_axi_sdata.h:220:8)
WARNING: [HLS 207-1655] constexpr if is a C++17 extension (/opt/Xilinx/2025.2/Vitis/common/technology/autopilot/ap_axi_sdata.h:221:8)
WARNING: [HLS 207-1655] constexpr if is a C++17 extension (/opt/Xilinx/2025.2/Vitis/common/technology/autopilot/ap_axi_sdata.h:222:8)
WARNING: [HLS 207-1655] constexpr if is a C++17 extension (/opt/Xilinx/2025.2/Vitis/common/technology/autopilot/ap_axi_sdata.h:223:8)
WARNING: [HLS 207-1655] constexpr if is a C++17 extension (/opt/Xilinx/2025.2/Vitis/common/technology/autopilot/ap_axi_sdata.h:224:8)
WARNING: [HLS 207-1655] constexpr if is a C++17 extension (/opt/Xilinx/2025.2/Vitis/common/technology/autopilot/ap_axi_sdata.h:238:8)
WARNING: [HLS 207-1655] constexpr if is a C++17 extension (/opt/Xilinx/2025.2/Vitis/common/technology/autopilot/ap_axi_sdata.h:239:8)
WARNING: [HLS 207-1655] constexpr if is a C++17 extension (/opt/Xilinx/2025.2/Vitis/common/technology/autopilot/ap_axi_sdata.h:240:8)
WARNING: [HLS 207-1655] constexpr if is a C++17 extension (/opt/Xilinx/2025.2/Vitis/common/technology/autopilot/ap_axi_sdata.h:241:8)
WARNING: [HLS 207-1655] constexpr if is a C++17 extension (/opt/Xilinx/2025.2/Vitis/common/technology/autopilot/ap_axi_sdata.h:242:8)
WARNING: [HLS 207-1655] constexpr if is a C++17 extension (/opt/Xilinx/2025.2/Vitis/common/technology/autopilot/ap_axi_sdata.h:243:8)
WARNING: [HLS 207-1655] constexpr if is a C++17 extension (/opt/Xilinx/2025.2/Vitis/common/technology/autopilot/ap_axi_sdata.h:244:8)
WARNING: [HLS 207-6591] unused parameter 'keep' (/work/development/pixsplit/baseline/baseline/hls4ml_prj_acc=0.7811_VU_DA_bitfile/firmware/nnet_utils/nnet_helpers.h:329:99)
WARNING: [HLS 207-6591] unused parameter 'data' (/work/development/pixsplit/baseline/baseline/hls4ml_prj_acc=0.7811_VU_DA_bitfile/firmware/nnet_utils/nnet_function_stubs.h:14:36)
WARNING: [HLS 207-6591] unused parameter 'buffer' (/work/development/pixsplit/baseline/baseline/hls4ml_prj_acc=0.7811_VU_DA_bitfile/firmware/nnet_utils/nnet_function_stubs.h:15:36)
WARNING: [HLS 207-6591] unused parameter 'partition' (/work/development/pixsplit/baseline/baseline/hls4ml_prj_acc=0.7811_VU_DA_bitfile/firmware/nnet_utils/nnet_function_stubs.h:16:44)
WARNING: [HLS 207-6591] unused parameter 'data' (/work/development/pixsplit/baseline/baseline/hls4ml_prj_acc=0.7811_VU_DA_bitfile/firmware/nnet_utils/nnet_function_stubs.h:24:24)
WARNING: [HLS 207-6591] unused parameter 'buffer' (/work/development/pixsplit/baseline/baseline/hls4ml_prj_acc=0.7811_VU_DA_bitfile/firmware/nnet_utils/nnet_function_stubs.h:25:24)
WARNING: [HLS 207-6591] unused parameter 'partition' (/work/development/pixsplit/baseline/baseline/hls4ml_prj_acc=0.7811_VU_DA_bitfile/firmware/nnet_utils/nnet_function_stubs.h:26:32)
WARNING: [HLS 207-6591] unused parameter 'data' (/work/development/pixsplit/baseline/baseline/hls4ml_prj_acc=0.7811_VU_DA_bitfile/firmware/nnet_utils/nnet_function_stubs.h:33:30)
WARNING: [HLS 207-6591] unused parameter 'res' (/work/development/pixsplit/baseline/baseline/hls4ml_prj_acc=0.7811_VU_DA_bitfile/firmware/nnet_utils/nnet_function_stubs.h:33:58)
WARNING: [HLS 207-6591] unused parameter 'weights' (/work/development/pixsplit/baseline/baseline/hls4ml_prj_acc=0.7811_VU_DA_bitfile/firmware/nnet_utils/nnet_function_stubs.h:34:51)
WARNING: [HLS 207-6591] unused parameter 'biases' (/work/development/pixsplit/baseline/baseline/hls4ml_prj_acc=0.7811_VU_DA_bitfile/firmware/nnet_utils/nnet_function_stubs.h:35:49)
WARNING: [HLS 207-6591] unused parameter 'data' (/work/development/pixsplit/baseline/baseline/hls4ml_prj_acc=0.7811_VU_DA_bitfile/firmware/nnet_utils/nnet_function_stubs.h:42:30)
WARNING: [HLS 207-6591] unused parameter 'res' (/work/development/pixsplit/baseline/baseline/hls4ml_prj_acc=0.7811_VU_DA_bitfile/firmware/nnet_utils/nnet_function_stubs.h:42:58)
WARNING: [HLS 207-6591] unused parameter 'weights' (/work/development/pixsplit/baseline/baseline/hls4ml_prj_acc=0.7811_VU_DA_bitfile/firmware/nnet_utils/nnet_function_stubs.h:43:51)
WARNING: [HLS 207-6591] unused parameter 'biases' (/work/development/pixsplit/baseline/baseline/hls4ml_prj_acc=0.7811_VU_DA_bitfile/firmware/nnet_utils/nnet_function_stubs.h:44:49)
WARNING: [HLS 207-6591] unused parameter 'data' (/work/development/pixsplit/baseline/baseline/hls4ml_prj_acc=0.7811_VU_DA_bitfile/firmware/nnet_utils/nnet_function_stubs.h:51:29)
WARNING: [HLS 207-6591] unused parameter 'res' (/work/development/pixsplit/baseline/baseline/hls4ml_prj_acc=0.7811_VU_DA_bitfile/firmware/nnet_utils/nnet_function_stubs.h:51:80)
WARNING: [HLS 207-6591] unused parameter 'weights' (/work/development/pixsplit/baseline/baseline/hls4ml_prj_acc=0.7811_VU_DA_bitfile/firmware/nnet_utils/nnet_function_stubs.h:52:50)
WARNING: [HLS 207-6591] unused parameter 'biases' (/work/development/pixsplit/baseline/baseline/hls4ml_prj_acc=0.7811_VU_DA_bitfile/firmware/nnet_utils/nnet_function_stubs.h:53:48)
WARNING: [HLS 207-6591] unused parameter 'data' (/work/development/pixsplit/baseline/baseline/hls4ml_prj_acc=0.7811_VU_DA_bitfile/firmware/nnet_utils/nnet_code_gen.h:16:39)
WARNING: [HLS 207-6591] unused parameter 'res' (/work/development/pixsplit/baseline/baseline/hls4ml_prj_acc=0.7811_VU_DA_bitfile/firmware/nnet_utils/nnet_code_gen.h:17:38)
WARNING: [HLS 207-6591] unused parameter 'weights' (/work/development/pixsplit/baseline/baseline/hls4ml_prj_acc=0.7811_VU_DA_bitfile/firmware/nnet_utils/nnet_code_gen.h:18:60)
WARNING: [HLS 207-6591] unused parameter 'biases' (/work/development/pixsplit/baseline/baseline/hls4ml_prj_acc=0.7811_VU_DA_bitfile/firmware/nnet_utils/nnet_code_gen.h:19:58)
INFO: [HLS 200-10] Analyzing design file '/work/development/pixsplit/baseline/baseline/hls4ml_prj_acc=0.7811_VU_DA_bitfile/firmware/myproject_axi_master.cpp' ... 
INFO: [HLS 200-111] Finished Source Code Analysis and Preprocessing: CPU user time: 11.37 seconds. CPU system time: 1.29 seconds. Elapsed time: 12.66 seconds; current allocated memory: 264.902 MB.
INFO: [HLS 200-777] Using interface defaults for 'Vivado' flow target.
INFO: [HLS 200-1995] There were 9,607 instructions in the design after the 'Compile/Link' phase of compilation. See the Design Size Report for more details (/work/development/pixsplit/baseline/baseline/hls4ml_prj_acc=0.7811_VU_DA_bitfile/vitis_workspace/myproject/vitis_unified_project/hls/syn/report/csynth_design_size.rpt:2)
WARNING: [HLS 200-1995] There were 1,095,090 instructions in the design after the 'Unroll/Inline' phase of compilation. See the Design Size Report for more details (/work/development/pixsplit/baseline/baseline/hls4ml_prj_acc=0.7811_VU_DA_bitfile/vitis_workspace/myproject/vitis_unified_project/hls/syn/report/csynth_design_size.rpt:2)
WARNING: [HLS 200-1995] There were 340,265 instructions in the design after the 'Unroll/Inline (step 2)' phase of compilation. See the Design Size Report for more details (/work/development/pixsplit/baseline/baseline/hls4ml_prj_acc=0.7811_VU_DA_bitfile/vitis_workspace/myproject/vitis_unified_project/hls/syn/report/csynth_design_size.rpt:2)
WARNING: [HLS 200-1995] There were 338,569 instructions in the design after the 'Unroll/Inline (step 3)' phase of compilation. See the Design Size Report for more details (/work/development/pixsplit/baseline/baseline/hls4ml_prj_acc=0.7811_VU_DA_bitfile/vitis_workspace/myproject/vitis_unified_project/hls/syn/report/csynth_design_size.rpt:2)
WARNING: [HLS 200-1995] There were 334,650 instructions in the design after the 'Unroll/Inline (step 4)' phase of compilation. See the Design Size Report for more details (/work/development/pixsplit/baseline/baseline/hls4ml_prj_acc=0.7811_VU_DA_bitfile/vitis_workspace/myproject/vitis_unified_project/hls/syn/report/csynth_design_size.rpt:2)
WARNING: [HLS 200-1995] There were 130,630 instructions in the design after the 'Array/Struct' phase of compilation. See the Design Size Report for more details (/work/development/pixsplit/baseline/baseline/hls4ml_prj_acc=0.7811_VU_DA_bitfile/vitis_workspace/myproject/vitis_unified_project/hls/syn/report/csynth_design_size.rpt:2)
INFO: [HLS 200-1995] There were 75,478 instructions in the design after the 'Array/Struct (step 2)' phase of compilation. See the Design Size Report for more details (/work/development/pixsplit/baseline/baseline/hls4ml_prj_acc=0.7811_VU_DA_bitfile/vitis_workspace/myproject/vitis_unified_project/hls/syn/report/csynth_design_size.rpt:2)
INFO: [HLS 214-415] Performing recursive inline in function 'nnet::dense<nnet::array<ap_fixed<16, 6, (ap_q_mode)5, (ap_o_mode)3, 0>, 60u>, nnet::array<ap_fixed<39, 19, (ap_q_mode)5, (ap_o_mode)3, 0>, 128u>, config2>' (firmware/nnet_utils/nnet_dense_stream.h:85:1)
INFO: [HLS 214-415] Performing recursive inline in function 'nnet::dense<nnet::array<ap_fixed<16, 6, (ap_q_mode)5, (ap_o_mode)3, 0>, 128u>, nnet::array<ap_fixed<40, 20, (ap_q_mode)5, (ap_o_mode)3, 0>, 64u>, config4>' (firmware/nnet_utils/nnet_dense_stream.h:85:1)
INFO: [HLS 214-415] Performing recursive inline in function 'nnet::dense<nnet::array<ap_fixed<16, 6, (ap_q_mode)5, (ap_o_mode)3, 0>, 64u>, nnet::array<ap_fixed<39, 19, (ap_q_mode)5, (ap_o_mode)3, 0>, 32u>, config6>' (firmware/nnet_utils/nnet_dense_stream.h:85:1)
INFO: [HLS 214-415] Performing recursive inline in function 'nnet::dense<nnet::array<ap_fixed<16, 6, (ap_q_mode)5, (ap_o_mode)3, 0>, 32u>, nnet::array<ap_fixed<38, 18, (ap_q_mode)5, (ap_o_mode)3, 0>, 16u>, config8>' (firmware/nnet_utils/nnet_dense_stream.h:85:1)
INFO: [HLS 214-415] Performing recursive inline in function 'nnet::dense<nnet::array<ap_fixed<16, 6, (ap_q_mode)5, (ap_o_mode)3, 0>, 16u>, nnet::array<ap_fixed<37, 17, (ap_q_mode)5, (ap_o_mode)3, 0>, 3u>, config10>' (firmware/nnet_utils/nnet_dense_stream.h:85:1)
WARNING: [HLS 214-273] In function 'void nnet::dense_latency<ap_fixed<16, 6, (ap_q_mode)5, (ap_o_mode)3, 0>, ap_fixed<37, 17, (ap_q_mode)5, (ap_o_mode)3, 0>, config10>(ap_fixed<16, 6, (ap_q_mode)5, (ap_o_mode)3, 0>*, ap_fixed<37, 17, (ap_q_mode)5, (ap_o_mode)3, 0>*, config10::weight_t*, config10::bias_t*)', Pragma conflict happens on 'INLINE' and 'FUNCTION_INSTANTIATE' pragmas: same function (firmware/nnet_utils/nnet_dense_latency.h:15:0)
WARNING: [HLS 214-273] In function 'void nnet::dense_latency<ap_fixed<16, 6, (ap_q_mode)5, (ap_o_mode)3, 0>, ap_fixed<38, 18, (ap_q_mode)5, (ap_o_mode)3, 0>, config8>(ap_fixed<16, 6, (ap_q_mode)5, (ap_o_mode)3, 0>*, ap_fixed<38, 18, (ap_q_mode)5, (ap_o_mode)3, 0>*, config8::weight_t*, config8::bias_t*)', Pragma conflict happens on 'INLINE' and 'FUNCTION_INSTANTIATE' pragmas: same function (firmware/nnet_utils/nnet_dense_latency.h:15:0)
WARNING: [HLS 214-273] In function 'void nnet::dense_latency<ap_fixed<16, 6, (ap_q_mode)5, (ap_o_mode)3, 0>, ap_fixed<39, 19, (ap_q_mode)5, (ap_o_mode)3, 0>, config6>(ap_fixed<16, 6, (ap_q_mode)5, (ap_o_mode)3, 0>*, ap_fixed<39, 19, (ap_q_mode)5, (ap_o_mode)3, 0>*, config6::weight_t*, config6::bias_t*)', Pragma conflict happens on 'INLINE' and 'FUNCTION_INSTANTIATE' pragmas: same function (firmware/nnet_utils/nnet_dense_latency.h:15:0)
WARNING: [HLS 214-273] In function 'void nnet::dense_latency<ap_fixed<16, 6, (ap_q_mode)5, (ap_o_mode)3, 0>, ap_fixed<40, 20, (ap_q_mode)5, (ap_o_mode)3, 0>, config4>(ap_fixed<16, 6, (ap_q_mode)5, (ap_o_mode)3, 0>*, ap_fixed<40, 20, (ap_q_mode)5, (ap_o_mode)3, 0>*, config4::weight_t*, config4::bias_t*)', Pragma conflict happens on 'INLINE' and 'FUNCTION_INSTANTIATE' pragmas: same function (firmware/nnet_utils/nnet_dense_latency.h:15:0)
WARNING: [HLS 214-273] In function 'void nnet::dense_latency<ap_fixed<16, 6, (ap_q_mode)5, (ap_o_mode)3, 0>, ap_fixed<39, 19, (ap_q_mode)5, (ap_o_mode)3, 0>, config2>(ap_fixed<16, 6, (ap_q_mode)5, (ap_o_mode)3, 0>*, ap_fixed<39, 19, (ap_q_mode)5, (ap_o_mode)3, 0>*, config2::weight_t*, config2::bias_t*)', Pragma conflict happens on 'INLINE' and 'FUNCTION_INSTANTIATE' pragmas: same function (firmware/nnet_utils/nnet_dense_latency.h:15:0)
WARNING: [HLS 214-273] In function 'void nnet::dense_latency_wrapper<ap_fixed<16, 6, (ap_q_mode)5, (ap_o_mode)3, 0>, ap_fixed<37, 17, (ap_q_mode)5, (ap_o_mode)3, 0>, config10>(ap_fixed<16, 6, (ap_q_mode)5, (ap_o_mode)3, 0>*, ap_fixed<37, 17, (ap_q_mode)5, (ap_o_mode)3, 0>*, config10::weight_t*, config10::bias_t*) (.4)', pragma conflict between INLINE (<UNKNOWN LOCATION>) and PIPELINE (firmware/nnet_utils/nnet_dense_stream.h:16:1) because 'PIPELINE + INLINE' is allowed only when inlining a pipeline region into an outer pipeline region (firmware/nnet_utils/nnet_dense_stream.h:15:0)
WARNING: [HLS 214-273] In function 'void nnet::dense_latency_wrapper<ap_fixed<16, 6, (ap_q_mode)5, (ap_o_mode)3, 0>, ap_fixed<38, 18, (ap_q_mode)5, (ap_o_mode)3, 0>, config8>(ap_fixed<16, 6, (ap_q_mode)5, (ap_o_mode)3, 0>*, ap_fixed<38, 18, (ap_q_mode)5, (ap_o_mode)3, 0>*, config8::weight_t*, config8::bias_t*) (.12)', pragma conflict between INLINE (<UNKNOWN LOCATION>) and PIPELINE (firmware/nnet_utils/nnet_dense_stream.h:16:1) because 'PIPELINE + INLINE' is allowed only when inlining a pipeline region into an outer pipeline region (firmware/nnet_utils/nnet_dense_stream.h:15:0)
WARNING: [HLS 214-273] In function 'void nnet::dense_latency_wrapper<ap_fixed<16, 6, (ap_q_mode)5, (ap_o_mode)3, 0>, ap_fixed<39, 19, (ap_q_mode)5, (ap_o_mode)3, 0>, config6>(ap_fixed<16, 6, (ap_q_mode)5, (ap_o_mode)3, 0>*, ap_fixed<39, 19, (ap_q_mode)5, (ap_o_mode)3, 0>*, config6::weight_t*, config6::bias_t*) (.20)', pragma conflict between INLINE (<UNKNOWN LOCATION>) and PIPELINE (firmware/nnet_utils/nnet_dense_stream.h:16:1) because 'PIPELINE + INLINE' is allowed only when inlining a pipeline region into an outer pipeline region (firmware/nnet_utils/nnet_dense_stream.h:15:0)
WARNING: [HLS 214-273] In function 'void nnet::dense_latency_wrapper<ap_fixed<16, 6, (ap_q_mode)5, (ap_o_mode)3, 0>, ap_fixed<40, 20, (ap_q_mode)5, (ap_o_mode)3, 0>, config4>(ap_fixed<16, 6, (ap_q_mode)5, (ap_o_mode)3, 0>*, ap_fixed<40, 20, (ap_q_mode)5, (ap_o_mode)3, 0>*, config4::weight_t*, config4::bias_t*) (.28)', pragma conflict between INLINE (<UNKNOWN LOCATION>) and PIPELINE (firmware/nnet_utils/nnet_dense_stream.h:16:1) because 'PIPELINE + INLINE' is allowed only when inlining a pipeline region into an outer pipeline region (firmware/nnet_utils/nnet_dense_stream.h:15:0)
WARNING: [HLS 214-273] In function 'void nnet::dense_latency_wrapper<ap_fixed<16, 6, (ap_q_mode)5, (ap_o_mode)3, 0>, ap_fixed<39, 19, (ap_q_mode)5, (ap_o_mode)3, 0>, config2>(ap_fixed<16, 6, (ap_q_mode)5, (ap_o_mode)3, 0>*, ap_fixed<39, 19, (ap_q_mode)5, (ap_o_mode)3, 0>*, config2::weight_t*, config2::bias_t*) (.36)', pragma conflict between INLINE (<UNKNOWN LOCATION>) and PIPELINE (firmware/nnet_utils/nnet_dense_stream.h:16:1) because 'PIPELINE + INLINE' is allowed only when inlining a pipeline region into an outer pipeline region (firmware/nnet_utils/nnet_dense_stream.h:15:0)
INFO: [HLS 214-131] Inlining function 'nnet::array<ap_fixed<16, 6, (ap_q_mode)5, (ap_o_mode)3, 0>, 60u>::operator[](unsigned long) (.38)' into 'void nnet::data_prepare<nnet::array<ap_fixed<16, 6, (ap_q_mode)5, (ap_o_mode)3, 0>, 60u>, config2>(hls::stream<nnet::array<ap_fixed<16, 6, (ap_q_mode)5, (ap_o_mode)3, 0>, 60u>, 0>&, nnet::array<ap_fixed<16, 6, (ap_q_mode)5, (ap_o_mode)3, 0>, 60u>::value_type*) (.37)' (firmware/nnet_utils/nnet_dense_stream.h:47:28)
INFO: [HLS 214-131] Inlining function 'nnet::product::mult<ap_fixed<16, 6, (ap_q_mode)5, (ap_o_mode)3, 0>, ap_fixed<16, 6, (ap_q_mode)5, (ap_o_mode)3, 0> >::product(ap_fixed<16, 6, (ap_q_mode)5, (ap_o_mode)3, 0>, ap_fixed<16, 6, (ap_q_mode)5, (ap_o_mode)3, 0>)' into 'void nnet::dense_latency<ap_fixed<16, 6, (ap_q_mode)5, (ap_o_mode)3, 0>, ap_fixed<39, 19, (ap_q_mode)5, (ap_o_mode)3, 0>, config2>(ap_fixed<16, 6, (ap_q_mode)5, (ap_o_mode)3, 0>*, ap_fixed<39, 19, (ap_q_mode)5, (ap_o_mode)3, 0>*, config2::weight_t*, config2::bias_t*)' (firmware/nnet_utils/nnet_dense_latency.h:42:27)
INFO: [HLS 214-131] Inlining function 'nnet::array<ap_fixed<39, 19, (ap_q_mode)5, (ap_o_mode)3, 0>, 128u>::operator[](unsigned long) (.35)' into 'void nnet::res_write<nnet::array<ap_fixed<39, 19, (ap_q_mode)5, (ap_o_mode)3, 0>, 128u>, config2>(nnet::array<ap_fixed<39, 19, (ap_q_mode)5, (ap_o_mode)3, 0>, 128u>::value_type*, hls::stream<nnet::array<ap_fixed<39, 19, (ap_q_mode)5, (ap_o_mode)3, 0>, 128u>, 0>&) (.33)' (firmware/nnet_utils/nnet_dense_stream.h:75:13)
INFO: [HLS 214-131] Inlining function 'void nnet::data_prepare<nnet::array<ap_fixed<16, 6, (ap_q_mode)5, (ap_o_mode)3, 0>, 60u>, config2>(hls::stream<nnet::array<ap_fixed<16, 6, (ap_q_mode)5, (ap_o_mode)3, 0>, 60u>, 0>&, nnet::array<ap_fixed<16, 6, (ap_q_mode)5, (ap_o_mode)3, 0>, 60u>::value_type*) (.37)' into 'void nnet::dense<nnet::array<ap_fixed<16, 6, (ap_q_mode)5, (ap_o_mode)3, 0>, 60u>, nnet::array<ap_fixed<39, 19, (ap_q_mode)5, (ap_o_mode)3, 0>, 128u>, config2>(hls::stream<nnet::array<ap_fixed<16, 6, (ap_q_mode)5, (ap_o_mode)3, 0>, 60u>, 0>&, hls::stream<nnet::array<ap_fixed<39, 19, (ap_q_mode)5, (ap_o_mode)3, 0>, 128u>, 0>&, config2::weight_t*, config2::bias_t*)' (firmware/nnet_utils/nnet_dense_stream.h:93:5)
INFO: [HLS 214-131] Inlining function 'void nnet::res_write<nnet::array<ap_fixed<39, 19, (ap_q_mode)5, (ap_o_mode)3, 0>, 128u>, config2>(nnet::array<ap_fixed<39, 19, (ap_q_mode)5, (ap_o_mode)3, 0>, 128u>::value_type*, hls::stream<nnet::array<ap_fixed<39, 19, (ap_q_mode)5, (ap_o_mode)3, 0>, 128u>, 0>&) (.33)' into 'void nnet::dense<nnet::array<ap_fixed<16, 6, (ap_q_mode)5, (ap_o_mode)3, 0>, 60u>, nnet::array<ap_fixed<39, 19, (ap_q_mode)5, (ap_o_mode)3, 0>, 128u>, config2>(hls::stream<nnet::array<ap_fixed<16, 6, (ap_q_mode)5, (ap_o_mode)3, 0>, 60u>, 0>&, hls::stream<nnet::array<ap_fixed<39, 19, (ap_q_mode)5, (ap_o_mode)3, 0>, 128u>, 0>&, config2::weight_t*, config2::bias_t*)' (firmware/nnet_utils/nnet_dense_stream.h:100:5)
INFO: [HLS 214-131] Inlining function 'void nnet::dense_latency_wrapper<ap_fixed<16, 6, (ap_q_mode)5, (ap_o_mode)3, 0>, ap_fixed<39, 19, (ap_q_mode)5, (ap_o_mode)3, 0>, config2>(ap_fixed<16, 6, (ap_q_mode)5, (ap_o_mode)3, 0>*, ap_fixed<39, 19, (ap_q_mode)5, (ap_o_mode)3, 0>*, config2::weight_t*, config2::bias_t*) (.36)' into 'void nnet::dense<nnet::array<ap_fixed<16, 6, (ap_q_mode)5, (ap_o_mode)3, 0>, 60u>, nnet::array<ap_fixed<39, 19, (ap_q_mode)5, (ap_o_mode)3, 0>, 128u>, config2>(hls::stream<nnet::array<ap_fixed<16, 6, (ap_q_mode)5, (ap_o_mode)3, 0>, 60u>, 0>&, hls::stream<nnet::array<ap_fixed<39, 19, (ap_q_mode)5, (ap_o_mode)3, 0>, 128u>, 0>&, config2::weight_t*, config2::bias_t*)' (firmware/nnet_utils/nnet_dense_stream.h:95:9)
INFO: [HLS 214-131] Inlining function 'nnet::array<ap_fixed<16, 6, (ap_q_mode)5, (ap_o_mode)3, 0>, 128u>::operator[](unsigned long) (.30)' into 'void nnet::data_prepare<nnet::array<ap_fixed<16, 6, (ap_q_mode)5, (ap_o_mode)3, 0>, 128u>, config4>(hls::stream<nnet::array<ap_fixed<16, 6, (ap_q_mode)5, (ap_o_mode)3, 0>, 128u>, 0>&, nnet::array<ap_fixed<16, 6, (ap_q_mode)5, (ap_o_mode)3, 0>, 128u>::value_type*) (.29)' (firmware/nnet_utils/nnet_dense_stream.h:47:28)
INFO: [HLS 214-131] Inlining function 'nnet::product::mult<ap_fixed<16, 6, (ap_q_mode)5, (ap_o_mode)3, 0>, ap_fixed<16, 6, (ap_q_mode)5, (ap_o_mode)3, 0> >::product(ap_fixed<16, 6, (ap_q_mode)5, (ap_o_mode)3, 0>, ap_fixed<16, 6, (ap_q_mode)5, (ap_o_mode)3, 0>)' into 'void nnet::dense_latency<ap_fixed<16, 6, (ap_q_mode)5, (ap_o_mode)3, 0>, ap_fixed<40, 20, (ap_q_mode)5, (ap_o_mode)3, 0>, config4>(ap_fixed<16, 6, (ap_q_mode)5, (ap_o_mode)3, 0>*, ap_fixed<40, 20, (ap_q_mode)5, (ap_o_mode)3, 0>*, config4::weight_t*, config4::bias_t*)' (firmware/nnet_utils/nnet_dense_latency.h:42:27)
INFO: [HLS 214-131] Inlining function 'nnet::array<ap_fixed<40, 20, (ap_q_mode)5, (ap_o_mode)3, 0>, 64u>::operator[](unsigned long) (.27)' into 'void nnet::res_write<nnet::array<ap_fixed<40, 20, (ap_q_mode)5, (ap_o_mode)3, 0>, 64u>, config4>(nnet::array<ap_fixed<40, 20, (ap_q_mode)5, (ap_o_mode)3, 0>, 64u>::value_type*, hls::stream<nnet::array<ap_fixed<40, 20, (ap_q_mode)5, (ap_o_mode)3, 0>, 64u>, 0>&) (.25)' (firmware/nnet_utils/nnet_dense_stream.h:75:13)
INFO: [HLS 214-131] Inlining function 'void nnet::data_prepare<nnet::array<ap_fixed<16, 6, (ap_q_mode)5, (ap_o_mode)3, 0>, 128u>, config4>(hls::stream<nnet::array<ap_fixed<16, 6, (ap_q_mode)5, (ap_o_mode)3, 0>, 128u>, 0>&, nnet::array<ap_fixed<16, 6, (ap_q_mode)5, (ap_o_mode)3, 0>, 128u>::value_type*) (.29)' into 'void nnet::dense<nnet::array<ap_fixed<16, 6, (ap_q_mode)5, (ap_o_mode)3, 0>, 128u>, nnet::array<ap_fixed<40, 20, (ap_q_mode)5, (ap_o_mode)3, 0>, 64u>, config4>(hls::stream<nnet::array<ap_fixed<16, 6, (ap_q_mode)5, (ap_o_mode)3, 0>, 128u>, 0>&, hls::stream<nnet::array<ap_fixed<40, 20, (ap_q_mode)5, (ap_o_mode)3, 0>, 64u>, 0>&, config4::weight_t*, config4::bias_t*)' (firmware/nnet_utils/nnet_dense_stream.h:93:5)
INFO: [HLS 214-131] Inlining function 'void nnet::res_write<nnet::array<ap_fixed<40, 20, (ap_q_mode)5, (ap_o_mode)3, 0>, 64u>, config4>(nnet::array<ap_fixed<40, 20, (ap_q_mode)5, (ap_o_mode)3, 0>, 64u>::value_type*, hls::stream<nnet::array<ap_fixed<40, 20, (ap_q_mode)5, (ap_o_mode)3, 0>, 64u>, 0>&) (.25)' into 'void nnet::dense<nnet::array<ap_fixed<16, 6, (ap_q_mode)5, (ap_o_mode)3, 0>, 128u>, nnet::array<ap_fixed<40, 20, (ap_q_mode)5, (ap_o_mode)3, 0>, 64u>, config4>(hls::stream<nnet::array<ap_fixed<16, 6, (ap_q_mode)5, (ap_o_mode)3, 0>, 128u>, 0>&, hls::stream<nnet::array<ap_fixed<40, 20, (ap_q_mode)5, (ap_o_mode)3, 0>, 64u>, 0>&, config4::weight_t*, config4::bias_t*)' (firmware/nnet_utils/nnet_dense_stream.h:100:5)
INFO: [HLS 214-131] Inlining function 'void nnet::dense_latency_wrapper<ap_fixed<16, 6, (ap_q_mode)5, (ap_o_mode)3, 0>, ap_fixed<40, 20, (ap_q_mode)5, (ap_o_mode)3, 0>, config4>(ap_fixed<16, 6, (ap_q_mode)5, (ap_o_mode)3, 0>*, ap_fixed<40, 20, (ap_q_mode)5, (ap_o_mode)3, 0>*, config4::weight_t*, config4::bias_t*) (.28)' into 'void nnet::dense<nnet::array<ap_fixed<16, 6, (ap_q_mode)5, (ap_o_mode)3, 0>, 128u>, nnet::array<ap_fixed<40, 20, (ap_q_mode)5, (ap_o_mode)3, 0>, 64u>, config4>(hls::stream<nnet::array<ap_fixed<16, 6, (ap_q_mode)5, (ap_o_mode)3, 0>, 128u>, 0>&, hls::stream<nnet::array<ap_fixed<40, 20, (ap_q_mode)5, (ap_o_mode)3, 0>, 64u>, 0>&, config4::weight_t*, config4::bias_t*)' (firmware/nnet_utils/nnet_dense_stream.h:95:9)
INFO: [HLS 214-131] Inlining function 'nnet::array<ap_fixed<16, 6, (ap_q_mode)5, (ap_o_mode)3, 0>, 64u>::operator[](unsigned long) (.22)' into 'void nnet::data_prepare<nnet::array<ap_fixed<16, 6, (ap_q_mode)5, (ap_o_mode)3, 0>, 64u>, config6>(hls::stream<nnet::array<ap_fixed<16, 6, (ap_q_mode)5, (ap_o_mode)3, 0>, 64u>, 0>&, nnet::array<ap_fixed<16, 6, (ap_q_mode)5, (ap_o_mode)3, 0>, 64u>::value_type*) (.21)' (firmware/nnet_utils/nnet_dense_stream.h:47:28)
INFO: [HLS 214-131] Inlining function 'nnet::product::mult<ap_fixed<16, 6, (ap_q_mode)5, (ap_o_mode)3, 0>, ap_fixed<16, 6, (ap_q_mode)5, (ap_o_mode)3, 0> >::product(ap_fixed<16, 6, (ap_q_mode)5, (ap_o_mode)3, 0>, ap_fixed<16, 6, (ap_q_mode)5, (ap_o_mode)3, 0>)' into 'void nnet::dense_latency<ap_fixed<16, 6, (ap_q_mode)5, (ap_o_mode)3, 0>, ap_fixed<39, 19, (ap_q_mode)5, (ap_o_mode)3, 0>, config6>(ap_fixed<16, 6, (ap_q_mode)5, (ap_o_mode)3, 0>*, ap_fixed<39, 19, (ap_q_mode)5, (ap_o_mode)3, 0>*, config6::weight_t*, config6::bias_t*)' (firmware/nnet_utils/nnet_dense_latency.h:42:27)
INFO: [HLS 214-131] Inlining function 'nnet::array<ap_fixed<39, 19, (ap_q_mode)5, (ap_o_mode)3, 0>, 32u>::operator[](unsigned long) (.19)' into 'void nnet::res_write<nnet::array<ap_fixed<39, 19, (ap_q_mode)5, (ap_o_mode)3, 0>, 32u>, config6>(nnet::array<ap_fixed<39, 19, (ap_q_mode)5, (ap_o_mode)3, 0>, 32u>::value_type*, hls::stream<nnet::array<ap_fixed<39, 19, (ap_q_mode)5, (ap_o_mode)3, 0>, 32u>, 0>&) (.17)' (firmware/nnet_utils/nnet_dense_stream.h:75:13)
INFO: [HLS 214-131] Inlining function 'void nnet::data_prepare<nnet::array<ap_fixed<16, 6, (ap_q_mode)5, (ap_o_mode)3, 0>, 64u>, config6>(hls::stream<nnet::array<ap_fixed<16, 6, (ap_q_mode)5, (ap_o_mode)3, 0>, 64u>, 0>&, nnet::array<ap_fixed<16, 6, (ap_q_mode)5, (ap_o_mode)3, 0>, 64u>::value_type*) (.21)' into 'void nnet::dense<nnet::array<ap_fixed<16, 6, (ap_q_mode)5, (ap_o_mode)3, 0>, 64u>, nnet::array<ap_fixed<39, 19, (ap_q_mode)5, (ap_o_mode)3, 0>, 32u>, config6>(hls::stream<nnet::array<ap_fixed<16, 6, (ap_q_mode)5, (ap_o_mode)3, 0>, 64u>, 0>&, hls::stream<nnet::array<ap_fixed<39, 19, (ap_q_mode)5, (ap_o_mode)3, 0>, 32u>, 0>&, config6::weight_t*, config6::bias_t*)' (firmware/nnet_utils/nnet_dense_stream.h:93:5)
INFO: [HLS 214-131] Inlining function 'void nnet::res_write<nnet::array<ap_fixed<39, 19, (ap_q_mode)5, (ap_o_mode)3, 0>, 32u>, config6>(nnet::array<ap_fixed<39, 19, (ap_q_mode)5, (ap_o_mode)3, 0>, 32u>::value_type*, hls::stream<nnet::array<ap_fixed<39, 19, (ap_q_mode)5, (ap_o_mode)3, 0>, 32u>, 0>&) (.17)' into 'void nnet::dense<nnet::array<ap_fixed<16, 6, (ap_q_mode)5, (ap_o_mode)3, 0>, 64u>, nnet::array<ap_fixed<39, 19, (ap_q_mode)5, (ap_o_mode)3, 0>, 32u>, config6>(hls::stream<nnet::array<ap_fixed<16, 6, (ap_q_mode)5, (ap_o_mode)3, 0>, 64u>, 0>&, hls::stream<nnet::array<ap_fixed<39, 19, (ap_q_mode)5, (ap_o_mode)3, 0>, 32u>, 0>&, config6::weight_t*, config6::bias_t*)' (firmware/nnet_utils/nnet_dense_stream.h:100:5)
INFO: [HLS 214-131] Inlining function 'void nnet::dense_latency_wrapper<ap_fixed<16, 6, (ap_q_mode)5, (ap_o_mode)3, 0>, ap_fixed<39, 19, (ap_q_mode)5, (ap_o_mode)3, 0>, config6>(ap_fixed<16, 6, (ap_q_mode)5, (ap_o_mode)3, 0>*, ap_fixed<39, 19, (ap_q_mode)5, (ap_o_mode)3, 0>*, config6::weight_t*, config6::bias_t*) (.20)' into 'void nnet::dense<nnet::array<ap_fixed<16, 6, (ap_q_mode)5, (ap_o_mode)3, 0>, 64u>, nnet::array<ap_fixed<39, 19, (ap_q_mode)5, (ap_o_mode)3, 0>, 32u>, config6>(hls::stream<nnet::array<ap_fixed<16, 6, (ap_q_mode)5, (ap_o_mode)3, 0>, 64u>, 0>&, hls::stream<nnet::array<ap_fixed<39, 19, (ap_q_mode)5, (ap_o_mode)3, 0>, 32u>, 0>&, config6::weight_t*, config6::bias_t*)' (firmware/nnet_utils/nnet_dense_stream.h:95:9)
INFO: [HLS 214-131] Inlining function 'nnet::array<ap_fixed<16, 6, (ap_q_mode)5, (ap_o_mode)3, 0>, 32u>::operator[](unsigned long) (.14)' into 'void nnet::data_prepare<nnet::array<ap_fixed<16, 6, (ap_q_mode)5, (ap_o_mode)3, 0>, 32u>, config8>(hls::stream<nnet::array<ap_fixed<16, 6, (ap_q_mode)5, (ap_o_mode)3, 0>, 32u>, 0>&, nnet::array<ap_fixed<16, 6, (ap_q_mode)5, (ap_o_mode)3, 0>, 32u>::value_type*) (.13)' (firmware/nnet_utils/nnet_dense_stream.h:47:28)
INFO: [HLS 214-131] Inlining function 'nnet::product::mult<ap_fixed<16, 6, (ap_q_mode)5, (ap_o_mode)3, 0>, ap_fixed<16, 6, (ap_q_mode)5, (ap_o_mode)3, 0> >::product(ap_fixed<16, 6, (ap_q_mode)5, (ap_o_mode)3, 0>, ap_fixed<16, 6, (ap_q_mode)5, (ap_o_mode)3, 0>)' into 'void nnet::dense_latency<ap_fixed<16, 6, (ap_q_mode)5, (ap_o_mode)3, 0>, ap_fixed<38, 18, (ap_q_mode)5, (ap_o_mode)3, 0>, config8>(ap_fixed<16, 6, (ap_q_mode)5, (ap_o_mode)3, 0>*, ap_fixed<38, 18, (ap_q_mode)5, (ap_o_mode)3, 0>*, config8::weight_t*, config8::bias_t*)' (firmware/nnet_utils/nnet_dense_latency.h:42:27)
INFO: [HLS 214-131] Inlining function 'nnet::array<ap_fixed<38, 18, (ap_q_mode)5, (ap_o_mode)3, 0>, 16u>::operator[](unsigned long) (.11)' into 'void nnet::res_write<nnet::array<ap_fixed<38, 18, (ap_q_mode)5, (ap_o_mode)3, 0>, 16u>, config8>(nnet::array<ap_fixed<38, 18, (ap_q_mode)5, (ap_o_mode)3, 0>, 16u>::value_type*, hls::stream<nnet::array<ap_fixed<38, 18, (ap_q_mode)5, (ap_o_mode)3, 0>, 16u>, 0>&) (.9)' (firmware/nnet_utils/nnet_dense_stream.h:75:13)
INFO: [HLS 214-131] Inlining function 'void nnet::data_prepare<nnet::array<ap_fixed<16, 6, (ap_q_mode)5, (ap_o_mode)3, 0>, 32u>, config8>(hls::stream<nnet::array<ap_fixed<16, 6, (ap_q_mode)5, (ap_o_mode)3, 0>, 32u>, 0>&, nnet::array<ap_fixed<16, 6, (ap_q_mode)5, (ap_o_mode)3, 0>, 32u>::value_type*) (.13)' into 'void nnet::dense<nnet::array<ap_fixed<16, 6, (ap_q_mode)5, (ap_o_mode)3, 0>, 32u>, nnet::array<ap_fixed<38, 18, (ap_q_mode)5, (ap_o_mode)3, 0>, 16u>, config8>(hls::stream<nnet::array<ap_fixed<16, 6, (ap_q_mode)5, (ap_o_mode)3, 0>, 32u>, 0>&, hls::stream<nnet::array<ap_fixed<38, 18, (ap_q_mode)5, (ap_o_mode)3, 0>, 16u>, 0>&, config8::weight_t*, config8::bias_t*)' (firmware/nnet_utils/nnet_dense_stream.h:93:5)
INFO: [HLS 214-131] Inlining function 'void nnet::res_write<nnet::array<ap_fixed<38, 18, (ap_q_mode)5, (ap_o_mode)3, 0>, 16u>, config8>(nnet::array<ap_fixed<38, 18, (ap_q_mode)5, (ap_o_mode)3, 0>, 16u>::value_type*, hls::stream<nnet::array<ap_fixed<38, 18, (ap_q_mode)5, (ap_o_mode)3, 0>, 16u>, 0>&) (.9)' into 'void nnet::dense<nnet::array<ap_fixed<16, 6, (ap_q_mode)5, (ap_o_mode)3, 0>, 32u>, nnet::array<ap_fixed<38, 18, (ap_q_mode)5, (ap_o_mode)3, 0>, 16u>, config8>(hls::stream<nnet::array<ap_fixed<16, 6, (ap_q_mode)5, (ap_o_mode)3, 0>, 32u>, 0>&, hls::stream<nnet::array<ap_fixed<38, 18, (ap_q_mode)5, (ap_o_mode)3, 0>, 16u>, 0>&, config8::weight_t*, config8::bias_t*)' (firmware/nnet_utils/nnet_dense_stream.h:100:5)
INFO: [HLS 214-131] Inlining function 'void nnet::dense_latency_wrapper<ap_fixed<16, 6, (ap_q_mode)5, (ap_o_mode)3, 0>, ap_fixed<38, 18, (ap_q_mode)5, (ap_o_mode)3, 0>, config8>(ap_fixed<16, 6, (ap_q_mode)5, (ap_o_mode)3, 0>*, ap_fixed<38, 18, (ap_q_mode)5, (ap_o_mode)3, 0>*, config8::weight_t*, config8::bias_t*) (.12)' into 'void nnet::dense<nnet::array<ap_fixed<16, 6, (ap_q_mode)5, (ap_o_mode)3, 0>, 32u>, nnet::array<ap_fixed<38, 18, (ap_q_mode)5, (ap_o_mode)3, 0>, 16u>, config8>(hls::stream<nnet::array<ap_fixed<16, 6, (ap_q_mode)5, (ap_o_mode)3, 0>, 32u>, 0>&, hls::stream<nnet::array<ap_fixed<38, 18, (ap_q_mode)5, (ap_o_mode)3, 0>, 16u>, 0>&, config8::weight_t*, config8::bias_t*)' (firmware/nnet_utils/nnet_dense_stream.h:95:9)
INFO: [HLS 214-131] Inlining function 'nnet::array<ap_fixed<16, 6, (ap_q_mode)5, (ap_o_mode)3, 0>, 16u>::operator[](unsigned long) (.6)' into 'void nnet::data_prepare<nnet::array<ap_fixed<16, 6, (ap_q_mode)5, (ap_o_mode)3, 0>, 16u>, config10>(hls::stream<nnet::array<ap_fixed<16, 6, (ap_q_mode)5, (ap_o_mode)3, 0>, 16u>, 0>&, nnet::array<ap_fixed<16, 6, (ap_q_mode)5, (ap_o_mode)3, 0>, 16u>::value_type*) (.5)' (firmware/nnet_utils/nnet_dense_stream.h:47:28)
INFO: [HLS 214-131] Inlining function 'nnet::product::mult<ap_fixed<16, 6, (ap_q_mode)5, (ap_o_mode)3, 0>, ap_fixed<16, 6, (ap_q_mode)5, (ap_o_mode)3, 0> >::product(ap_fixed<16, 6, (ap_q_mode)5, (ap_o_mode)3, 0>, ap_fixed<16, 6, (ap_q_mode)5, (ap_o_mode)3, 0>)' into 'void nnet::dense_latency<ap_fixed<16, 6, (ap_q_mode)5, (ap_o_mode)3, 0>, ap_fixed<37, 17, (ap_q_mode)5, (ap_o_mode)3, 0>, config10>(ap_fixed<16, 6, (ap_q_mode)5, (ap_o_mode)3, 0>*, ap_fixed<37, 17, (ap_q_mode)5, (ap_o_mode)3, 0>*, config10::weight_t*, config10::bias_t*)' (firmware/nnet_utils/nnet_dense_latency.h:42:27)
INFO: [HLS 214-131] Inlining function 'nnet::array<ap_fixed<37, 17, (ap_q_mode)5, (ap_o_mode)3, 0>, 3u>::operator[](unsigned long) (.3)' into 'void nnet::res_write<nnet::array<ap_fixed<37, 17, (ap_q_mode)5, (ap_o_mode)3, 0>, 3u>, config10>(nnet::array<ap_fixed<37, 17, (ap_q_mode)5, (ap_o_mode)3, 0>, 3u>::value_type*, hls::stream<nnet::array<ap_fixed<37, 17, (ap_q_mode)5, (ap_o_mode)3, 0>, 3u>, 0>&) (.1)' (firmware/nnet_utils/nnet_dense_stream.h:75:13)
INFO: [HLS 214-131] Inlining function 'void nnet::data_prepare<nnet::array<ap_fixed<16, 6, (ap_q_mode)5, (ap_o_mode)3, 0>, 16u>, config10>(hls::stream<nnet::array<ap_fixed<16, 6, (ap_q_mode)5, (ap_o_mode)3, 0>, 16u>, 0>&, nnet::array<ap_fixed<16, 6, (ap_q_mode)5, (ap_o_mode)3, 0>, 16u>::value_type*) (.5)' into 'void nnet::dense<nnet::array<ap_fixed<16, 6, (ap_q_mode)5, (ap_o_mode)3, 0>, 16u>, nnet::array<ap_fixed<37, 17, (ap_q_mode)5, (ap_o_mode)3, 0>, 3u>, config10>(hls::stream<nnet::array<ap_fixed<16, 6, (ap_q_mode)5, (ap_o_mode)3, 0>, 16u>, 0>&, hls::stream<nnet::array<ap_fixed<37, 17, (ap_q_mode)5, (ap_o_mode)3, 0>, 3u>, 0>&, config10::weight_t*, config10::bias_t*)' (firmware/nnet_utils/nnet_dense_stream.h:93:5)
INFO: [HLS 214-131] Inlining function 'void nnet::res_write<nnet::array<ap_fixed<37, 17, (ap_q_mode)5, (ap_o_mode)3, 0>, 3u>, config10>(nnet::array<ap_fixed<37, 17, (ap_q_mode)5, (ap_o_mode)3, 0>, 3u>::value_type*, hls::stream<nnet::array<ap_fixed<37, 17, (ap_q_mode)5, (ap_o_mode)3, 0>, 3u>, 0>&) (.1)' into 'void nnet::dense<nnet::array<ap_fixed<16, 6, (ap_q_mode)5, (ap_o_mode)3, 0>, 16u>, nnet::array<ap_fixed<37, 17, (ap_q_mode)5, (ap_o_mode)3, 0>, 3u>, config10>(hls::stream<nnet::array<ap_fixed<16, 6, (ap_q_mode)5, (ap_o_mode)3, 0>, 16u>, 0>&, hls::stream<nnet::array<ap_fixed<37, 17, (ap_q_mode)5, (ap_o_mode)3, 0>, 3u>, 0>&, config10::weight_t*, config10::bias_t*)' (firmware/nnet_utils/nnet_dense_stream.h:100:5)
INFO: [HLS 214-131] Inlining function 'void nnet::dense_latency_wrapper<ap_fixed<16, 6, (ap_q_mode)5, (ap_o_mode)3, 0>, ap_fixed<37, 17, (ap_q_mode)5, (ap_o_mode)3, 0>, config10>(ap_fixed<16, 6, (ap_q_mode)5, (ap_o_mode)3, 0>*, ap_fixed<37, 17, (ap_q_mode)5, (ap_o_mode)3, 0>*, config10::weight_t*, config10::bias_t*) (.4)' into 'void nnet::dense<nnet::array<ap_fixed<16, 6, (ap_q_mode)5, (ap_o_mode)3, 0>, 16u>, nnet::array<ap_fixed<37, 17, (ap_q_mode)5, (ap_o_mode)3, 0>, 3u>, config10>(hls::stream<nnet::array<ap_fixed<16, 6, (ap_q_mode)5, (ap_o_mode)3, 0>, 16u>, 0>&, hls::stream<nnet::array<ap_fixed<37, 17, (ap_q_mode)5, (ap_o_mode)3, 0>, 3u>, 0>&, config10::weight_t*, config10::bias_t*)' (firmware/nnet_utils/nnet_dense_stream.h:95:9)
INFO: [HLS 214-291] Loop 'SoftmaxArrayPackLoop' is marked as complete unroll implied by the pipeline pragma (firmware/nnet_utils/nnet_activation_stream.h:200:9)
INFO: [HLS 214-291] Loop 'VITIS_LOOP_211_1' is marked as complete unroll implied by the pipeline pragma (firmware/nnet_utils/nnet_activation_stream.h:211:27)
INFO: [HLS 214-291] Loop 'VITIS_LOOP_220_2' is marked as complete unroll implied by the pipeline pragma (firmware/nnet_utils/nnet_activation_stream.h:220:27)
INFO: [HLS 214-291] Loop 'SoftmaxInvPackLoop' is marked as complete unroll implied by the pipeline pragma (firmware/nnet_utils/nnet_activation_stream.h:238:9)
INFO: [HLS 214-291] Loop 'Result' is marked as complete unroll implied by the pipeline pragma (firmware/nnet_utils/nnet_dense_latency.h:64:5)
INFO: [HLS 214-291] Loop 'Accum1' is marked as complete unroll implied by the pipeline pragma (firmware/nnet_utils/nnet_dense_latency.h:54:5)
INFO: [HLS 214-291] Loop 'Accum2' is marked as complete unroll implied by the pipeline pragma (firmware/nnet_utils/nnet_dense_latency.h:56:9)
INFO: [HLS 214-291] Loop 'ResetAccum' is marked as complete unroll implied by the pipeline pragma (firmware/nnet_utils/nnet_dense_latency.h:48:5)
INFO: [HLS 214-291] Loop 'Product1' is marked as complete unroll implied by the pipeline pragma (firmware/nnet_utils/nnet_dense_latency.h:37:5)
INFO: [HLS 214-291] Loop 'Product2' is marked as complete unroll implied by the pipeline pragma (firmware/nnet_utils/nnet_dense_latency.h:40:9)
INFO: [HLS 214-291] Loop 'ReLUPackLoop' is marked as complete unroll implied by the pipeline pragma (firmware/nnet_utils/nnet_activation_stream.h:49:9)
INFO: [HLS 214-186] Unrolling loop 'SoftmaxArrayPackLoop' (firmware/nnet_utils/nnet_activation_stream.h:200:9) in function 'nnet::softmax_stable<nnet::array<ap_fixed<37, 17, (ap_q_mode)5, (ap_o_mode)3, 0>, 3u>, nnet::array<ap_fixed<16, 6, (ap_q_mode)5, (ap_o_mode)3, 0>, 3u>, softmax_config11>' completely with a factor of 3 (firmware/nnet_utils/nnet_activation_stream.h:169:0)
INFO: [HLS 214-186] Unrolling loop 'VITIS_LOOP_211_1' (firmware/nnet_utils/nnet_activation_stream.h:211:27) in function 'nnet::softmax_stable<nnet::array<ap_fixed<37, 17, (ap_q_mode)5, (ap_o_mode)3, 0>, 3u>, nnet::array<ap_fixed<16, 6, (ap_q_mode)5, (ap_o_mode)3, 0>, 3u>, softmax_config11>' completely with a factor of 3 (firmware/nnet_utils/nnet_activation_stream.h:169:0)
INFO: [HLS 214-186] Unrolling loop 'VITIS_LOOP_220_2' (firmware/nnet_utils/nnet_activation_stream.h:220:27) in function 'nnet::softmax_stable<nnet::array<ap_fixed<37, 17, (ap_q_mode)5, (ap_o_mode)3, 0>, 3u>, nnet::array<ap_fixed<16, 6, (ap_q_mode)5, (ap_o_mode)3, 0>, 3u>, softmax_config11>' completely with a factor of 3 (firmware/nnet_utils/nnet_activation_stream.h:169:0)
INFO: [HLS 214-186] Unrolling loop 'SoftmaxInvPackLoop' (firmware/nnet_utils/nnet_activation_stream.h:238:9) in function 'nnet::softmax_stable<nnet::array<ap_fixed<37, 17, (ap_q_mode)5, (ap_o_mode)3, 0>, 3u>, nnet::array<ap_fixed<16, 6, (ap_q_mode)5, (ap_o_mode)3, 0>, 3u>, softmax_config11>' completely with a factor of 3 (firmware/nnet_utils/nnet_activation_stream.h:169:0)
INFO: [HLS 214-186] Unrolling loop 'ResPackSingle' (firmware/nnet_utils/nnet_dense_stream.h:73:9) in function 'nnet::dense<nnet::array<ap_fixed<16, 6, (ap_q_mode)5, (ap_o_mode)3, 0>, 16u>, nnet::array<ap_fixed<37, 17, (ap_q_mode)5, (ap_o_mode)3, 0>, 3u>, config10>' completely with a factor of 3 (firmware/nnet_utils/nnet_dense_stream.h:84:0)
INFO: [HLS 214-186] Unrolling loop 'DataPackSingle' (firmware/nnet_utils/nnet_dense_stream.h:45:9) in function 'nnet::dense<nnet::array<ap_fixed<16, 6, (ap_q_mode)5, (ap_o_mode)3, 0>, 16u>, nnet::array<ap_fixed<37, 17, (ap_q_mode)5, (ap_o_mode)3, 0>, 3u>, config10>' completely with a factor of 16 (firmware/nnet_utils/nnet_dense_stream.h:84:0)
INFO: [HLS 214-186] Unrolling loop 'Result' (firmware/nnet_utils/nnet_dense_latency.h:64:5) in function 'nnet::dense_latency<ap_fixed<16, 6, (ap_q_mode)5, (ap_o_mode)3, 0>, ap_fixed<37, 17, (ap_q_mode)5, (ap_o_mode)3, 0>, config10>' completely with a factor of 3 (firmware/nnet_utils/nnet_dense_latency.h:15:0)
INFO: [HLS 214-186] Unrolling loop 'Accum1' (firmware/nnet_utils/nnet_dense_latency.h:54:5) in function 'nnet::dense_latency<ap_fixed<16, 6, (ap_q_mode)5, (ap_o_mode)3, 0>, ap_fixed<37, 17, (ap_q_mode)5, (ap_o_mode)3, 0>, config10>' completely with a factor of 16 (firmware/nnet_utils/nnet_dense_latency.h:15:0)
INFO: [HLS 214-186] Unrolling loop 'Accum2' (firmware/nnet_utils/nnet_dense_latency.h:56:9) in function 'nnet::dense_latency<ap_fixed<16, 6, (ap_q_mode)5, (ap_o_mode)3, 0>, ap_fixed<37, 17, (ap_q_mode)5, (ap_o_mode)3, 0>, config10>' completely with a factor of 3 (firmware/nnet_utils/nnet_dense_latency.h:15:0)
INFO: [HLS 214-186] Unrolling loop 'ResetAccum' (firmware/nnet_utils/nnet_dense_latency.h:48:5) in function 'nnet::dense_latency<ap_fixed<16, 6, (ap_q_mode)5, (ap_o_mode)3, 0>, ap_fixed<37, 17, (ap_q_mode)5, (ap_o_mode)3, 0>, config10>' completely with a factor of 3 (firmware/nnet_utils/nnet_dense_latency.h:15:0)
INFO: [HLS 214-186] Unrolling loop 'Product1' (firmware/nnet_utils/nnet_dense_latency.h:37:5) in function 'nnet::dense_latency<ap_fixed<16, 6, (ap_q_mode)5, (ap_o_mode)3, 0>, ap_fixed<37, 17, (ap_q_mode)5, (ap_o_mode)3, 0>, config10>' completely with a factor of 16 (firmware/nnet_utils/nnet_dense_latency.h:15:0)
INFO: [HLS 214-186] Unrolling loop 'Product2' (firmware/nnet_utils/nnet_dense_latency.h:40:9) in function 'nnet::dense_latency<ap_fixed<16, 6, (ap_q_mode)5, (ap_o_mode)3, 0>, ap_fixed<37, 17, (ap_q_mode)5, (ap_o_mode)3, 0>, config10>' completely with a factor of 3 (firmware/nnet_utils/nnet_dense_latency.h:15:0)
INFO: [HLS 214-186] Unrolling loop 'ReLUPackLoop' (firmware/nnet_utils/nnet_activation_stream.h:49:9) in function 'nnet::relu<nnet::array<ap_fixed<38, 18, (ap_q_mode)5, (ap_o_mode)3, 0>, 16u>, nnet::array<ap_fixed<16, 6, (ap_q_mode)5, (ap_o_mode)3, 0>, 16u>, relu_config9>' completely with a factor of 16 (firmware/nnet_utils/nnet_activation_stream.h:39:0)
INFO: [HLS 214-186] Unrolling loop 'ResPackSingle' (firmware/nnet_utils/nnet_dense_stream.h:73:9) in function 'nnet::dense<nnet::array<ap_fixed<16, 6, (ap_q_mode)5, (ap_o_mode)3, 0>, 32u>, nnet::array<ap_fixed<38, 18, (ap_q_mode)5, (ap_o_mode)3, 0>, 16u>, config8>' completely with a factor of 16 (firmware/nnet_utils/nnet_dense_stream.h:84:0)
INFO: [HLS 214-186] Unrolling loop 'DataPackSingle' (firmware/nnet_utils/nnet_dense_stream.h:45:9) in function 'nnet::dense<nnet::array<ap_fixed<16, 6, (ap_q_mode)5, (ap_o_mode)3, 0>, 32u>, nnet::array<ap_fixed<38, 18, (ap_q_mode)5, (ap_o_mode)3, 0>, 16u>, config8>' completely with a factor of 32 (firmware/nnet_utils/nnet_dense_stream.h:84:0)
INFO: [HLS 214-186] Unrolling loop 'Result' (firmware/nnet_utils/nnet_dense_latency.h:64:5) in function 'nnet::dense_latency<ap_fixed<16, 6, (ap_q_mode)5, (ap_o_mode)3, 0>, ap_fixed<38, 18, (ap_q_mode)5, (ap_o_mode)3, 0>, config8>' completely with a factor of 16 (firmware/nnet_utils/nnet_dense_latency.h:15:0)
INFO: [HLS 214-186] Unrolling loop 'Accum1' (firmware/nnet_utils/nnet_dense_latency.h:54:5) in function 'nnet::dense_latency<ap_fixed<16, 6, (ap_q_mode)5, (ap_o_mode)3, 0>, ap_fixed<38, 18, (ap_q_mode)5, (ap_o_mode)3, 0>, config8>' completely with a factor of 32 (firmware/nnet_utils/nnet_dense_latency.h:15:0)
INFO: [HLS 214-186] Unrolling loop 'Accum2' (firmware/nnet_utils/nnet_dense_latency.h:56:9) in function 'nnet::dense_latency<ap_fixed<16, 6, (ap_q_mode)5, (ap_o_mode)3, 0>, ap_fixed<38, 18, (ap_q_mode)5, (ap_o_mode)3, 0>, config8>' completely with a factor of 16 (firmware/nnet_utils/nnet_dense_latency.h:15:0)
INFO: [HLS 214-186] Unrolling loop 'ResetAccum' (firmware/nnet_utils/nnet_dense_latency.h:48:5) in function 'nnet::dense_latency<ap_fixed<16, 6, (ap_q_mode)5, (ap_o_mode)3, 0>, ap_fixed<38, 18, (ap_q_mode)5, (ap_o_mode)3, 0>, config8>' completely with a factor of 16 (firmware/nnet_utils/nnet_dense_latency.h:15:0)
INFO: [HLS 214-186] Unrolling loop 'Product1' (firmware/nnet_utils/nnet_dense_latency.h:37:5) in function 'nnet::dense_latency<ap_fixed<16, 6, (ap_q_mode)5, (ap_o_mode)3, 0>, ap_fixed<38, 18, (ap_q_mode)5, (ap_o_mode)3, 0>, config8>' completely with a factor of 32 (firmware/nnet_utils/nnet_dense_latency.h:15:0)
INFO: [HLS 214-186] Unrolling loop 'Product2' (firmware/nnet_utils/nnet_dense_latency.h:40:9) in function 'nnet::dense_latency<ap_fixed<16, 6, (ap_q_mode)5, (ap_o_mode)3, 0>, ap_fixed<38, 18, (ap_q_mode)5, (ap_o_mode)3, 0>, config8>' completely with a factor of 16 (firmware/nnet_utils/nnet_dense_latency.h:15:0)
INFO: [HLS 214-186] Unrolling loop 'ReLUPackLoop' (firmware/nnet_utils/nnet_activation_stream.h:49:9) in function 'nnet::relu<nnet::array<ap_fixed<39, 19, (ap_q_mode)5, (ap_o_mode)3, 0>, 32u>, nnet::array<ap_fixed<16, 6, (ap_q_mode)5, (ap_o_mode)3, 0>, 32u>, relu_config7>' completely with a factor of 32 (firmware/nnet_utils/nnet_activation_stream.h:39:0)
INFO: [HLS 214-186] Unrolling loop 'ResPackSingle' (firmware/nnet_utils/nnet_dense_stream.h:73:9) in function 'nnet::dense<nnet::array<ap_fixed<16, 6, (ap_q_mode)5, (ap_o_mode)3, 0>, 64u>, nnet::array<ap_fixed<39, 19, (ap_q_mode)5, (ap_o_mode)3, 0>, 32u>, config6>' completely with a factor of 32 (firmware/nnet_utils/nnet_dense_stream.h:84:0)
INFO: [HLS 214-186] Unrolling loop 'DataPackSingle' (firmware/nnet_utils/nnet_dense_stream.h:45:9) in function 'nnet::dense<nnet::array<ap_fixed<16, 6, (ap_q_mode)5, (ap_o_mode)3, 0>, 64u>, nnet::array<ap_fixed<39, 19, (ap_q_mode)5, (ap_o_mode)3, 0>, 32u>, config6>' completely with a factor of 64 (firmware/nnet_utils/nnet_dense_stream.h:84:0)
INFO: [HLS 214-186] Unrolling loop 'Result' (firmware/nnet_utils/nnet_dense_latency.h:64:5) in function 'nnet::dense_latency<ap_fixed<16, 6, (ap_q_mode)5, (ap_o_mode)3, 0>, ap_fixed<39, 19, (ap_q_mode)5, (ap_o_mode)3, 0>, config6>' completely with a factor of 32 (firmware/nnet_utils/nnet_dense_latency.h:15:0)
INFO: [HLS 214-186] Unrolling loop 'Accum1' (firmware/nnet_utils/nnet_dense_latency.h:54:5) in function 'nnet::dense_latency<ap_fixed<16, 6, (ap_q_mode)5, (ap_o_mode)3, 0>, ap_fixed<39, 19, (ap_q_mode)5, (ap_o_mode)3, 0>, config6>' completely with a factor of 64 (firmware/nnet_utils/nnet_dense_latency.h:15:0)
INFO: [HLS 214-186] Unrolling loop 'Accum2' (firmware/nnet_utils/nnet_dense_latency.h:56:9) in function 'nnet::dense_latency<ap_fixed<16, 6, (ap_q_mode)5, (ap_o_mode)3, 0>, ap_fixed<39, 19, (ap_q_mode)5, (ap_o_mode)3, 0>, config6>' completely with a factor of 32 (firmware/nnet_utils/nnet_dense_latency.h:15:0)
INFO: [HLS 214-186] Unrolling loop 'ResetAccum' (firmware/nnet_utils/nnet_dense_latency.h:48:5) in function 'nnet::dense_latency<ap_fixed<16, 6, (ap_q_mode)5, (ap_o_mode)3, 0>, ap_fixed<39, 19, (ap_q_mode)5, (ap_o_mode)3, 0>, config6>' completely with a factor of 32 (firmware/nnet_utils/nnet_dense_latency.h:15:0)
INFO: [HLS 214-186] Unrolling loop 'Product1' (firmware/nnet_utils/nnet_dense_latency.h:37:5) in function 'nnet::dense_latency<ap_fixed<16, 6, (ap_q_mode)5, (ap_o_mode)3, 0>, ap_fixed<39, 19, (ap_q_mode)5, (ap_o_mode)3, 0>, config6>' completely with a factor of 64 (firmware/nnet_utils/nnet_dense_latency.h:15:0)
INFO: [HLS 214-186] Unrolling loop 'Product2' (firmware/nnet_utils/nnet_dense_latency.h:40:9) in function 'nnet::dense_latency<ap_fixed<16, 6, (ap_q_mode)5, (ap_o_mode)3, 0>, ap_fixed<39, 19, (ap_q_mode)5, (ap_o_mode)3, 0>, config6>' completely with a factor of 32 (firmware/nnet_utils/nnet_dense_latency.h:15:0)
INFO: [HLS 214-186] Unrolling loop 'ReLUPackLoop' (firmware/nnet_utils/nnet_activation_stream.h:49:9) in function 'nnet::relu<nnet::array<ap_fixed<40, 20, (ap_q_mode)5, (ap_o_mode)3, 0>, 64u>, nnet::array<ap_fixed<16, 6, (ap_q_mode)5, (ap_o_mode)3, 0>, 64u>, relu_config5>' completely with a factor of 64 (firmware/nnet_utils/nnet_activation_stream.h:39:0)
INFO: [HLS 214-186] Unrolling loop 'ResPackSingle' (firmware/nnet_utils/nnet_dense_stream.h:73:9) in function 'nnet::dense<nnet::array<ap_fixed<16, 6, (ap_q_mode)5, (ap_o_mode)3, 0>, 128u>, nnet::array<ap_fixed<40, 20, (ap_q_mode)5, (ap_o_mode)3, 0>, 64u>, config4>' completely with a factor of 64 (firmware/nnet_utils/nnet_dense_stream.h:84:0)
INFO: [HLS 214-186] Unrolling loop 'DataPackSingle' (firmware/nnet_utils/nnet_dense_stream.h:45:9) in function 'nnet::dense<nnet::array<ap_fixed<16, 6, (ap_q_mode)5, (ap_o_mode)3, 0>, 128u>, nnet::array<ap_fixed<40, 20, (ap_q_mode)5, (ap_o_mode)3, 0>, 64u>, config4>' completely with a factor of 128 (firmware/nnet_utils/nnet_dense_stream.h:84:0)
INFO: [HLS 214-186] Unrolling loop 'Result' (firmware/nnet_utils/nnet_dense_latency.h:64:5) in function 'nnet::dense_latency<ap_fixed<16, 6, (ap_q_mode)5, (ap_o_mode)3, 0>, ap_fixed<40, 20, (ap_q_mode)5, (ap_o_mode)3, 0>, config4>' completely with a factor of 64 (firmware/nnet_utils/nnet_dense_latency.h:15:0)
INFO: [HLS 214-186] Unrolling loop 'Accum1' (firmware/nnet_utils/nnet_dense_latency.h:54:5) in function 'nnet::dense_latency<ap_fixed<16, 6, (ap_q_mode)5, (ap_o_mode)3, 0>, ap_fixed<40, 20, (ap_q_mode)5, (ap_o_mode)3, 0>, config4>' completely with a factor of 128 (firmware/nnet_utils/nnet_dense_latency.h:15:0)
INFO: [HLS 214-186] Unrolling loop 'Accum2' (firmware/nnet_utils/nnet_dense_latency.h:56:9) in function 'nnet::dense_latency<ap_fixed<16, 6, (ap_q_mode)5, (ap_o_mode)3, 0>, ap_fixed<40, 20, (ap_q_mode)5, (ap_o_mode)3, 0>, config4>' completely with a factor of 64 (firmware/nnet_utils/nnet_dense_latency.h:15:0)
INFO: [HLS 214-186] Unrolling loop 'ResetAccum' (firmware/nnet_utils/nnet_dense_latency.h:48:5) in function 'nnet::dense_latency<ap_fixed<16, 6, (ap_q_mode)5, (ap_o_mode)3, 0>, ap_fixed<40, 20, (ap_q_mode)5, (ap_o_mode)3, 0>, config4>' completely with a factor of 64 (firmware/nnet_utils/nnet_dense_latency.h:15:0)
INFO: [HLS 214-186] Unrolling loop 'Product1' (firmware/nnet_utils/nnet_dense_latency.h:37:5) in function 'nnet::dense_latency<ap_fixed<16, 6, (ap_q_mode)5, (ap_o_mode)3, 0>, ap_fixed<40, 20, (ap_q_mode)5, (ap_o_mode)3, 0>, config4>' completely with a factor of 128 (firmware/nnet_utils/nnet_dense_latency.h:15:0)
INFO: [HLS 214-186] Unrolling loop 'Product2' (firmware/nnet_utils/nnet_dense_latency.h:40:9) in function 'nnet::dense_latency<ap_fixed<16, 6, (ap_q_mode)5, (ap_o_mode)3, 0>, ap_fixed<40, 20, (ap_q_mode)5, (ap_o_mode)3, 0>, config4>' completely with a factor of 64 (firmware/nnet_utils/nnet_dense_latency.h:15:0)
INFO: [HLS 214-186] Unrolling loop 'ReLUPackLoop' (firmware/nnet_utils/nnet_activation_stream.h:49:9) in function 'nnet::relu<nnet::array<ap_fixed<39, 19, (ap_q_mode)5, (ap_o_mode)3, 0>, 128u>, nnet::array<ap_fixed<16, 6, (ap_q_mode)5, (ap_o_mode)3, 0>, 128u>, relu_config3>' completely with a factor of 128 (firmware/nnet_utils/nnet_activation_stream.h:39:0)
INFO: [HLS 214-186] Unrolling loop 'ResPackSingle' (firmware/nnet_utils/nnet_dense_stream.h:73:9) in function 'nnet::dense<nnet::array<ap_fixed<16, 6, (ap_q_mode)5, (ap_o_mode)3, 0>, 60u>, nnet::array<ap_fixed<39, 19, (ap_q_mode)5, (ap_o_mode)3, 0>, 128u>, config2>' completely with a factor of 128 (firmware/nnet_utils/nnet_dense_stream.h:84:0)
INFO: [HLS 214-186] Unrolling loop 'DataPackSingle' (firmware/nnet_utils/nnet_dense_stream.h:45:9) in function 'nnet::dense<nnet::array<ap_fixed<16, 6, (ap_q_mode)5, (ap_o_mode)3, 0>, 60u>, nnet::array<ap_fixed<39, 19, (ap_q_mode)5, (ap_o_mode)3, 0>, 128u>, config2>' completely with a factor of 60 (firmware/nnet_utils/nnet_dense_stream.h:84:0)
INFO: [HLS 214-186] Unrolling loop 'Result' (firmware/nnet_utils/nnet_dense_latency.h:64:5) in function 'nnet::dense_latency<ap_fixed<16, 6, (ap_q_mode)5, (ap_o_mode)3, 0>, ap_fixed<39, 19, (ap_q_mode)5, (ap_o_mode)3, 0>, config2>' completely with a factor of 128 (firmware/nnet_utils/nnet_dense_latency.h:15:0)
INFO: [HLS 214-186] Unrolling loop 'Accum1' (firmware/nnet_utils/nnet_dense_latency.h:54:5) in function 'nnet::dense_latency<ap_fixed<16, 6, (ap_q_mode)5, (ap_o_mode)3, 0>, ap_fixed<39, 19, (ap_q_mode)5, (ap_o_mode)3, 0>, config2>' completely with a factor of 60 (firmware/nnet_utils/nnet_dense_latency.h:15:0)
INFO: [HLS 214-186] Unrolling loop 'Accum2' (firmware/nnet_utils/nnet_dense_latency.h:56:9) in function 'nnet::dense_latency<ap_fixed<16, 6, (ap_q_mode)5, (ap_o_mode)3, 0>, ap_fixed<39, 19, (ap_q_mode)5, (ap_o_mode)3, 0>, config2>' completely with a factor of 128 (firmware/nnet_utils/nnet_dense_latency.h:15:0)
INFO: [HLS 214-186] Unrolling loop 'ResetAccum' (firmware/nnet_utils/nnet_dense_latency.h:48:5) in function 'nnet::dense_latency<ap_fixed<16, 6, (ap_q_mode)5, (ap_o_mode)3, 0>, ap_fixed<39, 19, (ap_q_mode)5, (ap_o_mode)3, 0>, config2>' completely with a factor of 128 (firmware/nnet_utils/nnet_dense_latency.h:15:0)
INFO: [HLS 214-186] Unrolling loop 'Product1' (firmware/nnet_utils/nnet_dense_latency.h:37:5) in function 'nnet::dense_latency<ap_fixed<16, 6, (ap_q_mode)5, (ap_o_mode)3, 0>, ap_fixed<39, 19, (ap_q_mode)5, (ap_o_mode)3, 0>, config2>' completely with a factor of 60 (firmware/nnet_utils/nnet_dense_latency.h:15:0)
INFO: [HLS 214-186] Unrolling loop 'Product2' (firmware/nnet_utils/nnet_dense_latency.h:40:9) in function 'nnet::dense_latency<ap_fixed<16, 6, (ap_q_mode)5, (ap_o_mode)3, 0>, ap_fixed<39, 19, (ap_q_mode)5, (ap_o_mode)3, 0>, config2>' completely with a factor of 128 (firmware/nnet_utils/nnet_dense_latency.h:15:0)
INFO: [HLS 214-178] Inlining function 'nnet::array<ap_fixed<16, 6, (ap_q_mode)5, (ap_o_mode)3, 0>, 60u>::operator[](unsigned long)' into 'void load_input<float, nnet::array<ap_fixed<16, 6, (ap_q_mode)5, (ap_o_mode)3, 0>, 60u> >(float*, hls::stream<nnet::array<ap_fixed<16, 6, (ap_q_mode)5, (ap_o_mode)3, 0>, 60u>, 0>&, int, int)' (firmware/myproject_axi_master.cpp:10:0)
INFO: [HLS 214-178] Inlining function 'nnet::array<ap_fixed<39, 19, (ap_q_mode)5, (ap_o_mode)3, 0>, 128u>::operator[](unsigned long)' into 'void nnet::relu<nnet::array<ap_fixed<39, 19, (ap_q_mode)5, (ap_o_mode)3, 0>, 128u>, nnet::array<ap_fixed<16, 6, (ap_q_mode)5, (ap_o_mode)3, 0>, 128u>, relu_config3>(hls::stream<nnet::array<ap_fixed<39, 19, (ap_q_mode)5, (ap_o_mode)3, 0>, 128u>, 0>&, hls::stream<nnet::array<ap_fixed<16, 6, (ap_q_mode)5, (ap_o_mode)3, 0>, 128u>, 0>&)' (firmware/nnet_utils/nnet_activation_stream.h:39:0)
INFO: [HLS 214-178] Inlining function 'nnet::array<ap_fixed<16, 6, (ap_q_mode)5, (ap_o_mode)3, 0>, 128u>::operator[](unsigned long)' into 'void nnet::relu<nnet::array<ap_fixed<39, 19, (ap_q_mode)5, (ap_o_mode)3, 0>, 128u>, nnet::array<ap_fixed<16, 6, (ap_q_mode)5, (ap_o_mode)3, 0>, 128u>, relu_config3>(hls::stream<nnet::array<ap_fixed<39, 19, (ap_q_mode)5, (ap_o_mode)3, 0>, 128u>, 0>&, hls::stream<nnet::array<ap_fixed<16, 6, (ap_q_mode)5, (ap_o_mode)3, 0>, 128u>, 0>&)' (firmware/nnet_utils/nnet_activation_stream.h:39:0)
INFO: [HLS 214-178] Inlining function 'nnet::array<ap_fixed<40, 20, (ap_q_mode)5, (ap_o_mode)3, 0>, 64u>::operator[](unsigned long)' into 'void nnet::relu<nnet::array<ap_fixed<40, 20, (ap_q_mode)5, (ap_o_mode)3, 0>, 64u>, nnet::array<ap_fixed<16, 6, (ap_q_mode)5, (ap_o_mode)3, 0>, 64u>, relu_config5>(hls::stream<nnet::array<ap_fixed<40, 20, (ap_q_mode)5, (ap_o_mode)3, 0>, 64u>, 0>&, hls::stream<nnet::array<ap_fixed<16, 6, (ap_q_mode)5, (ap_o_mode)3, 0>, 64u>, 0>&)' (firmware/nnet_utils/nnet_activation_stream.h:39:0)
INFO: [HLS 214-178] Inlining function 'nnet::array<ap_fixed<16, 6, (ap_q_mode)5, (ap_o_mode)3, 0>, 64u>::operator[](unsigned long)' into 'void nnet::relu<nnet::array<ap_fixed<40, 20, (ap_q_mode)5, (ap_o_mode)3, 0>, 64u>, nnet::array<ap_fixed<16, 6, (ap_q_mode)5, (ap_o_mode)3, 0>, 64u>, relu_config5>(hls::stream<nnet::array<ap_fixed<40, 20, (ap_q_mode)5, (ap_o_mode)3, 0>, 64u>, 0>&, hls::stream<nnet::array<ap_fixed<16, 6, (ap_q_mode)5, (ap_o_mode)3, 0>, 64u>, 0>&)' (firmware/nnet_utils/nnet_activation_stream.h:39:0)
INFO: [HLS 214-178] Inlining function 'std::enable_if<!(std::is_same<ap_fixed<16, 6, (ap_q_mode)5, (ap_o_mode)3, 0>, ap_uint<1> >::value), ap_fixed<39, 19, (ap_q_mode)5, (ap_o_mode)3, 0> >::type nnet::cast<ap_fixed<16, 6, (ap_q_mode)5, (ap_o_mode)3, 0>, ap_fixed<39, 19, (ap_q_mode)5, (ap_o_mode)3, 0>, config6>(config6::accum_t)' into 'void nnet::dense_latency<ap_fixed<16, 6, (ap_q_mode)5, (ap_o_mode)3, 0>, ap_fixed<39, 19, (ap_q_mode)5, (ap_o_mode)3, 0>, config6>(ap_fixed<16, 6, (ap_q_mode)5, (ap_o_mode)3, 0>*, ap_fixed<39, 19, (ap_q_mode)5, (ap_o_mode)3, 0>*, config6::weight_t*, config6::bias_t*)' (firmware/nnet_utils/nnet_dense_latency.h:15:0)
INFO: [HLS 214-178] Inlining function 'nnet::array<ap_fixed<39, 19, (ap_q_mode)5, (ap_o_mode)3, 0>, 32u>::operator[](unsigned long)' into 'void nnet::relu<nnet::array<ap_fixed<39, 19, (ap_q_mode)5, (ap_o_mode)3, 0>, 32u>, nnet::array<ap_fixed<16, 6, (ap_q_mode)5, (ap_o_mode)3, 0>, 32u>, relu_config7>(hls::stream<nnet::array<ap_fixed<39, 19, (ap_q_mode)5, (ap_o_mode)3, 0>, 32u>, 0>&, hls::stream<nnet::array<ap_fixed<16, 6, (ap_q_mode)5, (ap_o_mode)3, 0>, 32u>, 0>&)' (firmware/nnet_utils/nnet_activation_stream.h:39:0)
INFO: [HLS 214-178] Inlining function 'nnet::array<ap_fixed<16, 6, (ap_q_mode)5, (ap_o_mode)3, 0>, 32u>::operator[](unsigned long)' into 'void nnet::relu<nnet::array<ap_fixed<39, 19, (ap_q_mode)5, (ap_o_mode)3, 0>, 32u>, nnet::array<ap_fixed<16, 6, (ap_q_mode)5, (ap_o_mode)3, 0>, 32u>, relu_config7>(hls::stream<nnet::array<ap_fixed<39, 19, (ap_q_mode)5, (ap_o_mode)3, 0>, 32u>, 0>&, hls::stream<nnet::array<ap_fixed<16, 6, (ap_q_mode)5, (ap_o_mode)3, 0>, 32u>, 0>&)' (firmware/nnet_utils/nnet_activation_stream.h:39:0)
INFO: [HLS 214-178] Inlining function 'std::enable_if<!(std::is_same<ap_fixed<16, 6, (ap_q_mode)5, (ap_o_mode)3, 0>, ap_uint<1> >::value), ap_fixed<38, 18, (ap_q_mode)5, (ap_o_mode)3, 0> >::type nnet::cast<ap_fixed<16, 6, (ap_q_mode)5, (ap_o_mode)3, 0>, ap_fixed<38, 18, (ap_q_mode)5, (ap_o_mode)3, 0>, config8>(config8::accum_t)' into 'void nnet::dense_latency<ap_fixed<16, 6, (ap_q_mode)5, (ap_o_mode)3, 0>, ap_fixed<38, 18, (ap_q_mode)5, (ap_o_mode)3, 0>, config8>(ap_fixed<16, 6, (ap_q_mode)5, (ap_o_mode)3, 0>*, ap_fixed<38, 18, (ap_q_mode)5, (ap_o_mode)3, 0>*, config8::weight_t*, config8::bias_t*)' (firmware/nnet_utils/nnet_dense_latency.h:15:0)
INFO: [HLS 214-178] Inlining function 'nnet::array<ap_fixed<38, 18, (ap_q_mode)5, (ap_o_mode)3, 0>, 16u>::operator[](unsigned long)' into 'void nnet::relu<nnet::array<ap_fixed<38, 18, (ap_q_mode)5, (ap_o_mode)3, 0>, 16u>, nnet::array<ap_fixed<16, 6, (ap_q_mode)5, (ap_o_mode)3, 0>, 16u>, relu_config9>(hls::stream<nnet::array<ap_fixed<38, 18, (ap_q_mode)5, (ap_o_mode)3, 0>, 16u>, 0>&, hls::stream<nnet::array<ap_fixed<16, 6, (ap_q_mode)5, (ap_o_mode)3, 0>, 16u>, 0>&)' (firmware/nnet_utils/nnet_activation_stream.h:39:0)
INFO: [HLS 214-178] Inlining function 'nnet::array<ap_fixed<16, 6, (ap_q_mode)5, (ap_o_mode)3, 0>, 16u>::operator[](unsigned long)' into 'void nnet::relu<nnet::array<ap_fixed<38, 18, (ap_q_mode)5, (ap_o_mode)3, 0>, 16u>, nnet::array<ap_fixed<16, 6, (ap_q_mode)5, (ap_o_mode)3, 0>, 16u>, relu_config9>(hls::stream<nnet::array<ap_fixed<38, 18, (ap_q_mode)5, (ap_o_mode)3, 0>, 16u>, 0>&, hls::stream<nnet::array<ap_fixed<16, 6, (ap_q_mode)5, (ap_o_mode)3, 0>, 16u>, 0>&)' (firmware/nnet_utils/nnet_activation_stream.h:39:0)
INFO: [HLS 214-178] Inlining function 'std::enable_if<!(std::is_same<ap_fixed<16, 6, (ap_q_mode)5, (ap_o_mode)3, 0>, ap_uint<1> >::value), ap_fixed<37, 17, (ap_q_mode)5, (ap_o_mode)3, 0> >::type nnet::cast<ap_fixed<16, 6, (ap_q_mode)5, (ap_o_mode)3, 0>, ap_fixed<37, 17, (ap_q_mode)5, (ap_o_mode)3, 0>, config10>(config10::accum_t)' into 'void nnet::dense_latency<ap_fixed<16, 6, (ap_q_mode)5, (ap_o_mode)3, 0>, ap_fixed<37, 17, (ap_q_mode)5, (ap_o_mode)3, 0>, config10>(ap_fixed<16, 6, (ap_q_mode)5, (ap_o_mode)3, 0>*, ap_fixed<37, 17, (ap_q_mode)5, (ap_o_mode)3, 0>*, config10::weight_t*, config10::bias_t*)' (firmware/nnet_utils/nnet_dense_latency.h:15:0)
INFO: [HLS 214-178] Inlining function 'float nnet::softmax_real_val_from_idx<ap_ufixed<36, 16, (ap_q_mode)5, (ap_o_mode)3, 0>, 1024u>(unsigned int)' into 'void nnet::init_exp_table<ap_ufixed<36, 16, (ap_q_mode)5, (ap_o_mode)3, 0>, softmax_config11>(softmax_config11::exp_table_t*, bool)' (firmware/nnet_utils/nnet_activation.h:149:0)
INFO: [HLS 214-178] Inlining function 'nnet::exp_fcn_float(float)' into 'void nnet::init_exp_table<ap_ufixed<36, 16, (ap_q_mode)5, (ap_o_mode)3, 0>, softmax_config11>(softmax_config11::exp_table_t*, bool)' (firmware/nnet_utils/nnet_activation.h:149:0)
INFO: [HLS 214-178] Inlining function 'nnet::Op_max<ap_fixed<37, 17, (ap_q_mode)5, (ap_o_mode)3, 0> >::operator()(ap_fixed<37, 17, (ap_q_mode)5, (ap_o_mode)3, 0>, ap_fixed<37, 17, (ap_q_mode)5, (ap_o_mode)3, 0>)' into 'ap_fixed<37, 17, (ap_q_mode)5, (ap_o_mode)3, 0> nnet::reduce<ap_fixed<37, 17, (ap_q_mode)5, (ap_o_mode)3, 0>, 2, nnet::Op_max<ap_fixed<37, 17, (ap_q_mode)5, (ap_o_mode)3, 0> > >(ap_fixed<37, 17, (ap_q_mode)5, (ap_o_mode)3, 0> const*, nnet::Op_max<ap_fixed<37, 17, (ap_q_mode)5, (ap_o_mode)3, 0> >)' (firmware/nnet_utils/nnet_common.h:37:0)
INFO: [HLS 214-178] Inlining function 'ap_fixed<37, 17, (ap_q_mode)5, (ap_o_mode)3, 0> nnet::reduce<ap_fixed<37, 17, (ap_q_mode)5, (ap_o_mode)3, 0>, 2, nnet::Op_max<ap_fixed<37, 17, (ap_q_mode)5, (ap_o_mode)3, 0> > >(ap_fixed<37, 17, (ap_q_mode)5, (ap_o_mode)3, 0> const*, nnet::Op_max<ap_fixed<37, 17, (ap_q_mode)5, (ap_o_mode)3, 0> >)' into 'ap_fixed<37, 17, (ap_q_mode)5, (ap_o_mode)3, 0> nnet::reduce<ap_fixed<37, 17, (ap_q_mode)5, (ap_o_mode)3, 0>, 3, nnet::Op_max<ap_fixed<37, 17, (ap_q_mode)5, (ap_o_mode)3, 0> > >(ap_fixed<37, 17, (ap_q_mode)5, (ap_o_mode)3, 0> const*, nnet::Op_max<ap_fixed<37, 17, (ap_q_mode)5, (ap_o_mode)3, 0> >)' (firmware/nnet_utils/nnet_common.h:37:0)
INFO: [HLS 214-178] Inlining function 'ap_fixed<37, 17, (ap_q_mode)5, (ap_o_mode)3, 0> nnet::reduce<ap_fixed<37, 17, (ap_q_mode)5, (ap_o_mode)3, 0>, 1, nnet::Op_max<ap_fixed<37, 17, (ap_q_mode)5, (ap_o_mode)3, 0> > >(ap_fixed<37, 17, (ap_q_mode)5, (ap_o_mode)3, 0> const*, nnet::Op_max<ap_fixed<37, 17, (ap_q_mode)5, (ap_o_mode)3, 0> >)' into 'ap_fixed<37, 17, (ap_q_mode)5, (ap_o_mode)3, 0> nnet::reduce<ap_fixed<37, 17, (ap_q_mode)5, (ap_o_mode)3, 0>, 3, nnet::Op_max<ap_fixed<37, 17, (ap_q_mode)5, (ap_o_mode)3, 0> > >(ap_fixed<37, 17, (ap_q_mode)5, (ap_o_mode)3, 0> const*, nnet::Op_max<ap_fixed<37, 17, (ap_q_mode)5, (ap_o_mode)3, 0> >)' (firmware/nnet_utils/nnet_common.h:37:0)
INFO: [HLS 214-178] Inlining function 'nnet::Op_max<ap_fixed<37, 17, (ap_q_mode)5, (ap_o_mode)3, 0> >::operator()(ap_fixed<37, 17, (ap_q_mode)5, (ap_o_mode)3, 0>, ap_fixed<37, 17, (ap_q_mode)5, (ap_o_mode)3, 0>) (.151)' into 'ap_fixed<37, 17, (ap_q_mode)5, (ap_o_mode)3, 0> nnet::reduce<ap_fixed<37, 17, (ap_q_mode)5, (ap_o_mode)3, 0>, 3, nnet::Op_max<ap_fixed<37, 17, (ap_q_mode)5, (ap_o_mode)3, 0> > >(ap_fixed<37, 17, (ap_q_mode)5, (ap_o_mode)3, 0> const*, nnet::Op_max<ap_fixed<37, 17, (ap_q_mode)5, (ap_o_mode)3, 0> >)' (firmware/nnet_utils/nnet_common.h:37:0)
INFO: [HLS 214-178] Inlining function 'nnet::Op_add<ap_fixed<16, 6, (ap_q_mode)5, (ap_o_mode)3, 0> >::operator()(ap_fixed<16, 6, (ap_q_mode)5, (ap_o_mode)3, 0>, ap_fixed<16, 6, (ap_q_mode)5, (ap_o_mode)3, 0>)' into 'ap_fixed<16, 6, (ap_q_mode)5, (ap_o_mode)3, 0> nnet::reduce<ap_fixed<16, 6, (ap_q_mode)5, (ap_o_mode)3, 0>, 2, nnet::Op_add<ap_fixed<16, 6, (ap_q_mode)5, (ap_o_mode)3, 0> > >(ap_fixed<16, 6, (ap_q_mode)5, (ap_o_mode)3, 0> const*, nnet::Op_add<ap_fixed<16, 6, (ap_q_mode)5, (ap_o_mode)3, 0> >)' (firmware/nnet_utils/nnet_common.h:37:0)
INFO: [HLS 214-178] Inlining function 'ap_fixed<16, 6, (ap_q_mode)5, (ap_o_mode)3, 0> nnet::reduce<ap_fixed<16, 6, (ap_q_mode)5, (ap_o_mode)3, 0>, 2, nnet::Op_add<ap_fixed<16, 6, (ap_q_mode)5, (ap_o_mode)3, 0> > >(ap_fixed<16, 6, (ap_q_mode)5, (ap_o_mode)3, 0> const*, nnet::Op_add<ap_fixed<16, 6, (ap_q_mode)5, (ap_o_mode)3, 0> >)' into 'ap_fixed<16, 6, (ap_q_mode)5, (ap_o_mode)3, 0> nnet::reduce<ap_fixed<16, 6, (ap_q_mode)5, (ap_o_mode)3, 0>, 3, nnet::Op_add<ap_fixed<16, 6, (ap_q_mode)5, (ap_o_mode)3, 0> > >(ap_fixed<16, 6, (ap_q_mode)5, (ap_o_mode)3, 0> const*, nnet::Op_add<ap_fixed<16, 6, (ap_q_mode)5, (ap_o_mode)3, 0> >)' (firmware/nnet_utils/nnet_common.h:37:0)
INFO: [HLS 214-178] Inlining function 'ap_fixed<16, 6, (ap_q_mode)5, (ap_o_mode)3, 0> nnet::reduce<ap_fixed<16, 6, (ap_q_mode)5, (ap_o_mode)3, 0>, 1, nnet::Op_add<ap_fixed<16, 6, (ap_q_mode)5, (ap_o_mode)3, 0> > >(ap_fixed<16, 6, (ap_q_mode)5, (ap_o_mode)3, 0> const*, nnet::Op_add<ap_fixed<16, 6, (ap_q_mode)5, (ap_o_mode)3, 0> >)' into 'ap_fixed<16, 6, (ap_q_mode)5, (ap_o_mode)3, 0> nnet::reduce<ap_fixed<16, 6, (ap_q_mode)5, (ap_o_mode)3, 0>, 3, nnet::Op_add<ap_fixed<16, 6, (ap_q_mode)5, (ap_o_mode)3, 0> > >(ap_fixed<16, 6, (ap_q_mode)5, (ap_o_mode)3, 0> const*, nnet::Op_add<ap_fixed<16, 6, (ap_q_mode)5, (ap_o_mode)3, 0> >)' (firmware/nnet_utils/nnet_common.h:37:0)
INFO: [HLS 214-178] Inlining function 'nnet::Op_add<ap_fixed<16, 6, (ap_q_mode)5, (ap_o_mode)3, 0> >::operator()(ap_fixed<16, 6, (ap_q_mode)5, (ap_o_mode)3, 0>, ap_fixed<16, 6, (ap_q_mode)5, (ap_o_mode)3, 0>)' into 'ap_fixed<16, 6, (ap_q_mode)5, (ap_o_mode)3, 0> nnet::reduce<ap_fixed<16, 6, (ap_q_mode)5, (ap_o_mode)3, 0>, 3, nnet::Op_add<ap_fixed<16, 6, (ap_q_mode)5, (ap_o_mode)3, 0> > >(ap_fixed<16, 6, (ap_q_mode)5, (ap_o_mode)3, 0> const*, nnet::Op_add<ap_fixed<16, 6, (ap_q_mode)5, (ap_o_mode)3, 0> >)' (firmware/nnet_utils/nnet_common.h:37:0)
INFO: [HLS 214-178] Inlining function 'nnet::array<ap_fixed<37, 17, (ap_q_mode)5, (ap_o_mode)3, 0>, 3u>::operator[](unsigned long)' into 'void nnet::softmax_stable<nnet::array<ap_fixed<37, 17, (ap_q_mode)5, (ap_o_mode)3, 0>, 3u>, nnet::array<ap_fixed<16, 6, (ap_q_mode)5, (ap_o_mode)3, 0>, 3u>, softmax_config11>(hls::stream<nnet::array<ap_fixed<37, 17, (ap_q_mode)5, (ap_o_mode)3, 0>, 3u>, 0>&, hls::stream<nnet::array<ap_fixed<16, 6, (ap_q_mode)5, (ap_o_mode)3, 0>, 3u>, 0>&)' (firmware/nnet_utils/nnet_activation_stream.h:169:0)
INFO: [HLS 214-178] Inlining function 'ap_fixed<37, 17, (ap_q_mode)5, (ap_o_mode)3, 0> nnet::reduce<ap_fixed<37, 17, (ap_q_mode)5, (ap_o_mode)3, 0>, 3, nnet::Op_max<ap_fixed<37, 17, (ap_q_mode)5, (ap_o_mode)3, 0> > >(ap_fixed<37, 17, (ap_q_mode)5, (ap_o_mode)3, 0> const*, nnet::Op_max<ap_fixed<37, 17, (ap_q_mode)5, (ap_o_mode)3, 0> >)' into 'void nnet::softmax_stable<nnet::array<ap_fixed<37, 17, (ap_q_mode)5, (ap_o_mode)3, 0>, 3u>, nnet::array<ap_fixed<16, 6, (ap_q_mode)5, (ap_o_mode)3, 0>, 3u>, softmax_config11>(hls::stream<nnet::array<ap_fixed<37, 17, (ap_q_mode)5, (ap_o_mode)3, 0>, 3u>, 0>&, hls::stream<nnet::array<ap_fixed<16, 6, (ap_q_mode)5, (ap_o_mode)3, 0>, 3u>, 0>&)' (firmware/nnet_utils/nnet_activation_stream.h:169:0)
INFO: [HLS 214-178] Inlining function 'unsigned int nnet::softmax_idx_from_real_val<ap_ufixed<36, 16, (ap_q_mode)5, (ap_o_mode)3, 0>, 1024u>(ap_ufixed<36, 16, (ap_q_mode)5, (ap_o_mode)3, 0>)' into 'void nnet::softmax_stable<nnet::array<ap_fixed<37, 17, (ap_q_mode)5, (ap_o_mode)3, 0>, 3u>, nnet::array<ap_fixed<16, 6, (ap_q_mode)5, (ap_o_mode)3, 0>, 3u>, softmax_config11>(hls::stream<nnet::array<ap_fixed<37, 17, (ap_q_mode)5, (ap_o_mode)3, 0>, 3u>, 0>&, hls::stream<nnet::array<ap_fixed<16, 6, (ap_q_mode)5, (ap_o_mode)3, 0>, 3u>, 0>&)' (firmware/nnet_utils/nnet_activation_stream.h:169:0)
INFO: [HLS 214-178] Inlining function 'ap_fixed<16, 6, (ap_q_mode)5, (ap_o_mode)3, 0> nnet::reduce<ap_fixed<16, 6, (ap_q_mode)5, (ap_o_mode)3, 0>, 3, nnet::Op_add<ap_fixed<16, 6, (ap_q_mode)5, (ap_o_mode)3, 0> > >(ap_fixed<16, 6, (ap_q_mode)5, (ap_o_mode)3, 0> const*, nnet::Op_add<ap_fixed<16, 6, (ap_q_mode)5, (ap_o_mode)3, 0> >)' into 'void nnet::softmax_stable<nnet::array<ap_fixed<37, 17, (ap_q_mode)5, (ap_o_mode)3, 0>, 3u>, nnet::array<ap_fixed<16, 6, (ap_q_mode)5, (ap_o_mode)3, 0>, 3u>, softmax_config11>(hls::stream<nnet::array<ap_fixed<37, 17, (ap_q_mode)5, (ap_o_mode)3, 0>, 3u>, 0>&, hls::stream<nnet::array<ap_fixed<16, 6, (ap_q_mode)5, (ap_o_mode)3, 0>, 3u>, 0>&)' (firmware/nnet_utils/nnet_activation_stream.h:169:0)
INFO: [HLS 214-178] Inlining function 'unsigned int nnet::softmax_idx_from_real_val<ap_fixed<18, 8, (ap_q_mode)0, (ap_o_mode)0, 0>, 1024u>(ap_fixed<18, 8, (ap_q_mode)0, (ap_o_mode)0, 0>)' into 'void nnet::softmax_stable<nnet::array<ap_fixed<37, 17, (ap_q_mode)5, (ap_o_mode)3, 0>, 3u>, nnet::array<ap_fixed<16, 6, (ap_q_mode)5, (ap_o_mode)3, 0>, 3u>, softmax_config11>(hls::stream<nnet::array<ap_fixed<37, 17, (ap_q_mode)5, (ap_o_mode)3, 0>, 3u>, 0>&, hls::stream<nnet::array<ap_fixed<16, 6, (ap_q_mode)5, (ap_o_mode)3, 0>, 3u>, 0>&)' (firmware/nnet_utils/nnet_activation_stream.h:169:0)
INFO: [HLS 214-178] Inlining function 'nnet::array<ap_fixed<16, 6, (ap_q_mode)5, (ap_o_mode)3, 0>, 3u>::operator[](unsigned long)' into 'void nnet::softmax_stable<nnet::array<ap_fixed<37, 17, (ap_q_mode)5, (ap_o_mode)3, 0>, 3u>, nnet::array<ap_fixed<16, 6, (ap_q_mode)5, (ap_o_mode)3, 0>, 3u>, softmax_config11>(hls::stream<nnet::array<ap_fixed<37, 17, (ap_q_mode)5, (ap_o_mode)3, 0>, 3u>, 0>&, hls::stream<nnet::array<ap_fixed<16, 6, (ap_q_mode)5, (ap_o_mode)3, 0>, 3u>, 0>&)' (firmware/nnet_utils/nnet_activation_stream.h:169:0)
INFO: [HLS 214-178] Inlining function 'nnet::array<ap_fixed<16, 6, (ap_q_mode)5, (ap_o_mode)3, 0>, 3u>::operator[](unsigned long)' into 'void store_result<float, nnet::array<ap_fixed<16, 6, (ap_q_mode)5, (ap_o_mode)3, 0>, 3u> >(float*, hls::stream<nnet::array<ap_fixed<16, 6, (ap_q_mode)5, (ap_o_mode)3, 0>, 3u>, 0>&, int, int)' (firmware/myproject_axi_master.cpp:26:0)
INFO: [HLS 214-248] Applying array_partition to 'b2': Complete partitioning on dimension 1. (firmware/weights/b2.h:12:0)
INFO: [HLS 214-248] Applying array_partition to 'b4': Complete partitioning on dimension 1. (firmware/weights/b4.h:12:0)
INFO: [HLS 214-248] Applying array_partition to 'b6': Complete partitioning on dimension 1. (firmware/weights/b6.h:12:0)
INFO: [HLS 214-248] Applying array_partition to 'b8': Complete partitioning on dimension 1. (firmware/weights/b8.h:12:0)
INFO: [HLS 214-248] Applying array_partition to 'b10': Complete partitioning on dimension 1. (firmware/weights/b10.h:12:0)
INFO: [HLS 214-248] Applying array_partition to 'mult': Complete partitioning on dimension 1. (firmware/nnet_utils/nnet_dense_latency.h:17:32)
INFO: [HLS 214-248] Applying array_partition to 'data': Complete partitioning on dimension 1. (firmware/nnet_utils/nnet_dense_stream.h:87:33)
INFO: [HLS 214-248] Applying array_partition to 'res': Complete partitioning on dimension 1. (firmware/nnet_utils/nnet_dense_stream.h:90:32)
INFO: [HLS 214-241] Aggregating fifo (hls::stream) variable 'layer10_out' with compact=bit mode in 111-bits (firmware/myproject.cpp:62:35)
INFO: [HLS 214-241] Aggregating fifo (hls::stream) variable 'layer9_out' with compact=bit mode in 256-bits (firmware/myproject.cpp:59:27)
INFO: [HLS 214-241] Aggregating fifo (hls::stream) variable 'layer8_out' with compact=bit mode in 608-bits (firmware/myproject.cpp:56:34)
INFO: [HLS 214-241] Aggregating fifo (hls::stream) variable 'layer7_out' with compact=bit mode in 512-bits (firmware/myproject.cpp:53:27)
INFO: [HLS 214-241] Aggregating fifo (hls::stream) variable 'layer6_out' with compact=bit mode in 1248-bits (firmware/myproject.cpp:50:34)
INFO: [HLS 214-241] Aggregating fifo (hls::stream) variable 'layer5_out' with compact=bit mode in 1024-bits (firmware/myproject.cpp:47:27)
INFO: [HLS 214-241] Aggregating fifo (hls::stream) variable 'layer4_out' with compact=bit mode in 2560-bits (firmware/myproject.cpp:44:34)
INFO: [HLS 214-241] Aggregating fifo (hls::stream) variable 'layer3_out' with compact=bit mode in 2048-bits (firmware/myproject.cpp:41:27)
ERROR: [HLS 214-256] in function 'myproject(hls::stream<nnet::array<ap_fixed<16, 6, (ap_q_mode)5, (ap_o_mode)3, 0>, 60u>, 0>&, hls::stream<nnet::array<ap_fixed<16, 6, (ap_q_mode)5, (ap_o_mode)3, 0>, 3u>, 0>&)': Unsupported aggregate pragma/directive on variable 'layer2_out' as the bit-width after aggregation (4992) is larger than 4096 (firmware/myproject.cpp:38:34)
ERROR: [HLS 200-1715] Encountered problem during source synthesis
ERROR: Pre-synthesis failed.
INFO: [HLS 200-112] Total CPU user time: 834.42 seconds. Total CPU system time: 6.34 seconds. Total elapsed time: 842.15 seconds; peak allocated memory: 285.512 MB.
