

================================================================
== Vitis HLS Report for 'relu_array_ap_fixed_32u_array_ap_fixed_13_11_0_3_0_32u_relu_config10_s'
================================================================
* Date:           Tue Mar 31 16:53:08 2026

* Version:        2025.2 (Build 6295257 on Nov 14 2025)
* Project:        vitis_unified_project
* Solution:       hls (Vivado IP Flow Target)
* Product family: zynquplus
* Target device:  xck26-sfvc784-2LV-c


================================================================
== Performance Estimates
================================================================
+ Timing: 
    * Summary: 
    +--------+---------+----------+------------+
    |  Clock |  Target | Estimated| Uncertainty|
    +--------+---------+----------+------------+
    |ap_clk  |  5.00 ns|  3.045 ns|     0.62 ns|
    +--------+---------+----------+------------+

+ Latency: 
    * Summary: 
    +---------+---------+----------+----------+-----+-----+---------+
    |  Latency (cycles) |  Latency (absolute) |  Interval | Pipeline|
    |   min   |   max   |    min   |    max   | min | max |   Type  |
    +---------+---------+----------+----------+-----+-----+---------+
    |        1|        1|  5.000 ns|  5.000 ns|    1|    1|       no|
    +---------+---------+----------+----------+-----+-----+---------+

    + Detail: 
        * Instance: 
        N/A

        * Loop: 
        N/A

============================================================
+ Verbose Summary: Synthesis Manager
============================================================
InlineROM: 1
ExposeGlobal: 0
============================================================
+ Verbose Summary: CDFG Model
============================================================
IsTopModel: 0
ResetActiveHigh: 1
IsCombinational: 2
IsDatapathOnly: 0
HasWiredReturn: 1
HasMFsm: 0
HasVarLatency: 1
IsPipeline: 0
IsRtlPipelined: 0
IsInstanceOverlapped: 0
IsDontTouch: 0
HasImplIP: 0
IsGatedGlobalClock: 0


============================================================
+ Verbose Summary: Schedule
============================================================
* Number of FSM states : 2
* Pipeline : 0
* Dataflow Pipeline: 0

* FSM state transitions: 
1 --> 2 
2 --> 

* FSM state operations: 

State 1 <SV = 0> <Delay = 3.04>
ST_1 : Operation 3 [1/1] ( I:1.83ns O:1.83ns )   --->   "%layer9_out_read = read i672 @_ssdm_op_Read.ap_fifo.volatile.i672P0A, i672 %layer9_out" [firmware/nnet_utils/nnet_activation_stream.h:44]   --->   Operation 3 'read' 'layer9_out_read' <Predicate = true> <Delay = 1.83> <CoreInst = "FIFO_SRL">   --->   Core 80 'FIFO_SRL' <Latency = 0> <II = 1> <Delay = 1.83> <Storage> <Opcode : 'read' 'write' 'nbread' 'nbwrite'> <Ports = 0> <Width = 672> <Depth = 1> <FIFO>
ST_1 : Operation 4 [1/1] (0.00ns)   --->   "%trunc_ln44 = trunc i672 %layer9_out_read" [firmware/nnet_utils/nnet_activation_stream.h:44]   --->   Operation 4 'trunc' 'trunc_ln44' <Predicate = true> <Delay = 0.00>
ST_1 : Operation 5 [1/1] (0.00ns)   --->   "%trunc_ln44_s = partselect i21 @_ssdm_op_PartSelect.i21.i672.i32.i32, i672 %layer9_out_read, i32 21, i32 41" [firmware/nnet_utils/nnet_activation_stream.h:44]   --->   Operation 5 'partselect' 'trunc_ln44_s' <Predicate = true> <Delay = 0.00>
ST_1 : Operation 6 [1/1] (0.00ns)   --->   "%trunc_ln44_63 = partselect i21 @_ssdm_op_PartSelect.i21.i672.i32.i32, i672 %layer9_out_read, i32 42, i32 62" [firmware/nnet_utils/nnet_activation_stream.h:44]   --->   Operation 6 'partselect' 'trunc_ln44_63' <Predicate = true> <Delay = 0.00>
ST_1 : Operation 7 [1/1] (0.00ns)   --->   "%trunc_ln44_64 = partselect i21 @_ssdm_op_PartSelect.i21.i672.i32.i32, i672 %layer9_out_read, i32 63, i32 83" [firmware/nnet_utils/nnet_activation_stream.h:44]   --->   Operation 7 'partselect' 'trunc_ln44_64' <Predicate = true> <Delay = 0.00>
ST_1 : Operation 8 [1/1] (0.00ns)   --->   "%trunc_ln44_65 = partselect i21 @_ssdm_op_PartSelect.i21.i672.i32.i32, i672 %layer9_out_read, i32 84, i32 104" [firmware/nnet_utils/nnet_activation_stream.h:44]   --->   Operation 8 'partselect' 'trunc_ln44_65' <Predicate = true> <Delay = 0.00>
ST_1 : Operation 9 [1/1] (0.00ns)   --->   "%trunc_ln44_66 = partselect i21 @_ssdm_op_PartSelect.i21.i672.i32.i32, i672 %layer9_out_read, i32 105, i32 125" [firmware/nnet_utils/nnet_activation_stream.h:44]   --->   Operation 9 'partselect' 'trunc_ln44_66' <Predicate = true> <Delay = 0.00>
ST_1 : Operation 10 [1/1] (0.00ns)   --->   "%trunc_ln44_67 = partselect i21 @_ssdm_op_PartSelect.i21.i672.i32.i32, i672 %layer9_out_read, i32 126, i32 146" [firmware/nnet_utils/nnet_activation_stream.h:44]   --->   Operation 10 'partselect' 'trunc_ln44_67' <Predicate = true> <Delay = 0.00>
ST_1 : Operation 11 [1/1] (0.00ns)   --->   "%trunc_ln44_68 = partselect i21 @_ssdm_op_PartSelect.i21.i672.i32.i32, i672 %layer9_out_read, i32 147, i32 167" [firmware/nnet_utils/nnet_activation_stream.h:44]   --->   Operation 11 'partselect' 'trunc_ln44_68' <Predicate = true> <Delay = 0.00>
ST_1 : Operation 12 [1/1] (0.00ns)   --->   "%trunc_ln44_69 = partselect i21 @_ssdm_op_PartSelect.i21.i672.i32.i32, i672 %layer9_out_read, i32 168, i32 188" [firmware/nnet_utils/nnet_activation_stream.h:44]   --->   Operation 12 'partselect' 'trunc_ln44_69' <Predicate = true> <Delay = 0.00>
ST_1 : Operation 13 [1/1] (0.00ns)   --->   "%trunc_ln44_70 = partselect i21 @_ssdm_op_PartSelect.i21.i672.i32.i32, i672 %layer9_out_read, i32 189, i32 209" [firmware/nnet_utils/nnet_activation_stream.h:44]   --->   Operation 13 'partselect' 'trunc_ln44_70' <Predicate = true> <Delay = 0.00>
ST_1 : Operation 14 [1/1] (0.00ns)   --->   "%trunc_ln44_71 = partselect i21 @_ssdm_op_PartSelect.i21.i672.i32.i32, i672 %layer9_out_read, i32 210, i32 230" [firmware/nnet_utils/nnet_activation_stream.h:44]   --->   Operation 14 'partselect' 'trunc_ln44_71' <Predicate = true> <Delay = 0.00>
ST_1 : Operation 15 [1/1] (0.00ns)   --->   "%trunc_ln44_72 = partselect i21 @_ssdm_op_PartSelect.i21.i672.i32.i32, i672 %layer9_out_read, i32 231, i32 251" [firmware/nnet_utils/nnet_activation_stream.h:44]   --->   Operation 15 'partselect' 'trunc_ln44_72' <Predicate = true> <Delay = 0.00>
ST_1 : Operation 16 [1/1] (0.00ns)   --->   "%trunc_ln44_73 = partselect i21 @_ssdm_op_PartSelect.i21.i672.i32.i32, i672 %layer9_out_read, i32 252, i32 272" [firmware/nnet_utils/nnet_activation_stream.h:44]   --->   Operation 16 'partselect' 'trunc_ln44_73' <Predicate = true> <Delay = 0.00>
ST_1 : Operation 17 [1/1] (0.00ns)   --->   "%trunc_ln44_74 = partselect i21 @_ssdm_op_PartSelect.i21.i672.i32.i32, i672 %layer9_out_read, i32 273, i32 293" [firmware/nnet_utils/nnet_activation_stream.h:44]   --->   Operation 17 'partselect' 'trunc_ln44_74' <Predicate = true> <Delay = 0.00>
ST_1 : Operation 18 [1/1] (0.00ns)   --->   "%trunc_ln44_75 = partselect i21 @_ssdm_op_PartSelect.i21.i672.i32.i32, i672 %layer9_out_read, i32 294, i32 314" [firmware/nnet_utils/nnet_activation_stream.h:44]   --->   Operation 18 'partselect' 'trunc_ln44_75' <Predicate = true> <Delay = 0.00>
ST_1 : Operation 19 [1/1] (0.00ns)   --->   "%trunc_ln44_76 = partselect i21 @_ssdm_op_PartSelect.i21.i672.i32.i32, i672 %layer9_out_read, i32 315, i32 335" [firmware/nnet_utils/nnet_activation_stream.h:44]   --->   Operation 19 'partselect' 'trunc_ln44_76' <Predicate = true> <Delay = 0.00>
ST_1 : Operation 20 [1/1] (0.00ns)   --->   "%trunc_ln44_77 = partselect i21 @_ssdm_op_PartSelect.i21.i672.i32.i32, i672 %layer9_out_read, i32 336, i32 356" [firmware/nnet_utils/nnet_activation_stream.h:44]   --->   Operation 20 'partselect' 'trunc_ln44_77' <Predicate = true> <Delay = 0.00>
ST_1 : Operation 21 [1/1] (0.00ns)   --->   "%trunc_ln44_78 = partselect i21 @_ssdm_op_PartSelect.i21.i672.i32.i32, i672 %layer9_out_read, i32 357, i32 377" [firmware/nnet_utils/nnet_activation_stream.h:44]   --->   Operation 21 'partselect' 'trunc_ln44_78' <Predicate = true> <Delay = 0.00>
ST_1 : Operation 22 [1/1] (0.00ns)   --->   "%trunc_ln44_79 = partselect i21 @_ssdm_op_PartSelect.i21.i672.i32.i32, i672 %layer9_out_read, i32 378, i32 398" [firmware/nnet_utils/nnet_activation_stream.h:44]   --->   Operation 22 'partselect' 'trunc_ln44_79' <Predicate = true> <Delay = 0.00>
ST_1 : Operation 23 [1/1] (0.00ns)   --->   "%trunc_ln44_80 = partselect i21 @_ssdm_op_PartSelect.i21.i672.i32.i32, i672 %layer9_out_read, i32 399, i32 419" [firmware/nnet_utils/nnet_activation_stream.h:44]   --->   Operation 23 'partselect' 'trunc_ln44_80' <Predicate = true> <Delay = 0.00>
ST_1 : Operation 24 [1/1] (0.00ns)   --->   "%trunc_ln44_81 = partselect i21 @_ssdm_op_PartSelect.i21.i672.i32.i32, i672 %layer9_out_read, i32 420, i32 440" [firmware/nnet_utils/nnet_activation_stream.h:44]   --->   Operation 24 'partselect' 'trunc_ln44_81' <Predicate = true> <Delay = 0.00>
ST_1 : Operation 25 [1/1] (0.00ns)   --->   "%trunc_ln44_82 = partselect i21 @_ssdm_op_PartSelect.i21.i672.i32.i32, i672 %layer9_out_read, i32 441, i32 461" [firmware/nnet_utils/nnet_activation_stream.h:44]   --->   Operation 25 'partselect' 'trunc_ln44_82' <Predicate = true> <Delay = 0.00>
ST_1 : Operation 26 [1/1] (0.00ns)   --->   "%trunc_ln44_83 = partselect i21 @_ssdm_op_PartSelect.i21.i672.i32.i32, i672 %layer9_out_read, i32 462, i32 482" [firmware/nnet_utils/nnet_activation_stream.h:44]   --->   Operation 26 'partselect' 'trunc_ln44_83' <Predicate = true> <Delay = 0.00>
ST_1 : Operation 27 [1/1] (0.00ns)   --->   "%trunc_ln44_84 = partselect i21 @_ssdm_op_PartSelect.i21.i672.i32.i32, i672 %layer9_out_read, i32 483, i32 503" [firmware/nnet_utils/nnet_activation_stream.h:44]   --->   Operation 27 'partselect' 'trunc_ln44_84' <Predicate = true> <Delay = 0.00>
ST_1 : Operation 28 [1/1] (0.00ns)   --->   "%trunc_ln44_85 = partselect i21 @_ssdm_op_PartSelect.i21.i672.i32.i32, i672 %layer9_out_read, i32 504, i32 524" [firmware/nnet_utils/nnet_activation_stream.h:44]   --->   Operation 28 'partselect' 'trunc_ln44_85' <Predicate = true> <Delay = 0.00>
ST_1 : Operation 29 [1/1] (0.00ns)   --->   "%trunc_ln44_86 = partselect i21 @_ssdm_op_PartSelect.i21.i672.i32.i32, i672 %layer9_out_read, i32 525, i32 545" [firmware/nnet_utils/nnet_activation_stream.h:44]   --->   Operation 29 'partselect' 'trunc_ln44_86' <Predicate = true> <Delay = 0.00>
ST_1 : Operation 30 [1/1] (0.00ns)   --->   "%trunc_ln44_87 = partselect i21 @_ssdm_op_PartSelect.i21.i672.i32.i32, i672 %layer9_out_read, i32 546, i32 566" [firmware/nnet_utils/nnet_activation_stream.h:44]   --->   Operation 30 'partselect' 'trunc_ln44_87' <Predicate = true> <Delay = 0.00>
ST_1 : Operation 31 [1/1] (0.00ns)   --->   "%trunc_ln44_88 = partselect i21 @_ssdm_op_PartSelect.i21.i672.i32.i32, i672 %layer9_out_read, i32 567, i32 587" [firmware/nnet_utils/nnet_activation_stream.h:44]   --->   Operation 31 'partselect' 'trunc_ln44_88' <Predicate = true> <Delay = 0.00>
ST_1 : Operation 32 [1/1] (0.00ns)   --->   "%trunc_ln44_89 = partselect i21 @_ssdm_op_PartSelect.i21.i672.i32.i32, i672 %layer9_out_read, i32 588, i32 608" [firmware/nnet_utils/nnet_activation_stream.h:44]   --->   Operation 32 'partselect' 'trunc_ln44_89' <Predicate = true> <Delay = 0.00>
ST_1 : Operation 33 [1/1] (0.00ns)   --->   "%trunc_ln44_90 = partselect i21 @_ssdm_op_PartSelect.i21.i672.i32.i32, i672 %layer9_out_read, i32 609, i32 629" [firmware/nnet_utils/nnet_activation_stream.h:44]   --->   Operation 33 'partselect' 'trunc_ln44_90' <Predicate = true> <Delay = 0.00>
ST_1 : Operation 34 [1/1] (0.00ns)   --->   "%trunc_ln44_91 = partselect i21 @_ssdm_op_PartSelect.i21.i672.i32.i32, i672 %layer9_out_read, i32 630, i32 650" [firmware/nnet_utils/nnet_activation_stream.h:44]   --->   Operation 34 'partselect' 'trunc_ln44_91' <Predicate = true> <Delay = 0.00>
ST_1 : Operation 35 [1/1] (0.00ns)   --->   "%trunc_ln44_92 = partselect i21 @_ssdm_op_PartSelect.i21.i672.i32.i32, i672 %layer9_out_read, i32 651, i32 671" [firmware/nnet_utils/nnet_activation_stream.h:44]   --->   Operation 35 'partselect' 'trunc_ln44_92' <Predicate = true> <Delay = 0.00>
ST_1 : Operation 36 [1/1] (0.90ns)   --->   "%icmp_ln51 = icmp_sgt  i21 %trunc_ln44, i21 0" [firmware/nnet_utils/nnet_activation_stream.h:51]   --->   Operation 36 'icmp' 'icmp_ln51' <Predicate = true> <Delay = 0.90> <CoreInst = "Cmp">   --->   Core 9 'Cmp' <Latency = 0> <II = 1> <Delay = 0.90> <FuncUnit> <Opcode : 'seteq' 'setne' 'setle' 'setge' 'setlt' 'setgt'> <InPorts = 2> <OutPorts = 1>
ST_1 : Operation 37 [1/1] (0.00ns)   --->   "%trunc_ln3 = partselect i13 @_ssdm_op_PartSelect.i13.i672.i32.i32, i672 %layer9_out_read, i32 1, i32 13" [firmware/nnet_utils/nnet_activation_stream.h:52]   --->   Operation 37 'partselect' 'trunc_ln3' <Predicate = true> <Delay = 0.00>
ST_1 : Operation 38 [1/1] (0.00ns)   --->   "%trunc_ln52 = trunc i672 %layer9_out_read" [firmware/nnet_utils/nnet_activation_stream.h:52]   --->   Operation 38 'trunc' 'trunc_ln52' <Predicate = true> <Delay = 0.00>
ST_1 : Operation 39 [1/1] (0.00ns)   --->   "%zext_ln52 = zext i1 %trunc_ln52" [firmware/nnet_utils/nnet_activation_stream.h:52]   --->   Operation 39 'zext' 'zext_ln52' <Predicate = true> <Delay = 0.00>
ST_1 : Operation 40 [1/1] (0.82ns)   --->   "%add_ln52 = add i13 %trunc_ln3, i13 %zext_ln52" [firmware/nnet_utils/nnet_activation_stream.h:52]   --->   Operation 40 'add' 'add_ln52' <Predicate = true> <Delay = 0.82> <CoreInst = "Adder">   --->   Core 1 'Adder' <Latency = 0> <II = 1> <Delay = 0.82> <FuncUnit> <Opcode : 'add' 'sub'> <InPorts = 2> <OutPorts = 1>
ST_1 : Operation 41 [1/1] (0.30ns)   --->   "%out_data_0_0_0_0_0_load = select i1 %icmp_ln51, i13 %add_ln52, i13 0" [firmware/nnet_utils/nnet_activation_stream.h:51]   --->   Operation 41 'select' 'out_data_0_0_0_0_0_load' <Predicate = true> <Delay = 0.30> <CoreInst = "Sel">   --->   Core 73 'Sel' <Latency = 0> <II = 1> <Delay = 0.30> <FuncUnit> <Opcode : 'select'> <InPorts = 3> <OutPorts = 1>
ST_1 : Operation 42 [1/1] (0.90ns)   --->   "%icmp_ln51_64 = icmp_sgt  i21 %trunc_ln44_s, i21 0" [firmware/nnet_utils/nnet_activation_stream.h:51]   --->   Operation 42 'icmp' 'icmp_ln51_64' <Predicate = true> <Delay = 0.90> <CoreInst = "Cmp">   --->   Core 9 'Cmp' <Latency = 0> <II = 1> <Delay = 0.90> <FuncUnit> <Opcode : 'seteq' 'setne' 'setle' 'setge' 'setlt' 'setgt'> <InPorts = 2> <OutPorts = 1>
ST_1 : Operation 43 [1/1] (0.00ns)   --->   "%trunc_ln52_s = partselect i13 @_ssdm_op_PartSelect.i13.i672.i32.i32, i672 %layer9_out_read, i32 22, i32 34" [firmware/nnet_utils/nnet_activation_stream.h:52]   --->   Operation 43 'partselect' 'trunc_ln52_s' <Predicate = true> <Delay = 0.00>
ST_1 : Operation 44 [1/1] (0.00ns)   --->   "%tmp = bitselect i1 @_ssdm_op_BitSelect.i1.i672.i32, i672 %layer9_out_read, i32 21" [firmware/nnet_utils/nnet_activation_stream.h:52]   --->   Operation 44 'bitselect' 'tmp' <Predicate = true> <Delay = 0.00>
ST_1 : Operation 45 [1/1] (0.00ns)   --->   "%zext_ln52_64 = zext i1 %tmp" [firmware/nnet_utils/nnet_activation_stream.h:52]   --->   Operation 45 'zext' 'zext_ln52_64' <Predicate = true> <Delay = 0.00>
ST_1 : Operation 46 [1/1] (0.82ns)   --->   "%add_ln52_64 = add i13 %trunc_ln52_s, i13 %zext_ln52_64" [firmware/nnet_utils/nnet_activation_stream.h:52]   --->   Operation 46 'add' 'add_ln52_64' <Predicate = true> <Delay = 0.82> <CoreInst = "Adder">   --->   Core 1 'Adder' <Latency = 0> <II = 1> <Delay = 0.82> <FuncUnit> <Opcode : 'add' 'sub'> <InPorts = 2> <OutPorts = 1>
ST_1 : Operation 47 [1/1] (0.30ns)   --->   "%out_data_0_1_0_0_0_load = select i1 %icmp_ln51_64, i13 %add_ln52_64, i13 0" [firmware/nnet_utils/nnet_activation_stream.h:51]   --->   Operation 47 'select' 'out_data_0_1_0_0_0_load' <Predicate = true> <Delay = 0.30> <CoreInst = "Sel">   --->   Core 73 'Sel' <Latency = 0> <II = 1> <Delay = 0.30> <FuncUnit> <Opcode : 'select'> <InPorts = 3> <OutPorts = 1>
ST_1 : Operation 48 [1/1] (0.90ns)   --->   "%icmp_ln51_65 = icmp_sgt  i21 %trunc_ln44_63, i21 0" [firmware/nnet_utils/nnet_activation_stream.h:51]   --->   Operation 48 'icmp' 'icmp_ln51_65' <Predicate = true> <Delay = 0.90> <CoreInst = "Cmp">   --->   Core 9 'Cmp' <Latency = 0> <II = 1> <Delay = 0.90> <FuncUnit> <Opcode : 'seteq' 'setne' 'setle' 'setge' 'setlt' 'setgt'> <InPorts = 2> <OutPorts = 1>
ST_1 : Operation 49 [1/1] (0.00ns)   --->   "%trunc_ln52_63 = partselect i13 @_ssdm_op_PartSelect.i13.i672.i32.i32, i672 %layer9_out_read, i32 43, i32 55" [firmware/nnet_utils/nnet_activation_stream.h:52]   --->   Operation 49 'partselect' 'trunc_ln52_63' <Predicate = true> <Delay = 0.00>
ST_1 : Operation 50 [1/1] (0.00ns)   --->   "%tmp_71 = bitselect i1 @_ssdm_op_BitSelect.i1.i672.i32, i672 %layer9_out_read, i32 42" [firmware/nnet_utils/nnet_activation_stream.h:52]   --->   Operation 50 'bitselect' 'tmp_71' <Predicate = true> <Delay = 0.00>
ST_1 : Operation 51 [1/1] (0.00ns)   --->   "%zext_ln52_65 = zext i1 %tmp_71" [firmware/nnet_utils/nnet_activation_stream.h:52]   --->   Operation 51 'zext' 'zext_ln52_65' <Predicate = true> <Delay = 0.00>
ST_1 : Operation 52 [1/1] (0.82ns)   --->   "%add_ln52_65 = add i13 %trunc_ln52_63, i13 %zext_ln52_65" [firmware/nnet_utils/nnet_activation_stream.h:52]   --->   Operation 52 'add' 'add_ln52_65' <Predicate = true> <Delay = 0.82> <CoreInst = "Adder">   --->   Core 1 'Adder' <Latency = 0> <II = 1> <Delay = 0.82> <FuncUnit> <Opcode : 'add' 'sub'> <InPorts = 2> <OutPorts = 1>
ST_1 : Operation 53 [1/1] (0.30ns)   --->   "%out_data_0_2_0_0_0_load = select i1 %icmp_ln51_65, i13 %add_ln52_65, i13 0" [firmware/nnet_utils/nnet_activation_stream.h:51]   --->   Operation 53 'select' 'out_data_0_2_0_0_0_load' <Predicate = true> <Delay = 0.30> <CoreInst = "Sel">   --->   Core 73 'Sel' <Latency = 0> <II = 1> <Delay = 0.30> <FuncUnit> <Opcode : 'select'> <InPorts = 3> <OutPorts = 1>
ST_1 : Operation 54 [1/1] (0.90ns)   --->   "%icmp_ln51_66 = icmp_sgt  i21 %trunc_ln44_64, i21 0" [firmware/nnet_utils/nnet_activation_stream.h:51]   --->   Operation 54 'icmp' 'icmp_ln51_66' <Predicate = true> <Delay = 0.90> <CoreInst = "Cmp">   --->   Core 9 'Cmp' <Latency = 0> <II = 1> <Delay = 0.90> <FuncUnit> <Opcode : 'seteq' 'setne' 'setle' 'setge' 'setlt' 'setgt'> <InPorts = 2> <OutPorts = 1>
ST_1 : Operation 55 [1/1] (0.00ns)   --->   "%trunc_ln52_64 = partselect i13 @_ssdm_op_PartSelect.i13.i672.i32.i32, i672 %layer9_out_read, i32 64, i32 76" [firmware/nnet_utils/nnet_activation_stream.h:52]   --->   Operation 55 'partselect' 'trunc_ln52_64' <Predicate = true> <Delay = 0.00>
ST_1 : Operation 56 [1/1] (0.00ns)   --->   "%tmp_72 = bitselect i1 @_ssdm_op_BitSelect.i1.i672.i32, i672 %layer9_out_read, i32 63" [firmware/nnet_utils/nnet_activation_stream.h:52]   --->   Operation 56 'bitselect' 'tmp_72' <Predicate = true> <Delay = 0.00>
ST_1 : Operation 57 [1/1] (0.00ns)   --->   "%zext_ln52_66 = zext i1 %tmp_72" [firmware/nnet_utils/nnet_activation_stream.h:52]   --->   Operation 57 'zext' 'zext_ln52_66' <Predicate = true> <Delay = 0.00>
ST_1 : Operation 58 [1/1] (0.82ns)   --->   "%add_ln52_66 = add i13 %trunc_ln52_64, i13 %zext_ln52_66" [firmware/nnet_utils/nnet_activation_stream.h:52]   --->   Operation 58 'add' 'add_ln52_66' <Predicate = true> <Delay = 0.82> <CoreInst = "Adder">   --->   Core 1 'Adder' <Latency = 0> <II = 1> <Delay = 0.82> <FuncUnit> <Opcode : 'add' 'sub'> <InPorts = 2> <OutPorts = 1>
ST_1 : Operation 59 [1/1] (0.30ns)   --->   "%out_data_0_3_0_0_0_load = select i1 %icmp_ln51_66, i13 %add_ln52_66, i13 0" [firmware/nnet_utils/nnet_activation_stream.h:51]   --->   Operation 59 'select' 'out_data_0_3_0_0_0_load' <Predicate = true> <Delay = 0.30> <CoreInst = "Sel">   --->   Core 73 'Sel' <Latency = 0> <II = 1> <Delay = 0.30> <FuncUnit> <Opcode : 'select'> <InPorts = 3> <OutPorts = 1>
ST_1 : Operation 60 [1/1] (0.90ns)   --->   "%icmp_ln51_67 = icmp_sgt  i21 %trunc_ln44_65, i21 0" [firmware/nnet_utils/nnet_activation_stream.h:51]   --->   Operation 60 'icmp' 'icmp_ln51_67' <Predicate = true> <Delay = 0.90> <CoreInst = "Cmp">   --->   Core 9 'Cmp' <Latency = 0> <II = 1> <Delay = 0.90> <FuncUnit> <Opcode : 'seteq' 'setne' 'setle' 'setge' 'setlt' 'setgt'> <InPorts = 2> <OutPorts = 1>
ST_1 : Operation 61 [1/1] (0.00ns)   --->   "%trunc_ln52_65 = partselect i13 @_ssdm_op_PartSelect.i13.i672.i32.i32, i672 %layer9_out_read, i32 85, i32 97" [firmware/nnet_utils/nnet_activation_stream.h:52]   --->   Operation 61 'partselect' 'trunc_ln52_65' <Predicate = true> <Delay = 0.00>
ST_1 : Operation 62 [1/1] (0.00ns)   --->   "%tmp_73 = bitselect i1 @_ssdm_op_BitSelect.i1.i672.i32, i672 %layer9_out_read, i32 84" [firmware/nnet_utils/nnet_activation_stream.h:52]   --->   Operation 62 'bitselect' 'tmp_73' <Predicate = true> <Delay = 0.00>
ST_1 : Operation 63 [1/1] (0.00ns)   --->   "%zext_ln52_67 = zext i1 %tmp_73" [firmware/nnet_utils/nnet_activation_stream.h:52]   --->   Operation 63 'zext' 'zext_ln52_67' <Predicate = true> <Delay = 0.00>
ST_1 : Operation 64 [1/1] (0.82ns)   --->   "%add_ln52_67 = add i13 %trunc_ln52_65, i13 %zext_ln52_67" [firmware/nnet_utils/nnet_activation_stream.h:52]   --->   Operation 64 'add' 'add_ln52_67' <Predicate = true> <Delay = 0.82> <CoreInst = "Adder">   --->   Core 1 'Adder' <Latency = 0> <II = 1> <Delay = 0.82> <FuncUnit> <Opcode : 'add' 'sub'> <InPorts = 2> <OutPorts = 1>
ST_1 : Operation 65 [1/1] (0.30ns)   --->   "%out_data_0_4_0_0_0_load = select i1 %icmp_ln51_67, i13 %add_ln52_67, i13 0" [firmware/nnet_utils/nnet_activation_stream.h:51]   --->   Operation 65 'select' 'out_data_0_4_0_0_0_load' <Predicate = true> <Delay = 0.30> <CoreInst = "Sel">   --->   Core 73 'Sel' <Latency = 0> <II = 1> <Delay = 0.30> <FuncUnit> <Opcode : 'select'> <InPorts = 3> <OutPorts = 1>
ST_1 : Operation 66 [1/1] (0.90ns)   --->   "%icmp_ln51_68 = icmp_sgt  i21 %trunc_ln44_66, i21 0" [firmware/nnet_utils/nnet_activation_stream.h:51]   --->   Operation 66 'icmp' 'icmp_ln51_68' <Predicate = true> <Delay = 0.90> <CoreInst = "Cmp">   --->   Core 9 'Cmp' <Latency = 0> <II = 1> <Delay = 0.90> <FuncUnit> <Opcode : 'seteq' 'setne' 'setle' 'setge' 'setlt' 'setgt'> <InPorts = 2> <OutPorts = 1>
ST_1 : Operation 67 [1/1] (0.00ns)   --->   "%trunc_ln52_66 = partselect i13 @_ssdm_op_PartSelect.i13.i672.i32.i32, i672 %layer9_out_read, i32 106, i32 118" [firmware/nnet_utils/nnet_activation_stream.h:52]   --->   Operation 67 'partselect' 'trunc_ln52_66' <Predicate = true> <Delay = 0.00>
ST_1 : Operation 68 [1/1] (0.00ns)   --->   "%tmp_74 = bitselect i1 @_ssdm_op_BitSelect.i1.i672.i32, i672 %layer9_out_read, i32 105" [firmware/nnet_utils/nnet_activation_stream.h:52]   --->   Operation 68 'bitselect' 'tmp_74' <Predicate = true> <Delay = 0.00>
ST_1 : Operation 69 [1/1] (0.00ns)   --->   "%zext_ln52_68 = zext i1 %tmp_74" [firmware/nnet_utils/nnet_activation_stream.h:52]   --->   Operation 69 'zext' 'zext_ln52_68' <Predicate = true> <Delay = 0.00>
ST_1 : Operation 70 [1/1] (0.82ns)   --->   "%add_ln52_68 = add i13 %trunc_ln52_66, i13 %zext_ln52_68" [firmware/nnet_utils/nnet_activation_stream.h:52]   --->   Operation 70 'add' 'add_ln52_68' <Predicate = true> <Delay = 0.82> <CoreInst = "Adder">   --->   Core 1 'Adder' <Latency = 0> <II = 1> <Delay = 0.82> <FuncUnit> <Opcode : 'add' 'sub'> <InPorts = 2> <OutPorts = 1>
ST_1 : Operation 71 [1/1] (0.30ns)   --->   "%out_data_0_5_0_0_0_load = select i1 %icmp_ln51_68, i13 %add_ln52_68, i13 0" [firmware/nnet_utils/nnet_activation_stream.h:51]   --->   Operation 71 'select' 'out_data_0_5_0_0_0_load' <Predicate = true> <Delay = 0.30> <CoreInst = "Sel">   --->   Core 73 'Sel' <Latency = 0> <II = 1> <Delay = 0.30> <FuncUnit> <Opcode : 'select'> <InPorts = 3> <OutPorts = 1>
ST_1 : Operation 72 [1/1] (0.90ns)   --->   "%icmp_ln51_69 = icmp_sgt  i21 %trunc_ln44_67, i21 0" [firmware/nnet_utils/nnet_activation_stream.h:51]   --->   Operation 72 'icmp' 'icmp_ln51_69' <Predicate = true> <Delay = 0.90> <CoreInst = "Cmp">   --->   Core 9 'Cmp' <Latency = 0> <II = 1> <Delay = 0.90> <FuncUnit> <Opcode : 'seteq' 'setne' 'setle' 'setge' 'setlt' 'setgt'> <InPorts = 2> <OutPorts = 1>
ST_1 : Operation 73 [1/1] (0.00ns)   --->   "%trunc_ln52_67 = partselect i13 @_ssdm_op_PartSelect.i13.i672.i32.i32, i672 %layer9_out_read, i32 127, i32 139" [firmware/nnet_utils/nnet_activation_stream.h:52]   --->   Operation 73 'partselect' 'trunc_ln52_67' <Predicate = true> <Delay = 0.00>
ST_1 : Operation 74 [1/1] (0.00ns)   --->   "%tmp_75 = bitselect i1 @_ssdm_op_BitSelect.i1.i672.i32, i672 %layer9_out_read, i32 126" [firmware/nnet_utils/nnet_activation_stream.h:52]   --->   Operation 74 'bitselect' 'tmp_75' <Predicate = true> <Delay = 0.00>
ST_1 : Operation 75 [1/1] (0.00ns)   --->   "%zext_ln52_69 = zext i1 %tmp_75" [firmware/nnet_utils/nnet_activation_stream.h:52]   --->   Operation 75 'zext' 'zext_ln52_69' <Predicate = true> <Delay = 0.00>
ST_1 : Operation 76 [1/1] (0.82ns)   --->   "%add_ln52_69 = add i13 %trunc_ln52_67, i13 %zext_ln52_69" [firmware/nnet_utils/nnet_activation_stream.h:52]   --->   Operation 76 'add' 'add_ln52_69' <Predicate = true> <Delay = 0.82> <CoreInst = "Adder">   --->   Core 1 'Adder' <Latency = 0> <II = 1> <Delay = 0.82> <FuncUnit> <Opcode : 'add' 'sub'> <InPorts = 2> <OutPorts = 1>
ST_1 : Operation 77 [1/1] (0.30ns)   --->   "%out_data_0_6_0_0_0_load = select i1 %icmp_ln51_69, i13 %add_ln52_69, i13 0" [firmware/nnet_utils/nnet_activation_stream.h:51]   --->   Operation 77 'select' 'out_data_0_6_0_0_0_load' <Predicate = true> <Delay = 0.30> <CoreInst = "Sel">   --->   Core 73 'Sel' <Latency = 0> <II = 1> <Delay = 0.30> <FuncUnit> <Opcode : 'select'> <InPorts = 3> <OutPorts = 1>
ST_1 : Operation 78 [1/1] (0.90ns)   --->   "%icmp_ln51_70 = icmp_sgt  i21 %trunc_ln44_68, i21 0" [firmware/nnet_utils/nnet_activation_stream.h:51]   --->   Operation 78 'icmp' 'icmp_ln51_70' <Predicate = true> <Delay = 0.90> <CoreInst = "Cmp">   --->   Core 9 'Cmp' <Latency = 0> <II = 1> <Delay = 0.90> <FuncUnit> <Opcode : 'seteq' 'setne' 'setle' 'setge' 'setlt' 'setgt'> <InPorts = 2> <OutPorts = 1>
ST_1 : Operation 79 [1/1] (0.00ns)   --->   "%trunc_ln52_68 = partselect i13 @_ssdm_op_PartSelect.i13.i672.i32.i32, i672 %layer9_out_read, i32 148, i32 160" [firmware/nnet_utils/nnet_activation_stream.h:52]   --->   Operation 79 'partselect' 'trunc_ln52_68' <Predicate = true> <Delay = 0.00>
ST_1 : Operation 80 [1/1] (0.00ns)   --->   "%tmp_76 = bitselect i1 @_ssdm_op_BitSelect.i1.i672.i32, i672 %layer9_out_read, i32 147" [firmware/nnet_utils/nnet_activation_stream.h:52]   --->   Operation 80 'bitselect' 'tmp_76' <Predicate = true> <Delay = 0.00>
ST_1 : Operation 81 [1/1] (0.00ns)   --->   "%zext_ln52_70 = zext i1 %tmp_76" [firmware/nnet_utils/nnet_activation_stream.h:52]   --->   Operation 81 'zext' 'zext_ln52_70' <Predicate = true> <Delay = 0.00>
ST_1 : Operation 82 [1/1] (0.82ns)   --->   "%add_ln52_70 = add i13 %trunc_ln52_68, i13 %zext_ln52_70" [firmware/nnet_utils/nnet_activation_stream.h:52]   --->   Operation 82 'add' 'add_ln52_70' <Predicate = true> <Delay = 0.82> <CoreInst = "Adder">   --->   Core 1 'Adder' <Latency = 0> <II = 1> <Delay = 0.82> <FuncUnit> <Opcode : 'add' 'sub'> <InPorts = 2> <OutPorts = 1>
ST_1 : Operation 83 [1/1] (0.30ns)   --->   "%out_data_0_7_0_0_0_load = select i1 %icmp_ln51_70, i13 %add_ln52_70, i13 0" [firmware/nnet_utils/nnet_activation_stream.h:51]   --->   Operation 83 'select' 'out_data_0_7_0_0_0_load' <Predicate = true> <Delay = 0.30> <CoreInst = "Sel">   --->   Core 73 'Sel' <Latency = 0> <II = 1> <Delay = 0.30> <FuncUnit> <Opcode : 'select'> <InPorts = 3> <OutPorts = 1>
ST_1 : Operation 84 [1/1] (0.90ns)   --->   "%icmp_ln51_71 = icmp_sgt  i21 %trunc_ln44_69, i21 0" [firmware/nnet_utils/nnet_activation_stream.h:51]   --->   Operation 84 'icmp' 'icmp_ln51_71' <Predicate = true> <Delay = 0.90> <CoreInst = "Cmp">   --->   Core 9 'Cmp' <Latency = 0> <II = 1> <Delay = 0.90> <FuncUnit> <Opcode : 'seteq' 'setne' 'setle' 'setge' 'setlt' 'setgt'> <InPorts = 2> <OutPorts = 1>
ST_1 : Operation 85 [1/1] (0.00ns)   --->   "%trunc_ln52_69 = partselect i13 @_ssdm_op_PartSelect.i13.i672.i32.i32, i672 %layer9_out_read, i32 169, i32 181" [firmware/nnet_utils/nnet_activation_stream.h:52]   --->   Operation 85 'partselect' 'trunc_ln52_69' <Predicate = true> <Delay = 0.00>
ST_1 : Operation 86 [1/1] (0.00ns)   --->   "%tmp_77 = bitselect i1 @_ssdm_op_BitSelect.i1.i672.i32, i672 %layer9_out_read, i32 168" [firmware/nnet_utils/nnet_activation_stream.h:52]   --->   Operation 86 'bitselect' 'tmp_77' <Predicate = true> <Delay = 0.00>
ST_1 : Operation 87 [1/1] (0.00ns)   --->   "%zext_ln52_71 = zext i1 %tmp_77" [firmware/nnet_utils/nnet_activation_stream.h:52]   --->   Operation 87 'zext' 'zext_ln52_71' <Predicate = true> <Delay = 0.00>
ST_1 : Operation 88 [1/1] (0.82ns)   --->   "%add_ln52_71 = add i13 %trunc_ln52_69, i13 %zext_ln52_71" [firmware/nnet_utils/nnet_activation_stream.h:52]   --->   Operation 88 'add' 'add_ln52_71' <Predicate = true> <Delay = 0.82> <CoreInst = "Adder">   --->   Core 1 'Adder' <Latency = 0> <II = 1> <Delay = 0.82> <FuncUnit> <Opcode : 'add' 'sub'> <InPorts = 2> <OutPorts = 1>
ST_1 : Operation 89 [1/1] (0.30ns)   --->   "%out_data_0_8_0_0_0_load = select i1 %icmp_ln51_71, i13 %add_ln52_71, i13 0" [firmware/nnet_utils/nnet_activation_stream.h:51]   --->   Operation 89 'select' 'out_data_0_8_0_0_0_load' <Predicate = true> <Delay = 0.30> <CoreInst = "Sel">   --->   Core 73 'Sel' <Latency = 0> <II = 1> <Delay = 0.30> <FuncUnit> <Opcode : 'select'> <InPorts = 3> <OutPorts = 1>
ST_1 : Operation 90 [1/1] (0.90ns)   --->   "%icmp_ln51_72 = icmp_sgt  i21 %trunc_ln44_70, i21 0" [firmware/nnet_utils/nnet_activation_stream.h:51]   --->   Operation 90 'icmp' 'icmp_ln51_72' <Predicate = true> <Delay = 0.90> <CoreInst = "Cmp">   --->   Core 9 'Cmp' <Latency = 0> <II = 1> <Delay = 0.90> <FuncUnit> <Opcode : 'seteq' 'setne' 'setle' 'setge' 'setlt' 'setgt'> <InPorts = 2> <OutPorts = 1>
ST_1 : Operation 91 [1/1] (0.00ns)   --->   "%trunc_ln52_70 = partselect i13 @_ssdm_op_PartSelect.i13.i672.i32.i32, i672 %layer9_out_read, i32 190, i32 202" [firmware/nnet_utils/nnet_activation_stream.h:52]   --->   Operation 91 'partselect' 'trunc_ln52_70' <Predicate = true> <Delay = 0.00>
ST_1 : Operation 92 [1/1] (0.00ns)   --->   "%tmp_78 = bitselect i1 @_ssdm_op_BitSelect.i1.i672.i32, i672 %layer9_out_read, i32 189" [firmware/nnet_utils/nnet_activation_stream.h:52]   --->   Operation 92 'bitselect' 'tmp_78' <Predicate = true> <Delay = 0.00>
ST_1 : Operation 93 [1/1] (0.00ns)   --->   "%zext_ln52_72 = zext i1 %tmp_78" [firmware/nnet_utils/nnet_activation_stream.h:52]   --->   Operation 93 'zext' 'zext_ln52_72' <Predicate = true> <Delay = 0.00>
ST_1 : Operation 94 [1/1] (0.82ns)   --->   "%add_ln52_72 = add i13 %trunc_ln52_70, i13 %zext_ln52_72" [firmware/nnet_utils/nnet_activation_stream.h:52]   --->   Operation 94 'add' 'add_ln52_72' <Predicate = true> <Delay = 0.82> <CoreInst = "Adder">   --->   Core 1 'Adder' <Latency = 0> <II = 1> <Delay = 0.82> <FuncUnit> <Opcode : 'add' 'sub'> <InPorts = 2> <OutPorts = 1>
ST_1 : Operation 95 [1/1] (0.30ns)   --->   "%out_data_0_9_0_0_0_load = select i1 %icmp_ln51_72, i13 %add_ln52_72, i13 0" [firmware/nnet_utils/nnet_activation_stream.h:51]   --->   Operation 95 'select' 'out_data_0_9_0_0_0_load' <Predicate = true> <Delay = 0.30> <CoreInst = "Sel">   --->   Core 73 'Sel' <Latency = 0> <II = 1> <Delay = 0.30> <FuncUnit> <Opcode : 'select'> <InPorts = 3> <OutPorts = 1>
ST_1 : Operation 96 [1/1] (0.90ns)   --->   "%icmp_ln51_73 = icmp_sgt  i21 %trunc_ln44_71, i21 0" [firmware/nnet_utils/nnet_activation_stream.h:51]   --->   Operation 96 'icmp' 'icmp_ln51_73' <Predicate = true> <Delay = 0.90> <CoreInst = "Cmp">   --->   Core 9 'Cmp' <Latency = 0> <II = 1> <Delay = 0.90> <FuncUnit> <Opcode : 'seteq' 'setne' 'setle' 'setge' 'setlt' 'setgt'> <InPorts = 2> <OutPorts = 1>
ST_1 : Operation 97 [1/1] (0.00ns)   --->   "%trunc_ln52_71 = partselect i13 @_ssdm_op_PartSelect.i13.i672.i32.i32, i672 %layer9_out_read, i32 211, i32 223" [firmware/nnet_utils/nnet_activation_stream.h:52]   --->   Operation 97 'partselect' 'trunc_ln52_71' <Predicate = true> <Delay = 0.00>
ST_1 : Operation 98 [1/1] (0.00ns)   --->   "%tmp_79 = bitselect i1 @_ssdm_op_BitSelect.i1.i672.i32, i672 %layer9_out_read, i32 210" [firmware/nnet_utils/nnet_activation_stream.h:52]   --->   Operation 98 'bitselect' 'tmp_79' <Predicate = true> <Delay = 0.00>
ST_1 : Operation 99 [1/1] (0.00ns)   --->   "%zext_ln52_73 = zext i1 %tmp_79" [firmware/nnet_utils/nnet_activation_stream.h:52]   --->   Operation 99 'zext' 'zext_ln52_73' <Predicate = true> <Delay = 0.00>
ST_1 : Operation 100 [1/1] (0.82ns)   --->   "%add_ln52_73 = add i13 %trunc_ln52_71, i13 %zext_ln52_73" [firmware/nnet_utils/nnet_activation_stream.h:52]   --->   Operation 100 'add' 'add_ln52_73' <Predicate = true> <Delay = 0.82> <CoreInst = "Adder">   --->   Core 1 'Adder' <Latency = 0> <II = 1> <Delay = 0.82> <FuncUnit> <Opcode : 'add' 'sub'> <InPorts = 2> <OutPorts = 1>
ST_1 : Operation 101 [1/1] (0.30ns)   --->   "%out_data_0_10_0_0_0_load = select i1 %icmp_ln51_73, i13 %add_ln52_73, i13 0" [firmware/nnet_utils/nnet_activation_stream.h:51]   --->   Operation 101 'select' 'out_data_0_10_0_0_0_load' <Predicate = true> <Delay = 0.30> <CoreInst = "Sel">   --->   Core 73 'Sel' <Latency = 0> <II = 1> <Delay = 0.30> <FuncUnit> <Opcode : 'select'> <InPorts = 3> <OutPorts = 1>
ST_1 : Operation 102 [1/1] (0.90ns)   --->   "%icmp_ln51_74 = icmp_sgt  i21 %trunc_ln44_72, i21 0" [firmware/nnet_utils/nnet_activation_stream.h:51]   --->   Operation 102 'icmp' 'icmp_ln51_74' <Predicate = true> <Delay = 0.90> <CoreInst = "Cmp">   --->   Core 9 'Cmp' <Latency = 0> <II = 1> <Delay = 0.90> <FuncUnit> <Opcode : 'seteq' 'setne' 'setle' 'setge' 'setlt' 'setgt'> <InPorts = 2> <OutPorts = 1>
ST_1 : Operation 103 [1/1] (0.00ns)   --->   "%trunc_ln52_72 = partselect i13 @_ssdm_op_PartSelect.i13.i672.i32.i32, i672 %layer9_out_read, i32 232, i32 244" [firmware/nnet_utils/nnet_activation_stream.h:52]   --->   Operation 103 'partselect' 'trunc_ln52_72' <Predicate = true> <Delay = 0.00>
ST_1 : Operation 104 [1/1] (0.00ns)   --->   "%tmp_80 = bitselect i1 @_ssdm_op_BitSelect.i1.i672.i32, i672 %layer9_out_read, i32 231" [firmware/nnet_utils/nnet_activation_stream.h:52]   --->   Operation 104 'bitselect' 'tmp_80' <Predicate = true> <Delay = 0.00>
ST_1 : Operation 105 [1/1] (0.00ns)   --->   "%zext_ln52_74 = zext i1 %tmp_80" [firmware/nnet_utils/nnet_activation_stream.h:52]   --->   Operation 105 'zext' 'zext_ln52_74' <Predicate = true> <Delay = 0.00>
ST_1 : Operation 106 [1/1] (0.82ns)   --->   "%add_ln52_74 = add i13 %trunc_ln52_72, i13 %zext_ln52_74" [firmware/nnet_utils/nnet_activation_stream.h:52]   --->   Operation 106 'add' 'add_ln52_74' <Predicate = true> <Delay = 0.82> <CoreInst = "Adder">   --->   Core 1 'Adder' <Latency = 0> <II = 1> <Delay = 0.82> <FuncUnit> <Opcode : 'add' 'sub'> <InPorts = 2> <OutPorts = 1>
ST_1 : Operation 107 [1/1] (0.30ns)   --->   "%out_data_0_11_0_0_0_load = select i1 %icmp_ln51_74, i13 %add_ln52_74, i13 0" [firmware/nnet_utils/nnet_activation_stream.h:51]   --->   Operation 107 'select' 'out_data_0_11_0_0_0_load' <Predicate = true> <Delay = 0.30> <CoreInst = "Sel">   --->   Core 73 'Sel' <Latency = 0> <II = 1> <Delay = 0.30> <FuncUnit> <Opcode : 'select'> <InPorts = 3> <OutPorts = 1>
ST_1 : Operation 108 [1/1] (0.90ns)   --->   "%icmp_ln51_75 = icmp_sgt  i21 %trunc_ln44_73, i21 0" [firmware/nnet_utils/nnet_activation_stream.h:51]   --->   Operation 108 'icmp' 'icmp_ln51_75' <Predicate = true> <Delay = 0.90> <CoreInst = "Cmp">   --->   Core 9 'Cmp' <Latency = 0> <II = 1> <Delay = 0.90> <FuncUnit> <Opcode : 'seteq' 'setne' 'setle' 'setge' 'setlt' 'setgt'> <InPorts = 2> <OutPorts = 1>
ST_1 : Operation 109 [1/1] (0.00ns)   --->   "%trunc_ln52_73 = partselect i13 @_ssdm_op_PartSelect.i13.i672.i32.i32, i672 %layer9_out_read, i32 253, i32 265" [firmware/nnet_utils/nnet_activation_stream.h:52]   --->   Operation 109 'partselect' 'trunc_ln52_73' <Predicate = true> <Delay = 0.00>
ST_1 : Operation 110 [1/1] (0.00ns)   --->   "%tmp_81 = bitselect i1 @_ssdm_op_BitSelect.i1.i672.i32, i672 %layer9_out_read, i32 252" [firmware/nnet_utils/nnet_activation_stream.h:52]   --->   Operation 110 'bitselect' 'tmp_81' <Predicate = true> <Delay = 0.00>
ST_1 : Operation 111 [1/1] (0.00ns)   --->   "%zext_ln52_75 = zext i1 %tmp_81" [firmware/nnet_utils/nnet_activation_stream.h:52]   --->   Operation 111 'zext' 'zext_ln52_75' <Predicate = true> <Delay = 0.00>
ST_1 : Operation 112 [1/1] (0.82ns)   --->   "%add_ln52_75 = add i13 %trunc_ln52_73, i13 %zext_ln52_75" [firmware/nnet_utils/nnet_activation_stream.h:52]   --->   Operation 112 'add' 'add_ln52_75' <Predicate = true> <Delay = 0.82> <CoreInst = "Adder">   --->   Core 1 'Adder' <Latency = 0> <II = 1> <Delay = 0.82> <FuncUnit> <Opcode : 'add' 'sub'> <InPorts = 2> <OutPorts = 1>
ST_1 : Operation 113 [1/1] (0.30ns)   --->   "%out_data_0_12_0_0_0_load = select i1 %icmp_ln51_75, i13 %add_ln52_75, i13 0" [firmware/nnet_utils/nnet_activation_stream.h:51]   --->   Operation 113 'select' 'out_data_0_12_0_0_0_load' <Predicate = true> <Delay = 0.30> <CoreInst = "Sel">   --->   Core 73 'Sel' <Latency = 0> <II = 1> <Delay = 0.30> <FuncUnit> <Opcode : 'select'> <InPorts = 3> <OutPorts = 1>
ST_1 : Operation 114 [1/1] (0.90ns)   --->   "%icmp_ln51_76 = icmp_sgt  i21 %trunc_ln44_74, i21 0" [firmware/nnet_utils/nnet_activation_stream.h:51]   --->   Operation 114 'icmp' 'icmp_ln51_76' <Predicate = true> <Delay = 0.90> <CoreInst = "Cmp">   --->   Core 9 'Cmp' <Latency = 0> <II = 1> <Delay = 0.90> <FuncUnit> <Opcode : 'seteq' 'setne' 'setle' 'setge' 'setlt' 'setgt'> <InPorts = 2> <OutPorts = 1>
ST_1 : Operation 115 [1/1] (0.00ns)   --->   "%trunc_ln52_74 = partselect i13 @_ssdm_op_PartSelect.i13.i672.i32.i32, i672 %layer9_out_read, i32 274, i32 286" [firmware/nnet_utils/nnet_activation_stream.h:52]   --->   Operation 115 'partselect' 'trunc_ln52_74' <Predicate = true> <Delay = 0.00>
ST_1 : Operation 116 [1/1] (0.00ns)   --->   "%tmp_82 = bitselect i1 @_ssdm_op_BitSelect.i1.i672.i32, i672 %layer9_out_read, i32 273" [firmware/nnet_utils/nnet_activation_stream.h:52]   --->   Operation 116 'bitselect' 'tmp_82' <Predicate = true> <Delay = 0.00>
ST_1 : Operation 117 [1/1] (0.00ns)   --->   "%zext_ln52_76 = zext i1 %tmp_82" [firmware/nnet_utils/nnet_activation_stream.h:52]   --->   Operation 117 'zext' 'zext_ln52_76' <Predicate = true> <Delay = 0.00>
ST_1 : Operation 118 [1/1] (0.82ns)   --->   "%add_ln52_76 = add i13 %trunc_ln52_74, i13 %zext_ln52_76" [firmware/nnet_utils/nnet_activation_stream.h:52]   --->   Operation 118 'add' 'add_ln52_76' <Predicate = true> <Delay = 0.82> <CoreInst = "Adder">   --->   Core 1 'Adder' <Latency = 0> <II = 1> <Delay = 0.82> <FuncUnit> <Opcode : 'add' 'sub'> <InPorts = 2> <OutPorts = 1>
ST_1 : Operation 119 [1/1] (0.30ns)   --->   "%out_data_0_13_0_0_0_load = select i1 %icmp_ln51_76, i13 %add_ln52_76, i13 0" [firmware/nnet_utils/nnet_activation_stream.h:51]   --->   Operation 119 'select' 'out_data_0_13_0_0_0_load' <Predicate = true> <Delay = 0.30> <CoreInst = "Sel">   --->   Core 73 'Sel' <Latency = 0> <II = 1> <Delay = 0.30> <FuncUnit> <Opcode : 'select'> <InPorts = 3> <OutPorts = 1>
ST_1 : Operation 120 [1/1] (0.90ns)   --->   "%icmp_ln51_77 = icmp_sgt  i21 %trunc_ln44_75, i21 0" [firmware/nnet_utils/nnet_activation_stream.h:51]   --->   Operation 120 'icmp' 'icmp_ln51_77' <Predicate = true> <Delay = 0.90> <CoreInst = "Cmp">   --->   Core 9 'Cmp' <Latency = 0> <II = 1> <Delay = 0.90> <FuncUnit> <Opcode : 'seteq' 'setne' 'setle' 'setge' 'setlt' 'setgt'> <InPorts = 2> <OutPorts = 1>
ST_1 : Operation 121 [1/1] (0.00ns)   --->   "%trunc_ln52_75 = partselect i13 @_ssdm_op_PartSelect.i13.i672.i32.i32, i672 %layer9_out_read, i32 295, i32 307" [firmware/nnet_utils/nnet_activation_stream.h:52]   --->   Operation 121 'partselect' 'trunc_ln52_75' <Predicate = true> <Delay = 0.00>
ST_1 : Operation 122 [1/1] (0.00ns)   --->   "%tmp_83 = bitselect i1 @_ssdm_op_BitSelect.i1.i672.i32, i672 %layer9_out_read, i32 294" [firmware/nnet_utils/nnet_activation_stream.h:52]   --->   Operation 122 'bitselect' 'tmp_83' <Predicate = true> <Delay = 0.00>
ST_1 : Operation 123 [1/1] (0.00ns)   --->   "%zext_ln52_77 = zext i1 %tmp_83" [firmware/nnet_utils/nnet_activation_stream.h:52]   --->   Operation 123 'zext' 'zext_ln52_77' <Predicate = true> <Delay = 0.00>
ST_1 : Operation 124 [1/1] (0.82ns)   --->   "%add_ln52_77 = add i13 %trunc_ln52_75, i13 %zext_ln52_77" [firmware/nnet_utils/nnet_activation_stream.h:52]   --->   Operation 124 'add' 'add_ln52_77' <Predicate = true> <Delay = 0.82> <CoreInst = "Adder">   --->   Core 1 'Adder' <Latency = 0> <II = 1> <Delay = 0.82> <FuncUnit> <Opcode : 'add' 'sub'> <InPorts = 2> <OutPorts = 1>
ST_1 : Operation 125 [1/1] (0.30ns)   --->   "%out_data_0_14_0_0_0_load = select i1 %icmp_ln51_77, i13 %add_ln52_77, i13 0" [firmware/nnet_utils/nnet_activation_stream.h:51]   --->   Operation 125 'select' 'out_data_0_14_0_0_0_load' <Predicate = true> <Delay = 0.30> <CoreInst = "Sel">   --->   Core 73 'Sel' <Latency = 0> <II = 1> <Delay = 0.30> <FuncUnit> <Opcode : 'select'> <InPorts = 3> <OutPorts = 1>
ST_1 : Operation 126 [1/1] (0.90ns)   --->   "%icmp_ln51_78 = icmp_sgt  i21 %trunc_ln44_76, i21 0" [firmware/nnet_utils/nnet_activation_stream.h:51]   --->   Operation 126 'icmp' 'icmp_ln51_78' <Predicate = true> <Delay = 0.90> <CoreInst = "Cmp">   --->   Core 9 'Cmp' <Latency = 0> <II = 1> <Delay = 0.90> <FuncUnit> <Opcode : 'seteq' 'setne' 'setle' 'setge' 'setlt' 'setgt'> <InPorts = 2> <OutPorts = 1>
ST_1 : Operation 127 [1/1] (0.00ns)   --->   "%trunc_ln52_76 = partselect i13 @_ssdm_op_PartSelect.i13.i672.i32.i32, i672 %layer9_out_read, i32 316, i32 328" [firmware/nnet_utils/nnet_activation_stream.h:52]   --->   Operation 127 'partselect' 'trunc_ln52_76' <Predicate = true> <Delay = 0.00>
ST_1 : Operation 128 [1/1] (0.00ns)   --->   "%tmp_84 = bitselect i1 @_ssdm_op_BitSelect.i1.i672.i32, i672 %layer9_out_read, i32 315" [firmware/nnet_utils/nnet_activation_stream.h:52]   --->   Operation 128 'bitselect' 'tmp_84' <Predicate = true> <Delay = 0.00>
ST_1 : Operation 129 [1/1] (0.00ns)   --->   "%zext_ln52_78 = zext i1 %tmp_84" [firmware/nnet_utils/nnet_activation_stream.h:52]   --->   Operation 129 'zext' 'zext_ln52_78' <Predicate = true> <Delay = 0.00>
ST_1 : Operation 130 [1/1] (0.82ns)   --->   "%add_ln52_78 = add i13 %trunc_ln52_76, i13 %zext_ln52_78" [firmware/nnet_utils/nnet_activation_stream.h:52]   --->   Operation 130 'add' 'add_ln52_78' <Predicate = true> <Delay = 0.82> <CoreInst = "Adder">   --->   Core 1 'Adder' <Latency = 0> <II = 1> <Delay = 0.82> <FuncUnit> <Opcode : 'add' 'sub'> <InPorts = 2> <OutPorts = 1>
ST_1 : Operation 131 [1/1] (0.30ns)   --->   "%out_data_0_15_0_0_0_load = select i1 %icmp_ln51_78, i13 %add_ln52_78, i13 0" [firmware/nnet_utils/nnet_activation_stream.h:51]   --->   Operation 131 'select' 'out_data_0_15_0_0_0_load' <Predicate = true> <Delay = 0.30> <CoreInst = "Sel">   --->   Core 73 'Sel' <Latency = 0> <II = 1> <Delay = 0.30> <FuncUnit> <Opcode : 'select'> <InPorts = 3> <OutPorts = 1>
ST_1 : Operation 132 [1/1] (0.90ns)   --->   "%icmp_ln51_79 = icmp_sgt  i21 %trunc_ln44_77, i21 0" [firmware/nnet_utils/nnet_activation_stream.h:51]   --->   Operation 132 'icmp' 'icmp_ln51_79' <Predicate = true> <Delay = 0.90> <CoreInst = "Cmp">   --->   Core 9 'Cmp' <Latency = 0> <II = 1> <Delay = 0.90> <FuncUnit> <Opcode : 'seteq' 'setne' 'setle' 'setge' 'setlt' 'setgt'> <InPorts = 2> <OutPorts = 1>
ST_1 : Operation 133 [1/1] (0.00ns)   --->   "%trunc_ln52_77 = partselect i13 @_ssdm_op_PartSelect.i13.i672.i32.i32, i672 %layer9_out_read, i32 337, i32 349" [firmware/nnet_utils/nnet_activation_stream.h:52]   --->   Operation 133 'partselect' 'trunc_ln52_77' <Predicate = true> <Delay = 0.00>
ST_1 : Operation 134 [1/1] (0.00ns)   --->   "%tmp_85 = bitselect i1 @_ssdm_op_BitSelect.i1.i672.i32, i672 %layer9_out_read, i32 336" [firmware/nnet_utils/nnet_activation_stream.h:52]   --->   Operation 134 'bitselect' 'tmp_85' <Predicate = true> <Delay = 0.00>
ST_1 : Operation 135 [1/1] (0.00ns)   --->   "%zext_ln52_79 = zext i1 %tmp_85" [firmware/nnet_utils/nnet_activation_stream.h:52]   --->   Operation 135 'zext' 'zext_ln52_79' <Predicate = true> <Delay = 0.00>
ST_1 : Operation 136 [1/1] (0.82ns)   --->   "%add_ln52_79 = add i13 %trunc_ln52_77, i13 %zext_ln52_79" [firmware/nnet_utils/nnet_activation_stream.h:52]   --->   Operation 136 'add' 'add_ln52_79' <Predicate = true> <Delay = 0.82> <CoreInst = "Adder">   --->   Core 1 'Adder' <Latency = 0> <II = 1> <Delay = 0.82> <FuncUnit> <Opcode : 'add' 'sub'> <InPorts = 2> <OutPorts = 1>
ST_1 : Operation 137 [1/1] (0.30ns)   --->   "%out_data_0_16_0_0_0_load = select i1 %icmp_ln51_79, i13 %add_ln52_79, i13 0" [firmware/nnet_utils/nnet_activation_stream.h:51]   --->   Operation 137 'select' 'out_data_0_16_0_0_0_load' <Predicate = true> <Delay = 0.30> <CoreInst = "Sel">   --->   Core 73 'Sel' <Latency = 0> <II = 1> <Delay = 0.30> <FuncUnit> <Opcode : 'select'> <InPorts = 3> <OutPorts = 1>
ST_1 : Operation 138 [1/1] (0.90ns)   --->   "%icmp_ln51_80 = icmp_sgt  i21 %trunc_ln44_78, i21 0" [firmware/nnet_utils/nnet_activation_stream.h:51]   --->   Operation 138 'icmp' 'icmp_ln51_80' <Predicate = true> <Delay = 0.90> <CoreInst = "Cmp">   --->   Core 9 'Cmp' <Latency = 0> <II = 1> <Delay = 0.90> <FuncUnit> <Opcode : 'seteq' 'setne' 'setle' 'setge' 'setlt' 'setgt'> <InPorts = 2> <OutPorts = 1>
ST_1 : Operation 139 [1/1] (0.00ns)   --->   "%trunc_ln52_78 = partselect i13 @_ssdm_op_PartSelect.i13.i672.i32.i32, i672 %layer9_out_read, i32 358, i32 370" [firmware/nnet_utils/nnet_activation_stream.h:52]   --->   Operation 139 'partselect' 'trunc_ln52_78' <Predicate = true> <Delay = 0.00>
ST_1 : Operation 140 [1/1] (0.00ns)   --->   "%tmp_86 = bitselect i1 @_ssdm_op_BitSelect.i1.i672.i32, i672 %layer9_out_read, i32 357" [firmware/nnet_utils/nnet_activation_stream.h:52]   --->   Operation 140 'bitselect' 'tmp_86' <Predicate = true> <Delay = 0.00>
ST_1 : Operation 141 [1/1] (0.00ns)   --->   "%zext_ln52_80 = zext i1 %tmp_86" [firmware/nnet_utils/nnet_activation_stream.h:52]   --->   Operation 141 'zext' 'zext_ln52_80' <Predicate = true> <Delay = 0.00>
ST_1 : Operation 142 [1/1] (0.82ns)   --->   "%add_ln52_80 = add i13 %trunc_ln52_78, i13 %zext_ln52_80" [firmware/nnet_utils/nnet_activation_stream.h:52]   --->   Operation 142 'add' 'add_ln52_80' <Predicate = true> <Delay = 0.82> <CoreInst = "Adder">   --->   Core 1 'Adder' <Latency = 0> <II = 1> <Delay = 0.82> <FuncUnit> <Opcode : 'add' 'sub'> <InPorts = 2> <OutPorts = 1>
ST_1 : Operation 143 [1/1] (0.30ns)   --->   "%out_data_0_17_0_0_0_load = select i1 %icmp_ln51_80, i13 %add_ln52_80, i13 0" [firmware/nnet_utils/nnet_activation_stream.h:51]   --->   Operation 143 'select' 'out_data_0_17_0_0_0_load' <Predicate = true> <Delay = 0.30> <CoreInst = "Sel">   --->   Core 73 'Sel' <Latency = 0> <II = 1> <Delay = 0.30> <FuncUnit> <Opcode : 'select'> <InPorts = 3> <OutPorts = 1>
ST_1 : Operation 144 [1/1] (0.90ns)   --->   "%icmp_ln51_81 = icmp_sgt  i21 %trunc_ln44_79, i21 0" [firmware/nnet_utils/nnet_activation_stream.h:51]   --->   Operation 144 'icmp' 'icmp_ln51_81' <Predicate = true> <Delay = 0.90> <CoreInst = "Cmp">   --->   Core 9 'Cmp' <Latency = 0> <II = 1> <Delay = 0.90> <FuncUnit> <Opcode : 'seteq' 'setne' 'setle' 'setge' 'setlt' 'setgt'> <InPorts = 2> <OutPorts = 1>
ST_1 : Operation 145 [1/1] (0.00ns)   --->   "%trunc_ln52_79 = partselect i13 @_ssdm_op_PartSelect.i13.i672.i32.i32, i672 %layer9_out_read, i32 379, i32 391" [firmware/nnet_utils/nnet_activation_stream.h:52]   --->   Operation 145 'partselect' 'trunc_ln52_79' <Predicate = true> <Delay = 0.00>
ST_1 : Operation 146 [1/1] (0.00ns)   --->   "%tmp_87 = bitselect i1 @_ssdm_op_BitSelect.i1.i672.i32, i672 %layer9_out_read, i32 378" [firmware/nnet_utils/nnet_activation_stream.h:52]   --->   Operation 146 'bitselect' 'tmp_87' <Predicate = true> <Delay = 0.00>
ST_1 : Operation 147 [1/1] (0.00ns)   --->   "%zext_ln52_81 = zext i1 %tmp_87" [firmware/nnet_utils/nnet_activation_stream.h:52]   --->   Operation 147 'zext' 'zext_ln52_81' <Predicate = true> <Delay = 0.00>
ST_1 : Operation 148 [1/1] (0.82ns)   --->   "%add_ln52_81 = add i13 %trunc_ln52_79, i13 %zext_ln52_81" [firmware/nnet_utils/nnet_activation_stream.h:52]   --->   Operation 148 'add' 'add_ln52_81' <Predicate = true> <Delay = 0.82> <CoreInst = "Adder">   --->   Core 1 'Adder' <Latency = 0> <II = 1> <Delay = 0.82> <FuncUnit> <Opcode : 'add' 'sub'> <InPorts = 2> <OutPorts = 1>
ST_1 : Operation 149 [1/1] (0.30ns)   --->   "%out_data_0_18_0_0_0_load = select i1 %icmp_ln51_81, i13 %add_ln52_81, i13 0" [firmware/nnet_utils/nnet_activation_stream.h:51]   --->   Operation 149 'select' 'out_data_0_18_0_0_0_load' <Predicate = true> <Delay = 0.30> <CoreInst = "Sel">   --->   Core 73 'Sel' <Latency = 0> <II = 1> <Delay = 0.30> <FuncUnit> <Opcode : 'select'> <InPorts = 3> <OutPorts = 1>
ST_1 : Operation 150 [1/1] (0.90ns)   --->   "%icmp_ln51_82 = icmp_sgt  i21 %trunc_ln44_80, i21 0" [firmware/nnet_utils/nnet_activation_stream.h:51]   --->   Operation 150 'icmp' 'icmp_ln51_82' <Predicate = true> <Delay = 0.90> <CoreInst = "Cmp">   --->   Core 9 'Cmp' <Latency = 0> <II = 1> <Delay = 0.90> <FuncUnit> <Opcode : 'seteq' 'setne' 'setle' 'setge' 'setlt' 'setgt'> <InPorts = 2> <OutPorts = 1>
ST_1 : Operation 151 [1/1] (0.00ns)   --->   "%trunc_ln52_80 = partselect i13 @_ssdm_op_PartSelect.i13.i672.i32.i32, i672 %layer9_out_read, i32 400, i32 412" [firmware/nnet_utils/nnet_activation_stream.h:52]   --->   Operation 151 'partselect' 'trunc_ln52_80' <Predicate = true> <Delay = 0.00>
ST_1 : Operation 152 [1/1] (0.00ns)   --->   "%tmp_88 = bitselect i1 @_ssdm_op_BitSelect.i1.i672.i32, i672 %layer9_out_read, i32 399" [firmware/nnet_utils/nnet_activation_stream.h:52]   --->   Operation 152 'bitselect' 'tmp_88' <Predicate = true> <Delay = 0.00>
ST_1 : Operation 153 [1/1] (0.00ns)   --->   "%zext_ln52_82 = zext i1 %tmp_88" [firmware/nnet_utils/nnet_activation_stream.h:52]   --->   Operation 153 'zext' 'zext_ln52_82' <Predicate = true> <Delay = 0.00>
ST_1 : Operation 154 [1/1] (0.82ns)   --->   "%add_ln52_82 = add i13 %trunc_ln52_80, i13 %zext_ln52_82" [firmware/nnet_utils/nnet_activation_stream.h:52]   --->   Operation 154 'add' 'add_ln52_82' <Predicate = true> <Delay = 0.82> <CoreInst = "Adder">   --->   Core 1 'Adder' <Latency = 0> <II = 1> <Delay = 0.82> <FuncUnit> <Opcode : 'add' 'sub'> <InPorts = 2> <OutPorts = 1>
ST_1 : Operation 155 [1/1] (0.30ns)   --->   "%out_data_0_19_0_0_0_load = select i1 %icmp_ln51_82, i13 %add_ln52_82, i13 0" [firmware/nnet_utils/nnet_activation_stream.h:51]   --->   Operation 155 'select' 'out_data_0_19_0_0_0_load' <Predicate = true> <Delay = 0.30> <CoreInst = "Sel">   --->   Core 73 'Sel' <Latency = 0> <II = 1> <Delay = 0.30> <FuncUnit> <Opcode : 'select'> <InPorts = 3> <OutPorts = 1>
ST_1 : Operation 156 [1/1] (0.90ns)   --->   "%icmp_ln51_83 = icmp_sgt  i21 %trunc_ln44_81, i21 0" [firmware/nnet_utils/nnet_activation_stream.h:51]   --->   Operation 156 'icmp' 'icmp_ln51_83' <Predicate = true> <Delay = 0.90> <CoreInst = "Cmp">   --->   Core 9 'Cmp' <Latency = 0> <II = 1> <Delay = 0.90> <FuncUnit> <Opcode : 'seteq' 'setne' 'setle' 'setge' 'setlt' 'setgt'> <InPorts = 2> <OutPorts = 1>
ST_1 : Operation 157 [1/1] (0.00ns)   --->   "%trunc_ln52_81 = partselect i13 @_ssdm_op_PartSelect.i13.i672.i32.i32, i672 %layer9_out_read, i32 421, i32 433" [firmware/nnet_utils/nnet_activation_stream.h:52]   --->   Operation 157 'partselect' 'trunc_ln52_81' <Predicate = true> <Delay = 0.00>
ST_1 : Operation 158 [1/1] (0.00ns)   --->   "%tmp_89 = bitselect i1 @_ssdm_op_BitSelect.i1.i672.i32, i672 %layer9_out_read, i32 420" [firmware/nnet_utils/nnet_activation_stream.h:52]   --->   Operation 158 'bitselect' 'tmp_89' <Predicate = true> <Delay = 0.00>
ST_1 : Operation 159 [1/1] (0.00ns)   --->   "%zext_ln52_83 = zext i1 %tmp_89" [firmware/nnet_utils/nnet_activation_stream.h:52]   --->   Operation 159 'zext' 'zext_ln52_83' <Predicate = true> <Delay = 0.00>
ST_1 : Operation 160 [1/1] (0.82ns)   --->   "%add_ln52_83 = add i13 %trunc_ln52_81, i13 %zext_ln52_83" [firmware/nnet_utils/nnet_activation_stream.h:52]   --->   Operation 160 'add' 'add_ln52_83' <Predicate = true> <Delay = 0.82> <CoreInst = "Adder">   --->   Core 1 'Adder' <Latency = 0> <II = 1> <Delay = 0.82> <FuncUnit> <Opcode : 'add' 'sub'> <InPorts = 2> <OutPorts = 1>
ST_1 : Operation 161 [1/1] (0.30ns)   --->   "%out_data_0_20_0_0_0_load = select i1 %icmp_ln51_83, i13 %add_ln52_83, i13 0" [firmware/nnet_utils/nnet_activation_stream.h:51]   --->   Operation 161 'select' 'out_data_0_20_0_0_0_load' <Predicate = true> <Delay = 0.30> <CoreInst = "Sel">   --->   Core 73 'Sel' <Latency = 0> <II = 1> <Delay = 0.30> <FuncUnit> <Opcode : 'select'> <InPorts = 3> <OutPorts = 1>
ST_1 : Operation 162 [1/1] (0.90ns)   --->   "%icmp_ln51_84 = icmp_sgt  i21 %trunc_ln44_82, i21 0" [firmware/nnet_utils/nnet_activation_stream.h:51]   --->   Operation 162 'icmp' 'icmp_ln51_84' <Predicate = true> <Delay = 0.90> <CoreInst = "Cmp">   --->   Core 9 'Cmp' <Latency = 0> <II = 1> <Delay = 0.90> <FuncUnit> <Opcode : 'seteq' 'setne' 'setle' 'setge' 'setlt' 'setgt'> <InPorts = 2> <OutPorts = 1>
ST_1 : Operation 163 [1/1] (0.00ns)   --->   "%trunc_ln52_82 = partselect i13 @_ssdm_op_PartSelect.i13.i672.i32.i32, i672 %layer9_out_read, i32 442, i32 454" [firmware/nnet_utils/nnet_activation_stream.h:52]   --->   Operation 163 'partselect' 'trunc_ln52_82' <Predicate = true> <Delay = 0.00>
ST_1 : Operation 164 [1/1] (0.00ns)   --->   "%tmp_90 = bitselect i1 @_ssdm_op_BitSelect.i1.i672.i32, i672 %layer9_out_read, i32 441" [firmware/nnet_utils/nnet_activation_stream.h:52]   --->   Operation 164 'bitselect' 'tmp_90' <Predicate = true> <Delay = 0.00>
ST_1 : Operation 165 [1/1] (0.00ns)   --->   "%zext_ln52_84 = zext i1 %tmp_90" [firmware/nnet_utils/nnet_activation_stream.h:52]   --->   Operation 165 'zext' 'zext_ln52_84' <Predicate = true> <Delay = 0.00>
ST_1 : Operation 166 [1/1] (0.82ns)   --->   "%add_ln52_84 = add i13 %trunc_ln52_82, i13 %zext_ln52_84" [firmware/nnet_utils/nnet_activation_stream.h:52]   --->   Operation 166 'add' 'add_ln52_84' <Predicate = true> <Delay = 0.82> <CoreInst = "Adder">   --->   Core 1 'Adder' <Latency = 0> <II = 1> <Delay = 0.82> <FuncUnit> <Opcode : 'add' 'sub'> <InPorts = 2> <OutPorts = 1>
ST_1 : Operation 167 [1/1] (0.30ns)   --->   "%out_data_0_21_0_0_0_load = select i1 %icmp_ln51_84, i13 %add_ln52_84, i13 0" [firmware/nnet_utils/nnet_activation_stream.h:51]   --->   Operation 167 'select' 'out_data_0_21_0_0_0_load' <Predicate = true> <Delay = 0.30> <CoreInst = "Sel">   --->   Core 73 'Sel' <Latency = 0> <II = 1> <Delay = 0.30> <FuncUnit> <Opcode : 'select'> <InPorts = 3> <OutPorts = 1>
ST_1 : Operation 168 [1/1] (0.90ns)   --->   "%icmp_ln51_85 = icmp_sgt  i21 %trunc_ln44_83, i21 0" [firmware/nnet_utils/nnet_activation_stream.h:51]   --->   Operation 168 'icmp' 'icmp_ln51_85' <Predicate = true> <Delay = 0.90> <CoreInst = "Cmp">   --->   Core 9 'Cmp' <Latency = 0> <II = 1> <Delay = 0.90> <FuncUnit> <Opcode : 'seteq' 'setne' 'setle' 'setge' 'setlt' 'setgt'> <InPorts = 2> <OutPorts = 1>
ST_1 : Operation 169 [1/1] (0.00ns)   --->   "%trunc_ln52_83 = partselect i13 @_ssdm_op_PartSelect.i13.i672.i32.i32, i672 %layer9_out_read, i32 463, i32 475" [firmware/nnet_utils/nnet_activation_stream.h:52]   --->   Operation 169 'partselect' 'trunc_ln52_83' <Predicate = true> <Delay = 0.00>
ST_1 : Operation 170 [1/1] (0.00ns)   --->   "%tmp_91 = bitselect i1 @_ssdm_op_BitSelect.i1.i672.i32, i672 %layer9_out_read, i32 462" [firmware/nnet_utils/nnet_activation_stream.h:52]   --->   Operation 170 'bitselect' 'tmp_91' <Predicate = true> <Delay = 0.00>
ST_1 : Operation 171 [1/1] (0.00ns)   --->   "%zext_ln52_85 = zext i1 %tmp_91" [firmware/nnet_utils/nnet_activation_stream.h:52]   --->   Operation 171 'zext' 'zext_ln52_85' <Predicate = true> <Delay = 0.00>
ST_1 : Operation 172 [1/1] (0.82ns)   --->   "%add_ln52_85 = add i13 %trunc_ln52_83, i13 %zext_ln52_85" [firmware/nnet_utils/nnet_activation_stream.h:52]   --->   Operation 172 'add' 'add_ln52_85' <Predicate = true> <Delay = 0.82> <CoreInst = "Adder">   --->   Core 1 'Adder' <Latency = 0> <II = 1> <Delay = 0.82> <FuncUnit> <Opcode : 'add' 'sub'> <InPorts = 2> <OutPorts = 1>
ST_1 : Operation 173 [1/1] (0.30ns)   --->   "%out_data_0_22_0_0_0_load = select i1 %icmp_ln51_85, i13 %add_ln52_85, i13 0" [firmware/nnet_utils/nnet_activation_stream.h:51]   --->   Operation 173 'select' 'out_data_0_22_0_0_0_load' <Predicate = true> <Delay = 0.30> <CoreInst = "Sel">   --->   Core 73 'Sel' <Latency = 0> <II = 1> <Delay = 0.30> <FuncUnit> <Opcode : 'select'> <InPorts = 3> <OutPorts = 1>
ST_1 : Operation 174 [1/1] (0.90ns)   --->   "%icmp_ln51_86 = icmp_sgt  i21 %trunc_ln44_84, i21 0" [firmware/nnet_utils/nnet_activation_stream.h:51]   --->   Operation 174 'icmp' 'icmp_ln51_86' <Predicate = true> <Delay = 0.90> <CoreInst = "Cmp">   --->   Core 9 'Cmp' <Latency = 0> <II = 1> <Delay = 0.90> <FuncUnit> <Opcode : 'seteq' 'setne' 'setle' 'setge' 'setlt' 'setgt'> <InPorts = 2> <OutPorts = 1>
ST_1 : Operation 175 [1/1] (0.00ns)   --->   "%trunc_ln52_84 = partselect i13 @_ssdm_op_PartSelect.i13.i672.i32.i32, i672 %layer9_out_read, i32 484, i32 496" [firmware/nnet_utils/nnet_activation_stream.h:52]   --->   Operation 175 'partselect' 'trunc_ln52_84' <Predicate = true> <Delay = 0.00>
ST_1 : Operation 176 [1/1] (0.00ns)   --->   "%tmp_92 = bitselect i1 @_ssdm_op_BitSelect.i1.i672.i32, i672 %layer9_out_read, i32 483" [firmware/nnet_utils/nnet_activation_stream.h:52]   --->   Operation 176 'bitselect' 'tmp_92' <Predicate = true> <Delay = 0.00>
ST_1 : Operation 177 [1/1] (0.00ns)   --->   "%zext_ln52_86 = zext i1 %tmp_92" [firmware/nnet_utils/nnet_activation_stream.h:52]   --->   Operation 177 'zext' 'zext_ln52_86' <Predicate = true> <Delay = 0.00>
ST_1 : Operation 178 [1/1] (0.82ns)   --->   "%add_ln52_86 = add i13 %trunc_ln52_84, i13 %zext_ln52_86" [firmware/nnet_utils/nnet_activation_stream.h:52]   --->   Operation 178 'add' 'add_ln52_86' <Predicate = true> <Delay = 0.82> <CoreInst = "Adder">   --->   Core 1 'Adder' <Latency = 0> <II = 1> <Delay = 0.82> <FuncUnit> <Opcode : 'add' 'sub'> <InPorts = 2> <OutPorts = 1>
ST_1 : Operation 179 [1/1] (0.30ns)   --->   "%out_data_0_23_0_0_0_load = select i1 %icmp_ln51_86, i13 %add_ln52_86, i13 0" [firmware/nnet_utils/nnet_activation_stream.h:51]   --->   Operation 179 'select' 'out_data_0_23_0_0_0_load' <Predicate = true> <Delay = 0.30> <CoreInst = "Sel">   --->   Core 73 'Sel' <Latency = 0> <II = 1> <Delay = 0.30> <FuncUnit> <Opcode : 'select'> <InPorts = 3> <OutPorts = 1>
ST_1 : Operation 180 [1/1] (0.90ns)   --->   "%icmp_ln51_87 = icmp_sgt  i21 %trunc_ln44_85, i21 0" [firmware/nnet_utils/nnet_activation_stream.h:51]   --->   Operation 180 'icmp' 'icmp_ln51_87' <Predicate = true> <Delay = 0.90> <CoreInst = "Cmp">   --->   Core 9 'Cmp' <Latency = 0> <II = 1> <Delay = 0.90> <FuncUnit> <Opcode : 'seteq' 'setne' 'setle' 'setge' 'setlt' 'setgt'> <InPorts = 2> <OutPorts = 1>
ST_1 : Operation 181 [1/1] (0.00ns)   --->   "%trunc_ln52_85 = partselect i13 @_ssdm_op_PartSelect.i13.i672.i32.i32, i672 %layer9_out_read, i32 505, i32 517" [firmware/nnet_utils/nnet_activation_stream.h:52]   --->   Operation 181 'partselect' 'trunc_ln52_85' <Predicate = true> <Delay = 0.00>
ST_1 : Operation 182 [1/1] (0.00ns)   --->   "%tmp_93 = bitselect i1 @_ssdm_op_BitSelect.i1.i672.i32, i672 %layer9_out_read, i32 504" [firmware/nnet_utils/nnet_activation_stream.h:52]   --->   Operation 182 'bitselect' 'tmp_93' <Predicate = true> <Delay = 0.00>
ST_1 : Operation 183 [1/1] (0.00ns)   --->   "%zext_ln52_87 = zext i1 %tmp_93" [firmware/nnet_utils/nnet_activation_stream.h:52]   --->   Operation 183 'zext' 'zext_ln52_87' <Predicate = true> <Delay = 0.00>
ST_1 : Operation 184 [1/1] (0.82ns)   --->   "%add_ln52_87 = add i13 %trunc_ln52_85, i13 %zext_ln52_87" [firmware/nnet_utils/nnet_activation_stream.h:52]   --->   Operation 184 'add' 'add_ln52_87' <Predicate = true> <Delay = 0.82> <CoreInst = "Adder">   --->   Core 1 'Adder' <Latency = 0> <II = 1> <Delay = 0.82> <FuncUnit> <Opcode : 'add' 'sub'> <InPorts = 2> <OutPorts = 1>
ST_1 : Operation 185 [1/1] (0.30ns)   --->   "%out_data_0_24_0_0_0_load = select i1 %icmp_ln51_87, i13 %add_ln52_87, i13 0" [firmware/nnet_utils/nnet_activation_stream.h:51]   --->   Operation 185 'select' 'out_data_0_24_0_0_0_load' <Predicate = true> <Delay = 0.30> <CoreInst = "Sel">   --->   Core 73 'Sel' <Latency = 0> <II = 1> <Delay = 0.30> <FuncUnit> <Opcode : 'select'> <InPorts = 3> <OutPorts = 1>
ST_1 : Operation 186 [1/1] (0.90ns)   --->   "%icmp_ln51_88 = icmp_sgt  i21 %trunc_ln44_86, i21 0" [firmware/nnet_utils/nnet_activation_stream.h:51]   --->   Operation 186 'icmp' 'icmp_ln51_88' <Predicate = true> <Delay = 0.90> <CoreInst = "Cmp">   --->   Core 9 'Cmp' <Latency = 0> <II = 1> <Delay = 0.90> <FuncUnit> <Opcode : 'seteq' 'setne' 'setle' 'setge' 'setlt' 'setgt'> <InPorts = 2> <OutPorts = 1>
ST_1 : Operation 187 [1/1] (0.00ns)   --->   "%trunc_ln52_86 = partselect i13 @_ssdm_op_PartSelect.i13.i672.i32.i32, i672 %layer9_out_read, i32 526, i32 538" [firmware/nnet_utils/nnet_activation_stream.h:52]   --->   Operation 187 'partselect' 'trunc_ln52_86' <Predicate = true> <Delay = 0.00>
ST_1 : Operation 188 [1/1] (0.00ns)   --->   "%tmp_94 = bitselect i1 @_ssdm_op_BitSelect.i1.i672.i32, i672 %layer9_out_read, i32 525" [firmware/nnet_utils/nnet_activation_stream.h:52]   --->   Operation 188 'bitselect' 'tmp_94' <Predicate = true> <Delay = 0.00>
ST_1 : Operation 189 [1/1] (0.00ns)   --->   "%zext_ln52_88 = zext i1 %tmp_94" [firmware/nnet_utils/nnet_activation_stream.h:52]   --->   Operation 189 'zext' 'zext_ln52_88' <Predicate = true> <Delay = 0.00>
ST_1 : Operation 190 [1/1] (0.82ns)   --->   "%add_ln52_88 = add i13 %trunc_ln52_86, i13 %zext_ln52_88" [firmware/nnet_utils/nnet_activation_stream.h:52]   --->   Operation 190 'add' 'add_ln52_88' <Predicate = true> <Delay = 0.82> <CoreInst = "Adder">   --->   Core 1 'Adder' <Latency = 0> <II = 1> <Delay = 0.82> <FuncUnit> <Opcode : 'add' 'sub'> <InPorts = 2> <OutPorts = 1>
ST_1 : Operation 191 [1/1] (0.30ns)   --->   "%out_data_0_25_0_0_0_load = select i1 %icmp_ln51_88, i13 %add_ln52_88, i13 0" [firmware/nnet_utils/nnet_activation_stream.h:51]   --->   Operation 191 'select' 'out_data_0_25_0_0_0_load' <Predicate = true> <Delay = 0.30> <CoreInst = "Sel">   --->   Core 73 'Sel' <Latency = 0> <II = 1> <Delay = 0.30> <FuncUnit> <Opcode : 'select'> <InPorts = 3> <OutPorts = 1>
ST_1 : Operation 192 [1/1] (0.90ns)   --->   "%icmp_ln51_89 = icmp_sgt  i21 %trunc_ln44_87, i21 0" [firmware/nnet_utils/nnet_activation_stream.h:51]   --->   Operation 192 'icmp' 'icmp_ln51_89' <Predicate = true> <Delay = 0.90> <CoreInst = "Cmp">   --->   Core 9 'Cmp' <Latency = 0> <II = 1> <Delay = 0.90> <FuncUnit> <Opcode : 'seteq' 'setne' 'setle' 'setge' 'setlt' 'setgt'> <InPorts = 2> <OutPorts = 1>
ST_1 : Operation 193 [1/1] (0.00ns)   --->   "%trunc_ln52_87 = partselect i13 @_ssdm_op_PartSelect.i13.i672.i32.i32, i672 %layer9_out_read, i32 547, i32 559" [firmware/nnet_utils/nnet_activation_stream.h:52]   --->   Operation 193 'partselect' 'trunc_ln52_87' <Predicate = true> <Delay = 0.00>
ST_1 : Operation 194 [1/1] (0.00ns)   --->   "%tmp_95 = bitselect i1 @_ssdm_op_BitSelect.i1.i672.i32, i672 %layer9_out_read, i32 546" [firmware/nnet_utils/nnet_activation_stream.h:52]   --->   Operation 194 'bitselect' 'tmp_95' <Predicate = true> <Delay = 0.00>
ST_1 : Operation 195 [1/1] (0.00ns)   --->   "%zext_ln52_89 = zext i1 %tmp_95" [firmware/nnet_utils/nnet_activation_stream.h:52]   --->   Operation 195 'zext' 'zext_ln52_89' <Predicate = true> <Delay = 0.00>
ST_1 : Operation 196 [1/1] (0.82ns)   --->   "%add_ln52_89 = add i13 %trunc_ln52_87, i13 %zext_ln52_89" [firmware/nnet_utils/nnet_activation_stream.h:52]   --->   Operation 196 'add' 'add_ln52_89' <Predicate = true> <Delay = 0.82> <CoreInst = "Adder">   --->   Core 1 'Adder' <Latency = 0> <II = 1> <Delay = 0.82> <FuncUnit> <Opcode : 'add' 'sub'> <InPorts = 2> <OutPorts = 1>
ST_1 : Operation 197 [1/1] (0.30ns)   --->   "%out_data_0_26_0_0_0_load = select i1 %icmp_ln51_89, i13 %add_ln52_89, i13 0" [firmware/nnet_utils/nnet_activation_stream.h:51]   --->   Operation 197 'select' 'out_data_0_26_0_0_0_load' <Predicate = true> <Delay = 0.30> <CoreInst = "Sel">   --->   Core 73 'Sel' <Latency = 0> <II = 1> <Delay = 0.30> <FuncUnit> <Opcode : 'select'> <InPorts = 3> <OutPorts = 1>
ST_1 : Operation 198 [1/1] (0.90ns)   --->   "%icmp_ln51_90 = icmp_sgt  i21 %trunc_ln44_88, i21 0" [firmware/nnet_utils/nnet_activation_stream.h:51]   --->   Operation 198 'icmp' 'icmp_ln51_90' <Predicate = true> <Delay = 0.90> <CoreInst = "Cmp">   --->   Core 9 'Cmp' <Latency = 0> <II = 1> <Delay = 0.90> <FuncUnit> <Opcode : 'seteq' 'setne' 'setle' 'setge' 'setlt' 'setgt'> <InPorts = 2> <OutPorts = 1>
ST_1 : Operation 199 [1/1] (0.00ns)   --->   "%trunc_ln52_88 = partselect i13 @_ssdm_op_PartSelect.i13.i672.i32.i32, i672 %layer9_out_read, i32 568, i32 580" [firmware/nnet_utils/nnet_activation_stream.h:52]   --->   Operation 199 'partselect' 'trunc_ln52_88' <Predicate = true> <Delay = 0.00>
ST_1 : Operation 200 [1/1] (0.00ns)   --->   "%tmp_96 = bitselect i1 @_ssdm_op_BitSelect.i1.i672.i32, i672 %layer9_out_read, i32 567" [firmware/nnet_utils/nnet_activation_stream.h:52]   --->   Operation 200 'bitselect' 'tmp_96' <Predicate = true> <Delay = 0.00>
ST_1 : Operation 201 [1/1] (0.00ns)   --->   "%zext_ln52_90 = zext i1 %tmp_96" [firmware/nnet_utils/nnet_activation_stream.h:52]   --->   Operation 201 'zext' 'zext_ln52_90' <Predicate = true> <Delay = 0.00>
ST_1 : Operation 202 [1/1] (0.82ns)   --->   "%add_ln52_90 = add i13 %trunc_ln52_88, i13 %zext_ln52_90" [firmware/nnet_utils/nnet_activation_stream.h:52]   --->   Operation 202 'add' 'add_ln52_90' <Predicate = true> <Delay = 0.82> <CoreInst = "Adder">   --->   Core 1 'Adder' <Latency = 0> <II = 1> <Delay = 0.82> <FuncUnit> <Opcode : 'add' 'sub'> <InPorts = 2> <OutPorts = 1>
ST_1 : Operation 203 [1/1] (0.30ns)   --->   "%out_data_0_27_0_0_0_load = select i1 %icmp_ln51_90, i13 %add_ln52_90, i13 0" [firmware/nnet_utils/nnet_activation_stream.h:51]   --->   Operation 203 'select' 'out_data_0_27_0_0_0_load' <Predicate = true> <Delay = 0.30> <CoreInst = "Sel">   --->   Core 73 'Sel' <Latency = 0> <II = 1> <Delay = 0.30> <FuncUnit> <Opcode : 'select'> <InPorts = 3> <OutPorts = 1>
ST_1 : Operation 204 [1/1] (0.90ns)   --->   "%icmp_ln51_91 = icmp_sgt  i21 %trunc_ln44_89, i21 0" [firmware/nnet_utils/nnet_activation_stream.h:51]   --->   Operation 204 'icmp' 'icmp_ln51_91' <Predicate = true> <Delay = 0.90> <CoreInst = "Cmp">   --->   Core 9 'Cmp' <Latency = 0> <II = 1> <Delay = 0.90> <FuncUnit> <Opcode : 'seteq' 'setne' 'setle' 'setge' 'setlt' 'setgt'> <InPorts = 2> <OutPorts = 1>
ST_1 : Operation 205 [1/1] (0.00ns)   --->   "%trunc_ln52_89 = partselect i13 @_ssdm_op_PartSelect.i13.i672.i32.i32, i672 %layer9_out_read, i32 589, i32 601" [firmware/nnet_utils/nnet_activation_stream.h:52]   --->   Operation 205 'partselect' 'trunc_ln52_89' <Predicate = true> <Delay = 0.00>
ST_1 : Operation 206 [1/1] (0.00ns)   --->   "%tmp_97 = bitselect i1 @_ssdm_op_BitSelect.i1.i672.i32, i672 %layer9_out_read, i32 588" [firmware/nnet_utils/nnet_activation_stream.h:52]   --->   Operation 206 'bitselect' 'tmp_97' <Predicate = true> <Delay = 0.00>
ST_1 : Operation 207 [1/1] (0.00ns)   --->   "%zext_ln52_91 = zext i1 %tmp_97" [firmware/nnet_utils/nnet_activation_stream.h:52]   --->   Operation 207 'zext' 'zext_ln52_91' <Predicate = true> <Delay = 0.00>
ST_1 : Operation 208 [1/1] (0.82ns)   --->   "%add_ln52_91 = add i13 %trunc_ln52_89, i13 %zext_ln52_91" [firmware/nnet_utils/nnet_activation_stream.h:52]   --->   Operation 208 'add' 'add_ln52_91' <Predicate = true> <Delay = 0.82> <CoreInst = "Adder">   --->   Core 1 'Adder' <Latency = 0> <II = 1> <Delay = 0.82> <FuncUnit> <Opcode : 'add' 'sub'> <InPorts = 2> <OutPorts = 1>
ST_1 : Operation 209 [1/1] (0.30ns)   --->   "%out_data_0_28_0_0_0_load = select i1 %icmp_ln51_91, i13 %add_ln52_91, i13 0" [firmware/nnet_utils/nnet_activation_stream.h:51]   --->   Operation 209 'select' 'out_data_0_28_0_0_0_load' <Predicate = true> <Delay = 0.30> <CoreInst = "Sel">   --->   Core 73 'Sel' <Latency = 0> <II = 1> <Delay = 0.30> <FuncUnit> <Opcode : 'select'> <InPorts = 3> <OutPorts = 1>
ST_1 : Operation 210 [1/1] (0.90ns)   --->   "%icmp_ln51_92 = icmp_sgt  i21 %trunc_ln44_90, i21 0" [firmware/nnet_utils/nnet_activation_stream.h:51]   --->   Operation 210 'icmp' 'icmp_ln51_92' <Predicate = true> <Delay = 0.90> <CoreInst = "Cmp">   --->   Core 9 'Cmp' <Latency = 0> <II = 1> <Delay = 0.90> <FuncUnit> <Opcode : 'seteq' 'setne' 'setle' 'setge' 'setlt' 'setgt'> <InPorts = 2> <OutPorts = 1>
ST_1 : Operation 211 [1/1] (0.00ns)   --->   "%trunc_ln52_90 = partselect i13 @_ssdm_op_PartSelect.i13.i672.i32.i32, i672 %layer9_out_read, i32 610, i32 622" [firmware/nnet_utils/nnet_activation_stream.h:52]   --->   Operation 211 'partselect' 'trunc_ln52_90' <Predicate = true> <Delay = 0.00>
ST_1 : Operation 212 [1/1] (0.00ns)   --->   "%tmp_98 = bitselect i1 @_ssdm_op_BitSelect.i1.i672.i32, i672 %layer9_out_read, i32 609" [firmware/nnet_utils/nnet_activation_stream.h:52]   --->   Operation 212 'bitselect' 'tmp_98' <Predicate = true> <Delay = 0.00>
ST_1 : Operation 213 [1/1] (0.00ns)   --->   "%zext_ln52_92 = zext i1 %tmp_98" [firmware/nnet_utils/nnet_activation_stream.h:52]   --->   Operation 213 'zext' 'zext_ln52_92' <Predicate = true> <Delay = 0.00>
ST_1 : Operation 214 [1/1] (0.82ns)   --->   "%add_ln52_92 = add i13 %trunc_ln52_90, i13 %zext_ln52_92" [firmware/nnet_utils/nnet_activation_stream.h:52]   --->   Operation 214 'add' 'add_ln52_92' <Predicate = true> <Delay = 0.82> <CoreInst = "Adder">   --->   Core 1 'Adder' <Latency = 0> <II = 1> <Delay = 0.82> <FuncUnit> <Opcode : 'add' 'sub'> <InPorts = 2> <OutPorts = 1>
ST_1 : Operation 215 [1/1] (0.30ns)   --->   "%out_data_0_29_0_0_0_load = select i1 %icmp_ln51_92, i13 %add_ln52_92, i13 0" [firmware/nnet_utils/nnet_activation_stream.h:51]   --->   Operation 215 'select' 'out_data_0_29_0_0_0_load' <Predicate = true> <Delay = 0.30> <CoreInst = "Sel">   --->   Core 73 'Sel' <Latency = 0> <II = 1> <Delay = 0.30> <FuncUnit> <Opcode : 'select'> <InPorts = 3> <OutPorts = 1>
ST_1 : Operation 216 [1/1] (0.90ns)   --->   "%icmp_ln51_93 = icmp_sgt  i21 %trunc_ln44_91, i21 0" [firmware/nnet_utils/nnet_activation_stream.h:51]   --->   Operation 216 'icmp' 'icmp_ln51_93' <Predicate = true> <Delay = 0.90> <CoreInst = "Cmp">   --->   Core 9 'Cmp' <Latency = 0> <II = 1> <Delay = 0.90> <FuncUnit> <Opcode : 'seteq' 'setne' 'setle' 'setge' 'setlt' 'setgt'> <InPorts = 2> <OutPorts = 1>
ST_1 : Operation 217 [1/1] (0.00ns)   --->   "%trunc_ln52_91 = partselect i13 @_ssdm_op_PartSelect.i13.i672.i32.i32, i672 %layer9_out_read, i32 631, i32 643" [firmware/nnet_utils/nnet_activation_stream.h:52]   --->   Operation 217 'partselect' 'trunc_ln52_91' <Predicate = true> <Delay = 0.00>
ST_1 : Operation 218 [1/1] (0.00ns)   --->   "%tmp_99 = bitselect i1 @_ssdm_op_BitSelect.i1.i672.i32, i672 %layer9_out_read, i32 630" [firmware/nnet_utils/nnet_activation_stream.h:52]   --->   Operation 218 'bitselect' 'tmp_99' <Predicate = true> <Delay = 0.00>
ST_1 : Operation 219 [1/1] (0.00ns)   --->   "%zext_ln52_93 = zext i1 %tmp_99" [firmware/nnet_utils/nnet_activation_stream.h:52]   --->   Operation 219 'zext' 'zext_ln52_93' <Predicate = true> <Delay = 0.00>
ST_1 : Operation 220 [1/1] (0.82ns)   --->   "%add_ln52_93 = add i13 %trunc_ln52_91, i13 %zext_ln52_93" [firmware/nnet_utils/nnet_activation_stream.h:52]   --->   Operation 220 'add' 'add_ln52_93' <Predicate = true> <Delay = 0.82> <CoreInst = "Adder">   --->   Core 1 'Adder' <Latency = 0> <II = 1> <Delay = 0.82> <FuncUnit> <Opcode : 'add' 'sub'> <InPorts = 2> <OutPorts = 1>
ST_1 : Operation 221 [1/1] (0.30ns)   --->   "%out_data_0_30_0_0_0_load = select i1 %icmp_ln51_93, i13 %add_ln52_93, i13 0" [firmware/nnet_utils/nnet_activation_stream.h:51]   --->   Operation 221 'select' 'out_data_0_30_0_0_0_load' <Predicate = true> <Delay = 0.30> <CoreInst = "Sel">   --->   Core 73 'Sel' <Latency = 0> <II = 1> <Delay = 0.30> <FuncUnit> <Opcode : 'select'> <InPorts = 3> <OutPorts = 1>
ST_1 : Operation 222 [1/1] (0.90ns)   --->   "%icmp_ln51_94 = icmp_sgt  i21 %trunc_ln44_92, i21 0" [firmware/nnet_utils/nnet_activation_stream.h:51]   --->   Operation 222 'icmp' 'icmp_ln51_94' <Predicate = true> <Delay = 0.90> <CoreInst = "Cmp">   --->   Core 9 'Cmp' <Latency = 0> <II = 1> <Delay = 0.90> <FuncUnit> <Opcode : 'seteq' 'setne' 'setle' 'setge' 'setlt' 'setgt'> <InPorts = 2> <OutPorts = 1>
ST_1 : Operation 223 [1/1] (0.00ns)   --->   "%trunc_ln52_92 = partselect i13 @_ssdm_op_PartSelect.i13.i672.i32.i32, i672 %layer9_out_read, i32 652, i32 664" [firmware/nnet_utils/nnet_activation_stream.h:52]   --->   Operation 223 'partselect' 'trunc_ln52_92' <Predicate = true> <Delay = 0.00>
ST_1 : Operation 224 [1/1] (0.00ns)   --->   "%tmp_100 = bitselect i1 @_ssdm_op_BitSelect.i1.i672.i32, i672 %layer9_out_read, i32 651" [firmware/nnet_utils/nnet_activation_stream.h:52]   --->   Operation 224 'bitselect' 'tmp_100' <Predicate = true> <Delay = 0.00>
ST_1 : Operation 225 [1/1] (0.00ns)   --->   "%zext_ln52_94 = zext i1 %tmp_100" [firmware/nnet_utils/nnet_activation_stream.h:52]   --->   Operation 225 'zext' 'zext_ln52_94' <Predicate = true> <Delay = 0.00>
ST_1 : Operation 226 [1/1] (0.82ns)   --->   "%add_ln52_94 = add i13 %trunc_ln52_92, i13 %zext_ln52_94" [firmware/nnet_utils/nnet_activation_stream.h:52]   --->   Operation 226 'add' 'add_ln52_94' <Predicate = true> <Delay = 0.82> <CoreInst = "Adder">   --->   Core 1 'Adder' <Latency = 0> <II = 1> <Delay = 0.82> <FuncUnit> <Opcode : 'add' 'sub'> <InPorts = 2> <OutPorts = 1>
ST_1 : Operation 227 [1/1] (0.30ns)   --->   "%storemerge212 = select i1 %icmp_ln51_94, i13 %add_ln52_94, i13 0" [firmware/nnet_utils/nnet_activation_stream.h:51]   --->   Operation 227 'select' 'storemerge212' <Predicate = true> <Delay = 0.30> <CoreInst = "Sel">   --->   Core 73 'Sel' <Latency = 0> <II = 1> <Delay = 0.30> <FuncUnit> <Opcode : 'select'> <InPorts = 3> <OutPorts = 1>

State 2 <SV = 1> <Delay = 1.83>
ST_2 : Operation 228 [1/1] (0.00ns)   --->   "%specinterface_ln0 = specinterface void @_ssdm_op_SpecInterface, i416 %layer10_out, void @empty_11, i32 0, i32 0, void @empty_9, i32 0, i32 0, void @empty_9, void @empty_9, void @empty_9, i32 0, i32 0, i32 0, i32 0, void @empty_9, void @empty_9, i32 4294967295, i32 0, i32 0, i32 0"   --->   Operation 228 'specinterface' 'specinterface_ln0' <Predicate = true> <Delay = 0.00>
ST_2 : Operation 229 [1/1] (0.00ns)   --->   "%specinterface_ln0 = specinterface void @_ssdm_op_SpecInterface, i672 %layer9_out, void @empty_11, i32 0, i32 0, void @empty_9, i32 0, i32 0, void @empty_9, void @empty_9, void @empty_9, i32 0, i32 0, i32 0, i32 0, void @empty_9, void @empty_9, i32 4294967295, i32 0, i32 0, i32 0"   --->   Operation 229 'specinterface' 'specinterface_ln0' <Predicate = true> <Delay = 0.00>
ST_2 : Operation 230 [1/1] (0.00ns)   --->   "%p_s = bitconcatenate i416 @_ssdm_op_BitConcatenate.i416.i13.i13.i13.i13.i13.i13.i13.i13.i13.i13.i13.i13.i13.i13.i13.i13.i13.i13.i13.i13.i13.i13.i13.i13.i13.i13.i13.i13.i13.i13.i13.i13, i13 %storemerge212, i13 %out_data_0_30_0_0_0_load, i13 %out_data_0_29_0_0_0_load, i13 %out_data_0_28_0_0_0_load, i13 %out_data_0_27_0_0_0_load, i13 %out_data_0_26_0_0_0_load, i13 %out_data_0_25_0_0_0_load, i13 %out_data_0_24_0_0_0_load, i13 %out_data_0_23_0_0_0_load, i13 %out_data_0_22_0_0_0_load, i13 %out_data_0_21_0_0_0_load, i13 %out_data_0_20_0_0_0_load, i13 %out_data_0_19_0_0_0_load, i13 %out_data_0_18_0_0_0_load, i13 %out_data_0_17_0_0_0_load, i13 %out_data_0_16_0_0_0_load, i13 %out_data_0_15_0_0_0_load, i13 %out_data_0_14_0_0_0_load, i13 %out_data_0_13_0_0_0_load, i13 %out_data_0_12_0_0_0_load, i13 %out_data_0_11_0_0_0_load, i13 %out_data_0_10_0_0_0_load, i13 %out_data_0_9_0_0_0_load, i13 %out_data_0_8_0_0_0_load, i13 %out_data_0_7_0_0_0_load, i13 %out_data_0_6_0_0_0_load, i13 %out_data_0_5_0_0_0_load, i13 %out_data_0_4_0_0_0_load, i13 %out_data_0_3_0_0_0_load, i13 %out_data_0_2_0_0_0_load, i13 %out_data_0_1_0_0_0_load, i13 %out_data_0_0_0_0_0_load" [firmware/nnet_utils/nnet_activation_stream.h:57]   --->   Operation 230 'bitconcatenate' 'p_s' <Predicate = true> <Delay = 0.00>
ST_2 : Operation 231 [1/1] ( I:1.83ns O:1.83ns )   --->   "%write_ln57 = write void @_ssdm_op_Write.ap_fifo.volatile.i416P0A, i416 %layer10_out, i416 %p_s" [firmware/nnet_utils/nnet_activation_stream.h:57]   --->   Operation 231 'write' 'write_ln57' <Predicate = true> <Delay = 1.83> <CoreInst = "FIFO_SRL">   --->   Core 80 'FIFO_SRL' <Latency = 0> <II = 1> <Delay = 1.83> <Storage> <Opcode : 'read' 'write' 'nbread' 'nbwrite'> <Ports = 0> <Width = 416> <Depth = 1> <FIFO>
ST_2 : Operation 232 [1/1] (0.00ns)   --->   "%ret_ln59 = ret" [firmware/nnet_utils/nnet_activation_stream.h:59]   --->   Operation 232 'ret' 'ret_ln59' <Predicate = true> <Delay = 0.00>


============================================================
+ Verbose Summary: Timing violations
============================================================
Target clock period: 5.000ns, clock uncertainty: 0.625ns.

 <State 1>: 3.045ns
The critical path consists of the following:
	fifo read operation ('layer9_out_read', firmware/nnet_utils/nnet_activation_stream.h:44) on port 'layer9_out' (firmware/nnet_utils/nnet_activation_stream.h:44) [5]  (1.838 ns)
	'icmp' operation 1 bit ('icmp_ln51', firmware/nnet_utils/nnet_activation_stream.h:51) [38]  (0.904 ns)
	'select' operation 13 bit ('out_data_0_0_0_0_0_load', firmware/nnet_utils/nnet_activation_stream.h:51) [43]  (0.303 ns)

 <State 2>: 1.838ns
The critical path consists of the following:
	fifo write operation ('write_ln57', firmware/nnet_utils/nnet_activation_stream.h:57) on port 'layer10_out' (firmware/nnet_utils/nnet_activation_stream.h:57) [231]  (1.838 ns)


============================================================
+ Verbose Summary: Binding
============================================================
N/A
* FSMD analyzer results:
  - Output states:
 - Input state : 
  - Chain level:
	State 1
	State 2


============================================================
+ Verbose Summary: Datapath Resource usage 
============================================================
N/A
