

================================================================
== Vitis HLS Report for 'dense_latency_ap_ufixed_11_6_5_3_0_ap_fixed_14_11_5_3_0_config6_s'
================================================================
* Date:           Wed Mar 18 12:55:52 2026

* Version:        2023.2 (Build 4023990 on Oct 11 2023)
* Project:        hgq2_1_hls4ml_prj_Vitis_latency_reusefactor4_prj
* Solution:       solution1 (Vivado IP Flow Target)
* Product family: zynquplus
* Target device:  xck26-sfvc784-2LV-c


================================================================
== Performance Estimates
================================================================
+ Timing: 
    * Summary: 
    +--------+---------+----------+------------+
    |  Clock |  Target | Estimated| Uncertainty|
    +--------+---------+----------+------------+
    |ap_clk  |  5.00 ns|  3.345 ns|     1.35 ns|
    +--------+---------+----------+------------+

+ Latency: 
    * Summary: 
    +---------+---------+----------+----------+-----+-----+---------+
    |  Latency (cycles) |  Latency (absolute) |  Interval | Pipeline|
    |   min   |   max   |    min   |    max   | min | max |   Type  |
    +---------+---------+----------+----------+-----+-----+---------+
    |        1|        1|  5.000 ns|  5.000 ns|    2|    2|      yes|
    +---------+---------+----------+----------+-----+-----+---------+

    + Detail: 
        * Instance: 
        N/A

        * Loop: 
        N/A



================================================================
== Utilization Estimates
================================================================
* Summary: 
+-----------------+---------+------+--------+--------+-----+
|       Name      | BRAM_18K|  DSP |   FF   |   LUT  | URAM|
+-----------------+---------+------+--------+--------+-----+
|DSP              |        -|     -|       -|       -|    -|
|Expression       |        -|     -|       0|    3074|    -|
|FIFO             |        -|     -|       -|       -|    -|
|Instance         |        -|     -|       -|       -|    -|
|Memory           |        -|     -|       -|       -|    -|
|Multiplexer      |        -|     -|       -|      14|    -|
|Register         |        -|     -|     398|       -|    -|
+-----------------+---------+------+--------+--------+-----+
|Total            |        0|     0|     398|    3088|    0|
+-----------------+---------+------+--------+--------+-----+
|Available        |      288|  1248|  234240|  117120|   64|
+-----------------+---------+------+--------+--------+-----+
|Utilization (%)  |        0|     0|      ~0|       2|    0|
+-----------------+---------+------+--------+--------+-----+

+ Detail: 
    * Instance: 
    N/A

    * DSP: 
    N/A

    * Memory: 
    N/A

    * FIFO: 
    N/A

    * Expression: 
    +-------------------------+----------+----+---+----+------------+------------+
    |      Variable Name      | Operation| DSP| FF| LUT| Bitwidth P0| Bitwidth P1|
    +-------------------------+----------+----+---+----+------------+------------+
    |add_ln58_100_fu_2682_p2  |         +|   0|  0|  16|          15|          15|
    |add_ln58_101_fu_2692_p2  |         +|   0|  0|  17|          17|          17|
    |add_ln58_102_fu_2708_p2  |         +|   0|  0|  16|          15|          15|
    |add_ln58_103_fu_2718_p2  |         +|   0|  0|  25|          18|          18|
    |add_ln58_104_fu_2740_p2  |         +|   0|  0|  18|          18|          18|
    |add_ln58_105_fu_2724_p2  |         +|   0|  0|  18|          18|          18|
    |add_ln58_106_fu_2730_p2  |         +|   0|  0|  18|          11|          10|
    |add_ln58_107_fu_2784_p2  |         +|   0|  0|  18|          18|          18|
    |add_ln58_108_fu_2802_p2  |         +|   0|  0|  18|          18|          18|
    |add_ln58_109_fu_2764_p2  |         +|   0|  0|  24|          17|          17|
    |add_ln58_110_fu_2774_p2  |         +|   0|  0|  24|          17|          10|
    |add_ln58_111_fu_2828_p2  |         +|   0|  0|  16|          15|          15|
    |add_ln58_112_fu_2858_p2  |         +|   0|  0|  24|          17|          17|
    |add_ln58_113_fu_2870_p2  |         +|   0|  0|  17|          17|          17|
    |add_ln58_114_fu_2902_p2  |         +|   0|  0|  22|          15|          11|
    |add_ln58_115_fu_2918_p2  |         +|   0|  0|  19|          19|          19|
    |add_ln58_116_fu_2838_p2  |         +|   0|  0|  21|          14|          14|
    |add_ln58_117_fu_2964_p2  |         +|   0|  0|  17|          17|          17|
    |add_ln58_118_fu_2848_p2  |         +|   0|  0|  23|          16|          16|
    |add_ln58_119_fu_2958_p2  |         +|   0|  0|  17|          17|          17|
    |add_ln58_44_fu_1906_p2   |         +|   0|  0|  18|          11|           9|
    |add_ln58_45_fu_1945_p2   |         +|   0|  0|  17|          13|          13|
    |add_ln58_46_fu_1955_p2   |         +|   0|  0|  16|          16|          12|
    |add_ln58_47_fu_1961_p2   |         +|   0|  0|  22|          15|          11|
    |add_ln58_48_fu_1967_p2   |         +|   0|  0|  16|          15|          15|
    |add_ln58_49_fu_1988_p2   |         +|   0|  0|  19|          12|          12|
    |add_ln58_50_fu_2018_p2   |         +|   0|  0|  22|          15|          15|
    |add_ln58_51_fu_2038_p2   |         +|   0|  0|  16|          15|          11|
    |add_ln58_52_fu_2044_p2   |         +|   0|  0|  16|          15|          15|
    |add_ln58_53_fu_2054_p2   |         +|   0|  0|  23|          16|          16|
    |add_ln58_54_fu_2063_p2   |         +|   0|  0|  24|          17|          17|
    |add_ln58_55_fu_700_p2    |         +|   0|  0|  17|          17|          17|
    |add_ln58_56_fu_706_p2    |         +|   0|  0|  21|          14|          14|
    |add_ln58_57_fu_716_p2    |         +|   0|  0|  17|          17|          17|
    |add_ln58_58_fu_2076_p2   |         +|   0|  0|  18|          18|          18|
    |add_ln58_59_fu_2082_p2   |         +|   0|  0|  24|          17|          17|
    |add_ln58_60_fu_2088_p2   |         +|   0|  0|  17|          17|          17|
    |add_ln58_61_fu_2133_p2   |         +|   0|  0|  20|          13|          13|
    |add_ln58_62_fu_2153_p2   |         +|   0|  0|  25|          18|          18|
    |add_ln58_63_fu_758_p2    |         +|   0|  0|  16|          16|          16|
    |add_ln58_64_fu_768_p2    |         +|   0|  0|  16|          16|          16|
    |add_ln58_65_fu_778_p2    |         +|   0|  0|  17|          17|          17|
    |add_ln58_66_fu_2169_p2   |         +|   0|  0|  17|          17|          17|
    |add_ln58_67_fu_2174_p2   |         +|   0|  0|  17|          10|          10|
    |add_ln58_68_fu_2184_p2   |         +|   0|  0|  17|          17|          17|
    |add_ln58_69_fu_2212_p2   |         +|   0|  0|  23|          16|          16|
    |add_ln58_70_fu_2221_p2   |         +|   0|  0|  24|          17|          17|
    |add_ln58_71_fu_2231_p2   |         +|   0|  0|  21|          14|          14|
    |add_ln58_72_fu_2241_p2   |         +|   0|  0|  21|          14|          14|
    |add_ln58_73_fu_2251_p2   |         +|   0|  0|  22|          15|          15|
    |add_ln58_74_fu_2261_p2   |         +|   0|  0|  25|          18|          18|
    |add_ln58_75_fu_2267_p2   |         +|   0|  0|  18|          18|          18|
    |add_ln58_76_fu_2315_p2   |         +|   0|  0|  16|          14|          14|
    |add_ln58_77_fu_2330_p2   |         +|   0|  0|  18|          18|          18|
    |add_ln58_78_fu_2342_p2   |         +|   0|  0|  18|          18|          18|
    |add_ln58_79_fu_2348_p2   |         +|   0|  0|  18|          18|          18|
    |add_ln58_80_fu_2354_p2   |         +|   0|  0|  20|          13|          13|
    |add_ln58_81_fu_2364_p2   |         +|   0|  0|  17|          17|          17|
    |add_ln58_82_fu_2370_p2   |         +|   0|  0|  22|          15|          15|
    |add_ln58_83_fu_2380_p2   |         +|   0|  0|  16|          14|          14|
    |add_ln58_84_fu_2390_p2   |         +|   0|  0|  23|          16|          16|
    |add_ln58_85_fu_2400_p2   |         +|   0|  0|  17|          17|          17|
    |add_ln58_86_fu_2406_p2   |         +|   0|  0|  25|          18|          18|
    |add_ln58_87_fu_2424_p2   |         +|   0|  0|  17|          17|          17|
    |add_ln58_88_fu_2476_p2   |         +|   0|  0|  17|          17|          17|
    |add_ln58_89_fu_2482_p2   |         +|   0|  0|  21|          14|          14|
    |add_ln58_90_fu_2492_p2   |         +|   0|  0|  17|          17|          17|
    |add_ln58_91_fu_2498_p2   |         +|   0|  0|  16|          16|          16|
    |add_ln58_92_fu_2536_p2   |         +|   0|  0|  17|          17|          17|
    |add_ln58_93_fu_2542_p2   |         +|   0|  0|  17|          17|          17|
    |add_ln58_94_fu_2584_p2   |         +|   0|  0|  16|          14|          11|
    |add_ln58_95_fu_2594_p2   |         +|   0|  0|  24|          17|          17|
    |add_ln58_96_fu_2606_p2   |         +|   0|  0|  16|          15|          15|
    |add_ln58_97_fu_2616_p2   |         +|   0|  0|  17|          17|          17|
    |add_ln58_98_fu_2657_p2   |         +|   0|  0|  17|          13|          11|
    |add_ln58_99_fu_2662_p2   |         +|   0|  0|  17|          13|          13|
    |add_ln58_fu_684_p2       |         +|   0|  0|  18|          11|           9|
    |tmp296_fu_722_p2         |         +|   0|  0|  17|          10|          10|
    |tmp30575_fu_2518_p2      |         +|   0|  0|  18|          11|          11|
    |tmp310_fu_2622_p2        |         +|   0|  0|  17|          10|          10|
    |tmp31866_fu_2884_p2      |         +|   0|  0|  17|          10|          10|
    |tmp_fu_2094_p2           |         +|   0|  0|  19|          12|          12|
    |empty_fu_2508_p2         |         -|   0|  0|  17|          10|          10|
    |mult_38_fu_404_p2        |         -|   0|  0|  21|          14|          14|
    |mult_41_fu_460_p2        |         -|   0|  0|  16|          16|          16|
    |mult_42_fu_859_p2        |         -|   0|  0|  23|          16|          16|
    |mult_44_fu_494_p2        |         -|   0|  0|  23|          16|          16|
    |mult_46_fu_918_p2        |         -|   0|  0|  23|          16|          16|
    |mult_48_fu_964_p2        |         -|   0|  0|  23|          16|          16|
    |mult_50_fu_544_p2        |         -|   0|  0|  20|          13|          13|
    |mult_51_fu_558_p2        |         -|   0|  0|  18|          11|          11|
    |mult_52_fu_1003_p2       |         -|   0|  0|  20|          13|          13|
    |mult_54_fu_618_p2        |         -|   0|  0|  24|          17|          17|
    |mult_55_fu_624_p2        |         -|   0|  0|  23|          16|          16|
    |mult_56_fu_1073_p2       |         -|   0|  0|  16|          14|          14|
    |mult_57_fu_1101_p2       |         -|   0|  0|  16|          14|          14|
    |mult_61_fu_1143_p2       |         -|   0|  0|  16|          15|          15|
    |mult_62_fu_1181_p2       |         -|   0|  0|  25|          18|          18|
    |mult_63_fu_1199_p2       |         -|   0|  0|  22|          15|          15|
    |mult_64_fu_1249_p2       |         -|   0|  0|  22|          15|          15|
    |mult_65_fu_1270_p2       |         -|   0|  0|  23|          16|          16|
    |mult_66_fu_670_p2        |         -|   0|  0|  20|          13|          13|
    |mult_67_fu_1305_p2       |         -|   0|  0|  21|          14|          14|
    |mult_68_fu_1375_p2       |         -|   0|  0|  19|          12|          12|
    |mult_71_fu_1522_p2       |         -|   0|  0|  16|          15|          15|
    |mult_74_fu_1568_p2       |         -|   0|  0|  16|          14|          14|
    |mult_77_fu_1678_p2       |         -|   0|  0|  21|          14|          14|
    |mult_78_fu_1776_p2       |         -|   0|  0|  19|          12|          12|
    |mult_79_fu_1798_p2       |         -|   0|  0|  21|          14|          14|
    |mult_82_fu_1852_p2       |         -|   0|  0|  22|          15|          15|
    |mult_83_fu_1862_p2       |         -|   0|  0|  20|          13|          13|
    |mult_84_fu_1896_p2       |         -|   0|  0|  23|          16|          16|
    |sub_ln58_35_fu_1919_p2   |         -|   0|  0|  17|          11|          13|
    |sub_ln58_36_fu_1925_p2   |         -|   0|  0|  23|          16|          16|
    |sub_ln58_37_fu_1935_p2   |         -|   0|  0|  23|          16|          16|
    |sub_ln58_38_fu_1998_p2   |         -|   0|  0|  16|          16|          16|
    |sub_ln58_39_fu_2008_p2   |         -|   0|  0|  21|          14|          14|
    |sub_ln58_40_fu_2028_p2   |         -|   0|  0|  16|          15|          15|
    |sub_ln58_41_fu_2143_p2   |         -|   0|  0|  22|          15|          15|
    |sub_ln58_42_fu_2159_p2   |         -|   0|  0|  24|          17|          17|
    |sub_ln58_43_fu_784_p2    |         -|   0|  0|  17|          17|          17|
    |sub_ln58_44_fu_2194_p2   |         -|   0|  0|  27|          20|          20|
    |sub_ln58_45_fu_2200_p2   |         -|   0|  0|  18|          18|          18|
    |sub_ln58_46_fu_2206_p2   |         -|   0|  0|  17|          17|          17|
    |sub_ln58_47_fu_2273_p2   |         -|   0|  0|  17|          17|          17|
    |sub_ln58_48_fu_2279_p2   |         -|   0|  0|  16|          16|          16|
    |sub_ln58_49_fu_2285_p2   |         -|   0|  0|  26|          19|          19|
    |sub_ln58_50_fu_790_p2    |         -|   0|  0|  21|          13|          14|
    |sub_ln58_51_fu_2324_p2   |         -|   0|  0|  25|          18|          18|
    |sub_ln58_52_fu_2336_p2   |         -|   0|  0|  18|          18|          18|
    |sub_ln58_53_fu_2412_p2   |         -|   0|  0|  18|          18|          18|
    |sub_ln58_54_fu_2418_p2   |         -|   0|  0|  23|          16|          16|
    |sub_ln58_55_fu_2466_p2   |         -|   0|  0|  21|          11|          14|
    |sub_ln58_56_fu_2600_p2   |         -|   0|  0|  17|          17|          17|
    |sub_ln58_57_fu_2672_p2   |         -|   0|  0|  23|          16|          16|
    |sub_ln58_58_fu_2698_p2   |         -|   0|  0|  17|          17|          17|
    |sub_ln58_59_fu_2790_p2   |         -|   0|  0|  18|          18|          18|
    |sub_ln58_60_fu_2796_p2   |         -|   0|  0|  18|          18|          18|
    |sub_ln58_61_fu_2819_p2   |         -|   0|  0|  21|          13|          14|
    |sub_ln58_62_fu_2864_p2   |         -|   0|  0|  17|          17|          17|
    |sub_ln58_63_fu_2912_p2   |         -|   0|  0|  19|          19|          19|
    |sub_ln58_64_fu_2942_p2   |         -|   0|  0|  23|           7|          16|
    |sub_ln58_65_fu_2952_p2   |         -|   0|  0|  24|          17|          17|
    |sub_ln58_fu_694_p2       |         -|   0|  0|  19|          12|          12|
    |sub_ln73_11_fu_1052_p2   |         -|   0|  0|  21|           1|          14|
    |sub_ln73_8_fu_592_p2     |         -|   0|  0|  23|           1|          16|
    |sub_ln73_fu_450_p2       |         -|   0|  0|  22|           1|          15|
    |tmp295_fu_2123_p2        |         -|   0|  0|  24|          17|          17|
    |tmp297_fu_752_p2         |         -|   0|  0|  16|          16|          16|
    |tmp29879_fu_2297_p2      |         -|   0|  0|  16|           9|           9|
    |tmp301_fu_2430_p2        |         -|   0|  0|  18|          11|          11|
    |tmp302_fu_2460_p2        |         -|   0|  0|  24|          17|          17|
    |tmp308_fu_2548_p2        |         -|   0|  0|  17|          10|          10|
    |tmp309_fu_2578_p2        |         -|   0|  0|  16|          15|          15|
    |tmp311_fu_2651_p2        |         -|   0|  0|  16|          15|          15|
    |tmp31370_fu_2746_p2      |         -|   0|  0|  19|          12|          12|
    |tmp31668_fu_796_p2       |         -|   0|  0|  19|          12|          12|
    |tmp32164_fu_2924_p2      |         -|   0|  0|  17|          10|          10|
    +-------------------------+----------+----+---+----+------------+------------+
    |Total                    |          |   0|  0|3074|        2360|        2385|
    +-------------------------+----------+----+---+----+------------+------------+

    * Multiplexer: 
    +-----------+----+-----------+-----+-----------+
    |    Name   | LUT| Input Size| Bits| Total Bits|
    +-----------+----+-----------+-----+-----------+
    |ap_NS_fsm  |  14|          3|    1|          3|
    +-----------+----+-----------+-----+-----------+
    |Total      |  14|          3|    1|          3|
    +-----------+----+-----------+-----+-----------+

    * Register: 
    +---------------------------+----+----+-----+-----------+
    |            Name           | FF | LUT| Bits| Const Bits|
    +---------------------------+----+----+-----+-----------+
    |add_ln58_57_reg_3512       |  17|   0|   17|          0|
    |ap_CS_fsm                  |   2|   0|    2|          0|
    |ap_port_reg_data_28_val    |  10|   0|   10|          0|
    |ap_port_reg_data_30_val    |  11|   0|   11|          0|
    |ap_port_reg_data_34_val    |   8|   0|    8|          0|
    |ap_port_reg_data_38_val    |   8|   0|    8|          0|
    |ap_port_reg_data_44_val    |   8|   0|    8|          0|
    |ap_port_reg_data_45_val    |   9|   0|    9|          0|
    |ap_port_reg_data_47_val    |   8|   0|    8|          0|
    |ap_port_reg_data_50_val    |   9|   0|    9|          0|
    |ap_port_reg_data_51_val    |   8|   0|    8|          0|
    |ap_port_reg_data_56_val    |   9|   0|    9|          0|
    |ap_port_reg_data_57_val    |   8|   0|    8|          0|
    |ap_port_reg_data_62_val    |   9|   0|    9|          0|
    |ap_port_reg_data_6_val     |   9|   0|    9|          0|
    |data_12_val_read_reg_3413  |   9|   0|    9|          0|
    |data_15_val_read_reg_3404  |   9|   0|    9|          0|
    |data_1_val_read_reg_3439   |   7|   0|    7|          0|
    |data_21_val_read_reg_3398  |  10|   0|   10|          0|
    |data_23_val_read_reg_3389  |   9|   0|    9|          0|
    |data_31_val_read_reg_3380  |  10|   0|   10|          0|
    |data_32_val_read_reg_3373  |   8|   0|    8|          0|
    |data_39_val_read_reg_3366  |  11|   0|   11|          0|
    |data_5_val_read_reg_3432   |   9|   0|    9|          0|
    |data_7_val_read_reg_3427   |   8|   0|    8|          0|
    |data_9_val_read_reg_3421   |   9|   0|    9|          0|
    |mult_40_reg_3449           |   9|   0|   12|          3|
    |mult_44_reg_3465           |  12|   0|   16|          4|
    |mult_50_reg_3481           |  11|   0|   13|          2|
    |mult_51_reg_3487           |  11|   0|   11|          0|
    |mult_55_reg_3492           |  13|   0|   16|          3|
    |mult_reg_3444              |   7|   0|   10|          3|
    |shl_ln73_51_reg_3455       |   9|   0|   11|          2|
    |shl_ln73_81_reg_3497       |   8|   0|   10|          2|
    |sub_ln58_43_reg_3517       |  15|   0|   17|          2|
    |sub_ln58_50_reg_3522       |  11|   0|   14|          3|
    |sub_ln58_reg_3507          |  10|   0|   12|          2|
    |tmp31668_reg_3527          |  12|   0|   12|          0|
    |zext_ln73_133_reg_3502     |  11|   0|   12|          1|
    |zext_ln73_79_reg_3460      |   9|   0|   16|          7|
    |zext_ln73_82_reg_3471      |   9|   0|   10|          1|
    |zext_ln73_86_reg_3476      |   9|   0|   14|          5|
    +---------------------------+----+----+-----+-----------+
    |Total                      | 398|   0|  438|         40|
    +---------------------------+----+----+-----+-----------+



================================================================
== Interface
================================================================
* Summary: 
+--------------+-----+-----+------------+------------------------------------------------------------------------------+--------------+
|   RTL Ports  | Dir | Bits|  Protocol  |                                 Source Object                                |    C Type    |
+--------------+-----+-----+------------+------------------------------------------------------------------------------+--------------+
|ap_clk        |   in|    1|  ap_ctrl_hs|  dense_latency<ap_ufixed<11, 6, 5, 3, 0>, ap_fixed<14, 11, 5, 3, 0>, config6>|  return value|
|ap_rst        |   in|    1|  ap_ctrl_hs|  dense_latency<ap_ufixed<11, 6, 5, 3, 0>, ap_fixed<14, 11, 5, 3, 0>, config6>|  return value|
|ap_start      |   in|    1|  ap_ctrl_hs|  dense_latency<ap_ufixed<11, 6, 5, 3, 0>, ap_fixed<14, 11, 5, 3, 0>, config6>|  return value|
|ap_done       |  out|    1|  ap_ctrl_hs|  dense_latency<ap_ufixed<11, 6, 5, 3, 0>, ap_fixed<14, 11, 5, 3, 0>, config6>|  return value|
|ap_idle       |  out|    1|  ap_ctrl_hs|  dense_latency<ap_ufixed<11, 6, 5, 3, 0>, ap_fixed<14, 11, 5, 3, 0>, config6>|  return value|
|ap_ready      |  out|    1|  ap_ctrl_hs|  dense_latency<ap_ufixed<11, 6, 5, 3, 0>, ap_fixed<14, 11, 5, 3, 0>, config6>|  return value|
|ap_return_0   |  out|   14|  ap_ctrl_hs|  dense_latency<ap_ufixed<11, 6, 5, 3, 0>, ap_fixed<14, 11, 5, 3, 0>, config6>|  return value|
|ap_return_1   |  out|   14|  ap_ctrl_hs|  dense_latency<ap_ufixed<11, 6, 5, 3, 0>, ap_fixed<14, 11, 5, 3, 0>, config6>|  return value|
|ap_return_2   |  out|   14|  ap_ctrl_hs|  dense_latency<ap_ufixed<11, 6, 5, 3, 0>, ap_fixed<14, 11, 5, 3, 0>, config6>|  return value|
|ap_return_3   |  out|   14|  ap_ctrl_hs|  dense_latency<ap_ufixed<11, 6, 5, 3, 0>, ap_fixed<14, 11, 5, 3, 0>, config6>|  return value|
|ap_return_4   |  out|   14|  ap_ctrl_hs|  dense_latency<ap_ufixed<11, 6, 5, 3, 0>, ap_fixed<14, 11, 5, 3, 0>, config6>|  return value|
|ap_return_5   |  out|   14|  ap_ctrl_hs|  dense_latency<ap_ufixed<11, 6, 5, 3, 0>, ap_fixed<14, 11, 5, 3, 0>, config6>|  return value|
|ap_return_6   |  out|   14|  ap_ctrl_hs|  dense_latency<ap_ufixed<11, 6, 5, 3, 0>, ap_fixed<14, 11, 5, 3, 0>, config6>|  return value|
|ap_return_7   |  out|   14|  ap_ctrl_hs|  dense_latency<ap_ufixed<11, 6, 5, 3, 0>, ap_fixed<14, 11, 5, 3, 0>, config6>|  return value|
|ap_return_8   |  out|   14|  ap_ctrl_hs|  dense_latency<ap_ufixed<11, 6, 5, 3, 0>, ap_fixed<14, 11, 5, 3, 0>, config6>|  return value|
|ap_return_9   |  out|   14|  ap_ctrl_hs|  dense_latency<ap_ufixed<11, 6, 5, 3, 0>, ap_fixed<14, 11, 5, 3, 0>, config6>|  return value|
|ap_return_10  |  out|   14|  ap_ctrl_hs|  dense_latency<ap_ufixed<11, 6, 5, 3, 0>, ap_fixed<14, 11, 5, 3, 0>, config6>|  return value|
|ap_return_11  |  out|   14|  ap_ctrl_hs|  dense_latency<ap_ufixed<11, 6, 5, 3, 0>, ap_fixed<14, 11, 5, 3, 0>, config6>|  return value|
|ap_return_12  |  out|   14|  ap_ctrl_hs|  dense_latency<ap_ufixed<11, 6, 5, 3, 0>, ap_fixed<14, 11, 5, 3, 0>, config6>|  return value|
|ap_return_13  |  out|   14|  ap_ctrl_hs|  dense_latency<ap_ufixed<11, 6, 5, 3, 0>, ap_fixed<14, 11, 5, 3, 0>, config6>|  return value|
|ap_return_14  |  out|   14|  ap_ctrl_hs|  dense_latency<ap_ufixed<11, 6, 5, 3, 0>, ap_fixed<14, 11, 5, 3, 0>, config6>|  return value|
|ap_return_15  |  out|   14|  ap_ctrl_hs|  dense_latency<ap_ufixed<11, 6, 5, 3, 0>, ap_fixed<14, 11, 5, 3, 0>, config6>|  return value|
|ap_return_16  |  out|   14|  ap_ctrl_hs|  dense_latency<ap_ufixed<11, 6, 5, 3, 0>, ap_fixed<14, 11, 5, 3, 0>, config6>|  return value|
|ap_return_17  |  out|   14|  ap_ctrl_hs|  dense_latency<ap_ufixed<11, 6, 5, 3, 0>, ap_fixed<14, 11, 5, 3, 0>, config6>|  return value|
|ap_return_18  |  out|   14|  ap_ctrl_hs|  dense_latency<ap_ufixed<11, 6, 5, 3, 0>, ap_fixed<14, 11, 5, 3, 0>, config6>|  return value|
|ap_return_19  |  out|   14|  ap_ctrl_hs|  dense_latency<ap_ufixed<11, 6, 5, 3, 0>, ap_fixed<14, 11, 5, 3, 0>, config6>|  return value|
|ap_ce         |   in|    1|  ap_ctrl_hs|  dense_latency<ap_ufixed<11, 6, 5, 3, 0>, ap_fixed<14, 11, 5, 3, 0>, config6>|  return value|
|data_1_val    |   in|    7|     ap_none|                                                                    data_1_val|        scalar|
|data_5_val    |   in|    9|     ap_none|                                                                    data_5_val|        scalar|
|data_6_val    |   in|    9|     ap_none|                                                                    data_6_val|        scalar|
|data_7_val    |   in|    8|     ap_none|                                                                    data_7_val|        scalar|
|data_9_val    |   in|    9|     ap_none|                                                                    data_9_val|        scalar|
|data_12_val   |   in|    9|     ap_none|                                                                   data_12_val|        scalar|
|data_14_val   |   in|    8|     ap_none|                                                                   data_14_val|        scalar|
|data_15_val   |   in|    9|     ap_none|                                                                   data_15_val|        scalar|
|data_21_val   |   in|   10|     ap_none|                                                                   data_21_val|        scalar|
|data_23_val   |   in|    9|     ap_none|                                                                   data_23_val|        scalar|
|data_28_val   |   in|   10|     ap_none|                                                                   data_28_val|        scalar|
|data_30_val   |   in|   11|     ap_none|                                                                   data_30_val|        scalar|
|data_31_val   |   in|   10|     ap_none|                                                                   data_31_val|        scalar|
|data_32_val   |   in|    8|     ap_none|                                                                   data_32_val|        scalar|
|data_34_val   |   in|    8|     ap_none|                                                                   data_34_val|        scalar|
|data_38_val   |   in|    8|     ap_none|                                                                   data_38_val|        scalar|
|data_39_val   |   in|   11|     ap_none|                                                                   data_39_val|        scalar|
|data_44_val   |   in|    8|     ap_none|                                                                   data_44_val|        scalar|
|data_45_val   |   in|    9|     ap_none|                                                                   data_45_val|        scalar|
|data_47_val   |   in|    8|     ap_none|                                                                   data_47_val|        scalar|
|data_50_val   |   in|    9|     ap_none|                                                                   data_50_val|        scalar|
|data_51_val   |   in|    8|     ap_none|                                                                   data_51_val|        scalar|
|data_56_val   |   in|    9|     ap_none|                                                                   data_56_val|        scalar|
|data_57_val   |   in|    8|     ap_none|                                                                   data_57_val|        scalar|
|data_62_val   |   in|    9|     ap_none|                                                                   data_62_val|        scalar|
+--------------+-----+-----+------------+------------------------------------------------------------------------------+--------------+

