Mon May 18 13:54:02 2026: Running xcd server. This server was built by gradle.
Mon May 18 13:54:02 2026: Server was asked to start on port: '39331'
Mon May 18 13:54:02 2026: Server is using token UUID: '33c19878-3b4a-40d8-84b5-7f3f5e2471a2'
Mon May 18 13:54:02 2026: SESSION_MGR: creating session with session uuid: '6d04a3e9-ade5-4ab9-8d63-1f78fcd2ec76' and name 'default'
Mon May 18 13:54:02 2026: Attempting to start server on port '39331'
Mon May 18 13:54:02 2026: XCD main fifo: created main fifo '/tmp/xcdmain33c19878-3b4a-40d8-84b5-7f3f5e2471a2', fd read = 13
Mon May 18 13:54:02 2026: Running Dispatch Server
Mon May 18 13:54:02 2026: Version 2.2.0
Mon May 18 13:54:04 2026: Dispatch Server: Accepted socket connection from client
Mon May 18 13:54:04 2026: Starting Socket connection
Mon May 18 13:54:04 2026: EXCHANGE_TOKEN received, server token: 33c19878-3b4a-40d8-84b5-7f3f5e2471a2, passed token: 33c19878-3b4a-40d8-84b5-7f3f5e2471a2
Mon May 18 13:54:05 2026: DISPATCH_HANDLER: Adding handler from function makeHandler in library libxv_system_diagram
Mon May 18 13:54:05 2026: SESSION_MGR: creating session with session uuid: '5b9930bf-e7f6-409f-a219-23ee7f878408' and name 'v++_link_myproject'
Mon May 18 13:54:05 2026: KERNEL_SVC: creating session with uuid: '5b9930bf-e7f6-409f-a219-23ee7f878408' and name 'v++_link_myproject'
Mon May 18 13:54:05 2026: GUIDANCE_SMGR: creating guidance session with uuid: '5b9930bf-e7f6-409f-a219-23ee7f878408' and name 'v++_link_myproject'
Mon May 18 13:54:05 2026: SYSTEM_DIAGRAM: creating session with uuid: '5b9930bf-e7f6-409f-a219-23ee7f878408' and name 'v++_link_myproject'
Mon May 18 13:54:09 2026: Dispatch Server: Accepted socket connection from client
Mon May 18 13:54:09 2026: Starting Socket connection
Mon May 18 13:54:11 2026: Dispatch Server: Accepted socket connection from client
Mon May 18 13:54:11 2026: Starting Socket connection
Mon May 18 13:54:38 2026: Dispatch Server: Accepted socket connection from client
Mon May 18 13:54:38 2026: Starting Socket connection
Mon May 18 13:54:38 2026: Dispatch Server: Accepted socket connection from client
Mon May 18 13:54:38 2026: Starting Socket connection
Mon May 18 13:54:38 2026: Dispatch Server: Accepted socket connection from client
Mon May 18 13:54:38 2026: Starting Socket connection
Mon May 18 13:54:38 2026: Dispatch Server: Accepted socket connection from client
Mon May 18 13:54:38 2026: Starting Socket connection
Mon May 18 13:54:38 2026: Dispatch Server: Accepted socket connection from client
Mon May 18 13:54:38 2026: Starting Socket connection
Mon May 18 13:54:38 2026: Dispatch Server: Accepted socket connection from client
Mon May 18 13:54:38 2026: Starting Socket connection
Mon May 18 13:54:38 2026: Dispatch Server: Accepted socket connection from client
Mon May 18 13:54:38 2026: Starting Socket connection
Mon May 18 13:54:38 2026: Dispatch Server: Accepted socket connection from client
Mon May 18 13:54:38 2026: Starting Socket connection
Mon May 18 13:55:07 2026: Dispatch Server: Accepted socket connection from client
Mon May 18 13:55:07 2026: Starting Socket connection
Mon May 18 13:55:07 2026: Dispatch Server: Accepted socket connection from client
Mon May 18 13:55:07 2026: Starting Socket connection
Mon May 18 13:56:25 2026: Dispatch Server: Accepted socket connection from client
Mon May 18 13:56:25 2026: Starting Socket connection
Mon May 18 13:56:54 2026: Dispatch Server: Accepted socket connection from client
Mon May 18 13:56:54 2026: Starting Socket connection
Mon May 18 13:59:13 2026: SESSION_MGR: closing session for UUID '5b9930bf-e7f6-409f-a219-23ee7f878408' with name 'v++_link_myproject'
Mon May 18 13:59:13 2026: KERNEL_SVC: closing session for UUID '5b9930bf-e7f6-409f-a219-23ee7f878408' with name 'v++_link_myproject'
Mon May 18 13:59:13 2026: GUIDANCE_SMGR: closing session for UUID '5b9930bf-e7f6-409f-a219-23ee7f878408' with name 'v++_link_myproject'
Mon May 18 13:59:13 2026: SYSTEM_DIAGRAM: closing session for UUID '5b9930bf-e7f6-409f-a219-23ee7f878408' with name 'v++_link_myproject'
Mon May 18 13:59:13 2026: STOP_SERVER received, server token: 33c19878-3b4a-40d8-84b5-7f3f5e2471a2, passed token: 33c19878-3b4a-40d8-84b5-7f3f5e2471a2
Mon May 18 13:59:13 2026: Socket received request to stop server.
Mon May 18 13:59:13 2026: Dispatch Server: do_await_stop
Mon May 18 13:59:13 2026: Dispatch Server: stopping mainFifo_
Mon May 18 13:59:13 2026: XCD main fifo: Stopping
Mon May 18 13:59:13 2026: XCD main fifo: do_read error code: Operation canceled
Mon May 18 13:59:13 2026: XCD main fifo: bytes_transferred: 0
Mon May 18 13:59:13 2026: SERVER: destructor for server bound to port 39331
Mon May 18 13:59:13 2026: XCD main fifo: Good unlink of /tmp/xcdmain33c19878-3b4a-40d8-84b5-7f3f5e2471a2
Mon May 18 13:59:13 2026: Server exiting with status 0.
Mon May 18 13:59:13 2026: Closing log file.
Mon May 18 15:28:07 2026: Running xcd server. This server was built by gradle.
Mon May 18 15:28:07 2026: Server was asked to start on port: '41085'
Mon May 18 15:28:07 2026: Server is using token UUID: '6a5d3d4b-9ca8-4b45-85d2-c1e6ad516b90'
Mon May 18 15:28:07 2026: SESSION_MGR: creating session with session uuid: '6d04a3e9-ade5-4ab9-8d63-1f78fcd2ec76' and name 'default'
Mon May 18 15:28:07 2026: Attempting to start server on port '41085'
Mon May 18 15:28:07 2026: XCD main fifo: created main fifo '/tmp/xcdmain6a5d3d4b-9ca8-4b45-85d2-c1e6ad516b90', fd read = 12
Mon May 18 15:28:07 2026: Running Dispatch Server
Mon May 18 15:28:07 2026: Version 2.2.0
Mon May 18 15:28:09 2026: Dispatch Server: Accepted socket connection from client
Mon May 18 15:28:09 2026: Starting Socket connection
Mon May 18 15:28:09 2026: EXCHANGE_TOKEN received, server token: 6a5d3d4b-9ca8-4b45-85d2-c1e6ad516b90, passed token: 6a5d3d4b-9ca8-4b45-85d2-c1e6ad516b90
Mon May 18 15:28:09 2026: DISPATCH_HANDLER: Adding handler from function makeHandler in library libxv_system_diagram
Mon May 18 15:28:09 2026: SESSION_MGR: creating session with session uuid: '6b953732-d00b-4b15-af69-32afa4abbf42' and name 'v++_link_myproject'
Mon May 18 15:28:09 2026: KERNEL_SVC: creating session with uuid: '6b953732-d00b-4b15-af69-32afa4abbf42' and name 'v++_link_myproject'
Mon May 18 15:28:09 2026: GUIDANCE_SMGR: creating guidance session with uuid: '6b953732-d00b-4b15-af69-32afa4abbf42' and name 'v++_link_myproject'
Mon May 18 15:28:09 2026: SYSTEM_DIAGRAM: creating session with uuid: '6b953732-d00b-4b15-af69-32afa4abbf42' and name 'v++_link_myproject'
Mon May 18 15:28:13 2026: Dispatch Server: Accepted socket connection from client
Mon May 18 15:28:13 2026: Starting Socket connection
Mon May 18 15:28:16 2026: Dispatch Server: Accepted socket connection from client
Mon May 18 15:28:16 2026: Starting Socket connection
Mon May 18 15:28:49 2026: Dispatch Server: Accepted socket connection from client
Mon May 18 15:28:49 2026: Starting Socket connection
Mon May 18 15:29:20 2026: Dispatch Server: Accepted socket connection from client
Mon May 18 15:29:20 2026: Starting Socket connection
Mon May 18 15:31:46 2026: SESSION_MGR: closing session for UUID '6b953732-d00b-4b15-af69-32afa4abbf42' with name 'v++_link_myproject'
Mon May 18 15:31:46 2026: KERNEL_SVC: closing session for UUID '6b953732-d00b-4b15-af69-32afa4abbf42' with name 'v++_link_myproject'
Mon May 18 15:31:46 2026: GUIDANCE_SMGR: closing session for UUID '6b953732-d00b-4b15-af69-32afa4abbf42' with name 'v++_link_myproject'
Mon May 18 15:31:46 2026: SYSTEM_DIAGRAM: closing session for UUID '6b953732-d00b-4b15-af69-32afa4abbf42' with name 'v++_link_myproject'
Mon May 18 15:31:46 2026: STOP_SERVER received, server token: 6a5d3d4b-9ca8-4b45-85d2-c1e6ad516b90, passed token: 6a5d3d4b-9ca8-4b45-85d2-c1e6ad516b90
Mon May 18 15:31:46 2026: Socket received request to stop server.
Mon May 18 15:31:46 2026: Dispatch Server: do_await_stop
Mon May 18 15:31:46 2026: Dispatch Server: stopping mainFifo_
Mon May 18 15:31:46 2026: XCD main fifo: Stopping
Mon May 18 15:31:46 2026: XCD main fifo: do_read error code: Operation canceled
Mon May 18 15:31:46 2026: XCD main fifo: bytes_transferred: 0
Mon May 18 15:31:46 2026: SERVER: destructor for server bound to port 41085
Mon May 18 15:31:46 2026: XCD main fifo: Good unlink of /tmp/xcdmain6a5d3d4b-9ca8-4b45-85d2-c1e6ad516b90
Mon May 18 15:31:46 2026: Server exiting with status 0.
Mon May 18 15:31:46 2026: Closing log file.
