

================================================================
== Vitis HLS Report for 'relu_array_ap_fixed_32u_array_ap_fixed_16_6_5_3_0_32u_relu_config7_s'
================================================================
* Date:           Thu May  7 13:44:15 2026

* Version:        2025.2 (Build 6295257 on Nov 14 2025)
* Project:        vitis_unified_project
* Solution:       hls (Vivado IP Flow Target)
* Product family: zynquplus
* Target device:  xck26-sfvc784-2LV-c


================================================================
== Performance Estimates
================================================================
+ Timing: 
    * Summary: 
    +--------+---------+----------+------------+
    |  Clock |  Target | Estimated| Uncertainty|
    +--------+---------+----------+------------+
    |ap_clk  |  5.00 ns|  3.224 ns|     0.62 ns|
    +--------+---------+----------+------------+

+ Latency: 
    * Summary: 
    +---------+---------+----------+----------+-----+-----+---------+
    |  Latency (cycles) |  Latency (absolute) |  Interval | Pipeline|
    |   min   |   max   |    min   |    max   | min | max |   Type  |
    +---------+---------+----------+----------+-----+-----+---------+
    |        1|        1|  5.000 ns|  5.000 ns|    1|    1|       no|
    +---------+---------+----------+----------+-----+-----+---------+

    + Detail: 
        * Instance: 
        N/A

        * Loop: 
        N/A



================================================================
== Utilization Estimates
================================================================
* Summary: 
+-----------------+---------+------+--------+--------+-----+
|       Name      | BRAM_18K|  DSP |   FF   |   LUT  | URAM|
+-----------------+---------+------+--------+--------+-----+
|DSP              |        -|     -|       -|       -|    -|
|Expression       |        -|     -|       0|    1954|    -|
|FIFO             |        -|     -|       -|       -|    -|
|Instance         |        -|     -|       -|       -|    -|
|Memory           |        -|     -|       -|       -|    -|
|Multiplexer      |        -|     -|       0|      50|    -|
|Register         |        -|     -|     516|       -|    -|
+-----------------+---------+------+--------+--------+-----+
|Total            |        0|     0|     516|    2004|    0|
+-----------------+---------+------+--------+--------+-----+
|Available        |      288|  1248|  234240|  117120|   64|
+-----------------+---------+------+--------+--------+-----+
|Utilization (%)  |        0|     0|      ~0|       1|    0|
+-----------------+---------+------+--------+--------+-----+

+ Detail: 
    * Instance: 
    N/A

    * DSP: 
    N/A

    * Memory: 
    N/A

    * FIFO: 
    N/A

    * Expression: 
    +---------------------------+----------+----+---+----+------------+------------+
    |       Variable Name       | Operation| DSP| FF| LUT| Bitwidth P0| Bitwidth P1|
    +---------------------------+----------+----+---+----+------------+------------+
    |icmp_ln51_32_fu_631_p2     |      icmp|   0|  0|  45|          38|           1|
    |icmp_ln51_33_fu_655_p2     |      icmp|   0|  0|  45|          38|           1|
    |icmp_ln51_34_fu_679_p2     |      icmp|   0|  0|  45|          38|           1|
    |icmp_ln51_35_fu_703_p2     |      icmp|   0|  0|  45|          38|           1|
    |icmp_ln51_36_fu_727_p2     |      icmp|   0|  0|  45|          38|           1|
    |icmp_ln51_37_fu_751_p2     |      icmp|   0|  0|  45|          38|           1|
    |icmp_ln51_38_fu_775_p2     |      icmp|   0|  0|  45|          38|           1|
    |icmp_ln51_39_fu_799_p2     |      icmp|   0|  0|  45|          38|           1|
    |icmp_ln51_40_fu_823_p2     |      icmp|   0|  0|  45|          38|           1|
    |icmp_ln51_41_fu_847_p2     |      icmp|   0|  0|  45|          38|           1|
    |icmp_ln51_42_fu_871_p2     |      icmp|   0|  0|  45|          38|           1|
    |icmp_ln51_43_fu_895_p2     |      icmp|   0|  0|  45|          38|           1|
    |icmp_ln51_44_fu_919_p2     |      icmp|   0|  0|  45|          38|           1|
    |icmp_ln51_45_fu_943_p2     |      icmp|   0|  0|  45|          38|           1|
    |icmp_ln51_46_fu_967_p2     |      icmp|   0|  0|  45|          38|           1|
    |icmp_ln51_47_fu_991_p2     |      icmp|   0|  0|  45|          38|           1|
    |icmp_ln51_48_fu_1015_p2    |      icmp|   0|  0|  45|          38|           1|
    |icmp_ln51_49_fu_1039_p2    |      icmp|   0|  0|  45|          38|           1|
    |icmp_ln51_50_fu_1063_p2    |      icmp|   0|  0|  45|          38|           1|
    |icmp_ln51_51_fu_1087_p2    |      icmp|   0|  0|  45|          38|           1|
    |icmp_ln51_52_fu_1111_p2    |      icmp|   0|  0|  45|          38|           1|
    |icmp_ln51_53_fu_1135_p2    |      icmp|   0|  0|  45|          38|           1|
    |icmp_ln51_54_fu_1159_p2    |      icmp|   0|  0|  45|          38|           1|
    |icmp_ln51_55_fu_1183_p2    |      icmp|   0|  0|  45|          38|           1|
    |icmp_ln51_56_fu_1207_p2    |      icmp|   0|  0|  45|          38|           1|
    |icmp_ln51_57_fu_1231_p2    |      icmp|   0|  0|  45|          38|           1|
    |icmp_ln51_58_fu_1255_p2    |      icmp|   0|  0|  45|          38|           1|
    |icmp_ln51_59_fu_1279_p2    |      icmp|   0|  0|  45|          38|           1|
    |icmp_ln51_60_fu_1303_p2    |      icmp|   0|  0|  45|          38|           1|
    |icmp_ln51_61_fu_1327_p2    |      icmp|   0|  0|  45|          38|           1|
    |icmp_ln51_62_fu_1351_p2    |      icmp|   0|  0|  45|          38|           1|
    |icmp_ln51_fu_607_p2        |      icmp|   0|  0|  45|          38|           1|
    |ap_block_state1            |        or|   0|  0|   2|           1|           1|
    |select_ln51_32_fu_647_p3   |    select|   0|  0|  16|           1|          16|
    |select_ln51_33_fu_671_p3   |    select|   0|  0|  16|           1|          16|
    |select_ln51_34_fu_695_p3   |    select|   0|  0|  16|           1|          16|
    |select_ln51_35_fu_719_p3   |    select|   0|  0|  16|           1|          16|
    |select_ln51_36_fu_743_p3   |    select|   0|  0|  16|           1|          16|
    |select_ln51_37_fu_767_p3   |    select|   0|  0|  16|           1|          16|
    |select_ln51_38_fu_791_p3   |    select|   0|  0|  16|           1|          16|
    |select_ln51_39_fu_815_p3   |    select|   0|  0|  16|           1|          16|
    |select_ln51_40_fu_839_p3   |    select|   0|  0|  16|           1|          16|
    |select_ln51_41_fu_863_p3   |    select|   0|  0|  16|           1|          16|
    |select_ln51_42_fu_887_p3   |    select|   0|  0|  16|           1|          16|
    |select_ln51_43_fu_911_p3   |    select|   0|  0|  16|           1|          16|
    |select_ln51_44_fu_935_p3   |    select|   0|  0|  16|           1|          16|
    |select_ln51_45_fu_959_p3   |    select|   0|  0|  16|           1|          16|
    |select_ln51_46_fu_983_p3   |    select|   0|  0|  16|           1|          16|
    |select_ln51_47_fu_1007_p3  |    select|   0|  0|  16|           1|          16|
    |select_ln51_48_fu_1031_p3  |    select|   0|  0|  16|           1|          16|
    |select_ln51_49_fu_1055_p3  |    select|   0|  0|  16|           1|          16|
    |select_ln51_50_fu_1079_p3  |    select|   0|  0|  16|           1|          16|
    |select_ln51_51_fu_1103_p3  |    select|   0|  0|  16|           1|          16|
    |select_ln51_52_fu_1127_p3  |    select|   0|  0|  16|           1|          16|
    |select_ln51_53_fu_1151_p3  |    select|   0|  0|  16|           1|          16|
    |select_ln51_54_fu_1175_p3  |    select|   0|  0|  16|           1|          16|
    |select_ln51_55_fu_1199_p3  |    select|   0|  0|  16|           1|          16|
    |select_ln51_56_fu_1223_p3  |    select|   0|  0|  16|           1|          16|
    |select_ln51_57_fu_1247_p3  |    select|   0|  0|  16|           1|          16|
    |select_ln51_58_fu_1271_p3  |    select|   0|  0|  16|           1|          16|
    |select_ln51_59_fu_1295_p3  |    select|   0|  0|  16|           1|          16|
    |select_ln51_60_fu_1319_p3  |    select|   0|  0|  16|           1|          16|
    |select_ln51_61_fu_1343_p3  |    select|   0|  0|  16|           1|          16|
    |select_ln51_62_fu_1367_p3  |    select|   0|  0|  16|           1|          16|
    |select_ln51_fu_623_p3      |    select|   0|  0|  16|           1|          16|
    +---------------------------+----------+----+---+----+------------+------------+
    |Total                      |          |   0|  0|1954|        1249|         545|
    +---------------------------+----------+----+---+----+------------+------------+

    * Multiplexer: 
    +------------------+----+-----------+-----+-----------+
    |       Name       | LUT| Input Size| Bits| Total Bits|
    +------------------+----+-----------+-----+-----------+
    |ap_NS_fsm         |  14|          3|    1|          3|
    |ap_done           |   9|          2|    1|          2|
    |layer6_out_blk_n  |   9|          2|    1|          2|
    |layer7_out_blk_n  |   9|          2|    1|          2|
    |real_start        |   9|          2|    1|          2|
    +------------------+----+-----------+-----+-----------+
    |Total             |  50|         11|    5|         11|
    +------------------+----+-----------+-----+-----------+

    * Register: 
    +-------------------------+----+----+-----+-----------+
    |           Name          | FF | LUT| Bits| Const Bits|
    +-------------------------+----+----+-----+-----------+
    |ap_CS_fsm                |   2|   0|    2|          0|
    |ap_done_reg              |   1|   0|    1|          0|
    |select_ln51_32_reg_1417  |  16|   0|   16|          0|
    |select_ln51_33_reg_1422  |  16|   0|   16|          0|
    |select_ln51_34_reg_1427  |  16|   0|   16|          0|
    |select_ln51_35_reg_1432  |  16|   0|   16|          0|
    |select_ln51_36_reg_1437  |  16|   0|   16|          0|
    |select_ln51_37_reg_1442  |  16|   0|   16|          0|
    |select_ln51_38_reg_1447  |  16|   0|   16|          0|
    |select_ln51_39_reg_1452  |  16|   0|   16|          0|
    |select_ln51_40_reg_1457  |  16|   0|   16|          0|
    |select_ln51_41_reg_1462  |  16|   0|   16|          0|
    |select_ln51_42_reg_1467  |  16|   0|   16|          0|
    |select_ln51_43_reg_1472  |  16|   0|   16|          0|
    |select_ln51_44_reg_1477  |  16|   0|   16|          0|
    |select_ln51_45_reg_1482  |  16|   0|   16|          0|
    |select_ln51_46_reg_1487  |  16|   0|   16|          0|
    |select_ln51_47_reg_1492  |  16|   0|   16|          0|
    |select_ln51_48_reg_1497  |  16|   0|   16|          0|
    |select_ln51_49_reg_1502  |  16|   0|   16|          0|
    |select_ln51_50_reg_1507  |  16|   0|   16|          0|
    |select_ln51_51_reg_1512  |  16|   0|   16|          0|
    |select_ln51_52_reg_1517  |  16|   0|   16|          0|
    |select_ln51_53_reg_1522  |  16|   0|   16|          0|
    |select_ln51_54_reg_1527  |  16|   0|   16|          0|
    |select_ln51_55_reg_1532  |  16|   0|   16|          0|
    |select_ln51_56_reg_1537  |  16|   0|   16|          0|
    |select_ln51_57_reg_1542  |  16|   0|   16|          0|
    |select_ln51_58_reg_1547  |  16|   0|   16|          0|
    |select_ln51_59_reg_1552  |  16|   0|   16|          0|
    |select_ln51_60_reg_1557  |  16|   0|   16|          0|
    |select_ln51_61_reg_1562  |  16|   0|   16|          0|
    |select_ln51_62_reg_1567  |  16|   0|   16|          0|
    |select_ln51_reg_1412     |  16|   0|   16|          0|
    |start_once_reg           |   1|   0|    1|          0|
    +-------------------------+----+----+-----+-----------+
    |Total                    | 516|   0|  516|          0|
    +-------------------------+----+----+-----+-----------+



================================================================
== Interface
================================================================
* Summary: 
+---------------------------+-----+------+------------+------------------------------------------------------------------------+--------------+
|         RTL Ports         | Dir | Bits |  Protocol  |                              Source Object                             |    C Type    |
+---------------------------+-----+------+------------+------------------------------------------------------------------------+--------------+
|ap_clk                     |   in|     1|  ap_ctrl_hs|  relu<array<ap_fixed,32u>,array<ap_fixed<16,6,5,3,0>,32u>,relu_config7>|  return value|
|ap_rst                     |   in|     1|  ap_ctrl_hs|  relu<array<ap_fixed,32u>,array<ap_fixed<16,6,5,3,0>,32u>,relu_config7>|  return value|
|ap_start                   |   in|     1|  ap_ctrl_hs|  relu<array<ap_fixed,32u>,array<ap_fixed<16,6,5,3,0>,32u>,relu_config7>|  return value|
|start_full_n               |   in|     1|  ap_ctrl_hs|  relu<array<ap_fixed,32u>,array<ap_fixed<16,6,5,3,0>,32u>,relu_config7>|  return value|
|ap_done                    |  out|     1|  ap_ctrl_hs|  relu<array<ap_fixed,32u>,array<ap_fixed<16,6,5,3,0>,32u>,relu_config7>|  return value|
|ap_continue                |   in|     1|  ap_ctrl_hs|  relu<array<ap_fixed,32u>,array<ap_fixed<16,6,5,3,0>,32u>,relu_config7>|  return value|
|ap_idle                    |  out|     1|  ap_ctrl_hs|  relu<array<ap_fixed,32u>,array<ap_fixed<16,6,5,3,0>,32u>,relu_config7>|  return value|
|ap_ready                   |  out|     1|  ap_ctrl_hs|  relu<array<ap_fixed,32u>,array<ap_fixed<16,6,5,3,0>,32u>,relu_config7>|  return value|
|start_out                  |  out|     1|  ap_ctrl_hs|  relu<array<ap_fixed,32u>,array<ap_fixed<16,6,5,3,0>,32u>,relu_config7>|  return value|
|start_write                |  out|     1|  ap_ctrl_hs|  relu<array<ap_fixed,32u>,array<ap_fixed<16,6,5,3,0>,32u>,relu_config7>|  return value|
|layer6_out_dout            |   in|  1216|     ap_fifo|                                                              layer6_out|       pointer|
|layer6_out_empty_n         |   in|     1|     ap_fifo|                                                              layer6_out|       pointer|
|layer6_out_read            |  out|     1|     ap_fifo|                                                              layer6_out|       pointer|
|layer6_out_num_data_valid  |   in|     2|     ap_fifo|                                                              layer6_out|       pointer|
|layer6_out_fifo_cap        |   in|     2|     ap_fifo|                                                              layer6_out|       pointer|
|layer7_out_din             |  out|   512|     ap_fifo|                                                              layer7_out|       pointer|
|layer7_out_full_n          |   in|     1|     ap_fifo|                                                              layer7_out|       pointer|
|layer7_out_write           |  out|     1|     ap_fifo|                                                              layer7_out|       pointer|
|layer7_out_num_data_valid  |   in|     2|     ap_fifo|                                                              layer7_out|       pointer|
|layer7_out_fifo_cap        |   in|     2|     ap_fifo|                                                              layer7_out|       pointer|
+---------------------------+-----+------+------------+------------------------------------------------------------------------+--------------+

