Thu May  7 13:32:59 2026: Running xcd server. This server was built by gradle.
Thu May  7 13:32:59 2026: Server was asked to start on port: '37653'
Thu May  7 13:32:59 2026: Server is using token UUID: 'ec51a374-0172-407f-88c7-62af1d446078'
Thu May  7 13:32:59 2026: SESSION_MGR: creating session with session uuid: '6d04a3e9-ade5-4ab9-8d63-1f78fcd2ec76' and name 'default'
Thu May  7 13:32:59 2026: Attempting to start server on port '37653'
Thu May  7 13:32:59 2026: XCD main fifo: created main fifo '/tmp/xcdmainec51a374-0172-407f-88c7-62af1d446078', fd read = 12
Thu May  7 13:32:59 2026: Running Dispatch Server
Thu May  7 13:32:59 2026: Version 2.2.0
Thu May  7 13:33:01 2026: Dispatch Server: Accepted socket connection from client
Thu May  7 13:33:01 2026: Starting Socket connection
Thu May  7 13:33:01 2026: EXCHANGE_TOKEN received, server token: ec51a374-0172-407f-88c7-62af1d446078, passed token: ec51a374-0172-407f-88c7-62af1d446078
Thu May  7 13:33:01 2026: DISPATCH_HANDLER: Adding handler from function makeHandler in library libxv_system_diagram
Thu May  7 13:33:01 2026: SESSION_MGR: creating session with session uuid: 'ad73d4e1-569b-4654-8757-9b5c020136ed' and name 'v++_link_myproject'
Thu May  7 13:33:01 2026: KERNEL_SVC: creating session with uuid: 'ad73d4e1-569b-4654-8757-9b5c020136ed' and name 'v++_link_myproject'
Thu May  7 13:33:01 2026: GUIDANCE_SMGR: creating guidance session with uuid: 'ad73d4e1-569b-4654-8757-9b5c020136ed' and name 'v++_link_myproject'
Thu May  7 13:33:01 2026: SYSTEM_DIAGRAM: creating session with uuid: 'ad73d4e1-569b-4654-8757-9b5c020136ed' and name 'v++_link_myproject'
Thu May  7 13:33:06 2026: Dispatch Server: Accepted socket connection from client
Thu May  7 13:33:06 2026: Starting Socket connection
Thu May  7 13:33:09 2026: Dispatch Server: Accepted socket connection from client
Thu May  7 13:33:09 2026: Starting Socket connection
Thu May  7 13:33:49 2026: Dispatch Server: Accepted socket connection from client
Thu May  7 13:33:49 2026: Starting Socket connection
Thu May  7 13:33:49 2026: Dispatch Server: Accepted socket connection from client
Thu May  7 13:33:49 2026: Starting Socket connection
Thu May  7 13:33:49 2026: Dispatch Server: Accepted socket connection from client
Thu May  7 13:33:49 2026: Starting Socket connection
Thu May  7 13:33:49 2026: Dispatch Server: Accepted socket connection from client
Thu May  7 13:33:49 2026: Starting Socket connection
Thu May  7 13:33:49 2026: Dispatch Server: Accepted socket connection from client
Thu May  7 13:33:49 2026: Starting Socket connection
Thu May  7 13:33:49 2026: Dispatch Server: Accepted socket connection from client
Thu May  7 13:33:49 2026: Starting Socket connection
Thu May  7 13:33:49 2026: Dispatch Server: Accepted socket connection from client
Thu May  7 13:33:49 2026: Starting Socket connection
Thu May  7 13:33:49 2026: Dispatch Server: Accepted socket connection from client
Thu May  7 13:33:49 2026: Starting Socket connection
Thu May  7 13:34:23 2026: Dispatch Server: Accepted socket connection from client
Thu May  7 13:34:23 2026: Starting Socket connection
Thu May  7 13:34:23 2026: Dispatch Server: Accepted socket connection from client
Thu May  7 13:34:23 2026: Starting Socket connection
Thu May  7 13:45:08 2026: Running xcd server. This server was built by gradle.
Thu May  7 13:45:08 2026: Server was asked to start on port: '34493'
Thu May  7 13:45:08 2026: Server is using token UUID: 'c4857f6f-b705-49a3-85b7-cadca2626828'
Thu May  7 13:45:08 2026: SESSION_MGR: creating session with session uuid: '6d04a3e9-ade5-4ab9-8d63-1f78fcd2ec76' and name 'default'
Thu May  7 13:45:08 2026: Attempting to start server on port '34493'
Thu May  7 13:45:08 2026: XCD main fifo: created main fifo '/tmp/xcdmainc4857f6f-b705-49a3-85b7-cadca2626828', fd read = 11
Thu May  7 13:45:08 2026: Running Dispatch Server
Thu May  7 13:45:08 2026: Version 2.2.0
Thu May  7 13:45:10 2026: Dispatch Server: Accepted socket connection from client
Thu May  7 13:45:10 2026: Starting Socket connection
Thu May  7 13:45:10 2026: EXCHANGE_TOKEN received, server token: c4857f6f-b705-49a3-85b7-cadca2626828, passed token: c4857f6f-b705-49a3-85b7-cadca2626828
Thu May  7 13:45:10 2026: DISPATCH_HANDLER: Adding handler from function makeHandler in library libxv_system_diagram
Thu May  7 13:45:10 2026: SESSION_MGR: creating session with session uuid: '961c41e7-b8d5-49bf-9a70-98f30e66b8c3' and name 'v++_link_myproject'
Thu May  7 13:45:10 2026: KERNEL_SVC: creating session with uuid: '961c41e7-b8d5-49bf-9a70-98f30e66b8c3' and name 'v++_link_myproject'
Thu May  7 13:45:10 2026: GUIDANCE_SMGR: creating guidance session with uuid: '961c41e7-b8d5-49bf-9a70-98f30e66b8c3' and name 'v++_link_myproject'
Thu May  7 13:45:10 2026: SYSTEM_DIAGRAM: creating session with uuid: '961c41e7-b8d5-49bf-9a70-98f30e66b8c3' and name 'v++_link_myproject'
Thu May  7 13:45:16 2026: Dispatch Server: Accepted socket connection from client
Thu May  7 13:45:16 2026: Starting Socket connection
Thu May  7 13:45:20 2026: Dispatch Server: Accepted socket connection from client
Thu May  7 13:45:20 2026: Starting Socket connection
Thu May  7 13:46:03 2026: Dispatch Server: Accepted socket connection from client
Thu May  7 13:46:03 2026: Starting Socket connection
