

================================================================
== Vitis HLS Report for 'compute'
================================================================
* Date:           Wed Mar 11 11:10:00 2026

* Version:        2025.2 (Build 6295257 on Nov 14 2025)
* Project:        vitis_unified_project
* Solution:       hls (Vivado IP Flow Target)
* Product family: zynquplus
* Target device:  xck26-sfvc784-2LV-c


================================================================
== Performance Estimates
================================================================
+ Timing: 
    * Summary: 
    +--------+---------+----------+------------+
    |  Clock |  Target | Estimated| Uncertainty|
    +--------+---------+----------+------------+
    |ap_clk  |  5.00 ns|  4.209 ns|     0.62 ns|
    +--------+---------+----------+------------+

+ Latency: 
    * Summary: 
    +---------+---------+----------+----------+-----+-----+---------+
    |  Latency (cycles) |  Latency (absolute) |  Interval | Pipeline|
    |   min   |   max   |    min   |    max   | min | max |   Type  |
    +---------+---------+----------+----------+-----+-----+---------+
    |        ?|        ?|         ?|         ?|    ?|    ?|       no|
    +---------+---------+----------+----------+-----+-----+---------+

    + Detail: 
        * Instance: 
        +---------------------+-----------+---------+---------+-----------+-----------+-----+-----+----------+
        |                     |           |  Latency (cycles) |   Latency (absolute)  |  Interval | Pipeline |
        |       Instance      |   Module  |   min   |   max   |    min    |    max    | min | max |   Type   |
        +---------------------+-----------+---------+---------+-----------+-----------+-----+-----+----------+
        |grp_myproject_fu_66  |myproject  |       14|       14|  70.000 ns|  70.000 ns|    6|    6|  dataflow|
        +---------------------+-----------+---------+---------+-----------+-----------+-----+-----+----------+

        * Loop: 
        +-------------------+---------+---------+----------+-----------+-----------+------+----------+
        |                   |  Latency (cycles) | Iteration|  Initiation Interval  | Trip |          |
        |     Loop Name     |   min   |   max   |  Latency |  achieved |   target  | Count| Pipelined|
        +-------------------+---------+---------+----------+-----------+-----------+------+----------+
        |- VITIS_LOOP_42_1  |        ?|        ?|        16|          -|          -|     ?|        no|
        +-------------------+---------+---------+----------+-----------+-----------+------+----------+



================================================================
== Utilization Estimates
================================================================
* Summary: 
+-----------------+---------+------+--------+--------+-----+
|       Name      | BRAM_18K|  DSP |   FF   |   LUT  | URAM|
+-----------------+---------+------+--------+--------+-----+
|DSP              |        -|     -|       -|       -|    -|
|Expression       |        -|     -|       0|      81|    -|
|FIFO             |        -|     -|       -|       -|    -|
|Instance         |        4|  1120|    9772|   40206|    -|
|Memory           |        -|     -|       -|       -|    -|
|Multiplexer      |        -|     -|       0|      56|    -|
|Register         |        -|     -|      70|       -|    -|
+-----------------+---------+------+--------+--------+-----+
|Total            |        4|  1120|    9842|   40343|    0|
+-----------------+---------+------+--------+--------+-----+
|Available        |      288|  1248|  234240|  117120|   64|
+-----------------+---------+------+--------+--------+-----+
|Utilization (%)  |        1|    89|       4|      34|    0|
+-----------------+---------+------+--------+--------+-----+

+ Detail: 
    * Instance: 
    +---------------------+-----------+---------+------+------+-------+-----+
    |       Instance      |   Module  | BRAM_18K|  DSP |  FF  |  LUT  | URAM|
    +---------------------+-----------+---------+------+------+-------+-----+
    |grp_myproject_fu_66  |myproject  |        4|  1120|  9772|  40206|    0|
    +---------------------+-----------+---------+------+------+-------+-----+
    |Total                |           |        4|  1120|  9772|  40206|    0|
    +---------------------+-----------+---------+------+------+-------+-----+

    * DSP: 
    N/A

    * Memory: 
    N/A

    * FIFO: 
    N/A

    * Expression: 
    +--------------------------------------+----------+----+---+----+------------+------------+
    |             Variable Name            | Operation| DSP| FF| LUT| Bitwidth P0| Bitwidth P1|
    +--------------------------------------+----------+----+---+----+------------+------------+
    |add_ln42_fu_95_p2                     |         +|   0|  0|  38|          31|           1|
    |icmp_ln42_fu_90_p2                    |      icmp|   0|  0|  39|          32|          32|
    |ap_block_state1                       |        or|   0|  0|   2|           1|           1|
    |ap_sync_grp_myproject_fu_66_ap_ready  |        or|   0|  0|   2|           1|           1|
    +--------------------------------------+----------+----+---+----+------------+------------+
    |Total                                 |          |   0|  0|  81|          65|          35|
    +--------------------------------------+----------+----+---+----+------------+------------+

    * Multiplexer: 
    +--------------------+----+-----------+-----+-----------+
    |        Name        | LUT| Input Size| Bits| Total Bits|
    +--------------------+----+-----------+-----+-----------+
    |ap_NS_fsm           |  20|          4|    1|          4|
    |ap_done             |   9|          2|    1|          2|
    |batch_size_blk_n    |   9|          2|    1|          2|
    |batch_size_c_blk_n  |   9|          2|    1|          2|
    |q_fu_48             |   9|          2|   31|         62|
    +--------------------+----+-----------+-----+-----------+
    |Total               |  56|         12|   35|         72|
    +--------------------+----+-----------+-----+-----------+

    * Register: 
    +------------------------------------------+----+----+-----+-----------+
    |                   Name                   | FF | LUT| Bits| Const Bits|
    +------------------------------------------+----+----+-----+-----------+
    |ap_CS_fsm                                 |   3|   0|    3|          0|
    |ap_done_reg                               |   1|   0|    1|          0|
    |ap_sync_reg_grp_myproject_fu_66_ap_done   |   1|   0|    1|          0|
    |ap_sync_reg_grp_myproject_fu_66_ap_ready  |   1|   0|    1|          0|
    |batch_size_read_reg_113                   |  32|   0|   32|          0|
    |grp_myproject_fu_66_ap_start_reg          |   1|   0|    1|          0|
    |q_fu_48                                   |  31|   0|   31|          0|
    +------------------------------------------+----+----+-----+-----------+
    |Total                                     |  70|   0|   70|          0|
    +------------------------------------------+----+----+-----+-----------+



================================================================
== Interface
================================================================
* Summary: 
+---------------------------------------+-----+-----+------------+------------------------+--------------+
|               RTL Ports               | Dir | Bits|  Protocol  |      Source Object     |    C Type    |
+---------------------------------------+-----+-----+------------+------------------------+--------------+
|ap_clk                                 |   in|    1|  ap_ctrl_hs|                 compute|  return value|
|ap_rst                                 |   in|    1|  ap_ctrl_hs|                 compute|  return value|
|ap_start                               |   in|    1|  ap_ctrl_hs|                 compute|  return value|
|ap_done                                |  out|    1|  ap_ctrl_hs|                 compute|  return value|
|ap_continue                            |   in|    1|  ap_ctrl_hs|                 compute|  return value|
|ap_idle                                |  out|    1|  ap_ctrl_hs|                 compute|  return value|
|ap_ready                               |  out|    1|  ap_ctrl_hs|                 compute|  return value|
|batch_size_dout                        |   in|   32|     ap_fifo|              batch_size|       pointer|
|batch_size_empty_n                     |   in|    1|     ap_fifo|              batch_size|       pointer|
|batch_size_read                        |  out|    1|     ap_fifo|              batch_size|       pointer|
|batch_size_num_data_valid              |   in|    3|     ap_fifo|              batch_size|       pointer|
|batch_size_fifo_cap                    |   in|    3|     ap_fifo|              batch_size|       pointer|
|batch_size_c_din                       |  out|   32|     ap_fifo|            batch_size_c|       pointer|
|batch_size_c_full_n                    |   in|    1|     ap_fifo|            batch_size_c|       pointer|
|batch_size_c_write                     |  out|    1|     ap_fifo|            batch_size_c|       pointer|
|batch_size_c_num_data_valid            |   in|    3|     ap_fifo|            batch_size_c|       pointer|
|batch_size_c_fifo_cap                  |   in|    3|     ap_fifo|            batch_size_c|       pointer|
|stream_in0_linput_dout                 |   in|  256|     ap_fifo|       stream_in0_linput|       pointer|
|stream_in0_linput_empty_n              |   in|    1|     ap_fifo|       stream_in0_linput|       pointer|
|stream_in0_linput_read                 |  out|    1|     ap_fifo|       stream_in0_linput|       pointer|
|stream_in0_linput_num_data_valid       |   in|    8|     ap_fifo|       stream_in0_linput|       pointer|
|stream_in0_linput_fifo_cap             |   in|    8|     ap_fifo|       stream_in0_linput|       pointer|
|stream_out0_layer5_out_din             |  out|   80|     ap_fifo|  stream_out0_layer5_out|       pointer|
|stream_out0_layer5_out_full_n          |   in|    1|     ap_fifo|  stream_out0_layer5_out|       pointer|
|stream_out0_layer5_out_write           |  out|    1|     ap_fifo|  stream_out0_layer5_out|       pointer|
|stream_out0_layer5_out_num_data_valid  |   in|    8|     ap_fifo|  stream_out0_layer5_out|       pointer|
|stream_out0_layer5_out_fifo_cap        |   in|    8|     ap_fifo|  stream_out0_layer5_out|       pointer|
+---------------------------------------+-----+-----+------------+------------------------+--------------+

