Thu May  7 09:58:20 2026: Running xcd server. This server was built by gradle.
Thu May  7 09:58:20 2026: Server was asked to start on port: '45873'
Thu May  7 09:58:20 2026: Server is using token UUID: '809da6d5-dd9c-4064-b605-cdecd66f594b'
Thu May  7 09:58:20 2026: SESSION_MGR: creating session with session uuid: '6d04a3e9-ade5-4ab9-8d63-1f78fcd2ec76' and name 'default'
Thu May  7 09:58:20 2026: Attempting to start server on port '45873'
Thu May  7 09:58:20 2026: XCD main fifo: created main fifo '/tmp/xcdmain809da6d5-dd9c-4064-b605-cdecd66f594b', fd read = 12
Thu May  7 09:58:20 2026: Running Dispatch Server
Thu May  7 09:58:20 2026: Version 2.2.0
Thu May  7 09:58:22 2026: Dispatch Server: Accepted socket connection from client
Thu May  7 09:58:22 2026: Starting Socket connection
Thu May  7 09:58:22 2026: EXCHANGE_TOKEN received, server token: 809da6d5-dd9c-4064-b605-cdecd66f594b, passed token: 809da6d5-dd9c-4064-b605-cdecd66f594b
Thu May  7 09:58:22 2026: DISPATCH_HANDLER: Adding handler from function makeHandler in library libxv_system_diagram
Thu May  7 09:58:22 2026: SESSION_MGR: creating session with session uuid: '1a4a183c-3e16-43ff-82c8-8b2e1cae8adf' and name 'v++_link_myproject'
Thu May  7 09:58:22 2026: KERNEL_SVC: creating session with uuid: '1a4a183c-3e16-43ff-82c8-8b2e1cae8adf' and name 'v++_link_myproject'
Thu May  7 09:58:22 2026: GUIDANCE_SMGR: creating guidance session with uuid: '1a4a183c-3e16-43ff-82c8-8b2e1cae8adf' and name 'v++_link_myproject'
Thu May  7 09:58:22 2026: SYSTEM_DIAGRAM: creating session with uuid: '1a4a183c-3e16-43ff-82c8-8b2e1cae8adf' and name 'v++_link_myproject'
Thu May  7 09:58:26 2026: Dispatch Server: Accepted socket connection from client
Thu May  7 09:58:26 2026: Starting Socket connection
Thu May  7 09:58:29 2026: Dispatch Server: Accepted socket connection from client
Thu May  7 09:58:29 2026: Starting Socket connection
Thu May  7 09:58:56 2026: Dispatch Server: Accepted socket connection from client
Thu May  7 09:58:56 2026: Starting Socket connection
Thu May  7 09:58:56 2026: Dispatch Server: Accepted socket connection from client
Thu May  7 09:58:56 2026: Starting Socket connection
Thu May  7 09:58:56 2026: Dispatch Server: Accepted socket connection from client
Thu May  7 09:58:56 2026: Starting Socket connection
Thu May  7 09:58:56 2026: Dispatch Server: Accepted socket connection from client
Thu May  7 09:58:56 2026: Starting Socket connection
Thu May  7 09:58:56 2026: Dispatch Server: Accepted socket connection from client
Thu May  7 09:58:56 2026: Starting Socket connection
Thu May  7 09:58:56 2026: Dispatch Server: Accepted socket connection from client
Thu May  7 09:58:56 2026: Starting Socket connection
Thu May  7 09:58:56 2026: Dispatch Server: Accepted socket connection from client
Thu May  7 09:58:56 2026: Starting Socket connection
Thu May  7 09:58:56 2026: Dispatch Server: Accepted socket connection from client
Thu May  7 09:58:56 2026: Starting Socket connection
Thu May  7 09:59:25 2026: Dispatch Server: Accepted socket connection from client
Thu May  7 09:59:25 2026: Starting Socket connection
Thu May  7 09:59:26 2026: Dispatch Server: Accepted socket connection from client
Thu May  7 09:59:26 2026: Starting Socket connection
Thu May  7 10:00:10 2026: Dispatch Server: Accepted socket connection from client
Thu May  7 10:00:10 2026: Starting Socket connection
Thu May  7 10:00:40 2026: Dispatch Server: Accepted socket connection from client
Thu May  7 10:00:40 2026: Starting Socket connection
Thu May  7 10:02:43 2026: SESSION_MGR: closing session for UUID '1a4a183c-3e16-43ff-82c8-8b2e1cae8adf' with name 'v++_link_myproject'
Thu May  7 10:02:43 2026: KERNEL_SVC: closing session for UUID '1a4a183c-3e16-43ff-82c8-8b2e1cae8adf' with name 'v++_link_myproject'
Thu May  7 10:02:43 2026: GUIDANCE_SMGR: closing session for UUID '1a4a183c-3e16-43ff-82c8-8b2e1cae8adf' with name 'v++_link_myproject'
Thu May  7 10:02:43 2026: SYSTEM_DIAGRAM: closing session for UUID '1a4a183c-3e16-43ff-82c8-8b2e1cae8adf' with name 'v++_link_myproject'
Thu May  7 10:02:43 2026: STOP_SERVER received, server token: 809da6d5-dd9c-4064-b605-cdecd66f594b, passed token: 809da6d5-dd9c-4064-b605-cdecd66f594b
Thu May  7 10:02:43 2026: Socket received request to stop server.
Thu May  7 10:02:43 2026: Dispatch Server: do_await_stop
Thu May  7 10:02:43 2026: Dispatch Server: stopping mainFifo_
Thu May  7 10:02:43 2026: XCD main fifo: Stopping
Thu May  7 10:02:43 2026: XCD main fifo: do_read error code: Operation canceled
Thu May  7 10:02:43 2026: XCD main fifo: bytes_transferred: 0
Thu May  7 10:02:43 2026: SERVER: destructor for server bound to port 45873
Thu May  7 10:02:43 2026: XCD main fifo: Good unlink of /tmp/xcdmain809da6d5-dd9c-4064-b605-cdecd66f594b
Thu May  7 10:02:43 2026: Server exiting with status 0.
Thu May  7 10:02:43 2026: Closing log file.
