Copyright 1986-2022 Xilinx, Inc. All Rights Reserved. Copyright 2022-2025 Advanced Micro Devices, Inc. All Rights Reserved.
-----------------------------------------------------------------------------------------------------------------------------------------------------------------------------------------------------------------
| Tool Version : Vivado v.2025.2 (lin64) Build 6299465 Fri Nov 14 12:34:56 MST 2025
| Date         : Mon Jun  8 14:36:25 2026
| Host         : KrissDEV running 64-bit Ubuntu 24.04.4 LTS
| Command      : report_accelerator_utilization -kernels { myproject_axi_stream:vitis_design_i/myproject_axi_stream_1/inst:myproject_axi_stream_1} -file kernel_util_synthed.rpt -name kernel_util_synthed -json
| Design       : vitis_design_wrapper
| Device       : xck26
| Design State : Synthesized
-----------------------------------------------------------------------------------------------------------------------------------------------------------------------------------------------------------------

Accelerator Utilization Design Information

Table of Contents
-----------------
1. System Utilization

1. System Utilization
---------------------

+---------------------------+------------------+-----------------+------------------+---------------+--------------+----------------+
| Name                      | LUT              | LUTAsMem        | REG              | BRAM          | URAM         | DSP            |
+---------------------------+------------------+-----------------+------------------+---------------+--------------+----------------+
| Platform                  |   4727 [  4.04%] |   836 [  1.45%] |   7006 [  2.99%] |   2 [  1.39%] |  0 [  0.00%] |    0 [  0.00%] |
| User Budget               | 112393 [100.00%] | 56764 [100.00%] | 227234 [100.00%] | 142 [100.00%] | 64 [100.00%] | 1248 [100.00%] |
|    Used Resources         |   5933 [  5.28%] |     0 [  0.00%] |   3543 [  1.56%] |   0 [  0.00%] |  0 [  0.00%] |    0 [  0.00%] |
|    Unused Resources       | 106460 [ 94.72%] | 56764 [100.00%] | 223691 [ 98.44%] | 142 [100.00%] | 64 [100.00%] | 1248 [100.00%] |
| myproject_axi_stream      |   5933 [  5.28%] |     0 [  0.00%] |   3543 [  1.56%] |   0 [  0.00%] |  0 [  0.00%] |    0 [  0.00%] |
|    myproject_axi_stream_1 |   5933 [  5.28%] |     0 [  0.00%] |   3543 [  1.56%] |   0 [  0.00%] |  0 [  0.00%] |    0 [  0.00%] |
+---------------------------+------------------+-----------------+------------------+---------------+--------------+----------------+


