

================================================================
== Vitis HLS Report for 'relu_array_ap_ufixed_16u_array_ap_ufixed_5_3_5_3_0_16u_relu_config4_s'
================================================================
* Date:           Mon May  4 23:39:30 2026

* Version:        2025.2 (Build 6295257 on Nov 14 2025)
* Project:        vitis_unified_project
* Solution:       hls (Vivado IP Flow Target)
* Product family: zynquplus
* Target device:  xck26-sfvc784-2LV-c


================================================================
== Performance Estimates
================================================================
+ Timing: 
    * Summary: 
    +--------+---------+----------+------------+
    |  Clock |  Target | Estimated| Uncertainty|
    +--------+---------+----------+------------+
    |ap_clk  |  5.00 ns|  3.814 ns|     0.62 ns|
    +--------+---------+----------+------------+

+ Latency: 
    * Summary: 
    +---------+---------+----------+----------+-----+-----+------------------------------------------------+
    |  Latency (cycles) |  Latency (absolute) |  Interval |                    Pipeline                    |
    |   min   |   max   |    min   |    max   | min | max |                      Type                      |
    +---------+---------+----------+----------+-----+-----+------------------------------------------------+
    |      678|      678|  3.390 us|  3.390 us|  677|  677|  loop auto-rewind stp (delay=0 clock cycles(s))|
    +---------+---------+----------+----------+-----+-----+------------------------------------------------+

    + Detail: 
        * Instance: 
        N/A

        * Loop: 
        +---------------+---------+---------+----------+-----------+-----------+------+----------+
        |               |  Latency (cycles) | Iteration|  Initiation Interval  | Trip |          |
        |   Loop Name   |   min   |   max   |  Latency |  achieved |   target  | Count| Pipelined|
        +---------------+---------+---------+----------+-----------+-----------+------+----------+
        |- ReLUActLoop  |      676|      676|         2|          1|          1|   676|       yes|
        +---------------+---------+---------+----------+-----------+-----------+------+----------+



================================================================
== Utilization Estimates
================================================================
* Summary: 
+-----------------+---------+------+--------+--------+-----+
|       Name      | BRAM_18K|  DSP |   FF   |   LUT  | URAM|
+-----------------+---------+------+--------+--------+-----+
|DSP              |        -|     -|       -|       -|    -|
|Expression       |        -|     -|       0|      42|    -|
|FIFO             |        -|     -|       -|       -|    -|
|Instance         |        -|     -|       -|       -|    -|
|Memory           |        -|     -|       -|       -|    -|
|Multiplexer      |        -|     -|       0|      63|    -|
|Register         |        -|     -|      14|       -|    -|
+-----------------+---------+------+--------+--------+-----+
|Total            |        0|     0|      14|     105|    0|
+-----------------+---------+------+--------+--------+-----+
|Available        |      288|  1248|  234240|  117120|   64|
+-----------------+---------+------+--------+--------+-----+
|Utilization (%)  |        0|     0|      ~0|      ~0|    0|
+-----------------+---------+------+--------+--------+-----+

+ Detail: 
    * Instance: 
    N/A

    * DSP: 
    N/A

    * Memory: 
    N/A

    * FIFO: 
    N/A

    * Expression: 
    +---------------------------------------+----------+----+---+----+------------+------------+
    |             Variable Name             | Operation| DSP| FF| LUT| Bitwidth P0| Bitwidth P1|
    +---------------------------------------+----------+----+---+----+------------+------------+
    |i_2_fu_68_p2                           |         +|   0|  0|  17|          10|           1|
    |ap_condition_103                       |       and|   0|  0|   2|           1|           1|
    |icmp_ln41_fu_62_p2                     |      icmp|   0|  0|  17|          10|          10|
    |ap_block_pp0_stage0_01001_grp1         |        or|   0|  0|   2|           1|           1|
    |ap_block_state2_pp0_stage0_iter1_grp1  |        or|   0|  0|   2|           1|           1|
    |ap_enable_pp0                          |       xor|   0|  0|   2|           1|           2|
    +---------------------------------------+----------+----+---+----+------------+------------+
    |Total                                  |          |   0|  0|  42|          24|          16|
    +---------------------------------------+----------+----+---+----+------------+------------+

    * Multiplexer: 
    +-------------------------+----+-----------+-----+-----------+
    |           Name          | LUT| Input Size| Bits| Total Bits|
    +-------------------------+----+-----------+-----+-----------+
    |ap_done_int              |   9|          2|    1|          2|
    |ap_enable_reg_pp0_iter1  |   9|          2|    1|          2|
    |ap_sig_allocacmp_i_1     |   9|          2|   10|         20|
    |i_fu_36                  |   9|          2|   10|         20|
    |layer3_out_blk_n         |   9|          2|    1|          2|
    |layer4_out_blk_n         |   9|          2|    1|          2|
    |real_start               |   9|          2|    1|          2|
    +-------------------------+----+-----------+-----+-----------+
    |Total                    |  63|         14|   25|         50|
    +-------------------------+----+-----------+-----+-----------+

    * Register: 
    +-------------------------+----+----+-----+-----------+
    |           Name          | FF | LUT| Bits| Const Bits|
    +-------------------------+----+----+-----+-----------+
    |ap_CS_fsm                |   1|   0|    1|          0|
    |ap_done_reg              |   1|   0|    1|          0|
    |ap_enable_reg_pp0_iter1  |   1|   0|    1|          0|
    |i_fu_36                  |  10|   0|   10|          0|
    |start_once_reg           |   1|   0|    1|          0|
    +-------------------------+----+----+-----+-----------+
    |Total                    |  14|   0|   14|          0|
    +-------------------------+----+----+-----+-----------+



================================================================
== Interface
================================================================
* Summary: 
+---------------------------+-----+-----+------------+-------------------------------------------------------------------------+--------------+
|         RTL Ports         | Dir | Bits|  Protocol  |                              Source Object                              |    C Type    |
+---------------------------+-----+-----+------------+-------------------------------------------------------------------------+--------------+
|ap_clk                     |   in|    1|  ap_ctrl_hs|  relu<array<ap_ufixed,16u>,array<ap_ufixed<5,3,5,3,0>,16u>,relu_config4>|  return value|
|ap_rst                     |   in|    1|  ap_ctrl_hs|  relu<array<ap_ufixed,16u>,array<ap_ufixed<5,3,5,3,0>,16u>,relu_config4>|  return value|
|ap_start                   |   in|    1|  ap_ctrl_hs|  relu<array<ap_ufixed,16u>,array<ap_ufixed<5,3,5,3,0>,16u>,relu_config4>|  return value|
|start_full_n               |   in|    1|  ap_ctrl_hs|  relu<array<ap_ufixed,16u>,array<ap_ufixed<5,3,5,3,0>,16u>,relu_config4>|  return value|
|ap_done                    |  out|    1|  ap_ctrl_hs|  relu<array<ap_ufixed,16u>,array<ap_ufixed<5,3,5,3,0>,16u>,relu_config4>|  return value|
|ap_continue                |   in|    1|  ap_ctrl_hs|  relu<array<ap_ufixed,16u>,array<ap_ufixed<5,3,5,3,0>,16u>,relu_config4>|  return value|
|ap_idle                    |  out|    1|  ap_ctrl_hs|  relu<array<ap_ufixed,16u>,array<ap_ufixed<5,3,5,3,0>,16u>,relu_config4>|  return value|
|ap_ready                   |  out|    1|  ap_ctrl_hs|  relu<array<ap_ufixed,16u>,array<ap_ufixed<5,3,5,3,0>,16u>,relu_config4>|  return value|
|start_out                  |  out|    1|  ap_ctrl_hs|  relu<array<ap_ufixed,16u>,array<ap_ufixed<5,3,5,3,0>,16u>,relu_config4>|  return value|
|start_write                |  out|    1|  ap_ctrl_hs|  relu<array<ap_ufixed,16u>,array<ap_ufixed<5,3,5,3,0>,16u>,relu_config4>|  return value|
|layer3_out_dout            |   in|   80|     ap_fifo|                                                               layer3_out|       pointer|
|layer3_out_empty_n         |   in|    1|     ap_fifo|                                                               layer3_out|       pointer|
|layer3_out_read            |  out|    1|     ap_fifo|                                                               layer3_out|       pointer|
|layer3_out_num_data_valid  |   in|   11|     ap_fifo|                                                               layer3_out|       pointer|
|layer3_out_fifo_cap        |   in|   11|     ap_fifo|                                                               layer3_out|       pointer|
|layer4_out_din             |  out|   80|     ap_fifo|                                                               layer4_out|       pointer|
|layer4_out_full_n          |   in|    1|     ap_fifo|                                                               layer4_out|       pointer|
|layer4_out_write           |  out|    1|     ap_fifo|                                                               layer4_out|       pointer|
|layer4_out_num_data_valid  |   in|   32|     ap_fifo|                                                               layer4_out|       pointer|
|layer4_out_fifo_cap        |   in|   32|     ap_fifo|                                                               layer4_out|       pointer|
+---------------------------+-----+-----+------------+-------------------------------------------------------------------------+--------------+

