#-----------------------------------------------------------
# Vivado v2025.2 (64-bit)
# SW Build 6299465 on Fri Nov 14 12:34:56 MST 2025
# IP Build 6300035 on Fri Nov 14 10:48:45 MST 2025
# SharedData Build 6298862 on Thu Nov 13 04:50:51 MST 2025
# Start of session at: Mon May  4 16:08:32 2026
# Process ID         : 416786
# Current directory  : /home/ncgadmin/Bachelor/HLS4ML_testbench_KV260/development/hgq2/2/hls4ml_prj_VitisUnified_2025/vitis_workspace/myproject/vitis_unified_project/hls/.autopilot/db/ip_tmp
# Command line       : vivado  -notrace -log vivado.log -mode batch -source run_vivado_gen_ip.tcl
# Log file           : /home/ncgadmin/Bachelor/HLS4ML_testbench_KV260/development/hgq2/2/hls4ml_prj_VitisUnified_2025/vitis_workspace/myproject/vitis_unified_project/hls/.autopilot/db/ip_tmp/vivado.log
# Journal file       : /home/ncgadmin/Bachelor/HLS4ML_testbench_KV260/development/hgq2/2/hls4ml_prj_VitisUnified_2025/vitis_workspace/myproject/vitis_unified_project/hls/.autopilot/db/ip_tmp/vivado.jou
# Running On         : KrissDEV
# Platform           : Ubuntu
# Operating System   : Ubuntu 24.04.4 LTS
# Processor Detail   : QEMU Virtual CPU version 2.5+
# CPU Frequency      : 4291.952 MHz
# CPU Physical cores : 16
# CPU Logical cores  : 16
# Host memory        : 65838 MB
# Swap memory        : 0 MB
# Total Virtual      : 65838 MB
# Available Virtual  : 45069 MB
#-----------------------------------------------------------
source run_vivado_gen_ip.tcl -notrace
INFO: [IP_Flow 19-234] Refreshing IP repositories
INFO: [IP_Flow 19-1704] No user IP repositories specified
INFO: [IP_Flow 19-2313] Loaded Vivado IP repository '/usr/lib/AMD/2025.2/data/ip'.
INFO: [IP_Flow 19-1686] Generating 'Synthesis' target for IP 'myproject_axi_master_fpext_32ns_64_2_no_dsp_1_ip'...
INFO: [IP_Flow 19-1686] Generating 'Simulation' target for IP 'myproject_axi_master_fpext_32ns_64_2_no_dsp_1_ip'...
INFO: [Common 17-206] Exiting Vivado at Mon May  4 16:08:35 2026...
