

================================================================
== Vitis HLS Report for 'load_input_Pipeline_load_input_loop_VITIS_LOOP_8_1'
================================================================
* Date:           Wed May 27 10:02:10 2026

* Version:        2025.2 (Build 6295257 on Nov 14 2025)
* Project:        vitis_unified_project
* Solution:       hls (Vivado IP Flow Target)
* Product family: zynquplus
* Target device:  xck26-sfvc784-2LV-c


================================================================
== Performance Estimates
================================================================
+ Timing: 
    * Summary: 
    +--------+---------+----------+------------+
    |  Clock |  Target | Estimated| Uncertainty|
    +--------+---------+----------+------------+
    |ap_clk  |  5.00 ns|  4.310 ns|     0.62 ns|
    +--------+---------+----------+------------+

+ Latency: 
    * Summary: 
    +---------+---------+----------+----------+-----+-----+-------------------+
    |  Latency (cycles) |  Latency (absolute) |  Interval |      Pipeline     |
    |   min   |   max   |    min   |    max   | min | max |        Type       |
    +---------+---------+----------+----------+-----+-----+-------------------+
    |        ?|        ?|         ?|         ?|    0|    0|  loop pipeline stp|
    +---------+---------+----------+----------+-----+-----+-------------------+

    + Detail: 
        * Instance: 
        N/A

        * Loop: 
        +----------------------------------+---------+---------+----------+-----------+-----------+------+----------+
        |                                  |  Latency (cycles) | Iteration|  Initiation Interval  | Trip |          |
        |             Loop Name            |   min   |   max   |  Latency |  achieved |   target  | Count| Pipelined|
        +----------------------------------+---------+---------+----------+-----------+-----------+------+----------+
        |- load_input_loop_VITIS_LOOP_8_1  |        ?|        ?|         5|          1|          1|     ?|       yes|
        +----------------------------------+---------+---------+----------+-----------+-----------+------+----------+

============================================================
+ Verbose Summary: Synthesis Manager
============================================================
InlineROM: 1
ExposeGlobal: 0
============================================================
+ Verbose Summary: CDFG Model
============================================================
IsTopModel: 0
ResetActiveHigh: 1
IsCombinational: 0
IsDatapathOnly: 0
HasWiredReturn: 1
HasMFsm: 2
HasVarLatency: 1
IsPipeline: 0
IsRtlPipelined: 0
IsInstanceOverlapped: 0
IsDontTouch: 0
HasImplIP: 0
IsGatedGlobalClock: 0

+ Individual pipeline summary: 
  * Pipeline-0: initiation interval (II) = 1, depth = 6


============================================================
+ Verbose Summary: Schedule
============================================================
* Number of FSM states : 6
* Pipeline : 1
  Pipeline-0 : II = 1, D = 6, States = { 1 2 3 4 5 6 }
* Dataflow Pipeline: 0

* FSM state transitions: 
1 --> 2 
2 --> 3 
3 --> 4 
4 --> 5 
5 --> 6 
6 --> 

* FSM state operations: 

State 1 <SV = 0> <Delay = 0.42>
ST_1 : Operation 8 [1/1] (0.00ns)   --->   "%indvar_flatten = alloca i32 1"   --->   Operation 8 'alloca' 'indvar_flatten' <Predicate = true> <Delay = 0.00>
ST_1 : Operation 9 [1/1] (0.00ns)   --->   "%specaxissidechannel_ln0 = specaxissidechannel void @_ssdm_op_SpecAXISSideChannel, i32 %axi_input_stream_V_data_V, i4 %axi_input_stream_V_keep_V, i4 %axi_input_stream_V_strb_V, i1 0, i1 %axi_input_stream_V_last_V, i1 0, i1 0, void @empty_13"   --->   Operation 9 'specaxissidechannel' 'specaxissidechannel_ln0' <Predicate = true> <Delay = 0.00>
ST_1 : Operation 10 [1/1] (0.00ns)   --->   "%specinterface_ln0 = specinterface void @_ssdm_op_SpecInterface, i32 %axi_input_stream_V_data_V, i4 %axi_input_stream_V_keep_V, i4 %axi_input_stream_V_strb_V, i1 %axi_input_stream_V_last_V, void @empty_6, i32 0, i32 0, void @empty_12, i32 0, i32 0, void @empty, void @empty, void @empty, i32 0, i32 0, i32 0, i32 0, void @empty, void @empty, i32 4294967295, i32 0, i32 0, i32 0"   --->   Operation 10 'specinterface' 'specinterface_ln0' <Predicate = true> <Delay = 0.00>
ST_1 : Operation 11 [1/1] (0.00ns)   --->   "%specinterface_ln0 = specinterface void @_ssdm_op_SpecInterface, i8 %model_input_stream, void @empty_4, i32 0, i32 0, void @empty, i32 0, i32 0, void @empty, void @empty, void @empty, i32 0, i32 0, i32 0, i32 0, void @empty, void @empty, i32 4294967295, i32 0, i32 0, i32 0"   --->   Operation 11 'specinterface' 'specinterface_ln0' <Predicate = true> <Delay = 0.00>
ST_1 : Operation 12 [1/1] (0.00ns)   --->   "%bound_read = read i41 @_ssdm_op_Read.ap_auto.i41, i41 %bound"   --->   Operation 12 'read' 'bound_read' <Predicate = true> <Delay = 0.00>
ST_1 : Operation 13 [1/1] (0.42ns)   --->   "%store_ln0 = store i41 0, i41 %indvar_flatten"   --->   Operation 13 'store' 'store_ln0' <Predicate = true> <Delay = 0.42>
ST_1 : Operation 14 [1/1] (0.00ns)   --->   "%br_ln7 = br void %VITIS_LOOP_10_2.i" [firmware/myproject_axi_stream.cpp:7]   --->   Operation 14 'br' 'br_ln7' <Predicate = true> <Delay = 0.00>

State 2 <SV = 1> <Delay = 1.46>
ST_2 : Operation 15 [1/1] (0.00ns)   --->   "%indvar_flatten_load = load i41 %indvar_flatten" [firmware/myproject_axi_stream.cpp:7]   --->   Operation 15 'load' 'indvar_flatten_load' <Predicate = true> <Delay = 0.00>
ST_2 : Operation 16 [1/1] (1.04ns)   --->   "%icmp_ln7 = icmp_eq  i41 %indvar_flatten_load, i41 %bound_read" [firmware/myproject_axi_stream.cpp:7]   --->   Operation 16 'icmp' 'icmp_ln7' <Predicate = true> <Delay = 1.04> <CoreInst = "Cmp">   --->   Core 9 'Cmp' <Latency = 0> <II = 1> <Delay = 1.04> <FuncUnit> <Opcode : 'seteq' 'setne' 'setle' 'setge' 'setlt' 'setgt'> <InPorts = 2> <OutPorts = 1>
ST_2 : Operation 17 [1/1] (0.00ns)   --->   "%br_ln7 = br i1 %icmp_ln7, void %for.inc12.i, void %load_input.exit.exitStub" [firmware/myproject_axi_stream.cpp:7]   --->   Operation 17 'br' 'br_ln7' <Predicate = true> <Delay = 0.00>
ST_2 : Operation 18 [1/1] (1.04ns)   --->   "%add_ln7 = add i41 %indvar_flatten_load, i41 1" [firmware/myproject_axi_stream.cpp:7]   --->   Operation 18 'add' 'add_ln7' <Predicate = (!icmp_ln7)> <Delay = 1.04> <CoreInst = "Adder">   --->   Core 1 'Adder' <Latency = 0> <II = 1> <Delay = 1.04> <FuncUnit> <Opcode : 'add' 'sub'> <InPorts = 2> <OutPorts = 1>
ST_2 : Operation 19 [1/1] (0.42ns)   --->   "%store_ln7 = store i41 %add_ln7, i41 %indvar_flatten" [firmware/myproject_axi_stream.cpp:7]   --->   Operation 19 'store' 'store_ln7' <Predicate = (!icmp_ln7)> <Delay = 0.42>

State 3 <SV = 2> <Delay = 2.38>
ST_3 : Operation 20 [1/1] ( I:0.07ns O:0.07ns )   --->   "%empty = read i41 @_ssdm_op_Read.axis.volatile.i32P0A.i4P0A.i4P0A.i1P0A, i32 %axi_input_stream_V_data_V, i4 %axi_input_stream_V_keep_V, i4 %axi_input_stream_V_strb_V, i1 %axi_input_stream_V_last_V" [firmware/myproject_axi_stream.cpp:12]   --->   Operation 20 'read' 'empty' <Predicate = true> <Delay = 0.07> <CoreInst = "regslice">   --->   Core 147 'regslice' <Latency = 0> <II = 1> <Delay = 0.65> <Adapter> <Opcode : 'read' 'write'>
ST_3 : Operation 21 [1/1] (0.00ns)   --->   "%p_s = extractvalue i41 %empty" [firmware/myproject_axi_stream.cpp:12]   --->   Operation 21 'extractvalue' 'p_s' <Predicate = true> <Delay = 0.00>
ST_3 : Operation 22 [1/1] (0.00ns)   --->   "%bitcast_ln12 = bitcast i32 %p_s" [firmware/myproject_axi_stream.cpp:12]   --->   Operation 22 'bitcast' 'bitcast_ln12' <Predicate = true> <Delay = 0.00>
ST_3 : Operation 23 [2/2] (2.30ns)   --->   "%pf = fpext i32 %bitcast_ln12" [firmware/myproject_axi_stream.cpp:13]   --->   Operation 23 'fpext' 'pf' <Predicate = true> <Delay = 2.30> <CoreInst = "Float2Double">   --->   Core 64 'Float2Double' <Latency = 1> <II = 1> <Delay = 2.30> <FuncUnit> <Opcode : 'fpext'> <InPorts = 1> <OutPorts = 1>

State 4 <SV = 3> <Delay = 3.39>
ST_4 : Operation 24 [1/2] (2.30ns)   --->   "%pf = fpext i32 %bitcast_ln12" [firmware/myproject_axi_stream.cpp:13]   --->   Operation 24 'fpext' 'pf' <Predicate = true> <Delay = 2.30> <CoreInst = "Float2Double">   --->   Core 64 'Float2Double' <Latency = 1> <II = 1> <Delay = 2.30> <FuncUnit> <Opcode : 'fpext'> <InPorts = 1> <OutPorts = 1>
ST_4 : Operation 25 [1/1] (0.00ns)   --->   "%bitcast_ln726 = bitcast i64 %pf" [firmware/myproject_axi_stream.cpp:13]   --->   Operation 25 'bitcast' 'bitcast_ln726' <Predicate = true> <Delay = 0.00>
ST_4 : Operation 26 [1/1] (0.00ns)   --->   "%trunc_ln13 = trunc i64 %bitcast_ln726" [firmware/myproject_axi_stream.cpp:13]   --->   Operation 26 'trunc' 'trunc_ln13' <Predicate = true> <Delay = 0.00>
ST_4 : Operation 27 [1/1] (0.00ns)   --->   "%tmp = bitselect i1 @_ssdm_op_BitSelect.i1.i64.i32, i64 %bitcast_ln726, i32 63" [firmware/myproject_axi_stream.cpp:13]   --->   Operation 27 'bitselect' 'tmp' <Predicate = true> <Delay = 0.00>
ST_4 : Operation 28 [1/1] (0.00ns)   --->   "%tmp_i = partselect i11 @_ssdm_op_PartSelect.i11.i64.i32, i64 %bitcast_ln726, i32 52" [firmware/myproject_axi_stream.cpp:13]   --->   Operation 28 'partselect' 'tmp_i' <Predicate = true> <Delay = 0.00>
ST_4 : Operation 29 [1/1] (0.00ns)   --->   "%trunc_ln13_1 = trunc i64 %bitcast_ln726" [firmware/myproject_axi_stream.cpp:13]   --->   Operation 29 'trunc' 'trunc_ln13_1' <Predicate = true> <Delay = 0.00>
ST_4 : Operation 30 [1/1] (1.08ns)   --->   "%icmp_ln13 = icmp_eq  i63 %trunc_ln13, i63 0" [firmware/myproject_axi_stream.cpp:13]   --->   Operation 30 'icmp' 'icmp_ln13' <Predicate = true> <Delay = 1.08> <CoreInst = "Cmp">   --->   Core 9 'Cmp' <Latency = 0> <II = 1> <Delay = 1.08> <FuncUnit> <Opcode : 'seteq' 'setne' 'setle' 'setge' 'setlt' 'setgt'> <InPorts = 2> <OutPorts = 1>

State 5 <SV = 4> <Delay = 4.30>
ST_5 : Operation 31 [1/1] (0.00ns)   --->   "%zext_ln13 = zext i11 %tmp_i" [firmware/myproject_axi_stream.cpp:13]   --->   Operation 31 'zext' 'zext_ln13' <Predicate = true> <Delay = 0.00>
ST_5 : Operation 32 [1/1] (0.00ns)   --->   "%zext_ln13_1_cast = bitconcatenate i53 @_ssdm_op_BitConcatenate.i53.i1.i52, i1 1, i52 %trunc_ln13_1" [firmware/myproject_axi_stream.cpp:13]   --->   Operation 32 'bitconcatenate' 'zext_ln13_1_cast' <Predicate = true> <Delay = 0.00>
ST_5 : Operation 33 [1/1] (0.00ns)   --->   "%zext_ln13_1 = zext i53 %zext_ln13_1_cast" [firmware/myproject_axi_stream.cpp:13]   --->   Operation 33 'zext' 'zext_ln13_1' <Predicate = true> <Delay = 0.00>
ST_5 : Operation 34 [1/1] (1.10ns)   --->   "%sub_ln13 = sub i54 0, i54 %zext_ln13_1" [firmware/myproject_axi_stream.cpp:13]   --->   Operation 34 'sub' 'sub_ln13' <Predicate = (tmp)> <Delay = 1.10> <CoreInst = "Adder">   --->   Core 1 'Adder' <Latency = 0> <II = 1> <Delay = 1.10> <FuncUnit> <Opcode : 'add' 'sub'> <InPorts = 2> <OutPorts = 1>
ST_5 : Operation 35 [1/1] (0.40ns)   --->   "%select_ln13 = select i1 %tmp, i54 %sub_ln13, i54 %zext_ln13_1" [firmware/myproject_axi_stream.cpp:13]   --->   Operation 35 'select' 'select_ln13' <Predicate = true> <Delay = 0.40> <CoreInst = "Sel">   --->   Core 73 'Sel' <Latency = 0> <II = 1> <Delay = 0.40> <FuncUnit> <Opcode : 'select'> <InPorts = 3> <OutPorts = 1>
ST_5 : Operation 36 [1/1] (0.80ns)   --->   "%sub_ln13_1 = sub i12 1075, i12 %zext_ln13" [firmware/myproject_axi_stream.cpp:13]   --->   Operation 36 'sub' 'sub_ln13_1' <Predicate = true> <Delay = 0.80> <CoreInst = "Adder">   --->   Core 1 'Adder' <Latency = 0> <II = 1> <Delay = 0.80> <FuncUnit> <Opcode : 'add' 'sub'> <InPorts = 2> <OutPorts = 1>
ST_5 : Operation 37 [1/1] (0.00ns)   --->   "%trunc_ln13_2 = trunc i12 %sub_ln13_1" [firmware/myproject_axi_stream.cpp:13]   --->   Operation 37 'trunc' 'trunc_ln13_2' <Predicate = true> <Delay = 0.00>
ST_5 : Operation 38 [1/1] (0.00ns)   --->   "%trunc_ln13_3 = trunc i12 %sub_ln13_1" [firmware/myproject_axi_stream.cpp:13]   --->   Operation 38 'trunc' 'trunc_ln13_3' <Predicate = true> <Delay = 0.00>
ST_5 : Operation 39 [1/1] (0.80ns)   --->   "%icmp_ln13_1 = icmp_sgt  i12 %sub_ln13_1, i12 2" [firmware/myproject_axi_stream.cpp:13]   --->   Operation 39 'icmp' 'icmp_ln13_1' <Predicate = true> <Delay = 0.80> <CoreInst = "Cmp">   --->   Core 9 'Cmp' <Latency = 0> <II = 1> <Delay = 0.80> <FuncUnit> <Opcode : 'seteq' 'setne' 'setle' 'setge' 'setlt' 'setgt'> <InPorts = 2> <OutPorts = 1>
ST_5 : Operation 40 [1/1] (0.80ns)   --->   "%add_ln13 = add i12 %sub_ln13_1, i12 4094" [firmware/myproject_axi_stream.cpp:13]   --->   Operation 40 'add' 'add_ln13' <Predicate = true> <Delay = 0.80> <CoreInst = "Adder">   --->   Core 1 'Adder' <Latency = 0> <II = 1> <Delay = 0.80> <FuncUnit> <Opcode : 'add' 'sub'> <InPorts = 2> <OutPorts = 1>
ST_5 : Operation 41 [1/1] (0.00ns)   --->   "%trunc_ln13_4 = trunc i12 %add_ln13" [firmware/myproject_axi_stream.cpp:13]   --->   Operation 41 'trunc' 'trunc_ln13_4' <Predicate = true> <Delay = 0.00>
ST_5 : Operation 42 [1/1] (0.79ns)   --->   "%sub_ln13_2 = sub i11 2, i11 %trunc_ln13_3" [firmware/myproject_axi_stream.cpp:13]   --->   Operation 42 'sub' 'sub_ln13_2' <Predicate = true> <Delay = 0.79> <CoreInst = "Adder">   --->   Core 1 'Adder' <Latency = 0> <II = 1> <Delay = 0.79> <FuncUnit> <Opcode : 'add' 'sub'> <InPorts = 2> <OutPorts = 1>
ST_5 : Operation 43 [1/1] (0.38ns)   --->   "%select_ln13_1 = select i1 %icmp_ln13_1, i11 %trunc_ln13_4, i11 %sub_ln13_2" [firmware/myproject_axi_stream.cpp:13]   --->   Operation 43 'select' 'select_ln13_1' <Predicate = true> <Delay = 0.38> <CoreInst = "Sel">   --->   Core 73 'Sel' <Latency = 0> <II = 1> <Delay = 0.38> <FuncUnit> <Opcode : 'select'> <InPorts = 3> <OutPorts = 1>
ST_5 : Operation 44 [1/1] (0.00ns)   --->   "%zext_ln13_2 = zext i11 %select_ln13_1" [firmware/myproject_axi_stream.cpp:13]   --->   Operation 44 'zext' 'zext_ln13_2' <Predicate = true> <Delay = 0.00>
ST_5 : Operation 45 [1/1] (0.80ns)   --->   "%icmp_ln13_2 = icmp_eq  i12 %sub_ln13_1, i12 2" [firmware/myproject_axi_stream.cpp:13]   --->   Operation 45 'icmp' 'icmp_ln13_2' <Predicate = true> <Delay = 0.80> <CoreInst = "Cmp">   --->   Core 9 'Cmp' <Latency = 0> <II = 1> <Delay = 0.80> <FuncUnit> <Opcode : 'seteq' 'setne' 'setle' 'setge' 'setlt' 'setgt'> <InPorts = 2> <OutPorts = 1>
ST_5 : Operation 46 [1/1] (0.00ns)   --->   "%trunc_ln13_5 = trunc i54 %select_ln13" [firmware/myproject_axi_stream.cpp:13]   --->   Operation 46 'trunc' 'trunc_ln13_5' <Predicate = true> <Delay = 0.00>
ST_5 : Operation 47 [1/1] (0.79ns)   --->   "%icmp_ln13_3 = icmp_ult  i11 %select_ln13_1, i11 54" [firmware/myproject_axi_stream.cpp:13]   --->   Operation 47 'icmp' 'icmp_ln13_3' <Predicate = true> <Delay = 0.79> <CoreInst = "Cmp">   --->   Core 9 'Cmp' <Latency = 0> <II = 1> <Delay = 0.79> <FuncUnit> <Opcode : 'seteq' 'setne' 'setle' 'setge' 'setlt' 'setgt'> <InPorts = 2> <OutPorts = 1>
ST_5 : Operation 48 [1/1] (0.00ns) (grouped into LUT with out node add_ln13_2)   --->   "%select_ln13_4 = select i1 %tmp, i4 15, i4 0" [firmware/myproject_axi_stream.cpp:13]   --->   Operation 48 'select' 'select_ln13_4' <Predicate = true> <Delay = 0.00> <CoreInst = "Sel">   --->   Core 73 'Sel' <Latency = 0> <II = 1> <Delay = 0.17> <FuncUnit> <Opcode : 'select'> <InPorts = 3> <OutPorts = 1>
ST_5 : Operation 49 [1/1] (0.00ns)   --->   "%zext_ln13_3 = zext i11 %select_ln13_1" [firmware/myproject_axi_stream.cpp:13]   --->   Operation 49 'zext' 'zext_ln13_3' <Predicate = true> <Delay = 0.00>
ST_5 : Operation 50 [1/1] (1.50ns)   --->   "%ashr_ln13 = ashr i54 %select_ln13, i54 %zext_ln13_3" [firmware/myproject_axi_stream.cpp:13]   --->   Operation 50 'ashr' 'ashr_ln13' <Predicate = true> <Delay = 1.50> <CoreInst = "Shifter">   --->   Core 75 'Shifter' <Latency = 0> <II = 1> <Delay = 1.50> <FuncUnit> <Opcode : 'shl' 'lshr' 'ashr'> <InPorts = 2> <OutPorts = 1>
ST_5 : Operation 51 [1/1] (0.00ns) (grouped into LUT with out node add_ln13_2)   --->   "%trunc_ln13_6 = trunc i54 %ashr_ln13" [firmware/myproject_axi_stream.cpp:13]   --->   Operation 51 'trunc' 'trunc_ln13_6' <Predicate = true> <Delay = 0.00>
ST_5 : Operation 52 [1/1] (0.00ns) (grouped into LUT with out node add_ln13_2)   --->   "%select_ln13_2 = select i1 %icmp_ln13_3, i4 %trunc_ln13_6, i4 %select_ln13_4" [firmware/myproject_axi_stream.cpp:13]   --->   Operation 52 'select' 'select_ln13_2' <Predicate = true> <Delay = 0.00> <CoreInst = "Sel">   --->   Core 73 'Sel' <Latency = 0> <II = 1> <Delay = 0.39> <FuncUnit> <Opcode : 'select'> <InPorts = 3> <OutPorts = 1>
ST_5 : Operation 53 [1/1] (0.80ns)   --->   "%icmp_ln13_4 = icmp_sgt  i12 %add_ln13, i12 54" [firmware/myproject_axi_stream.cpp:13]   --->   Operation 53 'icmp' 'icmp_ln13_4' <Predicate = true> <Delay = 0.80> <CoreInst = "Cmp">   --->   Core 9 'Cmp' <Latency = 0> <II = 1> <Delay = 0.80> <FuncUnit> <Opcode : 'seteq' 'setne' 'setle' 'setge' 'setlt' 'setgt'> <InPorts = 2> <OutPorts = 1>
ST_5 : Operation 54 [1/1] (0.00ns)   --->   "%tmp_35 = partselect i9 @_ssdm_op_PartSelect.i9.i11.i32.i32, i11 %select_ln13_1, i32 2, i32 10" [firmware/myproject_axi_stream.cpp:13]   --->   Operation 54 'partselect' 'tmp_35' <Predicate = true> <Delay = 0.00>
ST_5 : Operation 55 [1/1] (0.77ns)   --->   "%icmp_ln13_5 = icmp_eq  i9 %tmp_35, i9 0" [firmware/myproject_axi_stream.cpp:13]   --->   Operation 55 'icmp' 'icmp_ln13_5' <Predicate = true> <Delay = 0.77> <CoreInst = "Cmp">   --->   Core 9 'Cmp' <Latency = 0> <II = 1> <Delay = 0.77> <FuncUnit> <Opcode : 'seteq' 'setne' 'setle' 'setge' 'setlt' 'setgt'> <InPorts = 2> <OutPorts = 1>
ST_5 : Operation 56 [1/1] (0.00ns)   --->   "%zext_ln13_4 = zext i4 %trunc_ln13_5" [firmware/myproject_axi_stream.cpp:13]   --->   Operation 56 'zext' 'zext_ln13_4' <Predicate = true> <Delay = 0.00>
ST_5 : Operation 57 [1/1] (0.92ns)   --->   "%shl_ln13 = shl i32 %zext_ln13_4, i32 %zext_ln13_2" [firmware/myproject_axi_stream.cpp:13]   --->   Operation 57 'shl' 'shl_ln13' <Predicate = true> <Delay = 0.92> <CoreInst = "Shifter">   --->   Core 75 'Shifter' <Latency = 0> <II = 1> <Delay = 0.92> <FuncUnit> <Opcode : 'shl' 'lshr' 'ashr'> <InPorts = 2> <OutPorts = 1>
ST_5 : Operation 58 [1/1] (0.00ns)   --->   "%trunc_ln13_7 = trunc i32 %shl_ln13" [firmware/myproject_axi_stream.cpp:13]   --->   Operation 58 'trunc' 'trunc_ln13_7' <Predicate = true> <Delay = 0.00>
ST_5 : Operation 59 [1/1] (0.39ns)   --->   "%select_ln13_3 = select i1 %icmp_ln13_5, i4 %trunc_ln13_7, i4 0" [firmware/myproject_axi_stream.cpp:13]   --->   Operation 59 'select' 'select_ln13_3' <Predicate = true> <Delay = 0.39> <CoreInst = "Sel">   --->   Core 73 'Sel' <Latency = 0> <II = 1> <Delay = 0.39> <FuncUnit> <Opcode : 'select'> <InPorts = 3> <OutPorts = 1>
ST_5 : Operation 60 [1/1] (0.78ns)   --->   "%add_ln13_1 = add i6 %trunc_ln13_2, i6 61" [firmware/myproject_axi_stream.cpp:13]   --->   Operation 60 'add' 'add_ln13_1' <Predicate = true> <Delay = 0.78> <CoreInst = "Adder">   --->   Core 1 'Adder' <Latency = 0> <II = 1> <Delay = 0.78> <FuncUnit> <Opcode : 'add' 'sub'> <InPorts = 2> <OutPorts = 1>
ST_5 : Operation 61 [1/1] (0.65ns)   --->   "%tmp_36 = bitselect i1 @_ssdm_op_BitSelect.i1.i54.i6, i54 %select_ln13, i6 %add_ln13_1" [firmware/myproject_axi_stream.cpp:13]   --->   Operation 61 'bitselect' 'tmp_36' <Predicate = true> <Delay = 0.65> <CoreInst = "BitSelector">   --->   Core 153 'BitSelector' <Latency = 0> <II = 1> <Delay = 0.65> <FuncUnit> <Opcode : 'bitselect'> <InPorts = 2> <OutPorts = 1>
ST_5 : Operation 62 [1/1] (0.00ns) (grouped into LUT with out node add_ln13_2)   --->   "%cond63_i_i = select i1 %icmp_ln13_4, i1 %tmp, i1 %tmp_36" [firmware/myproject_axi_stream.cpp:13]   --->   Operation 62 'select' 'cond63_i_i' <Predicate = true> <Delay = 0.00> <CoreInst = "Sel">   --->   Core 73 'Sel' <Latency = 0> <II = 1> <Delay = 0.17> <FuncUnit> <Opcode : 'select'> <InPorts = 3> <OutPorts = 1>
ST_5 : Operation 63 [1/1] (0.00ns) (grouped into LUT with out node add_ln13_2)   --->   "%zext_ln13_5 = zext i1 %cond63_i_i" [firmware/myproject_axi_stream.cpp:13]   --->   Operation 63 'zext' 'zext_ln13_5' <Predicate = true> <Delay = 0.00>
ST_5 : Operation 64 [1/1] (0.79ns) (out node of the LUT)   --->   "%add_ln13_2 = add i4 %select_ln13_2, i4 %zext_ln13_5" [firmware/myproject_axi_stream.cpp:13]   --->   Operation 64 'add' 'add_ln13_2' <Predicate = true> <Delay = 0.79> <CoreInst = "Adder">   --->   Core 1 'Adder' <Latency = 0> <II = 1> <Delay = 0.79> <FuncUnit> <Opcode : 'add' 'sub'> <InPorts = 2> <OutPorts = 1>
ST_5 : Operation 65 [1/1] (0.00ns) (grouped into LUT with out node and_ln13_1)   --->   "%or_ln13 = or i1 %icmp_ln13, i1 %icmp_ln13_2" [firmware/myproject_axi_stream.cpp:13]   --->   Operation 65 'or' 'or_ln13' <Predicate = true> <Delay = 0.00> <CoreInst = "LogicGate">   --->   Core 74 'LogicGate' <Latency = 0> <II = 1> <Delay = 0.28> <FuncUnit> <Opcode : 'and' 'or' 'xor'> <InPorts = 2> <OutPorts = 1>
ST_5 : Operation 66 [1/1] (0.00ns) (grouped into LUT with out node and_ln13_1)   --->   "%xor_ln13_1 = xor i1 %or_ln13, i1 1" [firmware/myproject_axi_stream.cpp:13]   --->   Operation 66 'xor' 'xor_ln13_1' <Predicate = true> <Delay = 0.00> <CoreInst = "LogicGate">   --->   Core 74 'LogicGate' <Latency = 0> <II = 1> <Delay = 0.28> <FuncUnit> <Opcode : 'and' 'or' 'xor'> <InPorts = 2> <OutPorts = 1>
ST_5 : Operation 67 [1/1] (0.28ns) (out node of the LUT)   --->   "%and_ln13_1 = and i1 %icmp_ln13_1, i1 %xor_ln13_1" [firmware/myproject_axi_stream.cpp:13]   --->   Operation 67 'and' 'and_ln13_1' <Predicate = true> <Delay = 0.28> <CoreInst = "LogicGate">   --->   Core 74 'LogicGate' <Latency = 0> <II = 1> <Delay = 0.28> <FuncUnit> <Opcode : 'and' 'or' 'xor'> <InPorts = 2> <OutPorts = 1>
ST_5 : Operation 77 [1/1] (0.42ns)   --->   "%ret_ln0 = ret"   --->   Operation 77 'ret' 'ret_ln0' <Predicate = (icmp_ln7)> <Delay = 0.42>

State 6 <SV = 5> <Delay = 2.48>
ST_6 : Operation 68 [1/1] (0.00ns)   --->   "%specloopname_ln0 = specloopname void @_ssdm_op_SpecLoopName, void @load_input_loop_VITIS_LOOP_8_1_str"   --->   Operation 68 'specloopname' 'specloopname_ln0' <Predicate = true> <Delay = 0.00>
ST_6 : Operation 69 [1/1] (0.00ns)   --->   "%specpipeline_ln8 = specpipeline void @_ssdm_op_SpecPipeline, i32 4294967295, i32 0, i32 0, i32 0, i32 4294967295, void @empty" [firmware/myproject_axi_stream.cpp:8]   --->   Operation 69 'specpipeline' 'specpipeline_ln8' <Predicate = true> <Delay = 0.00>
ST_6 : Operation 70 [1/1] (0.00ns) (grouped into LUT with out node and_ln13)   --->   "%xor_ln13 = xor i1 %icmp_ln13, i1 1" [firmware/myproject_axi_stream.cpp:13]   --->   Operation 70 'xor' 'xor_ln13' <Predicate = true> <Delay = 0.00> <CoreInst = "LogicGate">   --->   Core 74 'LogicGate' <Latency = 0> <II = 1> <Delay = 0.28> <FuncUnit> <Opcode : 'and' 'or' 'xor'> <InPorts = 2> <OutPorts = 1>
ST_6 : Operation 71 [1/1] (0.28ns) (out node of the LUT)   --->   "%and_ln13 = and i1 %icmp_ln13_2, i1 %xor_ln13" [firmware/myproject_axi_stream.cpp:13]   --->   Operation 71 'and' 'and_ln13' <Predicate = true> <Delay = 0.28> <CoreInst = "LogicGate">   --->   Core 74 'LogicGate' <Latency = 0> <II = 1> <Delay = 0.28> <FuncUnit> <Opcode : 'and' 'or' 'xor'> <InPorts = 2> <OutPorts = 1>
ST_6 : Operation 72 [1/1] (0.00ns)   --->   "%sel_tmp6 = bitconcatenate i3 @_ssdm_op_BitConcatenate.i3.i1.i1.i1, i1 %icmp_ln13, i1 %and_ln13, i1 %and_ln13_1" [firmware/myproject_axi_stream.cpp:13]   --->   Operation 72 'bitconcatenate' 'sel_tmp6' <Predicate = true> <Delay = 0.00>
ST_6 : Operation 73 [1/1] (0.47ns)   --->   "%storemerge5_i_i = sparsemux i4 @_ssdm_op_SparseMux.ap_auto.4i4.i4.i3, i3 4, i4 0, i3 2, i4 %trunc_ln13_5, i3 1, i4 %add_ln13_2, i3 0, i4 %select_ln13_3, i4 0, i3 %sel_tmp6" [firmware/myproject_axi_stream.cpp:13]   --->   Operation 73 'sparsemux' 'storemerge5_i_i' <Predicate = true> <Delay = 0.47> <CoreInst = "OneHotSparseMux_HasDef">   --->   Core 152 'OneHotSparseMux_HasDef' <Latency = 0> <II = 1> <Delay = 0.47> <FuncUnit> <Opcode : 'sparsemux'> <InPorts = 2> <OutPorts = 1>
ST_6 : Operation 74 [1/1] (0.00ns)   --->   "%zext_ln15 = zext i4 %storemerge5_i_i" [firmware/myproject_axi_stream.cpp:15]   --->   Operation 74 'zext' 'zext_ln15' <Predicate = true> <Delay = 0.00>
ST_6 : Operation 75 [1/1] ( I:1.71ns O:1.71ns )   --->   "%write_ln15 = write void @_ssdm_op_Write.ap_fifo.volatile.i8P0A, i8 %model_input_stream, i8 %zext_ln15" [firmware/myproject_axi_stream.cpp:15]   --->   Operation 75 'write' 'write_ln15' <Predicate = true> <Delay = 1.71> <CoreInst = "FIFO">   --->   Core 77 'FIFO' <Latency = 0> <II = 1> <Delay = 1.71> <Storage> <Opcode : 'read' 'write' 'nbread' 'nbwrite'> <Ports = 0> <Width = 8> <Depth = 784> <FIFO>
ST_6 : Operation 76 [1/1] (0.00ns)   --->   "%br_ln8 = br void %VITIS_LOOP_10_2.i" [firmware/myproject_axi_stream.cpp:8]   --->   Operation 76 'br' 'br_ln8' <Predicate = true> <Delay = 0.00>


============================================================
+ Verbose Summary: Timing violations
============================================================
Target clock period: 5.000ns, clock uncertainty: 0.625ns.

 <State 1>: 0.427ns
The critical path consists of the following:
	'alloca' operation 41 bit ('indvar_flatten') [7]  (0.000 ns)
	'store' operation ('store_ln0') of constant 0 41 bit on local variable 'indvar_flatten' [12]  (0.427 ns)

 <State 2>: 1.468ns
The critical path consists of the following:
	'load' operation 41 bit ('indvar_flatten_load', firmware/myproject_axi_stream.cpp:7) on local variable 'indvar_flatten' [15]  (0.000 ns)
	'add' operation 41 bit ('add_ln7', firmware/myproject_axi_stream.cpp:7) [19]  (1.041 ns)
	'store' operation ('store_ln7', firmware/myproject_axi_stream.cpp:7) of variable 'add_ln7', firmware/myproject_axi_stream.cpp:7 41 bit on local variable 'indvar_flatten' [75]  (0.427 ns)

 <State 3>: 2.385ns
The critical path consists of the following:
	axis read operation ('empty', firmware/myproject_axi_stream.cpp:12) on port 'axi_input_stream_V_data_V' (firmware/myproject_axi_stream.cpp:12) [22]  (0.079 ns)
	'fpext' operation 64 bit ('pf', firmware/myproject_axi_stream.cpp:13) [25]  (2.306 ns)

 <State 4>: 3.392ns
The critical path consists of the following:
	'fpext' operation 64 bit ('pf', firmware/myproject_axi_stream.cpp:13) [25]  (2.306 ns)
	'icmp' operation 1 bit ('icmp_ln13', firmware/myproject_axi_stream.cpp:13) [36]  (1.086 ns)

 <State 5>: 4.310ns
The critical path consists of the following:
	'sub' operation 12 bit ('sub_ln13_1', firmware/myproject_axi_stream.cpp:13) [37]  (0.809 ns)
	'icmp' operation 1 bit ('icmp_ln13_1', firmware/myproject_axi_stream.cpp:13) [40]  (0.809 ns)
	'select' operation 11 bit ('select_ln13_1', firmware/myproject_axi_stream.cpp:13) [44]  (0.389 ns)
	'ashr' operation 54 bit ('ashr_ln13', firmware/myproject_axi_stream.cpp:13) [51]  (1.506 ns)
	'select' operation 4 bit ('select_ln13_2', firmware/myproject_axi_stream.cpp:13) [53]  (0.000 ns)
	'add' operation 4 bit ('add_ln13_2', firmware/myproject_axi_stream.cpp:13) [65]  (0.797 ns)

 <State 6>: 2.481ns
The critical path consists of the following:
	'xor' operation 1 bit ('xor_ln13', firmware/myproject_axi_stream.cpp:13) [66]  (0.000 ns)
	'and' operation 1 bit ('and_ln13', firmware/myproject_axi_stream.cpp:13) [67]  (0.287 ns)
	'sparsemux' operation 4 bit ('storemerge5_i_i', firmware/myproject_axi_stream.cpp:13) [72]  (0.476 ns)
	fifo write operation ('write_ln15', firmware/myproject_axi_stream.cpp:15) on port 'model_input_stream' (firmware/myproject_axi_stream.cpp:15) [74]  (1.718 ns)


============================================================
+ Verbose Summary: Binding
============================================================
N/A
* FSMD analyzer results:
  - Output states:
 - Input state : 
  - Chain level:
	State 1
	State 2
	State 3
	State 4
	State 5
	State 6


============================================================
+ Verbose Summary: Datapath Resource usage 
============================================================
N/A
