

================================================================
== Vitis HLS Report for 'compute_output_buffer_2d_array_array_ap_fixed_37_17_5_3_0_32u_config2_s'
================================================================
* Date:           Thu Apr 30 10:58:40 2026

* Version:        2025.2 (Build 6295257 on Nov 14 2025)
* Project:        myproject_prj
* Solution:       solution1 (Vivado IP Flow Target)
* Product family: zynquplus
* Target device:  xck26-sfvc784-2LV-c


================================================================
== Performance Estimates
================================================================
+ Timing: 
    * Summary: 
    +--------+---------+----------+------------+
    |  Clock |  Target | Estimated| Uncertainty|
    +--------+---------+----------+------------+
    |ap_clk  |  5.00 ns|  3.284 ns|     1.35 ns|
    +--------+---------+----------+------------+

+ Latency: 
    * Summary: 
    +---------+---------+-----------+-----------+-----+-----+---------+
    |  Latency (cycles) |   Latency (absolute)  |  Interval | Pipeline|
    |   min   |   max   |    min    |    max    | min | max |   Type  |
    +---------+---------+-----------+-----------+-----+-----+---------+
    |        3|        3|  15.000 ns|  15.000 ns|    3|    3|      yes|
    +---------+---------+-----------+-----------+-----+-----+---------+

    + Detail: 
        * Instance: 
        +----------------------------------------------------------------------------------+-----------------------------------------------------------------------+---------+---------+----------+----------+-----+-----+---------+
        |                                                                                  |                                                                       |  Latency (cycles) |  Latency (absolute) |  Interval | Pipeline|
        |                                     Instance                                     |                                 Module                                |   min   |   max   |    min   |    max   | min | max |   Type  |
        +----------------------------------------------------------------------------------+-----------------------------------------------------------------------+---------+---------+----------+----------+-----+-----+---------+
        |call_ln281_shift_line_buffer_array_ap_fixed_16_6_5_3_0_1u_config2_s_fu_90         |shift_line_buffer_array_ap_fixed_16_6_5_3_0_1u_config2_s               |        0|        0|      0 ns|      0 ns|    1|    1|      yes|
        |grp_dense_latency_ap_fixed_16_6_5_3_0_ap_fixed_37_17_5_3_0_config2_mult_s_fu_118  |dense_latency_ap_fixed_16_6_5_3_0_ap_fixed_37_17_5_3_0_config2_mult_s  |        1|        1|  5.000 ns|  5.000 ns|    1|    1|      yes|
        +----------------------------------------------------------------------------------+-----------------------------------------------------------------------+---------+---------+----------+----------+-----+-----+---------+

        * Loop: 
        N/A



================================================================
== Utilization Estimates
================================================================
* Summary: 
+-----------------+---------+------+--------+--------+-----+
|       Name      | BRAM_18K|  DSP |   FF   |   LUT  | URAM|
+-----------------+---------+------+--------+--------+-----+
|DSP              |        -|     -|       -|       -|    -|
|Expression       |        -|     -|       0|     513|    -|
|FIFO             |        -|     -|       -|       -|    -|
|Instance         |        -|   245|    2591|    7925|    -|
|Memory           |        -|     -|       -|       -|    -|
|Multiplexer      |        -|     -|       0|      83|    -|
|Register         |        -|     -|    1499|       -|    -|
+-----------------+---------+------+--------+--------+-----+
|Total            |        0|   245|    4090|    8521|    0|
+-----------------+---------+------+--------+--------+-----+
|Available        |      288|  1248|  234240|  117120|   64|
+-----------------+---------+------+--------+--------+-----+
|Utilization (%)  |        0|    19|       1|       7|    0|
+-----------------+---------+------+--------+--------+-----+

+ Detail: 
    * Instance: 
    +----------------------------------------------------------------------------------+-----------------------------------------------------------------------+---------+-----+------+------+-----+
    |                                     Instance                                     |                                 Module                                | BRAM_18K| DSP |  FF  |  LUT | URAM|
    +----------------------------------------------------------------------------------+-----------------------------------------------------------------------+---------+-----+------+------+-----+
    |grp_dense_latency_ap_fixed_16_6_5_3_0_ap_fixed_37_17_5_3_0_config2_mult_s_fu_118  |dense_latency_ap_fixed_16_6_5_3_0_ap_fixed_37_17_5_3_0_config2_mult_s  |        0|  245|  2462|  7807|    0|
    |call_ln281_shift_line_buffer_array_ap_fixed_16_6_5_3_0_1u_config2_s_fu_90         |shift_line_buffer_array_ap_fixed_16_6_5_3_0_1u_config2_s               |        0|    0|   129|   118|    0|
    +----------------------------------------------------------------------------------+-----------------------------------------------------------------------+---------+-----+------+------+-----+
    |Total                                                                             |                                                                       |        0|  245|  2591|  7925|    0|
    +----------------------------------------------------------------------------------+-----------------------------------------------------------------------+---------+-----+------+------+-----+

    * DSP: 
    N/A

    * Memory: 
    N/A

    * FIFO: 
    N/A

    * Expression: 
    +-----------------------------------------+----------+----+---+----+------------+------------+
    |              Variable Name              | Operation| DSP| FF| LUT| Bitwidth P0| Bitwidth P1|
    +-----------------------------------------+----------+----+---+----+------------+------------+
    |add_ln303_fu_212_p2                      |         +|   0|  0|  39|          32|           1|
    |add_ln307_fu_262_p2                      |         +|   0|  0|  39|          32|           1|
    |add_ln313_fu_291_p2                      |         +|   0|  0|  39|          32|           1|
    |add_ln318_fu_230_p2                      |         +|   0|  0|  39|          32|           1|
    |and_ln284_2_fu_206_p2                    |       and|   0|  0|   2|           1|           1|
    |and_ln284_fu_200_p2                      |       and|   0|  0|   2|           1|           1|
    |ap_block_pp0_stage0_01001_grp1           |       and|   0|  0|   2|           1|           1|
    |ap_block_pp0_stage0_11001_ignoreCallOp7  |       and|   0|  0|   2|           1|           1|
    |ap_block_state4_pp0_stage0_iter1_grp1    |       and|   0|  0|   2|           1|           1|
    |ap_condition_314                         |       and|   0|  0|   2|           1|           1|
    |ap_condition_369                         |       and|   0|  0|   2|           1|           1|
    |ap_predicate_op39_call_state2            |       and|   0|  0|   2|           1|           1|
    |ap_predicate_op39_call_state2_state1     |       and|   0|  0|   2|           1|           1|
    |icmp_ln284_4_fu_162_p2                   |      icmp|   0|  0|  39|          32|           2|
    |icmp_ln284_5_fu_178_p2                   |      icmp|   0|  0|  38|          31|           1|
    |icmp_ln284_6_fu_194_p2                   |      icmp|   0|  0|  38|          31|           1|
    |icmp_ln284_fu_144_p2                     |      icmp|   0|  0|  39|          32|           2|
    |icmp_ln303_fu_218_p2                     |      icmp|   0|  0|  39|          32|           5|
    |icmp_ln307_fu_268_p2                     |      icmp|   0|  0|  39|          32|           5|
    |icmp_ln313_fu_286_p2                     |      icmp|   0|  0|  39|          32|           2|
    |ap_block_pp0_stage0_subdone              |        or|   0|  0|   2|           1|           1|
    |select_ln313_fu_296_p3                   |    select|   0|  0|  32|           1|           2|
    |select_ln318_fu_236_p3                   |    select|   0|  0|  32|           1|           2|
    |ap_enable_pp0                            |       xor|   0|  0|   2|           1|           2|
    +-----------------------------------------+----------+----+---+----+------------+------------+
    |Total                                    |          |   0|  0| 513|         363|          38|
    +-----------------------------------------+----------+----+---+----+------------+------------+

    * Multiplexer: 
    +------------------------------------+----+-----------+-----+-----------+
    |                Name                | LUT| Input Size| Bits| Total Bits|
    +------------------------------------+----+-----------+-----+-----------+
    |ap_NS_fsm                           |  20|          4|    1|          4|
    |ap_enable_reg_pp0_iter0             |   9|          2|    1|          2|
    |ap_enable_reg_pp0_iter1             |   9|          2|    1|          2|
    |ap_phi_mux_storemerge_phi_fu_83_p4  |   9|          2|   32|         64|
    |layer2_out_blk_n                    |   9|          2|    1|          2|
    |pX_3                                |   9|          2|   32|         64|
    |pY_3                                |   9|          2|   32|         64|
    |sX_3                                |   9|          2|   32|         64|
    +------------------------------------+----+-----------+-----+-----------+
    |Total                               |  83|         18|  132|        266|
    +------------------------------------+----+-----------+-----+-----------+

    * Register: 
    +-----------------------------------------------------------------------------------------------+----+----+-----+-----------+
    |                                              Name                                             | FF | LUT| Bits| Const Bits|
    +-----------------------------------------------------------------------------------------------+----+----+-----+-----------+
    |and_ln284_2_reg_486                                                                            |   1|   0|    1|          0|
    |ap_CS_fsm                                                                                      |   3|   0|    3|          0|
    |ap_block_pp0_stage0_subdone_grp0_done_reg_iter0                                                |   1|   0|    1|          0|
    |ap_enable_reg_pp0_iter0_reg                                                                    |   1|   0|    1|          0|
    |ap_enable_reg_pp0_iter1                                                                        |   1|   0|    1|          0|
    |grp_dense_latency_ap_fixed_16_6_5_3_0_ap_fixed_37_17_5_3_0_config2_mult_s_fu_118_ap_start_reg  |   1|   0|    1|          0|
    |icmp_ln284_reg_476                                                                             |   1|   0|    1|          0|
    |icmp_ln303_reg_490                                                                             |   1|   0|    1|          0|
    |icmp_ln307_reg_494                                                                             |   1|   0|    1|          0|
    |pX_3                                                                                           |  32|   0|   32|          0|
    |pY_3                                                                                           |  32|   0|   32|          0|
    |res_out_1_reg_503                                                                              |  37|   0|   37|          0|
    |res_out_2_reg_508                                                                              |  37|   0|   37|          0|
    |res_out_32_reg_548                                                                             |  37|   0|   37|          0|
    |res_out_33_reg_553                                                                             |  37|   0|   37|          0|
    |res_out_34_reg_558                                                                             |  37|   0|   37|          0|
    |res_out_35_reg_563                                                                             |  37|   0|   37|          0|
    |res_out_36_reg_568                                                                             |  37|   0|   37|          0|
    |res_out_37_reg_573                                                                             |  37|   0|   37|          0|
    |res_out_38_reg_578                                                                             |  37|   0|   37|          0|
    |res_out_39_reg_583                                                                             |  37|   0|   37|          0|
    |res_out_3_reg_513                                                                              |  37|   0|   37|          0|
    |res_out_40_reg_588                                                                             |  37|   0|   37|          0|
    |res_out_41_reg_593                                                                             |  37|   0|   37|          0|
    |res_out_42_reg_598                                                                             |  37|   0|   37|          0|
    |res_out_43_reg_603                                                                             |  37|   0|   37|          0|
    |res_out_44_reg_608                                                                             |  37|   0|   37|          0|
    |res_out_45_reg_613                                                                             |  37|   0|   37|          0|
    |res_out_46_reg_618                                                                             |  37|   0|   37|          0|
    |res_out_47_reg_623                                                                             |  37|   0|   37|          0|
    |res_out_48_reg_628                                                                             |  37|   0|   37|          0|
    |res_out_49_reg_633                                                                             |  37|   0|   37|          0|
    |res_out_4_reg_518                                                                              |  37|   0|   37|          0|
    |res_out_50_reg_638                                                                             |  37|   0|   37|          0|
    |res_out_51_reg_643                                                                             |  37|   0|   37|          0|
    |res_out_52_reg_648                                                                             |  37|   0|   37|          0|
    |res_out_53_reg_653                                                                             |  37|   0|   37|          0|
    |res_out_5_reg_523                                                                              |  37|   0|   37|          0|
    |res_out_6_reg_528                                                                              |  37|   0|   37|          0|
    |res_out_7_reg_533                                                                              |  37|   0|   37|          0|
    |res_out_8_reg_538                                                                              |  37|   0|   37|          0|
    |res_out_9_reg_543                                                                              |  37|   0|   37|          0|
    |res_out_reg_498                                                                                |  37|   0|   37|          0|
    |sX_3                                                                                           |  32|   0|   32|          0|
    |sY_3                                                                                           |  32|   0|   32|          0|
    |sY_3_load_reg_480                                                                              |  32|   0|   32|          0|
    |void_compute_output_buffer_2d_array_const_ap_shift_reg_n_chan_stream_weig_10                   |  16|   0|   16|          0|
    |void_compute_output_buffer_2d_array_const_ap_shift_reg_n_chan_stream_weig_11                   |  16|   0|   16|          0|
    |void_compute_output_buffer_2d_array_const_ap_shift_reg_n_chan_stream_weig_12                   |  16|   0|   16|          0|
    |void_compute_output_buffer_2d_array_const_ap_shift_reg_n_chan_stream_weig_13                   |  16|   0|   16|          0|
    |void_compute_output_buffer_2d_array_const_ap_shift_reg_n_chan_stream_weig_14                   |  16|   0|   16|          0|
    |void_compute_output_buffer_2d_array_const_ap_shift_reg_n_chan_stream_weig_15                   |  16|   0|   16|          0|
    |void_compute_output_buffer_2d_array_const_ap_shift_reg_n_chan_stream_weig_16                   |  16|   0|   16|          0|
    |void_compute_output_buffer_2d_array_const_ap_shift_reg_n_chan_stream_weig_17                   |  16|   0|   16|          0|
    |void_compute_output_buffer_2d_array_const_ap_shift_reg_n_chan_stream_weig_18                   |  16|   0|   16|          0|
    +-----------------------------------------------------------------------------------------------+----+----+-----+-----------+
    |Total                                                                                          |1499|   0| 1499|          0|
    +-----------------------------------------------------------------------------------------------+----+----+-----+-----------+



================================================================
== Interface
================================================================
* Summary: 
+---------------------------+-----+------+------------+--------------------------------------------------------------------------+--------------+
|         RTL Ports         | Dir | Bits |  Protocol  |                               Source Object                              |    C Type    |
+---------------------------+-----+------+------------+--------------------------------------------------------------------------+--------------+
|ap_clk                     |   in|     1|  ap_ctrl_hs|  compute_output_buffer_2d<array,array<ap_fixed<37,17,5,3,0>,32u>,config2>|  return value|
|ap_rst                     |   in|     1|  ap_ctrl_hs|  compute_output_buffer_2d<array,array<ap_fixed<37,17,5,3,0>,32u>,config2>|  return value|
|ap_start                   |   in|     1|  ap_ctrl_hs|  compute_output_buffer_2d<array,array<ap_fixed<37,17,5,3,0>,32u>,config2>|  return value|
|ap_done                    |  out|     1|  ap_ctrl_hs|  compute_output_buffer_2d<array,array<ap_fixed<37,17,5,3,0>,32u>,config2>|  return value|
|ap_idle                    |  out|     1|  ap_ctrl_hs|  compute_output_buffer_2d<array,array<ap_fixed<37,17,5,3,0>,32u>,config2>|  return value|
|ap_ready                   |  out|     1|  ap_ctrl_hs|  compute_output_buffer_2d<array,array<ap_fixed<37,17,5,3,0>,32u>,config2>|  return value|
|ap_ce                      |   in|     1|  ap_ctrl_hs|  compute_output_buffer_2d<array,array<ap_fixed<37,17,5,3,0>,32u>,config2>|  return value|
|layer2_out_blk_n           |  out|     1|  ap_ctrl_hs|  compute_output_buffer_2d<array,array<ap_fixed<37,17,5,3,0>,32u>,config2>|  return value|
|in_elem_0_0_0_0_0_val      |   in|    16|     ap_none|                                                     in_elem_0_0_0_0_0_val|        scalar|
|layer2_out_din             |  out|  1184|     ap_fifo|                                                                layer2_out|       pointer|
|layer2_out_full_n          |   in|     1|     ap_fifo|                                                                layer2_out|       pointer|
|layer2_out_write           |  out|     1|     ap_fifo|                                                                layer2_out|       pointer|
|layer2_out_num_data_valid  |   in|    11|     ap_fifo|                                                                layer2_out|       pointer|
|layer2_out_fifo_cap        |   in|    11|     ap_fifo|                                                                layer2_out|       pointer|
+---------------------------+-----+------+------------+--------------------------------------------------------------------------+--------------+

