

================================================================
== Vitis HLS Report for 'relu_array_ap_fixed_32u_array_ap_fixed_16_6_5_3_0_32u_relu_config3_s'
================================================================
* Date:           Thu Apr 30 10:58:40 2026

* Version:        2025.2 (Build 6295257 on Nov 14 2025)
* Project:        myproject_prj
* Solution:       solution1 (Vivado IP Flow Target)
* Product family: zynquplus
* Target device:  xck26-sfvc784-2LV-c


================================================================
== Performance Estimates
================================================================
+ Timing: 
    * Summary: 
    +--------+---------+----------+------------+
    |  Clock |  Target | Estimated| Uncertainty|
    +--------+---------+----------+------------+
    |ap_clk  |  5.00 ns|  3.209 ns|     1.35 ns|
    +--------+---------+----------+------------+

+ Latency: 
    * Summary: 
    +---------+---------+----------+----------+-----+-----+------------------------------------------------+
    |  Latency (cycles) |  Latency (absolute) |  Interval |                    Pipeline                    |
    |   min   |   max   |    min   |    max   | min | max |                      Type                      |
    +---------+---------+----------+----------+-----+-----+------------------------------------------------+
    |      678|      678|  3.390 us|  3.390 us|  676|  676|  loop auto-rewind stp (delay=0 clock cycles(s))|
    +---------+---------+----------+----------+-----+-----+------------------------------------------------+

    + Detail: 
        * Instance: 
        N/A

        * Loop: 
        +---------------+---------+---------+----------+-----------+-----------+------+----------+
        |               |  Latency (cycles) | Iteration|  Initiation Interval  | Trip |          |
        |   Loop Name   |   min   |   max   |  Latency |  achieved |   target  | Count| Pipelined|
        +---------------+---------+---------+----------+-----------+-----------+------+----------+
        |- ReLUActLoop  |      676|      676|         2|          1|          1|   676|       yes|
        +---------------+---------+---------+----------+-----------+-----------+------+----------+



================================================================
== Utilization Estimates
================================================================
* Summary: 
+-----------------+---------+------+--------+--------+-----+
|       Name      | BRAM_18K|  DSP |   FF   |   LUT  | URAM|
+-----------------+---------+------+--------+--------+-----+
|DSP              |        -|     -|       -|       -|    -|
|Expression       |        -|     -|       0|    1964|    -|
|FIFO             |        -|     -|       -|       -|    -|
|Instance         |        -|     -|       -|       -|    -|
|Memory           |        -|     -|       -|       -|    -|
|Multiplexer      |        -|     -|       0|      63|    -|
|Register         |        -|     -|     527|       -|    -|
+-----------------+---------+------+--------+--------+-----+
|Total            |        0|     0|     527|    2027|    0|
+-----------------+---------+------+--------+--------+-----+
|Available        |      288|  1248|  234240|  117120|   64|
+-----------------+---------+------+--------+--------+-----+
|Utilization (%)  |        0|     0|      ~0|       1|    0|
+-----------------+---------+------+--------+--------+-----+

+ Detail: 
    * Instance: 
    N/A

    * DSP: 
    N/A

    * Memory: 
    N/A

    * FIFO: 
    N/A

    * Expression: 
    +---------------------------------------+----------+----+---+----+------------+------------+
    |             Variable Name             | Operation| DSP| FF| LUT| Bitwidth P0| Bitwidth P1|
    +---------------------------------------+----------+----+---+----+------------+------------+
    |i_5_fu_1405_p2                         |         +|   0|  0|  17|          10|           1|
    |ap_condition_177                       |       and|   0|  0|   2|           1|           1|
    |icmp_ln41_fu_1411_p2                   |      icmp|   0|  0|  17|          10|          10|
    |icmp_ln51_32_fu_661_p2                 |      icmp|   0|  0|  44|          37|           1|
    |icmp_ln51_33_fu_685_p2                 |      icmp|   0|  0|  44|          37|           1|
    |icmp_ln51_34_fu_709_p2                 |      icmp|   0|  0|  44|          37|           1|
    |icmp_ln51_35_fu_733_p2                 |      icmp|   0|  0|  44|          37|           1|
    |icmp_ln51_36_fu_757_p2                 |      icmp|   0|  0|  44|          37|           1|
    |icmp_ln51_37_fu_781_p2                 |      icmp|   0|  0|  44|          37|           1|
    |icmp_ln51_38_fu_805_p2                 |      icmp|   0|  0|  44|          37|           1|
    |icmp_ln51_39_fu_829_p2                 |      icmp|   0|  0|  44|          37|           1|
    |icmp_ln51_40_fu_853_p2                 |      icmp|   0|  0|  44|          37|           1|
    |icmp_ln51_41_fu_877_p2                 |      icmp|   0|  0|  44|          37|           1|
    |icmp_ln51_42_fu_901_p2                 |      icmp|   0|  0|  44|          37|           1|
    |icmp_ln51_43_fu_925_p2                 |      icmp|   0|  0|  44|          37|           1|
    |icmp_ln51_44_fu_949_p2                 |      icmp|   0|  0|  44|          37|           1|
    |icmp_ln51_45_fu_973_p2                 |      icmp|   0|  0|  44|          37|           1|
    |icmp_ln51_46_fu_997_p2                 |      icmp|   0|  0|  44|          37|           1|
    |icmp_ln51_47_fu_1021_p2                |      icmp|   0|  0|  44|          37|           1|
    |icmp_ln51_48_fu_1045_p2                |      icmp|   0|  0|  44|          37|           1|
    |icmp_ln51_49_fu_1069_p2                |      icmp|   0|  0|  44|          37|           1|
    |icmp_ln51_50_fu_1093_p2                |      icmp|   0|  0|  44|          37|           1|
    |icmp_ln51_51_fu_1117_p2                |      icmp|   0|  0|  44|          37|           1|
    |icmp_ln51_52_fu_1141_p2                |      icmp|   0|  0|  44|          37|           1|
    |icmp_ln51_53_fu_1165_p2                |      icmp|   0|  0|  44|          37|           1|
    |icmp_ln51_54_fu_1189_p2                |      icmp|   0|  0|  44|          37|           1|
    |icmp_ln51_55_fu_1213_p2                |      icmp|   0|  0|  44|          37|           1|
    |icmp_ln51_56_fu_1237_p2                |      icmp|   0|  0|  44|          37|           1|
    |icmp_ln51_57_fu_1261_p2                |      icmp|   0|  0|  44|          37|           1|
    |icmp_ln51_58_fu_1285_p2                |      icmp|   0|  0|  44|          37|           1|
    |icmp_ln51_59_fu_1309_p2                |      icmp|   0|  0|  44|          37|           1|
    |icmp_ln51_60_fu_1333_p2                |      icmp|   0|  0|  44|          37|           1|
    |icmp_ln51_61_fu_1357_p2                |      icmp|   0|  0|  44|          37|           1|
    |icmp_ln51_62_fu_1381_p2                |      icmp|   0|  0|  44|          37|           1|
    |icmp_ln51_fu_637_p2                    |      icmp|   0|  0|  44|          37|           1|
    |ap_block_pp0_stage0_01001_grp1         |        or|   0|  0|   2|           1|           1|
    |ap_block_pp0_stage0_11001              |        or|   0|  0|   2|           1|           1|
    |ap_block_state1_pp0_stage0_iter0_grp1  |        or|   0|  0|   2|           1|           1|
    |select_ln51_32_fu_677_p3               |    select|   0|  0|  16|           1|          16|
    |select_ln51_33_fu_701_p3               |    select|   0|  0|  16|           1|          16|
    |select_ln51_34_fu_725_p3               |    select|   0|  0|  16|           1|          16|
    |select_ln51_35_fu_749_p3               |    select|   0|  0|  16|           1|          16|
    |select_ln51_36_fu_773_p3               |    select|   0|  0|  16|           1|          16|
    |select_ln51_37_fu_797_p3               |    select|   0|  0|  16|           1|          16|
    |select_ln51_38_fu_821_p3               |    select|   0|  0|  16|           1|          16|
    |select_ln51_39_fu_845_p3               |    select|   0|  0|  16|           1|          16|
    |select_ln51_40_fu_869_p3               |    select|   0|  0|  16|           1|          16|
    |select_ln51_41_fu_893_p3               |    select|   0|  0|  16|           1|          16|
    |select_ln51_42_fu_917_p3               |    select|   0|  0|  16|           1|          16|
    |select_ln51_43_fu_941_p3               |    select|   0|  0|  16|           1|          16|
    |select_ln51_44_fu_965_p3               |    select|   0|  0|  16|           1|          16|
    |select_ln51_45_fu_989_p3               |    select|   0|  0|  16|           1|          16|
    |select_ln51_46_fu_1013_p3              |    select|   0|  0|  16|           1|          16|
    |select_ln51_47_fu_1037_p3              |    select|   0|  0|  16|           1|          16|
    |select_ln51_48_fu_1061_p3              |    select|   0|  0|  16|           1|          16|
    |select_ln51_49_fu_1085_p3              |    select|   0|  0|  16|           1|          16|
    |select_ln51_50_fu_1109_p3              |    select|   0|  0|  16|           1|          16|
    |select_ln51_51_fu_1133_p3              |    select|   0|  0|  16|           1|          16|
    |select_ln51_52_fu_1157_p3              |    select|   0|  0|  16|           1|          16|
    |select_ln51_53_fu_1181_p3              |    select|   0|  0|  16|           1|          16|
    |select_ln51_54_fu_1205_p3              |    select|   0|  0|  16|           1|          16|
    |select_ln51_55_fu_1229_p3              |    select|   0|  0|  16|           1|          16|
    |select_ln51_56_fu_1253_p3              |    select|   0|  0|  16|           1|          16|
    |select_ln51_57_fu_1277_p3              |    select|   0|  0|  16|           1|          16|
    |select_ln51_58_fu_1301_p3              |    select|   0|  0|  16|           1|          16|
    |select_ln51_59_fu_1325_p3              |    select|   0|  0|  16|           1|          16|
    |select_ln51_60_fu_1349_p3              |    select|   0|  0|  16|           1|          16|
    |select_ln51_61_fu_1373_p3              |    select|   0|  0|  16|           1|          16|
    |select_ln51_62_fu_1397_p3              |    select|   0|  0|  16|           1|          16|
    |select_ln51_fu_653_p3                  |    select|   0|  0|  16|           1|          16|
    |ap_enable_pp0                          |       xor|   0|  0|   2|           1|           2|
    +---------------------------------------+----------+----+---+----+------------+------------+
    |Total                                  |          |   0|  0|1964|        1241|         561|
    +---------------------------------------+----------+----+---+----+------------+------------+

    * Multiplexer: 
    +----------------------------------+----+-----------+-----+-----------+
    |               Name               | LUT| Input Size| Bits| Total Bits|
    +----------------------------------+----+-----------+-----+-----------+
    |ap_done_int                       |   9|          2|    1|          2|
    |ap_loop_exit_ready_pp0_iter1_reg  |   9|          2|    1|          2|
    |ap_sig_allocacmp_i_4              |   9|          2|   10|         20|
    |i_fu_298                          |   9|          2|   10|         20|
    |layer2_out_blk_n                  |   9|          2|    1|          2|
    |layer3_out_blk_n                  |   9|          2|    1|          2|
    |real_start                        |   9|          2|    1|          2|
    +----------------------------------+----+-----------+-----+-----------+
    |Total                             |  63|         14|   25|         50|
    +----------------------------------+----+-----------+-----+-----------+

    * Register: 
    +----------------------------------+----+----+-----+-----------+
    |               Name               | FF | LUT| Bits| Const Bits|
    +----------------------------------+----+----+-----+-----------+
    |ap_CS_fsm                         |   1|   0|    1|          0|
    |ap_done_reg                       |   1|   0|    1|          0|
    |ap_enable_reg_pp0_iter1           |   1|   0|    1|          0|
    |ap_loop_exit_ready_pp0_iter1_reg  |   1|   0|    1|          0|
    |i_fu_298                          |  10|   0|   10|          0|
    |select_ln51_32_reg_1471           |  16|   0|   16|          0|
    |select_ln51_33_reg_1476           |  16|   0|   16|          0|
    |select_ln51_34_reg_1481           |  16|   0|   16|          0|
    |select_ln51_35_reg_1486           |  16|   0|   16|          0|
    |select_ln51_36_reg_1491           |  16|   0|   16|          0|
    |select_ln51_37_reg_1496           |  16|   0|   16|          0|
    |select_ln51_38_reg_1501           |  16|   0|   16|          0|
    |select_ln51_39_reg_1506           |  16|   0|   16|          0|
    |select_ln51_40_reg_1511           |  16|   0|   16|          0|
    |select_ln51_41_reg_1516           |  16|   0|   16|          0|
    |select_ln51_42_reg_1521           |  16|   0|   16|          0|
    |select_ln51_43_reg_1526           |  16|   0|   16|          0|
    |select_ln51_44_reg_1531           |  16|   0|   16|          0|
    |select_ln51_45_reg_1536           |  16|   0|   16|          0|
    |select_ln51_46_reg_1541           |  16|   0|   16|          0|
    |select_ln51_47_reg_1546           |  16|   0|   16|          0|
    |select_ln51_48_reg_1551           |  16|   0|   16|          0|
    |select_ln51_49_reg_1556           |  16|   0|   16|          0|
    |select_ln51_50_reg_1561           |  16|   0|   16|          0|
    |select_ln51_51_reg_1566           |  16|   0|   16|          0|
    |select_ln51_52_reg_1571           |  16|   0|   16|          0|
    |select_ln51_53_reg_1576           |  16|   0|   16|          0|
    |select_ln51_54_reg_1581           |  16|   0|   16|          0|
    |select_ln51_55_reg_1586           |  16|   0|   16|          0|
    |select_ln51_56_reg_1591           |  16|   0|   16|          0|
    |select_ln51_57_reg_1596           |  16|   0|   16|          0|
    |select_ln51_58_reg_1601           |  16|   0|   16|          0|
    |select_ln51_59_reg_1606           |  16|   0|   16|          0|
    |select_ln51_60_reg_1611           |  16|   0|   16|          0|
    |select_ln51_61_reg_1616           |  16|   0|   16|          0|
    |select_ln51_62_reg_1621           |  16|   0|   16|          0|
    |select_ln51_reg_1466              |  16|   0|   16|          0|
    |start_once_reg                    |   1|   0|    1|          0|
    +----------------------------------+----+----+-----+-----------+
    |Total                             | 527|   0|  527|          0|
    +----------------------------------+----+----+-----+-----------+



================================================================
== Interface
================================================================
* Summary: 
+---------------------------+-----+------+------------+------------------------------------------------------------------------+--------------+
|         RTL Ports         | Dir | Bits |  Protocol  |                              Source Object                             |    C Type    |
+---------------------------+-----+------+------------+------------------------------------------------------------------------+--------------+
|ap_clk                     |   in|     1|  ap_ctrl_hs|  relu<array<ap_fixed,32u>,array<ap_fixed<16,6,5,3,0>,32u>,relu_config3>|  return value|
|ap_rst                     |   in|     1|  ap_ctrl_hs|  relu<array<ap_fixed,32u>,array<ap_fixed<16,6,5,3,0>,32u>,relu_config3>|  return value|
|ap_start                   |   in|     1|  ap_ctrl_hs|  relu<array<ap_fixed,32u>,array<ap_fixed<16,6,5,3,0>,32u>,relu_config3>|  return value|
|start_full_n               |   in|     1|  ap_ctrl_hs|  relu<array<ap_fixed,32u>,array<ap_fixed<16,6,5,3,0>,32u>,relu_config3>|  return value|
|ap_done                    |  out|     1|  ap_ctrl_hs|  relu<array<ap_fixed,32u>,array<ap_fixed<16,6,5,3,0>,32u>,relu_config3>|  return value|
|ap_continue                |   in|     1|  ap_ctrl_hs|  relu<array<ap_fixed,32u>,array<ap_fixed<16,6,5,3,0>,32u>,relu_config3>|  return value|
|ap_idle                    |  out|     1|  ap_ctrl_hs|  relu<array<ap_fixed,32u>,array<ap_fixed<16,6,5,3,0>,32u>,relu_config3>|  return value|
|ap_ready                   |  out|     1|  ap_ctrl_hs|  relu<array<ap_fixed,32u>,array<ap_fixed<16,6,5,3,0>,32u>,relu_config3>|  return value|
|start_out                  |  out|     1|  ap_ctrl_hs|  relu<array<ap_fixed,32u>,array<ap_fixed<16,6,5,3,0>,32u>,relu_config3>|  return value|
|start_write                |  out|     1|  ap_ctrl_hs|  relu<array<ap_fixed,32u>,array<ap_fixed<16,6,5,3,0>,32u>,relu_config3>|  return value|
|layer2_out_dout            |   in|  1184|     ap_fifo|                                                              layer2_out|       pointer|
|layer2_out_empty_n         |   in|     1|     ap_fifo|                                                              layer2_out|       pointer|
|layer2_out_read            |  out|     1|     ap_fifo|                                                              layer2_out|       pointer|
|layer2_out_num_data_valid  |   in|    11|     ap_fifo|                                                              layer2_out|       pointer|
|layer2_out_fifo_cap        |   in|    11|     ap_fifo|                                                              layer2_out|       pointer|
|layer3_out_din             |  out|   512|     ap_fifo|                                                              layer3_out|       pointer|
|layer3_out_full_n          |   in|     1|     ap_fifo|                                                              layer3_out|       pointer|
|layer3_out_write           |  out|     1|     ap_fifo|                                                              layer3_out|       pointer|
|layer3_out_num_data_valid  |   in|    32|     ap_fifo|                                                              layer3_out|       pointer|
|layer3_out_fifo_cap        |   in|    32|     ap_fifo|                                                              layer3_out|       pointer|
+---------------------------+-----+------+------------+------------------------------------------------------------------------+--------------+

