

================================================================
== Vitis HLS Report for 'softmax_stable_array_array_ap_fixed_16_6_5_3_0_10u_softmax_config11_s'
================================================================
* Date:           Thu Apr 30 11:01:25 2026

* Version:        2025.2 (Build 6295257 on Nov 14 2025)
* Project:        myproject_prj
* Solution:       solution1 (Vivado IP Flow Target)
* Product family: zynquplus
* Target device:  xck26-sfvc784-2LV-c


================================================================
== Performance Estimates
================================================================
+ Timing: 
    * Summary: 
    +--------+---------+----------+------------+
    |  Clock |  Target | Estimated| Uncertainty|
    +--------+---------+----------+------------+
    |ap_clk  |  5.00 ns|  3.644 ns|     1.35 ns|
    +--------+---------+----------+------------+

+ Latency: 
    * Summary: 
    +---------+---------+----------+----------+------+------+---------+
    |  Latency (cycles) |  Latency (absolute) |   Interval  | Pipeline|
    |   min   |   max   |    min   |    max   |  min |  max |   Type  |
    +---------+---------+----------+----------+------+------+---------+
    |     1057|     1057|  5.285 us|  5.285 us|  1057|  1057|       no|
    +---------+---------+----------+----------+------+------+---------+

    + Detail: 
        * Instance: 
        +--------------------------------------------------------------------+---------------------------------------------------------+---------+---------+----------+----------+-----+-----+-------------------+
        |                                                                    |                                                         |  Latency (cycles) |  Latency (absolute) |  Interval |      Pipeline     |
        |                              Instance                              |                          Module                         |   min   |   max   |    min   |    max   | min | max |        Type       |
        +--------------------------------------------------------------------+---------------------------------------------------------+---------+---------+----------+----------+-----+-----+-------------------+
        |grp_init_exp_table_ap_ufixed_42_22_5_3_0_softmax_config11_s_fu_620  |init_exp_table_ap_ufixed_42_22_5_3_0_softmax_config11_s  |     1045|     1045|  5.225 us|  5.225 us|    0|    0|  loop pipeline stp|
        +--------------------------------------------------------------------+---------------------------------------------------------+---------+---------+----------+----------+-----+-----+-------------------+

        * Loop: 
        N/A



================================================================
== Utilization Estimates
================================================================
* Summary: 
+-----------------+---------+------+--------+--------+-----+
|       Name      | BRAM_18K|  DSP |   FF   |   LUT  | URAM|
+-----------------+---------+------+--------+--------+-----+
|DSP              |        -|     -|       -|       -|    -|
|Expression       |        -|     -|       0|    1461|    -|
|FIFO             |        -|     -|       -|       -|    -|
|Instance         |        -|    17|    1045|    3418|    -|
|Memory           |        2|     -|       0|       0|    0|
|Multiplexer      |        -|     -|       0|     172|    -|
|Register         |        -|     -|    1058|       -|    -|
+-----------------+---------+------+--------+--------+-----+
|Total            |        2|    17|    2103|    5051|    0|
+-----------------+---------+------+--------+--------+-----+
|Available        |      288|  1248|  234240|  117120|   64|
+-----------------+---------+------+--------+--------+-----+
|Utilization (%)  |       ~0|     1|      ~0|       4|    0|
+-----------------+---------+------+--------+--------+-----+

+ Detail: 
    * Instance: 
    +--------------------------------------------------------------------+---------------------------------------------------------+---------+----+------+------+-----+
    |                              Instance                              |                          Module                         | BRAM_18K| DSP|  FF  |  LUT | URAM|
    +--------------------------------------------------------------------+---------------------------------------------------------+---------+----+------+------+-----+
    |grp_init_exp_table_ap_ufixed_42_22_5_3_0_softmax_config11_s_fu_620  |init_exp_table_ap_ufixed_42_22_5_3_0_softmax_config11_s  |        0|   7|  1045|  3368|    0|
    |mul_18s_16s_26_1_1_U14550                                           |mul_18s_16s_26_1_1                                       |        0|   1|     0|     5|    0|
    |mul_18s_16s_26_1_1_U14551                                           |mul_18s_16s_26_1_1                                       |        0|   1|     0|     5|    0|
    |mul_18s_16s_26_1_1_U14552                                           |mul_18s_16s_26_1_1                                       |        0|   1|     0|     5|    0|
    |mul_18s_16s_26_1_1_U14553                                           |mul_18s_16s_26_1_1                                       |        0|   1|     0|     5|    0|
    |mul_18s_16s_26_1_1_U14554                                           |mul_18s_16s_26_1_1                                       |        0|   1|     0|     5|    0|
    |mul_18s_16s_26_1_1_U14555                                           |mul_18s_16s_26_1_1                                       |        0|   1|     0|     5|    0|
    |mul_18s_16s_26_1_1_U14556                                           |mul_18s_16s_26_1_1                                       |        0|   1|     0|     5|    0|
    |mul_18s_16s_26_1_1_U14557                                           |mul_18s_16s_26_1_1                                       |        0|   1|     0|     5|    0|
    |mul_18s_16s_26_1_1_U14558                                           |mul_18s_16s_26_1_1                                       |        0|   1|     0|     5|    0|
    |mul_18s_16s_26_1_1_U14559                                           |mul_18s_16s_26_1_1                                       |        0|   1|     0|     5|    0|
    +--------------------------------------------------------------------+---------------------------------------------------------+---------+----+------+------+-----+
    |Total                                                               |                                                         |        0|  17|  1045|  3418|    0|
    +--------------------------------------------------------------------+---------------------------------------------------------+---------+----+------+------+-----+

    * DSP: 
    N/A

    * Memory: 
    +----------------+----------------------------------------------------------------------------------+---------+---+----+-----+------+-----+------+-------------+
    |     Memory     |                                      Module                                      | BRAM_18K| FF| LUT| URAM| Words| Bits| Banks| W*Bits*Banks|
    +----------------+----------------------------------------------------------------------------------+---------+---+----+-----+------+-----+------+-------------+
    |exp_table_U     |softmax_stable_array_array_ap_fixed_16_6_5_3_0_10u_softmax_config11_s_exp_tabbgk  |        1|  0|   0|    0|  1024|   16|     1|        16384|
    |invert_table_U  |softmax_stable_array_array_ap_fixed_16_6_5_3_0_10u_softmax_config11_s_invert_bfk  |        1|  0|   0|    0|  1024|   18|     1|        18432|
    +----------------+----------------------------------------------------------------------------------+---------+---+----+-----+------+-----+------+-------------+
    |Total           |                                                                                  |        2|  0|   0|    0|  2048|   34|     2|        34816|
    +----------------+----------------------------------------------------------------------------------+---------+---+----+-----+------+-----+------+-------------+

    * FIFO: 
    N/A

    * Expression: 
    +-------------------------+----------+----+---+----+------------+------------+
    |      Variable Name      | Operation| DSP| FF| LUT| Bitwidth P0| Bitwidth P1|
    +-------------------------+----------+----+---+----+------------+------------+
    |add_ln51_1_fu_1180_p2    |         +|   0|  0|  16|          16|          16|
    |add_ln51_2_fu_1184_p2    |         +|   0|  0|  16|          16|          16|
    |add_ln51_3_fu_1189_p2    |         +|   0|  0|  16|          16|          16|
    |add_ln51_4_fu_1195_p2    |         +|   0|  0|  16|          16|          16|
    |add_ln51_5_fu_1199_p2    |         +|   0|  0|  16|          16|          16|
    |add_ln51_6_fu_1203_p2    |         +|   0|  0|  16|          16|          16|
    |add_ln51_7_fu_1208_p2    |         +|   0|  0|  16|          16|          16|
    |add_ln51_8_fu_1214_p2    |         +|   0|  0|  16|          16|          16|
    |add_ln51_fu_1176_p2      |         +|   0|  0|  23|          16|          16|
    |x_1_fu_991_p2            |         -|   0|  0|  49|          42|          42|
    |x_2_fu_996_p2            |         -|   0|  0|  49|          42|          42|
    |x_3_fu_1001_p2           |         -|   0|  0|  49|          42|          42|
    |x_4_fu_1006_p2           |         -|   0|  0|  49|          42|          42|
    |x_5_fu_1011_p2           |         -|   0|  0|  49|          42|          42|
    |x_6_fu_1016_p2           |         -|   0|  0|  49|          42|          42|
    |x_7_fu_1021_p2           |         -|   0|  0|  49|          42|          42|
    |x_8_fu_1026_p2           |         -|   0|  0|  49|          42|          42|
    |x_9_fu_1031_p2           |         -|   0|  0|  49|          42|          42|
    |x_fu_986_p2              |         -|   0|  0|  49|          42|          42|
    |icmp_ln66_1_fu_740_p2    |      icmp|   0|  0|  50|          43|          43|
    |icmp_ln66_2_fu_894_p2    |      icmp|   0|  0|  50|          43|          43|
    |icmp_ln66_3_fu_760_p2    |      icmp|   0|  0|  50|          43|          43|
    |icmp_ln66_4_fu_780_p2    |      icmp|   0|  0|  50|          43|          43|
    |icmp_ln66_5_fu_910_p2    |      icmp|   0|  0|  50|          43|          43|
    |icmp_ln66_6_fu_926_p2    |      icmp|   0|  0|  50|          43|          43|
    |icmp_ln66_7_fu_932_p2    |      icmp|   0|  0|  50|          43|          43|
    |icmp_ln66_8_fu_958_p2    |      icmp|   0|  0|  50|          43|          43|
    |icmp_ln66_fu_720_p2      |      icmp|   0|  0|  50|          43|          43|
    |ap_block_state1          |        or|   0|  0|   2|           1|           1|
    |a_1_fu_941_p3            |    select|   0|  0|  39|           1|          43|
    |b_1_fu_952_p3            |    select|   0|  0|  39|           1|          43|
    |select_ln66_1_fu_752_p3  |    select|   0|  0|  39|           1|          43|
    |select_ln66_2_fu_904_p3  |    select|   0|  0|  39|           1|          43|
    |select_ln66_3_fu_772_p3  |    select|   0|  0|  39|           1|          43|
    |select_ln66_4_fu_792_p3  |    select|   0|  0|  39|           1|          43|
    |select_ln66_5_fu_920_p3  |    select|   0|  0|  39|           1|          43|
    |select_ln66_8_fu_978_p3  |    select|   0|  0|  38|           1|          42|
    |select_ln66_fu_732_p3    |    select|   0|  0|  39|           1|          43|
    |xor_ln66_1_fu_746_p2     |       xor|   0|  0|   2|           1|           2|
    |xor_ln66_2_fu_898_p2     |       xor|   0|  0|   2|           1|           2|
    |xor_ln66_3_fu_766_p2     |       xor|   0|  0|   2|           1|           2|
    |xor_ln66_4_fu_786_p2     |       xor|   0|  0|   2|           1|           2|
    |xor_ln66_5_fu_914_p2     |       xor|   0|  0|   2|           1|           2|
    |xor_ln66_6_fu_936_p2     |       xor|   0|  0|   2|           1|           2|
    |xor_ln66_7_fu_947_p2     |       xor|   0|  0|   2|           1|           2|
    |xor_ln66_8_fu_964_p2     |       xor|   0|  0|   2|           1|           2|
    |xor_ln66_fu_726_p2       |       xor|   0|  0|   2|           1|           2|
    +-------------------------+----------+----+---+----+------------+------------+
    |Total                    |          |   0|  0|1461|         970|        1356|
    +-------------------------+----------+----+---+----+------------+------------+

    * Multiplexer: 
    +--------------------------+----+-----------+-----+-----------+
    |           Name           | LUT| Input Size| Bits| Total Bits|
    +--------------------------+----+-----------+-----+-----------+
    |ap_NS_fsm                 |  65|         14|    1|         14|
    |exp_table_address0        |   9|          2|   10|         20|
    |exp_table_address0_local  |  31|          6|   10|         60|
    |exp_table_address1_local  |  31|          6|   10|         60|
    |exp_table_ce0             |   9|          2|    1|          2|
    |exp_table_we0             |   9|          2|    1|          2|
    |layer10_out_blk_n         |   9|          2|    1|          2|
    |layer11_out_TDATA_blk_n   |   9|          2|    1|          2|
    +--------------------------+----+-----------+-----+-----------+
    |Total                     | 172|         36|   35|        162|
    +--------------------------+----+-----------+-----+-----------+

    * Register: 
    +---------------------------------------------------------------------------------+----+----+-----+-----------+
    |                                       Name                                      | FF | LUT| Bits| Const Bits|
    +---------------------------------------------------------------------------------+----+----+-----+-----------+
    |a_2_reg_1605                                                                     |  16|   0|   16|          0|
    |a_3_reg_1627                                                                     |  16|   0|   16|          0|
    |a_4_reg_1649                                                                     |  16|   0|   16|          0|
    |a_5_reg_1671                                                                     |  16|   0|   16|          0|
    |a_reg_1583                                                                       |  16|   0|   16|          0|
    |ap_CS_fsm                                                                        |  13|   0|   13|          0|
    |b_2_reg_1611                                                                     |  16|   0|   16|          0|
    |b_3_reg_1633                                                                     |  16|   0|   16|          0|
    |b_4_reg_1655                                                                     |  16|   0|   16|          0|
    |b_5_reg_1677                                                                     |  16|   0|   16|          0|
    |b_reg_1589                                                                       |  16|   0|   16|          0|
    |data_array_7_reg_1417                                                            |  43|   0|   43|          0|
    |data_array_8_reg_1423                                                            |  43|   0|   43|          0|
    |grp_init_exp_table_ap_ufixed_42_22_5_3_0_softmax_config11_s_fu_620_ap_start_reg  |   1|   0|    1|          0|
    |icmp_ln66_6_reg_1513                                                             |   1|   0|    1|          0|
    |icmp_ln66_7_reg_1518                                                             |   1|   0|    1|          0|
    |inv_exp_sum_reg_1688                                                             |  18|   0|   18|          0|
    |select_ln66_1_reg_1435                                                           |  43|   0|   43|          0|
    |select_ln66_2_reg_1503                                                           |  43|   0|   43|          0|
    |select_ln66_3_reg_1441                                                           |  43|   0|   43|          0|
    |select_ln66_4_reg_1447                                                           |  43|   0|   43|          0|
    |select_ln66_5_reg_1508                                                           |  43|   0|   43|          0|
    |select_ln66_reg_1429                                                             |  43|   0|   43|          0|
    |tmp_1_reg_1533                                                                   |  10|   0|   10|          0|
    |tmp_2_reg_1538                                                                   |  10|   0|   10|          0|
    |tmp_3_reg_1543                                                                   |  10|   0|   10|          0|
    |tmp_4_reg_1548                                                                   |  10|   0|   10|          0|
    |tmp_5_reg_1553                                                                   |  10|   0|   10|          0|
    |tmp_6_reg_1558                                                                   |  10|   0|   10|          0|
    |tmp_7_reg_1563                                                                   |  10|   0|   10|          0|
    |tmp_8_reg_1568                                                                   |  10|   0|   10|          0|
    |tmp_reg_1523                                                                     |  10|   0|   10|          0|
    |tmp_s_reg_1528                                                                   |  10|   0|   10|          0|
    |trunc_ln213_2_reg_1458                                                           |  42|   0|   42|          0|
    |trunc_ln213_3_reg_1463                                                           |  42|   0|   42|          0|
    |trunc_ln213_4_reg_1468                                                           |  42|   0|   42|          0|
    |trunc_ln213_5_reg_1473                                                           |  42|   0|   42|          0|
    |trunc_ln213_6_reg_1478                                                           |  42|   0|   42|          0|
    |trunc_ln213_7_reg_1483                                                           |  42|   0|   42|          0|
    |trunc_ln213_8_reg_1488                                                           |  42|   0|   42|          0|
    |trunc_ln213_9_reg_1493                                                           |  42|   0|   42|          0|
    |trunc_ln213_reg_1453                                                             |  42|   0|   42|          0|
    |trunc_ln213_s_reg_1498                                                           |  42|   0|   42|          0|
    +---------------------------------------------------------------------------------+----+----+-----+-----------+
    |Total                                                                            |1058|   0| 1058|          0|
    +---------------------------------------------------------------------------------+----+----+-----+-----------+



================================================================
== Interface
================================================================
* Summary: 
+----------------------------+-----+-----+------------+------------------------------------------------------------------------+--------------+
|          RTL Ports         | Dir | Bits|  Protocol  |                              Source Object                             |    C Type    |
+----------------------------+-----+-----+------------+------------------------------------------------------------------------+--------------+
|ap_clk                      |   in|    1|  ap_ctrl_hs|  softmax_stable<array,array<ap_fixed<16,6,5,3,0>,10u>,softmax_config11>|  return value|
|ap_rst                      |   in|    1|  ap_ctrl_hs|  softmax_stable<array,array<ap_fixed<16,6,5,3,0>,10u>,softmax_config11>|  return value|
|ap_start                    |   in|    1|  ap_ctrl_hs|  softmax_stable<array,array<ap_fixed<16,6,5,3,0>,10u>,softmax_config11>|  return value|
|ap_done                     |  out|    1|  ap_ctrl_hs|  softmax_stable<array,array<ap_fixed<16,6,5,3,0>,10u>,softmax_config11>|  return value|
|ap_idle                     |  out|    1|  ap_ctrl_hs|  softmax_stable<array,array<ap_fixed<16,6,5,3,0>,10u>,softmax_config11>|  return value|
|ap_ready                    |  out|    1|  ap_ctrl_hs|  softmax_stable<array,array<ap_fixed<16,6,5,3,0>,10u>,softmax_config11>|  return value|
|layer10_out_dout            |   in|  430|     ap_fifo|                                                             layer10_out|       pointer|
|layer10_out_empty_n         |   in|    1|     ap_fifo|                                                             layer10_out|       pointer|
|layer10_out_read            |  out|    1|     ap_fifo|                                                             layer10_out|       pointer|
|layer10_out_num_data_valid  |   in|    2|     ap_fifo|                                                             layer10_out|       pointer|
|layer10_out_fifo_cap        |   in|    2|     ap_fifo|                                                             layer10_out|       pointer|
|layer11_out_TDATA           |  out|  160|        axis|                                                             layer11_out|       pointer|
|layer11_out_TVALID          |  out|    1|        axis|                                                             layer11_out|       pointer|
|layer11_out_TREADY          |   in|    1|        axis|                                                             layer11_out|       pointer|
+----------------------------+-----+-----+------------+------------------------------------------------------------------------+--------------+

