

================================================================
== Vitis HLS Report for 'dense_latency_ap_ufixed_8_6_0_3_0_ap_fixed_13_10_5_3_0_config6_s'
================================================================
* Date:           Thu May 14 16:52:33 2026

* Version:        2025.2 (Build 6295257 on Nov 14 2025)
* Project:        myproject_prj
* Solution:       solution1 (Vivado IP Flow Target)
* Product family: zynquplus
* Target device:  xck26-sfvc784-2LV-c


================================================================
== Performance Estimates
================================================================
+ Timing: 
    * Summary: 
    +--------+---------+----------+------------+
    |  Clock |  Target | Estimated| Uncertainty|
    +--------+---------+----------+------------+
    |ap_clk  |  5.00 ns|  2.341 ns|     1.35 ns|
    +--------+---------+----------+------------+

+ Latency: 
    * Summary: 
    +---------+---------+----------+----------+-----+-----+---------+
    |  Latency (cycles) |  Latency (absolute) |  Interval | Pipeline|
    |   min   |   max   |    min   |    max   | min | max |   Type  |
    +---------+---------+----------+----------+-----+-----+---------+
    |        0|        0|      0 ns|      0 ns|    1|    1|      yes|
    +---------+---------+----------+----------+-----+-----+---------+

    + Detail: 
        * Instance: 
        N/A

        * Loop: 
        N/A



================================================================
== Utilization Estimates
================================================================
* Summary: 
+-----------------+---------+------+--------+--------+-----+
|       Name      | BRAM_18K|  DSP |   FF   |   LUT  | URAM|
+-----------------+---------+------+--------+--------+-----+
|DSP              |        -|     -|       -|       -|    -|
|Expression       |        -|     -|       0|     343|    -|
|FIFO             |        -|     -|       -|       -|    -|
|Instance         |        -|     -|       -|       -|    -|
|Memory           |        -|     -|       -|       -|    -|
|Multiplexer      |        -|     -|       -|       -|    -|
|Register         |        -|     -|       -|       -|    -|
+-----------------+---------+------+--------+--------+-----+
|Total            |        0|     0|       0|     343|    0|
+-----------------+---------+------+--------+--------+-----+
|Available        |      288|  1248|  234240|  117120|   64|
+-----------------+---------+------+--------+--------+-----+
|Utilization (%)  |        0|     0|       0|      ~0|    0|
+-----------------+---------+------+--------+--------+-----+

+ Detail: 
    * Instance: 
    N/A

    * DSP: 
    N/A

    * Memory: 
    N/A

    * FIFO: 
    N/A

    * Expression: 
    +-----------------------+----------+----+---+----+------------+------------+
    |     Variable Name     | Operation| DSP| FF| LUT| Bitwidth P0| Bitwidth P1|
    +-----------------------+----------+----+---+----+------------+------------+
    |add_ln111_fu_520_p2    |         +|   0|  0|  19|          12|           6|
    |add_ln58_23_fu_364_p2  |         +|   0|  0|  19|          12|          12|
    |add_ln58_24_fu_374_p2  |         +|   0|  0|  16|           9|           5|
    |add_ln58_25_fu_384_p2  |         +|   0|  0|  16|          14|          14|
    |add_ln58_27_fu_396_p2  |         +|   0|  0|  18|          11|          11|
    |add_ln58_28_fu_406_p2  |         +|   0|  0|  19|          12|           5|
    |add_ln58_29_fu_416_p2  |         +|   0|  0|  17|          13|          13|
    |add_ln58_30_fu_440_p2  |         +|   0|  0|  19|          12|          12|
    |add_ln58_fu_286_p2     |         +|   0|  0|  16|           9|           3|
    |tmp126_fu_346_p2       |         +|   0|  0|  16|           9|           9|
    |tmp14_fu_422_p2        |         +|   0|  0|  16|           9|           9|
    |x_7_fu_456_p2          |         +|   0|  0|  16|          14|          14|
    |x_9_fu_390_p2          |         +|   0|  0|  16|          14|          14|
    |x_fu_296_p2            |         +|   0|  0|  17|          12|          12|
    |empty_fu_306_p2        |         -|   0|  0|  16|           9|           9|
    |mult_fu_174_p2         |         -|   0|  0|  17|          12|          12|
    |sub_ln58_1_fu_450_p2   |         -|   0|  0|  16|           6|          14|
    |tmp108_fu_320_p2       |         -|   0|  0|  17|          10|          10|
    |x_6_fu_280_p2          |         -|   0|  0|  20|           6|          13|
    |x_8_fu_462_p2          |         -|   0|  0|  17|          13|          13|
    +-----------------------+----------+----+---+----+------------+------------+
    |Total                  |          |   0|  0| 343|         218|         210|
    +-----------------------+----------+----+---+----+------------+------------+

    * Multiplexer: 
    N/A

    * Register: 
    N/A



================================================================
== Interface
================================================================
* Summary: 
+-------------------+-----+-----+------------+-----------------------------------------------------------------------------+--------------+
|     RTL Ports     | Dir | Bits|  Protocol  |                                Source Object                                |    C Type    |
+-------------------+-----+-----+------------+-----------------------------------------------------------------------------+--------------+
|ap_ready           |  out|    1|  ap_ctrl_hs|  dense_latency<ap_ufixed<8, 6, 0, 3, 0>, ap_fixed<13, 10, 5, 3, 0>, config6>|  return value|
|ap_return_0        |  out|   13|  ap_ctrl_hs|  dense_latency<ap_ufixed<8, 6, 0, 3, 0>, ap_fixed<13, 10, 5, 3, 0>, config6>|  return value|
|ap_return_1        |  out|   13|  ap_ctrl_hs|  dense_latency<ap_ufixed<8, 6, 0, 3, 0>, ap_fixed<13, 10, 5, 3, 0>, config6>|  return value|
|ap_return_2        |  out|   13|  ap_ctrl_hs|  dense_latency<ap_ufixed<8, 6, 0, 3, 0>, ap_fixed<13, 10, 5, 3, 0>, config6>|  return value|
|ap_return_3        |  out|   13|  ap_ctrl_hs|  dense_latency<ap_ufixed<8, 6, 0, 3, 0>, ap_fixed<13, 10, 5, 3, 0>, config6>|  return value|
|ap_return_4        |  out|   13|  ap_ctrl_hs|  dense_latency<ap_ufixed<8, 6, 0, 3, 0>, ap_fixed<13, 10, 5, 3, 0>, config6>|  return value|
|ap_return_5        |  out|   13|  ap_ctrl_hs|  dense_latency<ap_ufixed<8, 6, 0, 3, 0>, ap_fixed<13, 10, 5, 3, 0>, config6>|  return value|
|ap_rst             |   in|    1|  ap_ctrl_hs|  dense_latency<ap_ufixed<8, 6, 0, 3, 0>, ap_fixed<13, 10, 5, 3, 0>, config6>|  return value|
|layer4_out_1_val   |   in|    8|     ap_none|                                                             layer4_out_1_val|        scalar|
|layer4_out_7_val   |   in|    8|     ap_none|                                                             layer4_out_7_val|        scalar|
|layer4_out_16_val  |   in|    8|     ap_none|                                                            layer4_out_16_val|        scalar|
|layer4_out_35_val  |   in|    8|     ap_none|                                                            layer4_out_35_val|        scalar|
|layer4_out_40_val  |   in|    8|     ap_none|                                                            layer4_out_40_val|        scalar|
|layer4_out_42_val  |   in|    8|     ap_none|                                                            layer4_out_42_val|        scalar|
|layer4_out_44_val  |   in|    8|     ap_none|                                                            layer4_out_44_val|        scalar|
|layer4_out_47_val  |   in|    8|     ap_none|                                                            layer4_out_47_val|        scalar|
|layer4_out_48_val  |   in|    8|     ap_none|                                                            layer4_out_48_val|        scalar|
|layer4_out_51_val  |   in|    8|     ap_none|                                                            layer4_out_51_val|        scalar|
|layer4_out_54_val  |   in|    8|     ap_none|                                                            layer4_out_54_val|        scalar|
+-------------------+-----+-----+------------+-----------------------------------------------------------------------------+--------------+

