

================================================================
== Vitis HLS Report for 'relu_ap_fixed_12_9_5_3_0_ap_ufixed_8_6_0_3_0_relu_config4_s'
================================================================
* Date:           Thu May 14 16:52:33 2026

* Version:        2025.2 (Build 6295257 on Nov 14 2025)
* Project:        myproject_prj
* Solution:       solution1 (Vivado IP Flow Target)
* Product family: zynquplus
* Target device:  xck26-sfvc784-2LV-c


================================================================
== Performance Estimates
================================================================
+ Timing: 
    * Summary: 
    +--------+---------+----------+------------+
    |  Clock |  Target | Estimated| Uncertainty|
    +--------+---------+----------+------------+
    |ap_clk  |  5.00 ns|  1.202 ns|     1.35 ns|
    +--------+---------+----------+------------+

+ Latency: 
    * Summary: 
    +---------+---------+----------+----------+-----+-----+---------+
    |  Latency (cycles) |  Latency (absolute) |  Interval | Pipeline|
    |   min   |   max   |    min   |    max   | min | max |   Type  |
    +---------+---------+----------+----------+-----+-----+---------+
    |        0|        0|      0 ns|      0 ns|    1|    1|      yes|
    +---------+---------+----------+----------+-----+-----+---------+

    + Detail: 
        * Instance: 
        N/A

        * Loop: 
        N/A



================================================================
== Utilization Estimates
================================================================
* Summary: 
+-----------------+---------+------+--------+--------+-----+
|       Name      | BRAM_18K|  DSP |   FF   |   LUT  | URAM|
+-----------------+---------+------+--------+--------+-----+
|DSP              |        -|     -|       -|       -|    -|
|Expression       |        -|     -|       0|     462|    -|
|FIFO             |        -|     -|       -|       -|    -|
|Instance         |        -|     -|       -|       -|    -|
|Memory           |        -|     -|       -|       -|    -|
|Multiplexer      |        -|     -|       -|       -|    -|
|Register         |        -|     -|       -|       -|    -|
+-----------------+---------+------+--------+--------+-----+
|Total            |        0|     0|       0|     462|    0|
+-----------------+---------+------+--------+--------+-----+
|Available        |      288|  1248|  234240|  117120|   64|
+-----------------+---------+------+--------+--------+-----+
|Utilization (%)  |        0|     0|       0|      ~0|    0|
+-----------------+---------+------+--------+--------+-----+

+ Detail: 
    * Instance: 
    N/A

    * DSP: 
    N/A

    * Memory: 
    N/A

    * FIFO: 
    N/A

    * Expression: 
    +---------------------------+----------+----+---+----+------------+------------+
    |       Variable Name       | Operation| DSP| FF| LUT| Bitwidth P0| Bitwidth P1|
    +---------------------------+----------+----+---+----+------------+------------+
    |add_ln46_12_fu_172_p2      |         +|   0|  0|  15|           8|           8|
    |add_ln46_13_fu_210_p2      |         +|   0|  0|  15|           8|           8|
    |add_ln46_14_fu_248_p2      |         +|   0|  0|  15|           8|           8|
    |add_ln46_15_fu_286_p2      |         +|   0|  0|  15|           8|           8|
    |add_ln46_16_fu_324_p2      |         +|   0|  0|  15|           8|           8|
    |add_ln46_17_fu_362_p2      |         +|   0|  0|  15|           8|           8|
    |add_ln46_18_fu_400_p2      |         +|   0|  0|  15|           8|           8|
    |add_ln46_19_fu_438_p2      |         +|   0|  0|  15|           8|           8|
    |add_ln46_20_fu_476_p2      |         +|   0|  0|  15|           8|           8|
    |add_ln46_21_fu_514_p2      |         +|   0|  0|  15|           8|           8|
    |add_ln46_fu_134_p2         |         +|   0|  0|  15|           8|           8|
    |icmp_ln45_12_fu_148_p2     |      icmp|   0|  0|  19|          12|           1|
    |icmp_ln45_13_fu_186_p2     |      icmp|   0|  0|  19|          12|           1|
    |icmp_ln45_14_fu_224_p2     |      icmp|   0|  0|  19|          12|           1|
    |icmp_ln45_15_fu_262_p2     |      icmp|   0|  0|  19|          12|           1|
    |icmp_ln45_16_fu_300_p2     |      icmp|   0|  0|  19|          12|           1|
    |icmp_ln45_17_fu_338_p2     |      icmp|   0|  0|  19|          12|           1|
    |icmp_ln45_18_fu_376_p2     |      icmp|   0|  0|  19|          12|           1|
    |icmp_ln45_19_fu_414_p2     |      icmp|   0|  0|  19|          12|           1|
    |icmp_ln45_20_fu_452_p2     |      icmp|   0|  0|  19|          12|           1|
    |icmp_ln45_21_fu_490_p2     |      icmp|   0|  0|  19|          12|           1|
    |icmp_ln45_fu_110_p2        |      icmp|   0|  0|  19|          12|           1|
    |layer4_out_16_0_fu_216_p3  |    select|   0|  0|   8|           1|           8|
    |layer4_out_1_0_fu_140_p3   |    select|   0|  0|   8|           1|           8|
    |layer4_out_35_0_fu_254_p3  |    select|   0|  0|   8|           1|           8|
    |layer4_out_40_0_fu_292_p3  |    select|   0|  0|   8|           1|           8|
    |layer4_out_42_0_fu_330_p3  |    select|   0|  0|   8|           1|           8|
    |layer4_out_44_0_fu_368_p3  |    select|   0|  0|   8|           1|           8|
    |layer4_out_47_0_fu_406_p3  |    select|   0|  0|   8|           1|           8|
    |layer4_out_48_0_fu_444_p3  |    select|   0|  0|   8|           1|           8|
    |layer4_out_51_0_fu_482_p3  |    select|   0|  0|   8|           1|           8|
    |layer4_out_54_0_fu_520_p3  |    select|   0|  0|   8|           1|           8|
    |layer4_out_7_0_fu_178_p3   |    select|   0|  0|   8|           1|           8|
    +---------------------------+----------+----+---+----+------------+------------+
    |Total                      |          |   0|  0| 462|         231|         187|
    +---------------------------+----------+----+---+----+------------+------------+

    * Multiplexer: 
    N/A

    * Register: 
    N/A



================================================================
== Interface
================================================================
* Summary: 
+-------------------+-----+-----+------------+------------------------------------------------------------------------+--------------+
|     RTL Ports     | Dir | Bits|  Protocol  |                              Source Object                             |    C Type    |
+-------------------+-----+-----+------------+------------------------------------------------------------------------+--------------+
|ap_ready           |  out|    1|  ap_ctrl_hs|  relu<ap_fixed<12, 9, 5, 3, 0>, ap_ufixed<8, 6, 0, 3, 0>, relu_config4>|  return value|
|ap_return_0        |  out|    8|  ap_ctrl_hs|  relu<ap_fixed<12, 9, 5, 3, 0>, ap_ufixed<8, 6, 0, 3, 0>, relu_config4>|  return value|
|ap_return_1        |  out|    8|  ap_ctrl_hs|  relu<ap_fixed<12, 9, 5, 3, 0>, ap_ufixed<8, 6, 0, 3, 0>, relu_config4>|  return value|
|ap_return_2        |  out|    8|  ap_ctrl_hs|  relu<ap_fixed<12, 9, 5, 3, 0>, ap_ufixed<8, 6, 0, 3, 0>, relu_config4>|  return value|
|ap_return_3        |  out|    8|  ap_ctrl_hs|  relu<ap_fixed<12, 9, 5, 3, 0>, ap_ufixed<8, 6, 0, 3, 0>, relu_config4>|  return value|
|ap_return_4        |  out|    8|  ap_ctrl_hs|  relu<ap_fixed<12, 9, 5, 3, 0>, ap_ufixed<8, 6, 0, 3, 0>, relu_config4>|  return value|
|ap_return_5        |  out|    8|  ap_ctrl_hs|  relu<ap_fixed<12, 9, 5, 3, 0>, ap_ufixed<8, 6, 0, 3, 0>, relu_config4>|  return value|
|ap_return_6        |  out|    8|  ap_ctrl_hs|  relu<ap_fixed<12, 9, 5, 3, 0>, ap_ufixed<8, 6, 0, 3, 0>, relu_config4>|  return value|
|ap_return_7        |  out|    8|  ap_ctrl_hs|  relu<ap_fixed<12, 9, 5, 3, 0>, ap_ufixed<8, 6, 0, 3, 0>, relu_config4>|  return value|
|ap_return_8        |  out|    8|  ap_ctrl_hs|  relu<ap_fixed<12, 9, 5, 3, 0>, ap_ufixed<8, 6, 0, 3, 0>, relu_config4>|  return value|
|ap_return_9        |  out|    8|  ap_ctrl_hs|  relu<ap_fixed<12, 9, 5, 3, 0>, ap_ufixed<8, 6, 0, 3, 0>, relu_config4>|  return value|
|ap_return_10       |  out|    8|  ap_ctrl_hs|  relu<ap_fixed<12, 9, 5, 3, 0>, ap_ufixed<8, 6, 0, 3, 0>, relu_config4>|  return value|
|ap_rst             |   in|    1|  ap_ctrl_hs|  relu<ap_fixed<12, 9, 5, 3, 0>, ap_ufixed<8, 6, 0, 3, 0>, relu_config4>|  return value|
|layer3_out_1_val   |   in|   12|     ap_none|                                                        layer3_out_1_val|        scalar|
|layer3_out_7_val   |   in|   12|     ap_none|                                                        layer3_out_7_val|        scalar|
|layer3_out_16_val  |   in|   12|     ap_none|                                                       layer3_out_16_val|        scalar|
|layer3_out_35_val  |   in|   12|     ap_none|                                                       layer3_out_35_val|        scalar|
|layer3_out_40_val  |   in|   12|     ap_none|                                                       layer3_out_40_val|        scalar|
|layer3_out_42_val  |   in|   12|     ap_none|                                                       layer3_out_42_val|        scalar|
|layer3_out_44_val  |   in|   12|     ap_none|                                                       layer3_out_44_val|        scalar|
|layer3_out_47_val  |   in|   12|     ap_none|                                                       layer3_out_47_val|        scalar|
|layer3_out_48_val  |   in|   12|     ap_none|                                                       layer3_out_48_val|        scalar|
|layer3_out_51_val  |   in|   12|     ap_none|                                                       layer3_out_51_val|        scalar|
|layer3_out_54_val  |   in|   12|     ap_none|                                                       layer3_out_54_val|        scalar|
+-------------------+-----+-----+------------+------------------------------------------------------------------------+--------------+

