

================================================================
== Vitis HLS Report for 'dense_array_ap_ufixed_32u_array_ap_fixed_10_7_5_3_0_5u_config11_s'
================================================================
* Date:           Thu May  7 14:50:50 2026

* Version:        2025.2 (Build 6295257 on Nov 14 2025)
* Project:        vitis_unified_project
* Solution:       hls (Vivado IP Flow Target)
* Product family: zynquplus
* Target device:  xck26-sfvc784-2LV-c


================================================================
== Performance Estimates
================================================================
+ Timing: 
    * Summary: 
    +--------+---------+----------+------------+
    |  Clock |  Target | Estimated| Uncertainty|
    +--------+---------+----------+------------+
    |ap_clk  |  5.00 ns|  3.444 ns|     0.62 ns|
    +--------+---------+----------+------------+

+ Latency: 
    * Summary: 
    +---------+---------+-----------+-----------+-----+-----+---------+
    |  Latency (cycles) |   Latency (absolute)  |  Interval | Pipeline|
    |   min   |   max   |    min    |    max    | min | max |   Type  |
    +---------+---------+-----------+-----------+-----+-----+---------+
    |        2|        2|  10.000 ns|  10.000 ns|    2|    2|       no|
    +---------+---------+-----------+-----------+-----+-----+---------+

    + Detail: 
        * Instance: 
        +----------------------------------------------------------------------------------+------------------------------------------------------------------+---------+---------+----------+----------+-----+-----+---------+
        |                                                                                  |                                                                  |  Latency (cycles) |  Latency (absolute) |  Interval | Pipeline|
        |                                     Instance                                     |                              Module                              |   min   |   max   |    min   |    max   | min | max |   Type  |
        +----------------------------------------------------------------------------------+------------------------------------------------------------------+---------+---------+----------+----------+-----+-----+---------+
        |call_ret_dense_latency_ap_ufixed_2_0_4_0_0_ap_fixed_10_7_5_3_0_config11_s_fu_137  |dense_latency_ap_ufixed_2_0_4_0_0_ap_fixed_10_7_5_3_0_config11_s  |        0|        0|      0 ns|      0 ns|    1|    1|      yes|
        +----------------------------------------------------------------------------------+------------------------------------------------------------------+---------+---------+----------+----------+-----+-----+---------+

        * Loop: 
        N/A



================================================================
== Utilization Estimates
================================================================
* Summary: 
+-----------------+---------+------+--------+--------+-----+
|       Name      | BRAM_18K|  DSP |   FF   |   LUT  | URAM|
+-----------------+---------+------+--------+--------+-----+
|DSP              |        -|     -|       -|       -|    -|
|Expression       |        -|     -|       0|       2|    -|
|FIFO             |        -|     -|       -|       -|    -|
|Instance         |        -|     -|       0|     580|    -|
|Memory           |        -|     -|       -|       -|    -|
|Multiplexer      |        -|     -|       0|      56|    -|
|Register         |        -|     -|     107|       -|    -|
+-----------------+---------+------+--------+--------+-----+
|Total            |        0|     0|     107|     638|    0|
+-----------------+---------+------+--------+--------+-----+
|Available        |      288|  1248|  234240|  117120|   64|
+-----------------+---------+------+--------+--------+-----+
|Utilization (%)  |        0|     0|      ~0|      ~0|    0|
+-----------------+---------+------+--------+--------+-----+

+ Detail: 
    * Instance: 
    +----------------------------------------------------------------------------------+------------------------------------------------------------------+---------+----+---+-----+-----+
    |                                     Instance                                     |                              Module                              | BRAM_18K| DSP| FF| LUT | URAM|
    +----------------------------------------------------------------------------------+------------------------------------------------------------------+---------+----+---+-----+-----+
    |call_ret_dense_latency_ap_ufixed_2_0_4_0_0_ap_fixed_10_7_5_3_0_config11_s_fu_137  |dense_latency_ap_ufixed_2_0_4_0_0_ap_fixed_10_7_5_3_0_config11_s  |        0|   0|  0|  580|    0|
    +----------------------------------------------------------------------------------+------------------------------------------------------------------+---------+----+---+-----+-----+
    |Total                                                                             |                                                                  |        0|   0|  0|  580|    0|
    +----------------------------------------------------------------------------------+------------------------------------------------------------------+---------+----+---+-----+-----+

    * DSP: 
    N/A

    * Memory: 
    N/A

    * FIFO: 
    N/A

    * Expression: 
    +-----------------+----------+----+---+----+------------+------------+
    |  Variable Name  | Operation| DSP| FF| LUT| Bitwidth P0| Bitwidth P1|
    +-----------------+----------+----+---+----+------------+------------+
    |ap_block_state1  |        or|   0|  0|   2|           1|           1|
    +-----------------+----------+----+---+----+------------+------------+
    |Total            |          |   0|  0|   2|           1|           1|
    +-----------------+----------+----+---+----+------------+------------+

    * Multiplexer: 
    +-------------------+----+-----------+-----+-----------+
    |        Name       | LUT| Input Size| Bits| Total Bits|
    +-------------------+----+-----------+-----+-----------+
    |ap_NS_fsm          |  20|          4|    1|          4|
    |ap_done            |   9|          2|    1|          2|
    |layer10_out_blk_n  |   9|          2|    1|          2|
    |layer11_out_blk_n  |   9|          2|    1|          2|
    |real_start         |   9|          2|    1|          2|
    +-------------------+----+-----------+-----+-----------+
    |Total              |  56|         12|    5|         12|
    +-------------------+----+-----------+-----+-----------+

    * Register: 
    +-----------------+----+----+-----+-----------+
    |       Name      | FF | LUT| Bits| Const Bits|
    +-----------------+----+----+-----+-----------+
    |ap_CS_fsm        |   3|   0|    3|          0|
    |ap_done_reg      |   1|   0|    1|          0|
    |data_58_reg_461  |   2|   0|    2|          0|
    |data_59_reg_466  |   2|   0|    2|          0|
    |data_60_reg_471  |   2|   0|    2|          0|
    |data_61_reg_476  |   2|   0|    2|          0|
    |data_62_reg_481  |   2|   0|    2|          0|
    |data_63_reg_486  |   2|   0|    2|          0|
    |data_64_reg_491  |   2|   0|    2|          0|
    |data_65_reg_496  |   2|   0|    2|          0|
    |data_66_reg_501  |   2|   0|    2|          0|
    |data_67_reg_506  |   2|   0|    2|          0|
    |data_68_reg_511  |   2|   0|    2|          0|
    |data_69_reg_516  |   2|   0|    2|          0|
    |data_70_reg_521  |   2|   0|    2|          0|
    |data_71_reg_526  |   2|   0|    2|          0|
    |data_72_reg_531  |   2|   0|    2|          0|
    |data_73_reg_536  |   2|   0|    2|          0|
    |data_74_reg_541  |   2|   0|    2|          0|
    |data_75_reg_546  |   2|   0|    2|          0|
    |data_76_reg_551  |   2|   0|    2|          0|
    |data_77_reg_556  |   2|   0|    2|          0|
    |data_78_reg_561  |   2|   0|    2|          0|
    |data_79_reg_566  |   2|   0|    2|          0|
    |data_80_reg_571  |   2|   0|    2|          0|
    |data_81_reg_576  |   2|   0|    2|          0|
    |data_82_reg_456  |   2|   0|    2|          0|
    |data_reg_451     |   2|   0|    2|          0|
    |res_1_reg_586    |  10|   0|   10|          0|
    |res_2_reg_591    |  10|   0|   10|          0|
    |res_3_reg_596    |  10|   0|   10|          0|
    |res_4_reg_601    |  10|   0|   10|          0|
    |res_reg_581      |  10|   0|   10|          0|
    |start_once_reg   |   1|   0|    1|          0|
    +-----------------+----+----+-----+-----------+
    |Total            | 107|   0|  107|          0|
    +-----------------+----+----+-----+-----------+



================================================================
== Interface
================================================================
* Summary: 
+----------------------------+-----+-----+------------+---------------------------------------------------------------------+--------------+
|          RTL Ports         | Dir | Bits|  Protocol  |                            Source Object                            |    C Type    |
+----------------------------+-----+-----+------------+---------------------------------------------------------------------+--------------+
|ap_clk                      |   in|    1|  ap_ctrl_hs|  dense<array<ap_ufixed,32u>,array<ap_fixed<10,7,5,3,0>,5u>,config11>|  return value|
|ap_rst                      |   in|    1|  ap_ctrl_hs|  dense<array<ap_ufixed,32u>,array<ap_fixed<10,7,5,3,0>,5u>,config11>|  return value|
|ap_start                    |   in|    1|  ap_ctrl_hs|  dense<array<ap_ufixed,32u>,array<ap_fixed<10,7,5,3,0>,5u>,config11>|  return value|
|start_full_n                |   in|    1|  ap_ctrl_hs|  dense<array<ap_ufixed,32u>,array<ap_fixed<10,7,5,3,0>,5u>,config11>|  return value|
|ap_done                     |  out|    1|  ap_ctrl_hs|  dense<array<ap_ufixed,32u>,array<ap_fixed<10,7,5,3,0>,5u>,config11>|  return value|
|ap_continue                 |   in|    1|  ap_ctrl_hs|  dense<array<ap_ufixed,32u>,array<ap_fixed<10,7,5,3,0>,5u>,config11>|  return value|
|ap_idle                     |  out|    1|  ap_ctrl_hs|  dense<array<ap_ufixed,32u>,array<ap_fixed<10,7,5,3,0>,5u>,config11>|  return value|
|ap_ready                    |  out|    1|  ap_ctrl_hs|  dense<array<ap_ufixed,32u>,array<ap_fixed<10,7,5,3,0>,5u>,config11>|  return value|
|start_out                   |  out|    1|  ap_ctrl_hs|  dense<array<ap_ufixed,32u>,array<ap_fixed<10,7,5,3,0>,5u>,config11>|  return value|
|start_write                 |  out|    1|  ap_ctrl_hs|  dense<array<ap_ufixed,32u>,array<ap_fixed<10,7,5,3,0>,5u>,config11>|  return value|
|layer10_out_dout            |   in|   64|     ap_fifo|                                                          layer10_out|       pointer|
|layer10_out_empty_n         |   in|    1|     ap_fifo|                                                          layer10_out|       pointer|
|layer10_out_read            |  out|    1|     ap_fifo|                                                          layer10_out|       pointer|
|layer10_out_num_data_valid  |   in|    2|     ap_fifo|                                                          layer10_out|       pointer|
|layer10_out_fifo_cap        |   in|    2|     ap_fifo|                                                          layer10_out|       pointer|
|layer11_out_din             |  out|   50|     ap_fifo|                                                          layer11_out|       pointer|
|layer11_out_full_n          |   in|    1|     ap_fifo|                                                          layer11_out|       pointer|
|layer11_out_write           |  out|    1|     ap_fifo|                                                          layer11_out|       pointer|
|layer11_out_num_data_valid  |   in|    2|     ap_fifo|                                                          layer11_out|       pointer|
|layer11_out_fifo_cap        |   in|    2|     ap_fifo|                                                          layer11_out|       pointer|
+----------------------------+-----+-----+------------+---------------------------------------------------------------------+--------------+

