

================================================================
== Vitis HLS Report for 'dense_latency_ap_fixed_26_19_5_3_0_ap_fixed_14_8_5_3_0_config3_s'
================================================================
* Date:           Wed Mar 18 19:19:33 2026

* Version:        2025.2 (Build 6295257 on Nov 14 2025)
* Project:        hgq2_1_hls4ml_prj_Vitis_latency_reusefactor4_prj
* Solution:       solution1 (Vivado IP Flow Target)
* Product family: zynquplus
* Target device:  xck26-sfvc784-2LV-c


================================================================
== Performance Estimates
================================================================
+ Timing: 
    * Summary: 
    +--------+---------+----------+------------+
    |  Clock |  Target | Estimated| Uncertainty|
    +--------+---------+----------+------------+
    |ap_clk  |  5.00 ns|  3.251 ns|     1.35 ns|
    +--------+---------+----------+------------+

+ Latency: 
    * Summary: 
    +---------+---------+----------+----------+-----+-----+---------+
    |  Latency (cycles) |  Latency (absolute) |  Interval | Pipeline|
    |   min   |   max   |    min   |    max   | min | max |   Type  |
    +---------+---------+----------+----------+-----+-----+---------+
    |        1|        1|  5.000 ns|  5.000 ns|    2|    2|      yes|
    +---------+---------+----------+----------+-----+-----+---------+

    + Detail: 
        * Instance: 
        N/A

        * Loop: 
        N/A



================================================================
== Utilization Estimates
================================================================
* Summary: 
+-----------------+---------+------+--------+--------+-----+
|       Name      | BRAM_18K|  DSP |   FF   |   LUT  | URAM|
+-----------------+---------+------+--------+--------+-----+
|DSP              |        -|     -|       -|       -|    -|
|Expression       |        -|     -|       0|    2971|    -|
|FIFO             |        -|     -|       -|       -|    -|
|Instance         |        -|     5|       0|      25|    -|
|Memory           |        -|     -|       -|       -|    -|
|Multiplexer      |        -|     -|       0|      14|    -|
|Register         |        -|     -|     233|       -|    -|
+-----------------+---------+------+--------+--------+-----+
|Total            |        0|     5|     233|    3010|    0|
+-----------------+---------+------+--------+--------+-----+
|Available        |      288|  1248|  234240|  117120|   64|
+-----------------+---------+------+--------+--------+-----+
|Utilization (%)  |        0|    ~0|      ~0|       2|    0|
+-----------------+---------+------+--------+--------+-----+

+ Detail: 
    * Instance: 
    +-----------------------+--------------------+---------+----+---+----+-----+
    |        Instance       |       Module       | BRAM_18K| DSP| FF| LUT| URAM|
    +-----------------------+--------------------+---------+----+---+----+-----+
    |mul_11s_9ns_20_1_1_U5  |mul_11s_9ns_20_1_1  |        0|   1|  0|   5|    0|
    |mul_11s_9s_20_1_1_U3   |mul_11s_9s_20_1_1   |        0|   1|  0|   5|    0|
    |mul_12s_10s_21_1_1_U4  |mul_12s_10s_21_1_1  |        0|   1|  0|   5|    0|
    |mul_12s_9ns_21_1_1_U1  |mul_12s_9ns_21_1_1  |        0|   1|  0|   5|    0|
    |mul_12s_9ns_21_1_1_U2  |mul_12s_9ns_21_1_1  |        0|   1|  0|   5|    0|
    +-----------------------+--------------------+---------+----+---+----+-----+
    |Total                  |                    |        0|   5|  0|  25|    0|
    +-----------------------+--------------------+---------+----+---+----+-----+

    * DSP: 
    N/A

    * Memory: 
    N/A

    * FIFO: 
    N/A

    * Expression: 
    +-------------------------+----------+----+---+----+------------+------------+
    |      Variable Name      | Operation| DSP| FF| LUT| Bitwidth P0| Bitwidth P1|
    +-------------------------+----------+----+---+----+------------+------------+
    |add_ln42_fu_2517_p2      |         +|   0|  0|  28|          21|          21|
    |add_ln58_199_fu_2845_p2  |         +|   0|  0|  24|          17|          17|
    |add_ln58_200_fu_2855_p2  |         +|   0|  0|  24|          17|          11|
    |add_ln58_202_fu_2871_p2  |         +|   0|  0|  25|          18|          18|
    |add_ln58_203_fu_2877_p2  |         +|   0|  0|  18|          18|          18|
    |add_ln58_204_fu_2883_p2  |         +|   0|  0|  17|          17|          10|
    |add_ln58_205_fu_2889_p2  |         +|   0|  0|  17|          17|          17|
    |add_ln58_207_fu_2905_p2  |         +|   0|  0|  22|          15|          15|
    |add_ln58_208_fu_2915_p2  |         +|   0|  0|  22|          15|          15|
    |add_ln58_210_fu_2931_p2  |         +|   0|  0|  17|          17|          17|
    |add_ln58_211_fu_2937_p2  |         +|   0|  0|  16|          15|          12|
    |add_ln58_212_fu_2943_p2  |         +|   0|  0|  16|          15|          15|
    |add_ln58_214_fu_2959_p2  |         +|   0|  0|  24|          17|          17|
    |add_ln58_215_fu_2969_p2  |         +|   0|  0|  25|          18|           7|
    |add_ln58_216_fu_2974_p2  |         +|   0|  0|  18|          18|          18|
    |add_ln58_218_fu_2986_p2  |         +|   0|  0|  25|          18|          18|
    |add_ln58_219_fu_2992_p2  |         +|   0|  0|  18|          18|          18|
    |add_ln58_220_fu_2998_p2  |         +|   0|  0|  18|          18|           9|
    |add_ln58_221_fu_3003_p2  |         +|   0|  0|  18|          18|          18|
    |add_ln58_223_fu_3015_p2  |         +|   0|  0|  25|          18|          18|
    |add_ln58_224_fu_3021_p2  |         +|   0|  0|  18|          18|          18|
    |add_ln58_225_fu_3027_p2  |         +|   0|  0|  18|          18|           7|
    |add_ln58_226_fu_3033_p2  |         +|   0|  0|  18|          18|          18|
    |add_ln58_229_fu_3051_p2  |         +|   0|  0|  18|          18|          11|
    |add_ln58_231_fu_3063_p2  |         +|   0|  0|  18|          18|          10|
    |add_ln58_233_fu_3075_p2  |         +|   0|  0|  18|          18|           8|
    |add_ln58_235_fu_3087_p2  |         +|   0|  0|  18|          18|          11|
    |add_ln58_237_fu_3099_p2  |         +|   0|  0|  17|          17|          17|
    |add_ln58_238_fu_3105_p2  |         +|   0|  0|  16|          16|           9|
    |add_ln58_239_fu_3111_p2  |         +|   0|  0|  16|          16|          16|
    |add_ln58_241_fu_3127_p2  |         +|   0|  0|  21|          14|          14|
    |add_ln58_242_fu_3137_p2  |         +|   0|  0|  24|          17|          17|
    |add_ln58_243_fu_3147_p2  |         +|   0|  0|  25|          18|          10|
    |add_ln58_244_fu_3153_p2  |         +|   0|  0|  18|          18|          18|
    |add_ln58_246_fu_3165_p2  |         +|   0|  0|  18|          18|          11|
    |add_ln58_248_fu_3176_p2  |         +|   0|  0|  22|          15|          15|
    |add_ln58_249_fu_3186_p2  |         +|   0|  0|  16|          15|          12|
    |add_ln58_250_fu_3192_p2  |         +|   0|  0|  16|          15|          15|
    |add_ln58_252_fu_3208_p2  |         +|   0|  0|  23|          16|          12|
    |add_ln58_254_fu_3224_p2  |         +|   0|  0|  25|          18|          18|
    |add_ln58_255_fu_3230_p2  |         +|   0|  0|  23|          16|          16|
    |add_ln58_256_fu_3240_p2  |         +|   0|  0|  18|          18|          18|
    |add_ln58_257_fu_3246_p2  |         +|   0|  0|  23|          16|          16|
    |add_ln58_258_fu_3256_p2  |         +|   0|  0|  16|          16|           9|
    |add_ln58_259_fu_3262_p2  |         +|   0|  0|  16|          16|          16|
    |add_ln58_260_fu_3272_p2  |         +|   0|  0|  24|          17|          17|
    |add_ln58_262_fu_3288_p2  |         +|   0|  0|  17|          17|          17|
    |add_ln58_263_fu_3294_p2  |         +|   0|  0|  21|          14|          11|
    |add_ln58_265_fu_3310_p2  |         +|   0|  0|  18|          18|          11|
    |add_ln58_267_fu_3322_p2  |         +|   0|  0|  24|          17|          17|
    |add_ln58_268_fu_3332_p2  |         +|   0|  0|  18|          18|          10|
    |add_ln58_270_fu_3344_p2  |         +|   0|  0|  20|          13|          13|
    |add_ln58_271_fu_3354_p2  |         +|   0|  0|  24|          17|          17|
    |add_ln58_272_fu_3360_p2  |         +|   0|  0|  17|          17|          17|
    |add_ln58_274_fu_3372_p2  |         +|   0|  0|  23|          16|          16|
    |add_ln58_275_fu_3382_p2  |         +|   0|  0|  18|          18|          18|
    |add_ln58_276_fu_3388_p2  |         +|   0|  0|  23|          16|           9|
    |add_ln58_277_fu_3398_p2  |         +|   0|  0|  24|          17|          17|
    |add_ln73_1_fu_1085_p2    |         +|   0|  0|  28|          21|          21|
    |add_ln73_2_fu_2025_p2    |         +|   0|  0|  26|          19|          19|
    |add_ln73_3_fu_2578_p2    |         +|   0|  0|  28|          21|          21|
    |add_ln73_fu_969_p2       |         +|   0|  0|  26|          19|          19|
    |x_38_fu_3282_p2          |         +|   0|  0|  18|          18|          18|
    |x_39_fu_2980_p2          |         +|   0|  0|  18|          18|          18|
    |x_40_fu_2839_p2          |         +|   0|  0|  25|          18|          18|
    |x_41_fu_3009_p2          |         +|   0|  0|  18|          18|          18|
    |x_42_fu_2899_p2          |         +|   0|  0|  18|          18|          18|
    |x_43_fu_3304_p2          |         +|   0|  0|  17|          17|          17|
    |x_44_fu_3039_p2          |         +|   0|  0|  18|          18|          18|
    |x_45_fu_3045_p2          |         +|   0|  0|  25|          18|           9|
    |x_46_fu_3057_p2          |         +|   0|  0|  18|          18|          18|
    |x_47_fu_3069_p2          |         +|   0|  0|  18|          18|          18|
    |x_48_fu_3316_p2          |         +|   0|  0|  18|          18|          18|
    |x_49_fu_2953_p2          |         +|   0|  0|  17|          17|          17|
    |x_50_fu_3081_p2          |         +|   0|  0|  18|          18|          18|
    |x_51_fu_3093_p2          |         +|   0|  0|  18|          18|          18|
    |x_52_fu_3121_p2          |         +|   0|  0|  17|          17|          17|
    |x_53_fu_3338_p2          |         +|   0|  0|  18|          18|          18|
    |x_54_fu_3366_p2          |         +|   0|  0|  17|          17|          17|
    |x_55_fu_3159_p2          |         +|   0|  0|  18|          18|          18|
    |x_56_fu_3170_p2          |         +|   0|  0|  18|          18|          18|
    |x_57_fu_2865_p2          |         +|   0|  0|  25|          18|          18|
    |x_58_fu_2925_p2          |         +|   0|  0|  23|          16|          16|
    |x_59_fu_3202_p2          |         +|   0|  0|  23|          16|          16|
    |x_60_fu_3408_p2          |         +|   0|  0|  18|          18|          18|
    |x_fu_3218_p2             |         +|   0|  0|  25|          18|          18|
    |sub_ln42_fu_2551_p2      |         -|   0|  0|  28|          21|          21|
    |sub_ln73_100_fu_2139_p2  |         -|   0|  0|  23|          16|          16|
    |sub_ln73_101_fu_2175_p2  |         -|   0|  0|  26|          19|          19|
    |sub_ln73_102_fu_2211_p2  |         -|   0|  0|  22|           1|          15|
    |sub_ln73_103_fu_2243_p2  |         -|   0|  0|  20|           1|          13|
    |sub_ln73_104_fu_2279_p2  |         -|   0|  0|  24|          17|          17|
    |sub_ln73_105_fu_2323_p2  |         -|   0|  0|  24|          17|          17|
    |sub_ln73_106_fu_2355_p2  |         -|   0|  0|  23|           1|          16|
    |sub_ln73_107_fu_2387_p2  |         -|   0|  0|  23|          16|          16|
    |sub_ln73_108_fu_2407_p2  |         -|   0|  0|  24|           1|          17|
    |sub_ln73_109_fu_2443_p2  |         -|   0|  0|  25|          18|          18|
    |sub_ln73_110_fu_2475_p2  |         -|   0|  0|  20|           1|          13|
    |sub_ln73_111_fu_2594_p2  |         -|   0|  0|  28|           1|          21|
    |sub_ln73_112_fu_2610_p2  |         -|   0|  0|  21|           1|          21|
    |sub_ln73_113_fu_2616_p2  |         -|   0|  0|  21|          21|          21|
    |sub_ln73_114_fu_2666_p2  |         -|   0|  0|  27|          20|          20|
    |sub_ln73_115_fu_2697_p2  |         -|   0|  0|  24|           1|          17|
    |sub_ln73_116_fu_2728_p2  |         -|   0|  0|  25|           1|          18|
    |sub_ln73_117_fu_2777_p2  |         -|   0|  0|  27|          20|          20|
    |sub_ln73_118_fu_2819_p2  |         -|   0|  0|  26|          19|          19|
    |sub_ln73_71_fu_933_p2    |         -|   0|  0|  27|          20|          20|
    |sub_ln73_72_fu_993_p2    |         -|   0|  0|  23|           1|          16|
    |sub_ln73_73_fu_1025_p2   |         -|   0|  0|  26|          19|          19|
    |sub_ln73_74_fu_1117_p2   |         -|   0|  0|  25|          18|          18|
    |sub_ln73_75_fu_1189_p2   |         -|   0|  0|  26|          19|          19|
    |sub_ln73_76_fu_1213_p2   |         -|   0|  0|  23|           1|          16|
    |sub_ln73_77_fu_1245_p2   |         -|   0|  0|  26|          19|          19|
    |sub_ln73_78_fu_1281_p2   |         -|   0|  0|  26|          19|          19|
    |sub_ln73_79_fu_1313_p2   |         -|   0|  0|  26|          19|          19|
    |sub_ln73_80_fu_1337_p2   |         -|   0|  0|  24|           1|          17|
    |sub_ln73_81_fu_1368_p2   |         -|   0|  0|  25|           1|          18|
    |sub_ln73_82_fu_1399_p2   |         -|   0|  0|  24|           1|          17|
    |sub_ln73_83_fu_1434_p2   |         -|   0|  0|  27|           1|          20|
    |sub_ln73_84_fu_1479_p2   |         -|   0|  0|  28|          21|          21|
    |sub_ln73_85_fu_1507_p2   |         -|   0|  0|  25|           1|          18|
    |sub_ln73_86_fu_1539_p2   |         -|   0|  0|  24|           1|          17|
    |sub_ln73_87_fu_1575_p2   |         -|   0|  0|  26|          19|          19|
    |sub_ln73_88_fu_1607_p2   |         -|   0|  0|  22|           1|          15|
    |sub_ln73_89_fu_1639_p2   |         -|   0|  0|  26|           1|          19|
    |sub_ln73_90_fu_1663_p2   |         -|   0|  0|  24|          17|          17|
    |sub_ln73_91_fu_1699_p2   |         -|   0|  0|  27|           1|          20|
    |sub_ln73_92_fu_1731_p2   |         -|   0|  0|  22|           1|          15|
    |sub_ln73_93_fu_1763_p2   |         -|   0|  0|  25|           1|          18|
    |sub_ln73_94_fu_1813_p2   |         -|   0|  0|  23|           1|          16|
    |sub_ln73_95_fu_1857_p2   |         -|   0|  0|  25|          18|          18|
    |sub_ln73_96_fu_1889_p2   |         -|   0|  0|  27|           1|          20|
    |sub_ln73_97_fu_1933_p2   |         -|   0|  0|  21|           1|          14|
    |sub_ln73_98_fu_1981_p2   |         -|   0|  0|  24|          17|          17|
    |sub_ln73_99_fu_2095_p2   |         -|   0|  0|  25|          18|          18|
    |sub_ln73_fu_913_p2       |         -|   0|  0|  27|          20|          20|
    +-------------------------+----------+----+---+----+------------+------------+
    |Total                    |          |   0|  0|2971|        1977|        2230|
    +-------------------------+----------+----+---+----+------------+------------+

    * Multiplexer: 
    +-----------+----+-----------+-----+-----------+
    |    Name   | LUT| Input Size| Bits| Total Bits|
    +-----------+----+-----------+-----+-----------+
    |ap_NS_fsm  |  14|          3|    1|          3|
    +-----------+----+-----------+-----+-----------+
    |Total      |  14|          3|    1|          3|
    +-----------+----+-----------+-----+-----------+

    * Register: 
    +-------------------------------+----+----+-----+-----------+
    |              Name             | FF | LUT| Bits| Const Bits|
    +-------------------------------+----+----+-----+-----------+
    |ap_CS_fsm                      |   2|   0|    2|          0|
    |ap_port_reg_conv8_i_i_i159_i   |  10|   0|   10|          0|
    |ap_port_reg_conv8_i_i_i198_i   |  10|   0|   10|          0|
    |ap_port_reg_conv8_i_i_i274_i   |  11|   0|   11|          0|
    |ap_port_reg_conv8_i_i_i313_i   |  11|   0|   11|          0|
    |ap_port_reg_conv8_i_i_i351_i   |  11|   0|   11|          0|
    |ap_port_reg_conv8_i_i_i390_i   |  12|   0|   12|          0|
    |ap_port_reg_conv8_i_i_i429_i   |  11|   0|   11|          0|
    |ap_port_reg_conv8_i_i_i501_i   |  11|   0|   11|          0|
    |ap_port_reg_conv8_i_i_i540_i   |  11|   0|   11|          0|
    |ap_port_reg_conv8_i_i_i581_i   |  11|   0|   11|          0|
    |conv8_i_i_i48_i_read_reg_3837  |  12|   0|   12|          0|
    |conv8_i_i_i_i_read_reg_3828    |  11|   0|   11|          0|
    |conv_i_i_i463_i_read_reg_3849  |  11|   0|   11|          0|
    |mult_144_reg_3858              |  17|   0|   17|          0|
    |mult_180_reg_3863              |  18|   0|   18|          0|
    |mult_181_reg_3868              |  18|   0|   18|          0|
    |mult_190_reg_3873              |  18|   0|   18|          0|
    |mult_194_reg_3878              |  17|   0|   17|          0|
    +-------------------------------+----+----+-----+-----------+
    |Total                          | 233|   0|  233|          0|
    +-------------------------------+----+----+-----+-----------+



================================================================
== Interface
================================================================
* Summary: 
+------------------+-----+-----+------------+-----------------------------------------------------------------------------+--------------+
|     RTL Ports    | Dir | Bits|  Protocol  |                                Source Object                                |    C Type    |
+------------------+-----+-----+------------+-----------------------------------------------------------------------------+--------------+
|ap_clk            |   in|    1|  ap_ctrl_hs|  dense_latency<ap_fixed<26, 19, 5, 3, 0>, ap_fixed<14, 8, 5, 3, 0>, config3>|  return value|
|ap_rst            |   in|    1|  ap_ctrl_hs|  dense_latency<ap_fixed<26, 19, 5, 3, 0>, ap_fixed<14, 8, 5, 3, 0>, config3>|  return value|
|ap_start          |   in|    1|  ap_ctrl_hs|  dense_latency<ap_fixed<26, 19, 5, 3, 0>, ap_fixed<14, 8, 5, 3, 0>, config3>|  return value|
|ap_done           |  out|    1|  ap_ctrl_hs|  dense_latency<ap_fixed<26, 19, 5, 3, 0>, ap_fixed<14, 8, 5, 3, 0>, config3>|  return value|
|ap_idle           |  out|    1|  ap_ctrl_hs|  dense_latency<ap_fixed<26, 19, 5, 3, 0>, ap_fixed<14, 8, 5, 3, 0>, config3>|  return value|
|ap_ready          |  out|    1|  ap_ctrl_hs|  dense_latency<ap_fixed<26, 19, 5, 3, 0>, ap_fixed<14, 8, 5, 3, 0>, config3>|  return value|
|ap_return_0       |  out|   14|  ap_ctrl_hs|  dense_latency<ap_fixed<26, 19, 5, 3, 0>, ap_fixed<14, 8, 5, 3, 0>, config3>|  return value|
|ap_return_1       |  out|   14|  ap_ctrl_hs|  dense_latency<ap_fixed<26, 19, 5, 3, 0>, ap_fixed<14, 8, 5, 3, 0>, config3>|  return value|
|ap_return_2       |  out|   14|  ap_ctrl_hs|  dense_latency<ap_fixed<26, 19, 5, 3, 0>, ap_fixed<14, 8, 5, 3, 0>, config3>|  return value|
|ap_return_3       |  out|   14|  ap_ctrl_hs|  dense_latency<ap_fixed<26, 19, 5, 3, 0>, ap_fixed<14, 8, 5, 3, 0>, config3>|  return value|
|ap_return_4       |  out|   14|  ap_ctrl_hs|  dense_latency<ap_fixed<26, 19, 5, 3, 0>, ap_fixed<14, 8, 5, 3, 0>, config3>|  return value|
|ap_return_5       |  out|   14|  ap_ctrl_hs|  dense_latency<ap_fixed<26, 19, 5, 3, 0>, ap_fixed<14, 8, 5, 3, 0>, config3>|  return value|
|ap_return_6       |  out|   14|  ap_ctrl_hs|  dense_latency<ap_fixed<26, 19, 5, 3, 0>, ap_fixed<14, 8, 5, 3, 0>, config3>|  return value|
|ap_return_7       |  out|   14|  ap_ctrl_hs|  dense_latency<ap_fixed<26, 19, 5, 3, 0>, ap_fixed<14, 8, 5, 3, 0>, config3>|  return value|
|ap_return_8       |  out|   14|  ap_ctrl_hs|  dense_latency<ap_fixed<26, 19, 5, 3, 0>, ap_fixed<14, 8, 5, 3, 0>, config3>|  return value|
|ap_return_9       |  out|   14|  ap_ctrl_hs|  dense_latency<ap_fixed<26, 19, 5, 3, 0>, ap_fixed<14, 8, 5, 3, 0>, config3>|  return value|
|ap_return_10      |  out|   14|  ap_ctrl_hs|  dense_latency<ap_fixed<26, 19, 5, 3, 0>, ap_fixed<14, 8, 5, 3, 0>, config3>|  return value|
|ap_return_11      |  out|   14|  ap_ctrl_hs|  dense_latency<ap_fixed<26, 19, 5, 3, 0>, ap_fixed<14, 8, 5, 3, 0>, config3>|  return value|
|ap_return_12      |  out|   14|  ap_ctrl_hs|  dense_latency<ap_fixed<26, 19, 5, 3, 0>, ap_fixed<14, 8, 5, 3, 0>, config3>|  return value|
|ap_return_13      |  out|   14|  ap_ctrl_hs|  dense_latency<ap_fixed<26, 19, 5, 3, 0>, ap_fixed<14, 8, 5, 3, 0>, config3>|  return value|
|ap_return_14      |  out|   14|  ap_ctrl_hs|  dense_latency<ap_fixed<26, 19, 5, 3, 0>, ap_fixed<14, 8, 5, 3, 0>, config3>|  return value|
|ap_return_15      |  out|   14|  ap_ctrl_hs|  dense_latency<ap_fixed<26, 19, 5, 3, 0>, ap_fixed<14, 8, 5, 3, 0>, config3>|  return value|
|ap_return_16      |  out|   14|  ap_ctrl_hs|  dense_latency<ap_fixed<26, 19, 5, 3, 0>, ap_fixed<14, 8, 5, 3, 0>, config3>|  return value|
|ap_return_17      |  out|   14|  ap_ctrl_hs|  dense_latency<ap_fixed<26, 19, 5, 3, 0>, ap_fixed<14, 8, 5, 3, 0>, config3>|  return value|
|ap_return_18      |  out|   14|  ap_ctrl_hs|  dense_latency<ap_fixed<26, 19, 5, 3, 0>, ap_fixed<14, 8, 5, 3, 0>, config3>|  return value|
|ap_return_19      |  out|   14|  ap_ctrl_hs|  dense_latency<ap_fixed<26, 19, 5, 3, 0>, ap_fixed<14, 8, 5, 3, 0>, config3>|  return value|
|ap_return_20      |  out|   14|  ap_ctrl_hs|  dense_latency<ap_fixed<26, 19, 5, 3, 0>, ap_fixed<14, 8, 5, 3, 0>, config3>|  return value|
|ap_return_21      |  out|   14|  ap_ctrl_hs|  dense_latency<ap_fixed<26, 19, 5, 3, 0>, ap_fixed<14, 8, 5, 3, 0>, config3>|  return value|
|ap_return_22      |  out|   14|  ap_ctrl_hs|  dense_latency<ap_fixed<26, 19, 5, 3, 0>, ap_fixed<14, 8, 5, 3, 0>, config3>|  return value|
|ap_return_23      |  out|   14|  ap_ctrl_hs|  dense_latency<ap_fixed<26, 19, 5, 3, 0>, ap_fixed<14, 8, 5, 3, 0>, config3>|  return value|
|ap_return_24      |  out|   14|  ap_ctrl_hs|  dense_latency<ap_fixed<26, 19, 5, 3, 0>, ap_fixed<14, 8, 5, 3, 0>, config3>|  return value|
|ap_ce             |   in|    1|  ap_ctrl_hs|  dense_latency<ap_fixed<26, 19, 5, 3, 0>, ap_fixed<14, 8, 5, 3, 0>, config3>|  return value|
|conv8_i_i_i581_i  |   in|   11|     ap_none|                                                             conv8_i_i_i581_i|        scalar|
|conv8_i_i_i540_i  |   in|   11|     ap_none|                                                             conv8_i_i_i540_i|        scalar|
|conv8_i_i_i501_i  |   in|   11|     ap_none|                                                             conv8_i_i_i501_i|        scalar|
|conv_i_i_i463_i   |   in|   11|     ap_none|                                                              conv_i_i_i463_i|        scalar|
|conv8_i_i_i429_i  |   in|   11|     ap_none|                                                             conv8_i_i_i429_i|        scalar|
|conv8_i_i_i390_i  |   in|   12|     ap_none|                                                             conv8_i_i_i390_i|        scalar|
|conv8_i_i_i351_i  |   in|   11|     ap_none|                                                             conv8_i_i_i351_i|        scalar|
|conv8_i_i_i313_i  |   in|   11|     ap_none|                                                             conv8_i_i_i313_i|        scalar|
|conv8_i_i_i274_i  |   in|   11|     ap_none|                                                             conv8_i_i_i274_i|        scalar|
|conv8_i_i_i198_i  |   in|   10|     ap_none|                                                             conv8_i_i_i198_i|        scalar|
|conv8_i_i_i159_i  |   in|   10|     ap_none|                                                             conv8_i_i_i159_i|        scalar|
|conv8_i_i_i48_i   |   in|   12|     ap_none|                                                              conv8_i_i_i48_i|        scalar|
|conv8_i_i_i_i     |   in|   11|     ap_none|                                                                conv8_i_i_i_i|        scalar|
+------------------+-----+-----+------------+-----------------------------------------------------------------------------+--------------+

