

================================================================
== Vitis HLS Report for 'dense_array_ap_ufixed_32u_array_ap_fixed_13_10_5_3_0_32u_config9_s'
================================================================
* Date:           Mon Jun  8 14:33:59 2026

* Version:        2025.2 (Build 6295257 on Nov 14 2025)
* Project:        vitis_unified_project
* Solution:       hls (Vivado IP Flow Target)
* Product family: zynquplus
* Target device:  xck26-sfvc784-2LV-c


================================================================
== Performance Estimates
================================================================
+ Timing: 
    * Summary: 
    +--------+---------+----------+------------+
    |  Clock |  Target | Estimated| Uncertainty|
    +--------+---------+----------+------------+
    |ap_clk  |  5.00 ns|  4.320 ns|     0.62 ns|
    +--------+---------+----------+------------+

+ Latency: 
    * Summary: 
    +---------+---------+----------+----------+-----+-----+---------+
    |  Latency (cycles) |  Latency (absolute) |  Interval | Pipeline|
    |   min   |   max   |    min   |    max   | min | max |   Type  |
    +---------+---------+----------+----------+-----+-----+---------+
    |        1|        1|  5.000 ns|  5.000 ns|    1|    1|       no|
    +---------+---------+----------+----------+-----+-----+---------+

    + Detail: 
        * Instance: 
        +---------------------------------------------------------------------------------+------------------------------------------------------------------+---------+---------+----------+----------+-----+-----+---------+
        |                                                                                 |                                                                  |  Latency (cycles) |  Latency (absolute) |  Interval | Pipeline|
        |                                     Instance                                    |                              Module                              |   min   |   max   |    min   |    max   | min | max |   Type  |
        +---------------------------------------------------------------------------------+------------------------------------------------------------------+---------+---------+----------+----------+-----+-----+---------+
        |call_ret_dense_latency_ap_ufixed_8_6_0_3_0_ap_fixed_13_10_5_3_0_config9_s_fu_69  |dense_latency_ap_ufixed_8_6_0_3_0_ap_fixed_13_10_5_3_0_config9_s  |        0|        0|      0 ns|      0 ns|    1|    1|      yes|
        +---------------------------------------------------------------------------------+------------------------------------------------------------------+---------+---------+----------+----------+-----+-----+---------+

        * Loop: 
        N/A

============================================================
+ Verbose Summary: Synthesis Manager
============================================================
InlineROM: 1
ExposeGlobal: 0
============================================================
+ Verbose Summary: CDFG Model
============================================================
IsTopModel: 0
ResetActiveHigh: 1
IsCombinational: 2
IsDatapathOnly: 0
HasWiredReturn: 1
HasMFsm: 0
HasVarLatency: 1
IsPipeline: 0
IsRtlPipelined: 0
IsInstanceOverlapped: 0
IsDontTouch: 0
HasImplIP: 0
IsGatedGlobalClock: 0


============================================================
+ Verbose Summary: Schedule
============================================================
* Number of FSM states : 2
* Pipeline : 0
* Dataflow Pipeline: 0

* FSM state transitions: 
1 --> 2 
2 --> 

* FSM state operations: 

State 1 <SV = 0> <Delay = 1.83>
ST_1 : Operation 3 [1/1] ( I:1.83ns O:1.83ns )   --->   "%layer7_out_read = read i256 @_ssdm_op_Read.ap_fifo.volatile.i256P0A, i256 %layer7_out" [firmware/nnet_utils/nnet_dense_stream.h:43->firmware/nnet_utils/nnet_dense_stream.h:93]   --->   Operation 3 'read' 'layer7_out_read' <Predicate = true> <Delay = 1.83> <CoreInst = "FIFO_SRL">   --->   Core 80 'FIFO_SRL' <Latency = 0> <II = 1> <Delay = 1.83> <Storage> <Opcode : 'read' 'write' 'nbread' 'nbwrite'> <Ports = 0> <Width = 256> <Depth = 1> <FIFO>
ST_1 : Operation 4 [1/1] (0.00ns)   --->   "%data = partselect i8 @_ssdm_op_PartSelect.i8.i256.i32.i32, i256 %layer7_out_read, i32 16, i32 23" [firmware/nnet_utils/nnet_dense_stream.h:43->firmware/nnet_utils/nnet_dense_stream.h:93]   --->   Operation 4 'partselect' 'data' <Predicate = true> <Delay = 0.00>
ST_1 : Operation 5 [1/1] (0.00ns)   --->   "%data_20 = partselect i8 @_ssdm_op_PartSelect.i8.i256.i32.i32, i256 %layer7_out_read, i32 40, i32 47" [firmware/nnet_utils/nnet_dense_stream.h:43->firmware/nnet_utils/nnet_dense_stream.h:93]   --->   Operation 5 'partselect' 'data_20' <Predicate = true> <Delay = 0.00>
ST_1 : Operation 6 [1/1] (0.00ns)   --->   "%data_16 = partselect i8 @_ssdm_op_PartSelect.i8.i256.i32.i32, i256 %layer7_out_read, i32 72, i32 79" [firmware/nnet_utils/nnet_dense_stream.h:43->firmware/nnet_utils/nnet_dense_stream.h:93]   --->   Operation 6 'partselect' 'data_16' <Predicate = true> <Delay = 0.00>
ST_1 : Operation 7 [1/1] (0.00ns)   --->   "%data_17 = partselect i8 @_ssdm_op_PartSelect.i8.i256.i32.i32, i256 %layer7_out_read, i32 80, i32 87" [firmware/nnet_utils/nnet_dense_stream.h:43->firmware/nnet_utils/nnet_dense_stream.h:93]   --->   Operation 7 'partselect' 'data_17' <Predicate = true> <Delay = 0.00>
ST_1 : Operation 8 [1/1] (0.00ns)   --->   "%data_18 = partselect i8 @_ssdm_op_PartSelect.i8.i256.i32.i32, i256 %layer7_out_read, i32 96, i32 103" [firmware/nnet_utils/nnet_dense_stream.h:43->firmware/nnet_utils/nnet_dense_stream.h:93]   --->   Operation 8 'partselect' 'data_18' <Predicate = true> <Delay = 0.00>
ST_1 : Operation 9 [1/1] (0.00ns)   --->   "%data_19 = partselect i8 @_ssdm_op_PartSelect.i8.i256.i32.i32, i256 %layer7_out_read, i32 224, i32 231" [firmware/nnet_utils/nnet_dense_stream.h:43->firmware/nnet_utils/nnet_dense_stream.h:93]   --->   Operation 9 'partselect' 'data_19' <Predicate = true> <Delay = 0.00>

State 2 <SV = 1> <Delay = 4.32>
ST_2 : Operation 10 [1/1] (0.00ns)   --->   "%specinterface_ln0 = specinterface void @_ssdm_op_SpecInterface, i416 %layer9_out, void @empty_11, i32 0, i32 0, void @empty_4, i32 0, i32 0, void @empty_4, void @empty_4, void @empty_4, i32 0, i32 0, i32 0, i32 0, void @empty_4, void @empty_4, i32 4294967295, i32 0, i32 0, i32 0"   --->   Operation 10 'specinterface' 'specinterface_ln0' <Predicate = true> <Delay = 0.00>
ST_2 : Operation 11 [1/1] (0.00ns)   --->   "%specinterface_ln0 = specinterface void @_ssdm_op_SpecInterface, i256 %layer7_out, void @empty_11, i32 0, i32 0, void @empty_4, i32 0, i32 0, void @empty_4, void @empty_4, void @empty_4, i32 0, i32 0, i32 0, i32 0, void @empty_4, void @empty_4, i32 4294967295, i32 0, i32 0, i32 0"   --->   Operation 11 'specinterface' 'specinterface_ln0' <Predicate = true> <Delay = 0.00>
ST_2 : Operation 12 [1/1] (2.48ns)   --->   "%call_ret = call i91 @dense_latency<ap_ufixed<8, 6, 0, 3, 0>, ap_fixed<13, 10, 5, 3, 0>, config9>, i8 %data, i8 %data_20, i8 %data_16, i8 %data_17, i8 %data_18, i8 %data_19" [firmware/nnet_utils/nnet_dense_stream.h:17->firmware/nnet_utils/nnet_dense_stream.h:95]   --->   Operation 12 'call' 'call_ret' <Predicate = true> <Delay = 2.48> <CoreType = "Generic">   --->   Generic Core
ST_2 : Operation 13 [1/1] (0.00ns)   --->   "%res = extractvalue i91 %call_ret" [firmware/nnet_utils/nnet_dense_stream.h:17->firmware/nnet_utils/nnet_dense_stream.h:95]   --->   Operation 13 'extractvalue' 'res' <Predicate = true> <Delay = 0.00>
ST_2 : Operation 14 [1/1] (0.00ns)   --->   "%res_10 = extractvalue i91 %call_ret" [firmware/nnet_utils/nnet_dense_stream.h:17->firmware/nnet_utils/nnet_dense_stream.h:95]   --->   Operation 14 'extractvalue' 'res_10' <Predicate = true> <Delay = 0.00>
ST_2 : Operation 15 [1/1] (0.00ns)   --->   "%res_1 = extractvalue i91 %call_ret" [firmware/nnet_utils/nnet_dense_stream.h:17->firmware/nnet_utils/nnet_dense_stream.h:95]   --->   Operation 15 'extractvalue' 'res_1' <Predicate = true> <Delay = 0.00>
ST_2 : Operation 16 [1/1] (0.00ns)   --->   "%res_2 = extractvalue i91 %call_ret" [firmware/nnet_utils/nnet_dense_stream.h:17->firmware/nnet_utils/nnet_dense_stream.h:95]   --->   Operation 16 'extractvalue' 'res_2' <Predicate = true> <Delay = 0.00>
ST_2 : Operation 17 [1/1] (0.00ns)   --->   "%res_3 = extractvalue i91 %call_ret" [firmware/nnet_utils/nnet_dense_stream.h:17->firmware/nnet_utils/nnet_dense_stream.h:95]   --->   Operation 17 'extractvalue' 'res_3' <Predicate = true> <Delay = 0.00>
ST_2 : Operation 18 [1/1] (0.00ns)   --->   "%res_4 = extractvalue i91 %call_ret" [firmware/nnet_utils/nnet_dense_stream.h:17->firmware/nnet_utils/nnet_dense_stream.h:95]   --->   Operation 18 'extractvalue' 'res_4' <Predicate = true> <Delay = 0.00>
ST_2 : Operation 19 [1/1] (0.00ns)   --->   "%res_5 = extractvalue i91 %call_ret" [firmware/nnet_utils/nnet_dense_stream.h:17->firmware/nnet_utils/nnet_dense_stream.h:95]   --->   Operation 19 'extractvalue' 'res_5' <Predicate = true> <Delay = 0.00>
ST_2 : Operation 20 [1/1] (0.00ns)   --->   "%or_ln77_2 = bitconcatenate i286 @_ssdm_op_BitConcatenate.i286.i13.i26.i13.i26.i13.i13.i13.i78.i13.i13.i13.i13.i39, i13 %res_5, i26 0, i13 %res_4, i26 0, i13 %res_3, i13 0, i13 %res_2, i78 0, i13 %res_1, i13 %res_10, i13 0, i13 %res, i39 0" [firmware/nnet_utils/nnet_dense_stream.h:77->firmware/nnet_utils/nnet_dense_stream.h:100]   --->   Operation 20 'bitconcatenate' 'or_ln77_2' <Predicate = true> <Delay = 0.00>
ST_2 : Operation 21 [1/1] (0.00ns)   --->   "%zext_ln77 = zext i286 %or_ln77_2" [firmware/nnet_utils/nnet_dense_stream.h:77->firmware/nnet_utils/nnet_dense_stream.h:100]   --->   Operation 21 'zext' 'zext_ln77' <Predicate = true> <Delay = 0.00>
ST_2 : Operation 22 [1/1] ( I:1.83ns O:1.83ns )   --->   "%write_ln77 = write void @_ssdm_op_Write.ap_fifo.volatile.i416P0A, i416 %layer9_out, i416 %zext_ln77" [firmware/nnet_utils/nnet_dense_stream.h:77->firmware/nnet_utils/nnet_dense_stream.h:100]   --->   Operation 22 'write' 'write_ln77' <Predicate = true> <Delay = 1.83> <CoreInst = "FIFO_SRL">   --->   Core 80 'FIFO_SRL' <Latency = 0> <II = 1> <Delay = 1.83> <Storage> <Opcode : 'read' 'write' 'nbread' 'nbwrite'> <Ports = 0> <Width = 416> <Depth = 1> <FIFO>
ST_2 : Operation 23 [1/1] (0.00ns)   --->   "%ret_ln101 = ret" [firmware/nnet_utils/nnet_dense_stream.h:101]   --->   Operation 23 'ret' 'ret_ln101' <Predicate = true> <Delay = 0.00>


============================================================
+ Verbose Summary: Binding
============================================================
STG Binding: 
---------------- STG Properties BEGIN ----------------
- Is combinational: 0
- Is one-state seq: 0
- Is datapath-only: 0
- Is pipelined: 0
- Is top level: 0
Port [ Return ] is wired: 1; IO mode=ap_ctrl_hs:ce=0
Port [ layer7_out]:  wired=1; compound=1; hidden=0; nouse=0; global=0; static=0; extern=0; dir=0; type=3; pingpong=0; private_global=0; IO mode=ap_fifo:ce=0
Port [ layer9_out]:  wired=1; compound=1; hidden=0; nouse=0; global=0; static=0; extern=0; dir=1; type=3; pingpong=0; private_global=0; IO mode=ap_fifo:ce=0
---------------- STG Properties END ------------------

---------------- Datapath Model BEGIN ----------------

<LifeTime>
<method=bitvector/>
layer7_out_read   (read          ) [ 000]
data              (partselect    ) [ 001]
data_20           (partselect    ) [ 001]
data_16           (partselect    ) [ 001]
data_17           (partselect    ) [ 001]
data_18           (partselect    ) [ 001]
data_19           (partselect    ) [ 001]
specinterface_ln0 (specinterface ) [ 000]
specinterface_ln0 (specinterface ) [ 000]
call_ret          (call          ) [ 000]
res               (extractvalue  ) [ 000]
res_10            (extractvalue  ) [ 000]
res_1             (extractvalue  ) [ 000]
res_2             (extractvalue  ) [ 000]
res_3             (extractvalue  ) [ 000]
res_4             (extractvalue  ) [ 000]
res_5             (extractvalue  ) [ 000]
or_ln77_2         (bitconcatenate) [ 000]
zext_ln77         (zext          ) [ 000]
write_ln77        (write         ) [ 000]
ret_ln101         (ret           ) [ 000]
</LifeTime>

<model>

<comp_list>
<comp id="0" class="1000" name="layer7_out">
<pin_list>
<pin id="1" dir="1" index="0" bw="1" slack="0"/>
</pin_list>
<bind>
<StgValue><ssdm name="layer7_out"/></StgValue>
</bind>
</comp>

<comp id="2" class="1000" name="layer9_out">
<pin_list>
<pin id="3" dir="1" index="0" bw="1" slack="0"/>
</pin_list>
<bind>
<StgValue><ssdm name="layer9_out"/></StgValue>
</bind>
</comp>

<comp id="4" class="1001" name="const_4">
<pin_list>
<pin id="5" dir="1" index="0" bw="1" slack="0"/>
</pin_list>
<bind>
<StgValue><ssdm name="_ssdm_op_Read.ap_fifo.volatile.i256P0A"/></StgValue>
</bind>
</comp>

<comp id="6" class="1001" name="const_6">
<pin_list>
<pin id="7" dir="1" index="0" bw="1" slack="0"/>
</pin_list>
<bind>
<StgValue><ssdm name="_ssdm_op_PartSelect.i8.i256.i32.i32"/></StgValue>
</bind>
</comp>

<comp id="8" class="1001" name="const_8">
<pin_list>
<pin id="9" dir="1" index="0" bw="1" slack="0"/>
</pin_list>
<bind>
<StgValue><ssdm name=""/></StgValue>
</bind>
</comp>

<comp id="10" class="1001" name="const_10">
<pin_list>
<pin id="11" dir="1" index="0" bw="1" slack="0"/>
</pin_list>
<bind>
<StgValue><ssdm name=""/></StgValue>
</bind>
</comp>

<comp id="12" class="1001" name="const_12">
<pin_list>
<pin id="13" dir="1" index="0" bw="1" slack="0"/>
</pin_list>
<bind>
<StgValue><ssdm name=""/></StgValue>
</bind>
</comp>

<comp id="14" class="1001" name="const_14">
<pin_list>
<pin id="15" dir="1" index="0" bw="1" slack="0"/>
</pin_list>
<bind>
<StgValue><ssdm name=""/></StgValue>
</bind>
</comp>

<comp id="16" class="1001" name="const_16">
<pin_list>
<pin id="17" dir="1" index="0" bw="1" slack="0"/>
</pin_list>
<bind>
<StgValue><ssdm name=""/></StgValue>
</bind>
</comp>

<comp id="18" class="1001" name="const_18">
<pin_list>
<pin id="19" dir="1" index="0" bw="1" slack="0"/>
</pin_list>
<bind>
<StgValue><ssdm name=""/></StgValue>
</bind>
</comp>

<comp id="20" class="1001" name="const_20">
<pin_list>
<pin id="21" dir="1" index="0" bw="1" slack="0"/>
</pin_list>
<bind>
<StgValue><ssdm name=""/></StgValue>
</bind>
</comp>

<comp id="22" class="1001" name="const_22">
<pin_list>
<pin id="23" dir="1" index="0" bw="1" slack="0"/>
</pin_list>
<bind>
<StgValue><ssdm name=""/></StgValue>
</bind>
</comp>

<comp id="24" class="1001" name="const_24">
<pin_list>
<pin id="25" dir="1" index="0" bw="1" slack="0"/>
</pin_list>
<bind>
<StgValue><ssdm name=""/></StgValue>
</bind>
</comp>

<comp id="26" class="1001" name="const_26">
<pin_list>
<pin id="27" dir="1" index="0" bw="1" slack="0"/>
</pin_list>
<bind>
<StgValue><ssdm name=""/></StgValue>
</bind>
</comp>

<comp id="28" class="1001" name="const_28">
<pin_list>
<pin id="29" dir="1" index="0" bw="1" slack="0"/>
</pin_list>
<bind>
<StgValue><ssdm name=""/></StgValue>
</bind>
</comp>

<comp id="30" class="1001" name="const_30">
<pin_list>
<pin id="31" dir="1" index="0" bw="1" slack="0"/>
</pin_list>
<bind>
<StgValue><ssdm name=""/></StgValue>
</bind>
</comp>

<comp id="32" class="1001" name="const_32">
<pin_list>
<pin id="33" dir="1" index="0" bw="1" slack="2147483647"/>
</pin_list>
<bind>
<StgValue><ssdm name="_ssdm_op_SpecInterface"/></StgValue>
</bind>
</comp>

<comp id="34" class="1001" name="const_34">
<pin_list>
<pin id="35" dir="1" index="0" bw="1" slack="2147483647"/>
</pin_list>
<bind>
<StgValue><ssdm name="empty_11"/></StgValue>
</bind>
</comp>

<comp id="36" class="1001" name="const_36">
<pin_list>
<pin id="37" dir="1" index="0" bw="1" slack="2147483647"/>
</pin_list>
<bind>
<StgValue><ssdm name=""/></StgValue>
</bind>
</comp>

<comp id="38" class="1001" name="const_38">
<pin_list>
<pin id="39" dir="1" index="0" bw="1" slack="2147483647"/>
</pin_list>
<bind>
<StgValue><ssdm name="empty_4"/></StgValue>
</bind>
</comp>

<comp id="40" class="1001" name="const_40">
<pin_list>
<pin id="41" dir="1" index="0" bw="1" slack="2147483647"/>
</pin_list>
<bind>
<StgValue><ssdm name=""/></StgValue>
</bind>
</comp>

<comp id="42" class="1001" name="const_42">
<pin_list>
<pin id="43" dir="1" index="0" bw="1" slack="0"/>
</pin_list>
<bind>
<StgValue><ssdm name="dense_latency<ap_ufixed<8, 6, 0, 3, 0>, ap_fixed<13, 10, 5, 3, 0>, config9>"/></StgValue>
</bind>
</comp>

<comp id="44" class="1001" name="const_44">
<pin_list>
<pin id="45" dir="1" index="0" bw="1" slack="0"/>
</pin_list>
<bind>
<StgValue><ssdm name="_ssdm_op_BitConcatenate.i286.i13.i26.i13.i26.i13.i13.i13.i78.i13.i13.i13.i13.i39"/></StgValue>
</bind>
</comp>

<comp id="46" class="1001" name="const_46">
<pin_list>
<pin id="47" dir="1" index="0" bw="1" slack="0"/>
</pin_list>
<bind>
<StgValue><ssdm name=""/></StgValue>
</bind>
</comp>

<comp id="48" class="1001" name="const_48">
<pin_list>
<pin id="49" dir="1" index="0" bw="1" slack="0"/>
</pin_list>
<bind>
<StgValue><ssdm name=""/></StgValue>
</bind>
</comp>

<comp id="50" class="1001" name="const_50">
<pin_list>
<pin id="51" dir="1" index="0" bw="1" slack="0"/>
</pin_list>
<bind>
<StgValue><ssdm name=""/></StgValue>
</bind>
</comp>

<comp id="52" class="1001" name="const_52">
<pin_list>
<pin id="53" dir="1" index="0" bw="1" slack="0"/>
</pin_list>
<bind>
<StgValue><ssdm name=""/></StgValue>
</bind>
</comp>

<comp id="54" class="1001" name="const_54">
<pin_list>
<pin id="55" dir="1" index="0" bw="1" slack="0"/>
</pin_list>
<bind>
<StgValue><ssdm name="_ssdm_op_Write.ap_fifo.volatile.i416P0A"/></StgValue>
</bind>
</comp>

<comp id="56" class="1004" name="layer7_out_read_read_fu_56">
<pin_list>
<pin id="57" dir="0" index="0" bw="256" slack="0"/>
<pin id="58" dir="0" index="1" bw="256" slack="0"/>
<pin id="59" dir="1" index="2" bw="256" slack="0"/>
</pin_list>
<bind>
<opcode="read(1150) " fcode="read"/>
<opset="layer7_out_read/1 "/>
</bind>
</comp>

<comp id="62" class="1004" name="write_ln77_write_fu_62">
<pin_list>
<pin id="63" dir="0" index="0" bw="0" slack="0"/>
<pin id="64" dir="0" index="1" bw="416" slack="0"/>
<pin id="65" dir="0" index="2" bw="286" slack="0"/>
<pin id="66" dir="1" index="3" bw="0" slack="2147483647"/>
</pin_list>
<bind>
<opcode="write(1151) " fcode="write"/>
<opset="write_ln77/2 "/>
</bind>
</comp>

<comp id="69" class="1004" name="call_ret_dense_latency_ap_ufixed_8_6_0_3_0_ap_fixed_13_10_5_3_0_config9_s_fu_69">
<pin_list>
<pin id="70" dir="0" index="0" bw="91" slack="0"/>
<pin id="71" dir="0" index="1" bw="8" slack="1"/>
<pin id="72" dir="0" index="2" bw="8" slack="1"/>
<pin id="73" dir="0" index="3" bw="8" slack="1"/>
<pin id="74" dir="0" index="4" bw="8" slack="1"/>
<pin id="75" dir="0" index="5" bw="8" slack="1"/>
<pin id="76" dir="0" index="6" bw="8" slack="1"/>
<pin id="77" dir="1" index="7" bw="91" slack="0"/>
</pin_list>
<bind>
<opcode="call(48) " fcode="call"/>
<opset="call_ret/2 "/>
</bind>
</comp>

<comp id="79" class="1004" name="data_fu_79">
<pin_list>
<pin id="80" dir="0" index="0" bw="8" slack="0"/>
<pin id="81" dir="0" index="1" bw="256" slack="0"/>
<pin id="82" dir="0" index="2" bw="6" slack="0"/>
<pin id="83" dir="0" index="3" bw="6" slack="0"/>
<pin id="84" dir="1" index="4" bw="8" slack="1"/>
</pin_list>
<bind>
<opcode="partselect(1002) " fcode="partselect"/>
<opset="data/1 "/>
</bind>
</comp>

<comp id="89" class="1004" name="data_20_fu_89">
<pin_list>
<pin id="90" dir="0" index="0" bw="8" slack="0"/>
<pin id="91" dir="0" index="1" bw="256" slack="0"/>
<pin id="92" dir="0" index="2" bw="7" slack="0"/>
<pin id="93" dir="0" index="3" bw="7" slack="0"/>
<pin id="94" dir="1" index="4" bw="8" slack="1"/>
</pin_list>
<bind>
<opcode="partselect(1002) " fcode="partselect"/>
<opset="data_20/1 "/>
</bind>
</comp>

<comp id="99" class="1004" name="data_16_fu_99">
<pin_list>
<pin id="100" dir="0" index="0" bw="8" slack="0"/>
<pin id="101" dir="0" index="1" bw="256" slack="0"/>
<pin id="102" dir="0" index="2" bw="8" slack="0"/>
<pin id="103" dir="0" index="3" bw="8" slack="0"/>
<pin id="104" dir="1" index="4" bw="8" slack="1"/>
</pin_list>
<bind>
<opcode="partselect(1002) " fcode="partselect"/>
<opset="data_16/1 "/>
</bind>
</comp>

<comp id="109" class="1004" name="data_17_fu_109">
<pin_list>
<pin id="110" dir="0" index="0" bw="8" slack="0"/>
<pin id="111" dir="0" index="1" bw="256" slack="0"/>
<pin id="112" dir="0" index="2" bw="8" slack="0"/>
<pin id="113" dir="0" index="3" bw="8" slack="0"/>
<pin id="114" dir="1" index="4" bw="8" slack="1"/>
</pin_list>
<bind>
<opcode="partselect(1002) " fcode="partselect"/>
<opset="data_17/1 "/>
</bind>
</comp>

<comp id="119" class="1004" name="data_18_fu_119">
<pin_list>
<pin id="120" dir="0" index="0" bw="8" slack="0"/>
<pin id="121" dir="0" index="1" bw="256" slack="0"/>
<pin id="122" dir="0" index="2" bw="8" slack="0"/>
<pin id="123" dir="0" index="3" bw="8" slack="0"/>
<pin id="124" dir="1" index="4" bw="8" slack="1"/>
</pin_list>
<bind>
<opcode="partselect(1002) " fcode="partselect"/>
<opset="data_18/1 "/>
</bind>
</comp>

<comp id="129" class="1004" name="data_19_fu_129">
<pin_list>
<pin id="130" dir="0" index="0" bw="8" slack="0"/>
<pin id="131" dir="0" index="1" bw="256" slack="0"/>
<pin id="132" dir="0" index="2" bw="9" slack="0"/>
<pin id="133" dir="0" index="3" bw="9" slack="0"/>
<pin id="134" dir="1" index="4" bw="8" slack="1"/>
</pin_list>
<bind>
<opcode="partselect(1002) " fcode="partselect"/>
<opset="data_19/1 "/>
</bind>
</comp>

<comp id="139" class="1004" name="res_fu_139">
<pin_list>
<pin id="140" dir="0" index="0" bw="91" slack="0"/>
<pin id="141" dir="1" index="1" bw="13" slack="0"/>
</pin_list>
<bind>
<opcode="extractvalue(56) " fcode="extractvalue"/>
<opset="res/2 "/>
</bind>
</comp>

<comp id="143" class="1004" name="res_10_fu_143">
<pin_list>
<pin id="144" dir="0" index="0" bw="91" slack="0"/>
<pin id="145" dir="1" index="1" bw="13" slack="0"/>
</pin_list>
<bind>
<opcode="extractvalue(56) " fcode="extractvalue"/>
<opset="res_10/2 "/>
</bind>
</comp>

<comp id="147" class="1004" name="res_1_fu_147">
<pin_list>
<pin id="148" dir="0" index="0" bw="91" slack="0"/>
<pin id="149" dir="1" index="1" bw="13" slack="0"/>
</pin_list>
<bind>
<opcode="extractvalue(56) " fcode="extractvalue"/>
<opset="res_1/2 "/>
</bind>
</comp>

<comp id="151" class="1004" name="res_2_fu_151">
<pin_list>
<pin id="152" dir="0" index="0" bw="91" slack="0"/>
<pin id="153" dir="1" index="1" bw="13" slack="0"/>
</pin_list>
<bind>
<opcode="extractvalue(56) " fcode="extractvalue"/>
<opset="res_2/2 "/>
</bind>
</comp>

<comp id="155" class="1004" name="res_3_fu_155">
<pin_list>
<pin id="156" dir="0" index="0" bw="91" slack="0"/>
<pin id="157" dir="1" index="1" bw="13" slack="0"/>
</pin_list>
<bind>
<opcode="extractvalue(56) " fcode="extractvalue"/>
<opset="res_3/2 "/>
</bind>
</comp>

<comp id="159" class="1004" name="res_4_fu_159">
<pin_list>
<pin id="160" dir="0" index="0" bw="91" slack="0"/>
<pin id="161" dir="1" index="1" bw="13" slack="0"/>
</pin_list>
<bind>
<opcode="extractvalue(56) " fcode="extractvalue"/>
<opset="res_4/2 "/>
</bind>
</comp>

<comp id="163" class="1004" name="res_5_fu_163">
<pin_list>
<pin id="164" dir="0" index="0" bw="91" slack="0"/>
<pin id="165" dir="1" index="1" bw="13" slack="0"/>
</pin_list>
<bind>
<opcode="extractvalue(56) " fcode="extractvalue"/>
<opset="res_5/2 "/>
</bind>
</comp>

<comp id="167" class="1004" name="or_ln77_2_fu_167">
<pin_list>
<pin id="168" dir="0" index="0" bw="286" slack="0"/>
<pin id="169" dir="0" index="1" bw="13" slack="0"/>
<pin id="170" dir="0" index="2" bw="1" slack="0"/>
<pin id="171" dir="0" index="3" bw="13" slack="0"/>
<pin id="172" dir="0" index="4" bw="1" slack="0"/>
<pin id="173" dir="0" index="5" bw="13" slack="0"/>
<pin id="174" dir="0" index="6" bw="1" slack="0"/>
<pin id="175" dir="0" index="7" bw="13" slack="0"/>
<pin id="176" dir="0" index="8" bw="1" slack="0"/>
<pin id="177" dir="0" index="9" bw="13" slack="0"/>
<pin id="178" dir="0" index="10" bw="13" slack="0"/>
<pin id="179" dir="0" index="11" bw="1" slack="0"/>
<pin id="180" dir="0" index="12" bw="13" slack="0"/>
<pin id="181" dir="0" index="13" bw="1" slack="0"/>
<pin id="182" dir="1" index="14" bw="286" slack="0"/>
</pin_list>
<bind>
<opcode="bitconcatenate(1004) " fcode="bitconcatenate"/>
<opset="or_ln77_2/2 "/>
</bind>
</comp>

<comp id="197" class="1004" name="zext_ln77_fu_197">
<pin_list>
<pin id="198" dir="0" index="0" bw="286" slack="0"/>
<pin id="199" dir="1" index="1" bw="416" slack="0"/>
</pin_list>
<bind>
<opcode="zext(34) " fcode="zext"/>
<opset="zext_ln77/2 "/>
</bind>
</comp>

<comp id="202" class="1005" name="data_reg_202">
<pin_list>
<pin id="203" dir="0" index="0" bw="8" slack="1"/>
<pin id="204" dir="1" index="1" bw="8" slack="1"/>
</pin_list>
<bind>
<opset="data "/>
</bind>
</comp>

<comp id="207" class="1005" name="data_20_reg_207">
<pin_list>
<pin id="208" dir="0" index="0" bw="8" slack="1"/>
<pin id="209" dir="1" index="1" bw="8" slack="1"/>
</pin_list>
<bind>
<opset="data_20 "/>
</bind>
</comp>

<comp id="212" class="1005" name="data_16_reg_212">
<pin_list>
<pin id="213" dir="0" index="0" bw="8" slack="1"/>
<pin id="214" dir="1" index="1" bw="8" slack="1"/>
</pin_list>
<bind>
<opset="data_16 "/>
</bind>
</comp>

<comp id="217" class="1005" name="data_17_reg_217">
<pin_list>
<pin id="218" dir="0" index="0" bw="8" slack="1"/>
<pin id="219" dir="1" index="1" bw="8" slack="1"/>
</pin_list>
<bind>
<opset="data_17 "/>
</bind>
</comp>

<comp id="222" class="1005" name="data_18_reg_222">
<pin_list>
<pin id="223" dir="0" index="0" bw="8" slack="1"/>
<pin id="224" dir="1" index="1" bw="8" slack="1"/>
</pin_list>
<bind>
<opset="data_18 "/>
</bind>
</comp>

<comp id="227" class="1005" name="data_19_reg_227">
<pin_list>
<pin id="228" dir="0" index="0" bw="8" slack="1"/>
<pin id="229" dir="1" index="1" bw="8" slack="1"/>
</pin_list>
<bind>
<opset="data_19 "/>
</bind>
</comp>

</comp_list>

<net_list>
<net id="60"><net_src comp="4" pin="0"/><net_sink comp="56" pin=0"/></net>

<net id="61"><net_src comp="0" pin="0"/><net_sink comp="56" pin=1"/></net>

<net id="67"><net_src comp="54" pin="0"/><net_sink comp="62" pin=0"/></net>

<net id="68"><net_src comp="2" pin="0"/><net_sink comp="62" pin=1"/></net>

<net id="78"><net_src comp="42" pin="0"/><net_sink comp="69" pin=0"/></net>

<net id="85"><net_src comp="6" pin="0"/><net_sink comp="79" pin=0"/></net>

<net id="86"><net_src comp="56" pin="2"/><net_sink comp="79" pin=1"/></net>

<net id="87"><net_src comp="8" pin="0"/><net_sink comp="79" pin=2"/></net>

<net id="88"><net_src comp="10" pin="0"/><net_sink comp="79" pin=3"/></net>

<net id="95"><net_src comp="6" pin="0"/><net_sink comp="89" pin=0"/></net>

<net id="96"><net_src comp="56" pin="2"/><net_sink comp="89" pin=1"/></net>

<net id="97"><net_src comp="12" pin="0"/><net_sink comp="89" pin=2"/></net>

<net id="98"><net_src comp="14" pin="0"/><net_sink comp="89" pin=3"/></net>

<net id="105"><net_src comp="6" pin="0"/><net_sink comp="99" pin=0"/></net>

<net id="106"><net_src comp="56" pin="2"/><net_sink comp="99" pin=1"/></net>

<net id="107"><net_src comp="16" pin="0"/><net_sink comp="99" pin=2"/></net>

<net id="108"><net_src comp="18" pin="0"/><net_sink comp="99" pin=3"/></net>

<net id="115"><net_src comp="6" pin="0"/><net_sink comp="109" pin=0"/></net>

<net id="116"><net_src comp="56" pin="2"/><net_sink comp="109" pin=1"/></net>

<net id="117"><net_src comp="20" pin="0"/><net_sink comp="109" pin=2"/></net>

<net id="118"><net_src comp="22" pin="0"/><net_sink comp="109" pin=3"/></net>

<net id="125"><net_src comp="6" pin="0"/><net_sink comp="119" pin=0"/></net>

<net id="126"><net_src comp="56" pin="2"/><net_sink comp="119" pin=1"/></net>

<net id="127"><net_src comp="24" pin="0"/><net_sink comp="119" pin=2"/></net>

<net id="128"><net_src comp="26" pin="0"/><net_sink comp="119" pin=3"/></net>

<net id="135"><net_src comp="6" pin="0"/><net_sink comp="129" pin=0"/></net>

<net id="136"><net_src comp="56" pin="2"/><net_sink comp="129" pin=1"/></net>

<net id="137"><net_src comp="28" pin="0"/><net_sink comp="129" pin=2"/></net>

<net id="138"><net_src comp="30" pin="0"/><net_sink comp="129" pin=3"/></net>

<net id="142"><net_src comp="69" pin="7"/><net_sink comp="139" pin=0"/></net>

<net id="146"><net_src comp="69" pin="7"/><net_sink comp="143" pin=0"/></net>

<net id="150"><net_src comp="69" pin="7"/><net_sink comp="147" pin=0"/></net>

<net id="154"><net_src comp="69" pin="7"/><net_sink comp="151" pin=0"/></net>

<net id="158"><net_src comp="69" pin="7"/><net_sink comp="155" pin=0"/></net>

<net id="162"><net_src comp="69" pin="7"/><net_sink comp="159" pin=0"/></net>

<net id="166"><net_src comp="69" pin="7"/><net_sink comp="163" pin=0"/></net>

<net id="183"><net_src comp="44" pin="0"/><net_sink comp="167" pin=0"/></net>

<net id="184"><net_src comp="163" pin="1"/><net_sink comp="167" pin=1"/></net>

<net id="185"><net_src comp="46" pin="0"/><net_sink comp="167" pin=2"/></net>

<net id="186"><net_src comp="159" pin="1"/><net_sink comp="167" pin=3"/></net>

<net id="187"><net_src comp="46" pin="0"/><net_sink comp="167" pin=4"/></net>

<net id="188"><net_src comp="155" pin="1"/><net_sink comp="167" pin=5"/></net>

<net id="189"><net_src comp="48" pin="0"/><net_sink comp="167" pin=6"/></net>

<net id="190"><net_src comp="151" pin="1"/><net_sink comp="167" pin=7"/></net>

<net id="191"><net_src comp="50" pin="0"/><net_sink comp="167" pin=8"/></net>

<net id="192"><net_src comp="147" pin="1"/><net_sink comp="167" pin=9"/></net>

<net id="193"><net_src comp="143" pin="1"/><net_sink comp="167" pin=10"/></net>

<net id="194"><net_src comp="48" pin="0"/><net_sink comp="167" pin=11"/></net>

<net id="195"><net_src comp="139" pin="1"/><net_sink comp="167" pin=12"/></net>

<net id="196"><net_src comp="52" pin="0"/><net_sink comp="167" pin=13"/></net>

<net id="200"><net_src comp="167" pin="14"/><net_sink comp="197" pin=0"/></net>

<net id="201"><net_src comp="197" pin="1"/><net_sink comp="62" pin=2"/></net>

<net id="205"><net_src comp="79" pin="4"/><net_sink comp="202" pin=0"/></net>

<net id="206"><net_src comp="202" pin="1"/><net_sink comp="69" pin=1"/></net>

<net id="210"><net_src comp="89" pin="4"/><net_sink comp="207" pin=0"/></net>

<net id="211"><net_src comp="207" pin="1"/><net_sink comp="69" pin=2"/></net>

<net id="215"><net_src comp="99" pin="4"/><net_sink comp="212" pin=0"/></net>

<net id="216"><net_src comp="212" pin="1"/><net_sink comp="69" pin=3"/></net>

<net id="220"><net_src comp="109" pin="4"/><net_sink comp="217" pin=0"/></net>

<net id="221"><net_src comp="217" pin="1"/><net_sink comp="69" pin=4"/></net>

<net id="225"><net_src comp="119" pin="4"/><net_sink comp="222" pin=0"/></net>

<net id="226"><net_src comp="222" pin="1"/><net_sink comp="69" pin=5"/></net>

<net id="230"><net_src comp="129" pin="4"/><net_sink comp="227" pin=0"/></net>

<net id="231"><net_src comp="227" pin="1"/><net_sink comp="69" pin=6"/></net>

</net_list>

</model> 
---------------- Datapath Model END ------------------

* FSMD analyzer results:
  - Output states:
	Port: layer9_out | {2 }
 - Input state : 
	Port: dense<array<ap_ufixed,32u>,array<ap_fixed<13,10,5,3,0>,32u>,config9> : layer7_out | {1 }
  - Chain level:
	State 1
	State 2
		res : 1
		res_10 : 1
		res_1 : 1
		res_2 : 1
		res_3 : 1
		res_4 : 1
		res_5 : 1
		or_ln77_2 : 2
		zext_ln77 : 3
		write_ln77 : 4


============================================================
+ Verbose Summary: Datapath Resource usage 
============================================================

* Functional unit list:
|----------|---------------------------------------------------------------------------------|---------|---------|
| Operation|                                 Functional Unit                                 |    FF   |   LUT   |
|----------|---------------------------------------------------------------------------------|---------|---------|
|   call   | call_ret_dense_latency_ap_ufixed_8_6_0_3_0_ap_fixed_13_10_5_3_0_config9_s_fu_69 |    0    |   420   |
|----------|---------------------------------------------------------------------------------|---------|---------|
|   read   |                            layer7_out_read_read_fu_56                           |    0    |    0    |
|----------|---------------------------------------------------------------------------------|---------|---------|
|   write  |                              write_ln77_write_fu_62                             |    0    |    0    |
|----------|---------------------------------------------------------------------------------|---------|---------|
|          |                                    data_fu_79                                   |    0    |    0    |
|          |                                  data_20_fu_89                                  |    0    |    0    |
|partselect|                                  data_16_fu_99                                  |    0    |    0    |
|          |                                  data_17_fu_109                                 |    0    |    0    |
|          |                                  data_18_fu_119                                 |    0    |    0    |
|          |                                  data_19_fu_129                                 |    0    |    0    |
|----------|---------------------------------------------------------------------------------|---------|---------|
|          |                                    res_fu_139                                   |    0    |    0    |
|          |                                  res_10_fu_143                                  |    0    |    0    |
|          |                                   res_1_fu_147                                  |    0    |    0    |
|extractvalue|                                   res_2_fu_151                                  |    0    |    0    |
|          |                                   res_3_fu_155                                  |    0    |    0    |
|          |                                   res_4_fu_159                                  |    0    |    0    |
|          |                                   res_5_fu_163                                  |    0    |    0    |
|----------|---------------------------------------------------------------------------------|---------|---------|
|bitconcatenate|                                 or_ln77_2_fu_167                                |    0    |    0    |
|----------|---------------------------------------------------------------------------------|---------|---------|
|   zext   |                                 zext_ln77_fu_197                                |    0    |    0    |
|----------|---------------------------------------------------------------------------------|---------|---------|
|   Total  |                                                                                 |    0    |   420   |
|----------|---------------------------------------------------------------------------------|---------|---------|

Memories:
N/A

* Register list:
+---------------+--------+
|               |   FF   |
+---------------+--------+
|data_16_reg_212|    8   |
|data_17_reg_217|    8   |
|data_18_reg_222|    8   |
|data_19_reg_227|    8   |
|data_20_reg_207|    8   |
|  data_reg_202 |    8   |
+---------------+--------+
|     Total     |   48   |
+---------------+--------+

* Multiplexer (MUX) list: 
|--------|------|------|------|--------|
|  Comp  |  Pin | Size |  BW  | S x BW |
|--------|------|------|------|--------|
|  Total |      |      |      |    0   |
|--------|------|------|------|--------|



* Summary:
+-----------+--------+--------+
|           |   FF   |   LUT  |
+-----------+--------+--------+
|  Function |    0   |   420  |
|   Memory  |    -   |    -   |
|Multiplexer|    -   |    -   |
|  Register |   48   |    -   |
+-----------+--------+--------+
|   Total   |   48   |   420  |
+-----------+--------+--------+
