

================================================================
== Vitis HLS Report for 'dense_latency_ap_ufixed_8_6_0_3_0_ap_fixed_14_8_5_3_0_config12_s'
================================================================
* Date:           Thu May 14 16:51:39 2026

* Version:        2025.2 (Build 6295257 on Nov 14 2025)
* Project:        myproject_prj
* Solution:       solution1 (Vivado IP Flow Target)
* Product family: zynquplus
* Target device:  xck26-sfvc784-2LV-c


================================================================
== Performance Estimates
================================================================
+ Timing: 
    * Summary: 
    +--------+---------+----------+------------+
    |  Clock |  Target | Estimated| Uncertainty|
    +--------+---------+----------+------------+
    |ap_clk  |  5.00 ns|  1.651 ns|     1.35 ns|
    +--------+---------+----------+------------+

+ Latency: 
    * Summary: 
    +---------+---------+----------+----------+-----+-----+---------+
    |  Latency (cycles) |  Latency (absolute) |  Interval | Pipeline|
    |   min   |   max   |    min   |    max   | min | max |   Type  |
    +---------+---------+----------+----------+-----+-----+---------+
    |        0|        0|      0 ns|      0 ns|    1|    1|      yes|
    +---------+---------+----------+----------+-----+-----+---------+

    + Detail: 
        * Instance: 
        N/A

        * Loop: 
        N/A

============================================================
+ Verbose Summary: Synthesis Manager
============================================================
InlineROM: 1
ExposeGlobal: 0
============================================================
+ Verbose Summary: CDFG Model
============================================================
IsTopModel: 0
ResetActiveHigh: 1
IsCombinational: 0
IsDatapathOnly: 0
HasWiredReturn: 1
HasMFsm: 2
HasVarLatency: 0
IsPipeline: 1
IsRtlPipelined: 0
IsInstanceOverlapped: 0
IsDontTouch: 0
HasImplIP: 0
IsGatedGlobalClock: 0

+ Individual pipeline summary: 
  * Pipeline-0: initiation interval (II) = 1, depth = 1


============================================================
+ Verbose Summary: Schedule
============================================================
* Number of FSM states : 1
* Pipeline : 1
  Pipeline-0 : II = 1, D = 1, States = { 1 }
* Dataflow Pipeline: 0

* FSM state transitions: 
1 --> 

* FSM state operations: 

State 1 <SV = 0> <Delay = 1.65>
ST_1 : Operation 2 [1/1] (0.00ns)   --->   "%specpipeline_ln26 = specpipeline void @_ssdm_op_SpecPipeline, i32 1, i32 0, i32 0, i32 0, i32 4294967295, void @empty_0" [firmware/nnet_utils/nnet_dense_latency.h:26]   --->   Operation 2 'specpipeline' 'specpipeline_ln26' <Predicate = true> <Delay = 0.00>
ST_1 : Operation 3 [1/1] (0.00ns)   --->   "%specresourcelimit_ln33 = specresourcelimit void @_ssdm_op_SpecResourceLimit, i64 8, void @empty_1, void @empty_0, void @empty_0, void @empty_0" [firmware/nnet_utils/nnet_dense_latency.h:33]   --->   Operation 3 'specresourcelimit' 'specresourcelimit_ln33' <Predicate = true> <Delay = 0.00>
ST_1 : Operation 4 [1/1] (0.00ns)   --->   "%data_21_val_read = read i8 @_ssdm_op_Read.ap_auto.i8, i8 %data_21_val" [firmware/nnet_utils/nnet_mult.h:70->firmware/nnet_utils/nnet_dense_latency.h:42]   --->   Operation 4 'read' 'data_21_val_read' <Predicate = true> <Delay = 0.00>
ST_1 : Operation 5 [1/1] (0.00ns)   --->   "%data_15_val_read = read i8 @_ssdm_op_Read.ap_auto.i8, i8 %data_15_val" [firmware/nnet_utils/nnet_mult.h:70->firmware/nnet_utils/nnet_dense_latency.h:42]   --->   Operation 5 'read' 'data_15_val_read' <Predicate = true> <Delay = 0.00>
ST_1 : Operation 6 [1/1] (0.00ns)   --->   "%data_13_val_read = read i8 @_ssdm_op_Read.ap_auto.i8, i8 %data_13_val" [firmware/nnet_utils/nnet_mult.h:70->firmware/nnet_utils/nnet_dense_latency.h:42]   --->   Operation 6 'read' 'data_13_val_read' <Predicate = true> <Delay = 0.00>
ST_1 : Operation 7 [1/1] (0.00ns)   --->   "%data_5_val_read = read i8 @_ssdm_op_Read.ap_auto.i8, i8 %data_5_val" [firmware/nnet_utils/nnet_mult.h:70->firmware/nnet_utils/nnet_dense_latency.h:42]   --->   Operation 7 'read' 'data_5_val_read' <Predicate = true> <Delay = 0.00>
ST_1 : Operation 8 [1/1] (0.00ns)   --->   "%zext_ln70 = zext i8 %data_5_val_read" [firmware/nnet_utils/nnet_mult.h:70->firmware/nnet_utils/nnet_dense_latency.h:42]   --->   Operation 8 'zext' 'zext_ln70' <Predicate = true> <Delay = 0.00>
ST_1 : Operation 9 [1/1] (0.00ns)   --->   "%p_shl9 = bitconcatenate i10 @_ssdm_op_BitConcatenate.i10.i8.i2, i8 %data_5_val_read, i2 0" [firmware/nnet_utils/nnet_mult.h:73->firmware/nnet_utils/nnet_dense_latency.h:42]   --->   Operation 9 'bitconcatenate' 'p_shl9' <Predicate = true> <Delay = 0.00>
ST_1 : Operation 10 [1/1] (0.78ns)   --->   "%sub_ln73 = sub i10 %p_shl9, i10 %zext_ln70" [firmware/nnet_utils/nnet_mult.h:73->firmware/nnet_utils/nnet_dense_latency.h:42]   --->   Operation 10 'sub' 'sub_ln73' <Predicate = true> <Delay = 0.78> <CoreInst = "Adder">   --->   Core 1 'Adder' <Latency = 0> <II = 1> <Delay = 0.78> <FuncUnit> <Opcode : 'add' 'sub'> <InPorts = 2> <OutPorts = 1>
ST_1 : Operation 11 [1/1] (0.00ns)   --->   "%zext_ln70_1 = zext i10 %sub_ln73" [firmware/nnet_utils/nnet_mult.h:70->firmware/nnet_utils/nnet_dense_latency.h:42]   --->   Operation 11 'zext' 'zext_ln70_1' <Predicate = true> <Delay = 0.00>
ST_1 : Operation 12 [1/1] (0.00ns)   --->   "%tmp_1 = bitconcatenate i10 @_ssdm_op_BitConcatenate.i10.i8.i2, i8 %data_13_val_read, i2 0" [firmware/nnet_utils/nnet_mult.h:73->firmware/nnet_utils/nnet_dense_latency.h:42]   --->   Operation 12 'bitconcatenate' 'tmp_1' <Predicate = true> <Delay = 0.00>
ST_1 : Operation 13 [1/1] (0.00ns)   --->   "%zext_ln73 = zext i10 %tmp_1" [firmware/nnet_utils/nnet_mult.h:73->firmware/nnet_utils/nnet_dense_latency.h:42]   --->   Operation 13 'zext' 'zext_ln73' <Predicate = true> <Delay = 0.00>
ST_1 : Operation 14 [1/1] (0.00ns)   --->   "%shl_ln = bitconcatenate i11 @_ssdm_op_BitConcatenate.i11.i8.i3, i8 %data_13_val_read, i3 0" [firmware/nnet_utils/nnet_mult.h:73->firmware/nnet_utils/nnet_dense_latency.h:42]   --->   Operation 14 'bitconcatenate' 'shl_ln' <Predicate = true> <Delay = 0.00>
ST_1 : Operation 15 [1/1] (0.00ns)   --->   "%zext_ln70_2 = zext i11 %shl_ln" [firmware/nnet_utils/nnet_mult.h:70->firmware/nnet_utils/nnet_dense_latency.h:42]   --->   Operation 15 'zext' 'zext_ln70_2' <Predicate = true> <Delay = 0.00>
ST_1 : Operation 16 [1/1] (0.00ns)   --->   "%shl_ln73_1 = bitconcatenate i9 @_ssdm_op_BitConcatenate.i9.i8.i1, i8 %data_15_val_read, i1 0" [firmware/nnet_utils/nnet_mult.h:73->firmware/nnet_utils/nnet_dense_latency.h:42]   --->   Operation 16 'bitconcatenate' 'shl_ln73_1' <Predicate = true> <Delay = 0.00>
ST_1 : Operation 17 [1/1] (0.00ns)   --->   "%zext_ln73_1 = zext i9 %shl_ln73_1" [firmware/nnet_utils/nnet_mult.h:73->firmware/nnet_utils/nnet_dense_latency.h:42]   --->   Operation 17 'zext' 'zext_ln73_1' <Predicate = true> <Delay = 0.00>
ST_1 : Operation 18 [1/1] (0.00ns)   --->   "%p_shl6 = bitconcatenate i11 @_ssdm_op_BitConcatenate.i11.i8.i3, i8 %data_15_val_read, i3 0" [firmware/nnet_utils/nnet_mult.h:73->firmware/nnet_utils/nnet_dense_latency.h:42]   --->   Operation 18 'bitconcatenate' 'p_shl6' <Predicate = true> <Delay = 0.00>
ST_1 : Operation 19 [1/1] (0.00ns)   --->   "%zext_ln73_2 = zext i9 %shl_ln73_1" [firmware/nnet_utils/nnet_mult.h:73->firmware/nnet_utils/nnet_dense_latency.h:42]   --->   Operation 19 'zext' 'zext_ln73_2' <Predicate = true> <Delay = 0.00>
ST_1 : Operation 20 [1/1] (0.79ns)   --->   "%sub_ln73_1 = sub i11 %p_shl6, i11 %zext_ln73_2" [firmware/nnet_utils/nnet_mult.h:73->firmware/nnet_utils/nnet_dense_latency.h:42]   --->   Operation 20 'sub' 'sub_ln73_1' <Predicate = true> <Delay = 0.79> <CoreInst = "Adder">   --->   Core 1 'Adder' <Latency = 0> <II = 1> <Delay = 0.79> <FuncUnit> <Opcode : 'add' 'sub'> <InPorts = 2> <OutPorts = 1>
ST_1 : Operation 21 [1/1] (0.00ns)   --->   "%zext_ln70_3 = zext i11 %sub_ln73_1" [firmware/nnet_utils/nnet_mult.h:70->firmware/nnet_utils/nnet_dense_latency.h:42]   --->   Operation 21 'zext' 'zext_ln70_3' <Predicate = true> <Delay = 0.00>
ST_1 : Operation 22 [1/1] (0.00ns)   --->   "%shl_ln73_2 = bitconcatenate i12 @_ssdm_op_BitConcatenate.i12.i8.i4, i8 %data_21_val_read, i4 0" [firmware/nnet_utils/nnet_mult.h:73->firmware/nnet_utils/nnet_dense_latency.h:42]   --->   Operation 22 'bitconcatenate' 'shl_ln73_2' <Predicate = true> <Delay = 0.00>
ST_1 : Operation 23 [1/1] (0.00ns)   --->   "%zext_ln73_3 = zext i12 %shl_ln73_2" [firmware/nnet_utils/nnet_mult.h:73->firmware/nnet_utils/nnet_dense_latency.h:42]   --->   Operation 23 'zext' 'zext_ln73_3' <Predicate = true> <Delay = 0.00>
ST_1 : Operation 24 [1/1] (0.00ns)   --->   "%tmp_2 = bitconcatenate i13 @_ssdm_op_BitConcatenate.i13.i8.i5, i8 %data_21_val_read, i5 0" [firmware/nnet_utils/nnet_mult.h:73->firmware/nnet_utils/nnet_dense_latency.h:42]   --->   Operation 24 'bitconcatenate' 'tmp_2' <Predicate = true> <Delay = 0.00>
ST_1 : Operation 25 [1/1] (0.00ns)   --->   "%zext_ln73_4 = zext i13 %tmp_2" [firmware/nnet_utils/nnet_mult.h:73->firmware/nnet_utils/nnet_dense_latency.h:42]   --->   Operation 25 'zext' 'zext_ln73_4' <Predicate = true> <Delay = 0.00>
ST_1 : Operation 26 [1/1] (0.82ns)   --->   "%sub_ln73_2 = sub i14 0, i14 %zext_ln73_4" [firmware/nnet_utils/nnet_mult.h:73->firmware/nnet_utils/nnet_dense_latency.h:42]   --->   Operation 26 'sub' 'sub_ln73_2' <Predicate = true> <Delay = 0.82> <CoreInst = "Adder">   --->   Core 1 'Adder' <Latency = 0> <II = 1> <Delay = 0.82> <FuncUnit> <Opcode : 'add' 'sub'> <InPorts = 2> <OutPorts = 1>
ST_1 : Operation 27 [1/1] (0.78ns)   --->   "%add_ln58 = add i11 %zext_ln70_1, i11 2032" [firmware/nnet_utils/nnet_dense_latency.h:58]   --->   Operation 27 'add' 'add_ln58' <Predicate = true> <Delay = 0.78> <CoreInst = "Adder">   --->   Core 1 'Adder' <Latency = 0> <II = 1> <Delay = 0.78> <FuncUnit> <Opcode : 'add' 'sub'> <InPorts = 2> <OutPorts = 1>
ST_1 : Operation 28 [1/1] (0.00ns)   --->   "%sext_ln58 = sext i11 %add_ln58" [firmware/nnet_utils/nnet_dense_latency.h:58]   --->   Operation 28 'sext' 'sext_ln58' <Predicate = true> <Delay = 0.00>
ST_1 : Operation 29 [1/1] (0.78ns)   --->   "%sub_ln58 = sub i11 112, i11 %zext_ln73" [firmware/nnet_utils/nnet_dense_latency.h:58]   --->   Operation 29 'sub' 'sub_ln58' <Predicate = true> <Delay = 0.78> <CoreInst = "Adder">   --->   Core 1 'Adder' <Latency = 0> <II = 1> <Delay = 0.78> <FuncUnit> <Opcode : 'add' 'sub'> <InPorts = 2> <OutPorts = 1>
ST_1 : Operation 30 [1/1] (0.00ns)   --->   "%sext_ln58_1 = sext i11 %sub_ln58" [firmware/nnet_utils/nnet_dense_latency.h:58]   --->   Operation 30 'sext' 'sext_ln58_1' <Predicate = true> <Delay = 0.00>
ST_1 : Operation 31 [1/1] (0.80ns)   --->   "%add_ln58_1 = add i13 %zext_ln73_3, i13 %zext_ln73_1" [firmware/nnet_utils/nnet_dense_latency.h:58]   --->   Operation 31 'add' 'add_ln58_1' <Predicate = true> <Delay = 0.80> <CoreInst = "Adder">   --->   Core 1 'Adder' <Latency = 0> <II = 1> <Delay = 0.80> <FuncUnit> <Opcode : 'add' 'sub'> <InPorts = 2> <OutPorts = 1>
ST_1 : Operation 32 [1/1] (0.00ns)   --->   "%zext_ln58 = zext i13 %add_ln58_1" [firmware/nnet_utils/nnet_dense_latency.h:58]   --->   Operation 32 'zext' 'zext_ln58' <Predicate = true> <Delay = 0.00>
ST_1 : Operation 33 [1/1] (0.00ns)   --->   "%tmp = partselect i9 @_ssdm_op_PartSelect.i9.i14.i32.i32, i14 %sub_ln73_2, i32 5, i32 13" [firmware/nnet_utils/nnet_dense_latency.h:58]   --->   Operation 33 'partselect' 'tmp' <Predicate = true> <Delay = 0.00>
ST_1 : Operation 34 [1/1] (0.00ns)   --->   "%or_ln = bitconcatenate i14 @_ssdm_op_BitConcatenate.i14.i9.i5, i9 %tmp, i5 16" [firmware/nnet_utils/nnet_dense_latency.h:58]   --->   Operation 34 'bitconcatenate' 'or_ln' <Predicate = true> <Delay = 0.00>
ST_1 : Operation 35 [1/1] (0.83ns)   --->   "%add_ln58_2 = add i14 %or_ln, i14 %zext_ln70_3" [firmware/nnet_utils/nnet_dense_latency.h:58]   --->   Operation 35 'add' 'add_ln58_2' <Predicate = true> <Delay = 0.83> <CoreInst = "Adder">   --->   Core 1 'Adder' <Latency = 0> <II = 1> <Delay = 0.83> <FuncUnit> <Opcode : 'add' 'sub'> <InPorts = 2> <OutPorts = 1>
ST_1 : Operation 36 [1/1] (0.00ns) (grouped into TernaryAdder)   --->   "%sub_ln58_1 = sub i13 16, i13 %zext_ln73_3" [firmware/nnet_utils/nnet_dense_latency.h:58]   --->   Operation 36 'sub' 'sub_ln58_1' <Predicate = true> <Delay = 0.00> <CoreInst = "TAddSub">   --->   Core 10 'TAddSub' <Latency = 0> <II = 1> <Delay = 0.41> <IPBlock> <Opcode : 'add' 'sub'> <InPorts = 3> <OutPorts = 1> <Sync> <CReg>
ST_1 : Operation 37 [1/1] (0.82ns) (root node of TernaryAdder)   --->   "%add_ln58_3 = add i13 %sub_ln58_1, i13 %zext_ln70_2" [firmware/nnet_utils/nnet_dense_latency.h:58]   --->   Operation 37 'add' 'add_ln58_3' <Predicate = true> <Delay = 0.82> <CoreInst = "TAddSub">   --->   Core 10 'TAddSub' <Latency = 0> <II = 1> <Delay = 0.41> <IPBlock> <Opcode : 'add' 'sub'> <InPorts = 3> <OutPorts = 1> <Sync> <CReg>
ST_1 : Operation 38 [1/1] (0.00ns)   --->   "%sext_ln13 = sext i13 %add_ln58_3" [firmware/nnet_utils/nnet_dense_latency.h:13]   --->   Operation 38 'sext' 'sext_ln13' <Predicate = true> <Delay = 0.00>
ST_1 : Operation 39 [1/1] (0.00ns)   --->   "%mrv = insertvalue i70 <undef>, i14 %sext_ln58" [firmware/nnet_utils/nnet_dense_latency.h:68]   --->   Operation 39 'insertvalue' 'mrv' <Predicate = true> <Delay = 0.00>
ST_1 : Operation 40 [1/1] (0.00ns)   --->   "%mrv_1 = insertvalue i70 %mrv, i14 %sext_ln58_1" [firmware/nnet_utils/nnet_dense_latency.h:68]   --->   Operation 40 'insertvalue' 'mrv_1' <Predicate = true> <Delay = 0.00>
ST_1 : Operation 41 [1/1] (0.00ns)   --->   "%mrv_2 = insertvalue i70 %mrv_1, i14 %zext_ln58" [firmware/nnet_utils/nnet_dense_latency.h:68]   --->   Operation 41 'insertvalue' 'mrv_2' <Predicate = true> <Delay = 0.00>
ST_1 : Operation 42 [1/1] (0.00ns)   --->   "%mrv_3 = insertvalue i70 %mrv_2, i14 %add_ln58_2" [firmware/nnet_utils/nnet_dense_latency.h:68]   --->   Operation 42 'insertvalue' 'mrv_3' <Predicate = true> <Delay = 0.00>
ST_1 : Operation 43 [1/1] (0.00ns)   --->   "%mrv_4 = insertvalue i70 %mrv_3, i14 %sext_ln13" [firmware/nnet_utils/nnet_dense_latency.h:68]   --->   Operation 43 'insertvalue' 'mrv_4' <Predicate = true> <Delay = 0.00>
ST_1 : Operation 44 [1/1] (0.00ns)   --->   "%ret_ln68 = ret i70 %mrv_4" [firmware/nnet_utils/nnet_dense_latency.h:68]   --->   Operation 44 'ret' 'ret_ln68' <Predicate = true> <Delay = 0.00>


============================================================
+ Verbose Summary: Binding
============================================================
STG Binding: 
---------------- STG Properties BEGIN ----------------
- Is combinational: 1
- Is one-state seq: 0
- Is datapath-only: 0
- Is pipelined: 1
- Is top level: 0
Port [ Return ] is wired: 1; IO mode=ap_ctrl_hs:ce=0
Port [ data_5_val]:  wired=1; compound=0; hidden=0; nouse=0; global=0; static=0; extern=0; dir=0; type=0; pingpong=0; private_global=0; IO mode=ap_none:ce=0
Port [ data_13_val]:  wired=1; compound=0; hidden=0; nouse=0; global=0; static=0; extern=0; dir=0; type=0; pingpong=0; private_global=0; IO mode=ap_none:ce=0
Port [ data_15_val]:  wired=1; compound=0; hidden=0; nouse=0; global=0; static=0; extern=0; dir=0; type=0; pingpong=0; private_global=0; IO mode=ap_none:ce=0
Port [ data_21_val]:  wired=1; compound=0; hidden=0; nouse=0; global=0; static=0; extern=0; dir=0; type=0; pingpong=0; private_global=0; IO mode=ap_none:ce=0
---------------- STG Properties END ------------------

---------------- Datapath Model BEGIN ----------------

<LifeTime>
<method=bitvector/>
specpipeline_ln26      (specpipeline     ) [ 00]
specresourcelimit_ln33 (specresourcelimit) [ 00]
data_21_val_read       (read             ) [ 00]
data_15_val_read       (read             ) [ 00]
data_13_val_read       (read             ) [ 00]
data_5_val_read        (read             ) [ 00]
zext_ln70              (zext             ) [ 00]
p_shl9                 (bitconcatenate   ) [ 00]
sub_ln73               (sub              ) [ 00]
zext_ln70_1            (zext             ) [ 00]
tmp_1                  (bitconcatenate   ) [ 00]
zext_ln73              (zext             ) [ 00]
shl_ln                 (bitconcatenate   ) [ 00]
zext_ln70_2            (zext             ) [ 00]
shl_ln73_1             (bitconcatenate   ) [ 00]
zext_ln73_1            (zext             ) [ 00]
p_shl6                 (bitconcatenate   ) [ 00]
zext_ln73_2            (zext             ) [ 00]
sub_ln73_1             (sub              ) [ 00]
zext_ln70_3            (zext             ) [ 00]
shl_ln73_2             (bitconcatenate   ) [ 00]
zext_ln73_3            (zext             ) [ 00]
tmp_2                  (bitconcatenate   ) [ 00]
zext_ln73_4            (zext             ) [ 00]
sub_ln73_2             (sub              ) [ 00]
add_ln58               (add              ) [ 00]
sext_ln58              (sext             ) [ 00]
sub_ln58               (sub              ) [ 00]
sext_ln58_1            (sext             ) [ 00]
add_ln58_1             (add              ) [ 00]
zext_ln58              (zext             ) [ 00]
tmp                    (partselect       ) [ 00]
or_ln                  (bitconcatenate   ) [ 00]
add_ln58_2             (add              ) [ 00]
sub_ln58_1             (sub              ) [ 00]
add_ln58_3             (add              ) [ 00]
sext_ln13              (sext             ) [ 00]
mrv                    (insertvalue      ) [ 00]
mrv_1                  (insertvalue      ) [ 00]
mrv_2                  (insertvalue      ) [ 00]
mrv_3                  (insertvalue      ) [ 00]
mrv_4                  (insertvalue      ) [ 00]
ret_ln68               (ret              ) [ 00]
</LifeTime>

<model>

<comp_list>
<comp id="0" class="1000" name="data_5_val">
<pin_list>
<pin id="1" dir="1" index="0" bw="1" slack="0"/>
</pin_list>
<bind>
<StgValue><ssdm name="data_5_val"/></StgValue>
</bind>
</comp>

<comp id="2" class="1000" name="data_13_val">
<pin_list>
<pin id="3" dir="1" index="0" bw="1" slack="0"/>
</pin_list>
<bind>
<StgValue><ssdm name="data_13_val"/></StgValue>
</bind>
</comp>

<comp id="4" class="1000" name="data_15_val">
<pin_list>
<pin id="5" dir="1" index="0" bw="1" slack="0"/>
</pin_list>
<bind>
<StgValue><ssdm name="data_15_val"/></StgValue>
</bind>
</comp>

<comp id="6" class="1000" name="data_21_val">
<pin_list>
<pin id="7" dir="1" index="0" bw="1" slack="0"/>
</pin_list>
<bind>
<StgValue><ssdm name="data_21_val"/></StgValue>
</bind>
</comp>

<comp id="8" class="1001" name="const_8">
<pin_list>
<pin id="9" dir="1" index="0" bw="1" slack="2147483647"/>
</pin_list>
<bind>
<StgValue><ssdm name="_ssdm_op_SpecPipeline"/></StgValue>
</bind>
</comp>

<comp id="10" class="1001" name="const_10">
<pin_list>
<pin id="11" dir="1" index="0" bw="1" slack="2147483647"/>
</pin_list>
<bind>
<StgValue><ssdm name=""/></StgValue>
</bind>
</comp>

<comp id="12" class="1001" name="const_12">
<pin_list>
<pin id="13" dir="1" index="0" bw="1" slack="2147483647"/>
</pin_list>
<bind>
<StgValue><ssdm name=""/></StgValue>
</bind>
</comp>

<comp id="14" class="1001" name="const_14">
<pin_list>
<pin id="15" dir="1" index="0" bw="1" slack="2147483647"/>
</pin_list>
<bind>
<StgValue><ssdm name=""/></StgValue>
</bind>
</comp>

<comp id="16" class="1001" name="const_16">
<pin_list>
<pin id="17" dir="1" index="0" bw="1" slack="2147483647"/>
</pin_list>
<bind>
<StgValue><ssdm name="empty_0"/></StgValue>
</bind>
</comp>

<comp id="18" class="1001" name="const_18">
<pin_list>
<pin id="19" dir="1" index="0" bw="1" slack="2147483647"/>
</pin_list>
<bind>
<StgValue><ssdm name="_ssdm_op_SpecResourceLimit"/></StgValue>
</bind>
</comp>

<comp id="20" class="1001" name="const_20">
<pin_list>
<pin id="21" dir="1" index="0" bw="1" slack="2147483647"/>
</pin_list>
<bind>
<StgValue><ssdm name=""/></StgValue>
</bind>
</comp>

<comp id="22" class="1001" name="const_22">
<pin_list>
<pin id="23" dir="1" index="0" bw="1" slack="2147483647"/>
</pin_list>
<bind>
<StgValue><ssdm name="empty_1"/></StgValue>
</bind>
</comp>

<comp id="24" class="1001" name="const_24">
<pin_list>
<pin id="25" dir="1" index="0" bw="1" slack="0"/>
</pin_list>
<bind>
<StgValue><ssdm name="_ssdm_op_Read.ap_auto.i8"/></StgValue>
</bind>
</comp>

<comp id="26" class="1001" name="const_26">
<pin_list>
<pin id="27" dir="1" index="0" bw="1" slack="0"/>
</pin_list>
<bind>
<StgValue><ssdm name="_ssdm_op_BitConcatenate.i10.i8.i2"/></StgValue>
</bind>
</comp>

<comp id="28" class="1001" name="const_28">
<pin_list>
<pin id="29" dir="1" index="0" bw="1" slack="0"/>
</pin_list>
<bind>
<StgValue><ssdm name=""/></StgValue>
</bind>
</comp>

<comp id="30" class="1001" name="const_30">
<pin_list>
<pin id="31" dir="1" index="0" bw="1" slack="0"/>
</pin_list>
<bind>
<StgValue><ssdm name="_ssdm_op_BitConcatenate.i11.i8.i3"/></StgValue>
</bind>
</comp>

<comp id="32" class="1001" name="const_32">
<pin_list>
<pin id="33" dir="1" index="0" bw="1" slack="0"/>
</pin_list>
<bind>
<StgValue><ssdm name=""/></StgValue>
</bind>
</comp>

<comp id="34" class="1001" name="const_34">
<pin_list>
<pin id="35" dir="1" index="0" bw="1" slack="0"/>
</pin_list>
<bind>
<StgValue><ssdm name="_ssdm_op_BitConcatenate.i9.i8.i1"/></StgValue>
</bind>
</comp>

<comp id="36" class="1001" name="const_36">
<pin_list>
<pin id="37" dir="1" index="0" bw="1" slack="0"/>
</pin_list>
<bind>
<StgValue><ssdm name=""/></StgValue>
</bind>
</comp>

<comp id="38" class="1001" name="const_38">
<pin_list>
<pin id="39" dir="1" index="0" bw="1" slack="0"/>
</pin_list>
<bind>
<StgValue><ssdm name="_ssdm_op_BitConcatenate.i12.i8.i4"/></StgValue>
</bind>
</comp>

<comp id="40" class="1001" name="const_40">
<pin_list>
<pin id="41" dir="1" index="0" bw="1" slack="0"/>
</pin_list>
<bind>
<StgValue><ssdm name=""/></StgValue>
</bind>
</comp>

<comp id="42" class="1001" name="const_42">
<pin_list>
<pin id="43" dir="1" index="0" bw="1" slack="0"/>
</pin_list>
<bind>
<StgValue><ssdm name="_ssdm_op_BitConcatenate.i13.i8.i5"/></StgValue>
</bind>
</comp>

<comp id="44" class="1001" name="const_44">
<pin_list>
<pin id="45" dir="1" index="0" bw="1" slack="0"/>
</pin_list>
<bind>
<StgValue><ssdm name=""/></StgValue>
</bind>
</comp>

<comp id="46" class="1001" name="const_46">
<pin_list>
<pin id="47" dir="1" index="0" bw="1" slack="0"/>
</pin_list>
<bind>
<StgValue><ssdm name=""/></StgValue>
</bind>
</comp>

<comp id="48" class="1001" name="const_48">
<pin_list>
<pin id="49" dir="1" index="0" bw="1" slack="0"/>
</pin_list>
<bind>
<StgValue><ssdm name=""/></StgValue>
</bind>
</comp>

<comp id="50" class="1001" name="const_50">
<pin_list>
<pin id="51" dir="1" index="0" bw="1" slack="0"/>
</pin_list>
<bind>
<StgValue><ssdm name=""/></StgValue>
</bind>
</comp>

<comp id="52" class="1001" name="const_52">
<pin_list>
<pin id="53" dir="1" index="0" bw="1" slack="0"/>
</pin_list>
<bind>
<StgValue><ssdm name="_ssdm_op_PartSelect.i9.i14.i32.i32"/></StgValue>
</bind>
</comp>

<comp id="54" class="1001" name="const_54">
<pin_list>
<pin id="55" dir="1" index="0" bw="1" slack="0"/>
</pin_list>
<bind>
<StgValue><ssdm name=""/></StgValue>
</bind>
</comp>

<comp id="56" class="1001" name="const_56">
<pin_list>
<pin id="57" dir="1" index="0" bw="1" slack="0"/>
</pin_list>
<bind>
<StgValue><ssdm name=""/></StgValue>
</bind>
</comp>

<comp id="58" class="1001" name="const_58">
<pin_list>
<pin id="59" dir="1" index="0" bw="1" slack="0"/>
</pin_list>
<bind>
<StgValue><ssdm name="_ssdm_op_BitConcatenate.i14.i9.i5"/></StgValue>
</bind>
</comp>

<comp id="60" class="1001" name="const_60">
<pin_list>
<pin id="61" dir="1" index="0" bw="1" slack="0"/>
</pin_list>
<bind>
<StgValue><ssdm name=""/></StgValue>
</bind>
</comp>

<comp id="62" class="1001" name="const_62">
<pin_list>
<pin id="63" dir="1" index="0" bw="1" slack="0"/>
</pin_list>
<bind>
<StgValue><ssdm name=""/></StgValue>
</bind>
</comp>

<comp id="64" class="1001" name="const_64">
<pin_list>
<pin id="65" dir="1" index="0" bw="1" slack="0"/>
</pin_list>
<bind>
<StgValue><ssdm name=""/></StgValue>
</bind>
</comp>

<comp id="66" class="1004" name="data_21_val_read_read_fu_66">
<pin_list>
<pin id="67" dir="0" index="0" bw="8" slack="0"/>
<pin id="68" dir="0" index="1" bw="8" slack="0"/>
<pin id="69" dir="1" index="2" bw="8" slack="0"/>
</pin_list>
<bind>
<opcode="read(1150) " fcode="read"/>
<opset="data_21_val_read/1 "/>
</bind>
</comp>

<comp id="72" class="1004" name="data_15_val_read_read_fu_72">
<pin_list>
<pin id="73" dir="0" index="0" bw="8" slack="0"/>
<pin id="74" dir="0" index="1" bw="8" slack="0"/>
<pin id="75" dir="1" index="2" bw="8" slack="0"/>
</pin_list>
<bind>
<opcode="read(1150) " fcode="read"/>
<opset="data_15_val_read/1 "/>
</bind>
</comp>

<comp id="78" class="1004" name="data_13_val_read_read_fu_78">
<pin_list>
<pin id="79" dir="0" index="0" bw="8" slack="0"/>
<pin id="80" dir="0" index="1" bw="8" slack="0"/>
<pin id="81" dir="1" index="2" bw="8" slack="0"/>
</pin_list>
<bind>
<opcode="read(1150) " fcode="read"/>
<opset="data_13_val_read/1 "/>
</bind>
</comp>

<comp id="84" class="1004" name="data_5_val_read_read_fu_84">
<pin_list>
<pin id="85" dir="0" index="0" bw="8" slack="0"/>
<pin id="86" dir="0" index="1" bw="8" slack="0"/>
<pin id="87" dir="1" index="2" bw="8" slack="0"/>
</pin_list>
<bind>
<opcode="read(1150) " fcode="read"/>
<opset="data_5_val_read/1 "/>
</bind>
</comp>

<comp id="90" class="1004" name="zext_ln70_fu_90">
<pin_list>
<pin id="91" dir="0" index="0" bw="8" slack="0"/>
<pin id="92" dir="1" index="1" bw="10" slack="0"/>
</pin_list>
<bind>
<opcode="zext(34) " fcode="zext"/>
<opset="zext_ln70/1 "/>
</bind>
</comp>

<comp id="94" class="1004" name="p_shl9_fu_94">
<pin_list>
<pin id="95" dir="0" index="0" bw="10" slack="0"/>
<pin id="96" dir="0" index="1" bw="8" slack="0"/>
<pin id="97" dir="0" index="2" bw="1" slack="0"/>
<pin id="98" dir="1" index="3" bw="10" slack="0"/>
</pin_list>
<bind>
<opcode="bitconcatenate(1004) " fcode="bitconcatenate"/>
<opset="p_shl9/1 "/>
</bind>
</comp>

<comp id="102" class="1004" name="sub_ln73_fu_102">
<pin_list>
<pin id="103" dir="0" index="0" bw="10" slack="0"/>
<pin id="104" dir="0" index="1" bw="8" slack="0"/>
<pin id="105" dir="1" index="2" bw="10" slack="0"/>
</pin_list>
<bind>
<opcode="sub(10) " fcode="sub"/>
<opset="sub_ln73/1 "/>
</bind>
</comp>

<comp id="108" class="1004" name="zext_ln70_1_fu_108">
<pin_list>
<pin id="109" dir="0" index="0" bw="10" slack="0"/>
<pin id="110" dir="1" index="1" bw="11" slack="0"/>
</pin_list>
<bind>
<opcode="zext(34) " fcode="zext"/>
<opset="zext_ln70_1/1 "/>
</bind>
</comp>

<comp id="112" class="1004" name="tmp_1_fu_112">
<pin_list>
<pin id="113" dir="0" index="0" bw="10" slack="0"/>
<pin id="114" dir="0" index="1" bw="8" slack="0"/>
<pin id="115" dir="0" index="2" bw="1" slack="0"/>
<pin id="116" dir="1" index="3" bw="10" slack="0"/>
</pin_list>
<bind>
<opcode="bitconcatenate(1004) " fcode="bitconcatenate"/>
<opset="tmp_1/1 "/>
</bind>
</comp>

<comp id="120" class="1004" name="zext_ln73_fu_120">
<pin_list>
<pin id="121" dir="0" index="0" bw="10" slack="0"/>
<pin id="122" dir="1" index="1" bw="11" slack="0"/>
</pin_list>
<bind>
<opcode="zext(34) " fcode="zext"/>
<opset="zext_ln73/1 "/>
</bind>
</comp>

<comp id="124" class="1004" name="shl_ln_fu_124">
<pin_list>
<pin id="125" dir="0" index="0" bw="11" slack="0"/>
<pin id="126" dir="0" index="1" bw="8" slack="0"/>
<pin id="127" dir="0" index="2" bw="1" slack="0"/>
<pin id="128" dir="1" index="3" bw="11" slack="0"/>
</pin_list>
<bind>
<opcode="bitconcatenate(1004) " fcode="bitconcatenate"/>
<opset="shl_ln/1 "/>
</bind>
</comp>

<comp id="132" class="1004" name="zext_ln70_2_fu_132">
<pin_list>
<pin id="133" dir="0" index="0" bw="11" slack="0"/>
<pin id="134" dir="1" index="1" bw="13" slack="0"/>
</pin_list>
<bind>
<opcode="zext(34) " fcode="zext"/>
<opset="zext_ln70_2/1 "/>
</bind>
</comp>

<comp id="136" class="1004" name="shl_ln73_1_fu_136">
<pin_list>
<pin id="137" dir="0" index="0" bw="9" slack="0"/>
<pin id="138" dir="0" index="1" bw="8" slack="0"/>
<pin id="139" dir="0" index="2" bw="1" slack="0"/>
<pin id="140" dir="1" index="3" bw="9" slack="0"/>
</pin_list>
<bind>
<opcode="bitconcatenate(1004) " fcode="bitconcatenate"/>
<opset="shl_ln73_1/1 "/>
</bind>
</comp>

<comp id="144" class="1004" name="zext_ln73_1_fu_144">
<pin_list>
<pin id="145" dir="0" index="0" bw="9" slack="0"/>
<pin id="146" dir="1" index="1" bw="13" slack="0"/>
</pin_list>
<bind>
<opcode="zext(34) " fcode="zext"/>
<opset="zext_ln73_1/1 "/>
</bind>
</comp>

<comp id="148" class="1004" name="p_shl6_fu_148">
<pin_list>
<pin id="149" dir="0" index="0" bw="11" slack="0"/>
<pin id="150" dir="0" index="1" bw="8" slack="0"/>
<pin id="151" dir="0" index="2" bw="1" slack="0"/>
<pin id="152" dir="1" index="3" bw="11" slack="0"/>
</pin_list>
<bind>
<opcode="bitconcatenate(1004) " fcode="bitconcatenate"/>
<opset="p_shl6/1 "/>
</bind>
</comp>

<comp id="156" class="1004" name="zext_ln73_2_fu_156">
<pin_list>
<pin id="157" dir="0" index="0" bw="9" slack="0"/>
<pin id="158" dir="1" index="1" bw="11" slack="0"/>
</pin_list>
<bind>
<opcode="zext(34) " fcode="zext"/>
<opset="zext_ln73_2/1 "/>
</bind>
</comp>

<comp id="160" class="1004" name="sub_ln73_1_fu_160">
<pin_list>
<pin id="161" dir="0" index="0" bw="11" slack="0"/>
<pin id="162" dir="0" index="1" bw="9" slack="0"/>
<pin id="163" dir="1" index="2" bw="11" slack="0"/>
</pin_list>
<bind>
<opcode="sub(10) " fcode="sub"/>
<opset="sub_ln73_1/1 "/>
</bind>
</comp>

<comp id="166" class="1004" name="zext_ln70_3_fu_166">
<pin_list>
<pin id="167" dir="0" index="0" bw="11" slack="0"/>
<pin id="168" dir="1" index="1" bw="14" slack="0"/>
</pin_list>
<bind>
<opcode="zext(34) " fcode="zext"/>
<opset="zext_ln70_3/1 "/>
</bind>
</comp>

<comp id="170" class="1004" name="shl_ln73_2_fu_170">
<pin_list>
<pin id="171" dir="0" index="0" bw="12" slack="0"/>
<pin id="172" dir="0" index="1" bw="8" slack="0"/>
<pin id="173" dir="0" index="2" bw="1" slack="0"/>
<pin id="174" dir="1" index="3" bw="12" slack="0"/>
</pin_list>
<bind>
<opcode="bitconcatenate(1004) " fcode="bitconcatenate"/>
<opset="shl_ln73_2/1 "/>
</bind>
</comp>

<comp id="178" class="1004" name="zext_ln73_3_fu_178">
<pin_list>
<pin id="179" dir="0" index="0" bw="12" slack="0"/>
<pin id="180" dir="1" index="1" bw="13" slack="0"/>
</pin_list>
<bind>
<opcode="zext(34) " fcode="zext"/>
<opset="zext_ln73_3/1 "/>
</bind>
</comp>

<comp id="182" class="1004" name="tmp_2_fu_182">
<pin_list>
<pin id="183" dir="0" index="0" bw="13" slack="0"/>
<pin id="184" dir="0" index="1" bw="8" slack="0"/>
<pin id="185" dir="0" index="2" bw="1" slack="0"/>
<pin id="186" dir="1" index="3" bw="13" slack="0"/>
</pin_list>
<bind>
<opcode="bitconcatenate(1004) " fcode="bitconcatenate"/>
<opset="tmp_2/1 "/>
</bind>
</comp>

<comp id="190" class="1004" name="zext_ln73_4_fu_190">
<pin_list>
<pin id="191" dir="0" index="0" bw="13" slack="0"/>
<pin id="192" dir="1" index="1" bw="14" slack="0"/>
</pin_list>
<bind>
<opcode="zext(34) " fcode="zext"/>
<opset="zext_ln73_4/1 "/>
</bind>
</comp>

<comp id="194" class="1004" name="sub_ln73_2_fu_194">
<pin_list>
<pin id="195" dir="0" index="0" bw="1" slack="0"/>
<pin id="196" dir="0" index="1" bw="13" slack="0"/>
<pin id="197" dir="1" index="2" bw="14" slack="0"/>
</pin_list>
<bind>
<opcode="sub(10) " fcode="sub"/>
<opset="sub_ln73_2/1 "/>
</bind>
</comp>

<comp id="200" class="1004" name="add_ln58_fu_200">
<pin_list>
<pin id="201" dir="0" index="0" bw="10" slack="0"/>
<pin id="202" dir="0" index="1" bw="5" slack="0"/>
<pin id="203" dir="1" index="2" bw="11" slack="0"/>
</pin_list>
<bind>
<opcode="add(8) " fcode="add"/>
<opset="add_ln58/1 "/>
</bind>
</comp>

<comp id="206" class="1004" name="sext_ln58_fu_206">
<pin_list>
<pin id="207" dir="0" index="0" bw="11" slack="0"/>
<pin id="208" dir="1" index="1" bw="14" slack="0"/>
</pin_list>
<bind>
<opcode="sext(35) " fcode="sext"/>
<opset="sext_ln58/1 "/>
</bind>
</comp>

<comp id="210" class="1004" name="sub_ln58_fu_210">
<pin_list>
<pin id="211" dir="0" index="0" bw="8" slack="0"/>
<pin id="212" dir="0" index="1" bw="10" slack="0"/>
<pin id="213" dir="1" index="2" bw="11" slack="0"/>
</pin_list>
<bind>
<opcode="sub(10) " fcode="sub"/>
<opset="sub_ln58/1 "/>
</bind>
</comp>

<comp id="216" class="1004" name="sext_ln58_1_fu_216">
<pin_list>
<pin id="217" dir="0" index="0" bw="11" slack="0"/>
<pin id="218" dir="1" index="1" bw="14" slack="0"/>
</pin_list>
<bind>
<opcode="sext(35) " fcode="sext"/>
<opset="sext_ln58_1/1 "/>
</bind>
</comp>

<comp id="220" class="1004" name="add_ln58_1_fu_220">
<pin_list>
<pin id="221" dir="0" index="0" bw="12" slack="0"/>
<pin id="222" dir="0" index="1" bw="9" slack="0"/>
<pin id="223" dir="1" index="2" bw="13" slack="0"/>
</pin_list>
<bind>
<opcode="add(8) " fcode="add"/>
<opset="add_ln58_1/1 "/>
</bind>
</comp>

<comp id="226" class="1004" name="zext_ln58_fu_226">
<pin_list>
<pin id="227" dir="0" index="0" bw="13" slack="0"/>
<pin id="228" dir="1" index="1" bw="14" slack="0"/>
</pin_list>
<bind>
<opcode="zext(34) " fcode="zext"/>
<opset="zext_ln58/1 "/>
</bind>
</comp>

<comp id="230" class="1004" name="tmp_fu_230">
<pin_list>
<pin id="231" dir="0" index="0" bw="9" slack="0"/>
<pin id="232" dir="0" index="1" bw="14" slack="0"/>
<pin id="233" dir="0" index="2" bw="4" slack="0"/>
<pin id="234" dir="0" index="3" bw="5" slack="0"/>
<pin id="235" dir="1" index="4" bw="9" slack="0"/>
</pin_list>
<bind>
<opcode="partselect(1002) " fcode="partselect"/>
<opset="tmp/1 "/>
</bind>
</comp>

<comp id="240" class="1004" name="or_ln_fu_240">
<pin_list>
<pin id="241" dir="0" index="0" bw="14" slack="0"/>
<pin id="242" dir="0" index="1" bw="9" slack="0"/>
<pin id="243" dir="0" index="2" bw="5" slack="0"/>
<pin id="244" dir="1" index="3" bw="14" slack="0"/>
</pin_list>
<bind>
<opcode="bitconcatenate(1004) " fcode="bitconcatenate"/>
<opset="or_ln/1 "/>
</bind>
</comp>

<comp id="248" class="1004" name="add_ln58_2_fu_248">
<pin_list>
<pin id="249" dir="0" index="0" bw="14" slack="0"/>
<pin id="250" dir="0" index="1" bw="11" slack="0"/>
<pin id="251" dir="1" index="2" bw="14" slack="0"/>
</pin_list>
<bind>
<opcode="add(8) " fcode="add"/>
<opset="add_ln58_2/1 "/>
</bind>
</comp>

<comp id="254" class="1004" name="sub_ln58_1_fu_254">
<pin_list>
<pin id="255" dir="0" index="0" bw="6" slack="0"/>
<pin id="256" dir="0" index="1" bw="12" slack="0"/>
<pin id="257" dir="1" index="2" bw="13" slack="0"/>
</pin_list>
<bind>
<opcode="sub(10) " fcode="sub"/>
<opset="sub_ln58_1/1 "/>
</bind>
</comp>

<comp id="260" class="1004" name="add_ln58_3_fu_260">
<pin_list>
<pin id="261" dir="0" index="0" bw="13" slack="0"/>
<pin id="262" dir="0" index="1" bw="11" slack="0"/>
<pin id="263" dir="1" index="2" bw="13" slack="0"/>
</pin_list>
<bind>
<opcode="add(8) " fcode="add"/>
<opset="add_ln58_3/1 "/>
</bind>
</comp>

<comp id="266" class="1004" name="sext_ln13_fu_266">
<pin_list>
<pin id="267" dir="0" index="0" bw="13" slack="0"/>
<pin id="268" dir="1" index="1" bw="14" slack="0"/>
</pin_list>
<bind>
<opcode="sext(35) " fcode="sext"/>
<opset="sext_ln13/1 "/>
</bind>
</comp>

<comp id="270" class="1004" name="mrv_fu_270">
<pin_list>
<pin id="271" dir="0" index="0" bw="70" slack="0"/>
<pin id="272" dir="0" index="1" bw="11" slack="0"/>
<pin id="273" dir="1" index="2" bw="70" slack="0"/>
</pin_list>
<bind>
<opcode="insertvalue(57) " fcode="insertvalue"/>
<opset="mrv/1 "/>
</bind>
</comp>

<comp id="276" class="1004" name="mrv_1_fu_276">
<pin_list>
<pin id="277" dir="0" index="0" bw="70" slack="0"/>
<pin id="278" dir="0" index="1" bw="11" slack="0"/>
<pin id="279" dir="1" index="2" bw="70" slack="0"/>
</pin_list>
<bind>
<opcode="insertvalue(57) " fcode="insertvalue"/>
<opset="mrv_1/1 "/>
</bind>
</comp>

<comp id="282" class="1004" name="mrv_2_fu_282">
<pin_list>
<pin id="283" dir="0" index="0" bw="70" slack="0"/>
<pin id="284" dir="0" index="1" bw="13" slack="0"/>
<pin id="285" dir="1" index="2" bw="70" slack="0"/>
</pin_list>
<bind>
<opcode="insertvalue(57) " fcode="insertvalue"/>
<opset="mrv_2/1 "/>
</bind>
</comp>

<comp id="288" class="1004" name="mrv_3_fu_288">
<pin_list>
<pin id="289" dir="0" index="0" bw="70" slack="0"/>
<pin id="290" dir="0" index="1" bw="14" slack="0"/>
<pin id="291" dir="1" index="2" bw="70" slack="0"/>
</pin_list>
<bind>
<opcode="insertvalue(57) " fcode="insertvalue"/>
<opset="mrv_3/1 "/>
</bind>
</comp>

<comp id="294" class="1004" name="mrv_4_fu_294">
<pin_list>
<pin id="295" dir="0" index="0" bw="70" slack="0"/>
<pin id="296" dir="0" index="1" bw="13" slack="0"/>
<pin id="297" dir="1" index="2" bw="70" slack="2147483647"/>
</pin_list>
<bind>
<opcode="insertvalue(57) " fcode="insertvalue"/>
<opset="mrv_4/1 "/>
</bind>
</comp>

</comp_list>

<net_list>
<net id="70"><net_src comp="24" pin="0"/><net_sink comp="66" pin=0"/></net>

<net id="71"><net_src comp="6" pin="0"/><net_sink comp="66" pin=1"/></net>

<net id="76"><net_src comp="24" pin="0"/><net_sink comp="72" pin=0"/></net>

<net id="77"><net_src comp="4" pin="0"/><net_sink comp="72" pin=1"/></net>

<net id="82"><net_src comp="24" pin="0"/><net_sink comp="78" pin=0"/></net>

<net id="83"><net_src comp="2" pin="0"/><net_sink comp="78" pin=1"/></net>

<net id="88"><net_src comp="24" pin="0"/><net_sink comp="84" pin=0"/></net>

<net id="89"><net_src comp="0" pin="0"/><net_sink comp="84" pin=1"/></net>

<net id="93"><net_src comp="84" pin="2"/><net_sink comp="90" pin=0"/></net>

<net id="99"><net_src comp="26" pin="0"/><net_sink comp="94" pin=0"/></net>

<net id="100"><net_src comp="84" pin="2"/><net_sink comp="94" pin=1"/></net>

<net id="101"><net_src comp="28" pin="0"/><net_sink comp="94" pin=2"/></net>

<net id="106"><net_src comp="94" pin="3"/><net_sink comp="102" pin=0"/></net>

<net id="107"><net_src comp="90" pin="1"/><net_sink comp="102" pin=1"/></net>

<net id="111"><net_src comp="102" pin="2"/><net_sink comp="108" pin=0"/></net>

<net id="117"><net_src comp="26" pin="0"/><net_sink comp="112" pin=0"/></net>

<net id="118"><net_src comp="78" pin="2"/><net_sink comp="112" pin=1"/></net>

<net id="119"><net_src comp="28" pin="0"/><net_sink comp="112" pin=2"/></net>

<net id="123"><net_src comp="112" pin="3"/><net_sink comp="120" pin=0"/></net>

<net id="129"><net_src comp="30" pin="0"/><net_sink comp="124" pin=0"/></net>

<net id="130"><net_src comp="78" pin="2"/><net_sink comp="124" pin=1"/></net>

<net id="131"><net_src comp="32" pin="0"/><net_sink comp="124" pin=2"/></net>

<net id="135"><net_src comp="124" pin="3"/><net_sink comp="132" pin=0"/></net>

<net id="141"><net_src comp="34" pin="0"/><net_sink comp="136" pin=0"/></net>

<net id="142"><net_src comp="72" pin="2"/><net_sink comp="136" pin=1"/></net>

<net id="143"><net_src comp="36" pin="0"/><net_sink comp="136" pin=2"/></net>

<net id="147"><net_src comp="136" pin="3"/><net_sink comp="144" pin=0"/></net>

<net id="153"><net_src comp="30" pin="0"/><net_sink comp="148" pin=0"/></net>

<net id="154"><net_src comp="72" pin="2"/><net_sink comp="148" pin=1"/></net>

<net id="155"><net_src comp="32" pin="0"/><net_sink comp="148" pin=2"/></net>

<net id="159"><net_src comp="136" pin="3"/><net_sink comp="156" pin=0"/></net>

<net id="164"><net_src comp="148" pin="3"/><net_sink comp="160" pin=0"/></net>

<net id="165"><net_src comp="156" pin="1"/><net_sink comp="160" pin=1"/></net>

<net id="169"><net_src comp="160" pin="2"/><net_sink comp="166" pin=0"/></net>

<net id="175"><net_src comp="38" pin="0"/><net_sink comp="170" pin=0"/></net>

<net id="176"><net_src comp="66" pin="2"/><net_sink comp="170" pin=1"/></net>

<net id="177"><net_src comp="40" pin="0"/><net_sink comp="170" pin=2"/></net>

<net id="181"><net_src comp="170" pin="3"/><net_sink comp="178" pin=0"/></net>

<net id="187"><net_src comp="42" pin="0"/><net_sink comp="182" pin=0"/></net>

<net id="188"><net_src comp="66" pin="2"/><net_sink comp="182" pin=1"/></net>

<net id="189"><net_src comp="44" pin="0"/><net_sink comp="182" pin=2"/></net>

<net id="193"><net_src comp="182" pin="3"/><net_sink comp="190" pin=0"/></net>

<net id="198"><net_src comp="46" pin="0"/><net_sink comp="194" pin=0"/></net>

<net id="199"><net_src comp="190" pin="1"/><net_sink comp="194" pin=1"/></net>

<net id="204"><net_src comp="108" pin="1"/><net_sink comp="200" pin=0"/></net>

<net id="205"><net_src comp="48" pin="0"/><net_sink comp="200" pin=1"/></net>

<net id="209"><net_src comp="200" pin="2"/><net_sink comp="206" pin=0"/></net>

<net id="214"><net_src comp="50" pin="0"/><net_sink comp="210" pin=0"/></net>

<net id="215"><net_src comp="120" pin="1"/><net_sink comp="210" pin=1"/></net>

<net id="219"><net_src comp="210" pin="2"/><net_sink comp="216" pin=0"/></net>

<net id="224"><net_src comp="178" pin="1"/><net_sink comp="220" pin=0"/></net>

<net id="225"><net_src comp="144" pin="1"/><net_sink comp="220" pin=1"/></net>

<net id="229"><net_src comp="220" pin="2"/><net_sink comp="226" pin=0"/></net>

<net id="236"><net_src comp="52" pin="0"/><net_sink comp="230" pin=0"/></net>

<net id="237"><net_src comp="194" pin="2"/><net_sink comp="230" pin=1"/></net>

<net id="238"><net_src comp="54" pin="0"/><net_sink comp="230" pin=2"/></net>

<net id="239"><net_src comp="56" pin="0"/><net_sink comp="230" pin=3"/></net>

<net id="245"><net_src comp="58" pin="0"/><net_sink comp="240" pin=0"/></net>

<net id="246"><net_src comp="230" pin="4"/><net_sink comp="240" pin=1"/></net>

<net id="247"><net_src comp="60" pin="0"/><net_sink comp="240" pin=2"/></net>

<net id="252"><net_src comp="240" pin="3"/><net_sink comp="248" pin=0"/></net>

<net id="253"><net_src comp="166" pin="1"/><net_sink comp="248" pin=1"/></net>

<net id="258"><net_src comp="62" pin="0"/><net_sink comp="254" pin=0"/></net>

<net id="259"><net_src comp="178" pin="1"/><net_sink comp="254" pin=1"/></net>

<net id="264"><net_src comp="254" pin="2"/><net_sink comp="260" pin=0"/></net>

<net id="265"><net_src comp="132" pin="1"/><net_sink comp="260" pin=1"/></net>

<net id="269"><net_src comp="260" pin="2"/><net_sink comp="266" pin=0"/></net>

<net id="274"><net_src comp="64" pin="0"/><net_sink comp="270" pin=0"/></net>

<net id="275"><net_src comp="206" pin="1"/><net_sink comp="270" pin=1"/></net>

<net id="280"><net_src comp="270" pin="2"/><net_sink comp="276" pin=0"/></net>

<net id="281"><net_src comp="216" pin="1"/><net_sink comp="276" pin=1"/></net>

<net id="286"><net_src comp="276" pin="2"/><net_sink comp="282" pin=0"/></net>

<net id="287"><net_src comp="226" pin="1"/><net_sink comp="282" pin=1"/></net>

<net id="292"><net_src comp="282" pin="2"/><net_sink comp="288" pin=0"/></net>

<net id="293"><net_src comp="248" pin="2"/><net_sink comp="288" pin=1"/></net>

<net id="298"><net_src comp="288" pin="2"/><net_sink comp="294" pin=0"/></net>

<net id="299"><net_src comp="266" pin="1"/><net_sink comp="294" pin=1"/></net>

</net_list>

</model> 
---------------- Datapath Model END ------------------

* FSMD analyzer results:
  - Output states:
 - Input state : 
	Port: dense_latency<ap_ufixed<8, 6, 0, 3, 0>, ap_fixed<14, 8, 5, 3, 0>, config12> : data_5_val | {1 }
	Port: dense_latency<ap_ufixed<8, 6, 0, 3, 0>, ap_fixed<14, 8, 5, 3, 0>, config12> : data_13_val | {1 }
	Port: dense_latency<ap_ufixed<8, 6, 0, 3, 0>, ap_fixed<14, 8, 5, 3, 0>, config12> : data_15_val | {1 }
	Port: dense_latency<ap_ufixed<8, 6, 0, 3, 0>, ap_fixed<14, 8, 5, 3, 0>, config12> : data_21_val | {1 }
  - Chain level:
	State 1
		sub_ln73 : 1
		zext_ln70_1 : 2
		zext_ln73 : 1
		zext_ln70_2 : 1
		zext_ln73_1 : 1
		zext_ln73_2 : 1
		sub_ln73_1 : 2
		zext_ln70_3 : 3
		zext_ln73_3 : 1
		zext_ln73_4 : 1
		sub_ln73_2 : 2
		add_ln58 : 3
		sext_ln58 : 4
		sub_ln58 : 2
		sext_ln58_1 : 3
		add_ln58_1 : 2
		zext_ln58 : 3
		tmp : 3
		or_ln : 4
		add_ln58_2 : 5
		sub_ln58_1 : 2
		add_ln58_3 : 3
		sext_ln13 : 4
		mrv : 5
		mrv_1 : 6
		mrv_2 : 7
		mrv_3 : 8
		mrv_4 : 9
		ret_ln68 : 10


============================================================
+ Verbose Summary: Datapath Resource usage 
============================================================

* Functional unit list:
|----------|-----------------------------|---------|---------|
| Operation|       Functional Unit       |    FF   |   LUT   |
|----------|-----------------------------|---------|---------|
|          |       sub_ln73_fu_102       |    0    |    17   |
|          |      sub_ln73_1_fu_160      |    0    |    18   |
|    sub   |      sub_ln73_2_fu_194      |    0    |    20   |
|          |       sub_ln58_fu_210       |    0    |    17   |
|          |      sub_ln58_1_fu_254      |    0    |    17   |
|----------|-----------------------------|---------|---------|
|          |       add_ln58_fu_200       |    0    |    17   |
|    add   |      add_ln58_1_fu_220      |    0    |    19   |
|          |      add_ln58_2_fu_248      |    0    |    21   |
|          |      add_ln58_3_fu_260      |    0    |    17   |
|----------|-----------------------------|---------|---------|
|          | data_21_val_read_read_fu_66 |    0    |    0    |
|   read   | data_15_val_read_read_fu_72 |    0    |    0    |
|          | data_13_val_read_read_fu_78 |    0    |    0    |
|          |  data_5_val_read_read_fu_84 |    0    |    0    |
|----------|-----------------------------|---------|---------|
|          |       zext_ln70_fu_90       |    0    |    0    |
|          |      zext_ln70_1_fu_108     |    0    |    0    |
|          |       zext_ln73_fu_120      |    0    |    0    |
|          |      zext_ln70_2_fu_132     |    0    |    0    |
|   zext   |      zext_ln73_1_fu_144     |    0    |    0    |
|          |      zext_ln73_2_fu_156     |    0    |    0    |
|          |      zext_ln70_3_fu_166     |    0    |    0    |
|          |      zext_ln73_3_fu_178     |    0    |    0    |
|          |      zext_ln73_4_fu_190     |    0    |    0    |
|          |       zext_ln58_fu_226      |    0    |    0    |
|----------|-----------------------------|---------|---------|
|          |         p_shl9_fu_94        |    0    |    0    |
|          |         tmp_1_fu_112        |    0    |    0    |
|          |        shl_ln_fu_124        |    0    |    0    |
|bitconcatenate|      shl_ln73_1_fu_136      |    0    |    0    |
|          |        p_shl6_fu_148        |    0    |    0    |
|          |      shl_ln73_2_fu_170      |    0    |    0    |
|          |         tmp_2_fu_182        |    0    |    0    |
|          |         or_ln_fu_240        |    0    |    0    |
|----------|-----------------------------|---------|---------|
|          |       sext_ln58_fu_206      |    0    |    0    |
|   sext   |      sext_ln58_1_fu_216     |    0    |    0    |
|          |       sext_ln13_fu_266      |    0    |    0    |
|----------|-----------------------------|---------|---------|
|partselect|          tmp_fu_230         |    0    |    0    |
|----------|-----------------------------|---------|---------|
|          |          mrv_fu_270         |    0    |    0    |
|          |         mrv_1_fu_276        |    0    |    0    |
|insertvalue|         mrv_2_fu_282        |    0    |    0    |
|          |         mrv_3_fu_288        |    0    |    0    |
|          |         mrv_4_fu_294        |    0    |    0    |
|----------|-----------------------------|---------|---------|
|   Total  |                             |    0    |   163   |
|----------|-----------------------------|---------|---------|

Memories:
N/A

* Register list:
N/A

* Multiplexer (MUX) list: 
|--------|------|------|------|--------|
|  Comp  |  Pin | Size |  BW  | S x BW |
|--------|------|------|------|--------|
|  Total |      |      |      |    0   |
|--------|------|------|------|--------|



* Summary:
+-----------+--------+--------+
|           |   FF   |   LUT  |
+-----------+--------+--------+
|  Function |    0   |   163  |
|   Memory  |    -   |    -   |
|Multiplexer|    -   |    -   |
|  Register |    -   |    -   |
+-----------+--------+--------+
|   Total   |    0   |   163  |
+-----------+--------+--------+
