

================================================================
== Vitis HLS Report for 'myproject'
================================================================
* Date:           Thu May 14 16:51:39 2026

* Version:        2025.2 (Build 6295257 on Nov 14 2025)
* Project:        myproject_prj
* Solution:       solution1 (Vivado IP Flow Target)
* Product family: zynquplus
* Target device:  xck26-sfvc784-2LV-c


================================================================
== Performance Estimates
================================================================
+ Timing: 
    * Summary: 
    +--------+---------+----------+------------+
    |  Clock |  Target | Estimated| Uncertainty|
    +--------+---------+----------+------------+
    |ap_clk  |  5.00 ns|  2.831 ns|     1.35 ns|
    +--------+---------+----------+------------+

+ Latency: 
    * Summary: 
    +---------+---------+-----------+-----------+-----+-----+---------+
    |  Latency (cycles) |   Latency (absolute)  |  Interval | Pipeline|
    |   min   |   max   |    min    |    max    | min | max |   Type  |
    +---------+---------+-----------+-----------+-----+-----+---------+
    |        3|        3|  15.000 ns|  15.000 ns|    1|    1|      yes|
    +---------+---------+-----------+-----------+-----+-----+---------+

    + Detail: 
        * Instance: 
        +-----------------------------------------------------------------------------------+------------------------------------------------------------------+---------+---------+----------+----------+-----+-----+---------+
        |                                                                                   |                                                                  |  Latency (cycles) |  Latency (absolute) |  Interval | Pipeline|
        |                                      Instance                                     |                              Module                              |   min   |   max   |    min   |    max   | min | max |   Type  |
        +-----------------------------------------------------------------------------------+------------------------------------------------------------------+---------+---------+----------+----------+-----+-----+---------+
        |call_ret1_dense_latency_ap_fixed_8_5_0_3_0_ap_fixed_13_10_5_3_0_config3_s_fu_89    |dense_latency_ap_fixed_8_5_0_3_0_ap_fixed_13_10_5_3_0_config3_s   |        0|        0|      0 ns|      0 ns|    1|    1|      yes|
        |call_ret_relu_ap_fixed_13_10_5_3_0_ap_ufixed_7_5_0_3_0_relu_config4_s_fu_95        |relu_ap_fixed_13_10_5_3_0_ap_ufixed_7_5_0_3_0_relu_config4_s      |        0|        0|      0 ns|      0 ns|    1|    1|      yes|
        |call_ret2_dense_latency_ap_ufixed_7_5_0_3_0_ap_fixed_10_9_5_3_0_config6_s_fu_104   |dense_latency_ap_ufixed_7_5_0_3_0_ap_fixed_10_9_5_3_0_config6_s   |        0|        0|      0 ns|      0 ns|    1|    1|      yes|
        |call_ret3_relu_ap_fixed_10_9_5_3_0_ap_ufixed_8_6_0_3_0_relu_config7_s_fu_113       |relu_ap_fixed_10_9_5_3_0_ap_ufixed_8_6_0_3_0_relu_config7_s       |        0|        0|      0 ns|      0 ns|    1|    1|      yes|
        |call_ret4_dense_latency_ap_ufixed_8_6_0_3_0_ap_fixed_12_9_5_3_0_config9_s_fu_120   |dense_latency_ap_ufixed_8_6_0_3_0_ap_fixed_12_9_5_3_0_config9_s   |        0|        0|      0 ns|      0 ns|    1|    1|      yes|
        |call_ret5_relu_ap_fixed_12_9_5_3_0_ap_ufixed_8_6_0_3_0_relu_config10_s_fu_127      |relu_ap_fixed_12_9_5_3_0_ap_ufixed_8_6_0_3_0_relu_config10_s      |        0|        0|      0 ns|      0 ns|    1|    1|      yes|
        |call_ret6_dense_latency_ap_ufixed_8_6_0_3_0_ap_fixed_14_8_5_3_0_config12_s_fu_135  |dense_latency_ap_ufixed_8_6_0_3_0_ap_fixed_14_8_5_3_0_config12_s  |        0|        0|      0 ns|      0 ns|    1|    1|      yes|
        +-----------------------------------------------------------------------------------+------------------------------------------------------------------+---------+---------+----------+----------+-----+-----+---------+

        * Loop: 
        N/A

============================================================
+ Verbose Summary: Synthesis Manager
============================================================
InlineROM: 1
ExposeGlobal: 0
============================================================
+ Verbose Summary: CDFG Model
============================================================
IsTopModel: 1
ResetActiveHigh: 1
IsCombinational: 0
IsDatapathOnly: 0
HasWiredReturn: 1
HasMFsm: 2
HasVarLatency: 0
IsPipeline: 1
IsRtlPipelined: 1
IsInstanceOverlapped: 0
IsDontTouch: 0
HasImplIP: 0
IsGatedGlobalClock: 0

+ Individual pipeline summary: 
  * Pipeline-0: initiation interval (II) = 1, depth = 4


============================================================
+ Verbose Summary: Schedule
============================================================
* Number of FSM states : 4
* Pipeline : 1
  Pipeline-0 : II = 1, D = 4, States = { 1 2 3 4 }
* Dataflow Pipeline: 0

* FSM state transitions: 
1 --> 2 
2 --> 3 
3 --> 4 
4 --> 

* FSM state operations: 

State 1 <SV = 0> <Delay = 2.83>
ST_1 : Operation 5 [1/1] (0.00ns)   --->   "%input_layer_read = read i128 @_ssdm_op_Read.ap_vld.i128P0A, i128 %input_layer"   --->   Operation 5 'read' 'input_layer_read' <Predicate = true> <Delay = 0.00>
ST_1 : Operation 6 [1/1] (1.65ns)   --->   "%call_ret1 = call i65 @dense_latency<ap_fixed<8, 5, 0, 3, 0>, ap_fixed<13, 10, 5, 3, 0>, config3>, i128 %input_layer_read" [firmware/myproject.cpp:38]   --->   Operation 6 'call' 'call_ret1' <Predicate = true> <Delay = 1.65> <CoreType = "Generic">   --->   Generic Core
ST_1 : Operation 7 [1/1] (0.00ns)   --->   "%layer3_out = extractvalue i65 %call_ret1" [firmware/myproject.cpp:38]   --->   Operation 7 'extractvalue' 'layer3_out' <Predicate = true> <Delay = 0.00>
ST_1 : Operation 8 [1/1] (0.00ns)   --->   "%layer3_out_1 = extractvalue i65 %call_ret1" [firmware/myproject.cpp:38]   --->   Operation 8 'extractvalue' 'layer3_out_1' <Predicate = true> <Delay = 0.00>
ST_1 : Operation 9 [1/1] (0.00ns)   --->   "%layer3_out_2 = extractvalue i65 %call_ret1" [firmware/myproject.cpp:38]   --->   Operation 9 'extractvalue' 'layer3_out_2' <Predicate = true> <Delay = 0.00>
ST_1 : Operation 10 [1/1] (0.00ns)   --->   "%layer3_out_3 = extractvalue i65 %call_ret1" [firmware/myproject.cpp:38]   --->   Operation 10 'extractvalue' 'layer3_out_3' <Predicate = true> <Delay = 0.00>
ST_1 : Operation 11 [1/1] (0.00ns)   --->   "%layer3_out_4 = extractvalue i65 %call_ret1" [firmware/myproject.cpp:38]   --->   Operation 11 'extractvalue' 'layer3_out_4' <Predicate = true> <Delay = 0.00>
ST_1 : Operation 12 [1/1] (1.18ns)   --->   "%call_ret = call i35 @relu<ap_fixed<13, 10, 5, 3, 0>, ap_ufixed<7, 5, 0, 3, 0>, relu_config4>, i13 %layer3_out, i13 %layer3_out_1, i13 %layer3_out_2, i13 %layer3_out_3, i13 %layer3_out_4" [firmware/myproject.cpp:41]   --->   Operation 12 'call' 'call_ret' <Predicate = true> <Delay = 1.18> <CoreType = "Generic">   --->   Generic Core
ST_1 : Operation 13 [1/1] (0.00ns)   --->   "%layer4_out = extractvalue i35 %call_ret" [firmware/myproject.cpp:41]   --->   Operation 13 'extractvalue' 'layer4_out' <Predicate = true> <Delay = 0.00>
ST_1 : Operation 14 [1/1] (0.00ns)   --->   "%layer4_out_1 = extractvalue i35 %call_ret" [firmware/myproject.cpp:41]   --->   Operation 14 'extractvalue' 'layer4_out_1' <Predicate = true> <Delay = 0.00>
ST_1 : Operation 15 [1/1] (0.00ns)   --->   "%layer4_out_2 = extractvalue i35 %call_ret" [firmware/myproject.cpp:41]   --->   Operation 15 'extractvalue' 'layer4_out_2' <Predicate = true> <Delay = 0.00>
ST_1 : Operation 16 [1/1] (0.00ns)   --->   "%layer4_out_3 = extractvalue i35 %call_ret" [firmware/myproject.cpp:41]   --->   Operation 16 'extractvalue' 'layer4_out_3' <Predicate = true> <Delay = 0.00>
ST_1 : Operation 17 [1/1] (0.00ns)   --->   "%layer4_out_4 = extractvalue i35 %call_ret" [firmware/myproject.cpp:41]   --->   Operation 17 'extractvalue' 'layer4_out_4' <Predicate = true> <Delay = 0.00>

State 2 <SV = 1> <Delay = 2.73>
ST_2 : Operation 18 [1/1] (1.55ns)   --->   "%call_ret2 = call i30 @dense_latency<ap_ufixed<7, 5, 0, 3, 0>, ap_fixed<10, 9, 5, 3, 0>, config6>, i7 %layer4_out, i7 %layer4_out_1, i7 %layer4_out_2, i7 %layer4_out_3, i7 %layer4_out_4" [firmware/myproject.cpp:44]   --->   Operation 18 'call' 'call_ret2' <Predicate = true> <Delay = 1.55> <CoreType = "Generic">   --->   Generic Core
ST_2 : Operation 19 [1/1] (0.00ns)   --->   "%layer6_out = extractvalue i30 %call_ret2" [firmware/myproject.cpp:44]   --->   Operation 19 'extractvalue' 'layer6_out' <Predicate = true> <Delay = 0.00>
ST_2 : Operation 20 [1/1] (0.00ns)   --->   "%layer6_out_1 = extractvalue i30 %call_ret2" [firmware/myproject.cpp:44]   --->   Operation 20 'extractvalue' 'layer6_out_1' <Predicate = true> <Delay = 0.00>
ST_2 : Operation 21 [1/1] (0.00ns)   --->   "%layer6_out_2 = extractvalue i30 %call_ret2" [firmware/myproject.cpp:44]   --->   Operation 21 'extractvalue' 'layer6_out_2' <Predicate = true> <Delay = 0.00>
ST_2 : Operation 22 [1/1] (1.18ns)   --->   "%call_ret3 = call i24 @relu<ap_fixed<10, 9, 5, 3, 0>, ap_ufixed<8, 6, 0, 3, 0>, relu_config7>, i10 %layer6_out, i10 %layer6_out_1, i10 %layer6_out_2" [firmware/myproject.cpp:47]   --->   Operation 22 'call' 'call_ret3' <Predicate = true> <Delay = 1.18> <CoreType = "Generic">   --->   Generic Core
ST_2 : Operation 23 [1/1] (0.00ns)   --->   "%layer7_out = extractvalue i24 %call_ret3" [firmware/myproject.cpp:47]   --->   Operation 23 'extractvalue' 'layer7_out' <Predicate = true> <Delay = 0.00>
ST_2 : Operation 24 [1/1] (0.00ns)   --->   "%layer7_out_1 = extractvalue i24 %call_ret3" [firmware/myproject.cpp:47]   --->   Operation 24 'extractvalue' 'layer7_out_1' <Predicate = true> <Delay = 0.00>
ST_2 : Operation 25 [1/1] (0.00ns)   --->   "%layer7_out_2 = extractvalue i24 %call_ret3" [firmware/myproject.cpp:47]   --->   Operation 25 'extractvalue' 'layer7_out_2' <Predicate = true> <Delay = 0.00>

State 3 <SV = 2> <Delay = 2.78>
ST_3 : Operation 26 [1/1] (1.58ns)   --->   "%call_ret4 = call i48 @dense_latency<ap_ufixed<8, 6, 0, 3, 0>, ap_fixed<12, 9, 5, 3, 0>, config9>, i8 %layer7_out, i8 %layer7_out_1, i8 %layer7_out_2" [firmware/myproject.cpp:50]   --->   Operation 26 'call' 'call_ret4' <Predicate = true> <Delay = 1.58> <CoreType = "Generic">   --->   Generic Core
ST_3 : Operation 27 [1/1] (0.00ns)   --->   "%layer9_out = extractvalue i48 %call_ret4" [firmware/myproject.cpp:50]   --->   Operation 27 'extractvalue' 'layer9_out' <Predicate = true> <Delay = 0.00>
ST_3 : Operation 28 [1/1] (0.00ns)   --->   "%layer9_out_1 = extractvalue i48 %call_ret4" [firmware/myproject.cpp:50]   --->   Operation 28 'extractvalue' 'layer9_out_1' <Predicate = true> <Delay = 0.00>
ST_3 : Operation 29 [1/1] (0.00ns)   --->   "%layer9_out_2 = extractvalue i48 %call_ret4" [firmware/myproject.cpp:50]   --->   Operation 29 'extractvalue' 'layer9_out_2' <Predicate = true> <Delay = 0.00>
ST_3 : Operation 30 [1/1] (0.00ns)   --->   "%layer9_out_3 = extractvalue i48 %call_ret4" [firmware/myproject.cpp:50]   --->   Operation 30 'extractvalue' 'layer9_out_3' <Predicate = true> <Delay = 0.00>
ST_3 : Operation 31 [1/1] (1.20ns)   --->   "%call_ret5 = call i32 @relu<ap_fixed<12, 9, 5, 3, 0>, ap_ufixed<8, 6, 0, 3, 0>, relu_config10>, i12 %layer9_out, i12 %layer9_out_1, i12 %layer9_out_2, i12 %layer9_out_3" [firmware/myproject.cpp:53]   --->   Operation 31 'call' 'call_ret5' <Predicate = true> <Delay = 1.20> <CoreType = "Generic">   --->   Generic Core
ST_3 : Operation 32 [1/1] (0.00ns)   --->   "%layer10_out = extractvalue i32 %call_ret5" [firmware/myproject.cpp:53]   --->   Operation 32 'extractvalue' 'layer10_out' <Predicate = true> <Delay = 0.00>
ST_3 : Operation 33 [1/1] (0.00ns)   --->   "%layer10_out_1 = extractvalue i32 %call_ret5" [firmware/myproject.cpp:53]   --->   Operation 33 'extractvalue' 'layer10_out_1' <Predicate = true> <Delay = 0.00>
ST_3 : Operation 34 [1/1] (0.00ns)   --->   "%layer10_out_2 = extractvalue i32 %call_ret5" [firmware/myproject.cpp:53]   --->   Operation 34 'extractvalue' 'layer10_out_2' <Predicate = true> <Delay = 0.00>
ST_3 : Operation 35 [1/1] (0.00ns)   --->   "%layer10_out_3 = extractvalue i32 %call_ret5" [firmware/myproject.cpp:53]   --->   Operation 35 'extractvalue' 'layer10_out_3' <Predicate = true> <Delay = 0.00>

State 4 <SV = 3> <Delay = 1.65>
ST_4 : Operation 36 [1/1] (0.00ns)   --->   "%specpipeline_ln0 = specpipeline void @_ssdm_op_SpecPipeline, i32 4294967295, i32 0, i32 0, i32 0, i32 4294967295, void @empty_0"   --->   Operation 36 'specpipeline' 'specpipeline_ln0' <Predicate = true> <Delay = 0.00>
ST_4 : Operation 37 [1/1] (0.00ns)   --->   "%spectopmodule_ln0 = spectopmodule void @_ssdm_op_SpecTopModule, void @empty_2"   --->   Operation 37 'spectopmodule' 'spectopmodule_ln0' <Predicate = true> <Delay = 0.00>
ST_4 : Operation 38 [1/1] (0.00ns)   --->   "%specbitsmap_ln0 = specbitsmap void @_ssdm_op_SpecBitsMap, i128 %input_layer"   --->   Operation 38 'specbitsmap' 'specbitsmap_ln0' <Predicate = true> <Delay = 0.00>
ST_4 : Operation 39 [1/1] (0.00ns)   --->   "%specinterface_ln0 = specinterface void @_ssdm_op_SpecInterface, i128 %input_layer, void @empty, i32 4294967295, i32 4294967295, void @empty_0, i32 0, i32 0, void @empty_0, void @empty_0, void @empty_0, i32 0, i32 0, i32 0, i32 0, void @empty_0, void @empty_0, i32 4294967295, i32 0, i32 0, i32 0"   --->   Operation 39 'specinterface' 'specinterface_ln0' <Predicate = true> <Delay = 0.00>
ST_4 : Operation 40 [1/1] (0.00ns)   --->   "%specbitsmap_ln0 = specbitsmap void @_ssdm_op_SpecBitsMap, i14 %layer12_out_0"   --->   Operation 40 'specbitsmap' 'specbitsmap_ln0' <Predicate = true> <Delay = 0.00>
ST_4 : Operation 41 [1/1] (0.00ns)   --->   "%specinterface_ln0 = specinterface void @_ssdm_op_SpecInterface, i14 %layer12_out_0, void @empty, i32 4294967295, i32 4294967295, void @empty_0, i32 0, i32 0, void @empty_0, void @empty_0, void @empty_0, i32 0, i32 0, i32 0, i32 0, void @empty_0, void @empty_0, i32 4294967295, i32 0, i32 0, i32 0"   --->   Operation 41 'specinterface' 'specinterface_ln0' <Predicate = true> <Delay = 0.00>
ST_4 : Operation 42 [1/1] (0.00ns)   --->   "%specbitsmap_ln0 = specbitsmap void @_ssdm_op_SpecBitsMap, i14 %layer12_out_1"   --->   Operation 42 'specbitsmap' 'specbitsmap_ln0' <Predicate = true> <Delay = 0.00>
ST_4 : Operation 43 [1/1] (0.00ns)   --->   "%specinterface_ln0 = specinterface void @_ssdm_op_SpecInterface, i14 %layer12_out_1, void @empty, i32 4294967295, i32 4294967295, void @empty_0, i32 0, i32 0, void @empty_0, void @empty_0, void @empty_0, i32 0, i32 0, i32 0, i32 0, void @empty_0, void @empty_0, i32 4294967295, i32 0, i32 0, i32 0"   --->   Operation 43 'specinterface' 'specinterface_ln0' <Predicate = true> <Delay = 0.00>
ST_4 : Operation 44 [1/1] (0.00ns)   --->   "%specbitsmap_ln0 = specbitsmap void @_ssdm_op_SpecBitsMap, i14 %layer12_out_2"   --->   Operation 44 'specbitsmap' 'specbitsmap_ln0' <Predicate = true> <Delay = 0.00>
ST_4 : Operation 45 [1/1] (0.00ns)   --->   "%specinterface_ln0 = specinterface void @_ssdm_op_SpecInterface, i14 %layer12_out_2, void @empty, i32 4294967295, i32 4294967295, void @empty_0, i32 0, i32 0, void @empty_0, void @empty_0, void @empty_0, i32 0, i32 0, i32 0, i32 0, void @empty_0, void @empty_0, i32 4294967295, i32 0, i32 0, i32 0"   --->   Operation 45 'specinterface' 'specinterface_ln0' <Predicate = true> <Delay = 0.00>
ST_4 : Operation 46 [1/1] (0.00ns)   --->   "%specbitsmap_ln0 = specbitsmap void @_ssdm_op_SpecBitsMap, i14 %layer12_out_3"   --->   Operation 46 'specbitsmap' 'specbitsmap_ln0' <Predicate = true> <Delay = 0.00>
ST_4 : Operation 47 [1/1] (0.00ns)   --->   "%specinterface_ln0 = specinterface void @_ssdm_op_SpecInterface, i14 %layer12_out_3, void @empty, i32 4294967295, i32 4294967295, void @empty_0, i32 0, i32 0, void @empty_0, void @empty_0, void @empty_0, i32 0, i32 0, i32 0, i32 0, void @empty_0, void @empty_0, i32 4294967295, i32 0, i32 0, i32 0"   --->   Operation 47 'specinterface' 'specinterface_ln0' <Predicate = true> <Delay = 0.00>
ST_4 : Operation 48 [1/1] (0.00ns)   --->   "%specbitsmap_ln0 = specbitsmap void @_ssdm_op_SpecBitsMap, i14 %layer12_out_4"   --->   Operation 48 'specbitsmap' 'specbitsmap_ln0' <Predicate = true> <Delay = 0.00>
ST_4 : Operation 49 [1/1] (0.00ns)   --->   "%specinterface_ln0 = specinterface void @_ssdm_op_SpecInterface, i14 %layer12_out_4, void @empty, i32 4294967295, i32 4294967295, void @empty_0, i32 0, i32 0, void @empty_0, void @empty_0, void @empty_0, i32 0, i32 0, i32 0, i32 0, void @empty_0, void @empty_0, i32 4294967295, i32 0, i32 0, i32 0"   --->   Operation 49 'specinterface' 'specinterface_ln0' <Predicate = true> <Delay = 0.00>
ST_4 : Operation 50 [1/1] (1.65ns)   --->   "%call_ret6 = call i70 @dense_latency<ap_ufixed<8, 6, 0, 3, 0>, ap_fixed<14, 8, 5, 3, 0>, config12>, i8 %layer10_out, i8 %layer10_out_1, i8 %layer10_out_2, i8 %layer10_out_3" [firmware/nnet_utils/nnet_dense.h:54->firmware/nnet_utils/nnet_dense.h:45->firmware/myproject.cpp:68]   --->   Operation 50 'call' 'call_ret6' <Predicate = true> <Delay = 1.65> <CoreType = "Generic">   --->   Generic Core
ST_4 : Operation 51 [1/1] (0.00ns)   --->   "%layer12_out_0_ret = extractvalue i70 %call_ret6" [firmware/nnet_utils/nnet_dense.h:54->firmware/nnet_utils/nnet_dense.h:45->firmware/myproject.cpp:68]   --->   Operation 51 'extractvalue' 'layer12_out_0_ret' <Predicate = true> <Delay = 0.00>
ST_4 : Operation 52 [1/1] (0.00ns)   --->   "%write_ln54 = write void @_ssdm_op_Write.ap_vld.i14P0A, i14 %layer12_out_0, i14 %layer12_out_0_ret" [firmware/nnet_utils/nnet_dense.h:54->firmware/nnet_utils/nnet_dense.h:45->firmware/myproject.cpp:68]   --->   Operation 52 'write' 'write_ln54' <Predicate = true> <Delay = 0.00>
ST_4 : Operation 53 [1/1] (0.00ns)   --->   "%layer12_out_1_ret = extractvalue i70 %call_ret6" [firmware/nnet_utils/nnet_dense.h:54->firmware/nnet_utils/nnet_dense.h:45->firmware/myproject.cpp:68]   --->   Operation 53 'extractvalue' 'layer12_out_1_ret' <Predicate = true> <Delay = 0.00>
ST_4 : Operation 54 [1/1] (0.00ns)   --->   "%write_ln54 = write void @_ssdm_op_Write.ap_vld.i14P0A, i14 %layer12_out_1, i14 %layer12_out_1_ret" [firmware/nnet_utils/nnet_dense.h:54->firmware/nnet_utils/nnet_dense.h:45->firmware/myproject.cpp:68]   --->   Operation 54 'write' 'write_ln54' <Predicate = true> <Delay = 0.00>
ST_4 : Operation 55 [1/1] (0.00ns)   --->   "%layer12_out_2_ret = extractvalue i70 %call_ret6" [firmware/nnet_utils/nnet_dense.h:54->firmware/nnet_utils/nnet_dense.h:45->firmware/myproject.cpp:68]   --->   Operation 55 'extractvalue' 'layer12_out_2_ret' <Predicate = true> <Delay = 0.00>
ST_4 : Operation 56 [1/1] (0.00ns)   --->   "%write_ln54 = write void @_ssdm_op_Write.ap_vld.i14P0A, i14 %layer12_out_2, i14 %layer12_out_2_ret" [firmware/nnet_utils/nnet_dense.h:54->firmware/nnet_utils/nnet_dense.h:45->firmware/myproject.cpp:68]   --->   Operation 56 'write' 'write_ln54' <Predicate = true> <Delay = 0.00>
ST_4 : Operation 57 [1/1] (0.00ns)   --->   "%layer12_out_3_ret = extractvalue i70 %call_ret6" [firmware/nnet_utils/nnet_dense.h:54->firmware/nnet_utils/nnet_dense.h:45->firmware/myproject.cpp:68]   --->   Operation 57 'extractvalue' 'layer12_out_3_ret' <Predicate = true> <Delay = 0.00>
ST_4 : Operation 58 [1/1] (0.00ns)   --->   "%write_ln54 = write void @_ssdm_op_Write.ap_vld.i14P0A, i14 %layer12_out_3, i14 %layer12_out_3_ret" [firmware/nnet_utils/nnet_dense.h:54->firmware/nnet_utils/nnet_dense.h:45->firmware/myproject.cpp:68]   --->   Operation 58 'write' 'write_ln54' <Predicate = true> <Delay = 0.00>
ST_4 : Operation 59 [1/1] (0.00ns)   --->   "%layer12_out_4_ret = extractvalue i70 %call_ret6" [firmware/nnet_utils/nnet_dense.h:54->firmware/nnet_utils/nnet_dense.h:45->firmware/myproject.cpp:68]   --->   Operation 59 'extractvalue' 'layer12_out_4_ret' <Predicate = true> <Delay = 0.00>
ST_4 : Operation 60 [1/1] (0.00ns)   --->   "%write_ln54 = write void @_ssdm_op_Write.ap_vld.i14P0A, i14 %layer12_out_4, i14 %layer12_out_4_ret" [firmware/nnet_utils/nnet_dense.h:54->firmware/nnet_utils/nnet_dense.h:45->firmware/myproject.cpp:68]   --->   Operation 60 'write' 'write_ln54' <Predicate = true> <Delay = 0.00>
ST_4 : Operation 61 [1/1] (0.00ns)   --->   "%ret_ln70 = ret" [firmware/myproject.cpp:70]   --->   Operation 61 'ret' 'ret_ln70' <Predicate = true> <Delay = 0.00>


============================================================
+ Verbose Summary: Binding
============================================================
STG Binding: 
---------------- STG Properties BEGIN ----------------
- Is combinational: 0
- Is one-state seq: 0
- Is datapath-only: 0
- Is pipelined: 1
- Is top level: 1
Port [ Return ] is wired: 1; IO mode=ap_ctrl_hs:ce=0
Port [ input_layer]:  wired=1; compound=0; hidden=0; nouse=0; global=0; static=0; extern=0; dir=0; type=0; pingpong=0; private_global=0; IO mode=ap_vld:ce=0
Port [ layer12_out_0]:  wired=1; compound=0; hidden=0; nouse=0; global=0; static=0; extern=0; dir=1; type=0; pingpong=0; private_global=0; IO mode=ap_vld:ce=0
Port [ layer12_out_1]:  wired=1; compound=0; hidden=0; nouse=0; global=0; static=0; extern=0; dir=1; type=0; pingpong=0; private_global=0; IO mode=ap_vld:ce=0
Port [ layer12_out_2]:  wired=1; compound=0; hidden=0; nouse=0; global=0; static=0; extern=0; dir=1; type=0; pingpong=0; private_global=0; IO mode=ap_vld:ce=0
Port [ layer12_out_3]:  wired=1; compound=0; hidden=0; nouse=0; global=0; static=0; extern=0; dir=1; type=0; pingpong=0; private_global=0; IO mode=ap_vld:ce=0
Port [ layer12_out_4]:  wired=1; compound=0; hidden=0; nouse=0; global=0; static=0; extern=0; dir=1; type=0; pingpong=0; private_global=0; IO mode=ap_vld:ce=0
---------------- STG Properties END ------------------

---------------- Datapath Model BEGIN ----------------

<LifeTime>
<method=bitvector/>
input_layer_read  (read         ) [ 00000]
call_ret1         (call         ) [ 00000]
layer3_out        (extractvalue ) [ 00000]
layer3_out_1      (extractvalue ) [ 00000]
layer3_out_2      (extractvalue ) [ 00000]
layer3_out_3      (extractvalue ) [ 00000]
layer3_out_4      (extractvalue ) [ 00000]
call_ret          (call         ) [ 00000]
layer4_out        (extractvalue ) [ 01100]
layer4_out_1      (extractvalue ) [ 01100]
layer4_out_2      (extractvalue ) [ 01100]
layer4_out_3      (extractvalue ) [ 01100]
layer4_out_4      (extractvalue ) [ 01100]
call_ret2         (call         ) [ 00000]
layer6_out        (extractvalue ) [ 00000]
layer6_out_1      (extractvalue ) [ 00000]
layer6_out_2      (extractvalue ) [ 00000]
call_ret3         (call         ) [ 00000]
layer7_out        (extractvalue ) [ 01010]
layer7_out_1      (extractvalue ) [ 01010]
layer7_out_2      (extractvalue ) [ 01010]
call_ret4         (call         ) [ 00000]
layer9_out        (extractvalue ) [ 00000]
layer9_out_1      (extractvalue ) [ 00000]
layer9_out_2      (extractvalue ) [ 00000]
layer9_out_3      (extractvalue ) [ 00000]
call_ret5         (call         ) [ 00000]
layer10_out       (extractvalue ) [ 01001]
layer10_out_1     (extractvalue ) [ 01001]
layer10_out_2     (extractvalue ) [ 01001]
layer10_out_3     (extractvalue ) [ 01001]
specpipeline_ln0  (specpipeline ) [ 00000]
spectopmodule_ln0 (spectopmodule) [ 00000]
specbitsmap_ln0   (specbitsmap  ) [ 00000]
specinterface_ln0 (specinterface) [ 00000]
specbitsmap_ln0   (specbitsmap  ) [ 00000]
specinterface_ln0 (specinterface) [ 00000]
specbitsmap_ln0   (specbitsmap  ) [ 00000]
specinterface_ln0 (specinterface) [ 00000]
specbitsmap_ln0   (specbitsmap  ) [ 00000]
specinterface_ln0 (specinterface) [ 00000]
specbitsmap_ln0   (specbitsmap  ) [ 00000]
specinterface_ln0 (specinterface) [ 00000]
specbitsmap_ln0   (specbitsmap  ) [ 00000]
specinterface_ln0 (specinterface) [ 00000]
call_ret6         (call         ) [ 00000]
layer12_out_0_ret (extractvalue ) [ 00000]
write_ln54        (write        ) [ 00000]
layer12_out_1_ret (extractvalue ) [ 00000]
write_ln54        (write        ) [ 00000]
layer12_out_2_ret (extractvalue ) [ 00000]
write_ln54        (write        ) [ 00000]
layer12_out_3_ret (extractvalue ) [ 00000]
write_ln54        (write        ) [ 00000]
layer12_out_4_ret (extractvalue ) [ 00000]
write_ln54        (write        ) [ 00000]
ret_ln70          (ret          ) [ 00000]
</LifeTime>

<model>

<comp_list>
<comp id="0" class="1000" name="input_layer">
<pin_list>
<pin id="1" dir="1" index="0" bw="1" slack="0"/>
</pin_list>
<bind>
<StgValue><ssdm name="input_layer"/></StgValue>
</bind>
</comp>

<comp id="2" class="1000" name="layer12_out_0">
<pin_list>
<pin id="3" dir="1" index="0" bw="1" slack="0"/>
</pin_list>
<bind>
<StgValue><ssdm name="layer12_out_0"/></StgValue>
</bind>
</comp>

<comp id="4" class="1000" name="layer12_out_1">
<pin_list>
<pin id="5" dir="1" index="0" bw="1" slack="0"/>
</pin_list>
<bind>
<StgValue><ssdm name="layer12_out_1"/></StgValue>
</bind>
</comp>

<comp id="6" class="1000" name="layer12_out_2">
<pin_list>
<pin id="7" dir="1" index="0" bw="1" slack="0"/>
</pin_list>
<bind>
<StgValue><ssdm name="layer12_out_2"/></StgValue>
</bind>
</comp>

<comp id="8" class="1000" name="layer12_out_3">
<pin_list>
<pin id="9" dir="1" index="0" bw="1" slack="0"/>
</pin_list>
<bind>
<StgValue><ssdm name="layer12_out_3"/></StgValue>
</bind>
</comp>

<comp id="10" class="1000" name="layer12_out_4">
<pin_list>
<pin id="11" dir="1" index="0" bw="1" slack="0"/>
</pin_list>
<bind>
<StgValue><ssdm name="layer12_out_4"/></StgValue>
</bind>
</comp>

<comp id="12" class="1001" name="const_12">
<pin_list>
<pin id="13" dir="1" index="0" bw="1" slack="0"/>
</pin_list>
<bind>
<StgValue><ssdm name="_ssdm_op_Read.ap_vld.i128P0A"/></StgValue>
</bind>
</comp>

<comp id="14" class="1001" name="const_14">
<pin_list>
<pin id="15" dir="1" index="0" bw="1" slack="0"/>
</pin_list>
<bind>
<StgValue><ssdm name="dense_latency<ap_fixed<8, 5, 0, 3, 0>, ap_fixed<13, 10, 5, 3, 0>, config3>"/></StgValue>
</bind>
</comp>

<comp id="16" class="1001" name="const_16">
<pin_list>
<pin id="17" dir="1" index="0" bw="1" slack="0"/>
</pin_list>
<bind>
<StgValue><ssdm name="relu<ap_fixed<13, 10, 5, 3, 0>, ap_ufixed<7, 5, 0, 3, 0>, relu_config4>"/></StgValue>
</bind>
</comp>

<comp id="18" class="1001" name="const_18">
<pin_list>
<pin id="19" dir="1" index="0" bw="1" slack="0"/>
</pin_list>
<bind>
<StgValue><ssdm name="dense_latency<ap_ufixed<7, 5, 0, 3, 0>, ap_fixed<10, 9, 5, 3, 0>, config6>"/></StgValue>
</bind>
</comp>

<comp id="20" class="1001" name="const_20">
<pin_list>
<pin id="21" dir="1" index="0" bw="1" slack="0"/>
</pin_list>
<bind>
<StgValue><ssdm name="relu<ap_fixed<10, 9, 5, 3, 0>, ap_ufixed<8, 6, 0, 3, 0>, relu_config7>"/></StgValue>
</bind>
</comp>

<comp id="22" class="1001" name="const_22">
<pin_list>
<pin id="23" dir="1" index="0" bw="1" slack="0"/>
</pin_list>
<bind>
<StgValue><ssdm name="dense_latency<ap_ufixed<8, 6, 0, 3, 0>, ap_fixed<12, 9, 5, 3, 0>, config9>"/></StgValue>
</bind>
</comp>

<comp id="24" class="1001" name="const_24">
<pin_list>
<pin id="25" dir="1" index="0" bw="1" slack="0"/>
</pin_list>
<bind>
<StgValue><ssdm name="relu<ap_fixed<12, 9, 5, 3, 0>, ap_ufixed<8, 6, 0, 3, 0>, relu_config10>"/></StgValue>
</bind>
</comp>

<comp id="26" class="1001" name="const_26">
<pin_list>
<pin id="27" dir="1" index="0" bw="1" slack="2147483647"/>
</pin_list>
<bind>
<StgValue><ssdm name="_ssdm_op_SpecPipeline"/></StgValue>
</bind>
</comp>

<comp id="28" class="1001" name="const_28">
<pin_list>
<pin id="29" dir="1" index="0" bw="1" slack="2147483647"/>
</pin_list>
<bind>
<StgValue><ssdm name=""/></StgValue>
</bind>
</comp>

<comp id="30" class="1001" name="const_30">
<pin_list>
<pin id="31" dir="1" index="0" bw="1" slack="2147483647"/>
</pin_list>
<bind>
<StgValue><ssdm name=""/></StgValue>
</bind>
</comp>

<comp id="32" class="1001" name="const_32">
<pin_list>
<pin id="33" dir="1" index="0" bw="1" slack="2147483647"/>
</pin_list>
<bind>
<StgValue><ssdm name="empty_0"/></StgValue>
</bind>
</comp>

<comp id="34" class="1001" name="const_34">
<pin_list>
<pin id="35" dir="1" index="0" bw="1" slack="2147483647"/>
</pin_list>
<bind>
<StgValue><ssdm name="_ssdm_op_SpecTopModule"/></StgValue>
</bind>
</comp>

<comp id="36" class="1001" name="const_36">
<pin_list>
<pin id="37" dir="1" index="0" bw="1" slack="2147483647"/>
</pin_list>
<bind>
<StgValue><ssdm name="empty_2"/></StgValue>
</bind>
</comp>

<comp id="38" class="1001" name="const_38">
<pin_list>
<pin id="39" dir="1" index="0" bw="1" slack="2147483647"/>
</pin_list>
<bind>
<StgValue><ssdm name="_ssdm_op_SpecBitsMap"/></StgValue>
</bind>
</comp>

<comp id="40" class="1001" name="const_40">
<pin_list>
<pin id="41" dir="1" index="0" bw="1" slack="2147483647"/>
</pin_list>
<bind>
<StgValue><ssdm name="_ssdm_op_SpecInterface"/></StgValue>
</bind>
</comp>

<comp id="42" class="1001" name="const_42">
<pin_list>
<pin id="43" dir="1" index="0" bw="1" slack="2147483647"/>
</pin_list>
<bind>
<StgValue><ssdm name="empty"/></StgValue>
</bind>
</comp>

<comp id="44" class="1001" name="const_44">
<pin_list>
<pin id="45" dir="1" index="0" bw="1" slack="0"/>
</pin_list>
<bind>
<StgValue><ssdm name="dense_latency<ap_ufixed<8, 6, 0, 3, 0>, ap_fixed<14, 8, 5, 3, 0>, config12>"/></StgValue>
</bind>
</comp>

<comp id="46" class="1001" name="const_46">
<pin_list>
<pin id="47" dir="1" index="0" bw="1" slack="0"/>
</pin_list>
<bind>
<StgValue><ssdm name="_ssdm_op_Write.ap_vld.i14P0A"/></StgValue>
</bind>
</comp>

<comp id="48" class="1004" name="input_layer_read_read_fu_48">
<pin_list>
<pin id="49" dir="0" index="0" bw="128" slack="0"/>
<pin id="50" dir="0" index="1" bw="128" slack="0"/>
<pin id="51" dir="1" index="2" bw="128" slack="0"/>
</pin_list>
<bind>
<opcode="read(1150) " fcode="read"/>
<opset="input_layer_read/1 "/>
</bind>
</comp>

<comp id="54" class="1004" name="write_ln54_write_fu_54">
<pin_list>
<pin id="55" dir="0" index="0" bw="0" slack="0"/>
<pin id="56" dir="0" index="1" bw="14" slack="0"/>
<pin id="57" dir="0" index="2" bw="14" slack="0"/>
<pin id="58" dir="1" index="3" bw="0" slack="2147483647"/>
</pin_list>
<bind>
<opcode="write(1151) " fcode="write"/>
<opset="write_ln54/4 "/>
</bind>
</comp>

<comp id="61" class="1004" name="write_ln54_write_fu_61">
<pin_list>
<pin id="62" dir="0" index="0" bw="0" slack="0"/>
<pin id="63" dir="0" index="1" bw="14" slack="0"/>
<pin id="64" dir="0" index="2" bw="14" slack="0"/>
<pin id="65" dir="1" index="3" bw="0" slack="2147483647"/>
</pin_list>
<bind>
<opcode="write(1151) " fcode="write"/>
<opset="write_ln54/4 "/>
</bind>
</comp>

<comp id="68" class="1004" name="write_ln54_write_fu_68">
<pin_list>
<pin id="69" dir="0" index="0" bw="0" slack="0"/>
<pin id="70" dir="0" index="1" bw="14" slack="0"/>
<pin id="71" dir="0" index="2" bw="14" slack="0"/>
<pin id="72" dir="1" index="3" bw="0" slack="2147483647"/>
</pin_list>
<bind>
<opcode="write(1151) " fcode="write"/>
<opset="write_ln54/4 "/>
</bind>
</comp>

<comp id="75" class="1004" name="write_ln54_write_fu_75">
<pin_list>
<pin id="76" dir="0" index="0" bw="0" slack="0"/>
<pin id="77" dir="0" index="1" bw="14" slack="0"/>
<pin id="78" dir="0" index="2" bw="14" slack="0"/>
<pin id="79" dir="1" index="3" bw="0" slack="2147483647"/>
</pin_list>
<bind>
<opcode="write(1151) " fcode="write"/>
<opset="write_ln54/4 "/>
</bind>
</comp>

<comp id="82" class="1004" name="write_ln54_write_fu_82">
<pin_list>
<pin id="83" dir="0" index="0" bw="0" slack="0"/>
<pin id="84" dir="0" index="1" bw="14" slack="0"/>
<pin id="85" dir="0" index="2" bw="14" slack="0"/>
<pin id="86" dir="1" index="3" bw="0" slack="2147483647"/>
</pin_list>
<bind>
<opcode="write(1151) " fcode="write"/>
<opset="write_ln54/4 "/>
</bind>
</comp>

<comp id="89" class="1004" name="call_ret1_dense_latency_ap_fixed_8_5_0_3_0_ap_fixed_13_10_5_3_0_config3_s_fu_89">
<pin_list>
<pin id="90" dir="0" index="0" bw="65" slack="0"/>
<pin id="91" dir="0" index="1" bw="128" slack="0"/>
<pin id="92" dir="1" index="2" bw="65" slack="0"/>
</pin_list>
<bind>
<opcode="call(48) " fcode="call"/>
<opset="call_ret1/1 "/>
</bind>
</comp>

<comp id="95" class="1004" name="call_ret_relu_ap_fixed_13_10_5_3_0_ap_ufixed_7_5_0_3_0_relu_config4_s_fu_95">
<pin_list>
<pin id="96" dir="0" index="0" bw="35" slack="0"/>
<pin id="97" dir="0" index="1" bw="13" slack="0"/>
<pin id="98" dir="0" index="2" bw="13" slack="0"/>
<pin id="99" dir="0" index="3" bw="13" slack="0"/>
<pin id="100" dir="0" index="4" bw="13" slack="0"/>
<pin id="101" dir="0" index="5" bw="13" slack="0"/>
<pin id="102" dir="1" index="6" bw="35" slack="0"/>
</pin_list>
<bind>
<opcode="call(48) " fcode="call"/>
<opset="call_ret/1 "/>
</bind>
</comp>

<comp id="104" class="1004" name="call_ret2_dense_latency_ap_ufixed_7_5_0_3_0_ap_fixed_10_9_5_3_0_config6_s_fu_104">
<pin_list>
<pin id="105" dir="0" index="0" bw="30" slack="0"/>
<pin id="106" dir="0" index="1" bw="7" slack="1"/>
<pin id="107" dir="0" index="2" bw="7" slack="1"/>
<pin id="108" dir="0" index="3" bw="7" slack="1"/>
<pin id="109" dir="0" index="4" bw="7" slack="1"/>
<pin id="110" dir="0" index="5" bw="7" slack="1"/>
<pin id="111" dir="1" index="6" bw="30" slack="0"/>
</pin_list>
<bind>
<opcode="call(48) " fcode="call"/>
<opset="call_ret2/2 "/>
</bind>
</comp>

<comp id="113" class="1004" name="call_ret3_relu_ap_fixed_10_9_5_3_0_ap_ufixed_8_6_0_3_0_relu_config7_s_fu_113">
<pin_list>
<pin id="114" dir="0" index="0" bw="24" slack="0"/>
<pin id="115" dir="0" index="1" bw="10" slack="0"/>
<pin id="116" dir="0" index="2" bw="10" slack="0"/>
<pin id="117" dir="0" index="3" bw="10" slack="0"/>
<pin id="118" dir="1" index="4" bw="24" slack="0"/>
</pin_list>
<bind>
<opcode="call(48) " fcode="call"/>
<opset="call_ret3/2 "/>
</bind>
</comp>

<comp id="120" class="1004" name="call_ret4_dense_latency_ap_ufixed_8_6_0_3_0_ap_fixed_12_9_5_3_0_config9_s_fu_120">
<pin_list>
<pin id="121" dir="0" index="0" bw="48" slack="0"/>
<pin id="122" dir="0" index="1" bw="8" slack="1"/>
<pin id="123" dir="0" index="2" bw="8" slack="1"/>
<pin id="124" dir="0" index="3" bw="8" slack="1"/>
<pin id="125" dir="1" index="4" bw="48" slack="0"/>
</pin_list>
<bind>
<opcode="call(48) " fcode="call"/>
<opset="call_ret4/3 "/>
</bind>
</comp>

<comp id="127" class="1004" name="call_ret5_relu_ap_fixed_12_9_5_3_0_ap_ufixed_8_6_0_3_0_relu_config10_s_fu_127">
<pin_list>
<pin id="128" dir="0" index="0" bw="32" slack="0"/>
<pin id="129" dir="0" index="1" bw="12" slack="0"/>
<pin id="130" dir="0" index="2" bw="12" slack="0"/>
<pin id="131" dir="0" index="3" bw="12" slack="0"/>
<pin id="132" dir="0" index="4" bw="12" slack="0"/>
<pin id="133" dir="1" index="5" bw="32" slack="0"/>
</pin_list>
<bind>
<opcode="call(48) " fcode="call"/>
<opset="call_ret5/3 "/>
</bind>
</comp>

<comp id="135" class="1004" name="call_ret6_dense_latency_ap_ufixed_8_6_0_3_0_ap_fixed_14_8_5_3_0_config12_s_fu_135">
<pin_list>
<pin id="136" dir="0" index="0" bw="70" slack="0"/>
<pin id="137" dir="0" index="1" bw="8" slack="1"/>
<pin id="138" dir="0" index="2" bw="8" slack="1"/>
<pin id="139" dir="0" index="3" bw="8" slack="1"/>
<pin id="140" dir="0" index="4" bw="8" slack="1"/>
<pin id="141" dir="1" index="5" bw="70" slack="0"/>
</pin_list>
<bind>
<opcode="call(48) " fcode="call"/>
<opset="call_ret6/4 "/>
</bind>
</comp>

<comp id="143" class="1004" name="layer3_out_fu_143">
<pin_list>
<pin id="144" dir="0" index="0" bw="65" slack="0"/>
<pin id="145" dir="1" index="1" bw="13" slack="0"/>
</pin_list>
<bind>
<opcode="extractvalue(56) " fcode="extractvalue"/>
<opset="layer3_out/1 "/>
</bind>
</comp>

<comp id="148" class="1004" name="layer3_out_1_fu_148">
<pin_list>
<pin id="149" dir="0" index="0" bw="65" slack="0"/>
<pin id="150" dir="1" index="1" bw="13" slack="0"/>
</pin_list>
<bind>
<opcode="extractvalue(56) " fcode="extractvalue"/>
<opset="layer3_out_1/1 "/>
</bind>
</comp>

<comp id="153" class="1004" name="layer3_out_2_fu_153">
<pin_list>
<pin id="154" dir="0" index="0" bw="65" slack="0"/>
<pin id="155" dir="1" index="1" bw="13" slack="0"/>
</pin_list>
<bind>
<opcode="extractvalue(56) " fcode="extractvalue"/>
<opset="layer3_out_2/1 "/>
</bind>
</comp>

<comp id="158" class="1004" name="layer3_out_3_fu_158">
<pin_list>
<pin id="159" dir="0" index="0" bw="65" slack="0"/>
<pin id="160" dir="1" index="1" bw="13" slack="0"/>
</pin_list>
<bind>
<opcode="extractvalue(56) " fcode="extractvalue"/>
<opset="layer3_out_3/1 "/>
</bind>
</comp>

<comp id="163" class="1004" name="layer3_out_4_fu_163">
<pin_list>
<pin id="164" dir="0" index="0" bw="65" slack="0"/>
<pin id="165" dir="1" index="1" bw="13" slack="0"/>
</pin_list>
<bind>
<opcode="extractvalue(56) " fcode="extractvalue"/>
<opset="layer3_out_4/1 "/>
</bind>
</comp>

<comp id="168" class="1004" name="layer4_out_fu_168">
<pin_list>
<pin id="169" dir="0" index="0" bw="35" slack="0"/>
<pin id="170" dir="1" index="1" bw="7" slack="1"/>
</pin_list>
<bind>
<opcode="extractvalue(56) " fcode="extractvalue"/>
<opset="layer4_out/1 "/>
</bind>
</comp>

<comp id="172" class="1004" name="layer4_out_1_fu_172">
<pin_list>
<pin id="173" dir="0" index="0" bw="35" slack="0"/>
<pin id="174" dir="1" index="1" bw="7" slack="1"/>
</pin_list>
<bind>
<opcode="extractvalue(56) " fcode="extractvalue"/>
<opset="layer4_out_1/1 "/>
</bind>
</comp>

<comp id="176" class="1004" name="layer4_out_2_fu_176">
<pin_list>
<pin id="177" dir="0" index="0" bw="35" slack="0"/>
<pin id="178" dir="1" index="1" bw="7" slack="1"/>
</pin_list>
<bind>
<opcode="extractvalue(56) " fcode="extractvalue"/>
<opset="layer4_out_2/1 "/>
</bind>
</comp>

<comp id="180" class="1004" name="layer4_out_3_fu_180">
<pin_list>
<pin id="181" dir="0" index="0" bw="35" slack="0"/>
<pin id="182" dir="1" index="1" bw="7" slack="1"/>
</pin_list>
<bind>
<opcode="extractvalue(56) " fcode="extractvalue"/>
<opset="layer4_out_3/1 "/>
</bind>
</comp>

<comp id="184" class="1004" name="layer4_out_4_fu_184">
<pin_list>
<pin id="185" dir="0" index="0" bw="35" slack="0"/>
<pin id="186" dir="1" index="1" bw="7" slack="1"/>
</pin_list>
<bind>
<opcode="extractvalue(56) " fcode="extractvalue"/>
<opset="layer4_out_4/1 "/>
</bind>
</comp>

<comp id="188" class="1004" name="layer6_out_fu_188">
<pin_list>
<pin id="189" dir="0" index="0" bw="30" slack="0"/>
<pin id="190" dir="1" index="1" bw="10" slack="0"/>
</pin_list>
<bind>
<opcode="extractvalue(56) " fcode="extractvalue"/>
<opset="layer6_out/2 "/>
</bind>
</comp>

<comp id="193" class="1004" name="layer6_out_1_fu_193">
<pin_list>
<pin id="194" dir="0" index="0" bw="30" slack="0"/>
<pin id="195" dir="1" index="1" bw="10" slack="0"/>
</pin_list>
<bind>
<opcode="extractvalue(56) " fcode="extractvalue"/>
<opset="layer6_out_1/2 "/>
</bind>
</comp>

<comp id="198" class="1004" name="layer6_out_2_fu_198">
<pin_list>
<pin id="199" dir="0" index="0" bw="30" slack="0"/>
<pin id="200" dir="1" index="1" bw="10" slack="0"/>
</pin_list>
<bind>
<opcode="extractvalue(56) " fcode="extractvalue"/>
<opset="layer6_out_2/2 "/>
</bind>
</comp>

<comp id="203" class="1004" name="layer7_out_fu_203">
<pin_list>
<pin id="204" dir="0" index="0" bw="24" slack="0"/>
<pin id="205" dir="1" index="1" bw="8" slack="1"/>
</pin_list>
<bind>
<opcode="extractvalue(56) " fcode="extractvalue"/>
<opset="layer7_out/2 "/>
</bind>
</comp>

<comp id="207" class="1004" name="layer7_out_1_fu_207">
<pin_list>
<pin id="208" dir="0" index="0" bw="24" slack="0"/>
<pin id="209" dir="1" index="1" bw="8" slack="1"/>
</pin_list>
<bind>
<opcode="extractvalue(56) " fcode="extractvalue"/>
<opset="layer7_out_1/2 "/>
</bind>
</comp>

<comp id="211" class="1004" name="layer7_out_2_fu_211">
<pin_list>
<pin id="212" dir="0" index="0" bw="24" slack="0"/>
<pin id="213" dir="1" index="1" bw="8" slack="1"/>
</pin_list>
<bind>
<opcode="extractvalue(56) " fcode="extractvalue"/>
<opset="layer7_out_2/2 "/>
</bind>
</comp>

<comp id="215" class="1004" name="layer9_out_fu_215">
<pin_list>
<pin id="216" dir="0" index="0" bw="48" slack="0"/>
<pin id="217" dir="1" index="1" bw="12" slack="0"/>
</pin_list>
<bind>
<opcode="extractvalue(56) " fcode="extractvalue"/>
<opset="layer9_out/3 "/>
</bind>
</comp>

<comp id="220" class="1004" name="layer9_out_1_fu_220">
<pin_list>
<pin id="221" dir="0" index="0" bw="48" slack="0"/>
<pin id="222" dir="1" index="1" bw="12" slack="0"/>
</pin_list>
<bind>
<opcode="extractvalue(56) " fcode="extractvalue"/>
<opset="layer9_out_1/3 "/>
</bind>
</comp>

<comp id="225" class="1004" name="layer9_out_2_fu_225">
<pin_list>
<pin id="226" dir="0" index="0" bw="48" slack="0"/>
<pin id="227" dir="1" index="1" bw="12" slack="0"/>
</pin_list>
<bind>
<opcode="extractvalue(56) " fcode="extractvalue"/>
<opset="layer9_out_2/3 "/>
</bind>
</comp>

<comp id="230" class="1004" name="layer9_out_3_fu_230">
<pin_list>
<pin id="231" dir="0" index="0" bw="48" slack="0"/>
<pin id="232" dir="1" index="1" bw="12" slack="0"/>
</pin_list>
<bind>
<opcode="extractvalue(56) " fcode="extractvalue"/>
<opset="layer9_out_3/3 "/>
</bind>
</comp>

<comp id="235" class="1004" name="layer10_out_fu_235">
<pin_list>
<pin id="236" dir="0" index="0" bw="32" slack="0"/>
<pin id="237" dir="1" index="1" bw="8" slack="1"/>
</pin_list>
<bind>
<opcode="extractvalue(56) " fcode="extractvalue"/>
<opset="layer10_out/3 "/>
</bind>
</comp>

<comp id="239" class="1004" name="layer10_out_1_fu_239">
<pin_list>
<pin id="240" dir="0" index="0" bw="32" slack="0"/>
<pin id="241" dir="1" index="1" bw="8" slack="1"/>
</pin_list>
<bind>
<opcode="extractvalue(56) " fcode="extractvalue"/>
<opset="layer10_out_1/3 "/>
</bind>
</comp>

<comp id="243" class="1004" name="layer10_out_2_fu_243">
<pin_list>
<pin id="244" dir="0" index="0" bw="32" slack="0"/>
<pin id="245" dir="1" index="1" bw="8" slack="1"/>
</pin_list>
<bind>
<opcode="extractvalue(56) " fcode="extractvalue"/>
<opset="layer10_out_2/3 "/>
</bind>
</comp>

<comp id="247" class="1004" name="layer10_out_3_fu_247">
<pin_list>
<pin id="248" dir="0" index="0" bw="32" slack="0"/>
<pin id="249" dir="1" index="1" bw="8" slack="1"/>
</pin_list>
<bind>
<opcode="extractvalue(56) " fcode="extractvalue"/>
<opset="layer10_out_3/3 "/>
</bind>
</comp>

<comp id="251" class="1004" name="layer12_out_0_ret_fu_251">
<pin_list>
<pin id="252" dir="0" index="0" bw="70" slack="0"/>
<pin id="253" dir="1" index="1" bw="14" slack="0"/>
</pin_list>
<bind>
<opcode="extractvalue(56) " fcode="extractvalue"/>
<opset="layer12_out_0_ret/4 "/>
</bind>
</comp>

<comp id="256" class="1004" name="layer12_out_1_ret_fu_256">
<pin_list>
<pin id="257" dir="0" index="0" bw="70" slack="0"/>
<pin id="258" dir="1" index="1" bw="14" slack="0"/>
</pin_list>
<bind>
<opcode="extractvalue(56) " fcode="extractvalue"/>
<opset="layer12_out_1_ret/4 "/>
</bind>
</comp>

<comp id="261" class="1004" name="layer12_out_2_ret_fu_261">
<pin_list>
<pin id="262" dir="0" index="0" bw="70" slack="0"/>
<pin id="263" dir="1" index="1" bw="14" slack="0"/>
</pin_list>
<bind>
<opcode="extractvalue(56) " fcode="extractvalue"/>
<opset="layer12_out_2_ret/4 "/>
</bind>
</comp>

<comp id="266" class="1004" name="layer12_out_3_ret_fu_266">
<pin_list>
<pin id="267" dir="0" index="0" bw="70" slack="0"/>
<pin id="268" dir="1" index="1" bw="14" slack="0"/>
</pin_list>
<bind>
<opcode="extractvalue(56) " fcode="extractvalue"/>
<opset="layer12_out_3_ret/4 "/>
</bind>
</comp>

<comp id="271" class="1004" name="layer12_out_4_ret_fu_271">
<pin_list>
<pin id="272" dir="0" index="0" bw="70" slack="0"/>
<pin id="273" dir="1" index="1" bw="14" slack="0"/>
</pin_list>
<bind>
<opcode="extractvalue(56) " fcode="extractvalue"/>
<opset="layer12_out_4_ret/4 "/>
</bind>
</comp>

<comp id="276" class="1005" name="layer4_out_reg_276">
<pin_list>
<pin id="277" dir="0" index="0" bw="7" slack="1"/>
<pin id="278" dir="1" index="1" bw="7" slack="1"/>
</pin_list>
<bind>
<opset="layer4_out "/>
</bind>
</comp>

<comp id="281" class="1005" name="layer4_out_1_reg_281">
<pin_list>
<pin id="282" dir="0" index="0" bw="7" slack="1"/>
<pin id="283" dir="1" index="1" bw="7" slack="1"/>
</pin_list>
<bind>
<opset="layer4_out_1 "/>
</bind>
</comp>

<comp id="286" class="1005" name="layer4_out_2_reg_286">
<pin_list>
<pin id="287" dir="0" index="0" bw="7" slack="1"/>
<pin id="288" dir="1" index="1" bw="7" slack="1"/>
</pin_list>
<bind>
<opset="layer4_out_2 "/>
</bind>
</comp>

<comp id="291" class="1005" name="layer4_out_3_reg_291">
<pin_list>
<pin id="292" dir="0" index="0" bw="7" slack="1"/>
<pin id="293" dir="1" index="1" bw="7" slack="1"/>
</pin_list>
<bind>
<opset="layer4_out_3 "/>
</bind>
</comp>

<comp id="296" class="1005" name="layer4_out_4_reg_296">
<pin_list>
<pin id="297" dir="0" index="0" bw="7" slack="1"/>
<pin id="298" dir="1" index="1" bw="7" slack="1"/>
</pin_list>
<bind>
<opset="layer4_out_4 "/>
</bind>
</comp>

<comp id="301" class="1005" name="layer7_out_reg_301">
<pin_list>
<pin id="302" dir="0" index="0" bw="8" slack="1"/>
<pin id="303" dir="1" index="1" bw="8" slack="1"/>
</pin_list>
<bind>
<opset="layer7_out "/>
</bind>
</comp>

<comp id="306" class="1005" name="layer7_out_1_reg_306">
<pin_list>
<pin id="307" dir="0" index="0" bw="8" slack="1"/>
<pin id="308" dir="1" index="1" bw="8" slack="1"/>
</pin_list>
<bind>
<opset="layer7_out_1 "/>
</bind>
</comp>

<comp id="311" class="1005" name="layer7_out_2_reg_311">
<pin_list>
<pin id="312" dir="0" index="0" bw="8" slack="1"/>
<pin id="313" dir="1" index="1" bw="8" slack="1"/>
</pin_list>
<bind>
<opset="layer7_out_2 "/>
</bind>
</comp>

<comp id="316" class="1005" name="layer10_out_reg_316">
<pin_list>
<pin id="317" dir="0" index="0" bw="8" slack="1"/>
<pin id="318" dir="1" index="1" bw="8" slack="1"/>
</pin_list>
<bind>
<opset="layer10_out "/>
</bind>
</comp>

<comp id="321" class="1005" name="layer10_out_1_reg_321">
<pin_list>
<pin id="322" dir="0" index="0" bw="8" slack="1"/>
<pin id="323" dir="1" index="1" bw="8" slack="1"/>
</pin_list>
<bind>
<opset="layer10_out_1 "/>
</bind>
</comp>

<comp id="326" class="1005" name="layer10_out_2_reg_326">
<pin_list>
<pin id="327" dir="0" index="0" bw="8" slack="1"/>
<pin id="328" dir="1" index="1" bw="8" slack="1"/>
</pin_list>
<bind>
<opset="layer10_out_2 "/>
</bind>
</comp>

<comp id="331" class="1005" name="layer10_out_3_reg_331">
<pin_list>
<pin id="332" dir="0" index="0" bw="8" slack="1"/>
<pin id="333" dir="1" index="1" bw="8" slack="1"/>
</pin_list>
<bind>
<opset="layer10_out_3 "/>
</bind>
</comp>

</comp_list>

<net_list>
<net id="52"><net_src comp="12" pin="0"/><net_sink comp="48" pin=0"/></net>

<net id="53"><net_src comp="0" pin="0"/><net_sink comp="48" pin=1"/></net>

<net id="59"><net_src comp="46" pin="0"/><net_sink comp="54" pin=0"/></net>

<net id="60"><net_src comp="2" pin="0"/><net_sink comp="54" pin=1"/></net>

<net id="66"><net_src comp="46" pin="0"/><net_sink comp="61" pin=0"/></net>

<net id="67"><net_src comp="4" pin="0"/><net_sink comp="61" pin=1"/></net>

<net id="73"><net_src comp="46" pin="0"/><net_sink comp="68" pin=0"/></net>

<net id="74"><net_src comp="6" pin="0"/><net_sink comp="68" pin=1"/></net>

<net id="80"><net_src comp="46" pin="0"/><net_sink comp="75" pin=0"/></net>

<net id="81"><net_src comp="8" pin="0"/><net_sink comp="75" pin=1"/></net>

<net id="87"><net_src comp="46" pin="0"/><net_sink comp="82" pin=0"/></net>

<net id="88"><net_src comp="10" pin="0"/><net_sink comp="82" pin=1"/></net>

<net id="93"><net_src comp="14" pin="0"/><net_sink comp="89" pin=0"/></net>

<net id="94"><net_src comp="48" pin="2"/><net_sink comp="89" pin=1"/></net>

<net id="103"><net_src comp="16" pin="0"/><net_sink comp="95" pin=0"/></net>

<net id="112"><net_src comp="18" pin="0"/><net_sink comp="104" pin=0"/></net>

<net id="119"><net_src comp="20" pin="0"/><net_sink comp="113" pin=0"/></net>

<net id="126"><net_src comp="22" pin="0"/><net_sink comp="120" pin=0"/></net>

<net id="134"><net_src comp="24" pin="0"/><net_sink comp="127" pin=0"/></net>

<net id="142"><net_src comp="44" pin="0"/><net_sink comp="135" pin=0"/></net>

<net id="146"><net_src comp="89" pin="2"/><net_sink comp="143" pin=0"/></net>

<net id="147"><net_src comp="143" pin="1"/><net_sink comp="95" pin=1"/></net>

<net id="151"><net_src comp="89" pin="2"/><net_sink comp="148" pin=0"/></net>

<net id="152"><net_src comp="148" pin="1"/><net_sink comp="95" pin=2"/></net>

<net id="156"><net_src comp="89" pin="2"/><net_sink comp="153" pin=0"/></net>

<net id="157"><net_src comp="153" pin="1"/><net_sink comp="95" pin=3"/></net>

<net id="161"><net_src comp="89" pin="2"/><net_sink comp="158" pin=0"/></net>

<net id="162"><net_src comp="158" pin="1"/><net_sink comp="95" pin=4"/></net>

<net id="166"><net_src comp="89" pin="2"/><net_sink comp="163" pin=0"/></net>

<net id="167"><net_src comp="163" pin="1"/><net_sink comp="95" pin=5"/></net>

<net id="171"><net_src comp="95" pin="6"/><net_sink comp="168" pin=0"/></net>

<net id="175"><net_src comp="95" pin="6"/><net_sink comp="172" pin=0"/></net>

<net id="179"><net_src comp="95" pin="6"/><net_sink comp="176" pin=0"/></net>

<net id="183"><net_src comp="95" pin="6"/><net_sink comp="180" pin=0"/></net>

<net id="187"><net_src comp="95" pin="6"/><net_sink comp="184" pin=0"/></net>

<net id="191"><net_src comp="104" pin="6"/><net_sink comp="188" pin=0"/></net>

<net id="192"><net_src comp="188" pin="1"/><net_sink comp="113" pin=1"/></net>

<net id="196"><net_src comp="104" pin="6"/><net_sink comp="193" pin=0"/></net>

<net id="197"><net_src comp="193" pin="1"/><net_sink comp="113" pin=2"/></net>

<net id="201"><net_src comp="104" pin="6"/><net_sink comp="198" pin=0"/></net>

<net id="202"><net_src comp="198" pin="1"/><net_sink comp="113" pin=3"/></net>

<net id="206"><net_src comp="113" pin="4"/><net_sink comp="203" pin=0"/></net>

<net id="210"><net_src comp="113" pin="4"/><net_sink comp="207" pin=0"/></net>

<net id="214"><net_src comp="113" pin="4"/><net_sink comp="211" pin=0"/></net>

<net id="218"><net_src comp="120" pin="4"/><net_sink comp="215" pin=0"/></net>

<net id="219"><net_src comp="215" pin="1"/><net_sink comp="127" pin=1"/></net>

<net id="223"><net_src comp="120" pin="4"/><net_sink comp="220" pin=0"/></net>

<net id="224"><net_src comp="220" pin="1"/><net_sink comp="127" pin=2"/></net>

<net id="228"><net_src comp="120" pin="4"/><net_sink comp="225" pin=0"/></net>

<net id="229"><net_src comp="225" pin="1"/><net_sink comp="127" pin=3"/></net>

<net id="233"><net_src comp="120" pin="4"/><net_sink comp="230" pin=0"/></net>

<net id="234"><net_src comp="230" pin="1"/><net_sink comp="127" pin=4"/></net>

<net id="238"><net_src comp="127" pin="5"/><net_sink comp="235" pin=0"/></net>

<net id="242"><net_src comp="127" pin="5"/><net_sink comp="239" pin=0"/></net>

<net id="246"><net_src comp="127" pin="5"/><net_sink comp="243" pin=0"/></net>

<net id="250"><net_src comp="127" pin="5"/><net_sink comp="247" pin=0"/></net>

<net id="254"><net_src comp="135" pin="5"/><net_sink comp="251" pin=0"/></net>

<net id="255"><net_src comp="251" pin="1"/><net_sink comp="54" pin=2"/></net>

<net id="259"><net_src comp="135" pin="5"/><net_sink comp="256" pin=0"/></net>

<net id="260"><net_src comp="256" pin="1"/><net_sink comp="61" pin=2"/></net>

<net id="264"><net_src comp="135" pin="5"/><net_sink comp="261" pin=0"/></net>

<net id="265"><net_src comp="261" pin="1"/><net_sink comp="68" pin=2"/></net>

<net id="269"><net_src comp="135" pin="5"/><net_sink comp="266" pin=0"/></net>

<net id="270"><net_src comp="266" pin="1"/><net_sink comp="75" pin=2"/></net>

<net id="274"><net_src comp="135" pin="5"/><net_sink comp="271" pin=0"/></net>

<net id="275"><net_src comp="271" pin="1"/><net_sink comp="82" pin=2"/></net>

<net id="279"><net_src comp="168" pin="1"/><net_sink comp="276" pin=0"/></net>

<net id="280"><net_src comp="276" pin="1"/><net_sink comp="104" pin=1"/></net>

<net id="284"><net_src comp="172" pin="1"/><net_sink comp="281" pin=0"/></net>

<net id="285"><net_src comp="281" pin="1"/><net_sink comp="104" pin=2"/></net>

<net id="289"><net_src comp="176" pin="1"/><net_sink comp="286" pin=0"/></net>

<net id="290"><net_src comp="286" pin="1"/><net_sink comp="104" pin=3"/></net>

<net id="294"><net_src comp="180" pin="1"/><net_sink comp="291" pin=0"/></net>

<net id="295"><net_src comp="291" pin="1"/><net_sink comp="104" pin=4"/></net>

<net id="299"><net_src comp="184" pin="1"/><net_sink comp="296" pin=0"/></net>

<net id="300"><net_src comp="296" pin="1"/><net_sink comp="104" pin=5"/></net>

<net id="304"><net_src comp="203" pin="1"/><net_sink comp="301" pin=0"/></net>

<net id="305"><net_src comp="301" pin="1"/><net_sink comp="120" pin=1"/></net>

<net id="309"><net_src comp="207" pin="1"/><net_sink comp="306" pin=0"/></net>

<net id="310"><net_src comp="306" pin="1"/><net_sink comp="120" pin=2"/></net>

<net id="314"><net_src comp="211" pin="1"/><net_sink comp="311" pin=0"/></net>

<net id="315"><net_src comp="311" pin="1"/><net_sink comp="120" pin=3"/></net>

<net id="319"><net_src comp="235" pin="1"/><net_sink comp="316" pin=0"/></net>

<net id="320"><net_src comp="316" pin="1"/><net_sink comp="135" pin=1"/></net>

<net id="324"><net_src comp="239" pin="1"/><net_sink comp="321" pin=0"/></net>

<net id="325"><net_src comp="321" pin="1"/><net_sink comp="135" pin=2"/></net>

<net id="329"><net_src comp="243" pin="1"/><net_sink comp="326" pin=0"/></net>

<net id="330"><net_src comp="326" pin="1"/><net_sink comp="135" pin=3"/></net>

<net id="334"><net_src comp="247" pin="1"/><net_sink comp="331" pin=0"/></net>

<net id="335"><net_src comp="331" pin="1"/><net_sink comp="135" pin=4"/></net>

</net_list>

</model> 
---------------- Datapath Model END ------------------

* FSMD analyzer results:
  - Output states:
	Port: layer12_out_0 | {4 }
	Port: layer12_out_1 | {4 }
	Port: layer12_out_2 | {4 }
	Port: layer12_out_3 | {4 }
	Port: layer12_out_4 | {4 }
 - Input state : 
	Port: myproject : input_layer | {1 }
  - Chain level:
	State 1
		layer3_out : 1
		layer3_out_1 : 1
		layer3_out_2 : 1
		layer3_out_3 : 1
		layer3_out_4 : 1
		call_ret : 2
		layer4_out : 3
		layer4_out_1 : 3
		layer4_out_2 : 3
		layer4_out_3 : 3
		layer4_out_4 : 3
	State 2
		layer6_out : 1
		layer6_out_1 : 1
		layer6_out_2 : 1
		call_ret3 : 2
		layer7_out : 3
		layer7_out_1 : 3
		layer7_out_2 : 3
	State 3
		layer9_out : 1
		layer9_out_1 : 1
		layer9_out_2 : 1
		layer9_out_3 : 1
		call_ret5 : 2
		layer10_out : 3
		layer10_out_1 : 3
		layer10_out_2 : 3
		layer10_out_3 : 3
	State 4
		layer12_out_0_ret : 1
		write_ln54 : 2
		layer12_out_1_ret : 1
		write_ln54 : 2
		layer12_out_2_ret : 1
		write_ln54 : 2
		layer12_out_3_ret : 1
		write_ln54 : 2
		layer12_out_4_ret : 1
		write_ln54 : 2


============================================================
+ Verbose Summary: Datapath Resource usage 
============================================================

* Functional unit list:
|----------|-----------------------------------------------------------------------------------|---------|---------|
| Operation|                                  Functional Unit                                  |    FF   |   LUT   |
|----------|-----------------------------------------------------------------------------------|---------|---------|
|          |  call_ret1_dense_latency_ap_fixed_8_5_0_3_0_ap_fixed_13_10_5_3_0_config3_s_fu_89  |    0    |   204   |
|          |    call_ret_relu_ap_fixed_13_10_5_3_0_ap_ufixed_7_5_0_3_0_relu_config4_s_fu_95    |    0    |   205   |
|          |  call_ret2_dense_latency_ap_ufixed_7_5_0_3_0_ap_fixed_10_9_5_3_0_config6_s_fu_104 |    0    |    79   |
|   call   |    call_ret3_relu_ap_fixed_10_9_5_3_0_ap_ufixed_8_6_0_3_0_relu_config7_s_fu_113   |    0    |    75   |
|          |  call_ret4_dense_latency_ap_ufixed_8_6_0_3_0_ap_fixed_12_9_5_3_0_config9_s_fu_120 |    0    |    84   |
|          |   call_ret5_relu_ap_fixed_12_9_5_3_0_ap_ufixed_8_6_0_3_0_relu_config10_s_fu_127   |    0    |   168   |
|          | call_ret6_dense_latency_ap_ufixed_8_6_0_3_0_ap_fixed_14_8_5_3_0_config12_s_fu_135 |    0    |   163   |
|----------|-----------------------------------------------------------------------------------|---------|---------|
|   read   |                            input_layer_read_read_fu_48                            |    0    |    0    |
|----------|-----------------------------------------------------------------------------------|---------|---------|
|          |                               write_ln54_write_fu_54                              |    0    |    0    |
|          |                               write_ln54_write_fu_61                              |    0    |    0    |
|   write  |                               write_ln54_write_fu_68                              |    0    |    0    |
|          |                               write_ln54_write_fu_75                              |    0    |    0    |
|          |                               write_ln54_write_fu_82                              |    0    |    0    |
|----------|-----------------------------------------------------------------------------------|---------|---------|
|          |                                 layer3_out_fu_143                                 |    0    |    0    |
|          |                                layer3_out_1_fu_148                                |    0    |    0    |
|          |                                layer3_out_2_fu_153                                |    0    |    0    |
|          |                                layer3_out_3_fu_158                                |    0    |    0    |
|          |                                layer3_out_4_fu_163                                |    0    |    0    |
|          |                                 layer4_out_fu_168                                 |    0    |    0    |
|          |                                layer4_out_1_fu_172                                |    0    |    0    |
|          |                                layer4_out_2_fu_176                                |    0    |    0    |
|          |                                layer4_out_3_fu_180                                |    0    |    0    |
|          |                                layer4_out_4_fu_184                                |    0    |    0    |
|          |                                 layer6_out_fu_188                                 |    0    |    0    |
|          |                                layer6_out_1_fu_193                                |    0    |    0    |
|          |                                layer6_out_2_fu_198                                |    0    |    0    |
|          |                                 layer7_out_fu_203                                 |    0    |    0    |
|extractvalue|                                layer7_out_1_fu_207                                |    0    |    0    |
|          |                                layer7_out_2_fu_211                                |    0    |    0    |
|          |                                 layer9_out_fu_215                                 |    0    |    0    |
|          |                                layer9_out_1_fu_220                                |    0    |    0    |
|          |                                layer9_out_2_fu_225                                |    0    |    0    |
|          |                                layer9_out_3_fu_230                                |    0    |    0    |
|          |                                 layer10_out_fu_235                                |    0    |    0    |
|          |                                layer10_out_1_fu_239                               |    0    |    0    |
|          |                                layer10_out_2_fu_243                               |    0    |    0    |
|          |                                layer10_out_3_fu_247                               |    0    |    0    |
|          |                              layer12_out_0_ret_fu_251                             |    0    |    0    |
|          |                              layer12_out_1_ret_fu_256                             |    0    |    0    |
|          |                              layer12_out_2_ret_fu_261                             |    0    |    0    |
|          |                              layer12_out_3_ret_fu_266                             |    0    |    0    |
|          |                              layer12_out_4_ret_fu_271                             |    0    |    0    |
|----------|-----------------------------------------------------------------------------------|---------|---------|
|   Total  |                                                                                   |    0    |   978   |
|----------|-----------------------------------------------------------------------------------|---------|---------|

Memories:
N/A

* Register list:
+---------------------+--------+
|                     |   FF   |
+---------------------+--------+
|layer10_out_1_reg_321|    8   |
|layer10_out_2_reg_326|    8   |
|layer10_out_3_reg_331|    8   |
| layer10_out_reg_316 |    8   |
| layer4_out_1_reg_281|    7   |
| layer4_out_2_reg_286|    7   |
| layer4_out_3_reg_291|    7   |
| layer4_out_4_reg_296|    7   |
|  layer4_out_reg_276 |    7   |
| layer7_out_1_reg_306|    8   |
| layer7_out_2_reg_311|    8   |
|  layer7_out_reg_301 |    8   |
+---------------------+--------+
|        Total        |   91   |
+---------------------+--------+

* Multiplexer (MUX) list: 
|--------|------|------|------|--------|
|  Comp  |  Pin | Size |  BW  | S x BW |
|--------|------|------|------|--------|
|  Total |      |      |      |    0   |
|--------|------|------|------|--------|



* Summary:
+-----------+--------+--------+
|           |   FF   |   LUT  |
+-----------+--------+--------+
|  Function |    0   |   978  |
|   Memory  |    -   |    -   |
|Multiplexer|    -   |    -   |
|  Register |   91   |    -   |
+-----------+--------+--------+
|   Total   |   91   |   978  |
+-----------+--------+--------+
