Thu May  7 12:17:44 2026: Running xcd server. This server was built by gradle.
Thu May  7 12:17:44 2026: Server was asked to start on port: '46021'
Thu May  7 12:17:44 2026: Server is using token UUID: 'e3dbe1d1-55bd-4533-9936-f52dc951a78e'
Thu May  7 12:17:44 2026: SESSION_MGR: creating session with session uuid: '6d04a3e9-ade5-4ab9-8d63-1f78fcd2ec76' and name 'default'
Thu May  7 12:17:44 2026: Attempting to start server on port '46021'
Thu May  7 12:17:44 2026: XCD main fifo: created main fifo '/tmp/xcdmaine3dbe1d1-55bd-4533-9936-f52dc951a78e', fd read = 12
Thu May  7 12:17:44 2026: Running Dispatch Server
Thu May  7 12:17:44 2026: Version 2.2.0
Thu May  7 12:17:46 2026: Dispatch Server: Accepted socket connection from client
Thu May  7 12:17:46 2026: Starting Socket connection
Thu May  7 12:17:46 2026: EXCHANGE_TOKEN received, server token: e3dbe1d1-55bd-4533-9936-f52dc951a78e, passed token: e3dbe1d1-55bd-4533-9936-f52dc951a78e
Thu May  7 12:17:47 2026: DISPATCH_HANDLER: Adding handler from function makeHandler in library libxv_system_diagram
Thu May  7 12:17:47 2026: SESSION_MGR: creating session with session uuid: '38e0db3e-81d7-461e-be96-eb2a6cbc62c2' and name 'v++_compile_vitis_unified_project'
Thu May  7 12:17:47 2026: KERNEL_SVC: creating session with uuid: '38e0db3e-81d7-461e-be96-eb2a6cbc62c2' and name 'v++_compile_vitis_unified_project'
Thu May  7 12:17:47 2026: GUIDANCE_SMGR: creating guidance session with uuid: '38e0db3e-81d7-461e-be96-eb2a6cbc62c2' and name 'v++_compile_vitis_unified_project'
Thu May  7 12:17:47 2026: SYSTEM_DIAGRAM: creating session with uuid: '38e0db3e-81d7-461e-be96-eb2a6cbc62c2' and name 'v++_compile_vitis_unified_project'
Thu May  7 12:17:48 2026: Dispatch Server: Accepted socket connection from client
Thu May  7 12:17:48 2026: Starting Socket connection
Thu May  7 12:19:02 2026: SESSION_MGR: closing session for UUID '38e0db3e-81d7-461e-be96-eb2a6cbc62c2' with name 'v++_compile_vitis_unified_project'
Thu May  7 12:19:02 2026: KERNEL_SVC: closing session for UUID '38e0db3e-81d7-461e-be96-eb2a6cbc62c2' with name 'v++_compile_vitis_unified_project'
Thu May  7 12:19:02 2026: GUIDANCE_SMGR: closing session for UUID '38e0db3e-81d7-461e-be96-eb2a6cbc62c2' with name 'v++_compile_vitis_unified_project'
Thu May  7 12:19:02 2026: SYSTEM_DIAGRAM: closing session for UUID '38e0db3e-81d7-461e-be96-eb2a6cbc62c2' with name 'v++_compile_vitis_unified_project'
Thu May  7 12:19:02 2026: STOP_SERVER received, server token: e3dbe1d1-55bd-4533-9936-f52dc951a78e, passed token: e3dbe1d1-55bd-4533-9936-f52dc951a78e
Thu May  7 12:19:02 2026: Socket received request to stop server.
Thu May  7 12:19:02 2026: Dispatch Server: do_await_stop
Thu May  7 12:19:02 2026: Dispatch Server: stopping mainFifo_
Thu May  7 12:19:02 2026: XCD main fifo: Stopping
Thu May  7 12:19:02 2026: XCD main fifo: do_read error code: Operation canceled
Thu May  7 12:19:02 2026: XCD main fifo: bytes_transferred: 0
Thu May  7 12:19:02 2026: SERVER: destructor for server bound to port 46021
Thu May  7 12:19:02 2026: XCD main fifo: Good unlink of /tmp/xcdmaine3dbe1d1-55bd-4533-9936-f52dc951a78e
Thu May  7 12:19:02 2026: Server exiting with status 0.
Thu May  7 12:19:02 2026: Closing log file.
Thu May  7 12:19:04 2026: Running xcd server. This server was built by gradle.
Thu May  7 12:19:04 2026: Server was asked to start on port: '46429'
Thu May  7 12:19:04 2026: Server is using token UUID: 'c3a2dc7f-aeef-4cfe-957b-c4aac32b7209'
Thu May  7 12:19:04 2026: SESSION_MGR: creating session with session uuid: '6d04a3e9-ade5-4ab9-8d63-1f78fcd2ec76' and name 'default'
Thu May  7 12:19:04 2026: Attempting to start server on port '46429'
Thu May  7 12:19:04 2026: XCD main fifo: created main fifo '/tmp/xcdmainc3a2dc7f-aeef-4cfe-957b-c4aac32b7209', fd read = 12
Thu May  7 12:19:04 2026: Running Dispatch Server
Thu May  7 12:19:04 2026: Version 2.2.0
Thu May  7 12:19:06 2026: Dispatch Server: Accepted socket connection from client
Thu May  7 12:19:06 2026: Starting Socket connection
Thu May  7 12:19:06 2026: EXCHANGE_TOKEN received, server token: c3a2dc7f-aeef-4cfe-957b-c4aac32b7209, passed token: c3a2dc7f-aeef-4cfe-957b-c4aac32b7209
Thu May  7 12:19:06 2026: DISPATCH_HANDLER: Adding handler from function makeHandler in library libxv_system_diagram
Thu May  7 12:19:06 2026: SESSION_MGR: creating session with session uuid: 'd787c716-3745-41ee-9bbc-364ebcee5e3a' and name 'vitis-run_compile_vitis_unified_project'
Thu May  7 12:19:06 2026: KERNEL_SVC: creating session with uuid: 'd787c716-3745-41ee-9bbc-364ebcee5e3a' and name 'vitis-run_compile_vitis_unified_project'
Thu May  7 12:19:06 2026: GUIDANCE_SMGR: creating guidance session with uuid: 'd787c716-3745-41ee-9bbc-364ebcee5e3a' and name 'vitis-run_compile_vitis_unified_project'
Thu May  7 12:19:06 2026: SYSTEM_DIAGRAM: creating session with uuid: 'd787c716-3745-41ee-9bbc-364ebcee5e3a' and name 'vitis-run_compile_vitis_unified_project'
Thu May  7 12:19:08 2026: Dispatch Server: Accepted socket connection from client
Thu May  7 12:19:08 2026: Starting Socket connection
