INFO: [vitis-run 82-31] Launching vitis_hls: vitis_hls -nolog -run tcl -f /home/ncgadmin/Bachelor/HLS4ML_testbench_KV260/development/hgq2/1/hls4ml_prj_Vitis_2023_latency_reusefactor1/build_prj.tcl -work_dir /home/ncgadmin/Bachelor/HLS4ML_testbench_KV260/development/hgq2/1/hls4ml_prj_Vitis_2023_latency_reusefactor1

****** Vitis HLS - High-Level Synthesis from C, C++ and OpenCL v2023.2 (64-bit)
  **** SW Build 4023990 on Oct 11 2023
  **** IP Build 4028589 on Sat Oct 14 00:45:43 MDT 2023
  **** SharedData Build 4025554 on Tue Oct 10 17:18:54 MDT 2023
    ** Copyright 1986-2022 Xilinx, Inc. All Rights Reserved.
    ** Copyright 2022-2023 Advanced Micro Devices, Inc. All Rights Reserved.

source /tools/Xilinx/Vitis_HLS/2023.2/scripts/vitis_hls/hls.tcl -notrace
INFO: [HLS 200-10] Running '/tools/Xilinx/Vitis_HLS/2023.2/bin/unwrapped/lnx64.o/vitis_hls'
INFO: [HLS 200-10] For user 'ncgadmin' on host 'KrissDEV' (Linux_x86_64 version 6.8.0-106-generic) on Wed Mar 18 19:32:15 CET 2026
INFO: [HLS 200-10] On os Ubuntu 24.04.4 LTS
INFO: [HLS 200-10] In directory '/home/ncgadmin/Bachelor/HLS4ML_testbench_KV260/development/hgq2/1/hls4ml_prj_Vitis_2023_latency_reusefactor1'
Sourcing Tcl script '/home/ncgadmin/Bachelor/HLS4ML_testbench_KV260/development/hgq2/1/hls4ml_prj_Vitis_2023_latency_reusefactor1/build_prj.tcl'
INFO: [HLS 200-1510] Running: open_project hgq2_1_hls4ml_prj_Vitis_2023_latency_reusefactor1_prj 
INFO: [HLS 200-10] Creating and opening project '/home/ncgadmin/Bachelor/HLS4ML_testbench_KV260/development/hgq2/1/hls4ml_prj_Vitis_2023_latency_reusefactor1/hgq2_1_hls4ml_prj_Vitis_2023_latency_reusefactor1_prj'.
INFO: [HLS 200-1510] Running: set_top hgq2_1_hls4ml_prj_Vitis_2023_latency_reusefactor1 
INFO: [HLS 200-1510] Running: add_files firmware/hgq2_1_hls4ml_prj_Vitis_2023_latency_reusefactor1.cpp -cflags -std=c++0x 
INFO: [HLS 200-10] Adding design file 'firmware/hgq2_1_hls4ml_prj_Vitis_2023_latency_reusefactor1.cpp' to the project
INFO: [HLS 200-1510] Running: add_files -tb hgq2_1_hls4ml_prj_Vitis_2023_latency_reusefactor1_test.cpp -cflags -std=c++0x 
INFO: [HLS 200-10] Adding test bench file 'hgq2_1_hls4ml_prj_Vitis_2023_latency_reusefactor1_test.cpp' to the project
INFO: [HLS 200-1510] Running: add_files -tb firmware/weights 
INFO: [HLS 200-10] Adding test bench file 'firmware/weights' to the project
INFO: [HLS 200-1510] Running: add_files -tb tb_data 
INFO: [HLS 200-10] Adding test bench file 'tb_data' to the project
INFO: [HLS 200-1510] Running: open_solution solution1 
INFO: [HLS 200-10] Creating and opening solution '/home/ncgadmin/Bachelor/HLS4ML_testbench_KV260/development/hgq2/1/hls4ml_prj_Vitis_2023_latency_reusefactor1/hgq2_1_hls4ml_prj_Vitis_2023_latency_reusefactor1_prj/solution1'.
INFO: [HLS 200-1505] Using default flow_target 'vivado'
Resolution: For help on HLS 200-1505 see docs.xilinx.com/access/sources/dita/topic?Doc_Version=2023.2%20English&url=ug1448-hls-guidance&resourceid=200-1505.html
INFO: [HLS 200-1510] Running: config_array_partition -maximum_size 4096 
INFO: [XFORM 203-101] Allowed max sub elements number after partition is 4096.
ERROR: [HLS 200-642] The 'config_array_partition -maximum_size' command is not supported.
INFO: [HLS 200-1510] Running: config_compile -name_max_length 80 
INFO: [XFORM 203-1161] The maximum of name length is set to 80.
INFO: [HLS 200-1510] Running: set_part xck26-sfvc784-2LV-c 
INFO: [HLS 200-1611] Setting target device to 'xck26-sfvc784-2LV-c'
INFO: [XFORM 203-1161] The maximum of name length is set to 80.
INFO: [HLS 200-1510] Running: config_schedule -enable_dsp_full_reg=false 
INFO: [HLS 200-1510] Running: create_clock -period 5 -name default 
INFO: [SYN 201-201] Setting up clock 'default' with a period of 5ns.
INFO: [HLS 200-1510] Running: set_clock_uncertainty 27% default 
INFO: [SYN 201-201] Setting up clock 'default' with an uncertainty of 1.35ns.
***** C/RTL SYNTHESIS *****
INFO: [HLS 200-1510] Running: csynth_design 
INFO: [HLS 200-111] Finished File checks and directory preparation: CPU user time: 0.03 seconds. CPU system time: 0 seconds. Elapsed time: 0.03 seconds; current allocated memory: 196.039 MB.
INFO: [HLS 200-10] Analyzing design file 'firmware/hgq2_1_hls4ml_prj_Vitis_2023_latency_reusefactor1.cpp' ... 
WARNING: [HLS 207-5566] unexpected pragma argument 'softmax', expects function/operation (firmware/nnet_utils/nnet_activation.h:402:36)
WARNING: [HLS 207-5536] 'Resource pragma' is deprecated, use 'bind_op/bind_storage pragma' instead (firmware/nnet_utils/nnet_dense_resource.h:33:9)
WARNING: [HLS 207-5536] 'Resource pragma' is deprecated, use 'bind_op/bind_storage pragma' instead (firmware/nnet_utils/nnet_dense_resource.h:107:9)
WARNING: [HLS 207-5536] 'Resource pragma' is deprecated, use 'bind_op/bind_storage pragma' instead (firmware/nnet_utils/nnet_dense_resource.h:189:9)
WARNING: [HLS 207-5292] unused parameter 'keep' (firmware/nnet_utils/nnet_helpers.h:285:99)
WARNING: [HLS 207-5292] unused parameter 'data' (firmware/nnet_utils/nnet_function_stubs.h:14:36)
WARNING: [HLS 207-5292] unused parameter 'buffer' (firmware/nnet_utils/nnet_function_stubs.h:15:36)
WARNING: [HLS 207-5292] unused parameter 'partition' (firmware/nnet_utils/nnet_function_stubs.h:16:44)
WARNING: [HLS 207-5292] unused parameter 'data' (firmware/nnet_utils/nnet_function_stubs.h:24:24)
WARNING: [HLS 207-5292] unused parameter 'buffer' (firmware/nnet_utils/nnet_function_stubs.h:25:24)
WARNING: [HLS 207-5292] unused parameter 'partition' (firmware/nnet_utils/nnet_function_stubs.h:26:32)
WARNING: [HLS 207-5292] unused parameter 'data' (firmware/nnet_utils/nnet_function_stubs.h:33:30)
WARNING: [HLS 207-5292] unused parameter 'res' (firmware/nnet_utils/nnet_function_stubs.h:33:58)
WARNING: [HLS 207-5292] unused parameter 'weights' (firmware/nnet_utils/nnet_function_stubs.h:34:51)
WARNING: [HLS 207-5292] unused parameter 'biases' (firmware/nnet_utils/nnet_function_stubs.h:35:49)
WARNING: [HLS 207-5292] unused parameter 'data' (firmware/nnet_utils/nnet_function_stubs.h:42:30)
WARNING: [HLS 207-5292] unused parameter 'res' (firmware/nnet_utils/nnet_function_stubs.h:42:58)
WARNING: [HLS 207-5292] unused parameter 'weights' (firmware/nnet_utils/nnet_function_stubs.h:43:51)
WARNING: [HLS 207-5292] unused parameter 'biases' (firmware/nnet_utils/nnet_function_stubs.h:44:49)
WARNING: [HLS 207-5292] unused parameter 'data' (firmware/nnet_utils/nnet_function_stubs.h:51:29)
WARNING: [HLS 207-5292] unused parameter 'res' (firmware/nnet_utils/nnet_function_stubs.h:51:80)
WARNING: [HLS 207-5292] unused parameter 'weights' (firmware/nnet_utils/nnet_function_stubs.h:52:50)
WARNING: [HLS 207-5292] unused parameter 'biases' (firmware/nnet_utils/nnet_function_stubs.h:53:48)
WARNING: [HLS 207-5292] unused parameter 'data' (firmware/nnet_utils/nnet_code_gen.h:16:39)
WARNING: [HLS 207-5292] unused parameter 'res' (firmware/nnet_utils/nnet_code_gen.h:17:38)
WARNING: [HLS 207-5292] unused parameter 'weights' (firmware/nnet_utils/nnet_code_gen.h:18:60)
WARNING: [HLS 207-5292] unused parameter 'biases' (firmware/nnet_utils/nnet_code_gen.h:19:58)
INFO: [HLS 200-111] Finished Source Code Analysis and Preprocessing: CPU user time: 7.34 seconds. CPU system time: 0.42 seconds. Elapsed time: 8.38 seconds; current allocated memory: 203.184 MB.
INFO: [HLS 200-777] Using interface defaults for 'Vivado' flow target.
INFO: [HLS 200-1995] There were 20,534 instructions in the design after the 'Compile/Link' phase of compilation. See the Design Size Report for more details: /home/ncgadmin/Bachelor/HLS4ML_testbench_KV260/development/hgq2/1/hls4ml_prj_Vitis_2023_latency_reusefactor1/hgq2_1_hls4ml_prj_Vitis_2023_latency_reusefactor1_prj/solution1/syn/report/csynth_design_size.rpt
WARNING: [HLS 200-1995] There were 239,095 instructions in the design after the 'Unroll/Inline' phase of compilation. See the Design Size Report for more details: /home/ncgadmin/Bachelor/HLS4ML_testbench_KV260/development/hgq2/1/hls4ml_prj_Vitis_2023_latency_reusefactor1/hgq2_1_hls4ml_prj_Vitis_2023_latency_reusefactor1_prj/solution1/syn/report/csynth_design_size.rpt
INFO: [HLS 200-1995] There were 68,011 instructions in the design after the 'Unroll/Inline (step 2)' phase of compilation. See the Design Size Report for more details: /home/ncgadmin/Bachelor/HLS4ML_testbench_KV260/development/hgq2/1/hls4ml_prj_Vitis_2023_latency_reusefactor1/hgq2_1_hls4ml_prj_Vitis_2023_latency_reusefactor1_prj/solution1/syn/report/csynth_design_size.rpt
INFO: [HLS 200-1995] There were 68,014 instructions in the design after the 'Unroll/Inline (step 3)' phase of compilation. See the Design Size Report for more details: /home/ncgadmin/Bachelor/HLS4ML_testbench_KV260/development/hgq2/1/hls4ml_prj_Vitis_2023_latency_reusefactor1/hgq2_1_hls4ml_prj_Vitis_2023_latency_reusefactor1_prj/solution1/syn/report/csynth_design_size.rpt
INFO: [HLS 200-1995] There were 67,820 instructions in the design after the 'Unroll/Inline (step 4)' phase of compilation. See the Design Size Report for more details: /home/ncgadmin/Bachelor/HLS4ML_testbench_KV260/development/hgq2/1/hls4ml_prj_Vitis_2023_latency_reusefactor1/hgq2_1_hls4ml_prj_Vitis_2023_latency_reusefactor1_prj/solution1/syn/report/csynth_design_size.rpt
INFO: [HLS 200-1995] There were 45,797 instructions in the design after the 'Array/Struct (step 1)' phase of compilation. See the Design Size Report for more details: /home/ncgadmin/Bachelor/HLS4ML_testbench_KV260/development/hgq2/1/hls4ml_prj_Vitis_2023_latency_reusefactor1/hgq2_1_hls4ml_prj_Vitis_2023_latency_reusefactor1_prj/solution1/syn/report/csynth_design_size.rpt
INFO: [HLS 200-1995] There were 7,376 instructions in the design after the 'Array/Struct (step 2)' phase of compilation. See the Design Size Report for more details: /home/ncgadmin/Bachelor/HLS4ML_testbench_KV260/development/hgq2/1/hls4ml_prj_Vitis_2023_latency_reusefactor1/hgq2_1_hls4ml_prj_Vitis_2023_latency_reusefactor1_prj/solution1/syn/report/csynth_design_size.rpt
INFO: [HLS 200-1995] There were 7,376 instructions in the design after the 'Array/Struct (step 3)' phase of compilation. See the Design Size Report for more details: /home/ncgadmin/Bachelor/HLS4ML_testbench_KV260/development/hgq2/1/hls4ml_prj_Vitis_2023_latency_reusefactor1/hgq2_1_hls4ml_prj_Vitis_2023_latency_reusefactor1_prj/solution1/syn/report/csynth_design_size.rpt
INFO: [HLS 200-1995] There were 7,392 instructions in the design after the 'Array/Struct (step 4)' phase of compilation. See the Design Size Report for more details: /home/ncgadmin/Bachelor/HLS4ML_testbench_KV260/development/hgq2/1/hls4ml_prj_Vitis_2023_latency_reusefactor1/hgq2_1_hls4ml_prj_Vitis_2023_latency_reusefactor1_prj/solution1/syn/report/csynth_design_size.rpt
INFO: [HLS 200-1995] There were 7,179 instructions in the design after the 'Array/Struct (step 5)' phase of compilation. See the Design Size Report for more details: /home/ncgadmin/Bachelor/HLS4ML_testbench_KV260/development/hgq2/1/hls4ml_prj_Vitis_2023_latency_reusefactor1/hgq2_1_hls4ml_prj_Vitis_2023_latency_reusefactor1_prj/solution1/syn/report/csynth_design_size.rpt
INFO: [HLS 200-1995] There were 6,688 instructions in the design after the 'Performance (step 1)' phase of compilation. See the Design Size Report for more details: /home/ncgadmin/Bachelor/HLS4ML_testbench_KV260/development/hgq2/1/hls4ml_prj_Vitis_2023_latency_reusefactor1/hgq2_1_hls4ml_prj_Vitis_2023_latency_reusefactor1_prj/solution1/syn/report/csynth_design_size.rpt
INFO: [HLS 200-1995] There were 5,700 instructions in the design after the 'Performance (step 2)' phase of compilation. See the Design Size Report for more details: /home/ncgadmin/Bachelor/HLS4ML_testbench_KV260/development/hgq2/1/hls4ml_prj_Vitis_2023_latency_reusefactor1/hgq2_1_hls4ml_prj_Vitis_2023_latency_reusefactor1_prj/solution1/syn/report/csynth_design_size.rpt
INFO: [HLS 200-1995] There were 5,700 instructions in the design after the 'Performance (step 3)' phase of compilation. See the Design Size Report for more details: /home/ncgadmin/Bachelor/HLS4ML_testbench_KV260/development/hgq2/1/hls4ml_prj_Vitis_2023_latency_reusefactor1/hgq2_1_hls4ml_prj_Vitis_2023_latency_reusefactor1_prj/solution1/syn/report/csynth_design_size.rpt
INFO: [HLS 200-1995] There were 5,700 instructions in the design after the 'Performance (step 4)' phase of compilation. See the Design Size Report for more details: /home/ncgadmin/Bachelor/HLS4ML_testbench_KV260/development/hgq2/1/hls4ml_prj_Vitis_2023_latency_reusefactor1/hgq2_1_hls4ml_prj_Vitis_2023_latency_reusefactor1_prj/solution1/syn/report/csynth_design_size.rpt
INFO: [HLS 200-1995] There were 5,706 instructions in the design after the 'HW Transforms (step 1)' phase of compilation. See the Design Size Report for more details: /home/ncgadmin/Bachelor/HLS4ML_testbench_KV260/development/hgq2/1/hls4ml_prj_Vitis_2023_latency_reusefactor1/hgq2_1_hls4ml_prj_Vitis_2023_latency_reusefactor1_prj/solution1/syn/report/csynth_design_size.rpt
INFO: [HLS 200-1995] There were 5,715 instructions in the design after the 'HW Transforms (step 2)' phase of compilation. See the Design Size Report for more details: /home/ncgadmin/Bachelor/HLS4ML_testbench_KV260/development/hgq2/1/hls4ml_prj_Vitis_2023_latency_reusefactor1/hgq2_1_hls4ml_prj_Vitis_2023_latency_reusefactor1_prj/solution1/syn/report/csynth_design_size.rpt
INFO: [HLS 214-131] Inlining function 'nnet::product::mult<ap_fixed<26, 19, (ap_q_mode)5, (ap_o_mode)3, 0>, ap_fixed<10, 4, (ap_q_mode)5, (ap_o_mode)3, 0> >::product(ap_fixed<26, 19, (ap_q_mode)5, (ap_o_mode)3, 0>, ap_fixed<10, 4, (ap_q_mode)5, (ap_o_mode)3, 0>)' into 'void nnet::dense_latency<ap_fixed<26, 19, (ap_q_mode)5, (ap_o_mode)3, 0>, ap_fixed<14, 8, (ap_q_mode)5, (ap_o_mode)3, 0>, config3>(ap_fixed<26, 19, (ap_q_mode)5, (ap_o_mode)3, 0>*, ap_fixed<14, 8, (ap_q_mode)5, (ap_o_mode)3, 0>*, config3::weight_t*, config3::bias_t*)' (firmware/nnet_utils/nnet_dense_latency.h:42:27)
INFO: [HLS 214-131] Inlining function 'nnet::DenseLatency<ap_fixed<26, 19, (ap_q_mode)5, (ap_o_mode)3, 0>, ap_fixed<14, 8, (ap_q_mode)5, (ap_o_mode)3, 0>, config3>::dense(ap_fixed<26, 19, (ap_q_mode)5, (ap_o_mode)3, 0>*, ap_fixed<14, 8, (ap_q_mode)5, (ap_o_mode)3, 0>*, ap_fixed<10, 4, (ap_q_mode)5, (ap_o_mode)3, 0>*, ap_fixed<9, 3, (ap_q_mode)5, (ap_o_mode)3, 0>*)' into 'void nnet::dense<ap_fixed<26, 19, (ap_q_mode)5, (ap_o_mode)3, 0>, ap_fixed<14, 8, (ap_q_mode)5, (ap_o_mode)3, 0>, config3>(ap_fixed<26, 19, (ap_q_mode)5, (ap_o_mode)3, 0>*, ap_fixed<14, 8, (ap_q_mode)5, (ap_o_mode)3, 0>*, config3::weight_t*, config3::bias_t*)' (firmware/nnet_utils/nnet_dense.h:45:2)
INFO: [HLS 214-131] Inlining function 'nnet::product::mult<ap_ufixed<11, 6, (ap_q_mode)5, (ap_o_mode)3, 0>, ap_fixed<9, 5, (ap_q_mode)5, (ap_o_mode)3, 0> >::product(ap_ufixed<11, 6, (ap_q_mode)5, (ap_o_mode)3, 0>, ap_fixed<9, 5, (ap_q_mode)5, (ap_o_mode)3, 0>)' into 'void nnet::dense_latency<ap_ufixed<11, 6, (ap_q_mode)5, (ap_o_mode)3, 0>, ap_fixed<14, 11, (ap_q_mode)5, (ap_o_mode)3, 0>, config6>(ap_ufixed<11, 6, (ap_q_mode)5, (ap_o_mode)3, 0>*, ap_fixed<14, 11, (ap_q_mode)5, (ap_o_mode)3, 0>*, config6::weight_t*, config6::bias_t*)' (firmware/nnet_utils/nnet_dense_latency.h:42:27)
INFO: [HLS 214-131] Inlining function 'nnet::DenseLatency<ap_ufixed<11, 6, (ap_q_mode)5, (ap_o_mode)3, 0>, ap_fixed<14, 11, (ap_q_mode)5, (ap_o_mode)3, 0>, config6>::dense(ap_ufixed<11, 6, (ap_q_mode)5, (ap_o_mode)3, 0>*, ap_fixed<14, 11, (ap_q_mode)5, (ap_o_mode)3, 0>*, ap_fixed<9, 5, (ap_q_mode)5, (ap_o_mode)3, 0>*, ap_fixed<7, 4, (ap_q_mode)5, (ap_o_mode)3, 0>*)' into 'void nnet::dense<ap_ufixed<11, 6, (ap_q_mode)5, (ap_o_mode)3, 0>, ap_fixed<14, 11, (ap_q_mode)5, (ap_o_mode)3, 0>, config6>(ap_ufixed<11, 6, (ap_q_mode)5, (ap_o_mode)3, 0>*, ap_fixed<14, 11, (ap_q_mode)5, (ap_o_mode)3, 0>*, config6::weight_t*, config6::bias_t*)' (firmware/nnet_utils/nnet_dense.h:45:2)
INFO: [HLS 214-131] Inlining function 'nnet::product::mult<ap_ufixed<9, 7, (ap_q_mode)5, (ap_o_mode)3, 0>, ap_fixed<9, 4, (ap_q_mode)5, (ap_o_mode)3, 0> >::product(ap_ufixed<9, 7, (ap_q_mode)5, (ap_o_mode)3, 0>, ap_fixed<9, 4, (ap_q_mode)5, (ap_o_mode)3, 0>)' into 'void nnet::dense_latency<ap_ufixed<9, 7, (ap_q_mode)5, (ap_o_mode)3, 0>, ap_fixed<15, 11, (ap_q_mode)5, (ap_o_mode)3, 0>, config9>(ap_ufixed<9, 7, (ap_q_mode)5, (ap_o_mode)3, 0>*, ap_fixed<15, 11, (ap_q_mode)5, (ap_o_mode)3, 0>*, config9::weight_t*, config9::bias_t*)' (firmware/nnet_utils/nnet_dense_latency.h:42:27)
INFO: [HLS 214-131] Inlining function 'nnet::DenseLatency<ap_ufixed<9, 7, (ap_q_mode)5, (ap_o_mode)3, 0>, ap_fixed<15, 11, (ap_q_mode)5, (ap_o_mode)3, 0>, config9>::dense(ap_ufixed<9, 7, (ap_q_mode)5, (ap_o_mode)3, 0>*, ap_fixed<15, 11, (ap_q_mode)5, (ap_o_mode)3, 0>*, ap_fixed<9, 4, (ap_q_mode)5, (ap_o_mode)3, 0>*, ap_fixed<7, 3, (ap_q_mode)5, (ap_o_mode)3, 0>*)' into 'void nnet::dense<ap_ufixed<9, 7, (ap_q_mode)5, (ap_o_mode)3, 0>, ap_fixed<15, 11, (ap_q_mode)5, (ap_o_mode)3, 0>, config9>(ap_ufixed<9, 7, (ap_q_mode)5, (ap_o_mode)3, 0>*, ap_fixed<15, 11, (ap_q_mode)5, (ap_o_mode)3, 0>*, config9::weight_t*, config9::bias_t*)' (firmware/nnet_utils/nnet_dense.h:45:2)
INFO: [HLS 214-131] Inlining function 'nnet::product::mult<ap_ufixed<10, 7, (ap_q_mode)5, (ap_o_mode)3, 0>, ap_fixed<7, 1, (ap_q_mode)5, (ap_o_mode)3, 0> >::product(ap_ufixed<10, 7, (ap_q_mode)5, (ap_o_mode)3, 0>, ap_fixed<7, 1, (ap_q_mode)5, (ap_o_mode)3, 0>)' into 'void nnet::dense_latency<ap_ufixed<10, 7, (ap_q_mode)5, (ap_o_mode)3, 0>, ap_fixed<10, 7, (ap_q_mode)5, (ap_o_mode)3, 0>, config12>(ap_ufixed<10, 7, (ap_q_mode)5, (ap_o_mode)3, 0>*, ap_fixed<10, 7, (ap_q_mode)5, (ap_o_mode)3, 0>*, config12::weight_t*, config12::bias_t*)' (firmware/nnet_utils/nnet_dense_latency.h:42:27)
INFO: [HLS 214-131] Inlining function 'nnet::DenseLatency<ap_ufixed<10, 7, (ap_q_mode)5, (ap_o_mode)3, 0>, ap_fixed<10, 7, (ap_q_mode)5, (ap_o_mode)3, 0>, config12>::dense(ap_ufixed<10, 7, (ap_q_mode)5, (ap_o_mode)3, 0>*, ap_fixed<10, 7, (ap_q_mode)5, (ap_o_mode)3, 0>*, ap_fixed<7, 1, (ap_q_mode)5, (ap_o_mode)3, 0>*, ap_fixed<3, -2, (ap_q_mode)5, (ap_o_mode)3, 0>*)' into 'void nnet::dense<ap_ufixed<10, 7, (ap_q_mode)5, (ap_o_mode)3, 0>, ap_fixed<10, 7, (ap_q_mode)5, (ap_o_mode)3, 0>, config12>(ap_ufixed<10, 7, (ap_q_mode)5, (ap_o_mode)3, 0>*, ap_fixed<10, 7, (ap_q_mode)5, (ap_o_mode)3, 0>*, config12::weight_t*, config12::bias_t*)' (firmware/nnet_utils/nnet_dense.h:45:2)
INFO: [HLS 214-131] Inlining function 'void nnet::dense_0_iq<ap_fixed<27, 19, (ap_q_mode)5, (ap_o_mode)3, 0>, ap_fixed<26, 19, (ap_q_mode)5, (ap_o_mode)3, 0> >(ap_fixed<27, 19, (ap_q_mode)5, (ap_o_mode)3, 0>*, ap_fixed<26, 19, (ap_q_mode)5, (ap_o_mode)3, 0>*)' into 'hgq2_1_hls4ml_prj_Vitis_2023_latency_reusefactor1(ap_fixed<27, 19, (ap_q_mode)5, (ap_o_mode)3, 0>*, ap_fixed<9, 7, (ap_q_mode)5, (ap_o_mode)3, 0>*)' (firmware/hgq2_1_hls4ml_prj_Vitis_2023_latency_reusefactor1.cpp:71:2)
INFO: [HLS 214-131] Inlining function 'void nnet::dense_3_oq<ap_fixed<10, 7, (ap_q_mode)5, (ap_o_mode)3, 0>, ap_fixed<9, 7, (ap_q_mode)5, (ap_o_mode)3, 0> >(ap_fixed<10, 7, (ap_q_mode)5, (ap_o_mode)3, 0>*, ap_fixed<9, 7, (ap_q_mode)5, (ap_o_mode)3, 0>*)' into 'hgq2_1_hls4ml_prj_Vitis_2023_latency_reusefactor1(ap_fixed<27, 19, (ap_q_mode)5, (ap_o_mode)3, 0>*, ap_fixed<9, 7, (ap_q_mode)5, (ap_o_mode)3, 0>*)' (firmware/hgq2_1_hls4ml_prj_Vitis_2023_latency_reusefactor1.cpp:93:5)
INFO: [HLS 214-131] Inlining function 'void nnet::dense<ap_ufixed<10, 7, (ap_q_mode)5, (ap_o_mode)3, 0>, ap_fixed<10, 7, (ap_q_mode)5, (ap_o_mode)3, 0>, config12>(ap_ufixed<10, 7, (ap_q_mode)5, (ap_o_mode)3, 0>*, ap_fixed<10, 7, (ap_q_mode)5, (ap_o_mode)3, 0>*, config12::weight_t*, config12::bias_t*)' into 'hgq2_1_hls4ml_prj_Vitis_2023_latency_reusefactor1(ap_fixed<27, 19, (ap_q_mode)5, (ap_o_mode)3, 0>*, ap_fixed<9, 7, (ap_q_mode)5, (ap_o_mode)3, 0>*)' (firmware/hgq2_1_hls4ml_prj_Vitis_2023_latency_reusefactor1.cpp:91:5)
INFO: [HLS 214-131] Inlining function 'void nnet::dense<ap_fixed<26, 19, (ap_q_mode)5, (ap_o_mode)3, 0>, ap_fixed<14, 8, (ap_q_mode)5, (ap_o_mode)3, 0>, config3>(ap_fixed<26, 19, (ap_q_mode)5, (ap_o_mode)3, 0>*, ap_fixed<14, 8, (ap_q_mode)5, (ap_o_mode)3, 0>*, config3::weight_t*, config3::bias_t*)' into 'hgq2_1_hls4ml_prj_Vitis_2023_latency_reusefactor1(ap_fixed<27, 19, (ap_q_mode)5, (ap_o_mode)3, 0>*, ap_fixed<9, 7, (ap_q_mode)5, (ap_o_mode)3, 0>*)' (firmware/hgq2_1_hls4ml_prj_Vitis_2023_latency_reusefactor1.cpp:73:5)
INFO: [HLS 214-131] Inlining function 'void nnet::dense_1_iq<ap_ufixed<12, 6, (ap_q_mode)5, (ap_o_mode)3, 0>, ap_ufixed<11, 6, (ap_q_mode)5, (ap_o_mode)3, 0> >(ap_ufixed<12, 6, (ap_q_mode)5, (ap_o_mode)3, 0>*, ap_ufixed<11, 6, (ap_q_mode)5, (ap_o_mode)3, 0>*)' into 'hgq2_1_hls4ml_prj_Vitis_2023_latency_reusefactor1(ap_fixed<27, 19, (ap_q_mode)5, (ap_o_mode)3, 0>*, ap_fixed<9, 7, (ap_q_mode)5, (ap_o_mode)3, 0>*)' (firmware/hgq2_1_hls4ml_prj_Vitis_2023_latency_reusefactor1.cpp:77:5)
INFO: [HLS 214-131] Inlining function 'void nnet::dense_3_iq<ap_ufixed<11, 7, (ap_q_mode)5, (ap_o_mode)3, 0>, ap_ufixed<10, 7, (ap_q_mode)5, (ap_o_mode)3, 0> >(ap_ufixed<11, 7, (ap_q_mode)5, (ap_o_mode)3, 0>*, ap_ufixed<10, 7, (ap_q_mode)5, (ap_o_mode)3, 0>*)' into 'hgq2_1_hls4ml_prj_Vitis_2023_latency_reusefactor1(ap_fixed<27, 19, (ap_q_mode)5, (ap_o_mode)3, 0>*, ap_fixed<9, 7, (ap_q_mode)5, (ap_o_mode)3, 0>*)' (firmware/hgq2_1_hls4ml_prj_Vitis_2023_latency_reusefactor1.cpp:89:5)
INFO: [HLS 214-131] Inlining function 'void nnet::dense<ap_ufixed<11, 6, (ap_q_mode)5, (ap_o_mode)3, 0>, ap_fixed<14, 11, (ap_q_mode)5, (ap_o_mode)3, 0>, config6>(ap_ufixed<11, 6, (ap_q_mode)5, (ap_o_mode)3, 0>*, ap_fixed<14, 11, (ap_q_mode)5, (ap_o_mode)3, 0>*, config6::weight_t*, config6::bias_t*)' into 'hgq2_1_hls4ml_prj_Vitis_2023_latency_reusefactor1(ap_fixed<27, 19, (ap_q_mode)5, (ap_o_mode)3, 0>*, ap_fixed<9, 7, (ap_q_mode)5, (ap_o_mode)3, 0>*)' (firmware/hgq2_1_hls4ml_prj_Vitis_2023_latency_reusefactor1.cpp:79:5)
INFO: [HLS 214-131] Inlining function 'void nnet::dense_2_iq<ap_ufixed<10, 7, (ap_q_mode)5, (ap_o_mode)3, 0>, ap_ufixed<9, 7, (ap_q_mode)5, (ap_o_mode)3, 0> >(ap_ufixed<10, 7, (ap_q_mode)5, (ap_o_mode)3, 0>*, ap_ufixed<9, 7, (ap_q_mode)5, (ap_o_mode)3, 0>*)' into 'hgq2_1_hls4ml_prj_Vitis_2023_latency_reusefactor1(ap_fixed<27, 19, (ap_q_mode)5, (ap_o_mode)3, 0>*, ap_fixed<9, 7, (ap_q_mode)5, (ap_o_mode)3, 0>*)' (firmware/hgq2_1_hls4ml_prj_Vitis_2023_latency_reusefactor1.cpp:83:5)
INFO: [HLS 214-131] Inlining function 'void nnet::dense<ap_ufixed<9, 7, (ap_q_mode)5, (ap_o_mode)3, 0>, ap_fixed<15, 11, (ap_q_mode)5, (ap_o_mode)3, 0>, config9>(ap_ufixed<9, 7, (ap_q_mode)5, (ap_o_mode)3, 0>*, ap_fixed<15, 11, (ap_q_mode)5, (ap_o_mode)3, 0>*, config9::weight_t*, config9::bias_t*)' into 'hgq2_1_hls4ml_prj_Vitis_2023_latency_reusefactor1(ap_fixed<27, 19, (ap_q_mode)5, (ap_o_mode)3, 0>*, ap_fixed<9, 7, (ap_q_mode)5, (ap_o_mode)3, 0>*)' (firmware/hgq2_1_hls4ml_prj_Vitis_2023_latency_reusefactor1.cpp:85:5)
INFO: [HLS 214-291] Loop 'Result' is marked as complete unroll implied by the pipeline pragma (firmware/nnet_utils/nnet_dense_latency.h:64:5)
INFO: [HLS 214-291] Loop 'Accum1' is marked as complete unroll implied by the pipeline pragma (firmware/nnet_utils/nnet_dense_latency.h:54:5)
INFO: [HLS 214-291] Loop 'Accum2' is marked as complete unroll implied by the pipeline pragma (firmware/nnet_utils/nnet_dense_latency.h:56:9)
INFO: [HLS 214-291] Loop 'ResetAccum' is marked as complete unroll implied by the pipeline pragma (firmware/nnet_utils/nnet_dense_latency.h:48:5)
INFO: [HLS 214-291] Loop 'Product1' is marked as complete unroll implied by the pipeline pragma (firmware/nnet_utils/nnet_dense_latency.h:37:5)
INFO: [HLS 214-291] Loop 'Product2' is marked as complete unroll implied by the pipeline pragma (firmware/nnet_utils/nnet_dense_latency.h:40:9)
INFO: [HLS 214-291] Loop 'VITIS_LOOP_43_1' is marked as complete unroll implied by the pipeline pragma (firmware/nnet_utils/nnet_activation.h:43:22)
INFO: [HLS 214-186] Unrolling loop 'Result' (firmware/nnet_utils/nnet_dense_latency.h:64:5) in function 'nnet::dense_latency<ap_ufixed<10, 7, (ap_q_mode)5, (ap_o_mode)3, 0>, ap_fixed<10, 7, (ap_q_mode)5, (ap_o_mode)3, 0>, config12>' completely with a factor of 5 (firmware/nnet_utils/nnet_dense_latency.h:15:0)
INFO: [HLS 214-186] Unrolling loop 'Accum1' (firmware/nnet_utils/nnet_dense_latency.h:54:5) in function 'nnet::dense_latency<ap_ufixed<10, 7, (ap_q_mode)5, (ap_o_mode)3, 0>, ap_fixed<10, 7, (ap_q_mode)5, (ap_o_mode)3, 0>, config12>' completely with a factor of 32 (firmware/nnet_utils/nnet_dense_latency.h:15:0)
INFO: [HLS 214-186] Unrolling loop 'Accum2' (firmware/nnet_utils/nnet_dense_latency.h:56:9) in function 'nnet::dense_latency<ap_ufixed<10, 7, (ap_q_mode)5, (ap_o_mode)3, 0>, ap_fixed<10, 7, (ap_q_mode)5, (ap_o_mode)3, 0>, config12>' completely with a factor of 5 (firmware/nnet_utils/nnet_dense_latency.h:15:0)
INFO: [HLS 214-186] Unrolling loop 'ResetAccum' (firmware/nnet_utils/nnet_dense_latency.h:48:5) in function 'nnet::dense_latency<ap_ufixed<10, 7, (ap_q_mode)5, (ap_o_mode)3, 0>, ap_fixed<10, 7, (ap_q_mode)5, (ap_o_mode)3, 0>, config12>' completely with a factor of 5 (firmware/nnet_utils/nnet_dense_latency.h:15:0)
INFO: [HLS 214-186] Unrolling loop 'Product1' (firmware/nnet_utils/nnet_dense_latency.h:37:5) in function 'nnet::dense_latency<ap_ufixed<10, 7, (ap_q_mode)5, (ap_o_mode)3, 0>, ap_fixed<10, 7, (ap_q_mode)5, (ap_o_mode)3, 0>, config12>' completely with a factor of 32 (firmware/nnet_utils/nnet_dense_latency.h:15:0)
INFO: [HLS 214-186] Unrolling loop 'Product2' (firmware/nnet_utils/nnet_dense_latency.h:40:9) in function 'nnet::dense_latency<ap_ufixed<10, 7, (ap_q_mode)5, (ap_o_mode)3, 0>, ap_fixed<10, 7, (ap_q_mode)5, (ap_o_mode)3, 0>, config12>' completely with a factor of 5 (firmware/nnet_utils/nnet_dense_latency.h:15:0)
INFO: [HLS 214-186] Unrolling loop 'VITIS_LOOP_43_1' (firmware/nnet_utils/nnet_activation.h:43:22) in function 'nnet::relu<ap_fixed<15, 11, (ap_q_mode)5, (ap_o_mode)3, 0>, ap_ufixed<11, 7, (ap_q_mode)5, (ap_o_mode)3, 0>, relu_config10>' completely with a factor of 32 (firmware/nnet_utils/nnet_activation.h:39:0)
INFO: [HLS 214-186] Unrolling loop 'Result' (firmware/nnet_utils/nnet_dense_latency.h:64:5) in function 'nnet::dense_latency<ap_ufixed<9, 7, (ap_q_mode)5, (ap_o_mode)3, 0>, ap_fixed<15, 11, (ap_q_mode)5, (ap_o_mode)3, 0>, config9>' completely with a factor of 32 (firmware/nnet_utils/nnet_dense_latency.h:15:0)
INFO: [HLS 214-186] Unrolling loop 'Accum1' (firmware/nnet_utils/nnet_dense_latency.h:54:5) in function 'nnet::dense_latency<ap_ufixed<9, 7, (ap_q_mode)5, (ap_o_mode)3, 0>, ap_fixed<15, 11, (ap_q_mode)5, (ap_o_mode)3, 0>, config9>' completely with a factor of 32 (firmware/nnet_utils/nnet_dense_latency.h:15:0)
INFO: [HLS 214-186] Unrolling loop 'Accum2' (firmware/nnet_utils/nnet_dense_latency.h:56:9) in function 'nnet::dense_latency<ap_ufixed<9, 7, (ap_q_mode)5, (ap_o_mode)3, 0>, ap_fixed<15, 11, (ap_q_mode)5, (ap_o_mode)3, 0>, config9>' completely with a factor of 32 (firmware/nnet_utils/nnet_dense_latency.h:15:0)
INFO: [HLS 214-186] Unrolling loop 'ResetAccum' (firmware/nnet_utils/nnet_dense_latency.h:48:5) in function 'nnet::dense_latency<ap_ufixed<9, 7, (ap_q_mode)5, (ap_o_mode)3, 0>, ap_fixed<15, 11, (ap_q_mode)5, (ap_o_mode)3, 0>, config9>' completely with a factor of 32 (firmware/nnet_utils/nnet_dense_latency.h:15:0)
INFO: [HLS 214-186] Unrolling loop 'Product1' (firmware/nnet_utils/nnet_dense_latency.h:37:5) in function 'nnet::dense_latency<ap_ufixed<9, 7, (ap_q_mode)5, (ap_o_mode)3, 0>, ap_fixed<15, 11, (ap_q_mode)5, (ap_o_mode)3, 0>, config9>' completely with a factor of 32 (firmware/nnet_utils/nnet_dense_latency.h:15:0)
INFO: [HLS 214-186] Unrolling loop 'Product2' (firmware/nnet_utils/nnet_dense_latency.h:40:9) in function 'nnet::dense_latency<ap_ufixed<9, 7, (ap_q_mode)5, (ap_o_mode)3, 0>, ap_fixed<15, 11, (ap_q_mode)5, (ap_o_mode)3, 0>, config9>' completely with a factor of 32 (firmware/nnet_utils/nnet_dense_latency.h:15:0)
INFO: [HLS 214-186] Unrolling loop 'VITIS_LOOP_43_1' (firmware/nnet_utils/nnet_activation.h:43:22) in function 'nnet::relu<ap_fixed<14, 11, (ap_q_mode)5, (ap_o_mode)3, 0>, ap_ufixed<10, 7, (ap_q_mode)5, (ap_o_mode)3, 0>, relu_config7>' completely with a factor of 32 (firmware/nnet_utils/nnet_activation.h:39:0)
INFO: [HLS 214-186] Unrolling loop 'Result' (firmware/nnet_utils/nnet_dense_latency.h:64:5) in function 'nnet::dense_latency<ap_ufixed<11, 6, (ap_q_mode)5, (ap_o_mode)3, 0>, ap_fixed<14, 11, (ap_q_mode)5, (ap_o_mode)3, 0>, config6>' completely with a factor of 32 (firmware/nnet_utils/nnet_dense_latency.h:15:0)
INFO: [HLS 214-186] Unrolling loop 'Accum1' (firmware/nnet_utils/nnet_dense_latency.h:54:5) in function 'nnet::dense_latency<ap_ufixed<11, 6, (ap_q_mode)5, (ap_o_mode)3, 0>, ap_fixed<14, 11, (ap_q_mode)5, (ap_o_mode)3, 0>, config6>' completely with a factor of 64 (firmware/nnet_utils/nnet_dense_latency.h:15:0)
INFO: [HLS 214-186] Unrolling loop 'Accum2' (firmware/nnet_utils/nnet_dense_latency.h:56:9) in function 'nnet::dense_latency<ap_ufixed<11, 6, (ap_q_mode)5, (ap_o_mode)3, 0>, ap_fixed<14, 11, (ap_q_mode)5, (ap_o_mode)3, 0>, config6>' completely with a factor of 32 (firmware/nnet_utils/nnet_dense_latency.h:15:0)
INFO: [HLS 214-186] Unrolling loop 'ResetAccum' (firmware/nnet_utils/nnet_dense_latency.h:48:5) in function 'nnet::dense_latency<ap_ufixed<11, 6, (ap_q_mode)5, (ap_o_mode)3, 0>, ap_fixed<14, 11, (ap_q_mode)5, (ap_o_mode)3, 0>, config6>' completely with a factor of 32 (firmware/nnet_utils/nnet_dense_latency.h:15:0)
INFO: [HLS 214-186] Unrolling loop 'Product1' (firmware/nnet_utils/nnet_dense_latency.h:37:5) in function 'nnet::dense_latency<ap_ufixed<11, 6, (ap_q_mode)5, (ap_o_mode)3, 0>, ap_fixed<14, 11, (ap_q_mode)5, (ap_o_mode)3, 0>, config6>' completely with a factor of 64 (firmware/nnet_utils/nnet_dense_latency.h:15:0)
INFO: [HLS 214-186] Unrolling loop 'Product2' (firmware/nnet_utils/nnet_dense_latency.h:40:9) in function 'nnet::dense_latency<ap_ufixed<11, 6, (ap_q_mode)5, (ap_o_mode)3, 0>, ap_fixed<14, 11, (ap_q_mode)5, (ap_o_mode)3, 0>, config6>' completely with a factor of 32 (firmware/nnet_utils/nnet_dense_latency.h:15:0)
INFO: [HLS 214-186] Unrolling loop 'VITIS_LOOP_43_1' (firmware/nnet_utils/nnet_activation.h:43:22) in function 'nnet::relu<ap_fixed<14, 8, (ap_q_mode)5, (ap_o_mode)3, 0>, ap_ufixed<12, 6, (ap_q_mode)5, (ap_o_mode)3, 0>, relu_config4>' completely with a factor of 64 (firmware/nnet_utils/nnet_activation.h:39:0)
INFO: [HLS 214-186] Unrolling loop 'Result' (firmware/nnet_utils/nnet_dense_latency.h:64:5) in function 'nnet::dense_latency<ap_fixed<26, 19, (ap_q_mode)5, (ap_o_mode)3, 0>, ap_fixed<14, 8, (ap_q_mode)5, (ap_o_mode)3, 0>, config3>' completely with a factor of 64 (firmware/nnet_utils/nnet_dense_latency.h:15:0)
INFO: [HLS 214-186] Unrolling loop 'Accum1' (firmware/nnet_utils/nnet_dense_latency.h:54:5) in function 'nnet::dense_latency<ap_fixed<26, 19, (ap_q_mode)5, (ap_o_mode)3, 0>, ap_fixed<14, 8, (ap_q_mode)5, (ap_o_mode)3, 0>, config3>' completely with a factor of 16 (firmware/nnet_utils/nnet_dense_latency.h:15:0)
INFO: [HLS 214-186] Unrolling loop 'Accum2' (firmware/nnet_utils/nnet_dense_latency.h:56:9) in function 'nnet::dense_latency<ap_fixed<26, 19, (ap_q_mode)5, (ap_o_mode)3, 0>, ap_fixed<14, 8, (ap_q_mode)5, (ap_o_mode)3, 0>, config3>' completely with a factor of 64 (firmware/nnet_utils/nnet_dense_latency.h:15:0)
INFO: [HLS 214-186] Unrolling loop 'ResetAccum' (firmware/nnet_utils/nnet_dense_latency.h:48:5) in function 'nnet::dense_latency<ap_fixed<26, 19, (ap_q_mode)5, (ap_o_mode)3, 0>, ap_fixed<14, 8, (ap_q_mode)5, (ap_o_mode)3, 0>, config3>' completely with a factor of 64 (firmware/nnet_utils/nnet_dense_latency.h:15:0)
INFO: [HLS 214-186] Unrolling loop 'Product1' (firmware/nnet_utils/nnet_dense_latency.h:37:5) in function 'nnet::dense_latency<ap_fixed<26, 19, (ap_q_mode)5, (ap_o_mode)3, 0>, ap_fixed<14, 8, (ap_q_mode)5, (ap_o_mode)3, 0>, config3>' completely with a factor of 16 (firmware/nnet_utils/nnet_dense_latency.h:15:0)
INFO: [HLS 214-186] Unrolling loop 'Product2' (firmware/nnet_utils/nnet_dense_latency.h:40:9) in function 'nnet::dense_latency<ap_fixed<26, 19, (ap_q_mode)5, (ap_o_mode)3, 0>, ap_fixed<14, 8, (ap_q_mode)5, (ap_o_mode)3, 0>, config3>' completely with a factor of 64 (firmware/nnet_utils/nnet_dense_latency.h:15:0)
INFO: [HLS 214-178] Inlining function 'std::enable_if<!(std::is_same<ap_ufixed<10, 7, (ap_q_mode)5, (ap_o_mode)3, 0>, ap_uint<1> >::value), ap_fixed<10, 7, (ap_q_mode)5, (ap_o_mode)3, 0> >::type nnet::cast<ap_ufixed<10, 7, (ap_q_mode)5, (ap_o_mode)3, 0>, ap_fixed<10, 7, (ap_q_mode)5, (ap_o_mode)3, 0>, config12>(config12::accum_t)' into 'void nnet::dense_latency<ap_ufixed<10, 7, (ap_q_mode)5, (ap_o_mode)3, 0>, ap_fixed<10, 7, (ap_q_mode)5, (ap_o_mode)3, 0>, config12>(ap_ufixed<10, 7, (ap_q_mode)5, (ap_o_mode)3, 0>*, ap_fixed<10, 7, (ap_q_mode)5, (ap_o_mode)3, 0>*, config12::weight_t*, config12::bias_t*)' (firmware/nnet_utils/nnet_dense_latency.h:15:0)
INFO: [HLS 214-248] Applying array_partition to 'b12': Complete partitioning on dimension 1. (firmware/weights/b12.h:12:0)
INFO: [HLS 214-248] Applying array_partition to 'b9': Complete partitioning on dimension 1. (firmware/weights/b9.h:12:0)
INFO: [HLS 214-248] Applying array_partition to 'b6': Complete partitioning on dimension 1. (firmware/weights/b6.h:12:0)
INFO: [HLS 214-248] Applying array_partition to 'b3': Complete partitioning on dimension 1. (firmware/weights/b3.h:12:0)
INFO: [HLS 214-248] Applying array_partition to 'mult': Complete partitioning on dimension 1. (firmware/nnet_utils/nnet_dense_latency.h:17:32)
INFO: [HLS 214-248] Applying array_partition to 'layer2_out': Complete partitioning on dimension 1. (firmware/hgq2_1_hls4ml_prj_Vitis_2023_latency_reusefactor1.cpp:38:15)
INFO: [HLS 214-248] Applying array_partition to 'layer3_out': Complete partitioning on dimension 1. (firmware/hgq2_1_hls4ml_prj_Vitis_2023_latency_reusefactor1.cpp:41:12)
INFO: [HLS 214-248] Applying array_partition to 'layer4_out': Complete partitioning on dimension 1. (firmware/hgq2_1_hls4ml_prj_Vitis_2023_latency_reusefactor1.cpp:44:17)
INFO: [HLS 214-248] Applying array_partition to 'layer5_out': Complete partitioning on dimension 1. (firmware/hgq2_1_hls4ml_prj_Vitis_2023_latency_reusefactor1.cpp:47:15)
INFO: [HLS 214-248] Applying array_partition to 'layer6_out': Complete partitioning on dimension 1. (firmware/hgq2_1_hls4ml_prj_Vitis_2023_latency_reusefactor1.cpp:50:12)
INFO: [HLS 214-248] Applying array_partition to 'layer7_out': Complete partitioning on dimension 1. (firmware/hgq2_1_hls4ml_prj_Vitis_2023_latency_reusefactor1.cpp:53:17)
INFO: [HLS 214-248] Applying array_partition to 'layer8_out': Complete partitioning on dimension 1. (firmware/hgq2_1_hls4ml_prj_Vitis_2023_latency_reusefactor1.cpp:56:15)
INFO: [HLS 214-248] Applying array_partition to 'layer9_out': Complete partitioning on dimension 1. (firmware/hgq2_1_hls4ml_prj_Vitis_2023_latency_reusefactor1.cpp:59:12)
INFO: [HLS 214-248] Applying array_partition to 'layer10_out': Complete partitioning on dimension 1. (firmware/hgq2_1_hls4ml_prj_Vitis_2023_latency_reusefactor1.cpp:62:17)
INFO: [HLS 214-248] Applying array_partition to 'layer11_out': Complete partitioning on dimension 1. (firmware/hgq2_1_hls4ml_prj_Vitis_2023_latency_reusefactor1.cpp:65:15)
INFO: [HLS 214-248] Applying array_partition to 'layer12_out': Complete partitioning on dimension 1. (firmware/hgq2_1_hls4ml_prj_Vitis_2023_latency_reusefactor1.cpp:68:12)
INFO: [HLS 214-248] Applying array_partition to 'layer13_out': Complete partitioning on dimension 1. (firmware/hgq2_1_hls4ml_prj_Vitis_2023_latency_reusefactor1.cpp:10:0)
INFO: [HLS 214-248] Applying array_reshape to 'input_layer': Complete reshaping on dimension 1. (firmware/hgq2_1_hls4ml_prj_Vitis_2023_latency_reusefactor1.cpp:10:0)
INFO: [HLS 214-364] Automatically inlining function 'std::enable_if<!(std::is_same<ap_fixed<26, 19, (ap_q_mode)5, (ap_o_mode)3, 0>, ap_uint<1> >::value), ap_fixed<14, 8, (ap_q_mode)5, (ap_o_mode)3, 0> >::type nnet::cast<ap_fixed<26, 19, (ap_q_mode)5, (ap_o_mode)3, 0>, ap_fixed<14, 8, (ap_q_mode)5, (ap_o_mode)3, 0>, config3>(config3::accum_t)' to improve effectiveness of pipeline pragma in function 'void nnet::dense_latency<ap_fixed<26, 19, (ap_q_mode)5, (ap_o_mode)3, 0>, ap_fixed<14, 8, (ap_q_mode)5, (ap_o_mode)3, 0>, config3>(ap_fixed<26, 19, (ap_q_mode)5, (ap_o_mode)3, 0>*, ap_fixed<14, 8, (ap_q_mode)5, (ap_o_mode)3, 0>*, config3::weight_t*, config3::bias_t*)' (firmware/nnet_utils/nnet_dense_latency.h:66:21)
INFO: [HLS 214-364] Automatically inlining function 'std::enable_if<!(std::is_same<ap_ufixed<11, 6, (ap_q_mode)5, (ap_o_mode)3, 0>, ap_uint<1> >::value), ap_fixed<14, 11, (ap_q_mode)5, (ap_o_mode)3, 0> >::type nnet::cast<ap_ufixed<11, 6, (ap_q_mode)5, (ap_o_mode)3, 0>, ap_fixed<14, 11, (ap_q_mode)5, (ap_o_mode)3, 0>, config6>(config6::accum_t)' to improve effectiveness of pipeline pragma in function 'void nnet::dense_latency<ap_ufixed<11, 6, (ap_q_mode)5, (ap_o_mode)3, 0>, ap_fixed<14, 11, (ap_q_mode)5, (ap_o_mode)3, 0>, config6>(ap_ufixed<11, 6, (ap_q_mode)5, (ap_o_mode)3, 0>*, ap_fixed<14, 11, (ap_q_mode)5, (ap_o_mode)3, 0>*, config6::weight_t*, config6::bias_t*)' (firmware/nnet_utils/nnet_dense_latency.h:66:21)
INFO: [HLS 214-364] Automatically inlining function 'std::enable_if<!(std::is_same<ap_ufixed<9, 7, (ap_q_mode)5, (ap_o_mode)3, 0>, ap_uint<1> >::value), ap_fixed<15, 11, (ap_q_mode)5, (ap_o_mode)3, 0> >::type nnet::cast<ap_ufixed<9, 7, (ap_q_mode)5, (ap_o_mode)3, 0>, ap_fixed<15, 11, (ap_q_mode)5, (ap_o_mode)3, 0>, config9>(config9::accum_t)' to improve effectiveness of pipeline pragma in function 'void nnet::dense_latency<ap_ufixed<9, 7, (ap_q_mode)5, (ap_o_mode)3, 0>, ap_fixed<15, 11, (ap_q_mode)5, (ap_o_mode)3, 0>, config9>(ap_ufixed<9, 7, (ap_q_mode)5, (ap_o_mode)3, 0>*, ap_fixed<15, 11, (ap_q_mode)5, (ap_o_mode)3, 0>*, config9::weight_t*, config9::bias_t*)' (firmware/nnet_utils/nnet_dense_latency.h:66:21)
INFO: [HLS 200-111] Finished Compiling Optimization and Transform: CPU user time: 29.49 seconds. CPU system time: 0.43 seconds. Elapsed time: 33.41 seconds; current allocated memory: 210.316 MB.
INFO: [HLS 200-111] Finished Checking Pragmas: CPU user time: 0 seconds. CPU system time: 0 seconds. Elapsed time: 0 seconds; current allocated memory: 210.316 MB.
INFO: [HLS 200-10] Starting code transformations ...
INFO: [HLS 200-111] Finished Standard Transforms: CPU user time: 0.08 seconds. CPU system time: 0 seconds. Elapsed time: 0.16 seconds; current allocated memory: 217.902 MB.
INFO: [HLS 200-10] Checking synthesizability ...
INFO: [HLS 200-111] Finished Checking Synthesizability: CPU user time: 0.08 seconds. CPU system time: 0 seconds. Elapsed time: 0.07 seconds; current allocated memory: 221.695 MB.
INFO: [XFORM 203-11] Balancing expressions in function 'nnet::dense_latency<ap_ufixed<9, 7, (ap_q_mode)5, (ap_o_mode)3, 0>, ap_fixed<15, 11, (ap_q_mode)5, (ap_o_mode)3, 0>, config9>' (firmware/nnet_utils/nnet_mult.h:33:12)...19 expression(s) balanced.
INFO: [XFORM 203-11] Balancing expressions in function 'nnet::dense_latency<ap_ufixed<11, 6, (ap_q_mode)5, (ap_o_mode)3, 0>, ap_fixed<14, 11, (ap_q_mode)5, (ap_o_mode)3, 0>, config6>' (firmware/nnet_utils/nnet_mult.h:33:12)...37 expression(s) balanced.
INFO: [XFORM 203-11] Balancing expressions in function 'nnet::dense_latency<ap_ufixed<10, 7, (ap_q_mode)5, (ap_o_mode)3, 0>, ap_fixed<10, 7, (ap_q_mode)5, (ap_o_mode)3, 0>, config12>' (firmware/nnet_utils/nnet_dense_latency.h:33:1)...37 expression(s) balanced.
INFO: [XFORM 203-11] Balancing expressions in function 'nnet::dense_latency<ap_fixed<26, 19, (ap_q_mode)5, (ap_o_mode)3, 0>, ap_fixed<14, 8, (ap_q_mode)5, (ap_o_mode)3, 0>, config3>' (firmware/nnet_utils/nnet_mult.h:33:12)...65 expression(s) balanced.
INFO: [HLS 200-111] Finished Loop, function and other optimizations: CPU user time: 0.16 seconds. CPU system time: 0.01 seconds. Elapsed time: 0.17 seconds; current allocated memory: 252.977 MB.
INFO: [HLS 200-111] Finished Architecture Synthesis: CPU user time: 0.17 seconds. CPU system time: 0.01 seconds. Elapsed time: 0.19 seconds; current allocated memory: 325.539 MB.
INFO: [HLS 200-10] Starting hardware synthesis ...
INFO: [HLS 200-10] Synthesizing 'hgq2_1_hls4ml_prj_Vitis_2023_latency_reusefactor1' ...
WARNING: [SYN 201-103] Legalizing function name 'dense_latency<ap_fixed<26, 19, 5, 3, 0>, ap_fixed<14, 8, 5, 3, 0>, config3>' to 'dense_latency_ap_fixed_26_19_5_3_0_ap_fixed_14_8_5_3_0_config3_s'.
WARNING: [SYN 201-103] Legalizing function name 'relu<ap_fixed<14, 8, 5, 3, 0>, ap_ufixed<12, 6, 5, 3, 0>, relu_config4>' to 'relu_ap_fixed_14_8_5_3_0_ap_ufixed_12_6_5_3_0_relu_config4_s'.
WARNING: [SYN 201-103] Legalizing function name 'dense_latency<ap_ufixed<11, 6, 5, 3, 0>, ap_fixed<14, 11, 5, 3, 0>, config6>' to 'dense_latency_ap_ufixed_11_6_5_3_0_ap_fixed_14_11_5_3_0_config6_s'.
WARNING: [SYN 201-103] Legalizing function name 'relu<ap_fixed<14, 11, 5, 3, 0>, ap_ufixed<10, 7, 5, 3, 0>, relu_config7>' to 'relu_ap_fixed_14_11_5_3_0_ap_ufixed_10_7_5_3_0_relu_config7_s'.
WARNING: [SYN 201-103] Legalizing function name 'dense_latency<ap_ufixed<9, 7, 5, 3, 0>, ap_fixed<15, 11, 5, 3, 0>, config9>' to 'dense_latency_ap_ufixed_9_7_5_3_0_ap_fixed_15_11_5_3_0_config9_s'.
WARNING: [SYN 201-103] Legalizing function name 'relu<ap_fixed<15, 11, 5, 3, 0>, ap_ufixed<11, 7, 5, 3, 0>, relu_config10>' to 'relu_ap_fixed_15_11_5_3_0_ap_ufixed_11_7_5_3_0_relu_config10_s'.
WARNING: [SYN 201-103] Legalizing function name 'dense_latency<ap_ufixed<10, 7, 5, 3, 0>, ap_fixed<10, 7, 5, 3, 0>, config12>' to 'dense_latency_ap_ufixed_10_7_5_3_0_ap_fixed_10_7_5_3_0_config12_s'.
WARNING: [SYN 201-223] Checking resource limit in 'dense_latency<ap_ufixed<11, 6, 5, 3, 0>, ap_fixed<14, 11, 5, 3, 0>, config6>': cannot find any operation of 'mul'.
WARNING: [SYN 201-223] Checking resource limit in 'dense_latency<ap_ufixed<10, 7, 5, 3, 0>, ap_fixed<10, 7, 5, 3, 0>, config12>': cannot find any operation of 'mul'.
INFO: [HLS 200-10] ----------------------------------------------------------------
INFO: [HLS 200-42] -- Implementing module 'dense_latency_ap_fixed_26_19_5_3_0_ap_fixed_14_8_5_3_0_config3_s' 
INFO: [HLS 200-10] ----------------------------------------------------------------
INFO: [SCHED 204-11] Starting scheduling ...
INFO: [SCHED 204-61] Pipelining function 'dense_latency<ap_fixed<26, 19, 5, 3, 0>, ap_fixed<14, 8, 5, 3, 0>, config3>'.
INFO: [HLS 200-1470] Pipelining result : Target II = NA, Final II = 1, Depth = 2, function 'dense_latency<ap_fixed<26, 19, 5, 3, 0>, ap_fixed<14, 8, 5, 3, 0>, config3>'
INFO: [SCHED 204-11] Finished scheduling.
INFO: [HLS 200-111] Finished Scheduling: CPU user time: 0.18 seconds. CPU system time: 0.01 seconds. Elapsed time: 0.27 seconds; current allocated memory: 329.762 MB.
INFO: [BIND 205-100] Starting micro-architecture generation ...
INFO: [BIND 205-101] Performing variable lifetime analysis.
INFO: [BIND 205-101] Exploring resource sharing.
INFO: [BIND 205-101] Binding ...
INFO: [BIND 205-100] Starting global binding ...
INFO: [BIND 205-100] Finished micro-architecture generation.
INFO: [HLS 200-111] Finished Binding: CPU user time: 0.03 seconds. CPU system time: 0.01 seconds. Elapsed time: 0.04 seconds; current allocated memory: 329.762 MB.
INFO: [HLS 200-10] ----------------------------------------------------------------
INFO: [HLS 200-42] -- Implementing module 'relu_ap_fixed_14_8_5_3_0_ap_ufixed_12_6_5_3_0_relu_config4_s' 
INFO: [HLS 200-10] ----------------------------------------------------------------
INFO: [SCHED 204-11] Starting scheduling ...
INFO: [SCHED 204-61] Pipelining function 'relu<ap_fixed<14, 8, 5, 3, 0>, ap_ufixed<12, 6, 5, 3, 0>, relu_config4>'.
INFO: [HLS 200-1470] Pipelining result : Target II = NA, Final II = 1, Depth = 1, function 'relu<ap_fixed<14, 8, 5, 3, 0>, ap_ufixed<12, 6, 5, 3, 0>, relu_config4>'
INFO: [SCHED 204-11] Finished scheduling.
INFO: [HLS 200-111] Finished Scheduling: CPU user time: 0.05 seconds. CPU system time: 0 seconds. Elapsed time: 0.07 seconds; current allocated memory: 330.270 MB.
INFO: [BIND 205-100] Starting micro-architecture generation ...
INFO: [BIND 205-101] Performing variable lifetime analysis.
INFO: [BIND 205-101] Exploring resource sharing.
INFO: [BIND 205-101] Binding ...
INFO: [BIND 205-100] Finished micro-architecture generation.
INFO: [HLS 200-111] Finished Binding: CPU user time: 0.02 seconds. CPU system time: 0 seconds. Elapsed time: 0.01 seconds; current allocated memory: 330.520 MB.
INFO: [HLS 200-10] ----------------------------------------------------------------
INFO: [HLS 200-42] -- Implementing module 'dense_latency_ap_ufixed_11_6_5_3_0_ap_fixed_14_11_5_3_0_config6_s' 
INFO: [HLS 200-10] ----------------------------------------------------------------
INFO: [SCHED 204-11] Starting scheduling ...
INFO: [SCHED 204-61] Pipelining function 'dense_latency<ap_ufixed<11, 6, 5, 3, 0>, ap_fixed<14, 11, 5, 3, 0>, config6>'.
INFO: [HLS 200-1470] Pipelining result : Target II = NA, Final II = 1, Depth = 2, function 'dense_latency<ap_ufixed<11, 6, 5, 3, 0>, ap_fixed<14, 11, 5, 3, 0>, config6>'
INFO: [SCHED 204-11] Finished scheduling.
INFO: [HLS 200-111] Finished Scheduling: CPU user time: 0.13 seconds. CPU system time: 0 seconds. Elapsed time: 0.14 seconds; current allocated memory: 334.883 MB.
INFO: [BIND 205-100] Starting micro-architecture generation ...
INFO: [BIND 205-101] Performing variable lifetime analysis.
INFO: [BIND 205-101] Exploring resource sharing.
INFO: [BIND 205-101] Binding ...
INFO: [BIND 205-100] Finished micro-architecture generation.
INFO: [HLS 200-111] Finished Binding: CPU user time: 0.04 seconds. CPU system time: 0 seconds. Elapsed time: 0.03 seconds; current allocated memory: 334.883 MB.
INFO: [HLS 200-10] ----------------------------------------------------------------
INFO: [HLS 200-42] -- Implementing module 'relu_ap_fixed_14_11_5_3_0_ap_ufixed_10_7_5_3_0_relu_config7_s' 
INFO: [HLS 200-10] ----------------------------------------------------------------
INFO: [SCHED 204-11] Starting scheduling ...
INFO: [SCHED 204-61] Pipelining function 'relu<ap_fixed<14, 11, 5, 3, 0>, ap_ufixed<10, 7, 5, 3, 0>, relu_config7>'.
INFO: [HLS 200-1470] Pipelining result : Target II = NA, Final II = 1, Depth = 1, function 'relu<ap_fixed<14, 11, 5, 3, 0>, ap_ufixed<10, 7, 5, 3, 0>, relu_config7>'
INFO: [SCHED 204-11] Finished scheduling.
INFO: [HLS 200-111] Finished Scheduling: CPU user time: 0.04 seconds. CPU system time: 0.01 seconds. Elapsed time: 0.05 seconds; current allocated memory: 334.918 MB.
INFO: [BIND 205-100] Starting micro-architecture generation ...
INFO: [BIND 205-101] Performing variable lifetime analysis.
INFO: [BIND 205-101] Exploring resource sharing.
INFO: [BIND 205-101] Binding ...
INFO: [BIND 205-100] Finished micro-architecture generation.
INFO: [HLS 200-111] Finished Binding: CPU user time: 0.01 seconds. CPU system time: 0 seconds. Elapsed time: 0.01 seconds; current allocated memory: 335.145 MB.
INFO: [HLS 200-10] ----------------------------------------------------------------
INFO: [HLS 200-42] -- Implementing module 'dense_latency_ap_ufixed_9_7_5_3_0_ap_fixed_15_11_5_3_0_config9_s' 
INFO: [HLS 200-10] ----------------------------------------------------------------
INFO: [SCHED 204-11] Starting scheduling ...
INFO: [SCHED 204-61] Pipelining function 'dense_latency<ap_ufixed<9, 7, 5, 3, 0>, ap_fixed<15, 11, 5, 3, 0>, config9>'.
INFO: [HLS 200-1470] Pipelining result : Target II = NA, Final II = 1, Depth = 2, function 'dense_latency<ap_ufixed<9, 7, 5, 3, 0>, ap_fixed<15, 11, 5, 3, 0>, config9>'
INFO: [SCHED 204-11] Finished scheduling.
INFO: [HLS 200-111] Finished Scheduling: CPU user time: 0.11 seconds. CPU system time: 0 seconds. Elapsed time: 0.12 seconds; current allocated memory: 338.398 MB.
INFO: [BIND 205-100] Starting micro-architecture generation ...
INFO: [BIND 205-101] Performing variable lifetime analysis.
INFO: [BIND 205-101] Exploring resource sharing.
INFO: [BIND 205-101] Binding ...
INFO: [BIND 205-100] Starting global binding ...
INFO: [BIND 205-100] Finished micro-architecture generation.
INFO: [HLS 200-111] Finished Binding: CPU user time: 0.03 seconds. CPU system time: 0 seconds. Elapsed time: 0.03 seconds; current allocated memory: 338.398 MB.
INFO: [HLS 200-10] ----------------------------------------------------------------
INFO: [HLS 200-42] -- Implementing module 'relu_ap_fixed_15_11_5_3_0_ap_ufixed_11_7_5_3_0_relu_config10_s' 
INFO: [HLS 200-10] ----------------------------------------------------------------
INFO: [SCHED 204-11] Starting scheduling ...
INFO: [SCHED 204-61] Pipelining function 'relu<ap_fixed<15, 11, 5, 3, 0>, ap_ufixed<11, 7, 5, 3, 0>, relu_config10>'.
INFO: [HLS 200-1470] Pipelining result : Target II = NA, Final II = 1, Depth = 1, function 'relu<ap_fixed<15, 11, 5, 3, 0>, ap_ufixed<11, 7, 5, 3, 0>, relu_config10>'
INFO: [SCHED 204-11] Finished scheduling.
INFO: [HLS 200-111] Finished Scheduling: CPU user time: 0.04 seconds. CPU system time: 0.01 seconds. Elapsed time: 0.05 seconds; current allocated memory: 338.562 MB.
INFO: [BIND 205-100] Starting micro-architecture generation ...
INFO: [BIND 205-101] Performing variable lifetime analysis.
INFO: [BIND 205-101] Exploring resource sharing.
INFO: [BIND 205-101] Binding ...
INFO: [BIND 205-100] Finished micro-architecture generation.
INFO: [HLS 200-111] Finished Binding: CPU user time: 0.01 seconds. CPU system time: 0 seconds. Elapsed time: 0.01 seconds; current allocated memory: 338.770 MB.
INFO: [HLS 200-10] ----------------------------------------------------------------
INFO: [HLS 200-42] -- Implementing module 'dense_latency_ap_ufixed_10_7_5_3_0_ap_fixed_10_7_5_3_0_config12_s' 
INFO: [HLS 200-10] ----------------------------------------------------------------
INFO: [SCHED 204-11] Starting scheduling ...
INFO: [SCHED 204-61] Pipelining function 'dense_latency<ap_ufixed<10, 7, 5, 3, 0>, ap_fixed<10, 7, 5, 3, 0>, config12>'.
INFO: [HLS 200-1470] Pipelining result : Target II = NA, Final II = 1, Depth = 1, function 'dense_latency<ap_ufixed<10, 7, 5, 3, 0>, ap_fixed<10, 7, 5, 3, 0>, config12>'
INFO: [SCHED 204-11] Finished scheduling.
INFO: [HLS 200-111] Finished Scheduling: CPU user time: 0.07 seconds. CPU system time: 0 seconds. Elapsed time: 0.07 seconds; current allocated memory: 340.090 MB.
INFO: [BIND 205-100] Starting micro-architecture generation ...
INFO: [BIND 205-101] Performing variable lifetime analysis.
INFO: [BIND 205-101] Exploring resource sharing.
INFO: [BIND 205-101] Binding ...
INFO: [BIND 205-100] Finished micro-architecture generation.
INFO: [HLS 200-111] Finished Binding: CPU user time: 0.01 seconds. CPU system time: 0 seconds. Elapsed time: 0.02 seconds; current allocated memory: 340.477 MB.
INFO: [HLS 200-10] ----------------------------------------------------------------
INFO: [HLS 200-42] -- Implementing module 'hgq2_1_hls4ml_prj_Vitis_2023_latency_reusefactor1' 
INFO: [HLS 200-10] ----------------------------------------------------------------
INFO: [SCHED 204-11] Starting scheduling ...
INFO: [SCHED 204-61] Pipelining function 'hgq2_1_hls4ml_prj_Vitis_2023_latency_reusefactor1'.
INFO: [HLS 200-1470] Pipelining result : Target II = NA, Final II = 1, Depth = 9, function 'hgq2_1_hls4ml_prj_Vitis_2023_latency_reusefactor1'
INFO: [SCHED 204-11] Finished scheduling.
INFO: [HLS 200-111] Finished Scheduling: CPU user time: 0.12 seconds. CPU system time: 0 seconds. Elapsed time: 0.12 seconds; current allocated memory: 344.418 MB.
INFO: [BIND 205-100] Starting micro-architecture generation ...
INFO: [BIND 205-101] Performing variable lifetime analysis.
INFO: [BIND 205-101] Exploring resource sharing.
INFO: [BIND 205-101] Binding ...
INFO: [BIND 205-100] Finished micro-architecture generation.
INFO: [HLS 200-111] Finished Binding: CPU user time: 0.03 seconds. CPU system time: 0.01 seconds. Elapsed time: 0.04 seconds; current allocated memory: 344.418 MB.
INFO: [HLS 200-10] ----------------------------------------------------------------
INFO: [HLS 200-10] -- Generating RTL for module 'dense_latency_ap_fixed_26_19_5_3_0_ap_fixed_14_8_5_3_0_config3_s' 
INFO: [HLS 200-10] ----------------------------------------------------------------
INFO: [RTGEN 206-100] Generating core module 'mul_11s_9ns_20_1_0': 1 instance(s).
INFO: [RTGEN 206-100] Generating core module 'mul_11s_9s_20_1_0': 1 instance(s).
INFO: [RTGEN 206-100] Generating core module 'mul_12s_10s_21_1_0': 1 instance(s).
INFO: [RTGEN 206-100] Generating core module 'mul_12s_9ns_21_1_0': 2 instance(s).
INFO: [RTGEN 206-100] Finished creating RTL model for 'dense_latency_ap_fixed_26_19_5_3_0_ap_fixed_14_8_5_3_0_config3_s'.
INFO: [HLS 200-111] Finished Creating RTL model: CPU user time: 0.07 seconds. CPU system time: 0 seconds. Elapsed time: 0.21 seconds; current allocated memory: 349.152 MB.
INFO: [HLS 200-10] ----------------------------------------------------------------
INFO: [HLS 200-10] -- Generating RTL for module 'relu_ap_fixed_14_8_5_3_0_ap_ufixed_12_6_5_3_0_relu_config4_s' 
INFO: [HLS 200-10] ----------------------------------------------------------------
INFO: [RTGEN 206-100] Finished creating RTL model for 'relu_ap_fixed_14_8_5_3_0_ap_ufixed_12_6_5_3_0_relu_config4_s'.
INFO: [HLS 200-111] Finished Creating RTL model: CPU user time: 0.1 seconds. CPU system time: 0.01 seconds. Elapsed time: 0.12 seconds; current allocated memory: 358.805 MB.
INFO: [HLS 200-10] ----------------------------------------------------------------
INFO: [HLS 200-10] -- Generating RTL for module 'dense_latency_ap_ufixed_11_6_5_3_0_ap_fixed_14_11_5_3_0_config6_s' 
INFO: [HLS 200-10] ----------------------------------------------------------------
INFO: [RTGEN 206-100] Finished creating RTL model for 'dense_latency_ap_ufixed_11_6_5_3_0_ap_fixed_14_11_5_3_0_config6_s'.
INFO: [HLS 200-111] Finished Creating RTL model: CPU user time: 0.07 seconds. CPU system time: 0.01 seconds. Elapsed time: 0.07 seconds; current allocated memory: 364.887 MB.
INFO: [HLS 200-10] ----------------------------------------------------------------
INFO: [HLS 200-10] -- Generating RTL for module 'relu_ap_fixed_14_11_5_3_0_ap_ufixed_10_7_5_3_0_relu_config7_s' 
INFO: [HLS 200-10] ----------------------------------------------------------------
INFO: [RTGEN 206-100] Finished creating RTL model for 'relu_ap_fixed_14_11_5_3_0_ap_ufixed_10_7_5_3_0_relu_config7_s'.
INFO: [HLS 200-111] Finished Creating RTL model: CPU user time: 0.09 seconds. CPU system time: 0.01 seconds. Elapsed time: 0.1 seconds; current allocated memory: 374.672 MB.
INFO: [HLS 200-10] ----------------------------------------------------------------
INFO: [HLS 200-10] -- Generating RTL for module 'dense_latency_ap_ufixed_9_7_5_3_0_ap_fixed_15_11_5_3_0_config9_s' 
INFO: [HLS 200-10] ----------------------------------------------------------------
INFO: [RTGEN 206-100] Generating core module 'mul_7ns_6ns_12_1_0': 1 instance(s).
INFO: [RTGEN 206-100] Generating core module 'mul_9ns_7ns_15_1_0': 1 instance(s).
INFO: [RTGEN 206-100] Finished creating RTL model for 'dense_latency_ap_ufixed_9_7_5_3_0_ap_fixed_15_11_5_3_0_config9_s'.
INFO: [HLS 200-111] Finished Creating RTL model: CPU user time: 0.05 seconds. CPU system time: 0 seconds. Elapsed time: 0.06 seconds; current allocated memory: 379.246 MB.
INFO: [HLS 200-10] ----------------------------------------------------------------
INFO: [HLS 200-10] -- Generating RTL for module 'relu_ap_fixed_15_11_5_3_0_ap_ufixed_11_7_5_3_0_relu_config10_s' 
INFO: [HLS 200-10] ----------------------------------------------------------------
INFO: [RTGEN 206-100] Finished creating RTL model for 'relu_ap_fixed_15_11_5_3_0_ap_ufixed_11_7_5_3_0_relu_config10_s'.
INFO: [HLS 200-111] Finished Creating RTL model: CPU user time: 0.08 seconds. CPU system time: 0.01 seconds. Elapsed time: 0.08 seconds; current allocated memory: 386.512 MB.
INFO: [HLS 200-10] ----------------------------------------------------------------
INFO: [HLS 200-10] -- Generating RTL for module 'dense_latency_ap_ufixed_10_7_5_3_0_ap_fixed_10_7_5_3_0_config12_s' 
INFO: [HLS 200-10] ----------------------------------------------------------------
INFO: [RTGEN 206-100] Finished creating RTL model for 'dense_latency_ap_ufixed_10_7_5_3_0_ap_fixed_10_7_5_3_0_config12_s'.
INFO: [HLS 200-111] Finished Creating RTL model: CPU user time: 0.03 seconds. CPU system time: 0 seconds. Elapsed time: 0.04 seconds; current allocated memory: 388.934 MB.
INFO: [HLS 200-10] ----------------------------------------------------------------
INFO: [HLS 200-10] -- Generating RTL for module 'hgq2_1_hls4ml_prj_Vitis_2023_latency_reusefactor1' 
INFO: [HLS 200-10] ----------------------------------------------------------------
INFO: [RTGEN 206-500] Setting interface mode on port 'hgq2_1_hls4ml_prj_Vitis_2023_latency_reusefactor1/input_layer' to 'ap_vld'.
INFO: [RTGEN 206-500] Setting interface mode on port 'hgq2_1_hls4ml_prj_Vitis_2023_latency_reusefactor1/layer13_out_0' to 'ap_vld'.
INFO: [RTGEN 206-500] Setting interface mode on port 'hgq2_1_hls4ml_prj_Vitis_2023_latency_reusefactor1/layer13_out_1' to 'ap_vld'.
INFO: [RTGEN 206-500] Setting interface mode on port 'hgq2_1_hls4ml_prj_Vitis_2023_latency_reusefactor1/layer13_out_2' to 'ap_vld'.
INFO: [RTGEN 206-500] Setting interface mode on port 'hgq2_1_hls4ml_prj_Vitis_2023_latency_reusefactor1/layer13_out_3' to 'ap_vld'.
INFO: [RTGEN 206-500] Setting interface mode on port 'hgq2_1_hls4ml_prj_Vitis_2023_latency_reusefactor1/layer13_out_4' to 'ap_vld'.
INFO: [RTGEN 206-500] Setting interface mode on function 'hgq2_1_hls4ml_prj_Vitis_2023_latency_reusefactor1' to 'ap_ctrl_hs'.
INFO: [HLS 200-1030] Apply Unified Pipeline Control on module 'hgq2_1_hls4ml_prj_Vitis_2023_latency_reusefactor1' pipeline 'hgq2_1_hls4ml_prj_Vitis_2023_latency_reusefactor1' pipeline type 'function pipeline'
INFO: [RTGEN 206-100] Finished creating RTL model for 'hgq2_1_hls4ml_prj_Vitis_2023_latency_reusefactor1'.
INFO: [HLS 200-111] Finished Creating RTL model: CPU user time: 0.08 seconds. CPU system time: 0.02 seconds. Elapsed time: 0.11 seconds; current allocated memory: 401.867 MB.
INFO: [HLS 200-111] Finished Generating all RTL models: CPU user time: 0.14 seconds. CPU system time: 0.02 seconds. Elapsed time: 0.17 seconds; current allocated memory: 410.055 MB.
INFO: [HLS 200-111] Finished Updating report files: CPU user time: 0.28 seconds. CPU system time: 0.01 seconds. Elapsed time: 0.32 seconds; current allocated memory: 418.426 MB.
INFO: [VHDL 208-304] Generating VHDL RTL for hgq2_1_hls4ml_prj_Vitis_2023_latency_reusefactor1.
INFO: [VLOG 209-307] Generating Verilog RTL for hgq2_1_hls4ml_prj_Vitis_2023_latency_reusefactor1.
INFO: [HLS 200-789] **** Estimated Fmax: 279.88 MHz
INFO: [HLS 200-111] Finished Command csynth_design CPU user time: 39.29 seconds. CPU system time: 1.01 seconds. Elapsed time: 44.9 seconds; current allocated memory: 222.578 MB.
***** C/RTL SYNTHESIS COMPLETED IN 0h0m44s *****
INFO: [HLS 200-112] Total CPU user time: 39.96 seconds. Total CPU system time: 1.11 seconds. Total elapsed time: 45.84 seconds; peak allocated memory: 418.617 MB.
INFO: [Common 17-206] Exiting vitis_hls at Wed Mar 18 19:33:00 2026...
INFO: [vitis-run 60-791] Total elapsed time: 0h 0m 46s
INFO: [vitis-run 60-1662] Stopping dispatch session having empty uuid.
