
*** Running vivado
    with args -log vitis_design_wrapper.vdi -applog -m64 -product Vivado -messageDb vivado.pb -mode batch -source vitis_design_wrapper.tcl -notrace


****** Vivado v2025.2 (64-bit)
  **** SW Build 6299465 on Fri Nov 14 12:34:56 MST 2025
  **** IP Build 6300035 on Fri Nov 14 10:48:45 MST 2025
  **** SharedData Build 6298862 on Thu Nov 13 04:50:51 MST 2025
  **** Start of session at: Wed May 27 10:06:50 2026
    ** Copyright 1986-2022 Xilinx, Inc. All Rights Reserved.
    ** Copyright 2022-2025 Advanced Micro Devices, Inc. All Rights Reserved.

source vitis_design_wrapper.tcl -notrace
INFO: Dispatch client connection id - 41071
source /home/ncgadmin/Bachelor/HLS4ML_testbench_KV260/development/MNIST_CNN/MNIST_hgq2/Training_AdaptiveHP/hls4ml_prj_VU_EXPO_DEMO_axi_stream/vitis_workspace/system_link/_x/link/vivado/vpl/scripts/impl_1/_full_init_pre.tcl
INFO: [IP_Flow 19-234] Refreshing IP repositories
INFO: [IP_Flow 19-1700] Loaded user IP repository '/home/ncgadmin/Bachelor/HLS4ML_testbench_KV260/development/MNIST_CNN/MNIST_hgq2/Training_AdaptiveHP/hls4ml_prj_VU_EXPO_DEMO_axi_stream/vitis_workspace/system_link/_x/link/int/xo/ip_repo/xilinx_com_hls_myproject_axi_stream_1_0'.
INFO: [IP_Flow 19-1700] Loaded user IP repository '/usr/lib/AMD/2025.2/data/cache/xilinx'.
INFO: [IP_Flow 19-1700] Loaded user IP repository '/home/ncgadmin/Bachelor/HLS4ML_testbench_KV260/development/MNIST_CNN/MNIST_hgq2/Training_AdaptiveHP/hls4ml_prj_VU_EXPO_DEMO_axi_stream/vitis_workspace/system_link/_x/link/vivado/vpl/.local/hw_platform/ipcache'.
INFO: [IP_Flow 19-1700] Loaded user IP repository '/usr/lib/AMD/2025.2/Vitis/data/vitis/ip'.
INFO: [IP_Flow 19-2313] Loaded Vivado IP repository '/usr/lib/AMD/2025.2/data/ip'.
Command: link_design -top vitis_design_wrapper -part xck26-sfvc784-2LV-c
Design is defaulting to srcset: sources_1
Design is defaulting to constrset: constrs_1
INFO: [Device 21-403] Loading part xck26-sfvc784-2LV-c
INFO: [Project 1-5699] Read binary netlist with skipMacroContent - 1
INFO: [Project 1-454] Reading design checkpoint '/home/ncgadmin/Bachelor/HLS4ML_testbench_KV260/development/MNIST_CNN/MNIST_hgq2/Training_AdaptiveHP/hls4ml_prj_VU_EXPO_DEMO_axi_stream/vitis_workspace/system_link/_x/link/vivado/vpl/prj/prj.gen/sources_1/bd/vitis_design/ip/vitis_design_axi_dma_0_0/vitis_design_axi_dma_0_0.dcp' for cell 'vitis_design_i/axi_dma_0'
INFO: [Project 1-454] Reading design checkpoint '/home/ncgadmin/Bachelor/HLS4ML_testbench_KV260/development/MNIST_CNN/MNIST_hgq2/Training_AdaptiveHP/hls4ml_prj_VU_EXPO_DEMO_axi_stream/vitis_workspace/system_link/_x/link/vivado/vpl/prj/prj.gen/sources_1/bd/vitis_design/ip/vitis_design_axi_intc_0_0/vitis_design_axi_intc_0_0.dcp' for cell 'vitis_design_i/axi_intc_0'
INFO: [Project 1-454] Reading design checkpoint '/home/ncgadmin/Bachelor/HLS4ML_testbench_KV260/development/MNIST_CNN/MNIST_hgq2/Training_AdaptiveHP/hls4ml_prj_VU_EXPO_DEMO_axi_stream/vitis_workspace/system_link/_x/link/vivado/vpl/prj/prj.gen/sources_1/bd/vitis_design/ip/vitis_design_axi_smc_0/vitis_design_axi_smc_0.dcp' for cell 'vitis_design_i/axi_smc'
INFO: [Project 1-454] Reading design checkpoint '/home/ncgadmin/Bachelor/HLS4ML_testbench_KV260/development/MNIST_CNN/MNIST_hgq2/Training_AdaptiveHP/hls4ml_prj_VU_EXPO_DEMO_axi_stream/vitis_workspace/system_link/_x/link/vivado/vpl/prj/prj.gen/sources_1/bd/vitis_design/ip/vitis_design_myproject_axi_stream_1_0/vitis_design_myproject_axi_stream_1_0.dcp' for cell 'vitis_design_i/myproject_axi_stream_1'
INFO: [Project 1-454] Reading design checkpoint '/home/ncgadmin/Bachelor/HLS4ML_testbench_KV260/development/MNIST_CNN/MNIST_hgq2/Training_AdaptiveHP/hls4ml_prj_VU_EXPO_DEMO_axi_stream/vitis_workspace/system_link/_x/link/vivado/vpl/prj/prj.gen/sources_1/bd/vitis_design/ip/vitis_design_rst_ps8_0_99M_0/vitis_design_rst_ps8_0_99M_0.dcp' for cell 'vitis_design_i/rst_ps8_0_99M'
INFO: [Project 1-454] Reading design checkpoint '/home/ncgadmin/Bachelor/HLS4ML_testbench_KV260/development/MNIST_CNN/MNIST_hgq2/Training_AdaptiveHP/hls4ml_prj_VU_EXPO_DEMO_axi_stream/vitis_workspace/system_link/_x/link/vivado/vpl/prj/prj.gen/sources_1/bd/vitis_design/ip/vitis_design_zynq_ultra_ps_e_0_0/vitis_design_zynq_ultra_ps_e_0_0.dcp' for cell 'vitis_design_i/zynq_ultra_ps_e_0'
INFO: [Project 1-454] Reading design checkpoint '/home/ncgadmin/Bachelor/HLS4ML_testbench_KV260/development/MNIST_CNN/MNIST_hgq2/Training_AdaptiveHP/hls4ml_prj_VU_EXPO_DEMO_axi_stream/vitis_workspace/system_link/_x/link/vivado/vpl/prj/prj.gen/sources_1/bd/vitis_design/ip/vitis_design_axi_interconnect_0_upgraded_ipi_imp_xbar_0/vitis_design_axi_interconnect_0_upgraded_ipi_imp_xbar_0.dcp' for cell 'vitis_design_i/axi_interconnect_0/xbar'
INFO: [Project 1-454] Reading design checkpoint '/home/ncgadmin/Bachelor/HLS4ML_testbench_KV260/development/MNIST_CNN/MNIST_hgq2/Training_AdaptiveHP/hls4ml_prj_VU_EXPO_DEMO_axi_stream/vitis_workspace/system_link/_x/link/vivado/vpl/prj/prj.gen/sources_1/bd/vitis_design/ip/vitis_design_axi_interconnect_0_imp_m02_regslice_0/vitis_design_axi_interconnect_0_imp_m02_regslice_0.dcp' for cell 'vitis_design_i/axi_interconnect_0/m02_couplers/m02_regslice'
INFO: [Project 1-454] Reading design checkpoint '/home/ncgadmin/Bachelor/HLS4ML_testbench_KV260/development/MNIST_CNN/MNIST_hgq2/Training_AdaptiveHP/hls4ml_prj_VU_EXPO_DEMO_axi_stream/vitis_workspace/system_link/_x/link/vivado/vpl/prj/prj.gen/sources_1/bd/vitis_design/ip/vitis_design_axi_interconnect_0_imp_auto_pc_0/vitis_design_axi_interconnect_0_imp_auto_pc_0.dcp' for cell 'vitis_design_i/axi_interconnect_0/s00_couplers/auto_pc'
Netlist sorting complete. Time (s): cpu = 00:00:00.18 ; elapsed = 00:00:00.17 . Memory (MB): peak = 2658.590 ; gain = 0.000 ; free physical = 19849 ; free virtual = 47758
INFO: [Netlist 29-17] Analyzing 666 Unisim elements for replacement
INFO: [Netlist 29-28] Unisim Transformation completed in 0 CPU seconds
INFO: [Project 1-479] Netlist was created with Vivado 2025.2
INFO: [Project 1-570] Preparing netlist for logic optimization
Parsing XDC File [/home/ncgadmin/Bachelor/HLS4ML_testbench_KV260/development/MNIST_CNN/MNIST_hgq2/Training_AdaptiveHP/hls4ml_prj_VU_EXPO_DEMO_axi_stream/vitis_workspace/system_link/_x/link/vivado/vpl/prj/prj.gen/sources_1/bd/vitis_design/ip/vitis_design_axi_dma_0_0/vitis_design_axi_dma_0_0.xdc] for cell 'vitis_design_i/axi_dma_0/U0'
Finished Parsing XDC File [/home/ncgadmin/Bachelor/HLS4ML_testbench_KV260/development/MNIST_CNN/MNIST_hgq2/Training_AdaptiveHP/hls4ml_prj_VU_EXPO_DEMO_axi_stream/vitis_workspace/system_link/_x/link/vivado/vpl/prj/prj.gen/sources_1/bd/vitis_design/ip/vitis_design_axi_dma_0_0/vitis_design_axi_dma_0_0.xdc] for cell 'vitis_design_i/axi_dma_0/U0'
Parsing XDC File [/home/ncgadmin/Bachelor/HLS4ML_testbench_KV260/development/MNIST_CNN/MNIST_hgq2/Training_AdaptiveHP/hls4ml_prj_VU_EXPO_DEMO_axi_stream/vitis_workspace/system_link/_x/link/vivado/vpl/prj/prj.gen/sources_1/bd/vitis_design/ip/vitis_design_axi_intc_0_0/vitis_design_axi_intc_0_0.xdc] for cell 'vitis_design_i/axi_intc_0/U0'
Finished Parsing XDC File [/home/ncgadmin/Bachelor/HLS4ML_testbench_KV260/development/MNIST_CNN/MNIST_hgq2/Training_AdaptiveHP/hls4ml_prj_VU_EXPO_DEMO_axi_stream/vitis_workspace/system_link/_x/link/vivado/vpl/prj/prj.gen/sources_1/bd/vitis_design/ip/vitis_design_axi_intc_0_0/vitis_design_axi_intc_0_0.xdc] for cell 'vitis_design_i/axi_intc_0/U0'
Parsing XDC File [/home/ncgadmin/Bachelor/HLS4ML_testbench_KV260/development/MNIST_CNN/MNIST_hgq2/Training_AdaptiveHP/hls4ml_prj_VU_EXPO_DEMO_axi_stream/vitis_workspace/system_link/_x/link/vivado/vpl/prj/prj.gen/sources_1/bd/vitis_design/ip/vitis_design_axi_smc_0/bd_0/ip/ip_1/bd_8c12_psr_aclk_0_board.xdc] for cell 'vitis_design_i/axi_smc/inst/clk_map/psr_aclk/U0'
Finished Parsing XDC File [/home/ncgadmin/Bachelor/HLS4ML_testbench_KV260/development/MNIST_CNN/MNIST_hgq2/Training_AdaptiveHP/hls4ml_prj_VU_EXPO_DEMO_axi_stream/vitis_workspace/system_link/_x/link/vivado/vpl/prj/prj.gen/sources_1/bd/vitis_design/ip/vitis_design_axi_smc_0/bd_0/ip/ip_1/bd_8c12_psr_aclk_0_board.xdc] for cell 'vitis_design_i/axi_smc/inst/clk_map/psr_aclk/U0'
Parsing XDC File [/home/ncgadmin/Bachelor/HLS4ML_testbench_KV260/development/MNIST_CNN/MNIST_hgq2/Training_AdaptiveHP/hls4ml_prj_VU_EXPO_DEMO_axi_stream/vitis_workspace/system_link/_x/link/vivado/vpl/prj/prj.gen/sources_1/bd/vitis_design/ip/vitis_design_axi_smc_0/smartconnect.xdc] for cell 'vitis_design_i/axi_smc/inst'
Finished Parsing XDC File [/home/ncgadmin/Bachelor/HLS4ML_testbench_KV260/development/MNIST_CNN/MNIST_hgq2/Training_AdaptiveHP/hls4ml_prj_VU_EXPO_DEMO_axi_stream/vitis_workspace/system_link/_x/link/vivado/vpl/prj/prj.gen/sources_1/bd/vitis_design/ip/vitis_design_axi_smc_0/smartconnect.xdc] for cell 'vitis_design_i/axi_smc/inst'
Parsing XDC File [/home/ncgadmin/Bachelor/HLS4ML_testbench_KV260/development/MNIST_CNN/MNIST_hgq2/Training_AdaptiveHP/hls4ml_prj_VU_EXPO_DEMO_axi_stream/vitis_workspace/system_link/_x/link/vivado/vpl/prj/prj.gen/sources_1/bd/vitis_design/ip/vitis_design_rst_ps8_0_99M_0/vitis_design_rst_ps8_0_99M_0_board.xdc] for cell 'vitis_design_i/rst_ps8_0_99M/U0'
Finished Parsing XDC File [/home/ncgadmin/Bachelor/HLS4ML_testbench_KV260/development/MNIST_CNN/MNIST_hgq2/Training_AdaptiveHP/hls4ml_prj_VU_EXPO_DEMO_axi_stream/vitis_workspace/system_link/_x/link/vivado/vpl/prj/prj.gen/sources_1/bd/vitis_design/ip/vitis_design_rst_ps8_0_99M_0/vitis_design_rst_ps8_0_99M_0_board.xdc] for cell 'vitis_design_i/rst_ps8_0_99M/U0'
Parsing XDC File [/home/ncgadmin/Bachelor/HLS4ML_testbench_KV260/development/MNIST_CNN/MNIST_hgq2/Training_AdaptiveHP/hls4ml_prj_VU_EXPO_DEMO_axi_stream/vitis_workspace/system_link/_x/link/vivado/vpl/prj/prj.gen/sources_1/bd/vitis_design/ip/vitis_design_zynq_ultra_ps_e_0_0/vitis_design_zynq_ultra_ps_e_0_0.xdc] for cell 'vitis_design_i/zynq_ultra_ps_e_0/inst'
Finished Parsing XDC File [/home/ncgadmin/Bachelor/HLS4ML_testbench_KV260/development/MNIST_CNN/MNIST_hgq2/Training_AdaptiveHP/hls4ml_prj_VU_EXPO_DEMO_axi_stream/vitis_workspace/system_link/_x/link/vivado/vpl/prj/prj.gen/sources_1/bd/vitis_design/ip/vitis_design_zynq_ultra_ps_e_0_0/vitis_design_zynq_ultra_ps_e_0_0.xdc] for cell 'vitis_design_i/zynq_ultra_ps_e_0/inst'
Parsing XDC File [/home/ncgadmin/Bachelor/HLS4ML_testbench_KV260/development/MNIST_CNN/MNIST_hgq2/Training_AdaptiveHP/hls4ml_prj_VU_EXPO_DEMO_axi_stream/vitis_workspace/system_link/_x/link/vivado/vpl/prj/prj.gen/sources_1/bd/vitis_design/ip/vitis_design_axi_dma_0_0/vitis_design_axi_dma_0_0_clocks.xdc] for cell 'vitis_design_i/axi_dma_0/U0'
Finished Parsing XDC File [/home/ncgadmin/Bachelor/HLS4ML_testbench_KV260/development/MNIST_CNN/MNIST_hgq2/Training_AdaptiveHP/hls4ml_prj_VU_EXPO_DEMO_axi_stream/vitis_workspace/system_link/_x/link/vivado/vpl/prj/prj.gen/sources_1/bd/vitis_design/ip/vitis_design_axi_dma_0_0/vitis_design_axi_dma_0_0_clocks.xdc] for cell 'vitis_design_i/axi_dma_0/U0'
Parsing XDC File [/home/ncgadmin/Bachelor/HLS4ML_testbench_KV260/development/MNIST_CNN/MNIST_hgq2/Training_AdaptiveHP/hls4ml_prj_VU_EXPO_DEMO_axi_stream/vitis_workspace/system_link/_x/link/vivado/vpl/prj/prj.gen/sources_1/bd/vitis_design/ip/vitis_design_axi_intc_0_0/vitis_design_axi_intc_0_0_clocks.xdc] for cell 'vitis_design_i/axi_intc_0/U0'
Finished Parsing XDC File [/home/ncgadmin/Bachelor/HLS4ML_testbench_KV260/development/MNIST_CNN/MNIST_hgq2/Training_AdaptiveHP/hls4ml_prj_VU_EXPO_DEMO_axi_stream/vitis_workspace/system_link/_x/link/vivado/vpl/prj/prj.gen/sources_1/bd/vitis_design/ip/vitis_design_axi_intc_0_0/vitis_design_axi_intc_0_0_clocks.xdc] for cell 'vitis_design_i/axi_intc_0/U0'
Parsing XDC File [/home/ncgadmin/Bachelor/HLS4ML_testbench_KV260/development/MNIST_CNN/MNIST_hgq2/Training_AdaptiveHP/hls4ml_prj_VU_EXPO_DEMO_axi_stream/vitis_workspace/system_link/_x/link/vivado/vpl/prj/prj.gen/sources_1/bd/vitis_design/ip/vitis_design_axi_interconnect_0_imp_m02_regslice_0/vitis_design_axi_interconnect_0_imp_m02_regslice_0_clocks.xdc] for cell 'vitis_design_i/axi_interconnect_0/m02_couplers/m02_regslice/inst'
Finished Parsing XDC File [/home/ncgadmin/Bachelor/HLS4ML_testbench_KV260/development/MNIST_CNN/MNIST_hgq2/Training_AdaptiveHP/hls4ml_prj_VU_EXPO_DEMO_axi_stream/vitis_workspace/system_link/_x/link/vivado/vpl/prj/prj.gen/sources_1/bd/vitis_design/ip/vitis_design_axi_interconnect_0_imp_m02_regslice_0/vitis_design_axi_interconnect_0_imp_m02_regslice_0_clocks.xdc] for cell 'vitis_design_i/axi_interconnect_0/m02_couplers/m02_regslice/inst'
INFO: [Project 1-1714] 50 XPM XDC files have been applied to the design.
INFO: [Opt 31-138] Pushed 0 inverter(s) to 0 load pin(s).
Netlist sorting complete. Time (s): cpu = 00:00:00.01 ; elapsed = 00:00:00.01 . Memory (MB): peak = 3453.469 ; gain = 0.000 ; free physical = 19271 ; free virtual = 47181
INFO: [Project 1-111] Unisim Transformation Summary:
  A total of 76 instances were transformed.
  RAM16X1D => RAM32X1D (RAMD32(x2)): 1 instance 
  RAM32M => RAM32M (RAMD32(x6), RAMS32(x2)): 4 instances
  RAM32M16 => RAM32M16 (RAMD32(x14), RAMS32(x2)): 67 instances
  RAM32X1D => RAM32X1D (RAMD32(x2)): 4 instances

24 Infos, 0 Warnings, 0 Critical Warnings and 0 Errors encountered.
link_design completed successfully
link_design: Time (s): cpu = 00:00:15 ; elapsed = 00:00:14 . Memory (MB): peak = 3453.504 ; gain = 1824.297 ; free physical = 19271 ; free virtual = 47181
source /home/ncgadmin/Bachelor/HLS4ML_testbench_KV260/development/MNIST_CNN/MNIST_hgq2/Training_AdaptiveHP/hls4ml_prj_VU_EXPO_DEMO_axi_stream/vitis_workspace/system_link/_x/link/vivado/vpl/scripts/impl_1/_full_init_post.tcl
Parsing XDC File [/home/ncgadmin/Bachelor/HLS4ML_testbench_KV260/development/MNIST_CNN/MNIST_hgq2/Training_AdaptiveHP/hls4ml_prj_VU_EXPO_DEMO_axi_stream/vitis_workspace/system_link/_x/link/vivado/vpl/output/_user_impl_clk.xdc]
Finished Parsing XDC File [/home/ncgadmin/Bachelor/HLS4ML_testbench_KV260/development/MNIST_CNN/MNIST_hgq2/Training_AdaptiveHP/hls4ml_prj_VU_EXPO_DEMO_axi_stream/vitis_workspace/system_link/_x/link/vivado/vpl/output/_user_impl_clk.xdc]
source /home/ncgadmin/Bachelor/HLS4ML_testbench_KV260/development/MNIST_CNN/MNIST_hgq2/Training_AdaptiveHP/hls4ml_prj_VU_EXPO_DEMO_axi_stream/vitis_workspace/system_link/_x/link/vivado/vpl/scripts/impl_1/_full_opt_pre.tcl
Post-synthesis utilization DRC check...
available resources:
   luts      : -1
   registers : -1
   brams     : -1
   dsps      : -1
required resources:
   luts      : 9613
   registers : 5344
   brams     : 7.5
   dsps      : 0
WARNING: There is no resource utilization data in hardware platform, utilization DRC is skipped
INFO: System Diagram: Run step: synthed

Command: opt_design
Attempting to get a license for feature 'Implementation' and/or device 'xck26'
INFO: [Common 17-349] Got license for feature 'Implementation' and/or device 'xck26'
Running DRC as a precondition to command opt_design

Starting DRC Task
INFO: [DRC 23-27] Running DRC with 8 threads
INFO: [Project 1-461] DRC finished with 0 Errors
INFO: [Project 1-462] Please refer to the DRC report (report_drc) for more information.

Time (s): cpu = 00:00:00.65 ; elapsed = 00:00:00.31 . Memory (MB): peak = 3462.375 ; gain = 8.871 ; free physical = 19249 ; free virtual = 47159

Starting Cache Timing Information Task
INFO: [Timing 38-35] Done setting XDC timing constraints.
Ending Cache Timing Information Task | Checksum: 17caa7881

Time (s): cpu = 00:00:00.93 ; elapsed = 00:00:00.35 . Memory (MB): peak = 3462.375 ; gain = 0.000 ; free physical = 19239 ; free virtual = 47149

Starting Logic Optimization Task

Phase 1 Initialization

Phase 1.1 Core Generation And Design Setup
Phase 1.1 Core Generation And Design Setup | Checksum: 17caa7881

Time (s): cpu = 00:00:00.02 ; elapsed = 00:00:00.02 . Memory (MB): peak = 3814.188 ; gain = 0.000 ; free physical = 18861 ; free virtual = 46772

Phase 1.2 Setup Constraints And Sort Netlist
Phase 1.2 Setup Constraints And Sort Netlist | Checksum: 17caa7881

Time (s): cpu = 00:00:00.03 ; elapsed = 00:00:00.03 . Memory (MB): peak = 3814.188 ; gain = 0.000 ; free physical = 18861 ; free virtual = 46772
Phase 1 Initialization | Checksum: 17caa7881

Time (s): cpu = 00:00:00.03 ; elapsed = 00:00:00.03 . Memory (MB): peak = 3814.188 ; gain = 0.000 ; free physical = 18861 ; free virtual = 46772

Phase 2 Timer Update And Timing Data Collection

Phase 2.1 Detect if minReqCache needed
Phase 2.1 Detect if minReqCache needed | Checksum: 17caa7881

Time (s): cpu = 00:00:00.05 ; elapsed = 00:00:00.05 . Memory (MB): peak = 3814.188 ; gain = 0.000 ; free physical = 18854 ; free virtual = 46764

Phase 2.2 Timer Update
Phase 2.2 Timer Update | Checksum: 17caa7881

Time (s): cpu = 00:00:00.68 ; elapsed = 00:00:00.23 . Memory (MB): peak = 3814.188 ; gain = 0.000 ; free physical = 18854 ; free virtual = 46764

Phase 2.3 Timing Data Collection
Phase 2.3 Timing Data Collection | Checksum: 17caa7881

Time (s): cpu = 00:00:00.7 ; elapsed = 00:00:00.25 . Memory (MB): peak = 3814.188 ; gain = 0.000 ; free physical = 18846 ; free virtual = 46756
Phase 2 Timer Update And Timing Data Collection | Checksum: 17caa7881

Time (s): cpu = 00:00:00.7 ; elapsed = 00:00:00.25 . Memory (MB): peak = 3814.188 ; gain = 0.000 ; free physical = 18846 ; free virtual = 46756

Phase 3 Retarget
INFO: [Opt 31-1851] Number of loadless carry chains removed were: 0
INFO: [Opt 31-1834] Total Chains To Be Transformed Were: 0 AND Number of Transformed insts Created are: 0
INFO: [Opt 31-1566] Pulled 11 inverters resulting in an inversion of 78 pins
INFO: [Opt 31-138] Pushed 60 inverter(s) to 1499 load pin(s).
INFO: [Opt 31-49] Retargeted 0 cell(s).
Phase 3 Retarget | Checksum: 245aa12e6

Time (s): cpu = 00:00:01 ; elapsed = 00:00:00.59 . Memory (MB): peak = 3814.188 ; gain = 0.000 ; free physical = 18846 ; free virtual = 46756
Retarget | Checksum: 245aa12e6
INFO: [Opt 31-389] Phase Retarget created 59 cells and removed 477 cells
INFO: [Opt 31-1021] In phase Retarget, 40 netlist objects are constrained preventing optimization. Please run opt_design with -debug_log to get more detail. 

Phase 4 Constant propagation
INFO: [Opt 31-138] Pushed 0 inverter(s) to 0 load pin(s).
Phase 4 Constant propagation | Checksum: 22902cce5

Time (s): cpu = 00:00:01 ; elapsed = 00:00:00.71 . Memory (MB): peak = 3814.188 ; gain = 0.000 ; free physical = 18846 ; free virtual = 46756
Constant propagation | Checksum: 22902cce5
INFO: [Opt 31-389] Phase Constant propagation created 64 cells and removed 444 cells
INFO: [Opt 31-1021] In phase Constant propagation, 40 netlist objects are constrained preventing optimization. Please run opt_design with -debug_log to get more detail. 

Phase 5 Sweep
INFO: [Constraints 18-11670] Building netlist checker database with flags, 0x8
Done building netlist checker database: Time (s): cpu = 00:00:00 ; elapsed = 00:00:00 . Memory (MB): peak = 3814.188 ; gain = 0.000 ; free physical = 18846 ; free virtual = 46756
INFO: [Constraints 18-11670] Building netlist checker database with flags, 0x8
Done building netlist checker database: Time (s): cpu = 00:00:00 ; elapsed = 00:00:00 . Memory (MB): peak = 3814.188 ; gain = 0.000 ; free physical = 18846 ; free virtual = 46756
Phase 5 Sweep | Checksum: 2305f543d

Time (s): cpu = 00:00:02 ; elapsed = 00:00:01 . Memory (MB): peak = 3814.188 ; gain = 0.000 ; free physical = 18846 ; free virtual = 46757
Sweep | Checksum: 2305f543d
INFO: [Opt 31-389] Phase Sweep created 0 cells and removed 340 cells
INFO: [Opt 31-1021] In phase Sweep, 52 netlist objects are constrained preventing optimization. Please run opt_design with -debug_log to get more detail. 

Phase 6 BUFG optimization
INFO: [Opt 31-1077] Phase BUFG optimization inserted 0 global clock buffer(s) for CLOCK_LOW_FANOUT.
Phase 6 BUFG optimization | Checksum: 2305f543d

Time (s): cpu = 00:00:02 ; elapsed = 00:00:01 . Memory (MB): peak = 3846.203 ; gain = 32.016 ; free physical = 18846 ; free virtual = 46757
BUFG optimization | Checksum: 2305f543d
INFO: [Opt 31-662] Phase BUFG optimization created 0 cells of which 0 are BUFGs and removed 0 cells.

Phase 7 Shift Register Optimization
INFO: [Opt 31-1064] SRL Remap converted 0 SRLs to 0 registers and converted 0 registers of register chains to 0 SRLs
Phase 7 Shift Register Optimization | Checksum: 2305f543d

Time (s): cpu = 00:00:02 ; elapsed = 00:00:01 . Memory (MB): peak = 3846.203 ; gain = 32.016 ; free physical = 18846 ; free virtual = 46757
Shift Register Optimization | Checksum: 2305f543d
INFO: [Opt 31-389] Phase Shift Register Optimization created 0 cells and removed 0 cells

Phase 8 Post Processing Netlist
Phase 8 Post Processing Netlist | Checksum: 1a5ff7634

Time (s): cpu = 00:00:02 ; elapsed = 00:00:01 . Memory (MB): peak = 3846.203 ; gain = 32.016 ; free physical = 18846 ; free virtual = 46757
Post Processing Netlist | Checksum: 1a5ff7634
INFO: [Opt 31-389] Phase Post Processing Netlist created 0 cells and removed 0 cells
INFO: [Opt 31-1021] In phase Post Processing Netlist, 40 netlist objects are constrained preventing optimization. Please run opt_design with -debug_log to get more detail. 

Phase 9 Finalization

Phase 9.1 Finalizing Design Cores and Updating Shapes
Phase 9.1 Finalizing Design Cores and Updating Shapes | Checksum: 2362c8e08

Time (s): cpu = 00:00:02 ; elapsed = 00:00:02 . Memory (MB): peak = 3846.203 ; gain = 32.016 ; free physical = 18849 ; free virtual = 46760

Phase 9.2 Verifying Netlist Connectivity

Starting Connectivity Check Task

Time (s): cpu = 00:00:00.02 ; elapsed = 00:00:00.03 . Memory (MB): peak = 3846.203 ; gain = 0.000 ; free physical = 18849 ; free virtual = 46760
Phase 9.2 Verifying Netlist Connectivity | Checksum: 2362c8e08

Time (s): cpu = 00:00:02 ; elapsed = 00:00:02 . Memory (MB): peak = 3846.203 ; gain = 32.016 ; free physical = 18849 ; free virtual = 46760
Phase 9 Finalization | Checksum: 2362c8e08

Time (s): cpu = 00:00:02 ; elapsed = 00:00:02 . Memory (MB): peak = 3846.203 ; gain = 32.016 ; free physical = 18849 ; free virtual = 46760
Opt_design Change Summary
=========================


-------------------------------------------------------------------------------------------------------------------------
|  Phase                        |  #Cells created  |  #Cells Removed  |  #Constrained objects preventing optimizations  |
-------------------------------------------------------------------------------------------------------------------------
|  Retarget                     |              59  |             477  |                                             40  |
|  Constant propagation         |              64  |             444  |                                             40  |
|  Sweep                        |               0  |             340  |                                             52  |
|  BUFG optimization            |               0  |               0  |                                              0  |
|  Shift Register Optimization  |               0  |               0  |                                              0  |
|  Post Processing Netlist      |               0  |               0  |                                             40  |
-------------------------------------------------------------------------------------------------------------------------


Ending Logic Optimization Task | Checksum: 2362c8e08

Time (s): cpu = 00:00:02 ; elapsed = 00:00:02 . Memory (MB): peak = 3846.203 ; gain = 32.016 ; free physical = 18849 ; free virtual = 46760

Starting Power Optimization Task
INFO: [Pwropt 34-132] Skipping clock gating for clocks with a period < 2.00 ns.
INFO: [Pwropt 34-9] Applying IDT optimizations ...
INFO: [Pwropt 34-10] Applying ODC optimizations ...
INFO: [Timing 38-35] Done setting XDC timing constraints.
Running Vector-less Activity Propagation...

Finished Running Vector-less Activity Propagation


Starting PowerOpt Patch Enables Task
INFO: [Pwropt 34-162] WRITE_MODE attribute of 0 BRAM(s) out of a total of 11 has been updated to save power. Run report_power_opt to get a complete listing of the BRAMs updated.
INFO: [Pwropt 34-201] Structural ODC has moved 5 WE to EN ports
Number of BRAM Ports augmented: 1 newly gated: 8 Total Ports: 22
Ending PowerOpt Patch Enables Task | Checksum: 11fafbd4e

Time (s): cpu = 00:00:00.16 ; elapsed = 00:00:00.13 . Memory (MB): peak = 4030.270 ; gain = 0.000 ; free physical = 18730 ; free virtual = 46644
Ending Power Optimization Task | Checksum: 11fafbd4e

Time (s): cpu = 00:00:06 ; elapsed = 00:00:03 . Memory (MB): peak = 4030.270 ; gain = 184.066 ; free physical = 18730 ; free virtual = 46644

Starting Final Cleanup Task
Ending Final Cleanup Task | Checksum: 11fafbd4e

Time (s): cpu = 00:00:00 ; elapsed = 00:00:00 . Memory (MB): peak = 4030.270 ; gain = 0.000 ; free physical = 18730 ; free virtual = 46644
Netlist sorting complete. Time (s): cpu = 00:00:00.01 ; elapsed = 00:00:00.02 . Memory (MB): peak = 4030.270 ; gain = 0.000 ; free physical = 18730 ; free virtual = 46644
INFO: [Common 17-83] Releasing license: Implementation
56 Infos, 0 Warnings, 0 Critical Warnings and 0 Errors encountered.
opt_design completed successfully
opt_design: Time (s): cpu = 00:00:12 ; elapsed = 00:00:06 . Memory (MB): peak = 4030.270 ; gain = 576.766 ; free physical = 18730 ; free virtual = 46644
source /home/ncgadmin/Bachelor/HLS4ML_testbench_KV260/development/MNIST_CNN/MNIST_hgq2/Training_AdaptiveHP/hls4ml_prj_VU_EXPO_DEMO_axi_stream/vitis_workspace/system_link/_x/link/vivado/vpl/scripts/impl_1/_full_opt_post.tcl
source /home/ncgadmin/Bachelor/HLS4ML_testbench_KV260/development/MNIST_CNN/MNIST_hgq2/Training_AdaptiveHP/hls4ml_prj_VU_EXPO_DEMO_axi_stream/vitis_workspace/system_link/_x/link/vivado/vpl/scripts/impl_1/_full_place_pre.tcl
CRITICAL WARNING: [Vivado 12-4430] You are lowering the severity from an ERROR. This can potentially lead to board damage or other functionality issues on hardware. If this is not desired, please run 'reset_property SEVERITY [get_drc_checks HDPR-5]' to undo this change.
WARNING: [Vivado 12-180] No cells matched 'get_cells -hierarchical -filter VITIS_REGION!=\"\"'.
Command: place_design
Attempting to get a license for feature 'Implementation' and/or device 'xck26'
INFO: [Common 17-349] Got license for feature 'Implementation' and/or device 'xck26'
INFO: [Common 17-83] Releasing license: Implementation
INFO: [DRC 23-27] Running DRC with 8 threads
INFO: [Vivado_Tcl 4-198] DRC finished with 0 Errors
INFO: [Vivado_Tcl 4-199] Please refer to the DRC report (report_drc) for more information.
INFO: [Timing 38-35] Done setting XDC timing constraints.
Running DRC as a precondition to command place_design
INFO: [DRC 23-27] Running DRC with 8 threads
INFO: [Vivado_Tcl 4-198] DRC finished with 0 Errors
INFO: [Vivado_Tcl 4-199] Please refer to the DRC report (report_drc) for more information.
INFO: [Place 30-611] Multithreading enabled for place_design using a maximum of 8 CPUs

Starting Placer Task

Phase 1 Placer Initialization

Phase 1.1 Placer Initialization Netlist Sorting
Netlist sorting complete. Time (s): cpu = 00:00:00 ; elapsed = 00:00:00.01 . Memory (MB): peak = 4101.355 ; gain = 0.000 ; free physical = 18690 ; free virtual = 46605
Phase 1.1 Placer Initialization Netlist Sorting | Checksum: 1166a06ee

Time (s): cpu = 00:00:00.01 ; elapsed = 00:00:00.01 . Memory (MB): peak = 4101.355 ; gain = 0.000 ; free physical = 18690 ; free virtual = 46605
Netlist sorting complete. Time (s): cpu = 00:00:00.01 ; elapsed = 00:00:00 . Memory (MB): peak = 4101.355 ; gain = 0.000 ; free physical = 18690 ; free virtual = 46605

Phase 1.2 IO Placement/ Clock Placement/ Build Placer Device
Phase 1.2 IO Placement/ Clock Placement/ Build Placer Device | Checksum: 169c8e7f0

Time (s): cpu = 00:00:07 ; elapsed = 00:00:07 . Memory (MB): peak = 4380.793 ; gain = 279.438 ; free physical = 18193 ; free virtual = 46243

Phase 1.3 Build Placer Netlist Model
Phase 1.3 Build Placer Netlist Model | Checksum: 21991c3e9

Time (s): cpu = 00:00:12 ; elapsed = 00:00:09 . Memory (MB): peak = 4412.809 ; gain = 311.453 ; free physical = 18199 ; free virtual = 46251

Phase 1.4 Constrain Clocks/Macros
Phase 1.4 Constrain Clocks/Macros | Checksum: 21991c3e9

Time (s): cpu = 00:00:12 ; elapsed = 00:00:09 . Memory (MB): peak = 4412.809 ; gain = 311.453 ; free physical = 18201 ; free virtual = 46252
Phase 1 Placer Initialization | Checksum: 21991c3e9

Time (s): cpu = 00:00:12 ; elapsed = 00:00:09 . Memory (MB): peak = 4412.809 ; gain = 311.453 ; free physical = 18201 ; free virtual = 46252

Phase 2 Global Placement

Phase 2.1 Floorplanning

Phase 2.1.1 Partition Driven Placement

Phase 2.1.1.1 PBP: Partition Driven Placement
Phase 2.1.1.1 PBP: Partition Driven Placement | Checksum: 1dee5d569

Time (s): cpu = 00:00:19 ; elapsed = 00:00:12 . Memory (MB): peak = 4412.809 ; gain = 311.453 ; free physical = 18277 ; free virtual = 46330

Phase 2.1.1.2 PBP: Clock Region Placement
INFO: [Place 30-3162] Check ILP status : ILP-based clock placer completed successfully.
Phase 2.1.1.2 PBP: Clock Region Placement | Checksum: 1dee5d569

Time (s): cpu = 00:00:19 ; elapsed = 00:00:12 . Memory (MB): peak = 4412.809 ; gain = 311.453 ; free physical = 18275 ; free virtual = 46329

Phase 2.1.1.3 PBP: Compute Congestion
Phase 2.1.1.3 PBP: Compute Congestion | Checksum: 1dee5d569

Time (s): cpu = 00:00:25 ; elapsed = 00:00:14 . Memory (MB): peak = 4628.793 ; gain = 527.438 ; free physical = 17494 ; free virtual = 45976

Phase 2.1.1.4 PBP: UpdateTiming
Phase 2.1.1.4 PBP: UpdateTiming | Checksum: 26375d9a3

Time (s): cpu = 00:00:26 ; elapsed = 00:00:14 . Memory (MB): peak = 4660.809 ; gain = 559.453 ; free physical = 17494 ; free virtual = 45976

Phase 2.1.1.5 PBP: Add part constraints
Phase 2.1.1.5 PBP: Add part constraints | Checksum: 26375d9a3

Time (s): cpu = 00:00:26 ; elapsed = 00:00:14 . Memory (MB): peak = 4660.809 ; gain = 559.453 ; free physical = 17494 ; free virtual = 45976
Phase 2.1.1 Partition Driven Placement | Checksum: 26375d9a3

Time (s): cpu = 00:00:26 ; elapsed = 00:00:14 . Memory (MB): peak = 4660.809 ; gain = 559.453 ; free physical = 17494 ; free virtual = 45976
Phase 2.1 Floorplanning | Checksum: 1b2a814d6

Time (s): cpu = 00:00:26 ; elapsed = 00:00:14 . Memory (MB): peak = 4660.809 ; gain = 559.453 ; free physical = 17494 ; free virtual = 45976

Phase 2.2 Update Timing before SLR Path Opt
Phase 2.2 Update Timing before SLR Path Opt | Checksum: 1b2a814d6

Time (s): cpu = 00:00:26 ; elapsed = 00:00:14 . Memory (MB): peak = 4660.809 ; gain = 559.453 ; free physical = 17494 ; free virtual = 45976

Phase 2.3 Post-Processing in Floorplanning
Phase 2.3 Post-Processing in Floorplanning | Checksum: 1b2a814d6

Time (s): cpu = 00:00:26 ; elapsed = 00:00:14 . Memory (MB): peak = 4660.809 ; gain = 559.453 ; free physical = 17494 ; free virtual = 45976

Phase 2.4 Global Place Phase1
Phase 2.4 Global Place Phase1 | Checksum: 20e552c0b

Time (s): cpu = 00:00:56 ; elapsed = 00:00:25 . Memory (MB): peak = 4720.809 ; gain = 619.453 ; free physical = 17449 ; free virtual = 45931

Phase 2.5 Global Place Phase2

Phase 2.5.1 UpdateTiming Before Physical Synthesis
Phase 2.5.1 UpdateTiming Before Physical Synthesis | Checksum: 2e863970b

Time (s): cpu = 00:00:58 ; elapsed = 00:00:25 . Memory (MB): peak = 4720.809 ; gain = 619.453 ; free physical = 17448 ; free virtual = 45930

Phase 2.5.2 Physical Synthesis In Placer
INFO: [Physopt 32-1035] Found 0 LUTNM shape to break, 870 LUT instances to create LUTNM shape
INFO: [Physopt 32-1044] Break lutnm for timing: one critical 0, two critical 0, total 0, new lutff created 0
INFO: [Physopt 32-1138] End 1 Pass. Optimized 363 nets or LUTs. Breaked 0 LUT, combined 363 existing LUTs and moved 0 existing LUT
INFO: [Physopt 32-670] No setup violation found.  Equivalent Driver Rewiring was not performed.
INFO: [Physopt 32-65] No nets found for high-fanout optimization.
INFO: [Physopt 32-232] Optimized 0 net. Created 0 new instance.
INFO: [Physopt 32-775] End 1 Pass. Optimized 0 net or cell. Created 0 new cell, deleted 0 existing cell and moved 0 existing cell
INFO: [Physopt 32-670] No setup violation found.  DSP Register Optimization was not performed.
INFO: [Physopt 32-670] No setup violation found.  Shift Register to Pipeline Optimization was not performed.
INFO: [Physopt 32-670] No setup violation found.  Shift Register Optimization was not performed.
INFO: [Physopt 32-670] No setup violation found.  BRAM Register Optimization was not performed.
INFO: [Physopt 32-670] No setup violation found.  URAM Register Optimization was not performed.
INFO: [Physopt 32-949] No candidate nets found for dynamic/static region interface net replication
INFO: [Physopt 32-775] End 1 Pass. Optimized 0 net or cell. Created 0 new cell, deleted 0 existing cell and moved 0 existing cell
Netlist sorting complete. Time (s): cpu = 00:00:00.01 ; elapsed = 00:00:00.01 . Memory (MB): peak = 4720.809 ; gain = 0.000 ; free physical = 17445 ; free virtual = 45930

Summary of Physical Synthesis Optimizations
============================================


-----------------------------------------------------------------------------------------------------------------------------------------------------------
|  Optimization                                     |  Added Cells  |  Removed Cells  |  Optimized Cells/Nets  |  Dont Touch  |  Iterations  |  Elapsed   |
-----------------------------------------------------------------------------------------------------------------------------------------------------------
|  LUT Combining                                    |            0  |            363  |                   363  |           0  |           1  |  00:00:00  |
|  Retime                                           |            0  |              0  |                     0  |           0  |           1  |  00:00:00  |
|  Equivalent Driver Rewiring                       |            0  |              0  |                     0  |           0  |           0  |  00:00:00  |
|  Very High Fanout                                 |            0  |              0  |                     0  |           0  |           1  |  00:00:00  |
|  DSP Register                                     |            0  |              0  |                     0  |           0  |           0  |  00:00:00  |
|  Shift Register to Pipeline                       |            0  |              0  |                     0  |           0  |           0  |  00:00:00  |
|  Shift Register                                   |            0  |              0  |                     0  |           0  |           0  |  00:00:00  |
|  BRAM Register                                    |            0  |              0  |                     0  |           0  |           0  |  00:00:00  |
|  URAM Register                                    |            0  |              0  |                     0  |           0  |           0  |  00:00:00  |
|  Dynamic/Static Region Interface Net Replication  |            0  |              0  |                     0  |           0  |           1  |  00:00:00  |
|  Total                                            |            0  |            363  |                   363  |           0  |           4  |  00:00:00  |
-----------------------------------------------------------------------------------------------------------------------------------------------------------


Phase 2.5.2 Physical Synthesis In Placer | Checksum: 29e16e9c4

Time (s): cpu = 00:01:00 ; elapsed = 00:00:27 . Memory (MB): peak = 4720.809 ; gain = 619.453 ; free physical = 17444 ; free virtual = 45929
Phase 2.5 Global Place Phase2 | Checksum: 2b288ccaf

Time (s): cpu = 00:01:08 ; elapsed = 00:00:29 . Memory (MB): peak = 4720.809 ; gain = 619.453 ; free physical = 17442 ; free virtual = 45927
Phase 2 Global Placement | Checksum: 2b288ccaf

Time (s): cpu = 00:01:08 ; elapsed = 00:00:29 . Memory (MB): peak = 4720.809 ; gain = 619.453 ; free physical = 17442 ; free virtual = 45927

Phase 3 Detail Placement

Phase 3.1 Commit Multi Column Macros
Phase 3.1 Commit Multi Column Macros | Checksum: 272fa0812

Time (s): cpu = 00:01:15 ; elapsed = 00:00:31 . Memory (MB): peak = 4720.809 ; gain = 619.453 ; free physical = 17422 ; free virtual = 45907

Phase 3.2 Commit Most Macros & LUTRAMs
Phase 3.2 Commit Most Macros & LUTRAMs | Checksum: 2786dcd49

Time (s): cpu = 00:01:17 ; elapsed = 00:00:32 . Memory (MB): peak = 4720.809 ; gain = 619.453 ; free physical = 17421 ; free virtual = 45907

Phase 3.3 Small Shape DP

Phase 3.3.1 Small Shape Clustering
Phase 3.3.1 Small Shape Clustering | Checksum: 260c22eae

Time (s): cpu = 00:01:24 ; elapsed = 00:00:34 . Memory (MB): peak = 4720.809 ; gain = 619.453 ; free physical = 17432 ; free virtual = 45917

Phase 3.3.2 Slice Area Swap

Phase 3.3.2.1 Slice Area Swap Initial
Phase 3.3.2.1 Slice Area Swap Initial | Checksum: 304e5068d

Time (s): cpu = 00:01:26 ; elapsed = 00:00:36 . Memory (MB): peak = 4720.809 ; gain = 619.453 ; free physical = 17424 ; free virtual = 45910
Phase 3.3.2 Slice Area Swap | Checksum: 304e5068d

Time (s): cpu = 00:01:26 ; elapsed = 00:00:36 . Memory (MB): peak = 4720.809 ; gain = 619.453 ; free physical = 17423 ; free virtual = 45910
Phase 3.3 Small Shape DP | Checksum: 2312aac82

Time (s): cpu = 00:01:28 ; elapsed = 00:00:36 . Memory (MB): peak = 4720.809 ; gain = 619.453 ; free physical = 17417 ; free virtual = 45903

Phase 3.4 Re-assign LUT pins
Phase 3.4 Re-assign LUT pins | Checksum: 2bc4471b8

Time (s): cpu = 00:01:29 ; elapsed = 00:00:37 . Memory (MB): peak = 4720.809 ; gain = 619.453 ; free physical = 17418 ; free virtual = 45904

Phase 3.5 Pipeline Register Optimization
Phase 3.5 Pipeline Register Optimization | Checksum: 207e0c8d1

Time (s): cpu = 00:01:29 ; elapsed = 00:00:37 . Memory (MB): peak = 4720.809 ; gain = 619.453 ; free physical = 17418 ; free virtual = 45904
Phase 3 Detail Placement | Checksum: 207e0c8d1

Time (s): cpu = 00:01:30 ; elapsed = 00:00:37 . Memory (MB): peak = 4720.809 ; gain = 619.453 ; free physical = 17418 ; free virtual = 45904

Phase 4 Post Placement Optimization and Clean-Up

Phase 4.1 Post Commit Optimization
INFO: [Timing 38-35] Done setting XDC timing constraints.

Phase 4.1.1 Post Placement Optimization
Post Placement Optimization Initialization | Checksum: 239c4b7df

Phase 4.1.1.1 BUFG Insertion

Starting Physical Synthesis Task

Phase 1 Physical Synthesis Initialization
INFO: [Physopt 32-721] Multithreading enabled for phys_opt_design using a maximum of 8 CPUs
INFO: [Physopt 32-619] Estimated Timing Summary | WNS=4.594 | TNS=0.000 |
Phase 1 Physical Synthesis Initialization | Checksum: 169389aed

Time (s): cpu = 00:00:00.51 ; elapsed = 00:00:00.13 . Memory (MB): peak = 4720.809 ; gain = 0.000 ; free physical = 17418 ; free virtual = 45904
INFO: [Place 46-56] BUFG insertion identified 0 candidate nets. Inserted BUFG: 0, Replicated BUFG Driver: 0, Skipped due to Placement/Routing Conflicts: 0, Skipped due to Timing Degradation: 0, Skipped due to netlist editing failed: 0.
Ending Physical Synthesis Task | Checksum: 205ec6cc9

Time (s): cpu = 00:00:00.68 ; elapsed = 00:00:00.21 . Memory (MB): peak = 4720.809 ; gain = 0.000 ; free physical = 17418 ; free virtual = 45904
Phase 4.1.1.1 BUFG Insertion | Checksum: 239c4b7df

Time (s): cpu = 00:01:42 ; elapsed = 00:00:41 . Memory (MB): peak = 4720.809 ; gain = 619.453 ; free physical = 17418 ; free virtual = 45904

Phase 4.1.1.2 Post Placement Timing Optimization
INFO: [Place 30-746] Post Placement Timing Summary WNS=4.594. For the most accurate timing information please run report_timing.
Phase 4.1.1.2 Post Placement Timing Optimization | Checksum: 25d5eb634

Time (s): cpu = 00:01:43 ; elapsed = 00:00:41 . Memory (MB): peak = 4720.809 ; gain = 619.453 ; free physical = 17418 ; free virtual = 45904

Time (s): cpu = 00:01:43 ; elapsed = 00:00:41 . Memory (MB): peak = 4720.809 ; gain = 619.453 ; free physical = 17418 ; free virtual = 45904
Phase 4.1 Post Commit Optimization | Checksum: 25d5eb634

Time (s): cpu = 00:01:43 ; elapsed = 00:00:41 . Memory (MB): peak = 4720.809 ; gain = 619.453 ; free physical = 17418 ; free virtual = 45904
Netlist sorting complete. Time (s): cpu = 00:00:00.01 ; elapsed = 00:00:00 . Memory (MB): peak = 4733.793 ; gain = 0.000 ; free physical = 17378 ; free virtual = 45864

Phase 4.2 Post Placement Cleanup
Phase 4.2 Post Placement Cleanup | Checksum: 1beca1259

Time (s): cpu = 00:01:50 ; elapsed = 00:00:44 . Memory (MB): peak = 4733.793 ; gain = 632.438 ; free physical = 17378 ; free virtual = 45864

Phase 4.3 Placer Reporting

Phase 4.3.1 Print Estimated Congestion
INFO: [Place 30-612] Post-Placement Estimated Congestion 
 ________________________________________________________________________
|           | Global Congestion | Long Congestion   | Short Congestion  |
| Direction | Region Size       | Region Size       | Region Size       |
|___________|___________________|___________________|___________________|
|      North|                1x1|                1x1|                1x1|
|___________|___________________|___________________|___________________|
|      South|                1x1|                1x1|                2x2|
|___________|___________________|___________________|___________________|
|       East|                1x1|                1x1|                2x2|
|___________|___________________|___________________|___________________|
|       West|                1x1|                1x1|                2x2|
|___________|___________________|___________________|___________________|

Phase 4.3.1 Print Estimated Congestion | Checksum: 1beca1259

Time (s): cpu = 00:01:50 ; elapsed = 00:00:44 . Memory (MB): peak = 4733.793 ; gain = 632.438 ; free physical = 17378 ; free virtual = 45864
Phase 4.3 Placer Reporting | Checksum: 1beca1259

Time (s): cpu = 00:01:50 ; elapsed = 00:00:44 . Memory (MB): peak = 4733.793 ; gain = 632.438 ; free physical = 17378 ; free virtual = 45864

Phase 4.4 Final Placement Cleanup
Netlist sorting complete. Time (s): cpu = 00:00:00 ; elapsed = 00:00:00 . Memory (MB): peak = 4733.793 ; gain = 0.000 ; free physical = 17378 ; free virtual = 45864

Time (s): cpu = 00:01:50 ; elapsed = 00:00:44 . Memory (MB): peak = 4733.793 ; gain = 632.438 ; free physical = 17378 ; free virtual = 45864
Phase 4 Post Placement Optimization and Clean-Up | Checksum: 18e71c8b2

Time (s): cpu = 00:01:51 ; elapsed = 00:00:44 . Memory (MB): peak = 4733.793 ; gain = 632.438 ; free physical = 17378 ; free virtual = 45864
Ending Placer Task | Checksum: e8c91afa

Time (s): cpu = 00:01:51 ; elapsed = 00:00:44 . Memory (MB): peak = 4733.793 ; gain = 632.438 ; free physical = 17378 ; free virtual = 45864
87 Infos, 1 Warnings, 1 Critical Warnings and 0 Errors encountered.
place_design completed successfully
place_design: Time (s): cpu = 00:01:55 ; elapsed = 00:00:46 . Memory (MB): peak = 4733.793 ; gain = 703.523 ; free physical = 17378 ; free virtual = 45864
source /home/ncgadmin/Bachelor/HLS4ML_testbench_KV260/development/MNIST_CNN/MNIST_hgq2/Training_AdaptiveHP/hls4ml_prj_VU_EXPO_DEMO_axi_stream/vitis_workspace/system_link/_x/link/vivado/vpl/scripts/impl_1/_full_place_post.tcl
INFO: System Diagram: Run step: placed

Command: phys_opt_design
Attempting to get a license for feature 'Implementation' and/or device 'xck26'
INFO: [Common 17-349] Got license for feature 'Implementation' and/or device 'xck26'

Starting Initial Update Timing Task

Time (s): cpu = 00:00:05 ; elapsed = 00:00:01 . Memory (MB): peak = 4733.793 ; gain = 0.000 ; free physical = 17363 ; free virtual = 45849
INFO: [Vivado_Tcl 4-2279] Estimated Timing Summary | WNS= 4.596 | TNS= 0.000 | 
INFO: [Vivado_Tcl 4-383] Design worst setup slack (WNS) is greater than or equal to 0.000 ns. All physical synthesis setup optimizations will be skipped.
INFO: [Vivado_Tcl 4-232] No setup violation found. The netlist was not modified.
INFO: [Common 17-83] Releasing license: Implementation
92 Infos, 1 Warnings, 1 Critical Warnings and 0 Errors encountered.
phys_opt_design completed successfully
Command: route_design
Attempting to get a license for feature 'Implementation' and/or device 'xck26'
INFO: [Common 17-349] Got license for feature 'Implementation' and/or device 'xck26'


Starting Routing Task
INFO: [Route 35-254] Multithreading enabled for route_design using a maximum of 8 CPUs

Phase 1 Build RT Design
Checksum: PlaceDB: 58aafaf3 ConstDB: 0 ShapeSum: 689b3d96 RouteDB: 2782e271
Nodegraph reading from file.  Time (s): cpu = 00:00:00.26 ; elapsed = 00:00:00.29 . Memory (MB): peak = 4733.793 ; gain = 0.000 ; free physical = 17359 ; free virtual = 45848
Post Restoration Checksum: NetGraph: 51a549fe | NumContArr: c8682100 | Constraints: 292927e3 | Timing: c2a8fa9d
Phase 1 Build RT Design | Checksum: 205df8d7e

Time (s): cpu = 00:00:08 ; elapsed = 00:00:02 . Memory (MB): peak = 4733.793 ; gain = 0.000 ; free physical = 17361 ; free virtual = 45850

Phase 2 Router Initialization

Phase 2.1 Fix Topology Constraints
Phase 2.1 Fix Topology Constraints | Checksum: 205df8d7e

Time (s): cpu = 00:00:08 ; elapsed = 00:00:02 . Memory (MB): peak = 4733.793 ; gain = 0.000 ; free physical = 17361 ; free virtual = 45851

Phase 2.2 Pre Route Cleanup
Phase 2.2 Pre Route Cleanup | Checksum: 205df8d7e

Time (s): cpu = 00:00:08 ; elapsed = 00:00:02 . Memory (MB): peak = 4733.793 ; gain = 0.000 ; free physical = 17361 ; free virtual = 45851

Phase 2.3 Global Clock Net Routing
 Number of Nodes with overlaps = 0
Phase 2.3 Global Clock Net Routing | Checksum: 1ad213f52

Time (s): cpu = 00:00:09 ; elapsed = 00:00:03 . Memory (MB): peak = 4733.793 ; gain = 0.000 ; free physical = 17361 ; free virtual = 45851

Phase 2.4 Update Timing
Phase 2.4 Update Timing | Checksum: 1d8b63004

Time (s): cpu = 00:00:12 ; elapsed = 00:00:04 . Memory (MB): peak = 4733.793 ; gain = 0.000 ; free physical = 17362 ; free virtual = 45852
INFO: [Route 35-416] Intermediate Timing Summary | WNS=4.679  | TNS=0.000  | WHS=-0.080 | THS=-112.127|


Phase 2.5 Soft Constraint Pins - Fast Budgeting
Phase 2.5 Soft Constraint Pins - Fast Budgeting | Checksum: 2377f43c5

Time (s): cpu = 00:00:16 ; elapsed = 00:00:05 . Memory (MB): peak = 4733.793 ; gain = 0.000 ; free physical = 17362 ; free virtual = 45853

Router Utilization Summary
  Global Vertical Routing Utilization    = 0 %
  Global Horizontal Routing Utilization  = 0 %
  Routable Net Status*
  *Does not include unroutable nets such as driverless and loadless.
  Run report_route_status for detailed report.
  Number of Failed Nets               = 23946
    (Failed Nets is the sum of unrouted and partially routed nets)
  Number of Unrouted Nets             = 18398
  Number of Partially Routed Nets     = 5548
  Number of Node Overlaps             = 0

Phase 2 Router Initialization | Checksum: 19e83bd30

Time (s): cpu = 00:00:17 ; elapsed = 00:00:05 . Memory (MB): peak = 4733.793 ; gain = 0.000 ; free physical = 17362 ; free virtual = 45853

Phase 3 Global Routing
Phase 3 Global Routing | Checksum: 19e83bd30

Time (s): cpu = 00:00:17 ; elapsed = 00:00:05 . Memory (MB): peak = 4733.793 ; gain = 0.000 ; free physical = 17362 ; free virtual = 45853

Phase 4 Initial Routing

Phase 4.1 Initial Net Routing Pass
Phase 4.1 Initial Net Routing Pass | Checksum: 2814144b1

Time (s): cpu = 00:00:20 ; elapsed = 00:00:06 . Memory (MB): peak = 4733.793 ; gain = 0.000 ; free physical = 17362 ; free virtual = 45853
Phase 4 Initial Routing | Checksum: 2d7a62fa1

Time (s): cpu = 00:00:21 ; elapsed = 00:00:06 . Memory (MB): peak = 4733.793 ; gain = 0.000 ; free physical = 17362 ; free virtual = 45853

Phase 5 Rip-up And Reroute

Phase 5.1 Global Iteration 0
 Number of Nodes with overlaps = 5044
 Number of Nodes with overlaps = 304
 Number of Nodes with overlaps = 8
 Number of Nodes with overlaps = 2
 Number of Nodes with overlaps = 1
 Number of Nodes with overlaps = 0
INFO: [Route 35-416] Intermediate Timing Summary | WNS=3.666  | TNS=0.000  | WHS=-0.031 | THS=-0.198 |

Phase 5.1 Global Iteration 0 | Checksum: 19748c5d4

Time (s): cpu = 00:00:41 ; elapsed = 00:00:14 . Memory (MB): peak = 4733.793 ; gain = 0.000 ; free physical = 17363 ; free virtual = 45855

Phase 5.2 Additional Iteration for Hold
Phase 5.2 Additional Iteration for Hold | Checksum: 1e1245ccb

Time (s): cpu = 00:00:42 ; elapsed = 00:00:14 . Memory (MB): peak = 4733.793 ; gain = 0.000 ; free physical = 17363 ; free virtual = 45855
Phase 5 Rip-up And Reroute | Checksum: 1e1245ccb

Time (s): cpu = 00:00:42 ; elapsed = 00:00:14 . Memory (MB): peak = 4733.793 ; gain = 0.000 ; free physical = 17363 ; free virtual = 45855

Phase 6 Delay and Skew Optimization

Phase 6.1 Delay CleanUp
INFO: [Route 35-416] Intermediate Timing Summary | WNS=3.666  | TNS=0.000  | WHS=0.010  | THS=0.000  |

INFO: [Route 35-416] Intermediate Timing Summary | WNS=3.666  | TNS=0.000  | WHS=0.010  | THS=0.000  |

Phase 6.1 Delay CleanUp | Checksum: 173f4424b

Time (s): cpu = 00:00:45 ; elapsed = 00:00:15 . Memory (MB): peak = 4733.793 ; gain = 0.000 ; free physical = 17363 ; free virtual = 45855

Phase 6.2 Clock Skew Optimization
Phase 6.2 Clock Skew Optimization | Checksum: 173f4424b

Time (s): cpu = 00:00:45 ; elapsed = 00:00:15 . Memory (MB): peak = 4733.793 ; gain = 0.000 ; free physical = 17363 ; free virtual = 45855
Phase 6 Delay and Skew Optimization | Checksum: 173f4424b

Time (s): cpu = 00:00:45 ; elapsed = 00:00:15 . Memory (MB): peak = 4733.793 ; gain = 0.000 ; free physical = 17363 ; free virtual = 45855

Phase 7 Post Hold Fix

Phase 7.1 Hold Fix Iter
INFO: [Route 35-416] Intermediate Timing Summary | WNS=3.666  | TNS=0.000  | WHS=0.010  | THS=0.000  |

Phase 7.1 Hold Fix Iter | Checksum: e39563e6

Time (s): cpu = 00:00:47 ; elapsed = 00:00:15 . Memory (MB): peak = 4733.793 ; gain = 0.000 ; free physical = 17363 ; free virtual = 45855
Phase 7 Post Hold Fix | Checksum: e39563e6

Time (s): cpu = 00:00:47 ; elapsed = 00:00:15 . Memory (MB): peak = 4733.793 ; gain = 0.000 ; free physical = 17363 ; free virtual = 45855

Phase 8 Route finalize

Router Utilization Summary
  Global Vertical Routing Utilization    = 2.24431 %
  Global Horizontal Routing Utilization  = 2.53356 %
  Routable Net Status*
  *Does not include unroutable nets such as driverless and loadless.
  Run report_route_status for detailed report.
  Number of Failed Nets               = 0
    (Failed Nets is the sum of unrouted and partially routed nets)
  Number of Unrouted Nets             = 0
  Number of Partially Routed Nets     = 0
  Number of Node Overlaps             = 0

Phase 8 Route finalize | Checksum: e39563e6

Time (s): cpu = 00:00:47 ; elapsed = 00:00:15 . Memory (MB): peak = 4733.793 ; gain = 0.000 ; free physical = 17363 ; free virtual = 45855

Phase 9 Verifying routed nets

 Verification completed successfully
Phase 9 Verifying routed nets | Checksum: e39563e6

Time (s): cpu = 00:00:47 ; elapsed = 00:00:15 . Memory (MB): peak = 4733.793 ; gain = 0.000 ; free physical = 17363 ; free virtual = 45855

Phase 10 Depositing Routes
Phase 10 Depositing Routes | Checksum: e39563e6

Time (s): cpu = 00:00:49 ; elapsed = 00:00:16 . Memory (MB): peak = 4733.793 ; gain = 0.000 ; free physical = 17324 ; free virtual = 45815

Phase 11 Resolve XTalk
Phase 11 Resolve XTalk | Checksum: e39563e6

Time (s): cpu = 00:00:49 ; elapsed = 00:00:16 . Memory (MB): peak = 4733.793 ; gain = 0.000 ; free physical = 17323 ; free virtual = 45814

Phase 12 Post Process Routing
Phase 12 Post Process Routing | Checksum: e39563e6

Time (s): cpu = 00:00:49 ; elapsed = 00:00:16 . Memory (MB): peak = 4733.793 ; gain = 0.000 ; free physical = 17323 ; free virtual = 45814

Phase 13 Post Router Timing
INFO: [Route 35-57] Estimated Timing Summary | WNS=3.666  | TNS=0.000  | WHS=0.010  | THS=0.000  |

INFO: [Route 35-327] The final timing numbers are based on the router estimated timing analysis. For a complete and accurate timing signoff, please run report_timing_summary.
Phase 13 Post Router Timing | Checksum: e39563e6

Time (s): cpu = 00:00:49 ; elapsed = 00:00:16 . Memory (MB): peak = 4733.793 ; gain = 0.000 ; free physical = 17323 ; free virtual = 45814
Total Elapsed time in route_design: 16.29 secs

Phase 14 Post-Route Event Processing
Phase 14 Post-Route Event Processing | Checksum: 19d1ec929

Time (s): cpu = 00:00:49 ; elapsed = 00:00:16 . Memory (MB): peak = 4733.793 ; gain = 0.000 ; free physical = 17323 ; free virtual = 45814
INFO: [Route 35-16] Router Completed Successfully
Ending Routing Task | Checksum: 19d1ec929

Time (s): cpu = 00:00:49 ; elapsed = 00:00:16 . Memory (MB): peak = 4733.793 ; gain = 0.000 ; free physical = 17323 ; free virtual = 45814

Routing Is Done.
INFO: [Common 17-83] Releasing license: Implementation
103 Infos, 1 Warnings, 1 Critical Warnings and 0 Errors encountered.
route_design completed successfully
route_design: Time (s): cpu = 00:00:50 ; elapsed = 00:00:17 . Memory (MB): peak = 4733.793 ; gain = 0.000 ; free physical = 17320 ; free virtual = 45811
INFO: [Vivado 12-24828] Executing command : report_timing_summary -max_paths 10 -file vitis_design_wrapper_timing_summary_routed.rpt -pb vitis_design_wrapper_timing_summary_routed.pb -rpx vitis_design_wrapper_timing_summary_routed.rpx -warn_on_violation 
INFO: [Timing 38-91] UpdateTimingParams: Speed grade: -2LV, Temperature grade: C, Delay Type: min_max.
INFO: [Timing 38-191] Multithreading enabled for timing update using a maximum of 8 CPUs
source /home/ncgadmin/Bachelor/HLS4ML_testbench_KV260/development/MNIST_CNN/MNIST_hgq2/Training_AdaptiveHP/hls4ml_prj_VU_EXPO_DEMO_axi_stream/vitis_workspace/system_link/_x/link/vivado/vpl/scripts/impl_1/_full_route_post.tcl
INFO: System Diagram: Run step: routed

WARNING: Unable to find metadata file: /home/ncgadmin/Bachelor/HLS4ML_testbench_KV260/development/MNIST_CNN/MNIST_hgq2/Training_AdaptiveHP/hls4ml_prj_VU_EXPO_DEMO_axi_stream/vitis_workspace/system_link/_x/link/int/debug_ip_layout.rtd
INFO: [Timing 38-480] Writing timing data to binary archive.
Write ShapeDB Complete: Time (s): cpu = 00:00:00.2 ; elapsed = 00:00:00.04 . Memory (MB): peak = 4733.793 ; gain = 0.000 ; free physical = 17334 ; free virtual = 45833
Wrote PlaceDB: Time (s): cpu = 00:00:01 ; elapsed = 00:00:00.47 . Memory (MB): peak = 4733.793 ; gain = 0.000 ; free physical = 17312 ; free virtual = 45832
Wrote PulsedLatchDB: Time (s): cpu = 00:00:00 ; elapsed = 00:00:00 . Memory (MB): peak = 4733.793 ; gain = 0.000 ; free physical = 17312 ; free virtual = 45832
Writing XDEF routing.
Writing XDEF routing logical nets.
Writing XDEF routing special nets.
Wrote RouteStorage: Time (s): cpu = 00:00:00.52 ; elapsed = 00:00:00.2 . Memory (MB): peak = 4733.793 ; gain = 0.000 ; free physical = 17310 ; free virtual = 45835
Wrote Netlist Cache: Time (s): cpu = 00:00:00.02 ; elapsed = 00:00:00.02 . Memory (MB): peak = 4733.793 ; gain = 0.000 ; free physical = 17302 ; free virtual = 45830
Wrote Device Cache: Time (s): cpu = 00:00:00.01 ; elapsed = 00:00:00.02 . Memory (MB): peak = 4733.793 ; gain = 0.000 ; free physical = 17302 ; free virtual = 45833
Write Physdb Complete: Time (s): cpu = 00:00:02 ; elapsed = 00:00:00.72 . Memory (MB): peak = 4733.793 ; gain = 0.000 ; free physical = 17302 ; free virtual = 45833
INFO: [Common 17-1381] The checkpoint '/home/ncgadmin/Bachelor/HLS4ML_testbench_KV260/development/MNIST_CNN/MNIST_hgq2/Training_AdaptiveHP/hls4ml_prj_VU_EXPO_DEMO_axi_stream/vitis_workspace/system_link/_x/link/vivado/vpl/prj/prj.runs/impl_1/vitis_design_wrapper_routed.dcp' has been generated.
source /home/ncgadmin/Bachelor/HLS4ML_testbench_KV260/development/MNIST_CNN/MNIST_hgq2/Training_AdaptiveHP/hls4ml_prj_VU_EXPO_DEMO_axi_stream/vitis_workspace/system_link/_x/link/vivado/vpl/scripts/impl_1/_full_write_bitstream_pre.tcl
INFO: [OCL_UTIL] clock frequency scaling is disabled for this flow, perform the normal timing check instead
INFO: [OCL_UTIL] get_timing_paths -quiet -slack_lesser_than 0
INFO: [OCL_UTIL] report_pulse_width -all_violators
INFO: [OCL_UTIL] No pulse width violation is detected.

WARNING::74 - Unsupported FPGA device name 'xck26-sfvc784-2LV-c'. Verify that the specified device is a valid customer supported device.
-p xck26-sfvc784-2LV-c
   ^

INFO: [Memdata 28-167] Found XPM memory block vitis_design_i/axi_smc/inst/s01_nodes/s01_w_node/inst/inst_mi_handler/gen_normal_area.inst_fifo_node_payld/gen_xpm_memory_fifo.inst_fifo/gen_mem_rep[0].inst_xpm_memory/xpm_memory_base_inst with a P_MEMORY_PRIMITIVE property set to distributed. A value of block is required. You will not be able to use the updatemem program to update the bitstream with new data for the vitis_design_i/axi_smc/inst/s01_nodes/s01_w_node/inst/inst_mi_handler/gen_normal_area.inst_fifo_node_payld/gen_xpm_memory_fifo.inst_fifo/gen_mem_rep[0].inst_xpm_memory/xpm_memory_base_inst block.
INFO: [Memdata 28-167] Found XPM memory block vitis_design_i/axi_smc/inst/s01_nodes/s01_w_node/inst/inst_mi_handler/gen_normal_area.gen_fifo_req.inst_fifo_req/gen_xpm_memory_fifo.inst_fifo/gen_mem_rep[0].inst_xpm_memory/xpm_memory_base_inst with a P_MEMORY_PRIMITIVE property set to distributed. A value of block is required. You will not be able to use the updatemem program to update the bitstream with new data for the vitis_design_i/axi_smc/inst/s01_nodes/s01_w_node/inst/inst_mi_handler/gen_normal_area.gen_fifo_req.inst_fifo_req/gen_xpm_memory_fifo.inst_fifo/gen_mem_rep[0].inst_xpm_memory/xpm_memory_base_inst block.
INFO: [Memdata 28-167] Found XPM memory block vitis_design_i/axi_smc/inst/s01_nodes/s01_b_node/inst/inst_mi_handler/gen_normal_area.inst_fifo_node_payld/gen_xpm_memory_fifo.inst_fifo/gen_mem_rep[0].inst_xpm_memory/xpm_memory_base_inst with a P_MEMORY_PRIMITIVE property set to distributed. A value of block is required. You will not be able to use the updatemem program to update the bitstream with new data for the vitis_design_i/axi_smc/inst/s01_nodes/s01_b_node/inst/inst_mi_handler/gen_normal_area.inst_fifo_node_payld/gen_xpm_memory_fifo.inst_fifo/gen_mem_rep[0].inst_xpm_memory/xpm_memory_base_inst block.
INFO: [Memdata 28-167] Found XPM memory block vitis_design_i/axi_smc/inst/s01_nodes/s01_aw_node/inst/inst_mi_handler/gen_normal_area.inst_fifo_node_payld/gen_xpm_memory_fifo.inst_fifo/gen_mem_rep[0].inst_xpm_memory/xpm_memory_base_inst with a P_MEMORY_PRIMITIVE property set to distributed. A value of block is required. You will not be able to use the updatemem program to update the bitstream with new data for the vitis_design_i/axi_smc/inst/s01_nodes/s01_aw_node/inst/inst_mi_handler/gen_normal_area.inst_fifo_node_payld/gen_xpm_memory_fifo.inst_fifo/gen_mem_rep[0].inst_xpm_memory/xpm_memory_base_inst block.
INFO: [Memdata 28-167] Found XPM memory block vitis_design_i/axi_smc/inst/s00_nodes/s00_r_node/inst/inst_mi_handler/gen_normal_area.inst_fifo_node_payld/gen_xpm_memory_fifo.inst_fifo/gen_mem_rep[0].inst_xpm_memory/xpm_memory_base_inst with a P_MEMORY_PRIMITIVE property set to distributed. A value of block is required. You will not be able to use the updatemem program to update the bitstream with new data for the vitis_design_i/axi_smc/inst/s00_nodes/s00_r_node/inst/inst_mi_handler/gen_normal_area.inst_fifo_node_payld/gen_xpm_memory_fifo.inst_fifo/gen_mem_rep[0].inst_xpm_memory/xpm_memory_base_inst block.
INFO: [Memdata 28-167] Found XPM memory block vitis_design_i/axi_smc/inst/s00_nodes/s00_ar_node/inst/inst_mi_handler/gen_normal_area.inst_fifo_node_payld/gen_xpm_memory_fifo.inst_fifo/gen_mem_rep[0].inst_xpm_memory/xpm_memory_base_inst with a P_MEMORY_PRIMITIVE property set to distributed. A value of block is required. You will not be able to use the updatemem program to update the bitstream with new data for the vitis_design_i/axi_smc/inst/s00_nodes/s00_ar_node/inst/inst_mi_handler/gen_normal_area.inst_fifo_node_payld/gen_xpm_memory_fifo.inst_fifo/gen_mem_rep[0].inst_xpm_memory/xpm_memory_base_inst block.
INFO: [Memdata 28-167] Found XPM memory block vitis_design_i/axi_smc/inst/m00_nodes/m00_w_node/inst/inst_si_handler/gen_si_handler.gen_request_fifos.gen_req_fifo[1].inst_req_fifo/gen_xpm_memory_fifo.inst_fifo/gen_mem_rep[0].inst_xpm_memory/xpm_memory_base_inst with a P_MEMORY_PRIMITIVE property set to distributed. A value of block is required. You will not be able to use the updatemem program to update the bitstream with new data for the vitis_design_i/axi_smc/inst/m00_nodes/m00_w_node/inst/inst_si_handler/gen_si_handler.gen_request_fifos.gen_req_fifo[1].inst_req_fifo/gen_xpm_memory_fifo.inst_fifo/gen_mem_rep[0].inst_xpm_memory/xpm_memory_base_inst block.
INFO: [Memdata 28-167] Found XPM memory block vitis_design_i/axi_smc/inst/m00_nodes/m00_w_node/inst/inst_mi_handler/gen_normal_area.inst_fifo_node_payld/gen_xpm_memory_fifo.inst_fifo/gen_mem_rep[0].inst_xpm_memory/xpm_memory_base_inst with a P_MEMORY_PRIMITIVE property set to distributed. A value of block is required. You will not be able to use the updatemem program to update the bitstream with new data for the vitis_design_i/axi_smc/inst/m00_nodes/m00_w_node/inst/inst_mi_handler/gen_normal_area.inst_fifo_node_payld/gen_xpm_memory_fifo.inst_fifo/gen_mem_rep[0].inst_xpm_memory/xpm_memory_base_inst block.
INFO: [Memdata 28-167] Found XPM memory block vitis_design_i/axi_smc/inst/m00_nodes/m00_r_node/inst/inst_mi_handler/gen_normal_area.inst_fifo_node_payld/gen_xpm_memory_fifo.inst_fifo/gen_mem_rep[0].inst_xpm_memory/xpm_memory_base_inst with a P_MEMORY_PRIMITIVE property set to distributed. A value of block is required. You will not be able to use the updatemem program to update the bitstream with new data for the vitis_design_i/axi_smc/inst/m00_nodes/m00_r_node/inst/inst_mi_handler/gen_normal_area.inst_fifo_node_payld/gen_xpm_memory_fifo.inst_fifo/gen_mem_rep[0].inst_xpm_memory/xpm_memory_base_inst block.
INFO: [Memdata 28-167] Found XPM memory block vitis_design_i/axi_smc/inst/m00_nodes/m00_r_node/inst/inst_mi_handler/gen_normal_area.gen_fifo_req.inst_fifo_req/gen_xpm_memory_fifo.inst_fifo/gen_mem_rep[0].inst_xpm_memory/xpm_memory_base_inst with a P_MEMORY_PRIMITIVE property set to distributed. A value of block is required. You will not be able to use the updatemem program to update the bitstream with new data for the vitis_design_i/axi_smc/inst/m00_nodes/m00_r_node/inst/inst_mi_handler/gen_normal_area.gen_fifo_req.inst_fifo_req/gen_xpm_memory_fifo.inst_fifo/gen_mem_rep[0].inst_xpm_memory/xpm_memory_base_inst block.
INFO: [Memdata 28-167] Found XPM memory block vitis_design_i/axi_smc/inst/m00_nodes/m00_b_node/inst/inst_mi_handler/gen_normal_area.inst_fifo_node_payld/gen_xpm_memory_fifo.inst_fifo/gen_mem_rep[0].inst_xpm_memory/xpm_memory_base_inst with a P_MEMORY_PRIMITIVE property set to distributed. A value of block is required. You will not be able to use the updatemem program to update the bitstream with new data for the vitis_design_i/axi_smc/inst/m00_nodes/m00_b_node/inst/inst_mi_handler/gen_normal_area.inst_fifo_node_payld/gen_xpm_memory_fifo.inst_fifo/gen_mem_rep[0].inst_xpm_memory/xpm_memory_base_inst block.
INFO: [Memdata 28-167] Found XPM memory block vitis_design_i/axi_smc/inst/m00_nodes/m00_b_node/inst/inst_mi_handler/gen_normal_area.gen_fifo_req.inst_fifo_req/gen_xpm_memory_fifo.inst_fifo/gen_mem_rep[0].inst_xpm_memory/xpm_memory_base_inst with a P_MEMORY_PRIMITIVE property set to distributed. A value of block is required. You will not be able to use the updatemem program to update the bitstream with new data for the vitis_design_i/axi_smc/inst/m00_nodes/m00_b_node/inst/inst_mi_handler/gen_normal_area.gen_fifo_req.inst_fifo_req/gen_xpm_memory_fifo.inst_fifo/gen_mem_rep[0].inst_xpm_memory/xpm_memory_base_inst block.
INFO: [Memdata 28-167] Found XPM memory block vitis_design_i/axi_smc/inst/m00_nodes/m00_aw_node/inst/inst_mi_handler/gen_normal_area.inst_fifo_node_payld/gen_xpm_memory_fifo.inst_fifo/gen_mem_rep[0].inst_xpm_memory/xpm_memory_base_inst with a P_MEMORY_PRIMITIVE property set to distributed. A value of block is required. You will not be able to use the updatemem program to update the bitstream with new data for the vitis_design_i/axi_smc/inst/m00_nodes/m00_aw_node/inst/inst_mi_handler/gen_normal_area.inst_fifo_node_payld/gen_xpm_memory_fifo.inst_fifo/gen_mem_rep[0].inst_xpm_memory/xpm_memory_base_inst block.
INFO: [Memdata 28-167] Found XPM memory block vitis_design_i/axi_smc/inst/m00_nodes/m00_ar_node/inst/inst_mi_handler/gen_normal_area.inst_fifo_node_payld/gen_xpm_memory_fifo.inst_fifo/gen_mem_rep[0].inst_xpm_memory/xpm_memory_base_inst with a P_MEMORY_PRIMITIVE property set to distributed. A value of block is required. You will not be able to use the updatemem program to update the bitstream with new data for the vitis_design_i/axi_smc/inst/m00_nodes/m00_ar_node/inst/inst_mi_handler/gen_normal_area.inst_fifo_node_payld/gen_xpm_memory_fifo.inst_fifo/gen_mem_rep[0].inst_xpm_memory/xpm_memory_base_inst block.
INFO: [Memdata 28-167] Found XPM memory block vitis_design_i/axi_dma_0/U0/I_PRMRY_DATAMOVER/GEN_S2MM_FULL.I_S2MM_FULL_WRAPPER/GEN_ENABLE_INDET_BTT_SF.I_INDET_BTT/I_XD_FIFO/NON_BLK_MEM.I_SYNC_FIFOGEN_FIFO/xpm_fifo_base_inst/gen_sdpram.xpm_memory_base_inst with a P_MEMORY_PRIMITIVE property set to auto. A value of block is required. You will not be able to use the updatemem program to update the bitstream with new data for the vitis_design_i/axi_dma_0/U0/I_PRMRY_DATAMOVER/GEN_S2MM_FULL.I_S2MM_FULL_WRAPPER/GEN_ENABLE_INDET_BTT_SF.I_INDET_BTT/I_XD_FIFO/NON_BLK_MEM.I_SYNC_FIFOGEN_FIFO/xpm_fifo_base_inst/gen_sdpram.xpm_memory_base_inst block.
INFO: [Memdata 28-208] The XPM instance: <vitis_design_i/axi_dma_0/U0/I_PRMRY_DATAMOVER/GEN_S2MM_FULL.I_S2MM_FULL_WRAPPER/GEN_ENABLE_INDET_BTT_SF.I_INDET_BTT/I_DATA_FIFO/BLK_MEM.I_SYNC_FIFOGEN_FIFO/xpm_fifo_base_inst/gen_sdpram.xpm_memory_base_inst> is part of IP: <vitis_design_i/axi_dma_0>. This XPM instance will be excluded from the .mmi because updatemem is prohibited from making changes to an XPM that is part of an IP.
INFO: [Memdata 28-208] The XPM instance: <vitis_design_i/axi_dma_0/U0/I_PRMRY_DATAMOVER/GEN_MM2S_FULL.I_MM2S_FULL_WRAPPER/GEN_INCLUDE_MM2S_SF.I_RD_SF/I_DATA_FIFO/BLK_MEM.I_SYNC_FIFOGEN_FIFO/xpm_fifo_base_inst/gen_sdpram.xpm_memory_base_inst> is part of IP: <vitis_design_i/axi_dma_0>. This XPM instance will be excluded from the .mmi because updatemem is prohibited from making changes to an XPM that is part of an IP.
Command: write_bitstream -force vitis_design_wrapper.bit
Attempting to get a license for feature 'Implementation' and/or device 'xck26'
INFO: [Common 17-349] Got license for feature 'Implementation' and/or device 'xck26'
Running DRC as a precondition to command write_bitstream
INFO: [IP_Flow 19-1839] IP Catalog is up to date.
INFO: [DRC 23-27] Running DRC with 8 threads
INFO: [Vivado 12-3199] DRC finished with 0 Errors
INFO: [Vivado 12-3200] Please refer to the DRC report (report_drc) for more information.
Integrating Hard IP ELF/MEM with the PDI.
INFO: [Designutils 20-2272] Running write_bitstream with 8 threads.
Loading data files...
Loading site data...
Loading route data...
Processing options...
Creating bitmap...
Creating bitstream...
Writing bitstream ./vitis_design_wrapper.bit...
INFO: [Vivado 12-1842] Bitgen Completed Successfully.
INFO: [Common 17-83] Releasing license: Implementation
133 Infos, 1 Warnings, 1 Critical Warnings and 0 Errors encountered.
write_bitstream completed successfully
write_bitstream: Time (s): cpu = 00:00:09 ; elapsed = 00:00:24 . Memory (MB): peak = 4733.793 ; gain = 0.000 ; free physical = 16880 ; free virtual = 45430
source /home/ncgadmin/Bachelor/HLS4ML_testbench_KV260/development/MNIST_CNN/MNIST_hgq2/Training_AdaptiveHP/hls4ml_prj_VU_EXPO_DEMO_axi_stream/vitis_workspace/system_link/_x/link/vivado/vpl/scripts/impl_1/_full_write_bitstream_post.tcl
INFO: [Common 17-206] Exiting Vivado at Wed May 27 10:08:48 2026...
