

================================================================
== Vitis HLS Report for 'dense_array_ap_fixed_32u_array_ap_fixed_38_18_5_3_0_5u_config8_s'
================================================================
* Date:           Thu May 14 18:38:00 2026

* Version:        2025.2 (Build 6295257 on Nov 14 2025)
* Project:        vitis_unified_project
* Solution:       hls (Vivado IP Flow Target)
* Product family: zynquplus
* Target device:  xck26-sfvc784-2LV-c


================================================================
== Performance Estimates
================================================================
+ Timing: 
    * Summary: 
    +--------+---------+----------+------------+
    |  Clock |  Target | Estimated| Uncertainty|
    +--------+---------+----------+------------+
    |ap_clk  |  5.00 ns|  4.031 ns|     0.62 ns|
    +--------+---------+----------+------------+

+ Latency: 
    * Summary: 
    +---------+---------+-----------+-----------+-----+-----+---------+
    |  Latency (cycles) |   Latency (absolute)  |  Interval | Pipeline|
    |   min   |   max   |    min    |    max    | min | max |   Type  |
    +---------+---------+-----------+-----------+-----+-----+---------+
    |        3|        3|  15.000 ns|  15.000 ns|    3|    3|       no|
    +---------+---------+-----------+-----------+-----+-----+---------+

    + Detail: 
        * Instance: 
        +-----------------------------------------------------------------------------+------------------------------------------------------------------+---------+---------+----------+----------+-----+-----+---------+
        |                                                                             |                                                                  |  Latency (cycles) |  Latency (absolute) |  Interval | Pipeline|
        |                                   Instance                                  |                              Module                              |   min   |   max   |    min   |    max   | min | max |   Type  |
        +-----------------------------------------------------------------------------+------------------------------------------------------------------+---------+---------+----------+----------+-----+-----+---------+
        |grp_dense_latency_ap_fixed_16_6_5_3_0_ap_fixed_38_18_5_3_0_config8_s_fu_163  |dense_latency_ap_fixed_16_6_5_3_0_ap_fixed_38_18_5_3_0_config8_s  |        1|        1|  5.000 ns|  5.000 ns|    1|    1|      yes|
        +-----------------------------------------------------------------------------+------------------------------------------------------------------+---------+---------+----------+----------+-----+-----+---------+

        * Loop: 
        N/A

============================================================
+ Verbose Summary: Synthesis Manager
============================================================
InlineROM: 1
ExposeGlobal: 0
============================================================
+ Verbose Summary: CDFG Model
============================================================
IsTopModel: 0
ResetActiveHigh: 1
IsCombinational: 2
IsDatapathOnly: 0
HasWiredReturn: 1
HasMFsm: 0
HasVarLatency: 1
IsPipeline: 0
IsRtlPipelined: 0
IsInstanceOverlapped: 0
IsDontTouch: 0
HasImplIP: 0
IsGatedGlobalClock: 0


============================================================
+ Verbose Summary: Schedule
============================================================
* Number of FSM states : 4
* Pipeline : 0
* Dataflow Pipeline: 0

* FSM state transitions: 
1 --> 2 
2 --> 3 
3 --> 4 
4 --> 

* FSM state operations: 

State 1 <SV = 0> <Delay = 1.83>
ST_1 : Operation 5 [1/1] ( I:1.83ns O:1.83ns )   --->   "%layer7_out_read = read i512 @_ssdm_op_Read.ap_fifo.volatile.i512P0A, i512 %layer7_out" [firmware/nnet_utils/nnet_dense_stream.h:43->firmware/nnet_utils/nnet_dense_stream.h:93]   --->   Operation 5 'read' 'layer7_out_read' <Predicate = true> <Delay = 1.83> <CoreInst = "FIFO_SRL">   --->   Core 80 'FIFO_SRL' <Latency = 0> <II = 1> <Delay = 1.83> <Storage> <Opcode : 'read' 'write' 'nbread' 'nbwrite'> <Ports = 0> <Width = 512> <Depth = 1> <FIFO>
ST_1 : Operation 6 [1/1] (0.00ns)   --->   "%data = trunc i512 %layer7_out_read" [firmware/nnet_utils/nnet_dense_stream.h:43->firmware/nnet_utils/nnet_dense_stream.h:93]   --->   Operation 6 'trunc' 'data' <Predicate = true> <Delay = 0.00>
ST_1 : Operation 7 [1/1] (0.00ns)   --->   "%data_93 = partselect i16 @_ssdm_op_PartSelect.i16.i512.i32.i32, i512 %layer7_out_read, i32 16, i32 31" [firmware/nnet_utils/nnet_dense_stream.h:43->firmware/nnet_utils/nnet_dense_stream.h:93]   --->   Operation 7 'partselect' 'data_93' <Predicate = true> <Delay = 0.00>
ST_1 : Operation 8 [1/1] (0.00ns)   --->   "%data_63 = partselect i16 @_ssdm_op_PartSelect.i16.i512.i32.i32, i512 %layer7_out_read, i32 32, i32 47" [firmware/nnet_utils/nnet_dense_stream.h:43->firmware/nnet_utils/nnet_dense_stream.h:93]   --->   Operation 8 'partselect' 'data_63' <Predicate = true> <Delay = 0.00>
ST_1 : Operation 9 [1/1] (0.00ns)   --->   "%data_64 = partselect i16 @_ssdm_op_PartSelect.i16.i512.i32.i32, i512 %layer7_out_read, i32 48, i32 63" [firmware/nnet_utils/nnet_dense_stream.h:43->firmware/nnet_utils/nnet_dense_stream.h:93]   --->   Operation 9 'partselect' 'data_64' <Predicate = true> <Delay = 0.00>
ST_1 : Operation 10 [1/1] (0.00ns)   --->   "%data_65 = partselect i16 @_ssdm_op_PartSelect.i16.i512.i32.i32, i512 %layer7_out_read, i32 64, i32 79" [firmware/nnet_utils/nnet_dense_stream.h:43->firmware/nnet_utils/nnet_dense_stream.h:93]   --->   Operation 10 'partselect' 'data_65' <Predicate = true> <Delay = 0.00>
ST_1 : Operation 11 [1/1] (0.00ns)   --->   "%data_66 = partselect i16 @_ssdm_op_PartSelect.i16.i512.i32.i32, i512 %layer7_out_read, i32 80, i32 95" [firmware/nnet_utils/nnet_dense_stream.h:43->firmware/nnet_utils/nnet_dense_stream.h:93]   --->   Operation 11 'partselect' 'data_66' <Predicate = true> <Delay = 0.00>
ST_1 : Operation 12 [1/1] (0.00ns)   --->   "%data_67 = partselect i16 @_ssdm_op_PartSelect.i16.i512.i32.i32, i512 %layer7_out_read, i32 96, i32 111" [firmware/nnet_utils/nnet_dense_stream.h:43->firmware/nnet_utils/nnet_dense_stream.h:93]   --->   Operation 12 'partselect' 'data_67' <Predicate = true> <Delay = 0.00>
ST_1 : Operation 13 [1/1] (0.00ns)   --->   "%data_68 = partselect i16 @_ssdm_op_PartSelect.i16.i512.i32.i32, i512 %layer7_out_read, i32 112, i32 127" [firmware/nnet_utils/nnet_dense_stream.h:43->firmware/nnet_utils/nnet_dense_stream.h:93]   --->   Operation 13 'partselect' 'data_68' <Predicate = true> <Delay = 0.00>
ST_1 : Operation 14 [1/1] (0.00ns)   --->   "%data_69 = partselect i16 @_ssdm_op_PartSelect.i16.i512.i32.i32, i512 %layer7_out_read, i32 128, i32 143" [firmware/nnet_utils/nnet_dense_stream.h:43->firmware/nnet_utils/nnet_dense_stream.h:93]   --->   Operation 14 'partselect' 'data_69' <Predicate = true> <Delay = 0.00>
ST_1 : Operation 15 [1/1] (0.00ns)   --->   "%data_70 = partselect i16 @_ssdm_op_PartSelect.i16.i512.i32.i32, i512 %layer7_out_read, i32 144, i32 159" [firmware/nnet_utils/nnet_dense_stream.h:43->firmware/nnet_utils/nnet_dense_stream.h:93]   --->   Operation 15 'partselect' 'data_70' <Predicate = true> <Delay = 0.00>
ST_1 : Operation 16 [1/1] (0.00ns)   --->   "%data_71 = partselect i16 @_ssdm_op_PartSelect.i16.i512.i32.i32, i512 %layer7_out_read, i32 160, i32 175" [firmware/nnet_utils/nnet_dense_stream.h:43->firmware/nnet_utils/nnet_dense_stream.h:93]   --->   Operation 16 'partselect' 'data_71' <Predicate = true> <Delay = 0.00>
ST_1 : Operation 17 [1/1] (0.00ns)   --->   "%data_72 = partselect i16 @_ssdm_op_PartSelect.i16.i512.i32.i32, i512 %layer7_out_read, i32 176, i32 191" [firmware/nnet_utils/nnet_dense_stream.h:43->firmware/nnet_utils/nnet_dense_stream.h:93]   --->   Operation 17 'partselect' 'data_72' <Predicate = true> <Delay = 0.00>
ST_1 : Operation 18 [1/1] (0.00ns)   --->   "%data_73 = partselect i16 @_ssdm_op_PartSelect.i16.i512.i32.i32, i512 %layer7_out_read, i32 192, i32 207" [firmware/nnet_utils/nnet_dense_stream.h:43->firmware/nnet_utils/nnet_dense_stream.h:93]   --->   Operation 18 'partselect' 'data_73' <Predicate = true> <Delay = 0.00>
ST_1 : Operation 19 [1/1] (0.00ns)   --->   "%data_74 = partselect i16 @_ssdm_op_PartSelect.i16.i512.i32.i32, i512 %layer7_out_read, i32 208, i32 223" [firmware/nnet_utils/nnet_dense_stream.h:43->firmware/nnet_utils/nnet_dense_stream.h:93]   --->   Operation 19 'partselect' 'data_74' <Predicate = true> <Delay = 0.00>
ST_1 : Operation 20 [1/1] (0.00ns)   --->   "%data_75 = partselect i16 @_ssdm_op_PartSelect.i16.i512.i32.i32, i512 %layer7_out_read, i32 224, i32 239" [firmware/nnet_utils/nnet_dense_stream.h:43->firmware/nnet_utils/nnet_dense_stream.h:93]   --->   Operation 20 'partselect' 'data_75' <Predicate = true> <Delay = 0.00>
ST_1 : Operation 21 [1/1] (0.00ns)   --->   "%data_76 = partselect i16 @_ssdm_op_PartSelect.i16.i512.i32.i32, i512 %layer7_out_read, i32 240, i32 255" [firmware/nnet_utils/nnet_dense_stream.h:43->firmware/nnet_utils/nnet_dense_stream.h:93]   --->   Operation 21 'partselect' 'data_76' <Predicate = true> <Delay = 0.00>
ST_1 : Operation 22 [1/1] (0.00ns)   --->   "%data_77 = partselect i16 @_ssdm_op_PartSelect.i16.i512.i32.i32, i512 %layer7_out_read, i32 256, i32 271" [firmware/nnet_utils/nnet_dense_stream.h:43->firmware/nnet_utils/nnet_dense_stream.h:93]   --->   Operation 22 'partselect' 'data_77' <Predicate = true> <Delay = 0.00>
ST_1 : Operation 23 [1/1] (0.00ns)   --->   "%data_78 = partselect i16 @_ssdm_op_PartSelect.i16.i512.i32.i32, i512 %layer7_out_read, i32 272, i32 287" [firmware/nnet_utils/nnet_dense_stream.h:43->firmware/nnet_utils/nnet_dense_stream.h:93]   --->   Operation 23 'partselect' 'data_78' <Predicate = true> <Delay = 0.00>
ST_1 : Operation 24 [1/1] (0.00ns)   --->   "%data_79 = partselect i16 @_ssdm_op_PartSelect.i16.i512.i32.i32, i512 %layer7_out_read, i32 288, i32 303" [firmware/nnet_utils/nnet_dense_stream.h:43->firmware/nnet_utils/nnet_dense_stream.h:93]   --->   Operation 24 'partselect' 'data_79' <Predicate = true> <Delay = 0.00>
ST_1 : Operation 25 [1/1] (0.00ns)   --->   "%data_80 = partselect i16 @_ssdm_op_PartSelect.i16.i512.i32.i32, i512 %layer7_out_read, i32 304, i32 319" [firmware/nnet_utils/nnet_dense_stream.h:43->firmware/nnet_utils/nnet_dense_stream.h:93]   --->   Operation 25 'partselect' 'data_80' <Predicate = true> <Delay = 0.00>
ST_1 : Operation 26 [1/1] (0.00ns)   --->   "%data_81 = partselect i16 @_ssdm_op_PartSelect.i16.i512.i32.i32, i512 %layer7_out_read, i32 320, i32 335" [firmware/nnet_utils/nnet_dense_stream.h:43->firmware/nnet_utils/nnet_dense_stream.h:93]   --->   Operation 26 'partselect' 'data_81' <Predicate = true> <Delay = 0.00>
ST_1 : Operation 27 [1/1] (0.00ns)   --->   "%data_82 = partselect i16 @_ssdm_op_PartSelect.i16.i512.i32.i32, i512 %layer7_out_read, i32 336, i32 351" [firmware/nnet_utils/nnet_dense_stream.h:43->firmware/nnet_utils/nnet_dense_stream.h:93]   --->   Operation 27 'partselect' 'data_82' <Predicate = true> <Delay = 0.00>
ST_1 : Operation 28 [1/1] (0.00ns)   --->   "%data_83 = partselect i16 @_ssdm_op_PartSelect.i16.i512.i32.i32, i512 %layer7_out_read, i32 352, i32 367" [firmware/nnet_utils/nnet_dense_stream.h:43->firmware/nnet_utils/nnet_dense_stream.h:93]   --->   Operation 28 'partselect' 'data_83' <Predicate = true> <Delay = 0.00>
ST_1 : Operation 29 [1/1] (0.00ns)   --->   "%data_84 = partselect i16 @_ssdm_op_PartSelect.i16.i512.i32.i32, i512 %layer7_out_read, i32 368, i32 383" [firmware/nnet_utils/nnet_dense_stream.h:43->firmware/nnet_utils/nnet_dense_stream.h:93]   --->   Operation 29 'partselect' 'data_84' <Predicate = true> <Delay = 0.00>
ST_1 : Operation 30 [1/1] (0.00ns)   --->   "%data_85 = partselect i16 @_ssdm_op_PartSelect.i16.i512.i32.i32, i512 %layer7_out_read, i32 384, i32 399" [firmware/nnet_utils/nnet_dense_stream.h:43->firmware/nnet_utils/nnet_dense_stream.h:93]   --->   Operation 30 'partselect' 'data_85' <Predicate = true> <Delay = 0.00>
ST_1 : Operation 31 [1/1] (0.00ns)   --->   "%data_86 = partselect i16 @_ssdm_op_PartSelect.i16.i512.i32.i32, i512 %layer7_out_read, i32 400, i32 415" [firmware/nnet_utils/nnet_dense_stream.h:43->firmware/nnet_utils/nnet_dense_stream.h:93]   --->   Operation 31 'partselect' 'data_86' <Predicate = true> <Delay = 0.00>
ST_1 : Operation 32 [1/1] (0.00ns)   --->   "%data_87 = partselect i16 @_ssdm_op_PartSelect.i16.i512.i32.i32, i512 %layer7_out_read, i32 416, i32 431" [firmware/nnet_utils/nnet_dense_stream.h:43->firmware/nnet_utils/nnet_dense_stream.h:93]   --->   Operation 32 'partselect' 'data_87' <Predicate = true> <Delay = 0.00>
ST_1 : Operation 33 [1/1] (0.00ns)   --->   "%data_88 = partselect i16 @_ssdm_op_PartSelect.i16.i512.i32.i32, i512 %layer7_out_read, i32 432, i32 447" [firmware/nnet_utils/nnet_dense_stream.h:43->firmware/nnet_utils/nnet_dense_stream.h:93]   --->   Operation 33 'partselect' 'data_88' <Predicate = true> <Delay = 0.00>
ST_1 : Operation 34 [1/1] (0.00ns)   --->   "%data_89 = partselect i16 @_ssdm_op_PartSelect.i16.i512.i32.i32, i512 %layer7_out_read, i32 448, i32 463" [firmware/nnet_utils/nnet_dense_stream.h:43->firmware/nnet_utils/nnet_dense_stream.h:93]   --->   Operation 34 'partselect' 'data_89' <Predicate = true> <Delay = 0.00>
ST_1 : Operation 35 [1/1] (0.00ns)   --->   "%data_90 = partselect i16 @_ssdm_op_PartSelect.i16.i512.i32.i32, i512 %layer7_out_read, i32 464, i32 479" [firmware/nnet_utils/nnet_dense_stream.h:43->firmware/nnet_utils/nnet_dense_stream.h:93]   --->   Operation 35 'partselect' 'data_90' <Predicate = true> <Delay = 0.00>
ST_1 : Operation 36 [1/1] (0.00ns)   --->   "%data_91 = partselect i16 @_ssdm_op_PartSelect.i16.i512.i32.i32, i512 %layer7_out_read, i32 480, i32 495" [firmware/nnet_utils/nnet_dense_stream.h:43->firmware/nnet_utils/nnet_dense_stream.h:93]   --->   Operation 36 'partselect' 'data_91' <Predicate = true> <Delay = 0.00>
ST_1 : Operation 37 [1/1] (0.00ns)   --->   "%data_92 = partselect i16 @_ssdm_op_PartSelect.i16.i512.i32.i32, i512 %layer7_out_read, i32 496, i32 511" [firmware/nnet_utils/nnet_dense_stream.h:43->firmware/nnet_utils/nnet_dense_stream.h:93]   --->   Operation 37 'partselect' 'data_92' <Predicate = true> <Delay = 0.00>

State 2 <SV = 1> <Delay = 4.03>
ST_2 : Operation 38 [2/2] (4.03ns)   --->   "%call_ret_i = call i190 @dense_latency<ap_fixed<16, 6, 5, 3, 0>, ap_fixed<38, 18, 5, 3, 0>, config8>, i16 %data, i16 %data_93, i16 %data_63, i16 %data_64, i16 %data_65, i16 %data_66, i16 %data_67, i16 %data_68, i16 %data_69, i16 %data_70, i16 %data_71, i16 %data_72, i16 %data_73, i16 %data_74, i16 %data_75, i16 %data_76, i16 %data_77, i16 %data_78, i16 %data_79, i16 %data_80, i16 %data_81, i16 %data_82, i16 %data_83, i16 %data_84, i16 %data_85, i16 %data_86, i16 %data_87, i16 %data_88, i16 %data_89, i16 %data_90, i16 %data_91, i16 %data_92" [firmware/nnet_utils/nnet_dense_stream.h:17->firmware/nnet_utils/nnet_dense_stream.h:95]   --->   Operation 38 'call' 'call_ret_i' <Predicate = true> <Delay = 4.03> <CoreType = "Generic">   --->   Generic Core

State 3 <SV = 2> <Delay = 2.90>
ST_3 : Operation 39 [1/2] (2.90ns)   --->   "%call_ret_i = call i190 @dense_latency<ap_fixed<16, 6, 5, 3, 0>, ap_fixed<38, 18, 5, 3, 0>, config8>, i16 %data, i16 %data_93, i16 %data_63, i16 %data_64, i16 %data_65, i16 %data_66, i16 %data_67, i16 %data_68, i16 %data_69, i16 %data_70, i16 %data_71, i16 %data_72, i16 %data_73, i16 %data_74, i16 %data_75, i16 %data_76, i16 %data_77, i16 %data_78, i16 %data_79, i16 %data_80, i16 %data_81, i16 %data_82, i16 %data_83, i16 %data_84, i16 %data_85, i16 %data_86, i16 %data_87, i16 %data_88, i16 %data_89, i16 %data_90, i16 %data_91, i16 %data_92" [firmware/nnet_utils/nnet_dense_stream.h:17->firmware/nnet_utils/nnet_dense_stream.h:95]   --->   Operation 39 'call' 'call_ret_i' <Predicate = true> <Delay = 2.90> <CoreType = "Generic">   --->   Generic Core
ST_3 : Operation 40 [1/1] (0.00ns)   --->   "%res = extractvalue i190 %call_ret_i" [firmware/nnet_utils/nnet_dense_stream.h:17->firmware/nnet_utils/nnet_dense_stream.h:95]   --->   Operation 40 'extractvalue' 'res' <Predicate = true> <Delay = 0.00>
ST_3 : Operation 41 [1/1] (0.00ns)   --->   "%res_32 = extractvalue i190 %call_ret_i" [firmware/nnet_utils/nnet_dense_stream.h:17->firmware/nnet_utils/nnet_dense_stream.h:95]   --->   Operation 41 'extractvalue' 'res_32' <Predicate = true> <Delay = 0.00>
ST_3 : Operation 42 [1/1] (0.00ns)   --->   "%res_33 = extractvalue i190 %call_ret_i" [firmware/nnet_utils/nnet_dense_stream.h:17->firmware/nnet_utils/nnet_dense_stream.h:95]   --->   Operation 42 'extractvalue' 'res_33' <Predicate = true> <Delay = 0.00>
ST_3 : Operation 43 [1/1] (0.00ns)   --->   "%res_34 = extractvalue i190 %call_ret_i" [firmware/nnet_utils/nnet_dense_stream.h:17->firmware/nnet_utils/nnet_dense_stream.h:95]   --->   Operation 43 'extractvalue' 'res_34' <Predicate = true> <Delay = 0.00>
ST_3 : Operation 44 [1/1] (0.00ns)   --->   "%res_35 = extractvalue i190 %call_ret_i" [firmware/nnet_utils/nnet_dense_stream.h:17->firmware/nnet_utils/nnet_dense_stream.h:95]   --->   Operation 44 'extractvalue' 'res_35' <Predicate = true> <Delay = 0.00>

State 4 <SV = 3> <Delay = 1.64>
ST_4 : Operation 45 [1/1] (0.00ns)   --->   "%specinterface_ln0 = specinterface void @_ssdm_op_SpecInterface, i320 %stream_out0_layer8_out, void @empty_9, i32 0, i32 0, void @empty_14, i32 0, i32 0, void @empty_14, void @empty_14, void @empty_14, i32 0, i32 0, i32 0, i32 0, void @empty_14, void @empty_14, i32 4294967295, i32 0, i32 0, i32 0"   --->   Operation 45 'specinterface' 'specinterface_ln0' <Predicate = true> <Delay = 0.00>
ST_4 : Operation 46 [1/1] (0.00ns)   --->   "%specinterface_ln0 = specinterface void @_ssdm_op_SpecInterface, i320 %stream_out0_layer8_out, void @empty_9, i32 0, i32 0, void @empty_14, i32 0, i32 0, void @empty_14, void @empty_14, void @empty_14, i32 0, i32 0, i32 0, i32 0, void @empty_14, void @empty_14, i32 4294967295, i32 0, i32 0, i32 0"   --->   Operation 46 'specinterface' 'specinterface_ln0' <Predicate = true> <Delay = 0.00>
ST_4 : Operation 47 [1/1] (0.00ns)   --->   "%specinterface_ln0 = specinterface void @_ssdm_op_SpecInterface, i320 %stream_out0_layer8_out, void @empty_9, i32 0, i32 0, void @empty_14, i32 0, i32 0, void @empty_14, void @empty_14, void @empty_14, i32 0, i32 0, i32 0, i32 0, void @empty_14, void @empty_14, i32 4294967295, i32 0, i32 0, i32 0"   --->   Operation 47 'specinterface' 'specinterface_ln0' <Predicate = true> <Delay = 0.00>
ST_4 : Operation 48 [1/1] (0.00ns)   --->   "%specinterface_ln0 = specinterface void @_ssdm_op_SpecInterface, i512 %layer7_out, void @empty_9, i32 0, i32 0, void @empty_14, i32 0, i32 0, void @empty_14, void @empty_14, void @empty_14, i32 0, i32 0, i32 0, i32 0, void @empty_14, void @empty_14, i32 4294967295, i32 0, i32 0, i32 0"   --->   Operation 48 'specinterface' 'specinterface_ln0' <Predicate = true> <Delay = 0.00>
ST_4 : Operation 49 [1/1] (0.00ns)   --->   "%specinterface_ln0 = specinterface void @_ssdm_op_SpecInterface, i320 %stream_out0_layer8_out, void @empty_9, i32 0, i32 0, void @empty_14, i32 0, i32 0, void @empty_14, void @empty_14, void @empty_14, i32 0, i32 0, i32 0, i32 0, void @empty_14, void @empty_14, i32 4294967295, i32 0, i32 0, i32 0"   --->   Operation 49 'specinterface' 'specinterface_ln0' <Predicate = true> <Delay = 0.00>
ST_4 : Operation 50 [1/1] (0.00ns)   --->   "%tmp_i = bitconcatenate i294 @_ssdm_op_BitConcatenate.i294.i38.i26.i38.i26.i38.i26.i38.i26.i38, i38 %res_35, i26 0, i38 %res_34, i26 0, i38 %res_33, i26 0, i38 %res_32, i26 0, i38 %res" [firmware/nnet_utils/nnet_dense_stream.h:77->firmware/nnet_utils/nnet_dense_stream.h:100]   --->   Operation 50 'bitconcatenate' 'tmp_i' <Predicate = true> <Delay = 0.00>
ST_4 : Operation 51 [1/1] (0.00ns)   --->   "%zext_ln77 = zext i294 %tmp_i" [firmware/nnet_utils/nnet_dense_stream.h:77->firmware/nnet_utils/nnet_dense_stream.h:100]   --->   Operation 51 'zext' 'zext_ln77' <Predicate = true> <Delay = 0.00>
ST_4 : Operation 52 [1/1] ( I:1.64ns O:1.64ns )   --->   "%write_ln77 = write void @_ssdm_op_Write.ap_fifo.volatile.i320P0A, i320 %stream_out0_layer8_out, i320 %zext_ln77" [firmware/nnet_utils/nnet_dense_stream.h:77->firmware/nnet_utils/nnet_dense_stream.h:100]   --->   Operation 52 'write' 'write_ln77' <Predicate = true> <Delay = 1.64> <CoreInst = "FIFO">   --->   Core 77 'FIFO' <Latency = 0> <II = 1> <Delay = 1.64> <Storage> <Opcode : 'read' 'write' 'nbread' 'nbwrite'> <Ports = 0> <Width = 320> <Depth = 128> <FIFO>
ST_4 : Operation 53 [1/1] (0.00ns)   --->   "%ret_ln0 = ret"   --->   Operation 53 'ret' 'ret_ln0' <Predicate = true> <Delay = 0.00>


============================================================
+ Verbose Summary: Binding
============================================================
STG Binding: 
---------------- STG Properties BEGIN ----------------
- Is combinational: 0
- Is one-state seq: 0
- Is datapath-only: 0
- Is pipelined: 0
- Is top level: 0
Port [ Return ] is wired: 1; IO mode=ap_ctrl_hs:ce=0
Port [ layer7_out]:  wired=1; compound=1; hidden=0; nouse=0; global=0; static=0; extern=0; dir=0; type=3; pingpong=0; private_global=0; IO mode=ap_fifo:ce=0
Port [ stream_out0_layer8_out]:  wired=1; compound=1; hidden=0; nouse=0; global=1; static=1; extern=0; dir=1; type=3; pingpong=0; private_global=0; IO mode=ap_fifo:ce=0
---------------- STG Properties END ------------------

---------------- Datapath Model BEGIN ----------------

<LifeTime>
<method=bitvector/>
layer7_out_read   (read          ) [ 00000]
data              (trunc         ) [ 00100]
data_93           (partselect    ) [ 00100]
data_63           (partselect    ) [ 00100]
data_64           (partselect    ) [ 00100]
data_65           (partselect    ) [ 00100]
data_66           (partselect    ) [ 00100]
data_67           (partselect    ) [ 00100]
data_68           (partselect    ) [ 00100]
data_69           (partselect    ) [ 00100]
data_70           (partselect    ) [ 00100]
data_71           (partselect    ) [ 00100]
data_72           (partselect    ) [ 00100]
data_73           (partselect    ) [ 00100]
data_74           (partselect    ) [ 00100]
data_75           (partselect    ) [ 00100]
data_76           (partselect    ) [ 00100]
data_77           (partselect    ) [ 00100]
data_78           (partselect    ) [ 00100]
data_79           (partselect    ) [ 00100]
data_80           (partselect    ) [ 00100]
data_81           (partselect    ) [ 00100]
data_82           (partselect    ) [ 00100]
data_83           (partselect    ) [ 00100]
data_84           (partselect    ) [ 00100]
data_85           (partselect    ) [ 00100]
data_86           (partselect    ) [ 00100]
data_87           (partselect    ) [ 00100]
data_88           (partselect    ) [ 00100]
data_89           (partselect    ) [ 00100]
data_90           (partselect    ) [ 00100]
data_91           (partselect    ) [ 00100]
data_92           (partselect    ) [ 00100]
call_ret_i        (call          ) [ 00000]
res               (extractvalue  ) [ 00001]
res_32            (extractvalue  ) [ 00001]
res_33            (extractvalue  ) [ 00001]
res_34            (extractvalue  ) [ 00001]
res_35            (extractvalue  ) [ 00001]
specinterface_ln0 (specinterface ) [ 00000]
specinterface_ln0 (specinterface ) [ 00000]
specinterface_ln0 (specinterface ) [ 00000]
specinterface_ln0 (specinterface ) [ 00000]
specinterface_ln0 (specinterface ) [ 00000]
tmp_i             (bitconcatenate) [ 00000]
zext_ln77         (zext          ) [ 00000]
write_ln77        (write         ) [ 00000]
ret_ln0           (ret           ) [ 00000]
</LifeTime>

<model>

<comp_list>
<comp id="0" class="1000" name="layer7_out">
<pin_list>
<pin id="1" dir="1" index="0" bw="1" slack="0"/>
</pin_list>
<bind>
<StgValue><ssdm name="layer7_out"/></StgValue>
</bind>
</comp>

<comp id="2" class="1000" name="stream_out0_layer8_out">
<pin_list>
<pin id="3" dir="1" index="0" bw="1" slack="0"/>
</pin_list>
<bind>
<StgValue><ssdm name="stream_out0_layer8_out"/></StgValue>
</bind>
</comp>

<comp id="4" class="1001" name="const_4">
<pin_list>
<pin id="5" dir="1" index="0" bw="1" slack="0"/>
</pin_list>
<bind>
<StgValue><ssdm name="_ssdm_op_Read.ap_fifo.volatile.i512P0A"/></StgValue>
</bind>
</comp>

<comp id="6" class="1001" name="const_6">
<pin_list>
<pin id="7" dir="1" index="0" bw="1" slack="0"/>
</pin_list>
<bind>
<StgValue><ssdm name="_ssdm_op_PartSelect.i16.i512.i32.i32"/></StgValue>
</bind>
</comp>

<comp id="8" class="1001" name="const_8">
<pin_list>
<pin id="9" dir="1" index="0" bw="1" slack="0"/>
</pin_list>
<bind>
<StgValue><ssdm name=""/></StgValue>
</bind>
</comp>

<comp id="10" class="1001" name="const_10">
<pin_list>
<pin id="11" dir="1" index="0" bw="1" slack="0"/>
</pin_list>
<bind>
<StgValue><ssdm name=""/></StgValue>
</bind>
</comp>

<comp id="12" class="1001" name="const_12">
<pin_list>
<pin id="13" dir="1" index="0" bw="1" slack="0"/>
</pin_list>
<bind>
<StgValue><ssdm name=""/></StgValue>
</bind>
</comp>

<comp id="14" class="1001" name="const_14">
<pin_list>
<pin id="15" dir="1" index="0" bw="1" slack="0"/>
</pin_list>
<bind>
<StgValue><ssdm name=""/></StgValue>
</bind>
</comp>

<comp id="16" class="1001" name="const_16">
<pin_list>
<pin id="17" dir="1" index="0" bw="1" slack="0"/>
</pin_list>
<bind>
<StgValue><ssdm name=""/></StgValue>
</bind>
</comp>

<comp id="18" class="1001" name="const_18">
<pin_list>
<pin id="19" dir="1" index="0" bw="1" slack="0"/>
</pin_list>
<bind>
<StgValue><ssdm name=""/></StgValue>
</bind>
</comp>

<comp id="20" class="1001" name="const_20">
<pin_list>
<pin id="21" dir="1" index="0" bw="1" slack="0"/>
</pin_list>
<bind>
<StgValue><ssdm name=""/></StgValue>
</bind>
</comp>

<comp id="22" class="1001" name="const_22">
<pin_list>
<pin id="23" dir="1" index="0" bw="1" slack="0"/>
</pin_list>
<bind>
<StgValue><ssdm name=""/></StgValue>
</bind>
</comp>

<comp id="24" class="1001" name="const_24">
<pin_list>
<pin id="25" dir="1" index="0" bw="1" slack="0"/>
</pin_list>
<bind>
<StgValue><ssdm name=""/></StgValue>
</bind>
</comp>

<comp id="26" class="1001" name="const_26">
<pin_list>
<pin id="27" dir="1" index="0" bw="1" slack="0"/>
</pin_list>
<bind>
<StgValue><ssdm name=""/></StgValue>
</bind>
</comp>

<comp id="28" class="1001" name="const_28">
<pin_list>
<pin id="29" dir="1" index="0" bw="1" slack="0"/>
</pin_list>
<bind>
<StgValue><ssdm name=""/></StgValue>
</bind>
</comp>

<comp id="30" class="1001" name="const_30">
<pin_list>
<pin id="31" dir="1" index="0" bw="1" slack="0"/>
</pin_list>
<bind>
<StgValue><ssdm name=""/></StgValue>
</bind>
</comp>

<comp id="32" class="1001" name="const_32">
<pin_list>
<pin id="33" dir="1" index="0" bw="1" slack="0"/>
</pin_list>
<bind>
<StgValue><ssdm name=""/></StgValue>
</bind>
</comp>

<comp id="34" class="1001" name="const_34">
<pin_list>
<pin id="35" dir="1" index="0" bw="1" slack="0"/>
</pin_list>
<bind>
<StgValue><ssdm name=""/></StgValue>
</bind>
</comp>

<comp id="36" class="1001" name="const_36">
<pin_list>
<pin id="37" dir="1" index="0" bw="1" slack="0"/>
</pin_list>
<bind>
<StgValue><ssdm name=""/></StgValue>
</bind>
</comp>

<comp id="38" class="1001" name="const_38">
<pin_list>
<pin id="39" dir="1" index="0" bw="1" slack="0"/>
</pin_list>
<bind>
<StgValue><ssdm name=""/></StgValue>
</bind>
</comp>

<comp id="40" class="1001" name="const_40">
<pin_list>
<pin id="41" dir="1" index="0" bw="1" slack="0"/>
</pin_list>
<bind>
<StgValue><ssdm name=""/></StgValue>
</bind>
</comp>

<comp id="42" class="1001" name="const_42">
<pin_list>
<pin id="43" dir="1" index="0" bw="1" slack="0"/>
</pin_list>
<bind>
<StgValue><ssdm name=""/></StgValue>
</bind>
</comp>

<comp id="44" class="1001" name="const_44">
<pin_list>
<pin id="45" dir="1" index="0" bw="1" slack="0"/>
</pin_list>
<bind>
<StgValue><ssdm name=""/></StgValue>
</bind>
</comp>

<comp id="46" class="1001" name="const_46">
<pin_list>
<pin id="47" dir="1" index="0" bw="1" slack="0"/>
</pin_list>
<bind>
<StgValue><ssdm name=""/></StgValue>
</bind>
</comp>

<comp id="48" class="1001" name="const_48">
<pin_list>
<pin id="49" dir="1" index="0" bw="1" slack="0"/>
</pin_list>
<bind>
<StgValue><ssdm name=""/></StgValue>
</bind>
</comp>

<comp id="50" class="1001" name="const_50">
<pin_list>
<pin id="51" dir="1" index="0" bw="1" slack="0"/>
</pin_list>
<bind>
<StgValue><ssdm name=""/></StgValue>
</bind>
</comp>

<comp id="52" class="1001" name="const_52">
<pin_list>
<pin id="53" dir="1" index="0" bw="1" slack="0"/>
</pin_list>
<bind>
<StgValue><ssdm name=""/></StgValue>
</bind>
</comp>

<comp id="54" class="1001" name="const_54">
<pin_list>
<pin id="55" dir="1" index="0" bw="1" slack="0"/>
</pin_list>
<bind>
<StgValue><ssdm name=""/></StgValue>
</bind>
</comp>

<comp id="56" class="1001" name="const_56">
<pin_list>
<pin id="57" dir="1" index="0" bw="1" slack="0"/>
</pin_list>
<bind>
<StgValue><ssdm name=""/></StgValue>
</bind>
</comp>

<comp id="58" class="1001" name="const_58">
<pin_list>
<pin id="59" dir="1" index="0" bw="1" slack="0"/>
</pin_list>
<bind>
<StgValue><ssdm name=""/></StgValue>
</bind>
</comp>

<comp id="60" class="1001" name="const_60">
<pin_list>
<pin id="61" dir="1" index="0" bw="1" slack="0"/>
</pin_list>
<bind>
<StgValue><ssdm name=""/></StgValue>
</bind>
</comp>

<comp id="62" class="1001" name="const_62">
<pin_list>
<pin id="63" dir="1" index="0" bw="1" slack="0"/>
</pin_list>
<bind>
<StgValue><ssdm name=""/></StgValue>
</bind>
</comp>

<comp id="64" class="1001" name="const_64">
<pin_list>
<pin id="65" dir="1" index="0" bw="1" slack="0"/>
</pin_list>
<bind>
<StgValue><ssdm name=""/></StgValue>
</bind>
</comp>

<comp id="66" class="1001" name="const_66">
<pin_list>
<pin id="67" dir="1" index="0" bw="1" slack="0"/>
</pin_list>
<bind>
<StgValue><ssdm name=""/></StgValue>
</bind>
</comp>

<comp id="68" class="1001" name="const_68">
<pin_list>
<pin id="69" dir="1" index="0" bw="1" slack="0"/>
</pin_list>
<bind>
<StgValue><ssdm name=""/></StgValue>
</bind>
</comp>

<comp id="70" class="1001" name="const_70">
<pin_list>
<pin id="71" dir="1" index="0" bw="1" slack="0"/>
</pin_list>
<bind>
<StgValue><ssdm name=""/></StgValue>
</bind>
</comp>

<comp id="72" class="1001" name="const_72">
<pin_list>
<pin id="73" dir="1" index="0" bw="1" slack="0"/>
</pin_list>
<bind>
<StgValue><ssdm name=""/></StgValue>
</bind>
</comp>

<comp id="74" class="1001" name="const_74">
<pin_list>
<pin id="75" dir="1" index="0" bw="1" slack="0"/>
</pin_list>
<bind>
<StgValue><ssdm name=""/></StgValue>
</bind>
</comp>

<comp id="76" class="1001" name="const_76">
<pin_list>
<pin id="77" dir="1" index="0" bw="1" slack="0"/>
</pin_list>
<bind>
<StgValue><ssdm name=""/></StgValue>
</bind>
</comp>

<comp id="78" class="1001" name="const_78">
<pin_list>
<pin id="79" dir="1" index="0" bw="1" slack="0"/>
</pin_list>
<bind>
<StgValue><ssdm name=""/></StgValue>
</bind>
</comp>

<comp id="80" class="1001" name="const_80">
<pin_list>
<pin id="81" dir="1" index="0" bw="1" slack="0"/>
</pin_list>
<bind>
<StgValue><ssdm name=""/></StgValue>
</bind>
</comp>

<comp id="82" class="1001" name="const_82">
<pin_list>
<pin id="83" dir="1" index="0" bw="1" slack="0"/>
</pin_list>
<bind>
<StgValue><ssdm name=""/></StgValue>
</bind>
</comp>

<comp id="84" class="1001" name="const_84">
<pin_list>
<pin id="85" dir="1" index="0" bw="1" slack="0"/>
</pin_list>
<bind>
<StgValue><ssdm name=""/></StgValue>
</bind>
</comp>

<comp id="86" class="1001" name="const_86">
<pin_list>
<pin id="87" dir="1" index="0" bw="1" slack="0"/>
</pin_list>
<bind>
<StgValue><ssdm name=""/></StgValue>
</bind>
</comp>

<comp id="88" class="1001" name="const_88">
<pin_list>
<pin id="89" dir="1" index="0" bw="1" slack="0"/>
</pin_list>
<bind>
<StgValue><ssdm name=""/></StgValue>
</bind>
</comp>

<comp id="90" class="1001" name="const_90">
<pin_list>
<pin id="91" dir="1" index="0" bw="1" slack="0"/>
</pin_list>
<bind>
<StgValue><ssdm name=""/></StgValue>
</bind>
</comp>

<comp id="92" class="1001" name="const_92">
<pin_list>
<pin id="93" dir="1" index="0" bw="1" slack="0"/>
</pin_list>
<bind>
<StgValue><ssdm name=""/></StgValue>
</bind>
</comp>

<comp id="94" class="1001" name="const_94">
<pin_list>
<pin id="95" dir="1" index="0" bw="1" slack="0"/>
</pin_list>
<bind>
<StgValue><ssdm name=""/></StgValue>
</bind>
</comp>

<comp id="96" class="1001" name="const_96">
<pin_list>
<pin id="97" dir="1" index="0" bw="1" slack="0"/>
</pin_list>
<bind>
<StgValue><ssdm name=""/></StgValue>
</bind>
</comp>

<comp id="98" class="1001" name="const_98">
<pin_list>
<pin id="99" dir="1" index="0" bw="1" slack="0"/>
</pin_list>
<bind>
<StgValue><ssdm name=""/></StgValue>
</bind>
</comp>

<comp id="100" class="1001" name="const_100">
<pin_list>
<pin id="101" dir="1" index="0" bw="1" slack="0"/>
</pin_list>
<bind>
<StgValue><ssdm name=""/></StgValue>
</bind>
</comp>

<comp id="102" class="1001" name="const_102">
<pin_list>
<pin id="103" dir="1" index="0" bw="1" slack="0"/>
</pin_list>
<bind>
<StgValue><ssdm name=""/></StgValue>
</bind>
</comp>

<comp id="104" class="1001" name="const_104">
<pin_list>
<pin id="105" dir="1" index="0" bw="1" slack="0"/>
</pin_list>
<bind>
<StgValue><ssdm name=""/></StgValue>
</bind>
</comp>

<comp id="106" class="1001" name="const_106">
<pin_list>
<pin id="107" dir="1" index="0" bw="1" slack="0"/>
</pin_list>
<bind>
<StgValue><ssdm name=""/></StgValue>
</bind>
</comp>

<comp id="108" class="1001" name="const_108">
<pin_list>
<pin id="109" dir="1" index="0" bw="1" slack="0"/>
</pin_list>
<bind>
<StgValue><ssdm name=""/></StgValue>
</bind>
</comp>

<comp id="110" class="1001" name="const_110">
<pin_list>
<pin id="111" dir="1" index="0" bw="1" slack="0"/>
</pin_list>
<bind>
<StgValue><ssdm name=""/></StgValue>
</bind>
</comp>

<comp id="112" class="1001" name="const_112">
<pin_list>
<pin id="113" dir="1" index="0" bw="1" slack="0"/>
</pin_list>
<bind>
<StgValue><ssdm name=""/></StgValue>
</bind>
</comp>

<comp id="114" class="1001" name="const_114">
<pin_list>
<pin id="115" dir="1" index="0" bw="1" slack="0"/>
</pin_list>
<bind>
<StgValue><ssdm name=""/></StgValue>
</bind>
</comp>

<comp id="116" class="1001" name="const_116">
<pin_list>
<pin id="117" dir="1" index="0" bw="1" slack="0"/>
</pin_list>
<bind>
<StgValue><ssdm name=""/></StgValue>
</bind>
</comp>

<comp id="118" class="1001" name="const_118">
<pin_list>
<pin id="119" dir="1" index="0" bw="1" slack="0"/>
</pin_list>
<bind>
<StgValue><ssdm name=""/></StgValue>
</bind>
</comp>

<comp id="120" class="1001" name="const_120">
<pin_list>
<pin id="121" dir="1" index="0" bw="1" slack="0"/>
</pin_list>
<bind>
<StgValue><ssdm name=""/></StgValue>
</bind>
</comp>

<comp id="122" class="1001" name="const_122">
<pin_list>
<pin id="123" dir="1" index="0" bw="1" slack="0"/>
</pin_list>
<bind>
<StgValue><ssdm name=""/></StgValue>
</bind>
</comp>

<comp id="124" class="1001" name="const_124">
<pin_list>
<pin id="125" dir="1" index="0" bw="1" slack="0"/>
</pin_list>
<bind>
<StgValue><ssdm name=""/></StgValue>
</bind>
</comp>

<comp id="126" class="1001" name="const_126">
<pin_list>
<pin id="127" dir="1" index="0" bw="1" slack="0"/>
</pin_list>
<bind>
<StgValue><ssdm name=""/></StgValue>
</bind>
</comp>

<comp id="128" class="1001" name="const_128">
<pin_list>
<pin id="129" dir="1" index="0" bw="1" slack="0"/>
</pin_list>
<bind>
<StgValue><ssdm name=""/></StgValue>
</bind>
</comp>

<comp id="130" class="1001" name="const_130">
<pin_list>
<pin id="131" dir="1" index="0" bw="1" slack="0"/>
</pin_list>
<bind>
<StgValue><ssdm name=""/></StgValue>
</bind>
</comp>

<comp id="132" class="1001" name="const_132">
<pin_list>
<pin id="133" dir="1" index="0" bw="1" slack="0"/>
</pin_list>
<bind>
<StgValue><ssdm name="dense_latency<ap_fixed<16, 6, 5, 3, 0>, ap_fixed<38, 18, 5, 3, 0>, config8>"/></StgValue>
</bind>
</comp>

<comp id="134" class="1001" name="const_134">
<pin_list>
<pin id="135" dir="1" index="0" bw="1" slack="2147483647"/>
</pin_list>
<bind>
<StgValue><ssdm name="_ssdm_op_SpecInterface"/></StgValue>
</bind>
</comp>

<comp id="136" class="1001" name="const_136">
<pin_list>
<pin id="137" dir="1" index="0" bw="1" slack="2147483647"/>
</pin_list>
<bind>
<StgValue><ssdm name="empty_9"/></StgValue>
</bind>
</comp>

<comp id="138" class="1001" name="const_138">
<pin_list>
<pin id="139" dir="1" index="0" bw="1" slack="2147483647"/>
</pin_list>
<bind>
<StgValue><ssdm name=""/></StgValue>
</bind>
</comp>

<comp id="140" class="1001" name="const_140">
<pin_list>
<pin id="141" dir="1" index="0" bw="1" slack="2147483647"/>
</pin_list>
<bind>
<StgValue><ssdm name="empty_14"/></StgValue>
</bind>
</comp>

<comp id="142" class="1001" name="const_142">
<pin_list>
<pin id="143" dir="1" index="0" bw="1" slack="2147483647"/>
</pin_list>
<bind>
<StgValue><ssdm name=""/></StgValue>
</bind>
</comp>

<comp id="144" class="1001" name="const_144">
<pin_list>
<pin id="145" dir="1" index="0" bw="1" slack="0"/>
</pin_list>
<bind>
<StgValue><ssdm name="_ssdm_op_BitConcatenate.i294.i38.i26.i38.i26.i38.i26.i38.i26.i38"/></StgValue>
</bind>
</comp>

<comp id="146" class="1001" name="const_146">
<pin_list>
<pin id="147" dir="1" index="0" bw="1" slack="0"/>
</pin_list>
<bind>
<StgValue><ssdm name=""/></StgValue>
</bind>
</comp>

<comp id="148" class="1001" name="const_148">
<pin_list>
<pin id="149" dir="1" index="0" bw="1" slack="0"/>
</pin_list>
<bind>
<StgValue><ssdm name="_ssdm_op_Write.ap_fifo.volatile.i320P0A"/></StgValue>
</bind>
</comp>

<comp id="150" class="1004" name="layer7_out_read_read_fu_150">
<pin_list>
<pin id="151" dir="0" index="0" bw="512" slack="0"/>
<pin id="152" dir="0" index="1" bw="512" slack="0"/>
<pin id="153" dir="1" index="2" bw="512" slack="0"/>
</pin_list>
<bind>
<opcode="read(1150) " fcode="read"/>
<opset="layer7_out_read/1 "/>
</bind>
</comp>

<comp id="156" class="1004" name="write_ln77_write_fu_156">
<pin_list>
<pin id="157" dir="0" index="0" bw="0" slack="0"/>
<pin id="158" dir="0" index="1" bw="320" slack="0"/>
<pin id="159" dir="0" index="2" bw="294" slack="0"/>
<pin id="160" dir="1" index="3" bw="0" slack="2147483647"/>
</pin_list>
<bind>
<opcode="write(1151) " fcode="write"/>
<opset="write_ln77/4 "/>
</bind>
</comp>

<comp id="163" class="1004" name="grp_dense_latency_ap_fixed_16_6_5_3_0_ap_fixed_38_18_5_3_0_config8_s_fu_163">
<pin_list>
<pin id="164" dir="0" index="0" bw="190" slack="0"/>
<pin id="165" dir="0" index="1" bw="16" slack="1"/>
<pin id="166" dir="0" index="2" bw="16" slack="1"/>
<pin id="167" dir="0" index="3" bw="16" slack="1"/>
<pin id="168" dir="0" index="4" bw="16" slack="1"/>
<pin id="169" dir="0" index="5" bw="16" slack="1"/>
<pin id="170" dir="0" index="6" bw="16" slack="1"/>
<pin id="171" dir="0" index="7" bw="16" slack="1"/>
<pin id="172" dir="0" index="8" bw="16" slack="1"/>
<pin id="173" dir="0" index="9" bw="16" slack="1"/>
<pin id="174" dir="0" index="10" bw="16" slack="1"/>
<pin id="175" dir="0" index="11" bw="16" slack="1"/>
<pin id="176" dir="0" index="12" bw="16" slack="1"/>
<pin id="177" dir="0" index="13" bw="16" slack="1"/>
<pin id="178" dir="0" index="14" bw="16" slack="1"/>
<pin id="179" dir="0" index="15" bw="16" slack="1"/>
<pin id="180" dir="0" index="16" bw="16" slack="1"/>
<pin id="181" dir="0" index="17" bw="16" slack="1"/>
<pin id="182" dir="0" index="18" bw="16" slack="1"/>
<pin id="183" dir="0" index="19" bw="16" slack="1"/>
<pin id="184" dir="0" index="20" bw="16" slack="1"/>
<pin id="185" dir="0" index="21" bw="16" slack="1"/>
<pin id="186" dir="0" index="22" bw="16" slack="1"/>
<pin id="187" dir="0" index="23" bw="16" slack="1"/>
<pin id="188" dir="0" index="24" bw="16" slack="1"/>
<pin id="189" dir="0" index="25" bw="16" slack="1"/>
<pin id="190" dir="0" index="26" bw="16" slack="1"/>
<pin id="191" dir="0" index="27" bw="16" slack="1"/>
<pin id="192" dir="0" index="28" bw="16" slack="1"/>
<pin id="193" dir="0" index="29" bw="16" slack="1"/>
<pin id="194" dir="0" index="30" bw="16" slack="1"/>
<pin id="195" dir="0" index="31" bw="16" slack="1"/>
<pin id="196" dir="0" index="32" bw="16" slack="1"/>
<pin id="197" dir="1" index="33" bw="190" slack="0"/>
</pin_list>
<bind>
<opcode="call(48) " fcode="call"/>
<opset="call_ret_i/2 "/>
</bind>
</comp>

<comp id="199" class="1004" name="data_fu_199">
<pin_list>
<pin id="200" dir="0" index="0" bw="512" slack="0"/>
<pin id="201" dir="1" index="1" bw="16" slack="1"/>
</pin_list>
<bind>
<opcode="trunc(33) " fcode="trunc"/>
<opset="data/1 "/>
</bind>
</comp>

<comp id="203" class="1004" name="data_93_fu_203">
<pin_list>
<pin id="204" dir="0" index="0" bw="16" slack="0"/>
<pin id="205" dir="0" index="1" bw="512" slack="0"/>
<pin id="206" dir="0" index="2" bw="6" slack="0"/>
<pin id="207" dir="0" index="3" bw="6" slack="0"/>
<pin id="208" dir="1" index="4" bw="16" slack="1"/>
</pin_list>
<bind>
<opcode="partselect(1002) " fcode="partselect"/>
<opset="data_93/1 "/>
</bind>
</comp>

<comp id="213" class="1004" name="data_63_fu_213">
<pin_list>
<pin id="214" dir="0" index="0" bw="16" slack="0"/>
<pin id="215" dir="0" index="1" bw="512" slack="0"/>
<pin id="216" dir="0" index="2" bw="7" slack="0"/>
<pin id="217" dir="0" index="3" bw="7" slack="0"/>
<pin id="218" dir="1" index="4" bw="16" slack="1"/>
</pin_list>
<bind>
<opcode="partselect(1002) " fcode="partselect"/>
<opset="data_63/1 "/>
</bind>
</comp>

<comp id="223" class="1004" name="data_64_fu_223">
<pin_list>
<pin id="224" dir="0" index="0" bw="16" slack="0"/>
<pin id="225" dir="0" index="1" bw="512" slack="0"/>
<pin id="226" dir="0" index="2" bw="7" slack="0"/>
<pin id="227" dir="0" index="3" bw="7" slack="0"/>
<pin id="228" dir="1" index="4" bw="16" slack="1"/>
</pin_list>
<bind>
<opcode="partselect(1002) " fcode="partselect"/>
<opset="data_64/1 "/>
</bind>
</comp>

<comp id="233" class="1004" name="data_65_fu_233">
<pin_list>
<pin id="234" dir="0" index="0" bw="16" slack="0"/>
<pin id="235" dir="0" index="1" bw="512" slack="0"/>
<pin id="236" dir="0" index="2" bw="8" slack="0"/>
<pin id="237" dir="0" index="3" bw="8" slack="0"/>
<pin id="238" dir="1" index="4" bw="16" slack="1"/>
</pin_list>
<bind>
<opcode="partselect(1002) " fcode="partselect"/>
<opset="data_65/1 "/>
</bind>
</comp>

<comp id="243" class="1004" name="data_66_fu_243">
<pin_list>
<pin id="244" dir="0" index="0" bw="16" slack="0"/>
<pin id="245" dir="0" index="1" bw="512" slack="0"/>
<pin id="246" dir="0" index="2" bw="8" slack="0"/>
<pin id="247" dir="0" index="3" bw="8" slack="0"/>
<pin id="248" dir="1" index="4" bw="16" slack="1"/>
</pin_list>
<bind>
<opcode="partselect(1002) " fcode="partselect"/>
<opset="data_66/1 "/>
</bind>
</comp>

<comp id="253" class="1004" name="data_67_fu_253">
<pin_list>
<pin id="254" dir="0" index="0" bw="16" slack="0"/>
<pin id="255" dir="0" index="1" bw="512" slack="0"/>
<pin id="256" dir="0" index="2" bw="8" slack="0"/>
<pin id="257" dir="0" index="3" bw="8" slack="0"/>
<pin id="258" dir="1" index="4" bw="16" slack="1"/>
</pin_list>
<bind>
<opcode="partselect(1002) " fcode="partselect"/>
<opset="data_67/1 "/>
</bind>
</comp>

<comp id="263" class="1004" name="data_68_fu_263">
<pin_list>
<pin id="264" dir="0" index="0" bw="16" slack="0"/>
<pin id="265" dir="0" index="1" bw="512" slack="0"/>
<pin id="266" dir="0" index="2" bw="8" slack="0"/>
<pin id="267" dir="0" index="3" bw="8" slack="0"/>
<pin id="268" dir="1" index="4" bw="16" slack="1"/>
</pin_list>
<bind>
<opcode="partselect(1002) " fcode="partselect"/>
<opset="data_68/1 "/>
</bind>
</comp>

<comp id="273" class="1004" name="data_69_fu_273">
<pin_list>
<pin id="274" dir="0" index="0" bw="16" slack="0"/>
<pin id="275" dir="0" index="1" bw="512" slack="0"/>
<pin id="276" dir="0" index="2" bw="9" slack="0"/>
<pin id="277" dir="0" index="3" bw="9" slack="0"/>
<pin id="278" dir="1" index="4" bw="16" slack="1"/>
</pin_list>
<bind>
<opcode="partselect(1002) " fcode="partselect"/>
<opset="data_69/1 "/>
</bind>
</comp>

<comp id="283" class="1004" name="data_70_fu_283">
<pin_list>
<pin id="284" dir="0" index="0" bw="16" slack="0"/>
<pin id="285" dir="0" index="1" bw="512" slack="0"/>
<pin id="286" dir="0" index="2" bw="9" slack="0"/>
<pin id="287" dir="0" index="3" bw="9" slack="0"/>
<pin id="288" dir="1" index="4" bw="16" slack="1"/>
</pin_list>
<bind>
<opcode="partselect(1002) " fcode="partselect"/>
<opset="data_70/1 "/>
</bind>
</comp>

<comp id="293" class="1004" name="data_71_fu_293">
<pin_list>
<pin id="294" dir="0" index="0" bw="16" slack="0"/>
<pin id="295" dir="0" index="1" bw="512" slack="0"/>
<pin id="296" dir="0" index="2" bw="9" slack="0"/>
<pin id="297" dir="0" index="3" bw="9" slack="0"/>
<pin id="298" dir="1" index="4" bw="16" slack="1"/>
</pin_list>
<bind>
<opcode="partselect(1002) " fcode="partselect"/>
<opset="data_71/1 "/>
</bind>
</comp>

<comp id="303" class="1004" name="data_72_fu_303">
<pin_list>
<pin id="304" dir="0" index="0" bw="16" slack="0"/>
<pin id="305" dir="0" index="1" bw="512" slack="0"/>
<pin id="306" dir="0" index="2" bw="9" slack="0"/>
<pin id="307" dir="0" index="3" bw="9" slack="0"/>
<pin id="308" dir="1" index="4" bw="16" slack="1"/>
</pin_list>
<bind>
<opcode="partselect(1002) " fcode="partselect"/>
<opset="data_72/1 "/>
</bind>
</comp>

<comp id="313" class="1004" name="data_73_fu_313">
<pin_list>
<pin id="314" dir="0" index="0" bw="16" slack="0"/>
<pin id="315" dir="0" index="1" bw="512" slack="0"/>
<pin id="316" dir="0" index="2" bw="9" slack="0"/>
<pin id="317" dir="0" index="3" bw="9" slack="0"/>
<pin id="318" dir="1" index="4" bw="16" slack="1"/>
</pin_list>
<bind>
<opcode="partselect(1002) " fcode="partselect"/>
<opset="data_73/1 "/>
</bind>
</comp>

<comp id="323" class="1004" name="data_74_fu_323">
<pin_list>
<pin id="324" dir="0" index="0" bw="16" slack="0"/>
<pin id="325" dir="0" index="1" bw="512" slack="0"/>
<pin id="326" dir="0" index="2" bw="9" slack="0"/>
<pin id="327" dir="0" index="3" bw="9" slack="0"/>
<pin id="328" dir="1" index="4" bw="16" slack="1"/>
</pin_list>
<bind>
<opcode="partselect(1002) " fcode="partselect"/>
<opset="data_74/1 "/>
</bind>
</comp>

<comp id="333" class="1004" name="data_75_fu_333">
<pin_list>
<pin id="334" dir="0" index="0" bw="16" slack="0"/>
<pin id="335" dir="0" index="1" bw="512" slack="0"/>
<pin id="336" dir="0" index="2" bw="9" slack="0"/>
<pin id="337" dir="0" index="3" bw="9" slack="0"/>
<pin id="338" dir="1" index="4" bw="16" slack="1"/>
</pin_list>
<bind>
<opcode="partselect(1002) " fcode="partselect"/>
<opset="data_75/1 "/>
</bind>
</comp>

<comp id="343" class="1004" name="data_76_fu_343">
<pin_list>
<pin id="344" dir="0" index="0" bw="16" slack="0"/>
<pin id="345" dir="0" index="1" bw="512" slack="0"/>
<pin id="346" dir="0" index="2" bw="9" slack="0"/>
<pin id="347" dir="0" index="3" bw="9" slack="0"/>
<pin id="348" dir="1" index="4" bw="16" slack="1"/>
</pin_list>
<bind>
<opcode="partselect(1002) " fcode="partselect"/>
<opset="data_76/1 "/>
</bind>
</comp>

<comp id="353" class="1004" name="data_77_fu_353">
<pin_list>
<pin id="354" dir="0" index="0" bw="16" slack="0"/>
<pin id="355" dir="0" index="1" bw="512" slack="0"/>
<pin id="356" dir="0" index="2" bw="10" slack="0"/>
<pin id="357" dir="0" index="3" bw="10" slack="0"/>
<pin id="358" dir="1" index="4" bw="16" slack="1"/>
</pin_list>
<bind>
<opcode="partselect(1002) " fcode="partselect"/>
<opset="data_77/1 "/>
</bind>
</comp>

<comp id="363" class="1004" name="data_78_fu_363">
<pin_list>
<pin id="364" dir="0" index="0" bw="16" slack="0"/>
<pin id="365" dir="0" index="1" bw="512" slack="0"/>
<pin id="366" dir="0" index="2" bw="10" slack="0"/>
<pin id="367" dir="0" index="3" bw="10" slack="0"/>
<pin id="368" dir="1" index="4" bw="16" slack="1"/>
</pin_list>
<bind>
<opcode="partselect(1002) " fcode="partselect"/>
<opset="data_78/1 "/>
</bind>
</comp>

<comp id="373" class="1004" name="data_79_fu_373">
<pin_list>
<pin id="374" dir="0" index="0" bw="16" slack="0"/>
<pin id="375" dir="0" index="1" bw="512" slack="0"/>
<pin id="376" dir="0" index="2" bw="10" slack="0"/>
<pin id="377" dir="0" index="3" bw="10" slack="0"/>
<pin id="378" dir="1" index="4" bw="16" slack="1"/>
</pin_list>
<bind>
<opcode="partselect(1002) " fcode="partselect"/>
<opset="data_79/1 "/>
</bind>
</comp>

<comp id="383" class="1004" name="data_80_fu_383">
<pin_list>
<pin id="384" dir="0" index="0" bw="16" slack="0"/>
<pin id="385" dir="0" index="1" bw="512" slack="0"/>
<pin id="386" dir="0" index="2" bw="10" slack="0"/>
<pin id="387" dir="0" index="3" bw="10" slack="0"/>
<pin id="388" dir="1" index="4" bw="16" slack="1"/>
</pin_list>
<bind>
<opcode="partselect(1002) " fcode="partselect"/>
<opset="data_80/1 "/>
</bind>
</comp>

<comp id="393" class="1004" name="data_81_fu_393">
<pin_list>
<pin id="394" dir="0" index="0" bw="16" slack="0"/>
<pin id="395" dir="0" index="1" bw="512" slack="0"/>
<pin id="396" dir="0" index="2" bw="10" slack="0"/>
<pin id="397" dir="0" index="3" bw="10" slack="0"/>
<pin id="398" dir="1" index="4" bw="16" slack="1"/>
</pin_list>
<bind>
<opcode="partselect(1002) " fcode="partselect"/>
<opset="data_81/1 "/>
</bind>
</comp>

<comp id="403" class="1004" name="data_82_fu_403">
<pin_list>
<pin id="404" dir="0" index="0" bw="16" slack="0"/>
<pin id="405" dir="0" index="1" bw="512" slack="0"/>
<pin id="406" dir="0" index="2" bw="10" slack="0"/>
<pin id="407" dir="0" index="3" bw="10" slack="0"/>
<pin id="408" dir="1" index="4" bw="16" slack="1"/>
</pin_list>
<bind>
<opcode="partselect(1002) " fcode="partselect"/>
<opset="data_82/1 "/>
</bind>
</comp>

<comp id="413" class="1004" name="data_83_fu_413">
<pin_list>
<pin id="414" dir="0" index="0" bw="16" slack="0"/>
<pin id="415" dir="0" index="1" bw="512" slack="0"/>
<pin id="416" dir="0" index="2" bw="10" slack="0"/>
<pin id="417" dir="0" index="3" bw="10" slack="0"/>
<pin id="418" dir="1" index="4" bw="16" slack="1"/>
</pin_list>
<bind>
<opcode="partselect(1002) " fcode="partselect"/>
<opset="data_83/1 "/>
</bind>
</comp>

<comp id="423" class="1004" name="data_84_fu_423">
<pin_list>
<pin id="424" dir="0" index="0" bw="16" slack="0"/>
<pin id="425" dir="0" index="1" bw="512" slack="0"/>
<pin id="426" dir="0" index="2" bw="10" slack="0"/>
<pin id="427" dir="0" index="3" bw="10" slack="0"/>
<pin id="428" dir="1" index="4" bw="16" slack="1"/>
</pin_list>
<bind>
<opcode="partselect(1002) " fcode="partselect"/>
<opset="data_84/1 "/>
</bind>
</comp>

<comp id="433" class="1004" name="data_85_fu_433">
<pin_list>
<pin id="434" dir="0" index="0" bw="16" slack="0"/>
<pin id="435" dir="0" index="1" bw="512" slack="0"/>
<pin id="436" dir="0" index="2" bw="10" slack="0"/>
<pin id="437" dir="0" index="3" bw="10" slack="0"/>
<pin id="438" dir="1" index="4" bw="16" slack="1"/>
</pin_list>
<bind>
<opcode="partselect(1002) " fcode="partselect"/>
<opset="data_85/1 "/>
</bind>
</comp>

<comp id="443" class="1004" name="data_86_fu_443">
<pin_list>
<pin id="444" dir="0" index="0" bw="16" slack="0"/>
<pin id="445" dir="0" index="1" bw="512" slack="0"/>
<pin id="446" dir="0" index="2" bw="10" slack="0"/>
<pin id="447" dir="0" index="3" bw="10" slack="0"/>
<pin id="448" dir="1" index="4" bw="16" slack="1"/>
</pin_list>
<bind>
<opcode="partselect(1002) " fcode="partselect"/>
<opset="data_86/1 "/>
</bind>
</comp>

<comp id="453" class="1004" name="data_87_fu_453">
<pin_list>
<pin id="454" dir="0" index="0" bw="16" slack="0"/>
<pin id="455" dir="0" index="1" bw="512" slack="0"/>
<pin id="456" dir="0" index="2" bw="10" slack="0"/>
<pin id="457" dir="0" index="3" bw="10" slack="0"/>
<pin id="458" dir="1" index="4" bw="16" slack="1"/>
</pin_list>
<bind>
<opcode="partselect(1002) " fcode="partselect"/>
<opset="data_87/1 "/>
</bind>
</comp>

<comp id="463" class="1004" name="data_88_fu_463">
<pin_list>
<pin id="464" dir="0" index="0" bw="16" slack="0"/>
<pin id="465" dir="0" index="1" bw="512" slack="0"/>
<pin id="466" dir="0" index="2" bw="10" slack="0"/>
<pin id="467" dir="0" index="3" bw="10" slack="0"/>
<pin id="468" dir="1" index="4" bw="16" slack="1"/>
</pin_list>
<bind>
<opcode="partselect(1002) " fcode="partselect"/>
<opset="data_88/1 "/>
</bind>
</comp>

<comp id="473" class="1004" name="data_89_fu_473">
<pin_list>
<pin id="474" dir="0" index="0" bw="16" slack="0"/>
<pin id="475" dir="0" index="1" bw="512" slack="0"/>
<pin id="476" dir="0" index="2" bw="10" slack="0"/>
<pin id="477" dir="0" index="3" bw="10" slack="0"/>
<pin id="478" dir="1" index="4" bw="16" slack="1"/>
</pin_list>
<bind>
<opcode="partselect(1002) " fcode="partselect"/>
<opset="data_89/1 "/>
</bind>
</comp>

<comp id="483" class="1004" name="data_90_fu_483">
<pin_list>
<pin id="484" dir="0" index="0" bw="16" slack="0"/>
<pin id="485" dir="0" index="1" bw="512" slack="0"/>
<pin id="486" dir="0" index="2" bw="10" slack="0"/>
<pin id="487" dir="0" index="3" bw="10" slack="0"/>
<pin id="488" dir="1" index="4" bw="16" slack="1"/>
</pin_list>
<bind>
<opcode="partselect(1002) " fcode="partselect"/>
<opset="data_90/1 "/>
</bind>
</comp>

<comp id="493" class="1004" name="data_91_fu_493">
<pin_list>
<pin id="494" dir="0" index="0" bw="16" slack="0"/>
<pin id="495" dir="0" index="1" bw="512" slack="0"/>
<pin id="496" dir="0" index="2" bw="10" slack="0"/>
<pin id="497" dir="0" index="3" bw="10" slack="0"/>
<pin id="498" dir="1" index="4" bw="16" slack="1"/>
</pin_list>
<bind>
<opcode="partselect(1002) " fcode="partselect"/>
<opset="data_91/1 "/>
</bind>
</comp>

<comp id="503" class="1004" name="data_92_fu_503">
<pin_list>
<pin id="504" dir="0" index="0" bw="16" slack="0"/>
<pin id="505" dir="0" index="1" bw="512" slack="0"/>
<pin id="506" dir="0" index="2" bw="10" slack="0"/>
<pin id="507" dir="0" index="3" bw="10" slack="0"/>
<pin id="508" dir="1" index="4" bw="16" slack="1"/>
</pin_list>
<bind>
<opcode="partselect(1002) " fcode="partselect"/>
<opset="data_92/1 "/>
</bind>
</comp>

<comp id="513" class="1004" name="res_fu_513">
<pin_list>
<pin id="514" dir="0" index="0" bw="190" slack="0"/>
<pin id="515" dir="1" index="1" bw="38" slack="1"/>
</pin_list>
<bind>
<opcode="extractvalue(56) " fcode="extractvalue"/>
<opset="res/3 "/>
</bind>
</comp>

<comp id="517" class="1004" name="res_32_fu_517">
<pin_list>
<pin id="518" dir="0" index="0" bw="190" slack="0"/>
<pin id="519" dir="1" index="1" bw="38" slack="1"/>
</pin_list>
<bind>
<opcode="extractvalue(56) " fcode="extractvalue"/>
<opset="res_32/3 "/>
</bind>
</comp>

<comp id="521" class="1004" name="res_33_fu_521">
<pin_list>
<pin id="522" dir="0" index="0" bw="190" slack="0"/>
<pin id="523" dir="1" index="1" bw="38" slack="1"/>
</pin_list>
<bind>
<opcode="extractvalue(56) " fcode="extractvalue"/>
<opset="res_33/3 "/>
</bind>
</comp>

<comp id="525" class="1004" name="res_34_fu_525">
<pin_list>
<pin id="526" dir="0" index="0" bw="190" slack="0"/>
<pin id="527" dir="1" index="1" bw="38" slack="1"/>
</pin_list>
<bind>
<opcode="extractvalue(56) " fcode="extractvalue"/>
<opset="res_34/3 "/>
</bind>
</comp>

<comp id="529" class="1004" name="res_35_fu_529">
<pin_list>
<pin id="530" dir="0" index="0" bw="190" slack="0"/>
<pin id="531" dir="1" index="1" bw="38" slack="1"/>
</pin_list>
<bind>
<opcode="extractvalue(56) " fcode="extractvalue"/>
<opset="res_35/3 "/>
</bind>
</comp>

<comp id="533" class="1004" name="tmp_i_fu_533">
<pin_list>
<pin id="534" dir="0" index="0" bw="294" slack="0"/>
<pin id="535" dir="0" index="1" bw="38" slack="1"/>
<pin id="536" dir="0" index="2" bw="1" slack="0"/>
<pin id="537" dir="0" index="3" bw="38" slack="1"/>
<pin id="538" dir="0" index="4" bw="1" slack="0"/>
<pin id="539" dir="0" index="5" bw="38" slack="1"/>
<pin id="540" dir="0" index="6" bw="1" slack="0"/>
<pin id="541" dir="0" index="7" bw="38" slack="1"/>
<pin id="542" dir="0" index="8" bw="1" slack="0"/>
<pin id="543" dir="0" index="9" bw="38" slack="1"/>
<pin id="544" dir="1" index="10" bw="294" slack="0"/>
</pin_list>
<bind>
<opcode="bitconcatenate(1004) " fcode="bitconcatenate"/>
<opset="tmp_i/4 "/>
</bind>
</comp>

<comp id="550" class="1004" name="zext_ln77_fu_550">
<pin_list>
<pin id="551" dir="0" index="0" bw="294" slack="0"/>
<pin id="552" dir="1" index="1" bw="320" slack="0"/>
</pin_list>
<bind>
<opcode="zext(34) " fcode="zext"/>
<opset="zext_ln77/4 "/>
</bind>
</comp>

<comp id="555" class="1005" name="data_reg_555">
<pin_list>
<pin id="556" dir="0" index="0" bw="16" slack="1"/>
<pin id="557" dir="1" index="1" bw="16" slack="1"/>
</pin_list>
<bind>
<opset="data "/>
</bind>
</comp>

<comp id="560" class="1005" name="data_93_reg_560">
<pin_list>
<pin id="561" dir="0" index="0" bw="16" slack="1"/>
<pin id="562" dir="1" index="1" bw="16" slack="1"/>
</pin_list>
<bind>
<opset="data_93 "/>
</bind>
</comp>

<comp id="565" class="1005" name="data_63_reg_565">
<pin_list>
<pin id="566" dir="0" index="0" bw="16" slack="1"/>
<pin id="567" dir="1" index="1" bw="16" slack="1"/>
</pin_list>
<bind>
<opset="data_63 "/>
</bind>
</comp>

<comp id="570" class="1005" name="data_64_reg_570">
<pin_list>
<pin id="571" dir="0" index="0" bw="16" slack="1"/>
<pin id="572" dir="1" index="1" bw="16" slack="1"/>
</pin_list>
<bind>
<opset="data_64 "/>
</bind>
</comp>

<comp id="575" class="1005" name="data_65_reg_575">
<pin_list>
<pin id="576" dir="0" index="0" bw="16" slack="1"/>
<pin id="577" dir="1" index="1" bw="16" slack="1"/>
</pin_list>
<bind>
<opset="data_65 "/>
</bind>
</comp>

<comp id="580" class="1005" name="data_66_reg_580">
<pin_list>
<pin id="581" dir="0" index="0" bw="16" slack="1"/>
<pin id="582" dir="1" index="1" bw="16" slack="1"/>
</pin_list>
<bind>
<opset="data_66 "/>
</bind>
</comp>

<comp id="585" class="1005" name="data_67_reg_585">
<pin_list>
<pin id="586" dir="0" index="0" bw="16" slack="1"/>
<pin id="587" dir="1" index="1" bw="16" slack="1"/>
</pin_list>
<bind>
<opset="data_67 "/>
</bind>
</comp>

<comp id="590" class="1005" name="data_68_reg_590">
<pin_list>
<pin id="591" dir="0" index="0" bw="16" slack="1"/>
<pin id="592" dir="1" index="1" bw="16" slack="1"/>
</pin_list>
<bind>
<opset="data_68 "/>
</bind>
</comp>

<comp id="595" class="1005" name="data_69_reg_595">
<pin_list>
<pin id="596" dir="0" index="0" bw="16" slack="1"/>
<pin id="597" dir="1" index="1" bw="16" slack="1"/>
</pin_list>
<bind>
<opset="data_69 "/>
</bind>
</comp>

<comp id="600" class="1005" name="data_70_reg_600">
<pin_list>
<pin id="601" dir="0" index="0" bw="16" slack="1"/>
<pin id="602" dir="1" index="1" bw="16" slack="1"/>
</pin_list>
<bind>
<opset="data_70 "/>
</bind>
</comp>

<comp id="605" class="1005" name="data_71_reg_605">
<pin_list>
<pin id="606" dir="0" index="0" bw="16" slack="1"/>
<pin id="607" dir="1" index="1" bw="16" slack="1"/>
</pin_list>
<bind>
<opset="data_71 "/>
</bind>
</comp>

<comp id="610" class="1005" name="data_72_reg_610">
<pin_list>
<pin id="611" dir="0" index="0" bw="16" slack="1"/>
<pin id="612" dir="1" index="1" bw="16" slack="1"/>
</pin_list>
<bind>
<opset="data_72 "/>
</bind>
</comp>

<comp id="615" class="1005" name="data_73_reg_615">
<pin_list>
<pin id="616" dir="0" index="0" bw="16" slack="1"/>
<pin id="617" dir="1" index="1" bw="16" slack="1"/>
</pin_list>
<bind>
<opset="data_73 "/>
</bind>
</comp>

<comp id="620" class="1005" name="data_74_reg_620">
<pin_list>
<pin id="621" dir="0" index="0" bw="16" slack="1"/>
<pin id="622" dir="1" index="1" bw="16" slack="1"/>
</pin_list>
<bind>
<opset="data_74 "/>
</bind>
</comp>

<comp id="625" class="1005" name="data_75_reg_625">
<pin_list>
<pin id="626" dir="0" index="0" bw="16" slack="1"/>
<pin id="627" dir="1" index="1" bw="16" slack="1"/>
</pin_list>
<bind>
<opset="data_75 "/>
</bind>
</comp>

<comp id="630" class="1005" name="data_76_reg_630">
<pin_list>
<pin id="631" dir="0" index="0" bw="16" slack="1"/>
<pin id="632" dir="1" index="1" bw="16" slack="1"/>
</pin_list>
<bind>
<opset="data_76 "/>
</bind>
</comp>

<comp id="635" class="1005" name="data_77_reg_635">
<pin_list>
<pin id="636" dir="0" index="0" bw="16" slack="1"/>
<pin id="637" dir="1" index="1" bw="16" slack="1"/>
</pin_list>
<bind>
<opset="data_77 "/>
</bind>
</comp>

<comp id="640" class="1005" name="data_78_reg_640">
<pin_list>
<pin id="641" dir="0" index="0" bw="16" slack="1"/>
<pin id="642" dir="1" index="1" bw="16" slack="1"/>
</pin_list>
<bind>
<opset="data_78 "/>
</bind>
</comp>

<comp id="645" class="1005" name="data_79_reg_645">
<pin_list>
<pin id="646" dir="0" index="0" bw="16" slack="1"/>
<pin id="647" dir="1" index="1" bw="16" slack="1"/>
</pin_list>
<bind>
<opset="data_79 "/>
</bind>
</comp>

<comp id="650" class="1005" name="data_80_reg_650">
<pin_list>
<pin id="651" dir="0" index="0" bw="16" slack="1"/>
<pin id="652" dir="1" index="1" bw="16" slack="1"/>
</pin_list>
<bind>
<opset="data_80 "/>
</bind>
</comp>

<comp id="655" class="1005" name="data_81_reg_655">
<pin_list>
<pin id="656" dir="0" index="0" bw="16" slack="1"/>
<pin id="657" dir="1" index="1" bw="16" slack="1"/>
</pin_list>
<bind>
<opset="data_81 "/>
</bind>
</comp>

<comp id="660" class="1005" name="data_82_reg_660">
<pin_list>
<pin id="661" dir="0" index="0" bw="16" slack="1"/>
<pin id="662" dir="1" index="1" bw="16" slack="1"/>
</pin_list>
<bind>
<opset="data_82 "/>
</bind>
</comp>

<comp id="665" class="1005" name="data_83_reg_665">
<pin_list>
<pin id="666" dir="0" index="0" bw="16" slack="1"/>
<pin id="667" dir="1" index="1" bw="16" slack="1"/>
</pin_list>
<bind>
<opset="data_83 "/>
</bind>
</comp>

<comp id="670" class="1005" name="data_84_reg_670">
<pin_list>
<pin id="671" dir="0" index="0" bw="16" slack="1"/>
<pin id="672" dir="1" index="1" bw="16" slack="1"/>
</pin_list>
<bind>
<opset="data_84 "/>
</bind>
</comp>

<comp id="675" class="1005" name="data_85_reg_675">
<pin_list>
<pin id="676" dir="0" index="0" bw="16" slack="1"/>
<pin id="677" dir="1" index="1" bw="16" slack="1"/>
</pin_list>
<bind>
<opset="data_85 "/>
</bind>
</comp>

<comp id="680" class="1005" name="data_86_reg_680">
<pin_list>
<pin id="681" dir="0" index="0" bw="16" slack="1"/>
<pin id="682" dir="1" index="1" bw="16" slack="1"/>
</pin_list>
<bind>
<opset="data_86 "/>
</bind>
</comp>

<comp id="685" class="1005" name="data_87_reg_685">
<pin_list>
<pin id="686" dir="0" index="0" bw="16" slack="1"/>
<pin id="687" dir="1" index="1" bw="16" slack="1"/>
</pin_list>
<bind>
<opset="data_87 "/>
</bind>
</comp>

<comp id="690" class="1005" name="data_88_reg_690">
<pin_list>
<pin id="691" dir="0" index="0" bw="16" slack="1"/>
<pin id="692" dir="1" index="1" bw="16" slack="1"/>
</pin_list>
<bind>
<opset="data_88 "/>
</bind>
</comp>

<comp id="695" class="1005" name="data_89_reg_695">
<pin_list>
<pin id="696" dir="0" index="0" bw="16" slack="1"/>
<pin id="697" dir="1" index="1" bw="16" slack="1"/>
</pin_list>
<bind>
<opset="data_89 "/>
</bind>
</comp>

<comp id="700" class="1005" name="data_90_reg_700">
<pin_list>
<pin id="701" dir="0" index="0" bw="16" slack="1"/>
<pin id="702" dir="1" index="1" bw="16" slack="1"/>
</pin_list>
<bind>
<opset="data_90 "/>
</bind>
</comp>

<comp id="705" class="1005" name="data_91_reg_705">
<pin_list>
<pin id="706" dir="0" index="0" bw="16" slack="1"/>
<pin id="707" dir="1" index="1" bw="16" slack="1"/>
</pin_list>
<bind>
<opset="data_91 "/>
</bind>
</comp>

<comp id="710" class="1005" name="data_92_reg_710">
<pin_list>
<pin id="711" dir="0" index="0" bw="16" slack="1"/>
<pin id="712" dir="1" index="1" bw="16" slack="1"/>
</pin_list>
<bind>
<opset="data_92 "/>
</bind>
</comp>

<comp id="715" class="1005" name="res_reg_715">
<pin_list>
<pin id="716" dir="0" index="0" bw="38" slack="1"/>
<pin id="717" dir="1" index="1" bw="38" slack="1"/>
</pin_list>
<bind>
<opset="res "/>
</bind>
</comp>

<comp id="720" class="1005" name="res_32_reg_720">
<pin_list>
<pin id="721" dir="0" index="0" bw="38" slack="1"/>
<pin id="722" dir="1" index="1" bw="38" slack="1"/>
</pin_list>
<bind>
<opset="res_32 "/>
</bind>
</comp>

<comp id="725" class="1005" name="res_33_reg_725">
<pin_list>
<pin id="726" dir="0" index="0" bw="38" slack="1"/>
<pin id="727" dir="1" index="1" bw="38" slack="1"/>
</pin_list>
<bind>
<opset="res_33 "/>
</bind>
</comp>

<comp id="730" class="1005" name="res_34_reg_730">
<pin_list>
<pin id="731" dir="0" index="0" bw="38" slack="1"/>
<pin id="732" dir="1" index="1" bw="38" slack="1"/>
</pin_list>
<bind>
<opset="res_34 "/>
</bind>
</comp>

<comp id="735" class="1005" name="res_35_reg_735">
<pin_list>
<pin id="736" dir="0" index="0" bw="38" slack="1"/>
<pin id="737" dir="1" index="1" bw="38" slack="1"/>
</pin_list>
<bind>
<opset="res_35 "/>
</bind>
</comp>

</comp_list>

<net_list>
<net id="154"><net_src comp="4" pin="0"/><net_sink comp="150" pin=0"/></net>

<net id="155"><net_src comp="0" pin="0"/><net_sink comp="150" pin=1"/></net>

<net id="161"><net_src comp="148" pin="0"/><net_sink comp="156" pin=0"/></net>

<net id="162"><net_src comp="2" pin="0"/><net_sink comp="156" pin=1"/></net>

<net id="198"><net_src comp="132" pin="0"/><net_sink comp="163" pin=0"/></net>

<net id="202"><net_src comp="150" pin="2"/><net_sink comp="199" pin=0"/></net>

<net id="209"><net_src comp="6" pin="0"/><net_sink comp="203" pin=0"/></net>

<net id="210"><net_src comp="150" pin="2"/><net_sink comp="203" pin=1"/></net>

<net id="211"><net_src comp="8" pin="0"/><net_sink comp="203" pin=2"/></net>

<net id="212"><net_src comp="10" pin="0"/><net_sink comp="203" pin=3"/></net>

<net id="219"><net_src comp="6" pin="0"/><net_sink comp="213" pin=0"/></net>

<net id="220"><net_src comp="150" pin="2"/><net_sink comp="213" pin=1"/></net>

<net id="221"><net_src comp="12" pin="0"/><net_sink comp="213" pin=2"/></net>

<net id="222"><net_src comp="14" pin="0"/><net_sink comp="213" pin=3"/></net>

<net id="229"><net_src comp="6" pin="0"/><net_sink comp="223" pin=0"/></net>

<net id="230"><net_src comp="150" pin="2"/><net_sink comp="223" pin=1"/></net>

<net id="231"><net_src comp="16" pin="0"/><net_sink comp="223" pin=2"/></net>

<net id="232"><net_src comp="18" pin="0"/><net_sink comp="223" pin=3"/></net>

<net id="239"><net_src comp="6" pin="0"/><net_sink comp="233" pin=0"/></net>

<net id="240"><net_src comp="150" pin="2"/><net_sink comp="233" pin=1"/></net>

<net id="241"><net_src comp="20" pin="0"/><net_sink comp="233" pin=2"/></net>

<net id="242"><net_src comp="22" pin="0"/><net_sink comp="233" pin=3"/></net>

<net id="249"><net_src comp="6" pin="0"/><net_sink comp="243" pin=0"/></net>

<net id="250"><net_src comp="150" pin="2"/><net_sink comp="243" pin=1"/></net>

<net id="251"><net_src comp="24" pin="0"/><net_sink comp="243" pin=2"/></net>

<net id="252"><net_src comp="26" pin="0"/><net_sink comp="243" pin=3"/></net>

<net id="259"><net_src comp="6" pin="0"/><net_sink comp="253" pin=0"/></net>

<net id="260"><net_src comp="150" pin="2"/><net_sink comp="253" pin=1"/></net>

<net id="261"><net_src comp="28" pin="0"/><net_sink comp="253" pin=2"/></net>

<net id="262"><net_src comp="30" pin="0"/><net_sink comp="253" pin=3"/></net>

<net id="269"><net_src comp="6" pin="0"/><net_sink comp="263" pin=0"/></net>

<net id="270"><net_src comp="150" pin="2"/><net_sink comp="263" pin=1"/></net>

<net id="271"><net_src comp="32" pin="0"/><net_sink comp="263" pin=2"/></net>

<net id="272"><net_src comp="34" pin="0"/><net_sink comp="263" pin=3"/></net>

<net id="279"><net_src comp="6" pin="0"/><net_sink comp="273" pin=0"/></net>

<net id="280"><net_src comp="150" pin="2"/><net_sink comp="273" pin=1"/></net>

<net id="281"><net_src comp="36" pin="0"/><net_sink comp="273" pin=2"/></net>

<net id="282"><net_src comp="38" pin="0"/><net_sink comp="273" pin=3"/></net>

<net id="289"><net_src comp="6" pin="0"/><net_sink comp="283" pin=0"/></net>

<net id="290"><net_src comp="150" pin="2"/><net_sink comp="283" pin=1"/></net>

<net id="291"><net_src comp="40" pin="0"/><net_sink comp="283" pin=2"/></net>

<net id="292"><net_src comp="42" pin="0"/><net_sink comp="283" pin=3"/></net>

<net id="299"><net_src comp="6" pin="0"/><net_sink comp="293" pin=0"/></net>

<net id="300"><net_src comp="150" pin="2"/><net_sink comp="293" pin=1"/></net>

<net id="301"><net_src comp="44" pin="0"/><net_sink comp="293" pin=2"/></net>

<net id="302"><net_src comp="46" pin="0"/><net_sink comp="293" pin=3"/></net>

<net id="309"><net_src comp="6" pin="0"/><net_sink comp="303" pin=0"/></net>

<net id="310"><net_src comp="150" pin="2"/><net_sink comp="303" pin=1"/></net>

<net id="311"><net_src comp="48" pin="0"/><net_sink comp="303" pin=2"/></net>

<net id="312"><net_src comp="50" pin="0"/><net_sink comp="303" pin=3"/></net>

<net id="319"><net_src comp="6" pin="0"/><net_sink comp="313" pin=0"/></net>

<net id="320"><net_src comp="150" pin="2"/><net_sink comp="313" pin=1"/></net>

<net id="321"><net_src comp="52" pin="0"/><net_sink comp="313" pin=2"/></net>

<net id="322"><net_src comp="54" pin="0"/><net_sink comp="313" pin=3"/></net>

<net id="329"><net_src comp="6" pin="0"/><net_sink comp="323" pin=0"/></net>

<net id="330"><net_src comp="150" pin="2"/><net_sink comp="323" pin=1"/></net>

<net id="331"><net_src comp="56" pin="0"/><net_sink comp="323" pin=2"/></net>

<net id="332"><net_src comp="58" pin="0"/><net_sink comp="323" pin=3"/></net>

<net id="339"><net_src comp="6" pin="0"/><net_sink comp="333" pin=0"/></net>

<net id="340"><net_src comp="150" pin="2"/><net_sink comp="333" pin=1"/></net>

<net id="341"><net_src comp="60" pin="0"/><net_sink comp="333" pin=2"/></net>

<net id="342"><net_src comp="62" pin="0"/><net_sink comp="333" pin=3"/></net>

<net id="349"><net_src comp="6" pin="0"/><net_sink comp="343" pin=0"/></net>

<net id="350"><net_src comp="150" pin="2"/><net_sink comp="343" pin=1"/></net>

<net id="351"><net_src comp="64" pin="0"/><net_sink comp="343" pin=2"/></net>

<net id="352"><net_src comp="66" pin="0"/><net_sink comp="343" pin=3"/></net>

<net id="359"><net_src comp="6" pin="0"/><net_sink comp="353" pin=0"/></net>

<net id="360"><net_src comp="150" pin="2"/><net_sink comp="353" pin=1"/></net>

<net id="361"><net_src comp="68" pin="0"/><net_sink comp="353" pin=2"/></net>

<net id="362"><net_src comp="70" pin="0"/><net_sink comp="353" pin=3"/></net>

<net id="369"><net_src comp="6" pin="0"/><net_sink comp="363" pin=0"/></net>

<net id="370"><net_src comp="150" pin="2"/><net_sink comp="363" pin=1"/></net>

<net id="371"><net_src comp="72" pin="0"/><net_sink comp="363" pin=2"/></net>

<net id="372"><net_src comp="74" pin="0"/><net_sink comp="363" pin=3"/></net>

<net id="379"><net_src comp="6" pin="0"/><net_sink comp="373" pin=0"/></net>

<net id="380"><net_src comp="150" pin="2"/><net_sink comp="373" pin=1"/></net>

<net id="381"><net_src comp="76" pin="0"/><net_sink comp="373" pin=2"/></net>

<net id="382"><net_src comp="78" pin="0"/><net_sink comp="373" pin=3"/></net>

<net id="389"><net_src comp="6" pin="0"/><net_sink comp="383" pin=0"/></net>

<net id="390"><net_src comp="150" pin="2"/><net_sink comp="383" pin=1"/></net>

<net id="391"><net_src comp="80" pin="0"/><net_sink comp="383" pin=2"/></net>

<net id="392"><net_src comp="82" pin="0"/><net_sink comp="383" pin=3"/></net>

<net id="399"><net_src comp="6" pin="0"/><net_sink comp="393" pin=0"/></net>

<net id="400"><net_src comp="150" pin="2"/><net_sink comp="393" pin=1"/></net>

<net id="401"><net_src comp="84" pin="0"/><net_sink comp="393" pin=2"/></net>

<net id="402"><net_src comp="86" pin="0"/><net_sink comp="393" pin=3"/></net>

<net id="409"><net_src comp="6" pin="0"/><net_sink comp="403" pin=0"/></net>

<net id="410"><net_src comp="150" pin="2"/><net_sink comp="403" pin=1"/></net>

<net id="411"><net_src comp="88" pin="0"/><net_sink comp="403" pin=2"/></net>

<net id="412"><net_src comp="90" pin="0"/><net_sink comp="403" pin=3"/></net>

<net id="419"><net_src comp="6" pin="0"/><net_sink comp="413" pin=0"/></net>

<net id="420"><net_src comp="150" pin="2"/><net_sink comp="413" pin=1"/></net>

<net id="421"><net_src comp="92" pin="0"/><net_sink comp="413" pin=2"/></net>

<net id="422"><net_src comp="94" pin="0"/><net_sink comp="413" pin=3"/></net>

<net id="429"><net_src comp="6" pin="0"/><net_sink comp="423" pin=0"/></net>

<net id="430"><net_src comp="150" pin="2"/><net_sink comp="423" pin=1"/></net>

<net id="431"><net_src comp="96" pin="0"/><net_sink comp="423" pin=2"/></net>

<net id="432"><net_src comp="98" pin="0"/><net_sink comp="423" pin=3"/></net>

<net id="439"><net_src comp="6" pin="0"/><net_sink comp="433" pin=0"/></net>

<net id="440"><net_src comp="150" pin="2"/><net_sink comp="433" pin=1"/></net>

<net id="441"><net_src comp="100" pin="0"/><net_sink comp="433" pin=2"/></net>

<net id="442"><net_src comp="102" pin="0"/><net_sink comp="433" pin=3"/></net>

<net id="449"><net_src comp="6" pin="0"/><net_sink comp="443" pin=0"/></net>

<net id="450"><net_src comp="150" pin="2"/><net_sink comp="443" pin=1"/></net>

<net id="451"><net_src comp="104" pin="0"/><net_sink comp="443" pin=2"/></net>

<net id="452"><net_src comp="106" pin="0"/><net_sink comp="443" pin=3"/></net>

<net id="459"><net_src comp="6" pin="0"/><net_sink comp="453" pin=0"/></net>

<net id="460"><net_src comp="150" pin="2"/><net_sink comp="453" pin=1"/></net>

<net id="461"><net_src comp="108" pin="0"/><net_sink comp="453" pin=2"/></net>

<net id="462"><net_src comp="110" pin="0"/><net_sink comp="453" pin=3"/></net>

<net id="469"><net_src comp="6" pin="0"/><net_sink comp="463" pin=0"/></net>

<net id="470"><net_src comp="150" pin="2"/><net_sink comp="463" pin=1"/></net>

<net id="471"><net_src comp="112" pin="0"/><net_sink comp="463" pin=2"/></net>

<net id="472"><net_src comp="114" pin="0"/><net_sink comp="463" pin=3"/></net>

<net id="479"><net_src comp="6" pin="0"/><net_sink comp="473" pin=0"/></net>

<net id="480"><net_src comp="150" pin="2"/><net_sink comp="473" pin=1"/></net>

<net id="481"><net_src comp="116" pin="0"/><net_sink comp="473" pin=2"/></net>

<net id="482"><net_src comp="118" pin="0"/><net_sink comp="473" pin=3"/></net>

<net id="489"><net_src comp="6" pin="0"/><net_sink comp="483" pin=0"/></net>

<net id="490"><net_src comp="150" pin="2"/><net_sink comp="483" pin=1"/></net>

<net id="491"><net_src comp="120" pin="0"/><net_sink comp="483" pin=2"/></net>

<net id="492"><net_src comp="122" pin="0"/><net_sink comp="483" pin=3"/></net>

<net id="499"><net_src comp="6" pin="0"/><net_sink comp="493" pin=0"/></net>

<net id="500"><net_src comp="150" pin="2"/><net_sink comp="493" pin=1"/></net>

<net id="501"><net_src comp="124" pin="0"/><net_sink comp="493" pin=2"/></net>

<net id="502"><net_src comp="126" pin="0"/><net_sink comp="493" pin=3"/></net>

<net id="509"><net_src comp="6" pin="0"/><net_sink comp="503" pin=0"/></net>

<net id="510"><net_src comp="150" pin="2"/><net_sink comp="503" pin=1"/></net>

<net id="511"><net_src comp="128" pin="0"/><net_sink comp="503" pin=2"/></net>

<net id="512"><net_src comp="130" pin="0"/><net_sink comp="503" pin=3"/></net>

<net id="516"><net_src comp="163" pin="33"/><net_sink comp="513" pin=0"/></net>

<net id="520"><net_src comp="163" pin="33"/><net_sink comp="517" pin=0"/></net>

<net id="524"><net_src comp="163" pin="33"/><net_sink comp="521" pin=0"/></net>

<net id="528"><net_src comp="163" pin="33"/><net_sink comp="525" pin=0"/></net>

<net id="532"><net_src comp="163" pin="33"/><net_sink comp="529" pin=0"/></net>

<net id="545"><net_src comp="144" pin="0"/><net_sink comp="533" pin=0"/></net>

<net id="546"><net_src comp="146" pin="0"/><net_sink comp="533" pin=2"/></net>

<net id="547"><net_src comp="146" pin="0"/><net_sink comp="533" pin=4"/></net>

<net id="548"><net_src comp="146" pin="0"/><net_sink comp="533" pin=6"/></net>

<net id="549"><net_src comp="146" pin="0"/><net_sink comp="533" pin=8"/></net>

<net id="553"><net_src comp="533" pin="10"/><net_sink comp="550" pin=0"/></net>

<net id="554"><net_src comp="550" pin="1"/><net_sink comp="156" pin=2"/></net>

<net id="558"><net_src comp="199" pin="1"/><net_sink comp="555" pin=0"/></net>

<net id="559"><net_src comp="555" pin="1"/><net_sink comp="163" pin=1"/></net>

<net id="563"><net_src comp="203" pin="4"/><net_sink comp="560" pin=0"/></net>

<net id="564"><net_src comp="560" pin="1"/><net_sink comp="163" pin=2"/></net>

<net id="568"><net_src comp="213" pin="4"/><net_sink comp="565" pin=0"/></net>

<net id="569"><net_src comp="565" pin="1"/><net_sink comp="163" pin=3"/></net>

<net id="573"><net_src comp="223" pin="4"/><net_sink comp="570" pin=0"/></net>

<net id="574"><net_src comp="570" pin="1"/><net_sink comp="163" pin=4"/></net>

<net id="578"><net_src comp="233" pin="4"/><net_sink comp="575" pin=0"/></net>

<net id="579"><net_src comp="575" pin="1"/><net_sink comp="163" pin=5"/></net>

<net id="583"><net_src comp="243" pin="4"/><net_sink comp="580" pin=0"/></net>

<net id="584"><net_src comp="580" pin="1"/><net_sink comp="163" pin=6"/></net>

<net id="588"><net_src comp="253" pin="4"/><net_sink comp="585" pin=0"/></net>

<net id="589"><net_src comp="585" pin="1"/><net_sink comp="163" pin=7"/></net>

<net id="593"><net_src comp="263" pin="4"/><net_sink comp="590" pin=0"/></net>

<net id="594"><net_src comp="590" pin="1"/><net_sink comp="163" pin=8"/></net>

<net id="598"><net_src comp="273" pin="4"/><net_sink comp="595" pin=0"/></net>

<net id="599"><net_src comp="595" pin="1"/><net_sink comp="163" pin=9"/></net>

<net id="603"><net_src comp="283" pin="4"/><net_sink comp="600" pin=0"/></net>

<net id="604"><net_src comp="600" pin="1"/><net_sink comp="163" pin=10"/></net>

<net id="608"><net_src comp="293" pin="4"/><net_sink comp="605" pin=0"/></net>

<net id="609"><net_src comp="605" pin="1"/><net_sink comp="163" pin=11"/></net>

<net id="613"><net_src comp="303" pin="4"/><net_sink comp="610" pin=0"/></net>

<net id="614"><net_src comp="610" pin="1"/><net_sink comp="163" pin=12"/></net>

<net id="618"><net_src comp="313" pin="4"/><net_sink comp="615" pin=0"/></net>

<net id="619"><net_src comp="615" pin="1"/><net_sink comp="163" pin=13"/></net>

<net id="623"><net_src comp="323" pin="4"/><net_sink comp="620" pin=0"/></net>

<net id="624"><net_src comp="620" pin="1"/><net_sink comp="163" pin=14"/></net>

<net id="628"><net_src comp="333" pin="4"/><net_sink comp="625" pin=0"/></net>

<net id="629"><net_src comp="625" pin="1"/><net_sink comp="163" pin=15"/></net>

<net id="633"><net_src comp="343" pin="4"/><net_sink comp="630" pin=0"/></net>

<net id="634"><net_src comp="630" pin="1"/><net_sink comp="163" pin=16"/></net>

<net id="638"><net_src comp="353" pin="4"/><net_sink comp="635" pin=0"/></net>

<net id="639"><net_src comp="635" pin="1"/><net_sink comp="163" pin=17"/></net>

<net id="643"><net_src comp="363" pin="4"/><net_sink comp="640" pin=0"/></net>

<net id="644"><net_src comp="640" pin="1"/><net_sink comp="163" pin=18"/></net>

<net id="648"><net_src comp="373" pin="4"/><net_sink comp="645" pin=0"/></net>

<net id="649"><net_src comp="645" pin="1"/><net_sink comp="163" pin=19"/></net>

<net id="653"><net_src comp="383" pin="4"/><net_sink comp="650" pin=0"/></net>

<net id="654"><net_src comp="650" pin="1"/><net_sink comp="163" pin=20"/></net>

<net id="658"><net_src comp="393" pin="4"/><net_sink comp="655" pin=0"/></net>

<net id="659"><net_src comp="655" pin="1"/><net_sink comp="163" pin=21"/></net>

<net id="663"><net_src comp="403" pin="4"/><net_sink comp="660" pin=0"/></net>

<net id="664"><net_src comp="660" pin="1"/><net_sink comp="163" pin=22"/></net>

<net id="668"><net_src comp="413" pin="4"/><net_sink comp="665" pin=0"/></net>

<net id="669"><net_src comp="665" pin="1"/><net_sink comp="163" pin=23"/></net>

<net id="673"><net_src comp="423" pin="4"/><net_sink comp="670" pin=0"/></net>

<net id="674"><net_src comp="670" pin="1"/><net_sink comp="163" pin=24"/></net>

<net id="678"><net_src comp="433" pin="4"/><net_sink comp="675" pin=0"/></net>

<net id="679"><net_src comp="675" pin="1"/><net_sink comp="163" pin=25"/></net>

<net id="683"><net_src comp="443" pin="4"/><net_sink comp="680" pin=0"/></net>

<net id="684"><net_src comp="680" pin="1"/><net_sink comp="163" pin=26"/></net>

<net id="688"><net_src comp="453" pin="4"/><net_sink comp="685" pin=0"/></net>

<net id="689"><net_src comp="685" pin="1"/><net_sink comp="163" pin=27"/></net>

<net id="693"><net_src comp="463" pin="4"/><net_sink comp="690" pin=0"/></net>

<net id="694"><net_src comp="690" pin="1"/><net_sink comp="163" pin=28"/></net>

<net id="698"><net_src comp="473" pin="4"/><net_sink comp="695" pin=0"/></net>

<net id="699"><net_src comp="695" pin="1"/><net_sink comp="163" pin=29"/></net>

<net id="703"><net_src comp="483" pin="4"/><net_sink comp="700" pin=0"/></net>

<net id="704"><net_src comp="700" pin="1"/><net_sink comp="163" pin=30"/></net>

<net id="708"><net_src comp="493" pin="4"/><net_sink comp="705" pin=0"/></net>

<net id="709"><net_src comp="705" pin="1"/><net_sink comp="163" pin=31"/></net>

<net id="713"><net_src comp="503" pin="4"/><net_sink comp="710" pin=0"/></net>

<net id="714"><net_src comp="710" pin="1"/><net_sink comp="163" pin=32"/></net>

<net id="718"><net_src comp="513" pin="1"/><net_sink comp="715" pin=0"/></net>

<net id="719"><net_src comp="715" pin="1"/><net_sink comp="533" pin=9"/></net>

<net id="723"><net_src comp="517" pin="1"/><net_sink comp="720" pin=0"/></net>

<net id="724"><net_src comp="720" pin="1"/><net_sink comp="533" pin=7"/></net>

<net id="728"><net_src comp="521" pin="1"/><net_sink comp="725" pin=0"/></net>

<net id="729"><net_src comp="725" pin="1"/><net_sink comp="533" pin=5"/></net>

<net id="733"><net_src comp="525" pin="1"/><net_sink comp="730" pin=0"/></net>

<net id="734"><net_src comp="730" pin="1"/><net_sink comp="533" pin=3"/></net>

<net id="738"><net_src comp="529" pin="1"/><net_sink comp="735" pin=0"/></net>

<net id="739"><net_src comp="735" pin="1"/><net_sink comp="533" pin=1"/></net>

</net_list>

</model> 
---------------- Datapath Model END ------------------

* FSMD analyzer results:
  - Output states:
	Port: stream_out0_layer8_out | {4 }
 - Input state : 
	Port: dense<array<ap_fixed,32u>,array<ap_fixed<38,18,5,3,0>,5u>,config8> : layer7_out | {1 }
  - Chain level:
	State 1
	State 2
	State 3
		res : 1
		res_32 : 1
		res_33 : 1
		res_34 : 1
		res_35 : 1
	State 4
		zext_ln77 : 1
		write_ln77 : 2


============================================================
+ Verbose Summary: Datapath Resource usage 
============================================================

* Functional unit list:
|----------|-----------------------------------------------------------------------------|---------|---------|---------|
| Operation|                               Functional Unit                               |   DSP   |    FF   |   LUT   |
|----------|-----------------------------------------------------------------------------|---------|---------|---------|
|   call   | grp_dense_latency_ap_fixed_16_6_5_3_0_ap_fixed_38_18_5_3_0_config8_s_fu_163 |   134   |   852   |   4370  |
|----------|-----------------------------------------------------------------------------|---------|---------|---------|
|   read   |                         layer7_out_read_read_fu_150                         |    0    |    0    |    0    |
|----------|-----------------------------------------------------------------------------|---------|---------|---------|
|   write  |                           write_ln77_write_fu_156                           |    0    |    0    |    0    |
|----------|-----------------------------------------------------------------------------|---------|---------|---------|
|   trunc  |                                 data_fu_199                                 |    0    |    0    |    0    |
|----------|-----------------------------------------------------------------------------|---------|---------|---------|
|          |                                data_93_fu_203                               |    0    |    0    |    0    |
|          |                                data_63_fu_213                               |    0    |    0    |    0    |
|          |                                data_64_fu_223                               |    0    |    0    |    0    |
|          |                                data_65_fu_233                               |    0    |    0    |    0    |
|          |                                data_66_fu_243                               |    0    |    0    |    0    |
|          |                                data_67_fu_253                               |    0    |    0    |    0    |
|          |                                data_68_fu_263                               |    0    |    0    |    0    |
|          |                                data_69_fu_273                               |    0    |    0    |    0    |
|          |                                data_70_fu_283                               |    0    |    0    |    0    |
|          |                                data_71_fu_293                               |    0    |    0    |    0    |
|          |                                data_72_fu_303                               |    0    |    0    |    0    |
|          |                                data_73_fu_313                               |    0    |    0    |    0    |
|          |                                data_74_fu_323                               |    0    |    0    |    0    |
|          |                                data_75_fu_333                               |    0    |    0    |    0    |
|          |                                data_76_fu_343                               |    0    |    0    |    0    |
|partselect|                                data_77_fu_353                               |    0    |    0    |    0    |
|          |                                data_78_fu_363                               |    0    |    0    |    0    |
|          |                                data_79_fu_373                               |    0    |    0    |    0    |
|          |                                data_80_fu_383                               |    0    |    0    |    0    |
|          |                                data_81_fu_393                               |    0    |    0    |    0    |
|          |                                data_82_fu_403                               |    0    |    0    |    0    |
|          |                                data_83_fu_413                               |    0    |    0    |    0    |
|          |                                data_84_fu_423                               |    0    |    0    |    0    |
|          |                                data_85_fu_433                               |    0    |    0    |    0    |
|          |                                data_86_fu_443                               |    0    |    0    |    0    |
|          |                                data_87_fu_453                               |    0    |    0    |    0    |
|          |                                data_88_fu_463                               |    0    |    0    |    0    |
|          |                                data_89_fu_473                               |    0    |    0    |    0    |
|          |                                data_90_fu_483                               |    0    |    0    |    0    |
|          |                                data_91_fu_493                               |    0    |    0    |    0    |
|          |                                data_92_fu_503                               |    0    |    0    |    0    |
|----------|-----------------------------------------------------------------------------|---------|---------|---------|
|          |                                  res_fu_513                                 |    0    |    0    |    0    |
|          |                                res_32_fu_517                                |    0    |    0    |    0    |
|extractvalue|                                res_33_fu_521                                |    0    |    0    |    0    |
|          |                                res_34_fu_525                                |    0    |    0    |    0    |
|          |                                res_35_fu_529                                |    0    |    0    |    0    |
|----------|-----------------------------------------------------------------------------|---------|---------|---------|
|bitconcatenate|                                 tmp_i_fu_533                                |    0    |    0    |    0    |
|----------|-----------------------------------------------------------------------------|---------|---------|---------|
|   zext   |                               zext_ln77_fu_550                              |    0    |    0    |    0    |
|----------|-----------------------------------------------------------------------------|---------|---------|---------|
|   Total  |                                                                             |   134   |   852   |   4370  |
|----------|-----------------------------------------------------------------------------|---------|---------|---------|

Memories:
N/A

* Register list:
+---------------+--------+
|               |   FF   |
+---------------+--------+
|data_63_reg_565|   16   |
|data_64_reg_570|   16   |
|data_65_reg_575|   16   |
|data_66_reg_580|   16   |
|data_67_reg_585|   16   |
|data_68_reg_590|   16   |
|data_69_reg_595|   16   |
|data_70_reg_600|   16   |
|data_71_reg_605|   16   |
|data_72_reg_610|   16   |
|data_73_reg_615|   16   |
|data_74_reg_620|   16   |
|data_75_reg_625|   16   |
|data_76_reg_630|   16   |
|data_77_reg_635|   16   |
|data_78_reg_640|   16   |
|data_79_reg_645|   16   |
|data_80_reg_650|   16   |
|data_81_reg_655|   16   |
|data_82_reg_660|   16   |
|data_83_reg_665|   16   |
|data_84_reg_670|   16   |
|data_85_reg_675|   16   |
|data_86_reg_680|   16   |
|data_87_reg_685|   16   |
|data_88_reg_690|   16   |
|data_89_reg_695|   16   |
|data_90_reg_700|   16   |
|data_91_reg_705|   16   |
|data_92_reg_710|   16   |
|data_93_reg_560|   16   |
|  data_reg_555 |   16   |
| res_32_reg_720|   38   |
| res_33_reg_725|   38   |
| res_34_reg_730|   38   |
| res_35_reg_735|   38   |
|  res_reg_715  |   38   |
+---------------+--------+
|     Total     |   702  |
+---------------+--------+

* Multiplexer (MUX) list: 
|--------|------|------|------|--------|
|  Comp  |  Pin | Size |  BW  | S x BW |
|--------|------|------|------|--------|
|  Total |      |      |      |    0   |
|--------|------|------|------|--------|



* Summary:
+-----------+--------+--------+--------+
|           |   DSP  |   FF   |   LUT  |
+-----------+--------+--------+--------+
|  Function |   134  |   852  |  4370  |
|   Memory  |    -   |    -   |    -   |
|Multiplexer|    -   |    -   |    -   |
|  Register |    -   |   702  |    -   |
+-----------+--------+--------+--------+
|   Total   |   134  |  1554  |  4370  |
+-----------+--------+--------+--------+
