/work/development/jettag/jet_baseline/the_baseline/hls4ml_prj_acc=0.7677_withoutSoftmax_VU_DA_bitfile/vitis_workspace/myproject/vitis_unified_project/hls/.autopilot/db/myproject.pp.0.cpp:29286:5: remark: Added loop label VITIS_LOOP_676_1:   [xilinx-label-all-loops]
    for (unsigned i = low; i != high+1; ++i) {
    ^
    VITIS_LOOP_676_1: 
/work/development/jettag/jet_baseline/the_baseline/hls4ml_prj_acc=0.7677_withoutSoftmax_VU_DA_bitfile/vitis_workspace/myproject/vitis_unified_project/hls/.autopilot/db/myproject.pp.0.cpp:29286:5: note: FIX-IT applied suggested code changes
/work/development/jettag/jet_baseline/the_baseline/hls4ml_prj_acc=0.7677_withoutSoftmax_VU_DA_bitfile/vitis_workspace/myproject/vitis_unified_project/hls/.autopilot/db/myproject.pp.0.cpp:29300:5: remark: Added loop label VITIS_LOOP_690_1:   [xilinx-label-all-loops]
    for (unsigned i = low; i != high+1; ++i) {
    ^
    VITIS_LOOP_690_1: 
/work/development/jettag/jet_baseline/the_baseline/hls4ml_prj_acc=0.7677_withoutSoftmax_VU_DA_bitfile/vitis_workspace/myproject/vitis_unified_project/hls/.autopilot/db/myproject.pp.0.cpp:29300:5: note: FIX-IT applied suggested code changes
/work/development/jettag/jet_baseline/the_baseline/hls4ml_prj_acc=0.7677_withoutSoftmax_VU_DA_bitfile/vitis_workspace/myproject/vitis_unified_project/hls/.autopilot/db/myproject.pp.0.cpp:29314:5: remark: Added loop label VITIS_LOOP_704_1:   [xilinx-label-all-loops]
    for (unsigned i = low; i != high+1; ++i) {
    ^
    VITIS_LOOP_704_1: 
/work/development/jettag/jet_baseline/the_baseline/hls4ml_prj_acc=0.7677_withoutSoftmax_VU_DA_bitfile/vitis_workspace/myproject/vitis_unified_project/hls/.autopilot/db/myproject.pp.0.cpp:29314:5: note: FIX-IT applied suggested code changes
/work/development/jettag/jet_baseline/the_baseline/hls4ml_prj_acc=0.7677_withoutSoftmax_VU_DA_bitfile/vitis_workspace/myproject/vitis_unified_project/hls/.autopilot/db/myproject.pp.0.cpp:32791:7: remark: Added loop label VITIS_LOOP_1251_1:   [xilinx-label-all-loops]
      for (i = 0; i < __N - 1; ++i) {
      ^
      VITIS_LOOP_1251_1: 
/work/development/jettag/jet_baseline/the_baseline/hls4ml_prj_acc=0.7677_withoutSoftmax_VU_DA_bitfile/vitis_workspace/myproject/vitis_unified_project/hls/.autopilot/db/myproject.pp.0.cpp:32791:7: note: FIX-IT applied suggested code changes
/work/development/jettag/jet_baseline/the_baseline/hls4ml_prj_acc=0.7677_withoutSoftmax_VU_DA_bitfile/vitis_workspace/myproject/vitis_unified_project/hls/.autopilot/db/myproject.pp.0.cpp:47621:9: remark: Added loop label VITIS_LOOP_27_1:   [xilinx-label-all-loops]
        for (unsigned i = 0; i < N; i++) {
        ^
        VITIS_LOOP_27_1: 
/work/development/jettag/jet_baseline/the_baseline/hls4ml_prj_acc=0.7677_withoutSoftmax_VU_DA_bitfile/vitis_workspace/myproject/vitis_unified_project/hls/.autopilot/db/myproject.pp.0.cpp:47621:9: note: FIX-IT applied suggested code changes
/work/development/jettag/jet_baseline/the_baseline/hls4ml_prj_acc=0.7677_withoutSoftmax_VU_DA_bitfile/vitis_workspace/myproject/vitis_unified_project/hls/.autopilot/db/myproject.pp.0.cpp:47633:9: remark: Added loop label VITIS_LOOP_39_1:   [xilinx-label-all-loops]
        for (unsigned i = 0; i < N; i++) {
        ^
        VITIS_LOOP_39_1: 
/work/development/jettag/jet_baseline/the_baseline/hls4ml_prj_acc=0.7677_withoutSoftmax_VU_DA_bitfile/vitis_workspace/myproject/vitis_unified_project/hls/.autopilot/db/myproject.pp.0.cpp:47633:9: note: FIX-IT applied suggested code changes
/work/development/jettag/jet_baseline/the_baseline/hls4ml_prj_acc=0.7677_withoutSoftmax_VU_DA_bitfile/vitis_workspace/myproject/vitis_unified_project/hls/.autopilot/db/myproject.pp.0.cpp:47650:9: remark: Added loop label VITIS_LOOP_56_1:   [xilinx-label-all-loops]
        for (size_t i = 0; i < N; i++) {
        ^
        VITIS_LOOP_56_1: 
/work/development/jettag/jet_baseline/the_baseline/hls4ml_prj_acc=0.7677_withoutSoftmax_VU_DA_bitfile/vitis_workspace/myproject/vitis_unified_project/hls/.autopilot/db/myproject.pp.0.cpp:47650:9: note: FIX-IT applied suggested code changes
/work/development/jettag/jet_baseline/the_baseline/hls4ml_prj_acc=0.7677_withoutSoftmax_VU_DA_bitfile/vitis_workspace/myproject/vitis_unified_project/hls/.autopilot/db/myproject.pp.0.cpp:59800:5: remark: Added loop label VITIS_LOOP_297_1:   [xilinx-label-all-loops]
    for (typename std::vector<src_T>::const_iterator i = in_begin; i != in_end; ++i) {
    ^
    VITIS_LOOP_297_1: 
/work/development/jettag/jet_baseline/the_baseline/hls4ml_prj_acc=0.7677_withoutSoftmax_VU_DA_bitfile/vitis_workspace/myproject/vitis_unified_project/hls/.autopilot/db/myproject.pp.0.cpp:59800:5: note: FIX-IT applied suggested code changes
/work/development/jettag/jet_baseline/the_baseline/hls4ml_prj_acc=0.7677_withoutSoftmax_VU_DA_bitfile/vitis_workspace/myproject/vitis_unified_project/hls/.autopilot/db/myproject.pp.0.cpp:59810:5: remark: Added loop label VITIS_LOOP_307_1:   [xilinx-label-all-loops]
    for (auto i = 0; i < SIZE; i++)
    ^
    VITIS_LOOP_307_1: 
/work/development/jettag/jet_baseline/the_baseline/hls4ml_prj_acc=0.7677_withoutSoftmax_VU_DA_bitfile/vitis_workspace/myproject/vitis_unified_project/hls/.autopilot/db/myproject.pp.0.cpp:59810:5: note: FIX-IT applied suggested code changes
/work/development/jettag/jet_baseline/the_baseline/hls4ml_prj_acc=0.7677_withoutSoftmax_VU_DA_bitfile/vitis_workspace/myproject/vitis_unified_project/hls/.autopilot/db/myproject.pp.0.cpp:59823:5: remark: Added loop label VITIS_LOOP_320_1:   [xilinx-label-all-loops]
    for (int i = 0; i < SIZE; i++) {
    ^
    VITIS_LOOP_320_1: 
/work/development/jettag/jet_baseline/the_baseline/hls4ml_prj_acc=0.7677_withoutSoftmax_VU_DA_bitfile/vitis_workspace/myproject/vitis_unified_project/hls/.autopilot/db/myproject.pp.0.cpp:59823:5: note: FIX-IT applied suggested code changes
/work/development/jettag/jet_baseline/the_baseline/hls4ml_prj_acc=0.7677_withoutSoftmax_VU_DA_bitfile/vitis_workspace/myproject/vitis_unified_project/hls/.autopilot/db/myproject.pp.0.cpp:59833:5: remark: Added loop label VITIS_LOOP_330_1:   [xilinx-label-all-loops]
    for (int i = 0; i < SIZE; i++) {
    ^
    VITIS_LOOP_330_1: 
/work/development/jettag/jet_baseline/the_baseline/hls4ml_prj_acc=0.7677_withoutSoftmax_VU_DA_bitfile/vitis_workspace/myproject/vitis_unified_project/hls/.autopilot/db/myproject.pp.0.cpp:59833:5: note: FIX-IT applied suggested code changes
/work/development/jettag/jet_baseline/the_baseline/hls4ml_prj_acc=0.7677_withoutSoftmax_VU_DA_bitfile/vitis_workspace/myproject/vitis_unified_project/hls/.autopilot/db/myproject.pp.0.cpp:59840:5: remark: Added loop label VITIS_LOOP_337_1:   [xilinx-label-all-loops]
    for (int i = 0; i < SIZE / res_T::size; i++) {
    ^
    VITIS_LOOP_337_1: 
/work/development/jettag/jet_baseline/the_baseline/hls4ml_prj_acc=0.7677_withoutSoftmax_VU_DA_bitfile/vitis_workspace/myproject/vitis_unified_project/hls/.autopilot/db/myproject.pp.0.cpp:59840:5: note: FIX-IT applied suggested code changes
/work/development/jettag/jet_baseline/the_baseline/hls4ml_prj_acc=0.7677_withoutSoftmax_VU_DA_bitfile/vitis_workspace/myproject/vitis_unified_project/hls/.autopilot/db/myproject.pp.0.cpp:59842:9: remark: Added loop label VITIS_LOOP_339_2:   [xilinx-label-all-loops]
        for (int j = 0; j < res_T::size; j++) {
        ^
        VITIS_LOOP_339_2: 
/work/development/jettag/jet_baseline/the_baseline/hls4ml_prj_acc=0.7677_withoutSoftmax_VU_DA_bitfile/vitis_workspace/myproject/vitis_unified_project/hls/.autopilot/db/myproject.pp.0.cpp:59842:9: note: FIX-IT applied suggested code changes
/work/development/jettag/jet_baseline/the_baseline/hls4ml_prj_acc=0.7677_withoutSoftmax_VU_DA_bitfile/vitis_workspace/myproject/vitis_unified_project/hls/.autopilot/db/myproject.pp.0.cpp:59854:5: remark: Added loop label VITIS_LOOP_351_1:   [xilinx-label-all-loops]
    for (int i = 0; i < SIZE / data_T::size; i++) {
    ^
    VITIS_LOOP_351_1: 
/work/development/jettag/jet_baseline/the_baseline/hls4ml_prj_acc=0.7677_withoutSoftmax_VU_DA_bitfile/vitis_workspace/myproject/vitis_unified_project/hls/.autopilot/db/myproject.pp.0.cpp:59854:5: note: FIX-IT applied suggested code changes
/work/development/jettag/jet_baseline/the_baseline/hls4ml_prj_acc=0.7677_withoutSoftmax_VU_DA_bitfile/vitis_workspace/myproject/vitis_unified_project/hls/.autopilot/db/myproject.pp.0.cpp:59856:9: remark: Added loop label VITIS_LOOP_353_2:   [xilinx-label-all-loops]
        for (int j = 0; j < data_T::size; j++) {
        ^
        VITIS_LOOP_353_2: 
/work/development/jettag/jet_baseline/the_baseline/hls4ml_prj_acc=0.7677_withoutSoftmax_VU_DA_bitfile/vitis_workspace/myproject/vitis_unified_project/hls/.autopilot/db/myproject.pp.0.cpp:59856:9: note: FIX-IT applied suggested code changes
/work/development/jettag/jet_baseline/the_baseline/hls4ml_prj_acc=0.7677_withoutSoftmax_VU_DA_bitfile/vitis_workspace/myproject/vitis_unified_project/hls/.autopilot/db/myproject.pp.0.cpp:59864:5: remark: Added loop label VITIS_LOOP_361_1:   [xilinx-label-all-loops]
    for (int i = 0; i < SIZE; i++) {
    ^
    VITIS_LOOP_361_1: 
/work/development/jettag/jet_baseline/the_baseline/hls4ml_prj_acc=0.7677_withoutSoftmax_VU_DA_bitfile/vitis_workspace/myproject/vitis_unified_project/hls/.autopilot/db/myproject.pp.0.cpp:59864:5: note: FIX-IT applied suggested code changes
/work/development/jettag/jet_baseline/the_baseline/hls4ml_prj_acc=0.7677_withoutSoftmax_VU_DA_bitfile/vitis_workspace/myproject/vitis_unified_project/hls/.autopilot/db/myproject.pp.0.cpp:59880:5: remark: Added loop label VITIS_LOOP_377_1:   [xilinx-label-all-loops]
    for (int ii = 0; ii < nrows; ii++) {
    ^
    VITIS_LOOP_377_1: 
/work/development/jettag/jet_baseline/the_baseline/hls4ml_prj_acc=0.7677_withoutSoftmax_VU_DA_bitfile/vitis_workspace/myproject/vitis_unified_project/hls/.autopilot/db/myproject.pp.0.cpp:59880:5: note: FIX-IT applied suggested code changes
/work/development/jettag/jet_baseline/the_baseline/hls4ml_prj_acc=0.7677_withoutSoftmax_VU_DA_bitfile/vitis_workspace/myproject/vitis_unified_project/hls/.autopilot/db/myproject.pp.0.cpp:59900:5: remark: Added loop label VITIS_LOOP_397_1:   [xilinx-label-all-loops]
    for (int ii = 0; ii < nrows; ii++) {
    ^
    VITIS_LOOP_397_1: 
/work/development/jettag/jet_baseline/the_baseline/hls4ml_prj_acc=0.7677_withoutSoftmax_VU_DA_bitfile/vitis_workspace/myproject/vitis_unified_project/hls/.autopilot/db/myproject.pp.0.cpp:59900:5: note: FIX-IT applied suggested code changes
/work/development/jettag/jet_baseline/the_baseline/hls4ml_prj_acc=0.7677_withoutSoftmax_VU_DA_bitfile/vitis_workspace/myproject/vitis_unified_project/hls/.autopilot/db/myproject.pp.0.cpp:59901:9: remark: Added loop label VITIS_LOOP_398_2:   [xilinx-label-all-loops]
        for (int jj = 0; jj < ncols; jj++) {
        ^
        VITIS_LOOP_398_2: 
/work/development/jettag/jet_baseline/the_baseline/hls4ml_prj_acc=0.7677_withoutSoftmax_VU_DA_bitfile/vitis_workspace/myproject/vitis_unified_project/hls/.autopilot/db/myproject.pp.0.cpp:59901:9: note: FIX-IT applied suggested code changes
/work/development/jettag/jet_baseline/the_baseline/hls4ml_prj_acc=0.7677_withoutSoftmax_VU_DA_bitfile/vitis_workspace/myproject/vitis_unified_project/hls/.autopilot/db/myproject.pp.0.cpp:59916:5: remark: Added loop label VITIS_LOOP_413_1:   [xilinx-label-all-loops]
    for (int ii = 0; ii < N_IN; ii++) {
    ^
    VITIS_LOOP_413_1: 
/work/development/jettag/jet_baseline/the_baseline/hls4ml_prj_acc=0.7677_withoutSoftmax_VU_DA_bitfile/vitis_workspace/myproject/vitis_unified_project/hls/.autopilot/db/myproject.pp.0.cpp:59916:5: note: FIX-IT applied suggested code changes
/work/development/jettag/jet_baseline/the_baseline/hls4ml_prj_acc=0.7677_withoutSoftmax_VU_DA_bitfile/vitis_workspace/myproject/vitis_unified_project/hls/.autopilot/db/myproject.pp.0.cpp:59923:5: remark: Added loop label VITIS_LOOP_420_1:   [xilinx-label-all-loops]
    for (int ii = 0; ii < N_IN; ii++) {
    ^
    VITIS_LOOP_420_1: 
/work/development/jettag/jet_baseline/the_baseline/hls4ml_prj_acc=0.7677_withoutSoftmax_VU_DA_bitfile/vitis_workspace/myproject/vitis_unified_project/hls/.autopilot/db/myproject.pp.0.cpp:59923:5: note: FIX-IT applied suggested code changes
/work/development/jettag/jet_baseline/the_baseline/hls4ml_prj_acc=0.7677_withoutSoftmax_VU_DA_bitfile/vitis_workspace/myproject/vitis_unified_project/hls/.autopilot/db/myproject.pp.0.cpp:60233:5: remark: Added loop label VITIS_LOOP_136_1:   [xilinx-label-all-loops]
    for (int ii = 0; ii < CONFIG_T::out_width / CONFIG_T::n_partitions; ii++) {
    ^
    VITIS_LOOP_136_1: 
/work/development/jettag/jet_baseline/the_baseline/hls4ml_prj_acc=0.7677_withoutSoftmax_VU_DA_bitfile/vitis_workspace/myproject/vitis_unified_project/hls/.autopilot/db/myproject.pp.0.cpp:60233:5: note: FIX-IT applied suggested code changes
/work/development/jettag/jet_baseline/the_baseline/hls4ml_prj_acc=0.7677_withoutSoftmax_VU_DA_bitfile/vitis_workspace/myproject/vitis_unified_project/hls/.autopilot/db/myproject.pp.0.cpp:60234:9: remark: Added loop label VITIS_LOOP_137_2:   [xilinx-label-all-loops]
        for (int ff = 0; ff < CONFIG_T::n_filt; ff++) {
        ^
        VITIS_LOOP_137_2: 
/work/development/jettag/jet_baseline/the_baseline/hls4ml_prj_acc=0.7677_withoutSoftmax_VU_DA_bitfile/vitis_workspace/myproject/vitis_unified_project/hls/.autopilot/db/myproject.pp.0.cpp:60234:9: note: FIX-IT applied suggested code changes
/work/development/jettag/jet_baseline/the_baseline/hls4ml_prj_acc=0.7677_withoutSoftmax_VU_DA_bitfile/vitis_workspace/myproject/vitis_unified_project/hls/.autopilot/db/myproject.pp.0.cpp:60255:5: remark: Added loop label VITIS_LOOP_158_3:   [xilinx-label-all-loops]
    for (int ii = 0; ii < CONFIG_T::out_width / CONFIG_T::n_partitions; ii++) {
    ^
    VITIS_LOOP_158_3: 
/work/development/jettag/jet_baseline/the_baseline/hls4ml_prj_acc=0.7677_withoutSoftmax_VU_DA_bitfile/vitis_workspace/myproject/vitis_unified_project/hls/.autopilot/db/myproject.pp.0.cpp:60255:5: note: FIX-IT applied suggested code changes
/work/development/jettag/jet_baseline/the_baseline/hls4ml_prj_acc=0.7677_withoutSoftmax_VU_DA_bitfile/vitis_workspace/myproject/vitis_unified_project/hls/.autopilot/db/myproject.pp.0.cpp:60256:9: remark: Added loop label VITIS_LOOP_159_4:   [xilinx-label-all-loops]
        for (int ff = 0; ff < CONFIG_T::n_filt; ff++) {
        ^
        VITIS_LOOP_159_4: 
/work/development/jettag/jet_baseline/the_baseline/hls4ml_prj_acc=0.7677_withoutSoftmax_VU_DA_bitfile/vitis_workspace/myproject/vitis_unified_project/hls/.autopilot/db/myproject.pp.0.cpp:60256:9: note: FIX-IT applied suggested code changes
/work/development/jettag/jet_baseline/the_baseline/hls4ml_prj_acc=0.7677_withoutSoftmax_VU_DA_bitfile/vitis_workspace/myproject/vitis_unified_project/hls/.autopilot/db/myproject.pp.0.cpp:60403:5: remark: Added loop label VITIS_LOOP_31_1:   [xilinx-label-all-loops]
    for (int ii = 0; ii < CONFIG_T::n_in; ii++) {
    ^
    VITIS_LOOP_31_1: 
/work/development/jettag/jet_baseline/the_baseline/hls4ml_prj_acc=0.7677_withoutSoftmax_VU_DA_bitfile/vitis_workspace/myproject/vitis_unified_project/hls/.autopilot/db/myproject.pp.0.cpp:60403:5: note: FIX-IT applied suggested code changes
/work/development/jettag/jet_baseline/the_baseline/hls4ml_prj_acc=0.7677_withoutSoftmax_VU_DA_bitfile/vitis_workspace/myproject/vitis_unified_project/hls/.autopilot/db/myproject.pp.0.cpp:60415:5: remark: Added loop label VITIS_LOOP_43_1:   [xilinx-label-all-loops]
    for (int ii = 0; ii < CONFIG_T::n_in; ii++) {
    ^
    VITIS_LOOP_43_1: 
/work/development/jettag/jet_baseline/the_baseline/hls4ml_prj_acc=0.7677_withoutSoftmax_VU_DA_bitfile/vitis_workspace/myproject/vitis_unified_project/hls/.autopilot/db/myproject.pp.0.cpp:60415:5: note: FIX-IT applied suggested code changes
/work/development/jettag/jet_baseline/the_baseline/hls4ml_prj_acc=0.7677_withoutSoftmax_VU_DA_bitfile/vitis_workspace/myproject/vitis_unified_project/hls/.autopilot/db/myproject.pp.0.cpp:60429:5: remark: Added loop label VITIS_LOOP_57_1:   [xilinx-label-all-loops]
    for (int ii = 0; ii < CONFIG_T::n_in; ii++) {
    ^
    VITIS_LOOP_57_1: 
/work/development/jettag/jet_baseline/the_baseline/hls4ml_prj_acc=0.7677_withoutSoftmax_VU_DA_bitfile/vitis_workspace/myproject/vitis_unified_project/hls/.autopilot/db/myproject.pp.0.cpp:60429:5: note: FIX-IT applied suggested code changes
/work/development/jettag/jet_baseline/the_baseline/hls4ml_prj_acc=0.7677_withoutSoftmax_VU_DA_bitfile/vitis_workspace/myproject/vitis_unified_project/hls/.autopilot/db/myproject.pp.0.cpp:60456:5: remark: Added loop label VITIS_LOOP_84_1:   [xilinx-label-all-loops]
    for (int ii = 0; ii < N_TABLE; ii++) {
    ^
    VITIS_LOOP_84_1: 
/work/development/jettag/jet_baseline/the_baseline/hls4ml_prj_acc=0.7677_withoutSoftmax_VU_DA_bitfile/vitis_workspace/myproject/vitis_unified_project/hls/.autopilot/db/myproject.pp.0.cpp:60456:5: note: FIX-IT applied suggested code changes
/work/development/jettag/jet_baseline/the_baseline/hls4ml_prj_acc=0.7677_withoutSoftmax_VU_DA_bitfile/vitis_workspace/myproject/vitis_unified_project/hls/.autopilot/db/myproject.pp.0.cpp:60486:5: remark: Added loop label VITIS_LOOP_114_1:   [xilinx-label-all-loops]
    for (int ii = 0; ii < CONFIG_T::n_in; ii++) {
    ^
    VITIS_LOOP_114_1: 
/work/development/jettag/jet_baseline/the_baseline/hls4ml_prj_acc=0.7677_withoutSoftmax_VU_DA_bitfile/vitis_workspace/myproject/vitis_unified_project/hls/.autopilot/db/myproject.pp.0.cpp:60486:5: note: FIX-IT applied suggested code changes
/work/development/jettag/jet_baseline/the_baseline/hls4ml_prj_acc=0.7677_withoutSoftmax_VU_DA_bitfile/vitis_workspace/myproject/vitis_unified_project/hls/.autopilot/db/myproject.pp.0.cpp:60523:5: remark: Added loop label VITIS_LOOP_151_1:   [xilinx-label-all-loops]
    for (unsigned i = 0; i < CONFIG_T::exp_table_size; i++) {
    ^
    VITIS_LOOP_151_1: 
/work/development/jettag/jet_baseline/the_baseline/hls4ml_prj_acc=0.7677_withoutSoftmax_VU_DA_bitfile/vitis_workspace/myproject/vitis_unified_project/hls/.autopilot/db/myproject.pp.0.cpp:60523:5: note: FIX-IT applied suggested code changes
/work/development/jettag/jet_baseline/the_baseline/hls4ml_prj_acc=0.7677_withoutSoftmax_VU_DA_bitfile/vitis_workspace/myproject/vitis_unified_project/hls/.autopilot/db/myproject.pp.0.cpp:60539:5: remark: Added loop label VITIS_LOOP_167_1:   [xilinx-label-all-loops]
    for (unsigned i = 0; i < CONFIG_T::inv_table_size; i++) {
    ^
    VITIS_LOOP_167_1: 
/work/development/jettag/jet_baseline/the_baseline/hls4ml_prj_acc=0.7677_withoutSoftmax_VU_DA_bitfile/vitis_workspace/myproject/vitis_unified_project/hls/.autopilot/db/myproject.pp.0.cpp:60539:5: note: FIX-IT applied suggested code changes
/work/development/jettag/jet_baseline/the_baseline/hls4ml_prj_acc=0.7677_withoutSoftmax_VU_DA_bitfile/vitis_workspace/myproject/vitis_unified_project/hls/.autopilot/db/myproject.pp.0.cpp:60572:5: remark: Added loop label VITIS_LOOP_200_1:   [xilinx-label-all-loops]
    for (unsigned i = 0; i < CONFIG_T::n_slice; i++) {
    ^
    VITIS_LOOP_200_1: 
/work/development/jettag/jet_baseline/the_baseline/hls4ml_prj_acc=0.7677_withoutSoftmax_VU_DA_bitfile/vitis_workspace/myproject/vitis_unified_project/hls/.autopilot/db/myproject.pp.0.cpp:60572:5: note: FIX-IT applied suggested code changes
/work/development/jettag/jet_baseline/the_baseline/hls4ml_prj_acc=0.7677_withoutSoftmax_VU_DA_bitfile/vitis_workspace/myproject/vitis_unified_project/hls/.autopilot/db/myproject.pp.0.cpp:60585:5: remark: Added loop label VITIS_LOOP_213_2:   [xilinx-label-all-loops]
    for (unsigned i = 0; i < CONFIG_T::n_slice; i++) {
    ^
    VITIS_LOOP_213_2: 
/work/development/jettag/jet_baseline/the_baseline/hls4ml_prj_acc=0.7677_withoutSoftmax_VU_DA_bitfile/vitis_workspace/myproject/vitis_unified_project/hls/.autopilot/db/myproject.pp.0.cpp:60585:5: note: FIX-IT applied suggested code changes
/work/development/jettag/jet_baseline/the_baseline/hls4ml_prj_acc=0.7677_withoutSoftmax_VU_DA_bitfile/vitis_workspace/myproject/vitis_unified_project/hls/.autopilot/db/myproject.pp.0.cpp:60618:5: remark: Added loop label VITIS_LOOP_246_1:   [xilinx-label-all-loops]
    for (unsigned i = 0; i < CONFIG_T::n_slice; i++) {
    ^
    VITIS_LOOP_246_1: 
/work/development/jettag/jet_baseline/the_baseline/hls4ml_prj_acc=0.7677_withoutSoftmax_VU_DA_bitfile/vitis_workspace/myproject/vitis_unified_project/hls/.autopilot/db/myproject.pp.0.cpp:60618:5: note: FIX-IT applied suggested code changes
/work/development/jettag/jet_baseline/the_baseline/hls4ml_prj_acc=0.7677_withoutSoftmax_VU_DA_bitfile/vitis_workspace/myproject/vitis_unified_project/hls/.autopilot/db/myproject.pp.0.cpp:60627:5: remark: Added loop label VITIS_LOOP_255_2:   [xilinx-label-all-loops]
    for (unsigned i = 0; i < CONFIG_T::n_slice; i++) {
    ^
    VITIS_LOOP_255_2: 
/work/development/jettag/jet_baseline/the_baseline/hls4ml_prj_acc=0.7677_withoutSoftmax_VU_DA_bitfile/vitis_workspace/myproject/vitis_unified_project/hls/.autopilot/db/myproject.pp.0.cpp:60627:5: note: FIX-IT applied suggested code changes
/work/development/jettag/jet_baseline/the_baseline/hls4ml_prj_acc=0.7677_withoutSoftmax_VU_DA_bitfile/vitis_workspace/myproject/vitis_unified_project/hls/.autopilot/db/myproject.pp.0.cpp:60640:5: remark: Added loop label VITIS_LOOP_268_3:   [xilinx-label-all-loops]
    for (unsigned i = 0; i < CONFIG_T::n_slice; i++) {
    ^
    VITIS_LOOP_268_3: 
/work/development/jettag/jet_baseline/the_baseline/hls4ml_prj_acc=0.7677_withoutSoftmax_VU_DA_bitfile/vitis_workspace/myproject/vitis_unified_project/hls/.autopilot/db/myproject.pp.0.cpp:60640:5: note: FIX-IT applied suggested code changes
/work/development/jettag/jet_baseline/the_baseline/hls4ml_prj_acc=0.7677_withoutSoftmax_VU_DA_bitfile/vitis_workspace/myproject/vitis_unified_project/hls/.autopilot/db/myproject.pp.0.cpp:60647:5: remark: Added loop label VITIS_LOOP_275_1:   [xilinx-label-all-loops]
    for (int ii = 0; ii < N_TABLE; ii++) {
    ^
    VITIS_LOOP_275_1: 
/work/development/jettag/jet_baseline/the_baseline/hls4ml_prj_acc=0.7677_withoutSoftmax_VU_DA_bitfile/vitis_workspace/myproject/vitis_unified_project/hls/.autopilot/db/myproject.pp.0.cpp:60647:5: note: FIX-IT applied suggested code changes
/work/development/jettag/jet_baseline/the_baseline/hls4ml_prj_acc=0.7677_withoutSoftmax_VU_DA_bitfile/vitis_workspace/myproject/vitis_unified_project/hls/.autopilot/db/myproject.pp.0.cpp:60660:5: remark: Added loop label VITIS_LOOP_288_1:   [xilinx-label-all-loops]
    for (int ii = 0; ii < N_TABLE; ii++) {
    ^
    VITIS_LOOP_288_1: 
/work/development/jettag/jet_baseline/the_baseline/hls4ml_prj_acc=0.7677_withoutSoftmax_VU_DA_bitfile/vitis_workspace/myproject/vitis_unified_project/hls/.autopilot/db/myproject.pp.0.cpp:60660:5: note: FIX-IT applied suggested code changes
/work/development/jettag/jet_baseline/the_baseline/hls4ml_prj_acc=0.7677_withoutSoftmax_VU_DA_bitfile/vitis_workspace/myproject/vitis_unified_project/hls/.autopilot/db/myproject.pp.0.cpp:60697:5: remark: Added loop label VITIS_LOOP_325_1:   [xilinx-label-all-loops]
    for (int ii = 0; ii < CONFIG_T::n_slice; ii++) {
    ^
    VITIS_LOOP_325_1: 
/work/development/jettag/jet_baseline/the_baseline/hls4ml_prj_acc=0.7677_withoutSoftmax_VU_DA_bitfile/vitis_workspace/myproject/vitis_unified_project/hls/.autopilot/db/myproject.pp.0.cpp:60697:5: note: FIX-IT applied suggested code changes
/work/development/jettag/jet_baseline/the_baseline/hls4ml_prj_acc=0.7677_withoutSoftmax_VU_DA_bitfile/vitis_workspace/myproject/vitis_unified_project/hls/.autopilot/db/myproject.pp.0.cpp:60702:5: remark: Added loop label VITIS_LOOP_330_2:   [xilinx-label-all-loops]
    for (int ii = 0; ii < CONFIG_T::n_slice; ii++) {
    ^
    VITIS_LOOP_330_2: 
/work/development/jettag/jet_baseline/the_baseline/hls4ml_prj_acc=0.7677_withoutSoftmax_VU_DA_bitfile/vitis_workspace/myproject/vitis_unified_project/hls/.autopilot/db/myproject.pp.0.cpp:60702:5: note: FIX-IT applied suggested code changes
/work/development/jettag/jet_baseline/the_baseline/hls4ml_prj_acc=0.7677_withoutSoftmax_VU_DA_bitfile/vitis_workspace/myproject/vitis_unified_project/hls/.autopilot/db/myproject.pp.0.cpp:60703:9: remark: Added loop label VITIS_LOOP_331_3:   [xilinx-label-all-loops]
        for (int jj = 0; jj < CONFIG_T::n_slice; jj++) {
        ^
        VITIS_LOOP_331_3: 
/work/development/jettag/jet_baseline/the_baseline/hls4ml_prj_acc=0.7677_withoutSoftmax_VU_DA_bitfile/vitis_workspace/myproject/vitis_unified_project/hls/.autopilot/db/myproject.pp.0.cpp:60703:9: note: FIX-IT applied suggested code changes
/work/development/jettag/jet_baseline/the_baseline/hls4ml_prj_acc=0.7677_withoutSoftmax_VU_DA_bitfile/vitis_workspace/myproject/vitis_unified_project/hls/.autopilot/db/myproject.pp.0.cpp:60720:5: remark: Added loop label VITIS_LOOP_348_4:   [xilinx-label-all-loops]
    for (int ii = 0; ii < CONFIG_T::n_slice; ii++) {
    ^
    VITIS_LOOP_348_4: 
/work/development/jettag/jet_baseline/the_baseline/hls4ml_prj_acc=0.7677_withoutSoftmax_VU_DA_bitfile/vitis_workspace/myproject/vitis_unified_project/hls/.autopilot/db/myproject.pp.0.cpp:60720:5: note: FIX-IT applied suggested code changes
/work/development/jettag/jet_baseline/the_baseline/hls4ml_prj_acc=0.7677_withoutSoftmax_VU_DA_bitfile/vitis_workspace/myproject/vitis_unified_project/hls/.autopilot/db/myproject.pp.0.cpp:60733:5: remark: Added loop label VITIS_LOOP_361_1:   [xilinx-label-all-loops]
    for (int i = 0; i < CONFIG_T::n_slice; i++) {
    ^
    VITIS_LOOP_361_1: 
/work/development/jettag/jet_baseline/the_baseline/hls4ml_prj_acc=0.7677_withoutSoftmax_VU_DA_bitfile/vitis_workspace/myproject/vitis_unified_project/hls/.autopilot/db/myproject.pp.0.cpp:60733:5: note: FIX-IT applied suggested code changes
/work/development/jettag/jet_baseline/the_baseline/hls4ml_prj_acc=0.7677_withoutSoftmax_VU_DA_bitfile/vitis_workspace/myproject/vitis_unified_project/hls/.autopilot/db/myproject.pp.0.cpp:60741:5: remark: Added loop label VITIS_LOOP_369_2:   [xilinx-label-all-loops]
    for (int i = 1; i < CONFIG_T::n_slice; i++) {
    ^
    VITIS_LOOP_369_2: 
/work/development/jettag/jet_baseline/the_baseline/hls4ml_prj_acc=0.7677_withoutSoftmax_VU_DA_bitfile/vitis_workspace/myproject/vitis_unified_project/hls/.autopilot/db/myproject.pp.0.cpp:60741:5: note: FIX-IT applied suggested code changes
/work/development/jettag/jet_baseline/the_baseline/hls4ml_prj_acc=0.7677_withoutSoftmax_VU_DA_bitfile/vitis_workspace/myproject/vitis_unified_project/hls/.autopilot/db/myproject.pp.0.cpp:60777:5: remark: Added loop label VITIS_LOOP_405_1:   [xilinx-label-all-loops]
    for (signed i = 0; i < CONFIG_T::n_outer; i++) {
    ^
    VITIS_LOOP_405_1: 
/work/development/jettag/jet_baseline/the_baseline/hls4ml_prj_acc=0.7677_withoutSoftmax_VU_DA_bitfile/vitis_workspace/myproject/vitis_unified_project/hls/.autopilot/db/myproject.pp.0.cpp:60777:5: note: FIX-IT applied suggested code changes
/work/development/jettag/jet_baseline/the_baseline/hls4ml_prj_acc=0.7677_withoutSoftmax_VU_DA_bitfile/vitis_workspace/myproject/vitis_unified_project/hls/.autopilot/db/myproject.pp.0.cpp:60779:9: remark: Added loop label VITIS_LOOP_407_2:   [xilinx-label-all-loops]
        for (signed k = 0; k < CONFIG_T::n_inner; k++) {
        ^
        VITIS_LOOP_407_2: 
/work/development/jettag/jet_baseline/the_baseline/hls4ml_prj_acc=0.7677_withoutSoftmax_VU_DA_bitfile/vitis_workspace/myproject/vitis_unified_project/hls/.autopilot/db/myproject.pp.0.cpp:60779:9: note: FIX-IT applied suggested code changes
/work/development/jettag/jet_baseline/the_baseline/hls4ml_prj_acc=0.7677_withoutSoftmax_VU_DA_bitfile/vitis_workspace/myproject/vitis_unified_project/hls/.autopilot/db/myproject.pp.0.cpp:60781:13: remark: Added loop label VITIS_LOOP_409_3:   [xilinx-label-all-loops]
            for (signed j = 0; j < CONFIG_T::n_slice; j++) {
            ^
            VITIS_LOOP_409_3: 
/work/development/jettag/jet_baseline/the_baseline/hls4ml_prj_acc=0.7677_withoutSoftmax_VU_DA_bitfile/vitis_workspace/myproject/vitis_unified_project/hls/.autopilot/db/myproject.pp.0.cpp:60781:13: note: FIX-IT applied suggested code changes
/work/development/jettag/jet_baseline/the_baseline/hls4ml_prj_acc=0.7677_withoutSoftmax_VU_DA_bitfile/vitis_workspace/myproject/vitis_unified_project/hls/.autopilot/db/myproject.pp.0.cpp:60786:13: remark: Added loop label VITIS_LOOP_414_4:   [xilinx-label-all-loops]
            for (signed j = 0; j < CONFIG_T::n_slice; j++) {
            ^
            VITIS_LOOP_414_4: 
/work/development/jettag/jet_baseline/the_baseline/hls4ml_prj_acc=0.7677_withoutSoftmax_VU_DA_bitfile/vitis_workspace/myproject/vitis_unified_project/hls/.autopilot/db/myproject.pp.0.cpp:60786:13: note: FIX-IT applied suggested code changes
/work/development/jettag/jet_baseline/the_baseline/hls4ml_prj_acc=0.7677_withoutSoftmax_VU_DA_bitfile/vitis_workspace/myproject/vitis_unified_project/hls/.autopilot/db/myproject.pp.0.cpp:60799:5: remark: Added loop label VITIS_LOOP_427_1:   [xilinx-label-all-loops]
    for (int ii = 0; ii < N_TABLE; ii++) {
    ^
    VITIS_LOOP_427_1: 
/work/development/jettag/jet_baseline/the_baseline/hls4ml_prj_acc=0.7677_withoutSoftmax_VU_DA_bitfile/vitis_workspace/myproject/vitis_unified_project/hls/.autopilot/db/myproject.pp.0.cpp:60799:5: note: FIX-IT applied suggested code changes
/work/development/jettag/jet_baseline/the_baseline/hls4ml_prj_acc=0.7677_withoutSoftmax_VU_DA_bitfile/vitis_workspace/myproject/vitis_unified_project/hls/.autopilot/db/myproject.pp.0.cpp:60829:5: remark: Added loop label VITIS_LOOP_457_1:   [xilinx-label-all-loops]
    for (int ii = 0; ii < CONFIG_T::n_in; ii++) {
    ^
    VITIS_LOOP_457_1: 
/work/development/jettag/jet_baseline/the_baseline/hls4ml_prj_acc=0.7677_withoutSoftmax_VU_DA_bitfile/vitis_workspace/myproject/vitis_unified_project/hls/.autopilot/db/myproject.pp.0.cpp:60829:5: note: FIX-IT applied suggested code changes
/work/development/jettag/jet_baseline/the_baseline/hls4ml_prj_acc=0.7677_withoutSoftmax_VU_DA_bitfile/vitis_workspace/myproject/vitis_unified_project/hls/.autopilot/db/myproject.pp.0.cpp:60856:5: remark: Added loop label VITIS_LOOP_484_1:   [xilinx-label-all-loops]
    for (int ii = 0; ii < CONFIG_T::n_in; ii++) {
    ^
    VITIS_LOOP_484_1: 
/work/development/jettag/jet_baseline/the_baseline/hls4ml_prj_acc=0.7677_withoutSoftmax_VU_DA_bitfile/vitis_workspace/myproject/vitis_unified_project/hls/.autopilot/db/myproject.pp.0.cpp:60856:5: note: FIX-IT applied suggested code changes
/work/development/jettag/jet_baseline/the_baseline/hls4ml_prj_acc=0.7677_withoutSoftmax_VU_DA_bitfile/vitis_workspace/myproject/vitis_unified_project/hls/.autopilot/db/myproject.pp.0.cpp:60870:5: remark: Added loop label VITIS_LOOP_498_1:   [xilinx-label-all-loops]
    for (int ii = 0; ii < CONFIG_T::n_in; ii++) {
    ^
    VITIS_LOOP_498_1: 
/work/development/jettag/jet_baseline/the_baseline/hls4ml_prj_acc=0.7677_withoutSoftmax_VU_DA_bitfile/vitis_workspace/myproject/vitis_unified_project/hls/.autopilot/db/myproject.pp.0.cpp:60870:5: note: FIX-IT applied suggested code changes
/work/development/jettag/jet_baseline/the_baseline/hls4ml_prj_acc=0.7677_withoutSoftmax_VU_DA_bitfile/vitis_workspace/myproject/vitis_unified_project/hls/.autopilot/db/myproject.pp.0.cpp:60886:5: remark: Added loop label VITIS_LOOP_514_1:   [xilinx-label-all-loops]
    for (int ii = 0; ii < CONFIG_T::n_in; ii++) {
    ^
    VITIS_LOOP_514_1: 
/work/development/jettag/jet_baseline/the_baseline/hls4ml_prj_acc=0.7677_withoutSoftmax_VU_DA_bitfile/vitis_workspace/myproject/vitis_unified_project/hls/.autopilot/db/myproject.pp.0.cpp:60886:5: note: FIX-IT applied suggested code changes
/work/development/jettag/jet_baseline/the_baseline/hls4ml_prj_acc=0.7677_withoutSoftmax_VU_DA_bitfile/vitis_workspace/myproject/vitis_unified_project/hls/.autopilot/db/myproject.pp.0.cpp:60904:5: remark: Added loop label VITIS_LOOP_532_1:   [xilinx-label-all-loops]
    for (int ii = 0; ii < CONFIG_T::n_in; ii++) {
    ^
    VITIS_LOOP_532_1: 
/work/development/jettag/jet_baseline/the_baseline/hls4ml_prj_acc=0.7677_withoutSoftmax_VU_DA_bitfile/vitis_workspace/myproject/vitis_unified_project/hls/.autopilot/db/myproject.pp.0.cpp:60904:5: note: FIX-IT applied suggested code changes
/work/development/jettag/jet_baseline/the_baseline/hls4ml_prj_acc=0.7677_withoutSoftmax_VU_DA_bitfile/vitis_workspace/myproject/vitis_unified_project/hls/.autopilot/db/myproject.pp.0.cpp:60921:5: remark: Added loop label VITIS_LOOP_549_1:   [xilinx-label-all-loops]
    for (int ii = 0; ii < CONFIG_T::n_in; ii++) {
    ^
    VITIS_LOOP_549_1: 
/work/development/jettag/jet_baseline/the_baseline/hls4ml_prj_acc=0.7677_withoutSoftmax_VU_DA_bitfile/vitis_workspace/myproject/vitis_unified_project/hls/.autopilot/db/myproject.pp.0.cpp:60921:5: note: FIX-IT applied suggested code changes
/work/development/jettag/jet_baseline/the_baseline/hls4ml_prj_acc=0.7677_withoutSoftmax_VU_DA_bitfile/vitis_workspace/myproject/vitis_unified_project/hls/.autopilot/db/myproject.pp.0.cpp:60938:5: remark: Added loop label VITIS_LOOP_566_1:   [xilinx-label-all-loops]
    for (int ii = 0; ii < N_TABLE; ii++) {
    ^
    VITIS_LOOP_566_1: 
/work/development/jettag/jet_baseline/the_baseline/hls4ml_prj_acc=0.7677_withoutSoftmax_VU_DA_bitfile/vitis_workspace/myproject/vitis_unified_project/hls/.autopilot/db/myproject.pp.0.cpp:60938:5: note: FIX-IT applied suggested code changes
/work/development/jettag/jet_baseline/the_baseline/hls4ml_prj_acc=0.7677_withoutSoftmax_VU_DA_bitfile/vitis_workspace/myproject/vitis_unified_project/hls/.autopilot/db/myproject.pp.0.cpp:60968:5: remark: Added loop label VITIS_LOOP_596_1:   [xilinx-label-all-loops]
    for (int ii = 0; ii < CONFIG_T::n_in; ii++) {
    ^
    VITIS_LOOP_596_1: 
/work/development/jettag/jet_baseline/the_baseline/hls4ml_prj_acc=0.7677_withoutSoftmax_VU_DA_bitfile/vitis_workspace/myproject/vitis_unified_project/hls/.autopilot/db/myproject.pp.0.cpp:60968:5: note: FIX-IT applied suggested code changes
/work/development/jettag/jet_baseline/the_baseline/hls4ml_prj_acc=0.7677_withoutSoftmax_VU_DA_bitfile/vitis_workspace/myproject/vitis_unified_project/hls/.autopilot/db/myproject.pp.0.cpp:60987:5: remark: Added loop label VITIS_LOOP_615_1:   [xilinx-label-all-loops]
    for (int ii = 0; ii < N_TABLE; ii++) {
    ^
    VITIS_LOOP_615_1: 
/work/development/jettag/jet_baseline/the_baseline/hls4ml_prj_acc=0.7677_withoutSoftmax_VU_DA_bitfile/vitis_workspace/myproject/vitis_unified_project/hls/.autopilot/db/myproject.pp.0.cpp:60987:5: note: FIX-IT applied suggested code changes
/work/development/jettag/jet_baseline/the_baseline/hls4ml_prj_acc=0.7677_withoutSoftmax_VU_DA_bitfile/vitis_workspace/myproject/vitis_unified_project/hls/.autopilot/db/myproject.pp.0.cpp:61017:5: remark: Added loop label VITIS_LOOP_645_1:   [xilinx-label-all-loops]
    for (int ii = 0; ii < CONFIG_T::n_in; ii++) {
    ^
    VITIS_LOOP_645_1: 
/work/development/jettag/jet_baseline/the_baseline/hls4ml_prj_acc=0.7677_withoutSoftmax_VU_DA_bitfile/vitis_workspace/myproject/vitis_unified_project/hls/.autopilot/db/myproject.pp.0.cpp:61017:5: note: FIX-IT applied suggested code changes
/work/development/jettag/jet_baseline/the_baseline/hls4ml_prj_acc=0.7677_withoutSoftmax_VU_DA_bitfile/vitis_workspace/myproject/vitis_unified_project/hls/.autopilot/db/myproject.pp.0.cpp:61036:5: remark: Added loop label VITIS_LOOP_664_1:   [xilinx-label-all-loops]
    for (int ii = 0; ii < N_TABLE; ii++) {
    ^
    VITIS_LOOP_664_1: 
/work/development/jettag/jet_baseline/the_baseline/hls4ml_prj_acc=0.7677_withoutSoftmax_VU_DA_bitfile/vitis_workspace/myproject/vitis_unified_project/hls/.autopilot/db/myproject.pp.0.cpp:61036:5: note: FIX-IT applied suggested code changes
/work/development/jettag/jet_baseline/the_baseline/hls4ml_prj_acc=0.7677_withoutSoftmax_VU_DA_bitfile/vitis_workspace/myproject/vitis_unified_project/hls/.autopilot/db/myproject.pp.0.cpp:61066:5: remark: Added loop label VITIS_LOOP_694_1:   [xilinx-label-all-loops]
    for (int ii = 0; ii < CONFIG_T::n_in; ii++) {
    ^
    VITIS_LOOP_694_1: 
/work/development/jettag/jet_baseline/the_baseline/hls4ml_prj_acc=0.7677_withoutSoftmax_VU_DA_bitfile/vitis_workspace/myproject/vitis_unified_project/hls/.autopilot/db/myproject.pp.0.cpp:61066:5: note: FIX-IT applied suggested code changes
/work/development/jettag/jet_baseline/the_baseline/hls4ml_prj_acc=0.7677_withoutSoftmax_VU_DA_bitfile/vitis_workspace/myproject/vitis_unified_project/hls/.autopilot/db/myproject.pp.0.cpp:61093:5: remark: Added loop label VITIS_LOOP_721_1:   [xilinx-label-all-loops]
    for (int ii = 0; ii < N_TABLE; ii++) {
    ^
    VITIS_LOOP_721_1: 
/work/development/jettag/jet_baseline/the_baseline/hls4ml_prj_acc=0.7677_withoutSoftmax_VU_DA_bitfile/vitis_workspace/myproject/vitis_unified_project/hls/.autopilot/db/myproject.pp.0.cpp:61093:5: note: FIX-IT applied suggested code changes
/work/development/jettag/jet_baseline/the_baseline/hls4ml_prj_acc=0.7677_withoutSoftmax_VU_DA_bitfile/vitis_workspace/myproject/vitis_unified_project/hls/.autopilot/db/myproject.pp.0.cpp:61121:5: remark: Added loop label VITIS_LOOP_749_1:   [xilinx-label-all-loops]
    for (int ii = 0; ii < CONFIG_T::n_in; ii++) {
    ^
    VITIS_LOOP_749_1: 
/work/development/jettag/jet_baseline/the_baseline/hls4ml_prj_acc=0.7677_withoutSoftmax_VU_DA_bitfile/vitis_workspace/myproject/vitis_unified_project/hls/.autopilot/db/myproject.pp.0.cpp:61121:5: note: FIX-IT applied suggested code changes
/work/development/jettag/jet_baseline/the_baseline/hls4ml_prj_acc=0.7677_withoutSoftmax_VU_DA_bitfile/vitis_workspace/myproject/vitis_unified_project/hls/.autopilot/db/myproject.pp.0.cpp:61151:5: remark: Added loop label VITIS_LOOP_779_1:   [xilinx-label-all-loops]
    for (int ii = 0; ii < CONFIG_T::n_in; ii++) {
    ^
    VITIS_LOOP_779_1: 
/work/development/jettag/jet_baseline/the_baseline/hls4ml_prj_acc=0.7677_withoutSoftmax_VU_DA_bitfile/vitis_workspace/myproject/vitis_unified_project/hls/.autopilot/db/myproject.pp.0.cpp:61151:5: note: FIX-IT applied suggested code changes
/work/development/jettag/jet_baseline/the_baseline/hls4ml_prj_acc=0.7677_withoutSoftmax_VU_DA_bitfile/vitis_workspace/myproject/vitis_unified_project/hls/.autopilot/db/myproject.pp.0.cpp:61180:5: remark: Added loop label VITIS_LOOP_808_1:   [xilinx-label-all-loops]
    for (int ii = 0; ii < CONFIG_T::n_in; ii++) {
    ^
    VITIS_LOOP_808_1: 
/work/development/jettag/jet_baseline/the_baseline/hls4ml_prj_acc=0.7677_withoutSoftmax_VU_DA_bitfile/vitis_workspace/myproject/vitis_unified_project/hls/.autopilot/db/myproject.pp.0.cpp:61180:5: note: FIX-IT applied suggested code changes
/work/development/jettag/jet_baseline/the_baseline/hls4ml_prj_acc=0.7677_withoutSoftmax_VU_DA_bitfile/vitis_workspace/myproject/vitis_unified_project/hls/.autopilot/db/myproject.pp.0.cpp:61200:5: remark: Added loop label VITIS_LOOP_828_1:   [xilinx-label-all-loops]
    for (int ii = 0; ii < CONFIG_T::n_in; ii++) {
    ^
    VITIS_LOOP_828_1: 
/work/development/jettag/jet_baseline/the_baseline/hls4ml_prj_acc=0.7677_withoutSoftmax_VU_DA_bitfile/vitis_workspace/myproject/vitis_unified_project/hls/.autopilot/db/myproject.pp.0.cpp:61200:5: note: FIX-IT applied suggested code changes
/work/development/jettag/jet_baseline/the_baseline/hls4ml_prj_acc=0.7677_withoutSoftmax_VU_DA_bitfile/vitis_workspace/myproject/vitis_unified_project/hls/.autopilot/db/myproject.pp.0.cpp:61445:9: remark: Added loop label VITIS_LOOP_229_1:   [xilinx-label-all-loops]
        for (int i = 0; i < N / data_T::size; i++) {
        ^
        VITIS_LOOP_229_1: 
/work/development/jettag/jet_baseline/the_baseline/hls4ml_prj_acc=0.7677_withoutSoftmax_VU_DA_bitfile/vitis_workspace/myproject/vitis_unified_project/hls/.autopilot/db/myproject.pp.0.cpp:61445:9: note: FIX-IT applied suggested code changes
/work/development/jettag/jet_baseline/the_baseline/hls4ml_prj_acc=0.7677_withoutSoftmax_VU_DA_bitfile/vitis_workspace/myproject/vitis_unified_project/hls/.autopilot/db/myproject.pp.0.cpp:61452:13: remark: Added loop label VITIS_LOOP_236_2:   [xilinx-label-all-loops]
            for (int j = 0; j < data_T::size; j++) {
            ^
            VITIS_LOOP_236_2: 
/work/development/jettag/jet_baseline/the_baseline/hls4ml_prj_acc=0.7677_withoutSoftmax_VU_DA_bitfile/vitis_workspace/myproject/vitis_unified_project/hls/.autopilot/db/myproject.pp.0.cpp:61452:13: note: FIX-IT applied suggested code changes
/work/development/jettag/jet_baseline/the_baseline/hls4ml_prj_acc=0.7677_withoutSoftmax_VU_DA_bitfile/vitis_workspace/myproject/vitis_unified_project/hls/.autopilot/db/myproject.pp.0.cpp:61461:9: remark: Added loop label VITIS_LOOP_245_3:   [xilinx-label-all-loops]
        for (int i = 0; i < N / data_T::size; i++) {
        ^
        VITIS_LOOP_245_3: 
/work/development/jettag/jet_baseline/the_baseline/hls4ml_prj_acc=0.7677_withoutSoftmax_VU_DA_bitfile/vitis_workspace/myproject/vitis_unified_project/hls/.autopilot/db/myproject.pp.0.cpp:61461:9: note: FIX-IT applied suggested code changes
/work/development/jettag/jet_baseline/the_baseline/hls4ml_prj_acc=0.7677_withoutSoftmax_VU_DA_bitfile/vitis_workspace/myproject/vitis_unified_project/hls/.autopilot/db/myproject.pp.0.cpp:61470:13: remark: Added loop label VITIS_LOOP_254_4:   [xilinx-label-all-loops]
            for (int j = 0; j < pack_diff; j++) {
            ^
            VITIS_LOOP_254_4: 
/work/development/jettag/jet_baseline/the_baseline/hls4ml_prj_acc=0.7677_withoutSoftmax_VU_DA_bitfile/vitis_workspace/myproject/vitis_unified_project/hls/.autopilot/db/myproject.pp.0.cpp:61470:13: note: FIX-IT applied suggested code changes
/work/development/jettag/jet_baseline/the_baseline/hls4ml_prj_acc=0.7677_withoutSoftmax_VU_DA_bitfile/vitis_workspace/myproject/vitis_unified_project/hls/.autopilot/db/myproject.pp.0.cpp:61474:17: remark: Added loop label VITIS_LOOP_258_5:   [xilinx-label-all-loops]
                for (int k = 0; k < res_T::size; k++) {
                ^
                VITIS_LOOP_258_5: 
/work/development/jettag/jet_baseline/the_baseline/hls4ml_prj_acc=0.7677_withoutSoftmax_VU_DA_bitfile/vitis_workspace/myproject/vitis_unified_project/hls/.autopilot/db/myproject.pp.0.cpp:61474:17: note: FIX-IT applied suggested code changes
/work/development/jettag/jet_baseline/the_baseline/hls4ml_prj_acc=0.7677_withoutSoftmax_VU_DA_bitfile/vitis_workspace/myproject/vitis_unified_project/hls/.autopilot/db/myproject.pp.0.cpp:61485:9: remark: Added loop label VITIS_LOOP_269_6:   [xilinx-label-all-loops]
        for (int i = 0; i < N / data_T::size; i++) {
        ^
        VITIS_LOOP_269_6: 
/work/development/jettag/jet_baseline/the_baseline/hls4ml_prj_acc=0.7677_withoutSoftmax_VU_DA_bitfile/vitis_workspace/myproject/vitis_unified_project/hls/.autopilot/db/myproject.pp.0.cpp:61485:9: note: FIX-IT applied suggested code changes
/work/development/jettag/jet_baseline/the_baseline/hls4ml_prj_acc=0.7677_withoutSoftmax_VU_DA_bitfile/vitis_workspace/myproject/vitis_unified_project/hls/.autopilot/db/myproject.pp.0.cpp:61489:13: remark: Added loop label VITIS_LOOP_273_7:   [xilinx-label-all-loops]
            for (int j = 0; j < data_T::size; j++) {
            ^
            VITIS_LOOP_273_7: 
/work/development/jettag/jet_baseline/the_baseline/hls4ml_prj_acc=0.7677_withoutSoftmax_VU_DA_bitfile/vitis_workspace/myproject/vitis_unified_project/hls/.autopilot/db/myproject.pp.0.cpp:61489:13: note: FIX-IT applied suggested code changes
/work/development/jettag/jet_baseline/the_baseline/hls4ml_prj_acc=0.7677_withoutSoftmax_VU_DA_bitfile/vitis_workspace/myproject/vitis_unified_project/hls/.autopilot/db/myproject.pp.0.cpp:61513:9: remark: Added loop label VITIS_LOOP_297_1:   [xilinx-label-all-loops]
        for (int j = 0; j < n_dupl; j++) {
        ^
        VITIS_LOOP_297_1: 
/work/development/jettag/jet_baseline/the_baseline/hls4ml_prj_acc=0.7677_withoutSoftmax_VU_DA_bitfile/vitis_workspace/myproject/vitis_unified_project/hls/.autopilot/db/myproject.pp.0.cpp:61513:9: note: FIX-IT applied suggested code changes
/work/development/jettag/jet_baseline/the_baseline/hls4ml_prj_acc=0.7677_withoutSoftmax_VU_DA_bitfile/vitis_workspace/myproject/vitis_unified_project/hls/.autopilot/db/myproject.pp.0.cpp:61517:13: remark: Added loop label VITIS_LOOP_301_2:   [xilinx-label-all-loops]
            for (int k = 0; k < res_T::size; k++) {
            ^
            VITIS_LOOP_301_2: 
/work/development/jettag/jet_baseline/the_baseline/hls4ml_prj_acc=0.7677_withoutSoftmax_VU_DA_bitfile/vitis_workspace/myproject/vitis_unified_project/hls/.autopilot/db/myproject.pp.0.cpp:61517:13: note: FIX-IT applied suggested code changes
/work/development/jettag/jet_baseline/the_baseline/hls4ml_prj_acc=0.7677_withoutSoftmax_VU_DA_bitfile/vitis_workspace/myproject/vitis_unified_project/hls/.autopilot/db/myproject.pp.0.cpp:61536:9: remark: Added loop label VITIS_LOOP_320_1:   [xilinx-label-all-loops]
        for (int k = 0; k < res_T::size; k++) {
        ^
        VITIS_LOOP_320_1: 
/work/development/jettag/jet_baseline/the_baseline/hls4ml_prj_acc=0.7677_withoutSoftmax_VU_DA_bitfile/vitis_workspace/myproject/vitis_unified_project/hls/.autopilot/db/myproject.pp.0.cpp:61536:9: note: FIX-IT applied suggested code changes
/work/development/jettag/jet_baseline/the_baseline/hls4ml_prj_acc=0.7677_withoutSoftmax_VU_DA_bitfile/vitis_workspace/myproject/vitis_unified_project/hls/.autopilot/db/myproject.pp.0.cpp:61760:9: remark: Added loop label VITIS_LOOP_211_1:   [xilinx-label-all-loops]
        for (unsigned j = 0; j < data_T::size; j++) {
        ^
        VITIS_LOOP_211_1: 
/work/development/jettag/jet_baseline/the_baseline/hls4ml_prj_acc=0.7677_withoutSoftmax_VU_DA_bitfile/vitis_workspace/myproject/vitis_unified_project/hls/.autopilot/db/myproject.pp.0.cpp:61760:9: note: FIX-IT applied suggested code changes
/work/development/jettag/jet_baseline/the_baseline/hls4ml_prj_acc=0.7677_withoutSoftmax_VU_DA_bitfile/vitis_workspace/myproject/vitis_unified_project/hls/.autopilot/db/myproject.pp.0.cpp:61769:9: remark: Added loop label VITIS_LOOP_220_2:   [xilinx-label-all-loops]
        for (unsigned j = 0; j < data_T::size; j++) {
        ^
        VITIS_LOOP_220_2: 
/work/development/jettag/jet_baseline/the_baseline/hls4ml_prj_acc=0.7677_withoutSoftmax_VU_DA_bitfile/vitis_workspace/myproject/vitis_unified_project/hls/.autopilot/db/myproject.pp.0.cpp:61769:9: note: FIX-IT applied suggested code changes
/work/development/jettag/jet_baseline/the_baseline/hls4ml_prj_acc=0.7677_withoutSoftmax_VU_DA_bitfile/vitis_workspace/myproject/vitis_unified_project/hls/.autopilot/db/myproject.pp.0.cpp:61874:5: remark: Added loop label VITIS_LOOP_325_1:   [xilinx-label-all-loops]
    for (int i = 0; i < CONFIG_T::n_in / res_T::size; i++) {
    ^
    VITIS_LOOP_325_1: 
/work/development/jettag/jet_baseline/the_baseline/hls4ml_prj_acc=0.7677_withoutSoftmax_VU_DA_bitfile/vitis_workspace/myproject/vitis_unified_project/hls/.autopilot/db/myproject.pp.0.cpp:61874:5: note: FIX-IT applied suggested code changes
/work/development/jettag/jet_baseline/the_baseline/hls4ml_prj_acc=0.7677_withoutSoftmax_VU_DA_bitfile/vitis_workspace/myproject/vitis_unified_project/hls/.autopilot/db/myproject.pp.0.cpp:61879:9: remark: Added loop label VITIS_LOOP_330_2:   [xilinx-label-all-loops]
        for (int i = 0; i < res_T::size; i++) {
        ^
        VITIS_LOOP_330_2: 
/work/development/jettag/jet_baseline/the_baseline/hls4ml_prj_acc=0.7677_withoutSoftmax_VU_DA_bitfile/vitis_workspace/myproject/vitis_unified_project/hls/.autopilot/db/myproject.pp.0.cpp:61879:9: note: FIX-IT applied suggested code changes
/work/development/jettag/jet_baseline/the_baseline/hls4ml_prj_acc=0.7677_withoutSoftmax_VU_DA_bitfile/vitis_workspace/myproject/vitis_unified_project/hls/.autopilot/db/myproject.pp.0.cpp:61887:9: remark: Added loop label VITIS_LOOP_338_3:   [xilinx-label-all-loops]
        for (int i = 1; i < res_T::size; i++) {
        ^
        VITIS_LOOP_338_3: 
/work/development/jettag/jet_baseline/the_baseline/hls4ml_prj_acc=0.7677_withoutSoftmax_VU_DA_bitfile/vitis_workspace/myproject/vitis_unified_project/hls/.autopilot/db/myproject.pp.0.cpp:61887:9: note: FIX-IT applied suggested code changes
/work/development/jettag/jet_baseline/the_baseline/hls4ml_prj_acc=0.7677_withoutSoftmax_VU_DA_bitfile/vitis_workspace/myproject/vitis_unified_project/hls/.autopilot/db/myproject.pp.0.cpp:62469:13: error: Resource with core_name: ROM_nP_BRAM pragma is ignored, because this core doesn't exist at all  [clang-diagnostic-error]
#pragma HLS RESOURCE variable=weights core=ROM_nP_BRAM
            ^
/work/development/jettag/jet_baseline/the_baseline/hls4ml_prj_acc=0.7677_withoutSoftmax_VU_DA_bitfile/vitis_workspace/myproject/vitis_unified_project/hls/.autopilot/db/myproject.pp.0.cpp:62543:13: error: Resource with core_name: ROM_nP_BRAM pragma is ignored, because this core doesn't exist at all  [clang-diagnostic-error]
#pragma HLS RESOURCE variable=weights core=ROM_nP_BRAM
            ^
/work/development/jettag/jet_baseline/the_baseline/hls4ml_prj_acc=0.7677_withoutSoftmax_VU_DA_bitfile/vitis_workspace/myproject/vitis_unified_project/hls/.autopilot/db/myproject.pp.0.cpp:62625:13: error: Resource with core_name: ROM_nP_BRAM pragma is ignored, because this core doesn't exist at all  [clang-diagnostic-error]
#pragma HLS RESOURCE variable=weights core=ROM_nP_BRAM
            ^
/work/development/jettag/jet_baseline/the_baseline/hls4ml_prj_acc=0.7677_withoutSoftmax_VU_DA_bitfile/vitis_workspace/myproject/vitis_unified_project/hls/.autopilot/db/myproject.pp.0.cpp:62798:5: remark: Added loop label VITIS_LOOP_14_1:   [xilinx-label-all-loops]
    for (unsigned k = 0; k < CONFIG_T::n_out; k++) {
    ^
    VITIS_LOOP_14_1: 
/work/development/jettag/jet_baseline/the_baseline/hls4ml_prj_acc=0.7677_withoutSoftmax_VU_DA_bitfile/vitis_workspace/myproject/vitis_unified_project/hls/.autopilot/db/myproject.pp.0.cpp:62798:5: note: FIX-IT applied suggested code changes
/work/development/jettag/jet_baseline/the_baseline/hls4ml_prj_acc=0.7677_withoutSoftmax_VU_DA_bitfile/vitis_workspace/myproject/vitis_unified_project/hls/.autopilot/db/myproject.pp.0.cpp:62858:9: remark: Added loop label VITIS_LOOP_74_1:   [xilinx-label-all-loops]
        for (int im = 0; im < CONFIG_T::n_out; im++) {
        ^
        VITIS_LOOP_74_1: 
/work/development/jettag/jet_baseline/the_baseline/hls4ml_prj_acc=0.7677_withoutSoftmax_VU_DA_bitfile/vitis_workspace/myproject/vitis_unified_project/hls/.autopilot/db/myproject.pp.0.cpp:62858:9: note: FIX-IT applied suggested code changes
