

================================================================
== Vitis HLS Report for 'myproject'
================================================================
* Date:           Thu May 14 18:38:00 2026

* Version:        2025.2 (Build 6295257 on Nov 14 2025)
* Project:        vitis_unified_project
* Solution:       hls (Vivado IP Flow Target)
* Product family: zynquplus
* Target device:  xck26-sfvc784-2LV-c


================================================================
== Performance Estimates
================================================================
+ Timing: 
    * Summary: 
    +--------+---------+----------+------------+
    |  Clock |  Target | Estimated| Uncertainty|
    +--------+---------+----------+------------+
    |ap_clk  |  5.00 ns|  4.268 ns|     0.62 ns|
    +--------+---------+----------+------------+

+ Latency: 
    * Summary: 
    +---------+---------+----------+----------+-----+-----+----------+
    |  Latency (cycles) |  Latency (absolute) |  Interval | Pipeline |
    |   min   |   max   |    min   |    max   | min | max |   Type   |
    +---------+---------+----------+----------+-----+-----+----------+
    |       20|       20|  0.100 us|  0.100 us|    4|    4|  dataflow|
    +---------+---------+----------+----------+-----+-----+----------+

    + Detail: 
        * Instance: 
        +---------------------------------------------------------------------------------+----------------------------------------------------------------------+---------+---------+-----------+-----------+-----+-----+---------+
        |                                                                                 |                                                                      |  Latency (cycles) |   Latency (absolute)  |  Interval | Pipeline|
        |                                     Instance                                    |                                Module                                |   min   |   max   |    min    |    max    | min | max |   Type  |
        +---------------------------------------------------------------------------------+----------------------------------------------------------------------+---------+---------+-----------+-----------+-----+-----+---------+
        |grp_dense_array_ap_fixed_16u_array_ap_fixed_37_17_5_3_0_64u_config2_s_fu_74      |dense_array_ap_fixed_16u_array_ap_fixed_37_17_5_3_0_64u_config2_s     |        2|        2|  10.000 ns|  10.000 ns|    2|    2|       no|
        |grp_relu_array_ap_fixed_64u_array_ap_fixed_16_6_5_3_0_64u_relu_config3_s_fu_81   |relu_array_ap_fixed_64u_array_ap_fixed_16_6_5_3_0_64u_relu_config3_s  |        1|        1|   5.000 ns|   5.000 ns|    1|    1|       no|
        |grp_dense_array_ap_fixed_64u_array_ap_fixed_39_19_5_3_0_32u_config4_s_fu_87      |dense_array_ap_fixed_64u_array_ap_fixed_39_19_5_3_0_32u_config4_s     |        3|        3|  15.000 ns|  15.000 ns|    3|    3|       no|
        |grp_relu_array_ap_fixed_32u_array_ap_fixed_16_6_5_3_0_32u_relu_config5_s_fu_93   |relu_array_ap_fixed_32u_array_ap_fixed_16_6_5_3_0_32u_relu_config5_s  |        1|        1|   5.000 ns|   5.000 ns|    1|    1|       no|
        |grp_dense_array_ap_fixed_32u_array_ap_fixed_38_18_5_3_0_32u_config6_s_fu_99      |dense_array_ap_fixed_32u_array_ap_fixed_38_18_5_3_0_32u_config6_s     |        3|        3|  15.000 ns|  15.000 ns|    3|    3|       no|
        |grp_relu_array_ap_fixed_32u_array_ap_fixed_16_6_5_3_0_32u_relu_config7_s_fu_105  |relu_array_ap_fixed_32u_array_ap_fixed_16_6_5_3_0_32u_relu_config7_s  |        1|        1|   5.000 ns|   5.000 ns|    1|    1|       no|
        |grp_dense_array_ap_fixed_32u_array_ap_fixed_38_18_5_3_0_5u_config8_s_fu_111      |dense_array_ap_fixed_32u_array_ap_fixed_38_18_5_3_0_5u_config8_s      |        3|        3|  15.000 ns|  15.000 ns|    3|    3|       no|
        +---------------------------------------------------------------------------------+----------------------------------------------------------------------+---------+---------+-----------+-----------+-----+-----+---------+

        * Loop: 
        N/A

============================================================
+ Verbose Summary: Synthesis Manager
============================================================
InlineROM: 1
ExposeGlobal: 0
============================================================
+ Verbose Summary: CDFG Model
============================================================
IsTopModel: 0
ResetActiveHigh: 1
IsCombinational: 2
IsDatapathOnly: 0
HasWiredReturn: 1
HasMFsm: 0
HasVarLatency: 1
IsPipeline: 0
IsRtlPipelined: 0
IsInstanceOverlapped: 0
IsDontTouch: 0
HasImplIP: 0
IsGatedGlobalClock: 0


============================================================
+ Verbose Summary: Schedule
============================================================
* Number of FSM states : 14
* Pipeline : 0
* Dataflow Pipeline: 1
  DF-Pipeline-0: Size = 14, States = { 1 2 3 4 5 6 7 8 9 10 11 12 13 14 }

* FSM state transitions: 
1 --> 2 
2 --> 3 
3 --> 4 
4 --> 5 
5 --> 6 
6 --> 7 
7 --> 8 
8 --> 9 
9 --> 10 
10 --> 11 
11 --> 12 
12 --> 13 
13 --> 14 
14 --> 

* FSM state operations: 

State 1 <SV = 0> <Delay = 0.00>
ST_1 : Operation 15 [1/1] (0.00ns)   --->   "%layer2_out = alloca i64 1" [firmware/myproject.cpp:36]   --->   Operation 15 'alloca' 'layer2_out' <Predicate = true> <Delay = 0.00> <CoreInst = "FIFO_SRL">   --->   Core 80 'FIFO_SRL' <Latency = 0> <II = 1> <Delay = 1.83> <Storage> <Opcode : 'read' 'write' 'nbread' 'nbwrite'> <Ports = 0> <Width = 2368> <Depth = 1> <FIFO>
ST_1 : Operation 16 [1/1] (0.00ns)   --->   "%layer3_out = alloca i64 1" [firmware/myproject.cpp:39]   --->   Operation 16 'alloca' 'layer3_out' <Predicate = true> <Delay = 0.00> <CoreInst = "FIFO_SRL">   --->   Core 80 'FIFO_SRL' <Latency = 0> <II = 1> <Delay = 1.83> <Storage> <Opcode : 'read' 'write' 'nbread' 'nbwrite'> <Ports = 0> <Width = 1024> <Depth = 1> <FIFO>
ST_1 : Operation 17 [1/1] (0.00ns)   --->   "%layer4_out = alloca i64 1" [firmware/myproject.cpp:42]   --->   Operation 17 'alloca' 'layer4_out' <Predicate = true> <Delay = 0.00> <CoreInst = "FIFO_SRL">   --->   Core 80 'FIFO_SRL' <Latency = 0> <II = 1> <Delay = 1.83> <Storage> <Opcode : 'read' 'write' 'nbread' 'nbwrite'> <Ports = 0> <Width = 1248> <Depth = 1> <FIFO>
ST_1 : Operation 18 [1/1] (0.00ns)   --->   "%layer5_out = alloca i64 1" [firmware/myproject.cpp:45]   --->   Operation 18 'alloca' 'layer5_out' <Predicate = true> <Delay = 0.00> <CoreInst = "FIFO_SRL">   --->   Core 80 'FIFO_SRL' <Latency = 0> <II = 1> <Delay = 1.83> <Storage> <Opcode : 'read' 'write' 'nbread' 'nbwrite'> <Ports = 0> <Width = 512> <Depth = 1> <FIFO>
ST_1 : Operation 19 [1/1] (0.00ns)   --->   "%layer6_out = alloca i64 1" [firmware/myproject.cpp:48]   --->   Operation 19 'alloca' 'layer6_out' <Predicate = true> <Delay = 0.00> <CoreInst = "FIFO_SRL">   --->   Core 80 'FIFO_SRL' <Latency = 0> <II = 1> <Delay = 1.83> <Storage> <Opcode : 'read' 'write' 'nbread' 'nbwrite'> <Ports = 0> <Width = 1216> <Depth = 1> <FIFO>
ST_1 : Operation 20 [1/1] (0.00ns)   --->   "%layer7_out = alloca i64 1" [firmware/myproject.cpp:51]   --->   Operation 20 'alloca' 'layer7_out' <Predicate = true> <Delay = 0.00> <CoreInst = "FIFO_SRL">   --->   Core 80 'FIFO_SRL' <Latency = 0> <II = 1> <Delay = 1.83> <Storage> <Opcode : 'read' 'write' 'nbread' 'nbwrite'> <Ports = 0> <Width = 512> <Depth = 1> <FIFO>
ST_1 : Operation 21 [2/2] (0.00ns)   --->   "%call_ln54 = call void @dense<array<ap_fixed,16u>,array<ap_fixed<37,17,5,3,0>,64u>,config2>, i2368 %layer2_out, i256 %stream_in0_input_layer" [firmware/myproject.cpp:54]   --->   Operation 21 'call' 'call_ln54' <Predicate = true> <Delay = 0.00> <CoreType = "Generic">   --->   Generic Core

State 2 <SV = 1> <Delay = 0.00>
ST_2 : Operation 22 [1/2] (0.00ns)   --->   "%call_ln54 = call void @dense<array<ap_fixed,16u>,array<ap_fixed<37,17,5,3,0>,64u>,config2>, i2368 %layer2_out, i256 %stream_in0_input_layer" [firmware/myproject.cpp:54]   --->   Operation 22 'call' 'call_ln54' <Predicate = true> <Delay = 0.00> <CoreType = "Generic">   --->   Generic Core

State 3 <SV = 2> <Delay = 0.00>
ST_3 : Operation 23 [2/2] (0.00ns)   --->   "%call_ln56 = call void @relu<array<ap_fixed,64u>,array<ap_fixed<16,6,5,3,0>,64u>,relu_config3>, i2368 %layer2_out, i1024 %layer3_out" [firmware/myproject.cpp:56]   --->   Operation 23 'call' 'call_ln56' <Predicate = true> <Delay = 0.00> <CoreType = "Generic">   --->   Generic Core

State 4 <SV = 3> <Delay = 0.00>
ST_4 : Operation 24 [1/2] (0.00ns)   --->   "%call_ln56 = call void @relu<array<ap_fixed,64u>,array<ap_fixed<16,6,5,3,0>,64u>,relu_config3>, i2368 %layer2_out, i1024 %layer3_out" [firmware/myproject.cpp:56]   --->   Operation 24 'call' 'call_ln56' <Predicate = true> <Delay = 0.00> <CoreType = "Generic">   --->   Generic Core

State 5 <SV = 4> <Delay = 0.00>
ST_5 : Operation 25 [2/2] (0.00ns)   --->   "%call_ln58 = call void @dense<array<ap_fixed,64u>,array<ap_fixed<39,19,5,3,0>,32u>,config4>, i1024 %layer3_out, i1248 %layer4_out" [firmware/myproject.cpp:58]   --->   Operation 25 'call' 'call_ln58' <Predicate = true> <Delay = 0.00> <CoreType = "Generic">   --->   Generic Core

State 6 <SV = 5> <Delay = 0.00>
ST_6 : Operation 26 [1/2] (0.00ns)   --->   "%call_ln58 = call void @dense<array<ap_fixed,64u>,array<ap_fixed<39,19,5,3,0>,32u>,config4>, i1024 %layer3_out, i1248 %layer4_out" [firmware/myproject.cpp:58]   --->   Operation 26 'call' 'call_ln58' <Predicate = true> <Delay = 0.00> <CoreType = "Generic">   --->   Generic Core

State 7 <SV = 6> <Delay = 0.00>
ST_7 : Operation 27 [2/2] (0.00ns)   --->   "%call_ln60 = call void @relu<array<ap_fixed,32u>,array<ap_fixed<16,6,5,3,0>,32u>,relu_config5>, i1248 %layer4_out, i512 %layer5_out" [firmware/myproject.cpp:60]   --->   Operation 27 'call' 'call_ln60' <Predicate = true> <Delay = 0.00> <CoreType = "Generic">   --->   Generic Core

State 8 <SV = 7> <Delay = 0.00>
ST_8 : Operation 28 [1/2] (0.00ns)   --->   "%call_ln60 = call void @relu<array<ap_fixed,32u>,array<ap_fixed<16,6,5,3,0>,32u>,relu_config5>, i1248 %layer4_out, i512 %layer5_out" [firmware/myproject.cpp:60]   --->   Operation 28 'call' 'call_ln60' <Predicate = true> <Delay = 0.00> <CoreType = "Generic">   --->   Generic Core

State 9 <SV = 8> <Delay = 0.00>
ST_9 : Operation 29 [2/2] (0.00ns)   --->   "%call_ln62 = call void @dense<array<ap_fixed,32u>,array<ap_fixed<38,18,5,3,0>,32u>,config6>, i512 %layer5_out, i1216 %layer6_out" [firmware/myproject.cpp:62]   --->   Operation 29 'call' 'call_ln62' <Predicate = true> <Delay = 0.00> <CoreType = "Generic">   --->   Generic Core

State 10 <SV = 9> <Delay = 0.00>
ST_10 : Operation 30 [1/2] (0.00ns)   --->   "%call_ln62 = call void @dense<array<ap_fixed,32u>,array<ap_fixed<38,18,5,3,0>,32u>,config6>, i512 %layer5_out, i1216 %layer6_out" [firmware/myproject.cpp:62]   --->   Operation 30 'call' 'call_ln62' <Predicate = true> <Delay = 0.00> <CoreType = "Generic">   --->   Generic Core

State 11 <SV = 10> <Delay = 0.00>
ST_11 : Operation 31 [2/2] (0.00ns)   --->   "%call_ln64 = call void @relu<array<ap_fixed,32u>,array<ap_fixed<16,6,5,3,0>,32u>,relu_config7>, i1216 %layer6_out, i512 %layer7_out" [firmware/myproject.cpp:64]   --->   Operation 31 'call' 'call_ln64' <Predicate = true> <Delay = 0.00> <CoreType = "Generic">   --->   Generic Core

State 12 <SV = 11> <Delay = 0.00>
ST_12 : Operation 32 [1/2] (0.00ns)   --->   "%call_ln64 = call void @relu<array<ap_fixed,32u>,array<ap_fixed<16,6,5,3,0>,32u>,relu_config7>, i1216 %layer6_out, i512 %layer7_out" [firmware/myproject.cpp:64]   --->   Operation 32 'call' 'call_ln64' <Predicate = true> <Delay = 0.00> <CoreType = "Generic">   --->   Generic Core

State 13 <SV = 12> <Delay = 0.00>
ST_13 : Operation 33 [2/2] (0.00ns)   --->   "%call_ln66 = call void @dense<array<ap_fixed,32u>,array<ap_fixed<38,18,5,3,0>,5u>,config8>, i512 %layer7_out, i320 %stream_out0_layer8_out" [firmware/myproject.cpp:66]   --->   Operation 33 'call' 'call_ln66' <Predicate = true> <Delay = 0.00> <CoreType = "Generic">   --->   Generic Core

State 14 <SV = 13> <Delay = 0.00>
ST_14 : Operation 34 [1/1] (0.00ns)   --->   "%specinterface_ln0 = specinterface void @_ssdm_op_SpecInterface, i256 %stream_in0_input_layer, void @empty_9, i32 0, i32 0, void @empty_14, i32 0, i32 0, void @empty_14, void @empty_14, void @empty_14, i32 0, i32 0, i32 0, i32 0, void @empty_14, void @empty_14, i32 4294967295, i32 0, i32 0, i32 0"   --->   Operation 34 'specinterface' 'specinterface_ln0' <Predicate = true> <Delay = 0.00>
ST_14 : Operation 35 [1/1] (0.00ns)   --->   "%specinterface_ln0 = specinterface void @_ssdm_op_SpecInterface, i256 %stream_in0_input_layer, void @empty_9, i32 0, i32 0, void @empty_14, i32 0, i32 0, void @empty_14, void @empty_14, void @empty_14, i32 0, i32 0, i32 0, i32 0, void @empty_14, void @empty_14, i32 4294967295, i32 0, i32 0, i32 0"   --->   Operation 35 'specinterface' 'specinterface_ln0' <Predicate = true> <Delay = 0.00>
ST_14 : Operation 36 [1/1] (0.00ns)   --->   "%specinterface_ln0 = specinterface void @_ssdm_op_SpecInterface, i256 %stream_in0_input_layer, void @empty_9, i32 0, i32 0, void @empty_14, i32 0, i32 0, void @empty_14, void @empty_14, void @empty_14, i32 0, i32 0, i32 0, i32 0, void @empty_14, void @empty_14, i32 4294967295, i32 0, i32 0, i32 0"   --->   Operation 36 'specinterface' 'specinterface_ln0' <Predicate = true> <Delay = 0.00>
ST_14 : Operation 37 [1/1] (0.00ns)   --->   "%specinterface_ln0 = specinterface void @_ssdm_op_SpecInterface, i320 %stream_out0_layer8_out, void @empty_9, i32 0, i32 0, void @empty_14, i32 0, i32 0, void @empty_14, void @empty_14, void @empty_14, i32 0, i32 0, i32 0, i32 0, void @empty_14, void @empty_14, i32 4294967295, i32 0, i32 0, i32 0"   --->   Operation 37 'specinterface' 'specinterface_ln0' <Predicate = true> <Delay = 0.00>
ST_14 : Operation 38 [1/1] (0.00ns)   --->   "%specinterface_ln0 = specinterface void @_ssdm_op_SpecInterface, i320 %stream_out0_layer8_out, void @empty_9, i32 0, i32 0, void @empty_14, i32 0, i32 0, void @empty_14, void @empty_14, void @empty_14, i32 0, i32 0, i32 0, i32 0, void @empty_14, void @empty_14, i32 4294967295, i32 0, i32 0, i32 0"   --->   Operation 38 'specinterface' 'specinterface_ln0' <Predicate = true> <Delay = 0.00>
ST_14 : Operation 39 [1/1] (0.00ns)   --->   "%specinterface_ln0 = specinterface void @_ssdm_op_SpecInterface, i320 %stream_out0_layer8_out, void @empty_9, i32 0, i32 0, void @empty_14, i32 0, i32 0, void @empty_14, void @empty_14, void @empty_14, i32 0, i32 0, i32 0, i32 0, void @empty_14, void @empty_14, i32 4294967295, i32 0, i32 0, i32 0"   --->   Operation 39 'specinterface' 'specinterface_ln0' <Predicate = true> <Delay = 0.00>
ST_14 : Operation 40 [1/1] (0.00ns)   --->   "%specdataflowpipeline_ln14 = specdataflowpipeline void @_ssdm_op_SpecDataflowPipeline, i32 4294967295, i32 0, void @empty_14" [firmware/myproject.cpp:14]   --->   Operation 40 'specdataflowpipeline' 'specdataflowpipeline_ln14' <Predicate = true> <Delay = 0.00>
ST_14 : Operation 41 [1/1] (0.00ns)   --->   "%empty = specchannel i32 @_ssdm_op_SpecChannel, void @layer2_out_str, i32 1, void @p_str, void @p_str, i32 1, i32 1, i2368 %layer2_out, i2368 %layer2_out"   --->   Operation 41 'specchannel' 'empty' <Predicate = true> <Delay = 0.00>
ST_14 : Operation 42 [1/1] (0.00ns)   --->   "%specinterface_ln0 = specinterface void @_ssdm_op_SpecInterface, i2368 %layer2_out, void @empty_9, i32 0, i32 0, void @empty_14, i32 0, i32 0, void @empty_14, void @empty_14, void @empty_14, i32 0, i32 0, i32 0, i32 0, void @empty_14, void @empty_14, i32 4294967295, i32 0, i32 0, i32 0"   --->   Operation 42 'specinterface' 'specinterface_ln0' <Predicate = true> <Delay = 0.00>
ST_14 : Operation 43 [1/1] (0.00ns)   --->   "%empty_87 = specchannel i32 @_ssdm_op_SpecChannel, void @layer3_out_str, i32 1, void @p_str, void @p_str, i32 1, i32 1, i1024 %layer3_out, i1024 %layer3_out"   --->   Operation 43 'specchannel' 'empty_87' <Predicate = true> <Delay = 0.00>
ST_14 : Operation 44 [1/1] (0.00ns)   --->   "%specinterface_ln0 = specinterface void @_ssdm_op_SpecInterface, i1024 %layer3_out, void @empty_9, i32 0, i32 0, void @empty_14, i32 0, i32 0, void @empty_14, void @empty_14, void @empty_14, i32 0, i32 0, i32 0, i32 0, void @empty_14, void @empty_14, i32 4294967295, i32 0, i32 0, i32 0"   --->   Operation 44 'specinterface' 'specinterface_ln0' <Predicate = true> <Delay = 0.00>
ST_14 : Operation 45 [1/1] (0.00ns)   --->   "%empty_88 = specchannel i32 @_ssdm_op_SpecChannel, void @layer4_out_str, i32 1, void @p_str, void @p_str, i32 1, i32 1, i1248 %layer4_out, i1248 %layer4_out"   --->   Operation 45 'specchannel' 'empty_88' <Predicate = true> <Delay = 0.00>
ST_14 : Operation 46 [1/1] (0.00ns)   --->   "%specinterface_ln0 = specinterface void @_ssdm_op_SpecInterface, i1248 %layer4_out, void @empty_9, i32 0, i32 0, void @empty_14, i32 0, i32 0, void @empty_14, void @empty_14, void @empty_14, i32 0, i32 0, i32 0, i32 0, void @empty_14, void @empty_14, i32 4294967295, i32 0, i32 0, i32 0"   --->   Operation 46 'specinterface' 'specinterface_ln0' <Predicate = true> <Delay = 0.00>
ST_14 : Operation 47 [1/1] (0.00ns)   --->   "%empty_89 = specchannel i32 @_ssdm_op_SpecChannel, void @layer5_out_str, i32 1, void @p_str, void @p_str, i32 1, i32 1, i512 %layer5_out, i512 %layer5_out"   --->   Operation 47 'specchannel' 'empty_89' <Predicate = true> <Delay = 0.00>
ST_14 : Operation 48 [1/1] (0.00ns)   --->   "%specinterface_ln0 = specinterface void @_ssdm_op_SpecInterface, i512 %layer5_out, void @empty_9, i32 0, i32 0, void @empty_14, i32 0, i32 0, void @empty_14, void @empty_14, void @empty_14, i32 0, i32 0, i32 0, i32 0, void @empty_14, void @empty_14, i32 4294967295, i32 0, i32 0, i32 0"   --->   Operation 48 'specinterface' 'specinterface_ln0' <Predicate = true> <Delay = 0.00>
ST_14 : Operation 49 [1/1] (0.00ns)   --->   "%empty_90 = specchannel i32 @_ssdm_op_SpecChannel, void @layer6_out_str, i32 1, void @p_str, void @p_str, i32 1, i32 1, i1216 %layer6_out, i1216 %layer6_out"   --->   Operation 49 'specchannel' 'empty_90' <Predicate = true> <Delay = 0.00>
ST_14 : Operation 50 [1/1] (0.00ns)   --->   "%specinterface_ln0 = specinterface void @_ssdm_op_SpecInterface, i1216 %layer6_out, void @empty_9, i32 0, i32 0, void @empty_14, i32 0, i32 0, void @empty_14, void @empty_14, void @empty_14, i32 0, i32 0, i32 0, i32 0, void @empty_14, void @empty_14, i32 4294967295, i32 0, i32 0, i32 0"   --->   Operation 50 'specinterface' 'specinterface_ln0' <Predicate = true> <Delay = 0.00>
ST_14 : Operation 51 [1/1] (0.00ns)   --->   "%empty_91 = specchannel i32 @_ssdm_op_SpecChannel, void @layer7_out_str, i32 1, void @p_str, void @p_str, i32 1, i32 1, i512 %layer7_out, i512 %layer7_out"   --->   Operation 51 'specchannel' 'empty_91' <Predicate = true> <Delay = 0.00>
ST_14 : Operation 52 [1/1] (0.00ns)   --->   "%specinterface_ln0 = specinterface void @_ssdm_op_SpecInterface, i512 %layer7_out, void @empty_9, i32 0, i32 0, void @empty_14, i32 0, i32 0, void @empty_14, void @empty_14, void @empty_14, i32 0, i32 0, i32 0, i32 0, void @empty_14, void @empty_14, i32 4294967295, i32 0, i32 0, i32 0"   --->   Operation 52 'specinterface' 'specinterface_ln0' <Predicate = true> <Delay = 0.00>
ST_14 : Operation 53 [1/2] (0.00ns)   --->   "%call_ln66 = call void @dense<array<ap_fixed,32u>,array<ap_fixed<38,18,5,3,0>,5u>,config8>, i512 %layer7_out, i320 %stream_out0_layer8_out" [firmware/myproject.cpp:66]   --->   Operation 53 'call' 'call_ln66' <Predicate = true> <Delay = 0.00> <CoreType = "Generic">   --->   Generic Core
ST_14 : Operation 54 [1/1] (0.00ns)   --->   "%ret_ln14 = ret" [firmware/myproject.cpp:14]   --->   Operation 54 'ret' 'ret_ln14' <Predicate = true> <Delay = 0.00>


============================================================
+ Verbose Summary: Binding
============================================================
STG Binding: 
---------------- STG Properties BEGIN ----------------
- Is combinational: 0
- Is one-state seq: 0
- Is datapath-only: 0
- Is pipelined: 0
- Is top level: 0
Port [ Return ] is wired: 1; IO mode=ap_ctrl_hs:ce=0
Port [ stream_in0_input_layer]:  wired=1; compound=1; hidden=0; nouse=0; global=1; static=1; extern=0; dir=0; type=3; pingpong=0; private_global=0; IO mode=ap_fifo:ce=0
Port [ stream_out0_layer8_out]:  wired=1; compound=1; hidden=0; nouse=0; global=1; static=1; extern=0; dir=1; type=3; pingpong=0; private_global=0; IO mode=ap_fifo:ce=0
---------------- STG Properties END ------------------

---------------- Datapath Model BEGIN ----------------

<LifeTime>
<method=bitvector/>
layer2_out                (alloca              ) [ 011111111111111]
layer3_out                (alloca              ) [ 001111111111111]
layer4_out                (alloca              ) [ 001111111111111]
layer5_out                (alloca              ) [ 001111111111111]
layer6_out                (alloca              ) [ 001111111111111]
layer7_out                (alloca              ) [ 001111111111111]
call_ln54                 (call                ) [ 000000000000000]
call_ln56                 (call                ) [ 000000000000000]
call_ln58                 (call                ) [ 000000000000000]
call_ln60                 (call                ) [ 000000000000000]
call_ln62                 (call                ) [ 000000000000000]
call_ln64                 (call                ) [ 000000000000000]
specinterface_ln0         (specinterface       ) [ 000000000000000]
specinterface_ln0         (specinterface       ) [ 000000000000000]
specinterface_ln0         (specinterface       ) [ 000000000000000]
specinterface_ln0         (specinterface       ) [ 000000000000000]
specinterface_ln0         (specinterface       ) [ 000000000000000]
specinterface_ln0         (specinterface       ) [ 000000000000000]
specdataflowpipeline_ln14 (specdataflowpipeline) [ 000000000000000]
empty                     (specchannel         ) [ 000000000000000]
specinterface_ln0         (specinterface       ) [ 000000000000000]
empty_87                  (specchannel         ) [ 000000000000000]
specinterface_ln0         (specinterface       ) [ 000000000000000]
empty_88                  (specchannel         ) [ 000000000000000]
specinterface_ln0         (specinterface       ) [ 000000000000000]
empty_89                  (specchannel         ) [ 000000000000000]
specinterface_ln0         (specinterface       ) [ 000000000000000]
empty_90                  (specchannel         ) [ 000000000000000]
specinterface_ln0         (specinterface       ) [ 000000000000000]
empty_91                  (specchannel         ) [ 000000000000000]
specinterface_ln0         (specinterface       ) [ 000000000000000]
call_ln66                 (call                ) [ 000000000000000]
ret_ln14                  (ret                 ) [ 000000000000000]
</LifeTime>

<model>

<comp_list>
<comp id="0" class="1000" name="stream_in0_input_layer">
<pin_list>
<pin id="1" dir="1" index="0" bw="1" slack="0"/>
</pin_list>
<bind>
<StgValue><ssdm name="stream_in0_input_layer"/></StgValue>
</bind>
</comp>

<comp id="2" class="1000" name="stream_out0_layer8_out">
<pin_list>
<pin id="3" dir="1" index="0" bw="1" slack="0"/>
</pin_list>
<bind>
<StgValue><ssdm name="stream_out0_layer8_out"/></StgValue>
</bind>
</comp>

<comp id="4" class="1001" name="const_4">
<pin_list>
<pin id="5" dir="1" index="0" bw="1" slack="0"/>
</pin_list>
<bind>
<StgValue><ssdm name=""/></StgValue>
</bind>
</comp>

<comp id="6" class="1001" name="const_6">
<pin_list>
<pin id="7" dir="1" index="0" bw="1" slack="0"/>
</pin_list>
<bind>
<StgValue><ssdm name="dense<array<ap_fixed,16u>,array<ap_fixed<37,17,5,3,0>,64u>,config2>"/></StgValue>
</bind>
</comp>

<comp id="8" class="1001" name="const_8">
<pin_list>
<pin id="9" dir="1" index="0" bw="1" slack="0"/>
</pin_list>
<bind>
<StgValue><ssdm name="relu<array<ap_fixed,64u>,array<ap_fixed<16,6,5,3,0>,64u>,relu_config3>"/></StgValue>
</bind>
</comp>

<comp id="10" class="1001" name="const_10">
<pin_list>
<pin id="11" dir="1" index="0" bw="1" slack="0"/>
</pin_list>
<bind>
<StgValue><ssdm name="dense<array<ap_fixed,64u>,array<ap_fixed<39,19,5,3,0>,32u>,config4>"/></StgValue>
</bind>
</comp>

<comp id="12" class="1001" name="const_12">
<pin_list>
<pin id="13" dir="1" index="0" bw="1" slack="0"/>
</pin_list>
<bind>
<StgValue><ssdm name="relu<array<ap_fixed,32u>,array<ap_fixed<16,6,5,3,0>,32u>,relu_config5>"/></StgValue>
</bind>
</comp>

<comp id="14" class="1001" name="const_14">
<pin_list>
<pin id="15" dir="1" index="0" bw="1" slack="0"/>
</pin_list>
<bind>
<StgValue><ssdm name="dense<array<ap_fixed,32u>,array<ap_fixed<38,18,5,3,0>,32u>,config6>"/></StgValue>
</bind>
</comp>

<comp id="16" class="1001" name="const_16">
<pin_list>
<pin id="17" dir="1" index="0" bw="1" slack="0"/>
</pin_list>
<bind>
<StgValue><ssdm name="relu<array<ap_fixed,32u>,array<ap_fixed<16,6,5,3,0>,32u>,relu_config7>"/></StgValue>
</bind>
</comp>

<comp id="18" class="1001" name="const_18">
<pin_list>
<pin id="19" dir="1" index="0" bw="1" slack="0"/>
</pin_list>
<bind>
<StgValue><ssdm name="dense<array<ap_fixed,32u>,array<ap_fixed<38,18,5,3,0>,5u>,config8>"/></StgValue>
</bind>
</comp>

<comp id="20" class="1001" name="const_20">
<pin_list>
<pin id="21" dir="1" index="0" bw="1" slack="2147483647"/>
</pin_list>
<bind>
<StgValue><ssdm name="_ssdm_op_SpecInterface"/></StgValue>
</bind>
</comp>

<comp id="22" class="1001" name="const_22">
<pin_list>
<pin id="23" dir="1" index="0" bw="1" slack="2147483647"/>
</pin_list>
<bind>
<StgValue><ssdm name="empty_9"/></StgValue>
</bind>
</comp>

<comp id="24" class="1001" name="const_24">
<pin_list>
<pin id="25" dir="1" index="0" bw="1" slack="2147483647"/>
</pin_list>
<bind>
<StgValue><ssdm name=""/></StgValue>
</bind>
</comp>

<comp id="26" class="1001" name="const_26">
<pin_list>
<pin id="27" dir="1" index="0" bw="1" slack="2147483647"/>
</pin_list>
<bind>
<StgValue><ssdm name="empty_14"/></StgValue>
</bind>
</comp>

<comp id="28" class="1001" name="const_28">
<pin_list>
<pin id="29" dir="1" index="0" bw="1" slack="2147483647"/>
</pin_list>
<bind>
<StgValue><ssdm name=""/></StgValue>
</bind>
</comp>

<comp id="30" class="1001" name="const_30">
<pin_list>
<pin id="31" dir="1" index="0" bw="1" slack="2147483647"/>
</pin_list>
<bind>
<StgValue><ssdm name="_ssdm_op_SpecDataflowPipeline"/></StgValue>
</bind>
</comp>

<comp id="32" class="1001" name="const_32">
<pin_list>
<pin id="33" dir="1" index="0" bw="1" slack="2147483647"/>
</pin_list>
<bind>
<StgValue><ssdm name="_ssdm_op_SpecChannel"/></StgValue>
</bind>
</comp>

<comp id="34" class="1001" name="const_34">
<pin_list>
<pin id="35" dir="1" index="0" bw="1" slack="2147483647"/>
</pin_list>
<bind>
<StgValue><ssdm name="layer2_out_str"/></StgValue>
</bind>
</comp>

<comp id="36" class="1001" name="const_36">
<pin_list>
<pin id="37" dir="1" index="0" bw="1" slack="2147483647"/>
</pin_list>
<bind>
<StgValue><ssdm name=""/></StgValue>
</bind>
</comp>

<comp id="38" class="1001" name="const_38">
<pin_list>
<pin id="39" dir="1" index="0" bw="1" slack="2147483647"/>
</pin_list>
<bind>
<StgValue><ssdm name="p_str"/></StgValue>
</bind>
</comp>

<comp id="40" class="1001" name="const_40">
<pin_list>
<pin id="41" dir="1" index="0" bw="1" slack="2147483647"/>
</pin_list>
<bind>
<StgValue><ssdm name="layer3_out_str"/></StgValue>
</bind>
</comp>

<comp id="42" class="1001" name="const_42">
<pin_list>
<pin id="43" dir="1" index="0" bw="1" slack="2147483647"/>
</pin_list>
<bind>
<StgValue><ssdm name="layer4_out_str"/></StgValue>
</bind>
</comp>

<comp id="44" class="1001" name="const_44">
<pin_list>
<pin id="45" dir="1" index="0" bw="1" slack="2147483647"/>
</pin_list>
<bind>
<StgValue><ssdm name="layer5_out_str"/></StgValue>
</bind>
</comp>

<comp id="46" class="1001" name="const_46">
<pin_list>
<pin id="47" dir="1" index="0" bw="1" slack="2147483647"/>
</pin_list>
<bind>
<StgValue><ssdm name="layer6_out_str"/></StgValue>
</bind>
</comp>

<comp id="48" class="1001" name="const_48">
<pin_list>
<pin id="49" dir="1" index="0" bw="1" slack="2147483647"/>
</pin_list>
<bind>
<StgValue><ssdm name="layer7_out_str"/></StgValue>
</bind>
</comp>

<comp id="50" class="1004" name="layer2_out_fu_50">
<pin_list>
<pin id="51" dir="0" index="0" bw="1" slack="0"/>
<pin id="52" dir="1" index="1" bw="2368" slack="0"/>
</pin_list>
<bind>
<opcode="alloca(26) " fcode="alloca"/>
<opset="layer2_out/1 "/>
</bind>
</comp>

<comp id="54" class="1004" name="layer3_out_fu_54">
<pin_list>
<pin id="55" dir="0" index="0" bw="1" slack="0"/>
<pin id="56" dir="1" index="1" bw="1024" slack="2"/>
</pin_list>
<bind>
<opcode="alloca(26) " fcode="alloca"/>
<opset="layer3_out/1 "/>
</bind>
</comp>

<comp id="58" class="1004" name="layer4_out_fu_58">
<pin_list>
<pin id="59" dir="0" index="0" bw="1" slack="0"/>
<pin id="60" dir="1" index="1" bw="1248" slack="4"/>
</pin_list>
<bind>
<opcode="alloca(26) " fcode="alloca"/>
<opset="layer4_out/1 "/>
</bind>
</comp>

<comp id="62" class="1004" name="layer5_out_fu_62">
<pin_list>
<pin id="63" dir="0" index="0" bw="1" slack="0"/>
<pin id="64" dir="1" index="1" bw="512" slack="6"/>
</pin_list>
<bind>
<opcode="alloca(26) " fcode="alloca"/>
<opset="layer5_out/1 "/>
</bind>
</comp>

<comp id="66" class="1004" name="layer6_out_fu_66">
<pin_list>
<pin id="67" dir="0" index="0" bw="1" slack="0"/>
<pin id="68" dir="1" index="1" bw="1216" slack="8"/>
</pin_list>
<bind>
<opcode="alloca(26) " fcode="alloca"/>
<opset="layer6_out/1 "/>
</bind>
</comp>

<comp id="70" class="1004" name="layer7_out_fu_70">
<pin_list>
<pin id="71" dir="0" index="0" bw="1" slack="0"/>
<pin id="72" dir="1" index="1" bw="512" slack="10"/>
</pin_list>
<bind>
<opcode="alloca(26) " fcode="alloca"/>
<opset="layer7_out/1 "/>
</bind>
</comp>

<comp id="74" class="1004" name="grp_dense_array_ap_fixed_16u_array_ap_fixed_37_17_5_3_0_64u_config2_s_fu_74">
<pin_list>
<pin id="75" dir="0" index="0" bw="0" slack="0"/>
<pin id="76" dir="0" index="1" bw="2368" slack="0"/>
<pin id="77" dir="0" index="2" bw="256" slack="0"/>
<pin id="78" dir="1" index="3" bw="0" slack="2147483647"/>
</pin_list>
<bind>
<opcode="call(48) " fcode="call"/>
<opset="call_ln54/1 "/>
</bind>
</comp>

<comp id="81" class="1004" name="grp_relu_array_ap_fixed_64u_array_ap_fixed_16_6_5_3_0_64u_relu_config3_s_fu_81">
<pin_list>
<pin id="82" dir="0" index="0" bw="0" slack="0"/>
<pin id="83" dir="0" index="1" bw="2368" slack="2"/>
<pin id="84" dir="0" index="2" bw="1024" slack="2"/>
<pin id="85" dir="1" index="3" bw="0" slack="2147483647"/>
</pin_list>
<bind>
<opcode="call(48) " fcode="call"/>
<opset="call_ln56/3 "/>
</bind>
</comp>

<comp id="87" class="1004" name="grp_dense_array_ap_fixed_64u_array_ap_fixed_39_19_5_3_0_32u_config4_s_fu_87">
<pin_list>
<pin id="88" dir="0" index="0" bw="0" slack="0"/>
<pin id="89" dir="0" index="1" bw="1024" slack="4"/>
<pin id="90" dir="0" index="2" bw="1248" slack="4"/>
<pin id="91" dir="1" index="3" bw="0" slack="2147483647"/>
</pin_list>
<bind>
<opcode="call(48) " fcode="call"/>
<opset="call_ln58/5 "/>
</bind>
</comp>

<comp id="93" class="1004" name="grp_relu_array_ap_fixed_32u_array_ap_fixed_16_6_5_3_0_32u_relu_config5_s_fu_93">
<pin_list>
<pin id="94" dir="0" index="0" bw="0" slack="0"/>
<pin id="95" dir="0" index="1" bw="1248" slack="6"/>
<pin id="96" dir="0" index="2" bw="512" slack="6"/>
<pin id="97" dir="1" index="3" bw="0" slack="2147483647"/>
</pin_list>
<bind>
<opcode="call(48) " fcode="call"/>
<opset="call_ln60/7 "/>
</bind>
</comp>

<comp id="99" class="1004" name="grp_dense_array_ap_fixed_32u_array_ap_fixed_38_18_5_3_0_32u_config6_s_fu_99">
<pin_list>
<pin id="100" dir="0" index="0" bw="0" slack="0"/>
<pin id="101" dir="0" index="1" bw="512" slack="8"/>
<pin id="102" dir="0" index="2" bw="1216" slack="8"/>
<pin id="103" dir="1" index="3" bw="0" slack="2147483647"/>
</pin_list>
<bind>
<opcode="call(48) " fcode="call"/>
<opset="call_ln62/9 "/>
</bind>
</comp>

<comp id="105" class="1004" name="grp_relu_array_ap_fixed_32u_array_ap_fixed_16_6_5_3_0_32u_relu_config7_s_fu_105">
<pin_list>
<pin id="106" dir="0" index="0" bw="0" slack="0"/>
<pin id="107" dir="0" index="1" bw="1216" slack="10"/>
<pin id="108" dir="0" index="2" bw="512" slack="10"/>
<pin id="109" dir="1" index="3" bw="0" slack="2147483647"/>
</pin_list>
<bind>
<opcode="call(48) " fcode="call"/>
<opset="call_ln64/11 "/>
</bind>
</comp>

<comp id="111" class="1004" name="grp_dense_array_ap_fixed_32u_array_ap_fixed_38_18_5_3_0_5u_config8_s_fu_111">
<pin_list>
<pin id="112" dir="0" index="0" bw="0" slack="0"/>
<pin id="113" dir="0" index="1" bw="512" slack="12"/>
<pin id="114" dir="0" index="2" bw="320" slack="0"/>
<pin id="115" dir="1" index="3" bw="0" slack="2147483647"/>
</pin_list>
<bind>
<opcode="call(48) " fcode="call"/>
<opset="call_ln66/13 "/>
</bind>
</comp>

<comp id="118" class="1005" name="layer2_out_reg_118">
<pin_list>
<pin id="119" dir="0" index="0" bw="2368" slack="0"/>
<pin id="120" dir="1" index="1" bw="2368" slack="0"/>
</pin_list>
<bind>
<opset="layer2_out "/>
</bind>
</comp>

<comp id="124" class="1005" name="layer3_out_reg_124">
<pin_list>
<pin id="125" dir="0" index="0" bw="1024" slack="2"/>
<pin id="126" dir="1" index="1" bw="1024" slack="2"/>
</pin_list>
<bind>
<opset="layer3_out "/>
</bind>
</comp>

<comp id="130" class="1005" name="layer4_out_reg_130">
<pin_list>
<pin id="131" dir="0" index="0" bw="1248" slack="4"/>
<pin id="132" dir="1" index="1" bw="1248" slack="4"/>
</pin_list>
<bind>
<opset="layer4_out "/>
</bind>
</comp>

<comp id="136" class="1005" name="layer5_out_reg_136">
<pin_list>
<pin id="137" dir="0" index="0" bw="512" slack="6"/>
<pin id="138" dir="1" index="1" bw="512" slack="6"/>
</pin_list>
<bind>
<opset="layer5_out "/>
</bind>
</comp>

<comp id="142" class="1005" name="layer6_out_reg_142">
<pin_list>
<pin id="143" dir="0" index="0" bw="1216" slack="8"/>
<pin id="144" dir="1" index="1" bw="1216" slack="8"/>
</pin_list>
<bind>
<opset="layer6_out "/>
</bind>
</comp>

<comp id="148" class="1005" name="layer7_out_reg_148">
<pin_list>
<pin id="149" dir="0" index="0" bw="512" slack="10"/>
<pin id="150" dir="1" index="1" bw="512" slack="10"/>
</pin_list>
<bind>
<opset="layer7_out "/>
</bind>
</comp>

</comp_list>

<net_list>
<net id="53"><net_src comp="4" pin="0"/><net_sink comp="50" pin=0"/></net>

<net id="57"><net_src comp="4" pin="0"/><net_sink comp="54" pin=0"/></net>

<net id="61"><net_src comp="4" pin="0"/><net_sink comp="58" pin=0"/></net>

<net id="65"><net_src comp="4" pin="0"/><net_sink comp="62" pin=0"/></net>

<net id="69"><net_src comp="4" pin="0"/><net_sink comp="66" pin=0"/></net>

<net id="73"><net_src comp="4" pin="0"/><net_sink comp="70" pin=0"/></net>

<net id="79"><net_src comp="6" pin="0"/><net_sink comp="74" pin=0"/></net>

<net id="80"><net_src comp="0" pin="0"/><net_sink comp="74" pin=2"/></net>

<net id="86"><net_src comp="8" pin="0"/><net_sink comp="81" pin=0"/></net>

<net id="92"><net_src comp="10" pin="0"/><net_sink comp="87" pin=0"/></net>

<net id="98"><net_src comp="12" pin="0"/><net_sink comp="93" pin=0"/></net>

<net id="104"><net_src comp="14" pin="0"/><net_sink comp="99" pin=0"/></net>

<net id="110"><net_src comp="16" pin="0"/><net_sink comp="105" pin=0"/></net>

<net id="116"><net_src comp="18" pin="0"/><net_sink comp="111" pin=0"/></net>

<net id="117"><net_src comp="2" pin="0"/><net_sink comp="111" pin=2"/></net>

<net id="121"><net_src comp="50" pin="1"/><net_sink comp="118" pin=0"/></net>

<net id="122"><net_src comp="118" pin="1"/><net_sink comp="74" pin=1"/></net>

<net id="123"><net_src comp="118" pin="1"/><net_sink comp="81" pin=1"/></net>

<net id="127"><net_src comp="54" pin="1"/><net_sink comp="124" pin=0"/></net>

<net id="128"><net_src comp="124" pin="1"/><net_sink comp="81" pin=2"/></net>

<net id="129"><net_src comp="124" pin="1"/><net_sink comp="87" pin=1"/></net>

<net id="133"><net_src comp="58" pin="1"/><net_sink comp="130" pin=0"/></net>

<net id="134"><net_src comp="130" pin="1"/><net_sink comp="87" pin=2"/></net>

<net id="135"><net_src comp="130" pin="1"/><net_sink comp="93" pin=1"/></net>

<net id="139"><net_src comp="62" pin="1"/><net_sink comp="136" pin=0"/></net>

<net id="140"><net_src comp="136" pin="1"/><net_sink comp="93" pin=2"/></net>

<net id="141"><net_src comp="136" pin="1"/><net_sink comp="99" pin=1"/></net>

<net id="145"><net_src comp="66" pin="1"/><net_sink comp="142" pin=0"/></net>

<net id="146"><net_src comp="142" pin="1"/><net_sink comp="99" pin=2"/></net>

<net id="147"><net_src comp="142" pin="1"/><net_sink comp="105" pin=1"/></net>

<net id="151"><net_src comp="70" pin="1"/><net_sink comp="148" pin=0"/></net>

<net id="152"><net_src comp="148" pin="1"/><net_sink comp="105" pin=2"/></net>

<net id="153"><net_src comp="148" pin="1"/><net_sink comp="111" pin=1"/></net>

</net_list>

</model> 
---------------- Datapath Model END ------------------

* FSMD analyzer results:
  - Output states:
	Port: stream_out0_layer8_out | {13 14 }
 - Input state : 
	Port: myproject : stream_in0_input_layer | {1 2 }
  - Chain level:
	State 1
		call_ln54 : 1
	State 2
	State 3
	State 4
	State 5
	State 6
	State 7
	State 8
	State 9
	State 10
	State 11
	State 12
	State 13
	State 14


============================================================
+ Verbose Summary: Datapath Resource usage 
============================================================

* Functional unit list:
|----------|---------------------------------------------------------------------------------|---------|---------|---------|
| Operation|                                 Functional Unit                                 |   DSP   |    FF   |   LUT   |
|----------|---------------------------------------------------------------------------------|---------|---------|---------|
|          |   grp_dense_array_ap_fixed_16u_array_ap_fixed_37_17_5_3_0_64u_config2_s_fu_74   |   795   |   5315  |  28393  |
|          |  grp_relu_array_ap_fixed_64u_array_ap_fixed_16_6_5_3_0_64u_relu_config3_s_fu_81 |    0    |   1024  |   3840  |
|          |   grp_dense_array_ap_fixed_64u_array_ap_fixed_39_19_5_3_0_32u_config4_s_fu_87   |   1684  |  12345  |  56002  |
|   call   |  grp_relu_array_ap_fixed_32u_array_ap_fixed_16_6_5_3_0_32u_relu_config5_s_fu_93 |    0    |   512   |   1984  |
|          |   grp_dense_array_ap_fixed_32u_array_ap_fixed_38_18_5_3_0_32u_config6_s_fu_99   |   841   |   7162  |  27946  |
|          | grp_relu_array_ap_fixed_32u_array_ap_fixed_16_6_5_3_0_32u_relu_config7_s_fu_105 |    0    |   512   |   1952  |
|          |   grp_dense_array_ap_fixed_32u_array_ap_fixed_38_18_5_3_0_5u_config8_s_fu_111   |   134   |   1554  |   4370  |
|----------|---------------------------------------------------------------------------------|---------|---------|---------|
|   Total  |                                                                                 |   3454  |  28424  |  124487 |
|----------|---------------------------------------------------------------------------------|---------|---------|---------|

Memories:
N/A

* Register list:
+------------------+--------+
|                  |   FF   |
+------------------+--------+
|layer2_out_reg_118|  2368  |
|layer3_out_reg_124|  1024  |
|layer4_out_reg_130|  1248  |
|layer5_out_reg_136|   512  |
|layer6_out_reg_142|  1216  |
|layer7_out_reg_148|   512  |
+------------------+--------+
|       Total      |  6880  |
+------------------+--------+

* Multiplexer (MUX) list: 
|--------|------|------|------|--------|
|  Comp  |  Pin | Size |  BW  | S x BW |
|--------|------|------|------|--------|
|  Total |      |      |      |    0   |
|--------|------|------|------|--------|



* Summary:
+-----------+--------+--------+--------+
|           |   DSP  |   FF   |   LUT  |
+-----------+--------+--------+--------+
|  Function |  3454  |  28424 | 124487 |
|   Memory  |    -   |    -   |    -   |
|Multiplexer|    -   |    -   |    -   |
|  Register |    -   |  6880  |    -   |
+-----------+--------+--------+--------+
|   Total   |  3454  |  35304 | 124487 |
+-----------+--------+--------+--------+
