

================================================================
== Vitis HLS Report for 'store_result_float_array_ap_fixed_5u_Pipeline_VITIS_LOOP_29_1'
================================================================
* Date:           Thu May 14 18:38:01 2026

* Version:        2025.2 (Build 6295257 on Nov 14 2025)
* Project:        vitis_unified_project
* Solution:       hls (Vivado IP Flow Target)
* Product family: zynquplus
* Target device:  xck26-sfvc784-2LV-c


================================================================
== Performance Estimates
================================================================
+ Timing: 
    * Summary: 
    +--------+---------+----------+------------+
    |  Clock |  Target | Estimated| Uncertainty|
    +--------+---------+----------+------------+
    |ap_clk  |  5.00 ns|  4.375 ns|     0.62 ns|
    +--------+---------+----------+------------+

+ Latency: 
    * Summary: 
    +---------+---------+----------+----------+-----+-----+-------------------+
    |  Latency (cycles) |  Latency (absolute) |  Interval |      Pipeline     |
    |   min   |   max   |    min   |    max   | min | max |        Type       |
    +---------+---------+----------+----------+-----+-----+-------------------+
    |        ?|        ?|         ?|         ?|    0|    0|  loop pipeline stp|
    +---------+---------+----------+----------+-----+-----+-------------------+

    + Detail: 
        * Instance: 
        N/A

        * Loop: 
        +-------------------+---------+---------+----------+-----------+-----------+------+----------+
        |                   |  Latency (cycles) | Iteration|  Initiation Interval  | Trip |          |
        |     Loop Name     |   min   |   max   |  Latency |  achieved |   target  | Count| Pipelined|
        +-------------------+---------+---------+----------+-----------+-----------+------+----------+
        |- VITIS_LOOP_29_1  |        ?|        ?|         9|          5|          1|     ?|       yes|
        +-------------------+---------+---------+----------+-----------+-----------+------+----------+

============================================================
+ Verbose Summary: Synthesis Manager
============================================================
InlineROM: 1
ExposeGlobal: 0
============================================================
+ Verbose Summary: CDFG Model
============================================================
IsTopModel: 0
ResetActiveHigh: 1
IsCombinational: 0
IsDatapathOnly: 0
HasWiredReturn: 1
HasMFsm: 2
HasVarLatency: 1
IsPipeline: 0
IsRtlPipelined: 0
IsInstanceOverlapped: 0
IsDontTouch: 0
HasImplIP: 0
IsGatedGlobalClock: 0

+ Individual pipeline summary: 
  * Pipeline-0: initiation interval (II) = 5, depth = 9


============================================================
+ Verbose Summary: Schedule
============================================================
* Number of FSM states : 9
* Pipeline : 1
  Pipeline-0 : II = 5, D = 9, States = { 1 2 3 4 5 6 7 8 9 }
* Dataflow Pipeline: 0

* FSM state transitions: 
1 --> 2 
2 --> 3 
3 --> 4 
4 --> 5 
5 --> 6 
6 --> 7 
7 --> 8 
8 --> 9 
9 --> 

* FSM state operations: 

State 1 <SV = 0> <Delay = 1.87>
ST_1 : Operation 12 [1/1] (0.00ns)   --->   "%q = alloca i32 1"   --->   Operation 12 'alloca' 'q' <Predicate = true> <Delay = 0.00>
ST_1 : Operation 13 [1/1] (0.00ns)   --->   "%sext_ln29_read = read i62 @_ssdm_op_Read.ap_auto.i62, i62 %sext_ln29"   --->   Operation 13 'read' 'sext_ln29_read' <Predicate = true> <Delay = 0.00>
ST_1 : Operation 14 [1/1] (0.00ns)   --->   "%batch_size_1_read = read i32 @_ssdm_op_Read.ap_auto.i32, i32 %batch_size_1"   --->   Operation 14 'read' 'batch_size_1_read' <Predicate = true> <Delay = 0.00>
ST_1 : Operation 15 [1/1] (0.00ns)   --->   "%sext_ln29_cast = sext i62 %sext_ln29_read"   --->   Operation 15 'sext' 'sext_ln29_cast' <Predicate = true> <Delay = 0.00>
ST_1 : Operation 16 [1/1] (0.00ns)   --->   "%specinterface_ln0 = specinterface void @_ssdm_op_SpecInterface, i32 %gmem_out0, void @empty_15, i32 0, i32 0, void @empty_14, i32 0, i32 5, void @empty_11, void @empty_12, void @empty_14, i32 16, i32 16, i32 16, i32 16, void @empty_14, void @empty_14, i32 4294967295, i32 0, i32 0, i32 4"   --->   Operation 16 'specinterface' 'specinterface_ln0' <Predicate = true> <Delay = 0.00>
ST_1 : Operation 17 [1/1] (0.00ns)   --->   "%specinterface_ln0 = specinterface void @_ssdm_op_SpecInterface, i320 %stream_out0_layer8_out, void @empty_9, i32 0, i32 0, void @empty_14, i32 0, i32 0, void @empty_14, void @empty_14, void @empty_14, i32 0, i32 0, i32 0, i32 0, void @empty_14, void @empty_14, i32 4294967295, i32 0, i32 0, i32 0"   --->   Operation 17 'specinterface' 'specinterface_ln0' <Predicate = true> <Delay = 0.00>
ST_1 : Operation 18 [1/1] (0.42ns)   --->   "%store_ln0 = store i31 0, i31 %q"   --->   Operation 18 'store' 'store_ln0' <Predicate = true> <Delay = 0.42>
ST_1 : Operation 19 [1/1] (0.00ns)   --->   "%br_ln29 = br void %VITIS_LOOP_30_2.i" [firmware/myproject_axi_master.cpp:29]   --->   Operation 19 'br' 'br_ln29' <Predicate = true> <Delay = 0.00>
ST_1 : Operation 20 [1/1] (0.00ns)   --->   "%q_load = load i31 %q" [firmware/myproject_axi_master.cpp:29]   --->   Operation 20 'load' 'q_load' <Predicate = true> <Delay = 0.00>
ST_1 : Operation 21 [1/1] (0.00ns)   --->   "%zext_ln29 = zext i31 %q_load" [firmware/myproject_axi_master.cpp:29]   --->   Operation 21 'zext' 'zext_ln29' <Predicate = true> <Delay = 0.00>
ST_1 : Operation 22 [1/1] (1.01ns)   --->   "%icmp_ln29 = icmp_slt  i32 %zext_ln29, i32 %batch_size_1_read" [firmware/myproject_axi_master.cpp:29]   --->   Operation 22 'icmp' 'icmp_ln29' <Predicate = true> <Delay = 1.01> <CoreInst = "Cmp">   --->   Core 9 'Cmp' <Latency = 0> <II = 1> <Delay = 1.01> <FuncUnit> <Opcode : 'seteq' 'setne' 'setle' 'setge' 'setlt' 'setgt'> <InPorts = 2> <OutPorts = 1>
ST_1 : Operation 23 [1/1] (0.00ns)   --->   "%br_ln29 = br i1 %icmp_ln29, void %store_result<float, array<ap_fixed<38, 18, 5, 3, 0>, 5u> >.exit.exitStub, void %VITIS_LOOP_30_2.split.i_ifconv" [firmware/myproject_axi_master.cpp:29]   --->   Operation 23 'br' 'br_ln29' <Predicate = true> <Delay = 0.00>
ST_1 : Operation 24 [1/1] (1.00ns)   --->   "%add_ln29 = add i31 %q_load, i31 1" [firmware/myproject_axi_master.cpp:29]   --->   Operation 24 'add' 'add_ln29' <Predicate = (icmp_ln29)> <Delay = 1.00> <CoreInst = "Adder">   --->   Core 1 'Adder' <Latency = 0> <II = 1> <Delay = 1.00> <FuncUnit> <Opcode : 'add' 'sub'> <InPorts = 2> <OutPorts = 1>
ST_1 : Operation 25 [1/1] (0.42ns)   --->   "%store_ln29 = store i31 %add_ln29, i31 %q" [firmware/myproject_axi_master.cpp:29]   --->   Operation 25 'store' 'store_ln29' <Predicate = (icmp_ln29)> <Delay = 0.42>

State 2 <SV = 1> <Delay = 2.67>
ST_2 : Operation 26 [1/1] ( I:1.64ns O:1.64ns )   --->   "%stream_out0_layer8_out_read = read i320 @_ssdm_op_Read.ap_fifo.volatile.i320P0A, i320 %stream_out0_layer8_out" [firmware/myproject_axi_master.cpp:31]   --->   Operation 26 'read' 'stream_out0_layer8_out_read' <Predicate = (icmp_ln29)> <Delay = 1.64> <CoreInst = "FIFO">   --->   Core 77 'FIFO' <Latency = 0> <II = 1> <Delay = 1.64> <Storage> <Opcode : 'read' 'write' 'nbread' 'nbwrite'> <Ports = 0> <Width = 320> <Depth = 128> <FIFO>
ST_2 : Operation 27 [1/1] (0.00ns)   --->   "%tmp = trunc i320 %stream_out0_layer8_out_read" [firmware/myproject_axi_master.cpp:31]   --->   Operation 27 'trunc' 'tmp' <Predicate = (icmp_ln29)> <Delay = 0.00>
ST_2 : Operation 28 [1/1] (0.00ns)   --->   "%tmp_1 = partselect i38 @_ssdm_op_PartSelect.i38.i320.i320, i320 %stream_out0_layer8_out_read, i320 64" [firmware/myproject_axi_master.cpp:31]   --->   Operation 28 'partselect' 'tmp_1' <Predicate = (icmp_ln29)> <Delay = 0.00>
ST_2 : Operation 29 [1/1] (0.00ns)   --->   "%tmp_2 = partselect i38 @_ssdm_op_PartSelect.i38.i320.i320, i320 %stream_out0_layer8_out_read, i320 128" [firmware/myproject_axi_master.cpp:31]   --->   Operation 29 'partselect' 'tmp_2' <Predicate = (icmp_ln29)> <Delay = 0.00>
ST_2 : Operation 30 [1/1] (0.00ns)   --->   "%tmp_3 = partselect i38 @_ssdm_op_PartSelect.i38.i320.i320, i320 %stream_out0_layer8_out_read, i320 192" [firmware/myproject_axi_master.cpp:31]   --->   Operation 30 'partselect' 'tmp_3' <Predicate = (icmp_ln29)> <Delay = 0.00>
ST_2 : Operation 31 [1/1] (0.00ns)   --->   "%tmp_4 = partselect i38 @_ssdm_op_PartSelect.i38.i320.i320, i320 %stream_out0_layer8_out_read, i320 256" [firmware/myproject_axi_master.cpp:31]   --->   Operation 31 'partselect' 'tmp_4' <Predicate = (icmp_ln29)> <Delay = 0.00>
ST_2 : Operation 32 [1/1] (0.00ns)   --->   "%tmp_5 = bitselect i1 @_ssdm_op_BitSelect.i1.i320.i32, i320 %stream_out0_layer8_out_read, i32 37" [firmware/myproject_axi_master.cpp:33]   --->   Operation 32 'bitselect' 'tmp_5' <Predicate = (icmp_ln29)> <Delay = 0.00>
ST_2 : Operation 33 [1/1] (1.02ns)   --->   "%sub_ln33 = sub i38 0, i38 %tmp" [firmware/myproject_axi_master.cpp:33]   --->   Operation 33 'sub' 'sub_ln33' <Predicate = (icmp_ln29)> <Delay = 1.02> <CoreInst = "Adder">   --->   Core 1 'Adder' <Latency = 0> <II = 1> <Delay = 1.02> <FuncUnit> <Opcode : 'add' 'sub'> <InPorts = 2> <OutPorts = 1>
ST_2 : Operation 34 [1/1] (0.00ns)   --->   "%tmp_10 = bitselect i1 @_ssdm_op_BitSelect.i1.i320.i320, i320 %stream_out0_layer8_out_read, i320 101" [firmware/myproject_axi_master.cpp:33]   --->   Operation 34 'bitselect' 'tmp_10' <Predicate = (icmp_ln29)> <Delay = 0.00>
ST_2 : Operation 35 [1/1] (0.00ns)   --->   "%tmp_15 = bitselect i1 @_ssdm_op_BitSelect.i1.i320.i320, i320 %stream_out0_layer8_out_read, i320 165" [firmware/myproject_axi_master.cpp:33]   --->   Operation 35 'bitselect' 'tmp_15' <Predicate = (icmp_ln29)> <Delay = 0.00>
ST_2 : Operation 36 [1/1] (0.00ns)   --->   "%tmp_20 = bitselect i1 @_ssdm_op_BitSelect.i1.i320.i320, i320 %stream_out0_layer8_out_read, i320 229" [firmware/myproject_axi_master.cpp:33]   --->   Operation 36 'bitselect' 'tmp_20' <Predicate = (icmp_ln29)> <Delay = 0.00>
ST_2 : Operation 37 [1/1] (0.00ns)   --->   "%tmp_25 = bitselect i1 @_ssdm_op_BitSelect.i1.i320.i320, i320 %stream_out0_layer8_out_read, i320 293" [firmware/myproject_axi_master.cpp:33]   --->   Operation 37 'bitselect' 'tmp_25' <Predicate = (icmp_ln29)> <Delay = 0.00>

State 3 <SV = 2> <Delay = 3.99>
ST_3 : Operation 38 [1/1] (1.02ns)   --->   "%icmp_ln33 = icmp_eq  i38 %tmp, i38 0" [firmware/myproject_axi_master.cpp:33]   --->   Operation 38 'icmp' 'icmp_ln33' <Predicate = (icmp_ln29)> <Delay = 1.02> <CoreInst = "Cmp">   --->   Core 9 'Cmp' <Latency = 0> <II = 1> <Delay = 1.02> <FuncUnit> <Opcode : 'seteq' 'setne' 'setle' 'setge' 'setlt' 'setgt'> <InPorts = 2> <OutPorts = 1>
ST_3 : Operation 39 [1/1] (0.34ns)   --->   "%select_ln33 = select i1 %tmp_5, i38 %sub_ln33, i38 %tmp" [firmware/myproject_axi_master.cpp:33]   --->   Operation 39 'select' 'select_ln33' <Predicate = (icmp_ln29)> <Delay = 0.34> <CoreInst = "Sel">   --->   Core 73 'Sel' <Latency = 0> <II = 1> <Delay = 0.34> <FuncUnit> <Opcode : 'select'> <InPorts = 3> <OutPorts = 1>
ST_3 : Operation 40 [1/1] (0.00ns) (grouped into LUT with out node icmp_ln33_2)   --->   "%trunc_ln33 = trunc i38 %select_ln33" [firmware/myproject_axi_master.cpp:33]   --->   Operation 40 'trunc' 'trunc_ln33' <Predicate = (icmp_ln29)> <Delay = 0.00>
ST_3 : Operation 41 [1/1] (0.63ns)   --->   "%tmp_6_i = ctlz i38 @llvm.ctlz.i38, i38 %select_ln33, i1 0" [firmware/myproject_axi_master.cpp:33]   --->   Operation 41 'ctlz' 'tmp_6_i' <Predicate = (icmp_ln29)> <Delay = 0.63> <CoreInst = "ctlz">   --->   Core 145 'ctlz' <Latency = 0> <II = 1> <Delay = 0.63> <FuncUnit> <Opcode : 'ctlz'> <InPorts = 1> <OutPorts = 1>
ST_3 : Operation 42 [1/1] (0.00ns)   --->   "%trunc_ln33_1 = trunc i38 %tmp_6_i" [firmware/myproject_axi_master.cpp:33]   --->   Operation 42 'trunc' 'trunc_ln33_1' <Predicate = (icmp_ln29)> <Delay = 0.00>
ST_3 : Operation 43 [1/1] (0.78ns)   --->   "%sub_ln33_1 = sub i6 38, i6 %trunc_ln33_1" [firmware/myproject_axi_master.cpp:33]   --->   Operation 43 'sub' 'sub_ln33_1' <Predicate = (icmp_ln29)> <Delay = 0.78> <CoreInst = "Adder">   --->   Core 1 'Adder' <Latency = 0> <II = 1> <Delay = 0.78> <FuncUnit> <Opcode : 'add' 'sub'> <InPorts = 2> <OutPorts = 1>
ST_3 : Operation 44 [1/1] (0.78ns)   --->   "%add_ln33 = add i6 %sub_ln33_1, i6 40" [firmware/myproject_axi_master.cpp:33]   --->   Operation 44 'add' 'add_ln33' <Predicate = (icmp_ln29)> <Delay = 0.78> <CoreInst = "Adder">   --->   Core 1 'Adder' <Latency = 0> <II = 1> <Delay = 0.78> <FuncUnit> <Opcode : 'add' 'sub'> <InPorts = 2> <OutPorts = 1>
ST_3 : Operation 45 [1/1] (0.00ns)   --->   "%tmp_6 = partselect i5 @_ssdm_op_PartSelect.i5.i6.i32.i32, i6 %add_ln33, i32 1, i32 5" [firmware/myproject_axi_master.cpp:33]   --->   Operation 45 'partselect' 'tmp_6' <Predicate = (icmp_ln29)> <Delay = 0.00>
ST_3 : Operation 46 [1/1] (0.78ns)   --->   "%icmp_ln33_1 = icmp_sgt  i5 %tmp_6, i5 0" [firmware/myproject_axi_master.cpp:33]   --->   Operation 46 'icmp' 'icmp_ln33_1' <Predicate = (icmp_ln29)> <Delay = 0.78> <CoreInst = "Cmp">   --->   Core 9 'Cmp' <Latency = 0> <II = 1> <Delay = 0.78> <FuncUnit> <Opcode : 'seteq' 'setne' 'setle' 'setge' 'setlt' 'setgt'> <InPorts = 2> <OutPorts = 1>
ST_3 : Operation 47 [1/1] (0.78ns)   --->   "%add_ln33_1 = add i6 %trunc_ln33_1, i6 25" [firmware/myproject_axi_master.cpp:33]   --->   Operation 47 'add' 'add_ln33_1' <Predicate = (icmp_ln29)> <Delay = 0.78> <CoreInst = "Adder">   --->   Core 1 'Adder' <Latency = 0> <II = 1> <Delay = 0.78> <FuncUnit> <Opcode : 'add' 'sub'> <InPorts = 2> <OutPorts = 1>
ST_3 : Operation 48 [1/1] (0.00ns)   --->   "%zext_ln33 = zext i6 %add_ln33_1" [firmware/myproject_axi_master.cpp:33]   --->   Operation 48 'zext' 'zext_ln33' <Predicate = (icmp_ln29)> <Delay = 0.00>
ST_3 : Operation 49 [1/1] (0.73ns)   --->   "%lshr_ln33_10 = lshr i38 274877906943, i38 %zext_ln33" [firmware/myproject_axi_master.cpp:33]   --->   Operation 49 'lshr' 'lshr_ln33_10' <Predicate = (icmp_ln29)> <Delay = 0.73> <CoreInst = "Shifter">   --->   Core 75 'Shifter' <Latency = 0> <II = 1> <Delay = 0.73> <FuncUnit> <Opcode : 'shl' 'lshr' 'ashr'> <InPorts = 2> <OutPorts = 1>
ST_3 : Operation 50 [1/1] (0.00ns) (grouped into LUT with out node icmp_ln33_2)   --->   "%trunc_ln33_2 = trunc i38 %lshr_ln33_10" [firmware/myproject_axi_master.cpp:33]   --->   Operation 50 'trunc' 'trunc_ln33_2' <Predicate = (icmp_ln29)> <Delay = 0.00>
ST_3 : Operation 51 [1/1] (0.00ns) (grouped into LUT with out node icmp_ln33_2)   --->   "%and_ln33 = and i13 %trunc_ln33, i13 %trunc_ln33_2" [firmware/myproject_axi_master.cpp:33]   --->   Operation 51 'and' 'and_ln33' <Predicate = (icmp_ln29)> <Delay = 0.00> <CoreInst = "LogicGate">   --->   Core 74 'LogicGate' <Latency = 0> <II = 1> <Delay = 0.33> <FuncUnit> <Opcode : 'and' 'or' 'xor'> <InPorts = 2> <OutPorts = 1>
ST_3 : Operation 52 [1/1] (0.82ns) (out node of the LUT)   --->   "%icmp_ln33_2 = icmp_ne  i13 %and_ln33, i13 0" [firmware/myproject_axi_master.cpp:33]   --->   Operation 52 'icmp' 'icmp_ln33_2' <Predicate = (icmp_ln29)> <Delay = 0.82> <CoreInst = "Cmp">   --->   Core 9 'Cmp' <Latency = 0> <II = 1> <Delay = 0.82> <FuncUnit> <Opcode : 'seteq' 'setne' 'setle' 'setge' 'setlt' 'setgt'> <InPorts = 2> <OutPorts = 1>
ST_3 : Operation 53 [1/1] (0.00ns) (grouped into LUT with out node or_ln33)   --->   "%phi_ln33 = and i1 %icmp_ln33_1, i1 %icmp_ln33_2" [firmware/myproject_axi_master.cpp:33]   --->   Operation 53 'and' 'phi_ln33' <Predicate = (icmp_ln29)> <Delay = 0.00> <CoreInst = "LogicGate">   --->   Core 74 'LogicGate' <Latency = 0> <II = 1> <Delay = 0.28> <FuncUnit> <Opcode : 'and' 'or' 'xor'> <InPorts = 2> <OutPorts = 1>
ST_3 : Operation 54 [1/1] (0.00ns) (grouped into LUT with out node or_ln33)   --->   "%tmp_7 = bitselect i1 @_ssdm_op_BitSelect.i1.i6.i32, i6 %add_ln33, i32 5" [firmware/myproject_axi_master.cpp:33]   --->   Operation 54 'bitselect' 'tmp_7' <Predicate = (icmp_ln29)> <Delay = 0.00>
ST_3 : Operation 55 [1/1] (0.00ns) (grouped into LUT with out node or_ln33)   --->   "%xor_ln33 = xor i1 %tmp_7, i1 1" [firmware/myproject_axi_master.cpp:33]   --->   Operation 55 'xor' 'xor_ln33' <Predicate = (icmp_ln29)> <Delay = 0.00> <CoreInst = "LogicGate">   --->   Core 74 'LogicGate' <Latency = 0> <II = 1> <Delay = 0.28> <FuncUnit> <Opcode : 'and' 'or' 'xor'> <InPorts = 2> <OutPorts = 1>
ST_3 : Operation 56 [1/1] (0.65ns)   --->   "%tmp_8 = bitselect i1 @_ssdm_op_BitSelect.i1.i38.i6, i38 %select_ln33, i6 %add_ln33" [firmware/myproject_axi_master.cpp:33]   --->   Operation 56 'bitselect' 'tmp_8' <Predicate = (icmp_ln29)> <Delay = 0.65> <CoreInst = "BitSelector">   --->   Core 153 'BitSelector' <Latency = 0> <II = 1> <Delay = 0.65> <FuncUnit> <Opcode : 'bitselect'> <InPorts = 2> <OutPorts = 1>
ST_3 : Operation 57 [1/1] (0.00ns) (grouped into LUT with out node or_ln33)   --->   "%phi_ln33_1 = and i1 %tmp_8, i1 %xor_ln33" [firmware/myproject_axi_master.cpp:33]   --->   Operation 57 'and' 'phi_ln33_1' <Predicate = (icmp_ln29)> <Delay = 0.00> <CoreInst = "LogicGate">   --->   Core 74 'LogicGate' <Latency = 0> <II = 1> <Delay = 0.28> <FuncUnit> <Opcode : 'and' 'or' 'xor'> <InPorts = 2> <OutPorts = 1>
ST_3 : Operation 58 [1/1] (0.28ns) (out node of the LUT)   --->   "%or_ln33 = or i1 %phi_ln33_1, i1 %phi_ln33" [firmware/myproject_axi_master.cpp:33]   --->   Operation 58 'or' 'or_ln33' <Predicate = (icmp_ln29)> <Delay = 0.28> <CoreInst = "LogicGate">   --->   Core 74 'LogicGate' <Latency = 0> <II = 1> <Delay = 0.28> <FuncUnit> <Opcode : 'and' 'or' 'xor'> <InPorts = 2> <OutPorts = 1>
ST_3 : Operation 59 [1/1] (0.78ns)   --->   "%icmp_ln33_3 = icmp_sgt  i6 %add_ln33, i6 0" [firmware/myproject_axi_master.cpp:33]   --->   Operation 59 'icmp' 'icmp_ln33_3' <Predicate = (icmp_ln29)> <Delay = 0.78> <CoreInst = "Cmp">   --->   Core 9 'Cmp' <Latency = 0> <II = 1> <Delay = 0.78> <FuncUnit> <Opcode : 'seteq' 'setne' 'setle' 'setge' 'setlt' 'setgt'> <InPorts = 2> <OutPorts = 1>
ST_3 : Operation 60 [1/1] (0.78ns)   --->   "%add_ln33_2 = add i6 %sub_ln33_1, i6 39" [firmware/myproject_axi_master.cpp:33]   --->   Operation 60 'add' 'add_ln33_2' <Predicate = (icmp_ln29)> <Delay = 0.78> <CoreInst = "Adder">   --->   Core 1 'Adder' <Latency = 0> <II = 1> <Delay = 0.78> <FuncUnit> <Opcode : 'add' 'sub'> <InPorts = 2> <OutPorts = 1>
ST_3 : Operation 61 [1/1] (0.00ns)   --->   "%sext_ln33 = sext i6 %add_ln33_2" [firmware/myproject_axi_master.cpp:33]   --->   Operation 61 'sext' 'sext_ln33' <Predicate = (icmp_ln29)> <Delay = 0.00>
ST_3 : Operation 62 [1/1] (0.00ns)   --->   "%zext_ln33_1 = zext i32 %sext_ln33" [firmware/myproject_axi_master.cpp:33]   --->   Operation 62 'zext' 'zext_ln33_1' <Predicate = (icmp_ln29)> <Delay = 0.00>
ST_3 : Operation 63 [1/1] (1.46ns)   --->   "%lshr_ln33 = lshr i38 %select_ln33, i38 %zext_ln33_1" [firmware/myproject_axi_master.cpp:33]   --->   Operation 63 'lshr' 'lshr_ln33' <Predicate = (icmp_ln29)> <Delay = 1.46> <CoreInst = "Shifter">   --->   Core 75 'Shifter' <Latency = 0> <II = 1> <Delay = 1.46> <FuncUnit> <Opcode : 'shl' 'lshr' 'ashr'> <InPorts = 2> <OutPorts = 1>
ST_3 : Operation 64 [1/1] (0.78ns)   --->   "%sub_ln33_2 = sub i6 25, i6 %sub_ln33_1" [firmware/myproject_axi_master.cpp:33]   --->   Operation 64 'sub' 'sub_ln33_2' <Predicate = (icmp_ln29)> <Delay = 0.78> <CoreInst = "Adder">   --->   Core 1 'Adder' <Latency = 0> <II = 1> <Delay = 0.78> <FuncUnit> <Opcode : 'add' 'sub'> <InPorts = 2> <OutPorts = 1>
ST_3 : Operation 65 [1/1] (0.00ns)   --->   "%sext_ln33_1 = sext i6 %sub_ln33_2" [firmware/myproject_axi_master.cpp:33]   --->   Operation 65 'sext' 'sext_ln33_1' <Predicate = (icmp_ln29)> <Delay = 0.00>
ST_3 : Operation 66 [1/1] (0.00ns)   --->   "%zext_ln33_5 = zext i32 %sext_ln33_1" [firmware/myproject_axi_master.cpp:33]   --->   Operation 66 'zext' 'zext_ln33_5' <Predicate = (icmp_ln29)> <Delay = 0.00>
ST_3 : Operation 67 [1/1] (1.46ns)   --->   "%shl_ln33 = shl i38 %select_ln33, i38 %zext_ln33_5" [firmware/myproject_axi_master.cpp:33]   --->   Operation 67 'shl' 'shl_ln33' <Predicate = (icmp_ln29)> <Delay = 1.46> <CoreInst = "Shifter">   --->   Core 75 'Shifter' <Latency = 0> <II = 1> <Delay = 1.46> <FuncUnit> <Opcode : 'shl' 'lshr' 'ashr'> <InPorts = 2> <OutPorts = 1>
ST_3 : Operation 68 [1/1] (1.02ns)   --->   "%sub_ln33_4 = sub i38 0, i38 %tmp_1" [firmware/myproject_axi_master.cpp:33]   --->   Operation 68 'sub' 'sub_ln33_4' <Predicate = (icmp_ln29 & tmp_10)> <Delay = 1.02> <CoreInst = "Adder">   --->   Core 1 'Adder' <Latency = 0> <II = 1> <Delay = 1.02> <FuncUnit> <Opcode : 'add' 'sub'> <InPorts = 2> <OutPorts = 1>

State 4 <SV = 3> <Delay = 3.99>
ST_4 : Operation 69 [1/1] (0.00ns) (grouped into LUT with out node add_ln33_3)   --->   "%cond47_i_i_in_i = select i1 %icmp_ln33_3, i38 %lshr_ln33, i38 %shl_ln33" [firmware/myproject_axi_master.cpp:33]   --->   Operation 69 'select' 'cond47_i_i_in_i' <Predicate = (icmp_ln29 & !icmp_ln33)> <Delay = 0.00> <CoreInst = "Sel">   --->   Core 73 'Sel' <Latency = 0> <II = 1> <Delay = 0.34> <FuncUnit> <Opcode : 'select'> <InPorts = 3> <OutPorts = 1>
ST_4 : Operation 70 [1/1] (0.00ns) (grouped into LUT with out node add_ln33_3)   --->   "%zext_ln33_2 = zext i38 %cond47_i_i_in_i" [firmware/myproject_axi_master.cpp:33]   --->   Operation 70 'zext' 'zext_ln33_2' <Predicate = (icmp_ln29 & !icmp_ln33)> <Delay = 0.00>
ST_4 : Operation 71 [1/1] (0.00ns) (grouped into LUT with out node add_ln33_3)   --->   "%zext_ln33_3 = zext i1 %or_ln33" [firmware/myproject_axi_master.cpp:33]   --->   Operation 71 'zext' 'zext_ln33_3' <Predicate = (icmp_ln29 & !icmp_ln33)> <Delay = 0.00>
ST_4 : Operation 72 [1/1] (1.02ns) (out node of the LUT)   --->   "%add_ln33_3 = add i39 %zext_ln33_2, i39 %zext_ln33_3" [firmware/myproject_axi_master.cpp:33]   --->   Operation 72 'add' 'add_ln33_3' <Predicate = (icmp_ln29 & !icmp_ln33)> <Delay = 1.02> <CoreInst = "Adder">   --->   Core 1 'Adder' <Latency = 0> <II = 1> <Delay = 1.02> <FuncUnit> <Opcode : 'add' 'sub'> <InPorts = 2> <OutPorts = 1>
ST_4 : Operation 73 [1/1] (0.00ns)   --->   "%lshr_ln33_1 = partselect i38 @_ssdm_op_PartSelect.i38.i39.i32.i32, i39 %add_ln33_3, i32 1, i32 38" [firmware/myproject_axi_master.cpp:33]   --->   Operation 73 'partselect' 'lshr_ln33_1' <Predicate = (icmp_ln29 & !icmp_ln33)> <Delay = 0.00>
ST_4 : Operation 74 [1/1] (0.00ns)   --->   "%zext_ln33_4 = zext i38 %lshr_ln33_1" [firmware/myproject_axi_master.cpp:33]   --->   Operation 74 'zext' 'zext_ln33_4' <Predicate = (icmp_ln29 & !icmp_ln33)> <Delay = 0.00>
ST_4 : Operation 75 [1/1] (0.00ns) (grouped into LUT with out node add_ln33_4)   --->   "%tmp_9 = bitselect i1 @_ssdm_op_BitSelect.i1.i39.i32, i39 %add_ln33_3, i32 25" [firmware/myproject_axi_master.cpp:33]   --->   Operation 75 'bitselect' 'tmp_9' <Predicate = (icmp_ln29 & !icmp_ln33)> <Delay = 0.00>
ST_4 : Operation 76 [1/1] (0.00ns) (grouped into LUT with out node add_ln33_4)   --->   "%select_ln33_1 = select i1 %tmp_9, i8 127, i8 126" [firmware/myproject_axi_master.cpp:33]   --->   Operation 76 'select' 'select_ln33_1' <Predicate = (icmp_ln29 & !icmp_ln33)> <Delay = 0.00> <CoreInst = "Sel">   --->   Core 73 'Sel' <Latency = 0> <II = 1> <Delay = 0.39> <FuncUnit> <Opcode : 'select'> <InPorts = 3> <OutPorts = 1>
ST_4 : Operation 77 [1/1] (0.78ns)   --->   "%sub_ln33_3 = sub i6 18, i6 %trunc_ln33_1" [firmware/myproject_axi_master.cpp:33]   --->   Operation 77 'sub' 'sub_ln33_3' <Predicate = (icmp_ln29 & !icmp_ln33)> <Delay = 0.78> <CoreInst = "Adder">   --->   Core 1 'Adder' <Latency = 0> <II = 1> <Delay = 0.78> <FuncUnit> <Opcode : 'add' 'sub'> <InPorts = 2> <OutPorts = 1>
ST_4 : Operation 78 [1/1] (0.00ns) (grouped into LUT with out node add_ln33_4)   --->   "%sext_ln33_2 = sext i6 %sub_ln33_3" [firmware/myproject_axi_master.cpp:33]   --->   Operation 78 'sext' 'sext_ln33_2' <Predicate = (icmp_ln29 & !icmp_ln33)> <Delay = 0.00>
ST_4 : Operation 79 [1/1] (0.76ns) (out node of the LUT)   --->   "%add_ln33_4 = add i8 %select_ln33_1, i8 %sext_ln33_2" [firmware/myproject_axi_master.cpp:33]   --->   Operation 79 'add' 'add_ln33_4' <Predicate = (icmp_ln29 & !icmp_ln33)> <Delay = 0.76> <CoreInst = "Adder">   --->   Core 1 'Adder' <Latency = 0> <II = 1> <Delay = 0.76> <FuncUnit> <Opcode : 'add' 'sub'> <InPorts = 2> <OutPorts = 1>
ST_4 : Operation 80 [1/1] (0.00ns)   --->   "%tmp_21_i = bitconcatenate i9 @_ssdm_op_BitConcatenate.i9.i1.i8, i1 %tmp_5, i8 %add_ln33_4" [firmware/myproject_axi_master.cpp:33]   --->   Operation 80 'bitconcatenate' 'tmp_21_i' <Predicate = (icmp_ln29 & !icmp_ln33)> <Delay = 0.00>
ST_4 : Operation 81 [1/1] (0.00ns)   --->   "%pi_assign = partset i64 @_ssdm_op_PartSet.i64.i64.i9.i32.i32, i64 %zext_ln33_4, i9 %tmp_21_i, i32 23, i32 31" [firmware/myproject_axi_master.cpp:33]   --->   Operation 81 'partset' 'pi_assign' <Predicate = (icmp_ln29 & !icmp_ln33)> <Delay = 0.00>
ST_4 : Operation 82 [1/1] (0.00ns)   --->   "%LD = trunc i64 %pi_assign" [firmware/myproject_axi_master.cpp:33]   --->   Operation 82 'trunc' 'LD' <Predicate = (icmp_ln29 & !icmp_ln33)> <Delay = 0.00>
ST_4 : Operation 83 [1/1] (0.44ns)   --->   "%empty = select i1 %icmp_ln33, i32 0, i32 %LD" [firmware/myproject_axi_master.cpp:33]   --->   Operation 83 'select' 'empty' <Predicate = (icmp_ln29)> <Delay = 0.44> <CoreInst = "Sel">   --->   Core 73 'Sel' <Latency = 0> <II = 1> <Delay = 0.44> <FuncUnit> <Opcode : 'select'> <InPorts = 3> <OutPorts = 1>
ST_4 : Operation 84 [1/1] (1.02ns)   --->   "%icmp_ln33_4 = icmp_eq  i38 %tmp_1, i38 0" [firmware/myproject_axi_master.cpp:33]   --->   Operation 84 'icmp' 'icmp_ln33_4' <Predicate = (icmp_ln29)> <Delay = 1.02> <CoreInst = "Cmp">   --->   Core 9 'Cmp' <Latency = 0> <II = 1> <Delay = 1.02> <FuncUnit> <Opcode : 'seteq' 'setne' 'setle' 'setge' 'setlt' 'setgt'> <InPorts = 2> <OutPorts = 1>
ST_4 : Operation 85 [1/1] (0.34ns)   --->   "%select_ln33_2 = select i1 %tmp_10, i38 %sub_ln33_4, i38 %tmp_1" [firmware/myproject_axi_master.cpp:33]   --->   Operation 85 'select' 'select_ln33_2' <Predicate = (icmp_ln29)> <Delay = 0.34> <CoreInst = "Sel">   --->   Core 73 'Sel' <Latency = 0> <II = 1> <Delay = 0.34> <FuncUnit> <Opcode : 'select'> <InPorts = 3> <OutPorts = 1>
ST_4 : Operation 86 [1/1] (0.00ns) (grouped into LUT with out node icmp_ln33_6)   --->   "%trunc_ln33_3 = trunc i38 %select_ln33_2" [firmware/myproject_axi_master.cpp:33]   --->   Operation 86 'trunc' 'trunc_ln33_3' <Predicate = (icmp_ln29)> <Delay = 0.00>
ST_4 : Operation 87 [1/1] (0.63ns)   --->   "%tmp_10_i = ctlz i38 @llvm.ctlz.i38, i38 %select_ln33_2, i1 0" [firmware/myproject_axi_master.cpp:33]   --->   Operation 87 'ctlz' 'tmp_10_i' <Predicate = (icmp_ln29)> <Delay = 0.63> <CoreInst = "ctlz">   --->   Core 145 'ctlz' <Latency = 0> <II = 1> <Delay = 0.63> <FuncUnit> <Opcode : 'ctlz'> <InPorts = 1> <OutPorts = 1>
ST_4 : Operation 88 [1/1] (0.00ns)   --->   "%trunc_ln33_4 = trunc i38 %tmp_10_i" [firmware/myproject_axi_master.cpp:33]   --->   Operation 88 'trunc' 'trunc_ln33_4' <Predicate = (icmp_ln29)> <Delay = 0.00>
ST_4 : Operation 89 [1/1] (0.78ns)   --->   "%sub_ln33_5 = sub i6 38, i6 %trunc_ln33_4" [firmware/myproject_axi_master.cpp:33]   --->   Operation 89 'sub' 'sub_ln33_5' <Predicate = (icmp_ln29)> <Delay = 0.78> <CoreInst = "Adder">   --->   Core 1 'Adder' <Latency = 0> <II = 1> <Delay = 0.78> <FuncUnit> <Opcode : 'add' 'sub'> <InPorts = 2> <OutPorts = 1>
ST_4 : Operation 90 [1/1] (0.78ns)   --->   "%add_ln33_5 = add i6 %sub_ln33_5, i6 40" [firmware/myproject_axi_master.cpp:33]   --->   Operation 90 'add' 'add_ln33_5' <Predicate = (icmp_ln29)> <Delay = 0.78> <CoreInst = "Adder">   --->   Core 1 'Adder' <Latency = 0> <II = 1> <Delay = 0.78> <FuncUnit> <Opcode : 'add' 'sub'> <InPorts = 2> <OutPorts = 1>
ST_4 : Operation 91 [1/1] (0.00ns)   --->   "%tmp_11 = partselect i5 @_ssdm_op_PartSelect.i5.i6.i32.i32, i6 %add_ln33_5, i32 1, i32 5" [firmware/myproject_axi_master.cpp:33]   --->   Operation 91 'partselect' 'tmp_11' <Predicate = (icmp_ln29)> <Delay = 0.00>
ST_4 : Operation 92 [1/1] (0.78ns)   --->   "%icmp_ln33_5 = icmp_sgt  i5 %tmp_11, i5 0" [firmware/myproject_axi_master.cpp:33]   --->   Operation 92 'icmp' 'icmp_ln33_5' <Predicate = (icmp_ln29)> <Delay = 0.78> <CoreInst = "Cmp">   --->   Core 9 'Cmp' <Latency = 0> <II = 1> <Delay = 0.78> <FuncUnit> <Opcode : 'seteq' 'setne' 'setle' 'setge' 'setlt' 'setgt'> <InPorts = 2> <OutPorts = 1>
ST_4 : Operation 93 [1/1] (0.78ns)   --->   "%add_ln33_6 = add i6 %trunc_ln33_4, i6 25" [firmware/myproject_axi_master.cpp:33]   --->   Operation 93 'add' 'add_ln33_6' <Predicate = (icmp_ln29)> <Delay = 0.78> <CoreInst = "Adder">   --->   Core 1 'Adder' <Latency = 0> <II = 1> <Delay = 0.78> <FuncUnit> <Opcode : 'add' 'sub'> <InPorts = 2> <OutPorts = 1>
ST_4 : Operation 94 [1/1] (0.00ns)   --->   "%zext_ln33_6 = zext i6 %add_ln33_6" [firmware/myproject_axi_master.cpp:33]   --->   Operation 94 'zext' 'zext_ln33_6' <Predicate = (icmp_ln29)> <Delay = 0.00>
ST_4 : Operation 95 [1/1] (0.73ns)   --->   "%lshr_ln33_11 = lshr i38 274877906943, i38 %zext_ln33_6" [firmware/myproject_axi_master.cpp:33]   --->   Operation 95 'lshr' 'lshr_ln33_11' <Predicate = (icmp_ln29)> <Delay = 0.73> <CoreInst = "Shifter">   --->   Core 75 'Shifter' <Latency = 0> <II = 1> <Delay = 0.73> <FuncUnit> <Opcode : 'shl' 'lshr' 'ashr'> <InPorts = 2> <OutPorts = 1>
ST_4 : Operation 96 [1/1] (0.00ns) (grouped into LUT with out node icmp_ln33_6)   --->   "%trunc_ln33_5 = trunc i38 %lshr_ln33_11" [firmware/myproject_axi_master.cpp:33]   --->   Operation 96 'trunc' 'trunc_ln33_5' <Predicate = (icmp_ln29)> <Delay = 0.00>
ST_4 : Operation 97 [1/1] (0.00ns) (grouped into LUT with out node icmp_ln33_6)   --->   "%and_ln33_1 = and i13 %trunc_ln33_3, i13 %trunc_ln33_5" [firmware/myproject_axi_master.cpp:33]   --->   Operation 97 'and' 'and_ln33_1' <Predicate = (icmp_ln29)> <Delay = 0.00> <CoreInst = "LogicGate">   --->   Core 74 'LogicGate' <Latency = 0> <II = 1> <Delay = 0.33> <FuncUnit> <Opcode : 'and' 'or' 'xor'> <InPorts = 2> <OutPorts = 1>
ST_4 : Operation 98 [1/1] (0.82ns) (out node of the LUT)   --->   "%icmp_ln33_6 = icmp_ne  i13 %and_ln33_1, i13 0" [firmware/myproject_axi_master.cpp:33]   --->   Operation 98 'icmp' 'icmp_ln33_6' <Predicate = (icmp_ln29)> <Delay = 0.82> <CoreInst = "Cmp">   --->   Core 9 'Cmp' <Latency = 0> <II = 1> <Delay = 0.82> <FuncUnit> <Opcode : 'seteq' 'setne' 'setle' 'setge' 'setlt' 'setgt'> <InPorts = 2> <OutPorts = 1>
ST_4 : Operation 99 [1/1] (0.00ns) (grouped into LUT with out node or_ln33_1)   --->   "%phi_ln33_2 = and i1 %icmp_ln33_5, i1 %icmp_ln33_6" [firmware/myproject_axi_master.cpp:33]   --->   Operation 99 'and' 'phi_ln33_2' <Predicate = (icmp_ln29)> <Delay = 0.00> <CoreInst = "LogicGate">   --->   Core 74 'LogicGate' <Latency = 0> <II = 1> <Delay = 0.28> <FuncUnit> <Opcode : 'and' 'or' 'xor'> <InPorts = 2> <OutPorts = 1>
ST_4 : Operation 100 [1/1] (0.00ns) (grouped into LUT with out node or_ln33_1)   --->   "%tmp_12 = bitselect i1 @_ssdm_op_BitSelect.i1.i6.i32, i6 %add_ln33_5, i32 5" [firmware/myproject_axi_master.cpp:33]   --->   Operation 100 'bitselect' 'tmp_12' <Predicate = (icmp_ln29)> <Delay = 0.00>
ST_4 : Operation 101 [1/1] (0.00ns) (grouped into LUT with out node or_ln33_1)   --->   "%xor_ln33_1 = xor i1 %tmp_12, i1 1" [firmware/myproject_axi_master.cpp:33]   --->   Operation 101 'xor' 'xor_ln33_1' <Predicate = (icmp_ln29)> <Delay = 0.00> <CoreInst = "LogicGate">   --->   Core 74 'LogicGate' <Latency = 0> <II = 1> <Delay = 0.28> <FuncUnit> <Opcode : 'and' 'or' 'xor'> <InPorts = 2> <OutPorts = 1>
ST_4 : Operation 102 [1/1] (0.65ns)   --->   "%tmp_13 = bitselect i1 @_ssdm_op_BitSelect.i1.i38.i6, i38 %select_ln33_2, i6 %add_ln33_5" [firmware/myproject_axi_master.cpp:33]   --->   Operation 102 'bitselect' 'tmp_13' <Predicate = (icmp_ln29)> <Delay = 0.65> <CoreInst = "BitSelector">   --->   Core 153 'BitSelector' <Latency = 0> <II = 1> <Delay = 0.65> <FuncUnit> <Opcode : 'bitselect'> <InPorts = 2> <OutPorts = 1>
ST_4 : Operation 103 [1/1] (0.00ns) (grouped into LUT with out node or_ln33_1)   --->   "%phi_ln33_3 = and i1 %tmp_13, i1 %xor_ln33_1" [firmware/myproject_axi_master.cpp:33]   --->   Operation 103 'and' 'phi_ln33_3' <Predicate = (icmp_ln29)> <Delay = 0.00> <CoreInst = "LogicGate">   --->   Core 74 'LogicGate' <Latency = 0> <II = 1> <Delay = 0.28> <FuncUnit> <Opcode : 'and' 'or' 'xor'> <InPorts = 2> <OutPorts = 1>
ST_4 : Operation 104 [1/1] (0.28ns) (out node of the LUT)   --->   "%or_ln33_1 = or i1 %phi_ln33_3, i1 %phi_ln33_2" [firmware/myproject_axi_master.cpp:33]   --->   Operation 104 'or' 'or_ln33_1' <Predicate = (icmp_ln29)> <Delay = 0.28> <CoreInst = "LogicGate">   --->   Core 74 'LogicGate' <Latency = 0> <II = 1> <Delay = 0.28> <FuncUnit> <Opcode : 'and' 'or' 'xor'> <InPorts = 2> <OutPorts = 1>
ST_4 : Operation 105 [1/1] (0.78ns)   --->   "%icmp_ln33_7 = icmp_sgt  i6 %add_ln33_5, i6 0" [firmware/myproject_axi_master.cpp:33]   --->   Operation 105 'icmp' 'icmp_ln33_7' <Predicate = (icmp_ln29)> <Delay = 0.78> <CoreInst = "Cmp">   --->   Core 9 'Cmp' <Latency = 0> <II = 1> <Delay = 0.78> <FuncUnit> <Opcode : 'seteq' 'setne' 'setle' 'setge' 'setlt' 'setgt'> <InPorts = 2> <OutPorts = 1>
ST_4 : Operation 106 [1/1] (0.78ns)   --->   "%add_ln33_7 = add i6 %sub_ln33_5, i6 39" [firmware/myproject_axi_master.cpp:33]   --->   Operation 106 'add' 'add_ln33_7' <Predicate = (icmp_ln29)> <Delay = 0.78> <CoreInst = "Adder">   --->   Core 1 'Adder' <Latency = 0> <II = 1> <Delay = 0.78> <FuncUnit> <Opcode : 'add' 'sub'> <InPorts = 2> <OutPorts = 1>
ST_4 : Operation 107 [1/1] (0.00ns)   --->   "%sext_ln33_3 = sext i6 %add_ln33_7" [firmware/myproject_axi_master.cpp:33]   --->   Operation 107 'sext' 'sext_ln33_3' <Predicate = (icmp_ln29)> <Delay = 0.00>
ST_4 : Operation 108 [1/1] (0.00ns)   --->   "%zext_ln33_10 = zext i32 %sext_ln33_3" [firmware/myproject_axi_master.cpp:33]   --->   Operation 108 'zext' 'zext_ln33_10' <Predicate = (icmp_ln29)> <Delay = 0.00>
ST_4 : Operation 109 [1/1] (1.46ns)   --->   "%lshr_ln33_2 = lshr i38 %select_ln33_2, i38 %zext_ln33_10" [firmware/myproject_axi_master.cpp:33]   --->   Operation 109 'lshr' 'lshr_ln33_2' <Predicate = (icmp_ln29)> <Delay = 1.46> <CoreInst = "Shifter">   --->   Core 75 'Shifter' <Latency = 0> <II = 1> <Delay = 1.46> <FuncUnit> <Opcode : 'shl' 'lshr' 'ashr'> <InPorts = 2> <OutPorts = 1>
ST_4 : Operation 110 [1/1] (0.78ns)   --->   "%sub_ln33_6 = sub i6 25, i6 %sub_ln33_5" [firmware/myproject_axi_master.cpp:33]   --->   Operation 110 'sub' 'sub_ln33_6' <Predicate = (icmp_ln29)> <Delay = 0.78> <CoreInst = "Adder">   --->   Core 1 'Adder' <Latency = 0> <II = 1> <Delay = 0.78> <FuncUnit> <Opcode : 'add' 'sub'> <InPorts = 2> <OutPorts = 1>
ST_4 : Operation 111 [1/1] (0.00ns)   --->   "%sext_ln33_4 = sext i6 %sub_ln33_6" [firmware/myproject_axi_master.cpp:33]   --->   Operation 111 'sext' 'sext_ln33_4' <Predicate = (icmp_ln29)> <Delay = 0.00>
ST_4 : Operation 112 [1/1] (0.00ns)   --->   "%zext_ln33_11 = zext i32 %sext_ln33_4" [firmware/myproject_axi_master.cpp:33]   --->   Operation 112 'zext' 'zext_ln33_11' <Predicate = (icmp_ln29)> <Delay = 0.00>
ST_4 : Operation 113 [1/1] (1.46ns)   --->   "%shl_ln33_1 = shl i38 %select_ln33_2, i38 %zext_ln33_11" [firmware/myproject_axi_master.cpp:33]   --->   Operation 113 'shl' 'shl_ln33_1' <Predicate = (icmp_ln29)> <Delay = 1.46> <CoreInst = "Shifter">   --->   Core 75 'Shifter' <Latency = 0> <II = 1> <Delay = 1.46> <FuncUnit> <Opcode : 'shl' 'lshr' 'ashr'> <InPorts = 2> <OutPorts = 1>
ST_4 : Operation 114 [1/1] (1.02ns)   --->   "%sub_ln33_8 = sub i38 0, i38 %tmp_2" [firmware/myproject_axi_master.cpp:33]   --->   Operation 114 'sub' 'sub_ln33_8' <Predicate = (icmp_ln29 & tmp_15)> <Delay = 1.02> <CoreInst = "Adder">   --->   Core 1 'Adder' <Latency = 0> <II = 1> <Delay = 1.02> <FuncUnit> <Opcode : 'add' 'sub'> <InPorts = 2> <OutPorts = 1>
ST_4 : Operation 276 [1/1] (0.42ns)   --->   "%ret_ln0 = ret"   --->   Operation 276 'ret' 'ret_ln0' <Predicate = (!icmp_ln29)> <Delay = 0.42>

State 5 <SV = 4> <Delay = 4.37>
ST_5 : Operation 115 [1/1] (0.00ns)   --->   "%gmem_out0_addr = getelementptr i32 %gmem_out0, i64 %sext_ln29_cast" [firmware/myproject_axi_master.cpp:29]   --->   Operation 115 'getelementptr' 'gmem_out0_addr' <Predicate = (icmp_ln29)> <Delay = 0.00>
ST_5 : Operation 116 [1/1] ( I:4.37ns O:4.37ns )   --->   "%write_ln33 = write void @_ssdm_op_Write.m_axi.p1i32.i32, i32 %gmem_out0_addr, i32 %empty, i4 15" [firmware/myproject_axi_master.cpp:33]   --->   Operation 116 'write' 'write_ln33' <Predicate = (icmp_ln29)> <Delay = 4.37> <CoreInst = "m_axi">   --->   Core 119 'm_axi' <Latency = 5> <II = 1> <Delay = 1.00> <Adapter> <Opcode : 'readrequnaligned' 'writerequnaligned' 'read' 'write' 'readreq' 'writereq' 'writeresp'>
ST_5 : Operation 117 [1/1] (0.00ns) (grouped into LUT with out node add_ln33_8)   --->   "%cond47_i_i_1_in_i = select i1 %icmp_ln33_7, i38 %lshr_ln33_2, i38 %shl_ln33_1" [firmware/myproject_axi_master.cpp:33]   --->   Operation 117 'select' 'cond47_i_i_1_in_i' <Predicate = (icmp_ln29 & !icmp_ln33_4)> <Delay = 0.00> <CoreInst = "Sel">   --->   Core 73 'Sel' <Latency = 0> <II = 1> <Delay = 0.34> <FuncUnit> <Opcode : 'select'> <InPorts = 3> <OutPorts = 1>
ST_5 : Operation 118 [1/1] (0.00ns) (grouped into LUT with out node add_ln33_8)   --->   "%zext_ln33_7 = zext i38 %cond47_i_i_1_in_i" [firmware/myproject_axi_master.cpp:33]   --->   Operation 118 'zext' 'zext_ln33_7' <Predicate = (icmp_ln29 & !icmp_ln33_4)> <Delay = 0.00>
ST_5 : Operation 119 [1/1] (0.00ns) (grouped into LUT with out node add_ln33_8)   --->   "%zext_ln33_8 = zext i1 %or_ln33_1" [firmware/myproject_axi_master.cpp:33]   --->   Operation 119 'zext' 'zext_ln33_8' <Predicate = (icmp_ln29 & !icmp_ln33_4)> <Delay = 0.00>
ST_5 : Operation 120 [1/1] (1.02ns) (out node of the LUT)   --->   "%add_ln33_8 = add i39 %zext_ln33_7, i39 %zext_ln33_8" [firmware/myproject_axi_master.cpp:33]   --->   Operation 120 'add' 'add_ln33_8' <Predicate = (icmp_ln29 & !icmp_ln33_4)> <Delay = 1.02> <CoreInst = "Adder">   --->   Core 1 'Adder' <Latency = 0> <II = 1> <Delay = 1.02> <FuncUnit> <Opcode : 'add' 'sub'> <InPorts = 2> <OutPorts = 1>
ST_5 : Operation 121 [1/1] (0.00ns)   --->   "%lshr_ln33_3 = partselect i38 @_ssdm_op_PartSelect.i38.i39.i32.i32, i39 %add_ln33_8, i32 1, i32 38" [firmware/myproject_axi_master.cpp:33]   --->   Operation 121 'partselect' 'lshr_ln33_3' <Predicate = (icmp_ln29 & !icmp_ln33_4)> <Delay = 0.00>
ST_5 : Operation 122 [1/1] (0.00ns)   --->   "%zext_ln33_9 = zext i38 %lshr_ln33_3" [firmware/myproject_axi_master.cpp:33]   --->   Operation 122 'zext' 'zext_ln33_9' <Predicate = (icmp_ln29 & !icmp_ln33_4)> <Delay = 0.00>
ST_5 : Operation 123 [1/1] (0.00ns) (grouped into LUT with out node add_ln33_9)   --->   "%tmp_14 = bitselect i1 @_ssdm_op_BitSelect.i1.i39.i32, i39 %add_ln33_8, i32 25" [firmware/myproject_axi_master.cpp:33]   --->   Operation 123 'bitselect' 'tmp_14' <Predicate = (icmp_ln29 & !icmp_ln33_4)> <Delay = 0.00>
ST_5 : Operation 124 [1/1] (0.00ns) (grouped into LUT with out node add_ln33_9)   --->   "%select_ln33_3 = select i1 %tmp_14, i8 127, i8 126" [firmware/myproject_axi_master.cpp:33]   --->   Operation 124 'select' 'select_ln33_3' <Predicate = (icmp_ln29 & !icmp_ln33_4)> <Delay = 0.00> <CoreInst = "Sel">   --->   Core 73 'Sel' <Latency = 0> <II = 1> <Delay = 0.39> <FuncUnit> <Opcode : 'select'> <InPorts = 3> <OutPorts = 1>
ST_5 : Operation 125 [1/1] (0.78ns)   --->   "%sub_ln33_7 = sub i6 18, i6 %trunc_ln33_4" [firmware/myproject_axi_master.cpp:33]   --->   Operation 125 'sub' 'sub_ln33_7' <Predicate = (icmp_ln29 & !icmp_ln33_4)> <Delay = 0.78> <CoreInst = "Adder">   --->   Core 1 'Adder' <Latency = 0> <II = 1> <Delay = 0.78> <FuncUnit> <Opcode : 'add' 'sub'> <InPorts = 2> <OutPorts = 1>
ST_5 : Operation 126 [1/1] (0.00ns) (grouped into LUT with out node add_ln33_9)   --->   "%sext_ln33_5 = sext i6 %sub_ln33_7" [firmware/myproject_axi_master.cpp:33]   --->   Operation 126 'sext' 'sext_ln33_5' <Predicate = (icmp_ln29 & !icmp_ln33_4)> <Delay = 0.00>
ST_5 : Operation 127 [1/1] (0.76ns) (out node of the LUT)   --->   "%add_ln33_9 = add i8 %select_ln33_3, i8 %sext_ln33_5" [firmware/myproject_axi_master.cpp:33]   --->   Operation 127 'add' 'add_ln33_9' <Predicate = (icmp_ln29 & !icmp_ln33_4)> <Delay = 0.76> <CoreInst = "Adder">   --->   Core 1 'Adder' <Latency = 0> <II = 1> <Delay = 0.76> <FuncUnit> <Opcode : 'add' 'sub'> <InPorts = 2> <OutPorts = 1>
ST_5 : Operation 128 [1/1] (0.00ns)   --->   "%tmp_33_i = bitconcatenate i9 @_ssdm_op_BitConcatenate.i9.i1.i8, i1 %tmp_10, i8 %add_ln33_9" [firmware/myproject_axi_master.cpp:33]   --->   Operation 128 'bitconcatenate' 'tmp_33_i' <Predicate = (icmp_ln29 & !icmp_ln33_4)> <Delay = 0.00>
ST_5 : Operation 129 [1/1] (0.00ns)   --->   "%pi_assign_1 = partset i64 @_ssdm_op_PartSet.i64.i64.i9.i32.i32, i64 %zext_ln33_9, i9 %tmp_33_i, i32 23, i32 31" [firmware/myproject_axi_master.cpp:33]   --->   Operation 129 'partset' 'pi_assign_1' <Predicate = (icmp_ln29 & !icmp_ln33_4)> <Delay = 0.00>
ST_5 : Operation 130 [1/1] (0.00ns)   --->   "%LD_1 = trunc i64 %pi_assign_1" [firmware/myproject_axi_master.cpp:33]   --->   Operation 130 'trunc' 'LD_1' <Predicate = (icmp_ln29 & !icmp_ln33_4)> <Delay = 0.00>
ST_5 : Operation 131 [1/1] (0.44ns)   --->   "%empty_77 = select i1 %icmp_ln33_4, i32 0, i32 %LD_1" [firmware/myproject_axi_master.cpp:33]   --->   Operation 131 'select' 'empty_77' <Predicate = (icmp_ln29)> <Delay = 0.44> <CoreInst = "Sel">   --->   Core 73 'Sel' <Latency = 0> <II = 1> <Delay = 0.44> <FuncUnit> <Opcode : 'select'> <InPorts = 3> <OutPorts = 1>
ST_5 : Operation 132 [1/1] (1.02ns)   --->   "%icmp_ln33_8 = icmp_eq  i38 %tmp_2, i38 0" [firmware/myproject_axi_master.cpp:33]   --->   Operation 132 'icmp' 'icmp_ln33_8' <Predicate = (icmp_ln29)> <Delay = 1.02> <CoreInst = "Cmp">   --->   Core 9 'Cmp' <Latency = 0> <II = 1> <Delay = 1.02> <FuncUnit> <Opcode : 'seteq' 'setne' 'setle' 'setge' 'setlt' 'setgt'> <InPorts = 2> <OutPorts = 1>
ST_5 : Operation 133 [1/1] (0.34ns)   --->   "%select_ln33_4 = select i1 %tmp_15, i38 %sub_ln33_8, i38 %tmp_2" [firmware/myproject_axi_master.cpp:33]   --->   Operation 133 'select' 'select_ln33_4' <Predicate = (icmp_ln29)> <Delay = 0.34> <CoreInst = "Sel">   --->   Core 73 'Sel' <Latency = 0> <II = 1> <Delay = 0.34> <FuncUnit> <Opcode : 'select'> <InPorts = 3> <OutPorts = 1>
ST_5 : Operation 134 [1/1] (0.00ns) (grouped into LUT with out node icmp_ln33_10)   --->   "%trunc_ln33_6 = trunc i38 %select_ln33_4" [firmware/myproject_axi_master.cpp:33]   --->   Operation 134 'trunc' 'trunc_ln33_6' <Predicate = (icmp_ln29)> <Delay = 0.00>
ST_5 : Operation 135 [1/1] (0.63ns)   --->   "%tmp_16_i = ctlz i38 @llvm.ctlz.i38, i38 %select_ln33_4, i1 0" [firmware/myproject_axi_master.cpp:33]   --->   Operation 135 'ctlz' 'tmp_16_i' <Predicate = (icmp_ln29)> <Delay = 0.63> <CoreInst = "ctlz">   --->   Core 145 'ctlz' <Latency = 0> <II = 1> <Delay = 0.63> <FuncUnit> <Opcode : 'ctlz'> <InPorts = 1> <OutPorts = 1>
ST_5 : Operation 136 [1/1] (0.00ns)   --->   "%trunc_ln33_7 = trunc i38 %tmp_16_i" [firmware/myproject_axi_master.cpp:33]   --->   Operation 136 'trunc' 'trunc_ln33_7' <Predicate = (icmp_ln29)> <Delay = 0.00>
ST_5 : Operation 137 [1/1] (0.78ns)   --->   "%sub_ln33_9 = sub i6 38, i6 %trunc_ln33_7" [firmware/myproject_axi_master.cpp:33]   --->   Operation 137 'sub' 'sub_ln33_9' <Predicate = (icmp_ln29)> <Delay = 0.78> <CoreInst = "Adder">   --->   Core 1 'Adder' <Latency = 0> <II = 1> <Delay = 0.78> <FuncUnit> <Opcode : 'add' 'sub'> <InPorts = 2> <OutPorts = 1>
ST_5 : Operation 138 [1/1] (0.78ns)   --->   "%add_ln33_10 = add i6 %sub_ln33_9, i6 40" [firmware/myproject_axi_master.cpp:33]   --->   Operation 138 'add' 'add_ln33_10' <Predicate = (icmp_ln29)> <Delay = 0.78> <CoreInst = "Adder">   --->   Core 1 'Adder' <Latency = 0> <II = 1> <Delay = 0.78> <FuncUnit> <Opcode : 'add' 'sub'> <InPorts = 2> <OutPorts = 1>
ST_5 : Operation 139 [1/1] (0.00ns)   --->   "%tmp_16 = partselect i5 @_ssdm_op_PartSelect.i5.i6.i32.i32, i6 %add_ln33_10, i32 1, i32 5" [firmware/myproject_axi_master.cpp:33]   --->   Operation 139 'partselect' 'tmp_16' <Predicate = (icmp_ln29)> <Delay = 0.00>
ST_5 : Operation 140 [1/1] (0.78ns)   --->   "%icmp_ln33_9 = icmp_sgt  i5 %tmp_16, i5 0" [firmware/myproject_axi_master.cpp:33]   --->   Operation 140 'icmp' 'icmp_ln33_9' <Predicate = (icmp_ln29)> <Delay = 0.78> <CoreInst = "Cmp">   --->   Core 9 'Cmp' <Latency = 0> <II = 1> <Delay = 0.78> <FuncUnit> <Opcode : 'seteq' 'setne' 'setle' 'setge' 'setlt' 'setgt'> <InPorts = 2> <OutPorts = 1>
ST_5 : Operation 141 [1/1] (0.78ns)   --->   "%add_ln33_11 = add i6 %trunc_ln33_7, i6 25" [firmware/myproject_axi_master.cpp:33]   --->   Operation 141 'add' 'add_ln33_11' <Predicate = (icmp_ln29)> <Delay = 0.78> <CoreInst = "Adder">   --->   Core 1 'Adder' <Latency = 0> <II = 1> <Delay = 0.78> <FuncUnit> <Opcode : 'add' 'sub'> <InPorts = 2> <OutPorts = 1>
ST_5 : Operation 142 [1/1] (0.00ns)   --->   "%zext_ln33_15 = zext i6 %add_ln33_11" [firmware/myproject_axi_master.cpp:33]   --->   Operation 142 'zext' 'zext_ln33_15' <Predicate = (icmp_ln29)> <Delay = 0.00>
ST_5 : Operation 143 [1/1] (0.73ns)   --->   "%lshr_ln33_12 = lshr i38 274877906943, i38 %zext_ln33_15" [firmware/myproject_axi_master.cpp:33]   --->   Operation 143 'lshr' 'lshr_ln33_12' <Predicate = (icmp_ln29)> <Delay = 0.73> <CoreInst = "Shifter">   --->   Core 75 'Shifter' <Latency = 0> <II = 1> <Delay = 0.73> <FuncUnit> <Opcode : 'shl' 'lshr' 'ashr'> <InPorts = 2> <OutPorts = 1>
ST_5 : Operation 144 [1/1] (0.00ns) (grouped into LUT with out node icmp_ln33_10)   --->   "%trunc_ln33_8 = trunc i38 %lshr_ln33_12" [firmware/myproject_axi_master.cpp:33]   --->   Operation 144 'trunc' 'trunc_ln33_8' <Predicate = (icmp_ln29)> <Delay = 0.00>
ST_5 : Operation 145 [1/1] (0.00ns) (grouped into LUT with out node icmp_ln33_10)   --->   "%and_ln33_2 = and i13 %trunc_ln33_6, i13 %trunc_ln33_8" [firmware/myproject_axi_master.cpp:33]   --->   Operation 145 'and' 'and_ln33_2' <Predicate = (icmp_ln29)> <Delay = 0.00> <CoreInst = "LogicGate">   --->   Core 74 'LogicGate' <Latency = 0> <II = 1> <Delay = 0.33> <FuncUnit> <Opcode : 'and' 'or' 'xor'> <InPorts = 2> <OutPorts = 1>
ST_5 : Operation 146 [1/1] (0.82ns) (out node of the LUT)   --->   "%icmp_ln33_10 = icmp_ne  i13 %and_ln33_2, i13 0" [firmware/myproject_axi_master.cpp:33]   --->   Operation 146 'icmp' 'icmp_ln33_10' <Predicate = (icmp_ln29)> <Delay = 0.82> <CoreInst = "Cmp">   --->   Core 9 'Cmp' <Latency = 0> <II = 1> <Delay = 0.82> <FuncUnit> <Opcode : 'seteq' 'setne' 'setle' 'setge' 'setlt' 'setgt'> <InPorts = 2> <OutPorts = 1>
ST_5 : Operation 147 [1/1] (0.00ns) (grouped into LUT with out node or_ln33_2)   --->   "%phi_ln33_4 = and i1 %icmp_ln33_9, i1 %icmp_ln33_10" [firmware/myproject_axi_master.cpp:33]   --->   Operation 147 'and' 'phi_ln33_4' <Predicate = (icmp_ln29)> <Delay = 0.00> <CoreInst = "LogicGate">   --->   Core 74 'LogicGate' <Latency = 0> <II = 1> <Delay = 0.28> <FuncUnit> <Opcode : 'and' 'or' 'xor'> <InPorts = 2> <OutPorts = 1>
ST_5 : Operation 148 [1/1] (0.00ns) (grouped into LUT with out node or_ln33_2)   --->   "%tmp_17 = bitselect i1 @_ssdm_op_BitSelect.i1.i6.i32, i6 %add_ln33_10, i32 5" [firmware/myproject_axi_master.cpp:33]   --->   Operation 148 'bitselect' 'tmp_17' <Predicate = (icmp_ln29)> <Delay = 0.00>
ST_5 : Operation 149 [1/1] (0.00ns) (grouped into LUT with out node or_ln33_2)   --->   "%xor_ln33_2 = xor i1 %tmp_17, i1 1" [firmware/myproject_axi_master.cpp:33]   --->   Operation 149 'xor' 'xor_ln33_2' <Predicate = (icmp_ln29)> <Delay = 0.00> <CoreInst = "LogicGate">   --->   Core 74 'LogicGate' <Latency = 0> <II = 1> <Delay = 0.28> <FuncUnit> <Opcode : 'and' 'or' 'xor'> <InPorts = 2> <OutPorts = 1>
ST_5 : Operation 150 [1/1] (0.65ns)   --->   "%tmp_18 = bitselect i1 @_ssdm_op_BitSelect.i1.i38.i6, i38 %select_ln33_4, i6 %add_ln33_10" [firmware/myproject_axi_master.cpp:33]   --->   Operation 150 'bitselect' 'tmp_18' <Predicate = (icmp_ln29)> <Delay = 0.65> <CoreInst = "BitSelector">   --->   Core 153 'BitSelector' <Latency = 0> <II = 1> <Delay = 0.65> <FuncUnit> <Opcode : 'bitselect'> <InPorts = 2> <OutPorts = 1>
ST_5 : Operation 151 [1/1] (0.00ns) (grouped into LUT with out node or_ln33_2)   --->   "%phi_ln33_5 = and i1 %tmp_18, i1 %xor_ln33_2" [firmware/myproject_axi_master.cpp:33]   --->   Operation 151 'and' 'phi_ln33_5' <Predicate = (icmp_ln29)> <Delay = 0.00> <CoreInst = "LogicGate">   --->   Core 74 'LogicGate' <Latency = 0> <II = 1> <Delay = 0.28> <FuncUnit> <Opcode : 'and' 'or' 'xor'> <InPorts = 2> <OutPorts = 1>
ST_5 : Operation 152 [1/1] (0.28ns) (out node of the LUT)   --->   "%or_ln33_2 = or i1 %phi_ln33_5, i1 %phi_ln33_4" [firmware/myproject_axi_master.cpp:33]   --->   Operation 152 'or' 'or_ln33_2' <Predicate = (icmp_ln29)> <Delay = 0.28> <CoreInst = "LogicGate">   --->   Core 74 'LogicGate' <Latency = 0> <II = 1> <Delay = 0.28> <FuncUnit> <Opcode : 'and' 'or' 'xor'> <InPorts = 2> <OutPorts = 1>
ST_5 : Operation 153 [1/1] (0.78ns)   --->   "%icmp_ln33_11 = icmp_sgt  i6 %add_ln33_10, i6 0" [firmware/myproject_axi_master.cpp:33]   --->   Operation 153 'icmp' 'icmp_ln33_11' <Predicate = (icmp_ln29)> <Delay = 0.78> <CoreInst = "Cmp">   --->   Core 9 'Cmp' <Latency = 0> <II = 1> <Delay = 0.78> <FuncUnit> <Opcode : 'seteq' 'setne' 'setle' 'setge' 'setlt' 'setgt'> <InPorts = 2> <OutPorts = 1>
ST_5 : Operation 154 [1/1] (0.78ns)   --->   "%add_ln33_12 = add i6 %sub_ln33_9, i6 39" [firmware/myproject_axi_master.cpp:33]   --->   Operation 154 'add' 'add_ln33_12' <Predicate = (icmp_ln29)> <Delay = 0.78> <CoreInst = "Adder">   --->   Core 1 'Adder' <Latency = 0> <II = 1> <Delay = 0.78> <FuncUnit> <Opcode : 'add' 'sub'> <InPorts = 2> <OutPorts = 1>
ST_5 : Operation 155 [1/1] (0.00ns)   --->   "%sext_ln33_6 = sext i6 %add_ln33_12" [firmware/myproject_axi_master.cpp:33]   --->   Operation 155 'sext' 'sext_ln33_6' <Predicate = (icmp_ln29)> <Delay = 0.00>
ST_5 : Operation 156 [1/1] (0.00ns)   --->   "%zext_ln33_16 = zext i32 %sext_ln33_6" [firmware/myproject_axi_master.cpp:33]   --->   Operation 156 'zext' 'zext_ln33_16' <Predicate = (icmp_ln29)> <Delay = 0.00>
ST_5 : Operation 157 [1/1] (1.46ns)   --->   "%lshr_ln33_4 = lshr i38 %select_ln33_4, i38 %zext_ln33_16" [firmware/myproject_axi_master.cpp:33]   --->   Operation 157 'lshr' 'lshr_ln33_4' <Predicate = (icmp_ln29)> <Delay = 1.46> <CoreInst = "Shifter">   --->   Core 75 'Shifter' <Latency = 0> <II = 1> <Delay = 1.46> <FuncUnit> <Opcode : 'shl' 'lshr' 'ashr'> <InPorts = 2> <OutPorts = 1>
ST_5 : Operation 158 [1/1] (0.78ns)   --->   "%sub_ln33_10 = sub i6 25, i6 %sub_ln33_9" [firmware/myproject_axi_master.cpp:33]   --->   Operation 158 'sub' 'sub_ln33_10' <Predicate = (icmp_ln29)> <Delay = 0.78> <CoreInst = "Adder">   --->   Core 1 'Adder' <Latency = 0> <II = 1> <Delay = 0.78> <FuncUnit> <Opcode : 'add' 'sub'> <InPorts = 2> <OutPorts = 1>
ST_5 : Operation 159 [1/1] (0.00ns)   --->   "%sext_ln33_7 = sext i6 %sub_ln33_10" [firmware/myproject_axi_master.cpp:33]   --->   Operation 159 'sext' 'sext_ln33_7' <Predicate = (icmp_ln29)> <Delay = 0.00>
ST_5 : Operation 160 [1/1] (0.00ns)   --->   "%zext_ln33_20 = zext i32 %sext_ln33_7" [firmware/myproject_axi_master.cpp:33]   --->   Operation 160 'zext' 'zext_ln33_20' <Predicate = (icmp_ln29)> <Delay = 0.00>
ST_5 : Operation 161 [1/1] (1.46ns)   --->   "%shl_ln33_2 = shl i38 %select_ln33_4, i38 %zext_ln33_20" [firmware/myproject_axi_master.cpp:33]   --->   Operation 161 'shl' 'shl_ln33_2' <Predicate = (icmp_ln29)> <Delay = 1.46> <CoreInst = "Shifter">   --->   Core 75 'Shifter' <Latency = 0> <II = 1> <Delay = 1.46> <FuncUnit> <Opcode : 'shl' 'lshr' 'ashr'> <InPorts = 2> <OutPorts = 1>
ST_5 : Operation 162 [1/1] (1.02ns)   --->   "%sub_ln33_12 = sub i38 0, i38 %tmp_3" [firmware/myproject_axi_master.cpp:33]   --->   Operation 162 'sub' 'sub_ln33_12' <Predicate = (icmp_ln29 & tmp_20)> <Delay = 1.02> <CoreInst = "Adder">   --->   Core 1 'Adder' <Latency = 0> <II = 1> <Delay = 1.02> <FuncUnit> <Opcode : 'add' 'sub'> <InPorts = 2> <OutPorts = 1>

State 6 <SV = 5> <Delay = 4.37>
ST_6 : Operation 163 [1/1] ( I:4.37ns O:4.37ns )   --->   "%write_ln33 = write void @_ssdm_op_Write.m_axi.p1i32.i32, i32 %gmem_out0_addr, i32 %empty_77, i4 15" [firmware/myproject_axi_master.cpp:33]   --->   Operation 163 'write' 'write_ln33' <Predicate = true> <Delay = 4.37> <CoreInst = "m_axi">   --->   Core 119 'm_axi' <Latency = 5> <II = 1> <Delay = 1.00> <Adapter> <Opcode : 'readrequnaligned' 'writerequnaligned' 'read' 'write' 'readreq' 'writereq' 'writeresp'>
ST_6 : Operation 164 [1/1] (0.00ns) (grouped into LUT with out node add_ln33_13)   --->   "%cond47_i_i_2_in_i = select i1 %icmp_ln33_11, i38 %lshr_ln33_4, i38 %shl_ln33_2" [firmware/myproject_axi_master.cpp:33]   --->   Operation 164 'select' 'cond47_i_i_2_in_i' <Predicate = (!icmp_ln33_8)> <Delay = 0.00> <CoreInst = "Sel">   --->   Core 73 'Sel' <Latency = 0> <II = 1> <Delay = 0.34> <FuncUnit> <Opcode : 'select'> <InPorts = 3> <OutPorts = 1>
ST_6 : Operation 165 [1/1] (0.00ns) (grouped into LUT with out node add_ln33_13)   --->   "%zext_ln33_12 = zext i38 %cond47_i_i_2_in_i" [firmware/myproject_axi_master.cpp:33]   --->   Operation 165 'zext' 'zext_ln33_12' <Predicate = (!icmp_ln33_8)> <Delay = 0.00>
ST_6 : Operation 166 [1/1] (0.00ns) (grouped into LUT with out node add_ln33_13)   --->   "%zext_ln33_13 = zext i1 %or_ln33_2" [firmware/myproject_axi_master.cpp:33]   --->   Operation 166 'zext' 'zext_ln33_13' <Predicate = (!icmp_ln33_8)> <Delay = 0.00>
ST_6 : Operation 167 [1/1] (1.02ns) (out node of the LUT)   --->   "%add_ln33_13 = add i39 %zext_ln33_12, i39 %zext_ln33_13" [firmware/myproject_axi_master.cpp:33]   --->   Operation 167 'add' 'add_ln33_13' <Predicate = (!icmp_ln33_8)> <Delay = 1.02> <CoreInst = "Adder">   --->   Core 1 'Adder' <Latency = 0> <II = 1> <Delay = 1.02> <FuncUnit> <Opcode : 'add' 'sub'> <InPorts = 2> <OutPorts = 1>
ST_6 : Operation 168 [1/1] (0.00ns)   --->   "%lshr_ln33_5 = partselect i38 @_ssdm_op_PartSelect.i38.i39.i32.i32, i39 %add_ln33_13, i32 1, i32 38" [firmware/myproject_axi_master.cpp:33]   --->   Operation 168 'partselect' 'lshr_ln33_5' <Predicate = (!icmp_ln33_8)> <Delay = 0.00>
ST_6 : Operation 169 [1/1] (0.00ns)   --->   "%zext_ln33_14 = zext i38 %lshr_ln33_5" [firmware/myproject_axi_master.cpp:33]   --->   Operation 169 'zext' 'zext_ln33_14' <Predicate = (!icmp_ln33_8)> <Delay = 0.00>
ST_6 : Operation 170 [1/1] (0.00ns) (grouped into LUT with out node add_ln33_14)   --->   "%tmp_19 = bitselect i1 @_ssdm_op_BitSelect.i1.i39.i32, i39 %add_ln33_13, i32 25" [firmware/myproject_axi_master.cpp:33]   --->   Operation 170 'bitselect' 'tmp_19' <Predicate = (!icmp_ln33_8)> <Delay = 0.00>
ST_6 : Operation 171 [1/1] (0.00ns) (grouped into LUT with out node add_ln33_14)   --->   "%select_ln33_5 = select i1 %tmp_19, i8 127, i8 126" [firmware/myproject_axi_master.cpp:33]   --->   Operation 171 'select' 'select_ln33_5' <Predicate = (!icmp_ln33_8)> <Delay = 0.00> <CoreInst = "Sel">   --->   Core 73 'Sel' <Latency = 0> <II = 1> <Delay = 0.39> <FuncUnit> <Opcode : 'select'> <InPorts = 3> <OutPorts = 1>
ST_6 : Operation 172 [1/1] (0.78ns)   --->   "%sub_ln33_11 = sub i6 18, i6 %trunc_ln33_7" [firmware/myproject_axi_master.cpp:33]   --->   Operation 172 'sub' 'sub_ln33_11' <Predicate = (!icmp_ln33_8)> <Delay = 0.78> <CoreInst = "Adder">   --->   Core 1 'Adder' <Latency = 0> <II = 1> <Delay = 0.78> <FuncUnit> <Opcode : 'add' 'sub'> <InPorts = 2> <OutPorts = 1>
ST_6 : Operation 173 [1/1] (0.00ns) (grouped into LUT with out node add_ln33_14)   --->   "%sext_ln33_8 = sext i6 %sub_ln33_11" [firmware/myproject_axi_master.cpp:33]   --->   Operation 173 'sext' 'sext_ln33_8' <Predicate = (!icmp_ln33_8)> <Delay = 0.00>
ST_6 : Operation 174 [1/1] (0.76ns) (out node of the LUT)   --->   "%add_ln33_14 = add i8 %select_ln33_5, i8 %sext_ln33_8" [firmware/myproject_axi_master.cpp:33]   --->   Operation 174 'add' 'add_ln33_14' <Predicate = (!icmp_ln33_8)> <Delay = 0.76> <CoreInst = "Adder">   --->   Core 1 'Adder' <Latency = 0> <II = 1> <Delay = 0.76> <FuncUnit> <Opcode : 'add' 'sub'> <InPorts = 2> <OutPorts = 1>
ST_6 : Operation 175 [1/1] (0.00ns)   --->   "%tmp_35_i = bitconcatenate i9 @_ssdm_op_BitConcatenate.i9.i1.i8, i1 %tmp_15, i8 %add_ln33_14" [firmware/myproject_axi_master.cpp:33]   --->   Operation 175 'bitconcatenate' 'tmp_35_i' <Predicate = (!icmp_ln33_8)> <Delay = 0.00>
ST_6 : Operation 176 [1/1] (0.00ns)   --->   "%pi_assign_2 = partset i64 @_ssdm_op_PartSet.i64.i64.i9.i32.i32, i64 %zext_ln33_14, i9 %tmp_35_i, i32 23, i32 31" [firmware/myproject_axi_master.cpp:33]   --->   Operation 176 'partset' 'pi_assign_2' <Predicate = (!icmp_ln33_8)> <Delay = 0.00>
ST_6 : Operation 177 [1/1] (0.00ns)   --->   "%LD_2 = trunc i64 %pi_assign_2" [firmware/myproject_axi_master.cpp:33]   --->   Operation 177 'trunc' 'LD_2' <Predicate = (!icmp_ln33_8)> <Delay = 0.00>
ST_6 : Operation 178 [1/1] (0.44ns)   --->   "%empty_78 = select i1 %icmp_ln33_8, i32 0, i32 %LD_2" [firmware/myproject_axi_master.cpp:33]   --->   Operation 178 'select' 'empty_78' <Predicate = true> <Delay = 0.44> <CoreInst = "Sel">   --->   Core 73 'Sel' <Latency = 0> <II = 1> <Delay = 0.44> <FuncUnit> <Opcode : 'select'> <InPorts = 3> <OutPorts = 1>
ST_6 : Operation 179 [1/1] (1.02ns)   --->   "%icmp_ln33_12 = icmp_eq  i38 %tmp_3, i38 0" [firmware/myproject_axi_master.cpp:33]   --->   Operation 179 'icmp' 'icmp_ln33_12' <Predicate = true> <Delay = 1.02> <CoreInst = "Cmp">   --->   Core 9 'Cmp' <Latency = 0> <II = 1> <Delay = 1.02> <FuncUnit> <Opcode : 'seteq' 'setne' 'setle' 'setge' 'setlt' 'setgt'> <InPorts = 2> <OutPorts = 1>
ST_6 : Operation 180 [1/1] (0.34ns)   --->   "%select_ln33_6 = select i1 %tmp_20, i38 %sub_ln33_12, i38 %tmp_3" [firmware/myproject_axi_master.cpp:33]   --->   Operation 180 'select' 'select_ln33_6' <Predicate = true> <Delay = 0.34> <CoreInst = "Sel">   --->   Core 73 'Sel' <Latency = 0> <II = 1> <Delay = 0.34> <FuncUnit> <Opcode : 'select'> <InPorts = 3> <OutPorts = 1>
ST_6 : Operation 181 [1/1] (0.00ns) (grouped into LUT with out node icmp_ln33_14)   --->   "%trunc_ln33_9 = trunc i38 %select_ln33_6" [firmware/myproject_axi_master.cpp:33]   --->   Operation 181 'trunc' 'trunc_ln33_9' <Predicate = true> <Delay = 0.00>
ST_6 : Operation 182 [1/1] (0.63ns)   --->   "%tmp_22_i = ctlz i38 @llvm.ctlz.i38, i38 %select_ln33_6, i1 0" [firmware/myproject_axi_master.cpp:33]   --->   Operation 182 'ctlz' 'tmp_22_i' <Predicate = true> <Delay = 0.63> <CoreInst = "ctlz">   --->   Core 145 'ctlz' <Latency = 0> <II = 1> <Delay = 0.63> <FuncUnit> <Opcode : 'ctlz'> <InPorts = 1> <OutPorts = 1>
ST_6 : Operation 183 [1/1] (0.00ns)   --->   "%trunc_ln33_10 = trunc i38 %tmp_22_i" [firmware/myproject_axi_master.cpp:33]   --->   Operation 183 'trunc' 'trunc_ln33_10' <Predicate = true> <Delay = 0.00>
ST_6 : Operation 184 [1/1] (0.78ns)   --->   "%sub_ln33_13 = sub i6 38, i6 %trunc_ln33_10" [firmware/myproject_axi_master.cpp:33]   --->   Operation 184 'sub' 'sub_ln33_13' <Predicate = true> <Delay = 0.78> <CoreInst = "Adder">   --->   Core 1 'Adder' <Latency = 0> <II = 1> <Delay = 0.78> <FuncUnit> <Opcode : 'add' 'sub'> <InPorts = 2> <OutPorts = 1>
ST_6 : Operation 185 [1/1] (0.78ns)   --->   "%add_ln33_15 = add i6 %sub_ln33_13, i6 40" [firmware/myproject_axi_master.cpp:33]   --->   Operation 185 'add' 'add_ln33_15' <Predicate = true> <Delay = 0.78> <CoreInst = "Adder">   --->   Core 1 'Adder' <Latency = 0> <II = 1> <Delay = 0.78> <FuncUnit> <Opcode : 'add' 'sub'> <InPorts = 2> <OutPorts = 1>
ST_6 : Operation 186 [1/1] (0.00ns)   --->   "%tmp_21 = partselect i5 @_ssdm_op_PartSelect.i5.i6.i32.i32, i6 %add_ln33_15, i32 1, i32 5" [firmware/myproject_axi_master.cpp:33]   --->   Operation 186 'partselect' 'tmp_21' <Predicate = true> <Delay = 0.00>
ST_6 : Operation 187 [1/1] (0.78ns)   --->   "%icmp_ln33_13 = icmp_sgt  i5 %tmp_21, i5 0" [firmware/myproject_axi_master.cpp:33]   --->   Operation 187 'icmp' 'icmp_ln33_13' <Predicate = true> <Delay = 0.78> <CoreInst = "Cmp">   --->   Core 9 'Cmp' <Latency = 0> <II = 1> <Delay = 0.78> <FuncUnit> <Opcode : 'seteq' 'setne' 'setle' 'setge' 'setlt' 'setgt'> <InPorts = 2> <OutPorts = 1>
ST_6 : Operation 188 [1/1] (0.78ns)   --->   "%add_ln33_16 = add i6 %trunc_ln33_10, i6 25" [firmware/myproject_axi_master.cpp:33]   --->   Operation 188 'add' 'add_ln33_16' <Predicate = true> <Delay = 0.78> <CoreInst = "Adder">   --->   Core 1 'Adder' <Latency = 0> <II = 1> <Delay = 0.78> <FuncUnit> <Opcode : 'add' 'sub'> <InPorts = 2> <OutPorts = 1>
ST_6 : Operation 189 [1/1] (0.00ns)   --->   "%zext_ln33_21 = zext i6 %add_ln33_16" [firmware/myproject_axi_master.cpp:33]   --->   Operation 189 'zext' 'zext_ln33_21' <Predicate = true> <Delay = 0.00>
ST_6 : Operation 190 [1/1] (0.73ns)   --->   "%lshr_ln33_13 = lshr i38 274877906943, i38 %zext_ln33_21" [firmware/myproject_axi_master.cpp:33]   --->   Operation 190 'lshr' 'lshr_ln33_13' <Predicate = true> <Delay = 0.73> <CoreInst = "Shifter">   --->   Core 75 'Shifter' <Latency = 0> <II = 1> <Delay = 0.73> <FuncUnit> <Opcode : 'shl' 'lshr' 'ashr'> <InPorts = 2> <OutPorts = 1>
ST_6 : Operation 191 [1/1] (0.00ns) (grouped into LUT with out node icmp_ln33_14)   --->   "%trunc_ln33_11 = trunc i38 %lshr_ln33_13" [firmware/myproject_axi_master.cpp:33]   --->   Operation 191 'trunc' 'trunc_ln33_11' <Predicate = true> <Delay = 0.00>
ST_6 : Operation 192 [1/1] (0.00ns) (grouped into LUT with out node icmp_ln33_14)   --->   "%and_ln33_3 = and i13 %trunc_ln33_9, i13 %trunc_ln33_11" [firmware/myproject_axi_master.cpp:33]   --->   Operation 192 'and' 'and_ln33_3' <Predicate = true> <Delay = 0.00> <CoreInst = "LogicGate">   --->   Core 74 'LogicGate' <Latency = 0> <II = 1> <Delay = 0.33> <FuncUnit> <Opcode : 'and' 'or' 'xor'> <InPorts = 2> <OutPorts = 1>
ST_6 : Operation 193 [1/1] (0.82ns) (out node of the LUT)   --->   "%icmp_ln33_14 = icmp_ne  i13 %and_ln33_3, i13 0" [firmware/myproject_axi_master.cpp:33]   --->   Operation 193 'icmp' 'icmp_ln33_14' <Predicate = true> <Delay = 0.82> <CoreInst = "Cmp">   --->   Core 9 'Cmp' <Latency = 0> <II = 1> <Delay = 0.82> <FuncUnit> <Opcode : 'seteq' 'setne' 'setle' 'setge' 'setlt' 'setgt'> <InPorts = 2> <OutPorts = 1>
ST_6 : Operation 194 [1/1] (0.00ns) (grouped into LUT with out node or_ln33_3)   --->   "%phi_ln33_6 = and i1 %icmp_ln33_13, i1 %icmp_ln33_14" [firmware/myproject_axi_master.cpp:33]   --->   Operation 194 'and' 'phi_ln33_6' <Predicate = true> <Delay = 0.00> <CoreInst = "LogicGate">   --->   Core 74 'LogicGate' <Latency = 0> <II = 1> <Delay = 0.28> <FuncUnit> <Opcode : 'and' 'or' 'xor'> <InPorts = 2> <OutPorts = 1>
ST_6 : Operation 195 [1/1] (0.00ns) (grouped into LUT with out node or_ln33_3)   --->   "%tmp_22 = bitselect i1 @_ssdm_op_BitSelect.i1.i6.i32, i6 %add_ln33_15, i32 5" [firmware/myproject_axi_master.cpp:33]   --->   Operation 195 'bitselect' 'tmp_22' <Predicate = true> <Delay = 0.00>
ST_6 : Operation 196 [1/1] (0.00ns) (grouped into LUT with out node or_ln33_3)   --->   "%xor_ln33_3 = xor i1 %tmp_22, i1 1" [firmware/myproject_axi_master.cpp:33]   --->   Operation 196 'xor' 'xor_ln33_3' <Predicate = true> <Delay = 0.00> <CoreInst = "LogicGate">   --->   Core 74 'LogicGate' <Latency = 0> <II = 1> <Delay = 0.28> <FuncUnit> <Opcode : 'and' 'or' 'xor'> <InPorts = 2> <OutPorts = 1>
ST_6 : Operation 197 [1/1] (0.65ns)   --->   "%tmp_23 = bitselect i1 @_ssdm_op_BitSelect.i1.i38.i6, i38 %select_ln33_6, i6 %add_ln33_15" [firmware/myproject_axi_master.cpp:33]   --->   Operation 197 'bitselect' 'tmp_23' <Predicate = true> <Delay = 0.65> <CoreInst = "BitSelector">   --->   Core 153 'BitSelector' <Latency = 0> <II = 1> <Delay = 0.65> <FuncUnit> <Opcode : 'bitselect'> <InPorts = 2> <OutPorts = 1>
ST_6 : Operation 198 [1/1] (0.00ns) (grouped into LUT with out node or_ln33_3)   --->   "%phi_ln33_7 = and i1 %tmp_23, i1 %xor_ln33_3" [firmware/myproject_axi_master.cpp:33]   --->   Operation 198 'and' 'phi_ln33_7' <Predicate = true> <Delay = 0.00> <CoreInst = "LogicGate">   --->   Core 74 'LogicGate' <Latency = 0> <II = 1> <Delay = 0.28> <FuncUnit> <Opcode : 'and' 'or' 'xor'> <InPorts = 2> <OutPorts = 1>
ST_6 : Operation 199 [1/1] (0.28ns) (out node of the LUT)   --->   "%or_ln33_3 = or i1 %phi_ln33_7, i1 %phi_ln33_6" [firmware/myproject_axi_master.cpp:33]   --->   Operation 199 'or' 'or_ln33_3' <Predicate = true> <Delay = 0.28> <CoreInst = "LogicGate">   --->   Core 74 'LogicGate' <Latency = 0> <II = 1> <Delay = 0.28> <FuncUnit> <Opcode : 'and' 'or' 'xor'> <InPorts = 2> <OutPorts = 1>
ST_6 : Operation 200 [1/1] (0.78ns)   --->   "%icmp_ln33_15 = icmp_sgt  i6 %add_ln33_15, i6 0" [firmware/myproject_axi_master.cpp:33]   --->   Operation 200 'icmp' 'icmp_ln33_15' <Predicate = true> <Delay = 0.78> <CoreInst = "Cmp">   --->   Core 9 'Cmp' <Latency = 0> <II = 1> <Delay = 0.78> <FuncUnit> <Opcode : 'seteq' 'setne' 'setle' 'setge' 'setlt' 'setgt'> <InPorts = 2> <OutPorts = 1>
ST_6 : Operation 201 [1/1] (0.78ns)   --->   "%add_ln33_17 = add i6 %sub_ln33_13, i6 39" [firmware/myproject_axi_master.cpp:33]   --->   Operation 201 'add' 'add_ln33_17' <Predicate = true> <Delay = 0.78> <CoreInst = "Adder">   --->   Core 1 'Adder' <Latency = 0> <II = 1> <Delay = 0.78> <FuncUnit> <Opcode : 'add' 'sub'> <InPorts = 2> <OutPorts = 1>
ST_6 : Operation 202 [1/1] (0.00ns)   --->   "%sext_ln33_9 = sext i6 %add_ln33_17" [firmware/myproject_axi_master.cpp:33]   --->   Operation 202 'sext' 'sext_ln33_9' <Predicate = true> <Delay = 0.00>
ST_6 : Operation 203 [1/1] (0.00ns)   --->   "%zext_ln33_25 = zext i32 %sext_ln33_9" [firmware/myproject_axi_master.cpp:33]   --->   Operation 203 'zext' 'zext_ln33_25' <Predicate = true> <Delay = 0.00>
ST_6 : Operation 204 [1/1] (1.46ns)   --->   "%lshr_ln33_6 = lshr i38 %select_ln33_6, i38 %zext_ln33_25" [firmware/myproject_axi_master.cpp:33]   --->   Operation 204 'lshr' 'lshr_ln33_6' <Predicate = true> <Delay = 1.46> <CoreInst = "Shifter">   --->   Core 75 'Shifter' <Latency = 0> <II = 1> <Delay = 1.46> <FuncUnit> <Opcode : 'shl' 'lshr' 'ashr'> <InPorts = 2> <OutPorts = 1>
ST_6 : Operation 205 [1/1] (0.78ns)   --->   "%sub_ln33_14 = sub i6 25, i6 %sub_ln33_13" [firmware/myproject_axi_master.cpp:33]   --->   Operation 205 'sub' 'sub_ln33_14' <Predicate = true> <Delay = 0.78> <CoreInst = "Adder">   --->   Core 1 'Adder' <Latency = 0> <II = 1> <Delay = 0.78> <FuncUnit> <Opcode : 'add' 'sub'> <InPorts = 2> <OutPorts = 1>
ST_6 : Operation 206 [1/1] (0.00ns)   --->   "%sext_ln33_10 = sext i6 %sub_ln33_14" [firmware/myproject_axi_master.cpp:33]   --->   Operation 206 'sext' 'sext_ln33_10' <Predicate = true> <Delay = 0.00>
ST_6 : Operation 207 [1/1] (0.00ns)   --->   "%zext_ln33_26 = zext i32 %sext_ln33_10" [firmware/myproject_axi_master.cpp:33]   --->   Operation 207 'zext' 'zext_ln33_26' <Predicate = true> <Delay = 0.00>
ST_6 : Operation 208 [1/1] (1.46ns)   --->   "%shl_ln33_3 = shl i38 %select_ln33_6, i38 %zext_ln33_26" [firmware/myproject_axi_master.cpp:33]   --->   Operation 208 'shl' 'shl_ln33_3' <Predicate = true> <Delay = 1.46> <CoreInst = "Shifter">   --->   Core 75 'Shifter' <Latency = 0> <II = 1> <Delay = 1.46> <FuncUnit> <Opcode : 'shl' 'lshr' 'ashr'> <InPorts = 2> <OutPorts = 1>
ST_6 : Operation 209 [1/1] (1.02ns)   --->   "%sub_ln33_16 = sub i38 0, i38 %tmp_4" [firmware/myproject_axi_master.cpp:33]   --->   Operation 209 'sub' 'sub_ln33_16' <Predicate = (tmp_25)> <Delay = 1.02> <CoreInst = "Adder">   --->   Core 1 'Adder' <Latency = 0> <II = 1> <Delay = 1.02> <FuncUnit> <Opcode : 'add' 'sub'> <InPorts = 2> <OutPorts = 1>

State 7 <SV = 6> <Delay = 4.37>
ST_7 : Operation 210 [1/1] ( I:4.37ns O:4.37ns )   --->   "%write_ln33 = write void @_ssdm_op_Write.m_axi.p1i32.i32, i32 %gmem_out0_addr, i32 %empty_78, i4 15" [firmware/myproject_axi_master.cpp:33]   --->   Operation 210 'write' 'write_ln33' <Predicate = true> <Delay = 4.37> <CoreInst = "m_axi">   --->   Core 119 'm_axi' <Latency = 5> <II = 1> <Delay = 1.00> <Adapter> <Opcode : 'readrequnaligned' 'writerequnaligned' 'read' 'write' 'readreq' 'writereq' 'writeresp'>
ST_7 : Operation 211 [1/1] (0.00ns) (grouped into LUT with out node add_ln33_18)   --->   "%cond47_i_i_3_in_i = select i1 %icmp_ln33_15, i38 %lshr_ln33_6, i38 %shl_ln33_3" [firmware/myproject_axi_master.cpp:33]   --->   Operation 211 'select' 'cond47_i_i_3_in_i' <Predicate = (!icmp_ln33_12)> <Delay = 0.00> <CoreInst = "Sel">   --->   Core 73 'Sel' <Latency = 0> <II = 1> <Delay = 0.34> <FuncUnit> <Opcode : 'select'> <InPorts = 3> <OutPorts = 1>
ST_7 : Operation 212 [1/1] (0.00ns) (grouped into LUT with out node add_ln33_18)   --->   "%zext_ln33_17 = zext i38 %cond47_i_i_3_in_i" [firmware/myproject_axi_master.cpp:33]   --->   Operation 212 'zext' 'zext_ln33_17' <Predicate = (!icmp_ln33_12)> <Delay = 0.00>
ST_7 : Operation 213 [1/1] (0.00ns) (grouped into LUT with out node add_ln33_18)   --->   "%zext_ln33_18 = zext i1 %or_ln33_3" [firmware/myproject_axi_master.cpp:33]   --->   Operation 213 'zext' 'zext_ln33_18' <Predicate = (!icmp_ln33_12)> <Delay = 0.00>
ST_7 : Operation 214 [1/1] (1.02ns) (out node of the LUT)   --->   "%add_ln33_18 = add i39 %zext_ln33_17, i39 %zext_ln33_18" [firmware/myproject_axi_master.cpp:33]   --->   Operation 214 'add' 'add_ln33_18' <Predicate = (!icmp_ln33_12)> <Delay = 1.02> <CoreInst = "Adder">   --->   Core 1 'Adder' <Latency = 0> <II = 1> <Delay = 1.02> <FuncUnit> <Opcode : 'add' 'sub'> <InPorts = 2> <OutPorts = 1>
ST_7 : Operation 215 [1/1] (0.00ns)   --->   "%lshr_ln33_7 = partselect i38 @_ssdm_op_PartSelect.i38.i39.i32.i32, i39 %add_ln33_18, i32 1, i32 38" [firmware/myproject_axi_master.cpp:33]   --->   Operation 215 'partselect' 'lshr_ln33_7' <Predicate = (!icmp_ln33_12)> <Delay = 0.00>
ST_7 : Operation 216 [1/1] (0.00ns)   --->   "%zext_ln33_19 = zext i38 %lshr_ln33_7" [firmware/myproject_axi_master.cpp:33]   --->   Operation 216 'zext' 'zext_ln33_19' <Predicate = (!icmp_ln33_12)> <Delay = 0.00>
ST_7 : Operation 217 [1/1] (0.00ns) (grouped into LUT with out node add_ln33_19)   --->   "%tmp_24 = bitselect i1 @_ssdm_op_BitSelect.i1.i39.i32, i39 %add_ln33_18, i32 25" [firmware/myproject_axi_master.cpp:33]   --->   Operation 217 'bitselect' 'tmp_24' <Predicate = (!icmp_ln33_12)> <Delay = 0.00>
ST_7 : Operation 218 [1/1] (0.00ns) (grouped into LUT with out node add_ln33_19)   --->   "%select_ln33_7 = select i1 %tmp_24, i8 127, i8 126" [firmware/myproject_axi_master.cpp:33]   --->   Operation 218 'select' 'select_ln33_7' <Predicate = (!icmp_ln33_12)> <Delay = 0.00> <CoreInst = "Sel">   --->   Core 73 'Sel' <Latency = 0> <II = 1> <Delay = 0.39> <FuncUnit> <Opcode : 'select'> <InPorts = 3> <OutPorts = 1>
ST_7 : Operation 219 [1/1] (0.78ns)   --->   "%sub_ln33_15 = sub i6 18, i6 %trunc_ln33_10" [firmware/myproject_axi_master.cpp:33]   --->   Operation 219 'sub' 'sub_ln33_15' <Predicate = (!icmp_ln33_12)> <Delay = 0.78> <CoreInst = "Adder">   --->   Core 1 'Adder' <Latency = 0> <II = 1> <Delay = 0.78> <FuncUnit> <Opcode : 'add' 'sub'> <InPorts = 2> <OutPorts = 1>
ST_7 : Operation 220 [1/1] (0.00ns) (grouped into LUT with out node add_ln33_19)   --->   "%sext_ln33_11 = sext i6 %sub_ln33_15" [firmware/myproject_axi_master.cpp:33]   --->   Operation 220 'sext' 'sext_ln33_11' <Predicate = (!icmp_ln33_12)> <Delay = 0.00>
ST_7 : Operation 221 [1/1] (0.76ns) (out node of the LUT)   --->   "%add_ln33_19 = add i8 %select_ln33_7, i8 %sext_ln33_11" [firmware/myproject_axi_master.cpp:33]   --->   Operation 221 'add' 'add_ln33_19' <Predicate = (!icmp_ln33_12)> <Delay = 0.76> <CoreInst = "Adder">   --->   Core 1 'Adder' <Latency = 0> <II = 1> <Delay = 0.76> <FuncUnit> <Opcode : 'add' 'sub'> <InPorts = 2> <OutPorts = 1>
ST_7 : Operation 222 [1/1] (0.00ns)   --->   "%tmp_37_i = bitconcatenate i9 @_ssdm_op_BitConcatenate.i9.i1.i8, i1 %tmp_20, i8 %add_ln33_19" [firmware/myproject_axi_master.cpp:33]   --->   Operation 222 'bitconcatenate' 'tmp_37_i' <Predicate = (!icmp_ln33_12)> <Delay = 0.00>
ST_7 : Operation 223 [1/1] (0.00ns)   --->   "%pi_assign_3 = partset i64 @_ssdm_op_PartSet.i64.i64.i9.i32.i32, i64 %zext_ln33_19, i9 %tmp_37_i, i32 23, i32 31" [firmware/myproject_axi_master.cpp:33]   --->   Operation 223 'partset' 'pi_assign_3' <Predicate = (!icmp_ln33_12)> <Delay = 0.00>
ST_7 : Operation 224 [1/1] (0.00ns)   --->   "%LD_3 = trunc i64 %pi_assign_3" [firmware/myproject_axi_master.cpp:33]   --->   Operation 224 'trunc' 'LD_3' <Predicate = (!icmp_ln33_12)> <Delay = 0.00>
ST_7 : Operation 225 [1/1] (0.44ns)   --->   "%empty_79 = select i1 %icmp_ln33_12, i32 0, i32 %LD_3" [firmware/myproject_axi_master.cpp:33]   --->   Operation 225 'select' 'empty_79' <Predicate = true> <Delay = 0.44> <CoreInst = "Sel">   --->   Core 73 'Sel' <Latency = 0> <II = 1> <Delay = 0.44> <FuncUnit> <Opcode : 'select'> <InPorts = 3> <OutPorts = 1>
ST_7 : Operation 226 [1/1] (1.02ns)   --->   "%icmp_ln33_16 = icmp_eq  i38 %tmp_4, i38 0" [firmware/myproject_axi_master.cpp:33]   --->   Operation 226 'icmp' 'icmp_ln33_16' <Predicate = true> <Delay = 1.02> <CoreInst = "Cmp">   --->   Core 9 'Cmp' <Latency = 0> <II = 1> <Delay = 1.02> <FuncUnit> <Opcode : 'seteq' 'setne' 'setle' 'setge' 'setlt' 'setgt'> <InPorts = 2> <OutPorts = 1>
ST_7 : Operation 227 [1/1] (0.34ns)   --->   "%select_ln33_8 = select i1 %tmp_25, i38 %sub_ln33_16, i38 %tmp_4" [firmware/myproject_axi_master.cpp:33]   --->   Operation 227 'select' 'select_ln33_8' <Predicate = true> <Delay = 0.34> <CoreInst = "Sel">   --->   Core 73 'Sel' <Latency = 0> <II = 1> <Delay = 0.34> <FuncUnit> <Opcode : 'select'> <InPorts = 3> <OutPorts = 1>
ST_7 : Operation 228 [1/1] (0.00ns) (grouped into LUT with out node icmp_ln33_18)   --->   "%trunc_ln33_12 = trunc i38 %select_ln33_8" [firmware/myproject_axi_master.cpp:33]   --->   Operation 228 'trunc' 'trunc_ln33_12' <Predicate = true> <Delay = 0.00>
ST_7 : Operation 229 [1/1] (0.63ns)   --->   "%tmp_28_i = ctlz i38 @llvm.ctlz.i38, i38 %select_ln33_8, i1 0" [firmware/myproject_axi_master.cpp:33]   --->   Operation 229 'ctlz' 'tmp_28_i' <Predicate = true> <Delay = 0.63> <CoreInst = "ctlz">   --->   Core 145 'ctlz' <Latency = 0> <II = 1> <Delay = 0.63> <FuncUnit> <Opcode : 'ctlz'> <InPorts = 1> <OutPorts = 1>
ST_7 : Operation 230 [1/1] (0.00ns)   --->   "%trunc_ln33_13 = trunc i38 %tmp_28_i" [firmware/myproject_axi_master.cpp:33]   --->   Operation 230 'trunc' 'trunc_ln33_13' <Predicate = true> <Delay = 0.00>
ST_7 : Operation 231 [1/1] (0.78ns)   --->   "%sub_ln33_17 = sub i6 38, i6 %trunc_ln33_13" [firmware/myproject_axi_master.cpp:33]   --->   Operation 231 'sub' 'sub_ln33_17' <Predicate = true> <Delay = 0.78> <CoreInst = "Adder">   --->   Core 1 'Adder' <Latency = 0> <II = 1> <Delay = 0.78> <FuncUnit> <Opcode : 'add' 'sub'> <InPorts = 2> <OutPorts = 1>
ST_7 : Operation 232 [1/1] (0.78ns)   --->   "%add_ln33_20 = add i6 %sub_ln33_17, i6 40" [firmware/myproject_axi_master.cpp:33]   --->   Operation 232 'add' 'add_ln33_20' <Predicate = true> <Delay = 0.78> <CoreInst = "Adder">   --->   Core 1 'Adder' <Latency = 0> <II = 1> <Delay = 0.78> <FuncUnit> <Opcode : 'add' 'sub'> <InPorts = 2> <OutPorts = 1>
ST_7 : Operation 233 [1/1] (0.00ns)   --->   "%tmp_26 = partselect i5 @_ssdm_op_PartSelect.i5.i6.i32.i32, i6 %add_ln33_20, i32 1, i32 5" [firmware/myproject_axi_master.cpp:33]   --->   Operation 233 'partselect' 'tmp_26' <Predicate = true> <Delay = 0.00>
ST_7 : Operation 234 [1/1] (0.78ns)   --->   "%icmp_ln33_17 = icmp_sgt  i5 %tmp_26, i5 0" [firmware/myproject_axi_master.cpp:33]   --->   Operation 234 'icmp' 'icmp_ln33_17' <Predicate = true> <Delay = 0.78> <CoreInst = "Cmp">   --->   Core 9 'Cmp' <Latency = 0> <II = 1> <Delay = 0.78> <FuncUnit> <Opcode : 'seteq' 'setne' 'setle' 'setge' 'setlt' 'setgt'> <InPorts = 2> <OutPorts = 1>
ST_7 : Operation 235 [1/1] (0.78ns)   --->   "%add_ln33_21 = add i6 %trunc_ln33_13, i6 25" [firmware/myproject_axi_master.cpp:33]   --->   Operation 235 'add' 'add_ln33_21' <Predicate = true> <Delay = 0.78> <CoreInst = "Adder">   --->   Core 1 'Adder' <Latency = 0> <II = 1> <Delay = 0.78> <FuncUnit> <Opcode : 'add' 'sub'> <InPorts = 2> <OutPorts = 1>
ST_7 : Operation 236 [1/1] (0.00ns)   --->   "%zext_ln33_27 = zext i6 %add_ln33_21" [firmware/myproject_axi_master.cpp:33]   --->   Operation 236 'zext' 'zext_ln33_27' <Predicate = true> <Delay = 0.00>
ST_7 : Operation 237 [1/1] (0.73ns)   --->   "%lshr_ln33_14 = lshr i38 274877906943, i38 %zext_ln33_27" [firmware/myproject_axi_master.cpp:33]   --->   Operation 237 'lshr' 'lshr_ln33_14' <Predicate = true> <Delay = 0.73> <CoreInst = "Shifter">   --->   Core 75 'Shifter' <Latency = 0> <II = 1> <Delay = 0.73> <FuncUnit> <Opcode : 'shl' 'lshr' 'ashr'> <InPorts = 2> <OutPorts = 1>
ST_7 : Operation 238 [1/1] (0.00ns) (grouped into LUT with out node icmp_ln33_18)   --->   "%trunc_ln33_14 = trunc i38 %lshr_ln33_14" [firmware/myproject_axi_master.cpp:33]   --->   Operation 238 'trunc' 'trunc_ln33_14' <Predicate = true> <Delay = 0.00>
ST_7 : Operation 239 [1/1] (0.00ns) (grouped into LUT with out node icmp_ln33_18)   --->   "%and_ln33_4 = and i13 %trunc_ln33_12, i13 %trunc_ln33_14" [firmware/myproject_axi_master.cpp:33]   --->   Operation 239 'and' 'and_ln33_4' <Predicate = true> <Delay = 0.00> <CoreInst = "LogicGate">   --->   Core 74 'LogicGate' <Latency = 0> <II = 1> <Delay = 0.33> <FuncUnit> <Opcode : 'and' 'or' 'xor'> <InPorts = 2> <OutPorts = 1>
ST_7 : Operation 240 [1/1] (0.82ns) (out node of the LUT)   --->   "%icmp_ln33_18 = icmp_ne  i13 %and_ln33_4, i13 0" [firmware/myproject_axi_master.cpp:33]   --->   Operation 240 'icmp' 'icmp_ln33_18' <Predicate = true> <Delay = 0.82> <CoreInst = "Cmp">   --->   Core 9 'Cmp' <Latency = 0> <II = 1> <Delay = 0.82> <FuncUnit> <Opcode : 'seteq' 'setne' 'setle' 'setge' 'setlt' 'setgt'> <InPorts = 2> <OutPorts = 1>
ST_7 : Operation 241 [1/1] (0.00ns) (grouped into LUT with out node or_ln33_4)   --->   "%phi_ln33_8 = and i1 %icmp_ln33_17, i1 %icmp_ln33_18" [firmware/myproject_axi_master.cpp:33]   --->   Operation 241 'and' 'phi_ln33_8' <Predicate = true> <Delay = 0.00> <CoreInst = "LogicGate">   --->   Core 74 'LogicGate' <Latency = 0> <II = 1> <Delay = 0.28> <FuncUnit> <Opcode : 'and' 'or' 'xor'> <InPorts = 2> <OutPorts = 1>
ST_7 : Operation 242 [1/1] (0.00ns) (grouped into LUT with out node or_ln33_4)   --->   "%tmp_27 = bitselect i1 @_ssdm_op_BitSelect.i1.i6.i32, i6 %add_ln33_20, i32 5" [firmware/myproject_axi_master.cpp:33]   --->   Operation 242 'bitselect' 'tmp_27' <Predicate = true> <Delay = 0.00>
ST_7 : Operation 243 [1/1] (0.00ns) (grouped into LUT with out node or_ln33_4)   --->   "%xor_ln33_4 = xor i1 %tmp_27, i1 1" [firmware/myproject_axi_master.cpp:33]   --->   Operation 243 'xor' 'xor_ln33_4' <Predicate = true> <Delay = 0.00> <CoreInst = "LogicGate">   --->   Core 74 'LogicGate' <Latency = 0> <II = 1> <Delay = 0.28> <FuncUnit> <Opcode : 'and' 'or' 'xor'> <InPorts = 2> <OutPorts = 1>
ST_7 : Operation 244 [1/1] (0.65ns)   --->   "%tmp_28 = bitselect i1 @_ssdm_op_BitSelect.i1.i38.i6, i38 %select_ln33_8, i6 %add_ln33_20" [firmware/myproject_axi_master.cpp:33]   --->   Operation 244 'bitselect' 'tmp_28' <Predicate = true> <Delay = 0.65> <CoreInst = "BitSelector">   --->   Core 153 'BitSelector' <Latency = 0> <II = 1> <Delay = 0.65> <FuncUnit> <Opcode : 'bitselect'> <InPorts = 2> <OutPorts = 1>
ST_7 : Operation 245 [1/1] (0.00ns) (grouped into LUT with out node or_ln33_4)   --->   "%phi_ln33_9 = and i1 %tmp_28, i1 %xor_ln33_4" [firmware/myproject_axi_master.cpp:33]   --->   Operation 245 'and' 'phi_ln33_9' <Predicate = true> <Delay = 0.00> <CoreInst = "LogicGate">   --->   Core 74 'LogicGate' <Latency = 0> <II = 1> <Delay = 0.28> <FuncUnit> <Opcode : 'and' 'or' 'xor'> <InPorts = 2> <OutPorts = 1>
ST_7 : Operation 246 [1/1] (0.28ns) (out node of the LUT)   --->   "%or_ln33_4 = or i1 %phi_ln33_9, i1 %phi_ln33_8" [firmware/myproject_axi_master.cpp:33]   --->   Operation 246 'or' 'or_ln33_4' <Predicate = true> <Delay = 0.28> <CoreInst = "LogicGate">   --->   Core 74 'LogicGate' <Latency = 0> <II = 1> <Delay = 0.28> <FuncUnit> <Opcode : 'and' 'or' 'xor'> <InPorts = 2> <OutPorts = 1>
ST_7 : Operation 247 [1/1] (0.78ns)   --->   "%icmp_ln33_19 = icmp_sgt  i6 %add_ln33_20, i6 0" [firmware/myproject_axi_master.cpp:33]   --->   Operation 247 'icmp' 'icmp_ln33_19' <Predicate = true> <Delay = 0.78> <CoreInst = "Cmp">   --->   Core 9 'Cmp' <Latency = 0> <II = 1> <Delay = 0.78> <FuncUnit> <Opcode : 'seteq' 'setne' 'setle' 'setge' 'setlt' 'setgt'> <InPorts = 2> <OutPorts = 1>
ST_7 : Operation 248 [1/1] (0.78ns)   --->   "%add_ln33_22 = add i6 %sub_ln33_17, i6 39" [firmware/myproject_axi_master.cpp:33]   --->   Operation 248 'add' 'add_ln33_22' <Predicate = true> <Delay = 0.78> <CoreInst = "Adder">   --->   Core 1 'Adder' <Latency = 0> <II = 1> <Delay = 0.78> <FuncUnit> <Opcode : 'add' 'sub'> <InPorts = 2> <OutPorts = 1>
ST_7 : Operation 249 [1/1] (0.00ns)   --->   "%sext_ln33_12 = sext i6 %add_ln33_22" [firmware/myproject_axi_master.cpp:33]   --->   Operation 249 'sext' 'sext_ln33_12' <Predicate = true> <Delay = 0.00>
ST_7 : Operation 250 [1/1] (0.00ns)   --->   "%zext_ln33_28 = zext i32 %sext_ln33_12" [firmware/myproject_axi_master.cpp:33]   --->   Operation 250 'zext' 'zext_ln33_28' <Predicate = true> <Delay = 0.00>
ST_7 : Operation 251 [1/1] (1.46ns)   --->   "%lshr_ln33_8 = lshr i38 %select_ln33_8, i38 %zext_ln33_28" [firmware/myproject_axi_master.cpp:33]   --->   Operation 251 'lshr' 'lshr_ln33_8' <Predicate = true> <Delay = 1.46> <CoreInst = "Shifter">   --->   Core 75 'Shifter' <Latency = 0> <II = 1> <Delay = 1.46> <FuncUnit> <Opcode : 'shl' 'lshr' 'ashr'> <InPorts = 2> <OutPorts = 1>
ST_7 : Operation 252 [1/1] (0.78ns)   --->   "%sub_ln33_18 = sub i6 25, i6 %sub_ln33_17" [firmware/myproject_axi_master.cpp:33]   --->   Operation 252 'sub' 'sub_ln33_18' <Predicate = true> <Delay = 0.78> <CoreInst = "Adder">   --->   Core 1 'Adder' <Latency = 0> <II = 1> <Delay = 0.78> <FuncUnit> <Opcode : 'add' 'sub'> <InPorts = 2> <OutPorts = 1>
ST_7 : Operation 253 [1/1] (0.00ns)   --->   "%sext_ln33_13 = sext i6 %sub_ln33_18" [firmware/myproject_axi_master.cpp:33]   --->   Operation 253 'sext' 'sext_ln33_13' <Predicate = true> <Delay = 0.00>
ST_7 : Operation 254 [1/1] (0.00ns)   --->   "%zext_ln33_29 = zext i32 %sext_ln33_13" [firmware/myproject_axi_master.cpp:33]   --->   Operation 254 'zext' 'zext_ln33_29' <Predicate = true> <Delay = 0.00>
ST_7 : Operation 255 [1/1] (1.46ns)   --->   "%shl_ln33_4 = shl i38 %select_ln33_8, i38 %zext_ln33_29" [firmware/myproject_axi_master.cpp:33]   --->   Operation 255 'shl' 'shl_ln33_4' <Predicate = true> <Delay = 1.46> <CoreInst = "Shifter">   --->   Core 75 'Shifter' <Latency = 0> <II = 1> <Delay = 1.46> <FuncUnit> <Opcode : 'shl' 'lshr' 'ashr'> <InPorts = 2> <OutPorts = 1>

State 8 <SV = 7> <Delay = 4.37>
ST_8 : Operation 256 [1/1] ( I:4.37ns O:4.37ns )   --->   "%write_ln33 = write void @_ssdm_op_Write.m_axi.p1i32.i32, i32 %gmem_out0_addr, i32 %empty_79, i4 15" [firmware/myproject_axi_master.cpp:33]   --->   Operation 256 'write' 'write_ln33' <Predicate = true> <Delay = 4.37> <CoreInst = "m_axi">   --->   Core 119 'm_axi' <Latency = 5> <II = 1> <Delay = 1.00> <Adapter> <Opcode : 'readrequnaligned' 'writerequnaligned' 'read' 'write' 'readreq' 'writereq' 'writeresp'>
ST_8 : Operation 257 [1/1] (0.00ns) (grouped into LUT with out node add_ln33_23)   --->   "%cond47_i_i_4_in_i = select i1 %icmp_ln33_19, i38 %lshr_ln33_8, i38 %shl_ln33_4" [firmware/myproject_axi_master.cpp:33]   --->   Operation 257 'select' 'cond47_i_i_4_in_i' <Predicate = (!icmp_ln33_16)> <Delay = 0.00> <CoreInst = "Sel">   --->   Core 73 'Sel' <Latency = 0> <II = 1> <Delay = 0.34> <FuncUnit> <Opcode : 'select'> <InPorts = 3> <OutPorts = 1>
ST_8 : Operation 258 [1/1] (0.00ns) (grouped into LUT with out node add_ln33_23)   --->   "%zext_ln33_22 = zext i38 %cond47_i_i_4_in_i" [firmware/myproject_axi_master.cpp:33]   --->   Operation 258 'zext' 'zext_ln33_22' <Predicate = (!icmp_ln33_16)> <Delay = 0.00>
ST_8 : Operation 259 [1/1] (0.00ns) (grouped into LUT with out node add_ln33_23)   --->   "%zext_ln33_23 = zext i1 %or_ln33_4" [firmware/myproject_axi_master.cpp:33]   --->   Operation 259 'zext' 'zext_ln33_23' <Predicate = (!icmp_ln33_16)> <Delay = 0.00>
ST_8 : Operation 260 [1/1] (1.02ns) (out node of the LUT)   --->   "%add_ln33_23 = add i39 %zext_ln33_22, i39 %zext_ln33_23" [firmware/myproject_axi_master.cpp:33]   --->   Operation 260 'add' 'add_ln33_23' <Predicate = (!icmp_ln33_16)> <Delay = 1.02> <CoreInst = "Adder">   --->   Core 1 'Adder' <Latency = 0> <II = 1> <Delay = 1.02> <FuncUnit> <Opcode : 'add' 'sub'> <InPorts = 2> <OutPorts = 1>
ST_8 : Operation 261 [1/1] (0.00ns)   --->   "%lshr_ln33_9 = partselect i38 @_ssdm_op_PartSelect.i38.i39.i32.i32, i39 %add_ln33_23, i32 1, i32 38" [firmware/myproject_axi_master.cpp:33]   --->   Operation 261 'partselect' 'lshr_ln33_9' <Predicate = (!icmp_ln33_16)> <Delay = 0.00>
ST_8 : Operation 262 [1/1] (0.00ns)   --->   "%zext_ln33_24 = zext i38 %lshr_ln33_9" [firmware/myproject_axi_master.cpp:33]   --->   Operation 262 'zext' 'zext_ln33_24' <Predicate = (!icmp_ln33_16)> <Delay = 0.00>
ST_8 : Operation 263 [1/1] (0.00ns) (grouped into LUT with out node add_ln33_24)   --->   "%tmp_29 = bitselect i1 @_ssdm_op_BitSelect.i1.i39.i32, i39 %add_ln33_23, i32 25" [firmware/myproject_axi_master.cpp:33]   --->   Operation 263 'bitselect' 'tmp_29' <Predicate = (!icmp_ln33_16)> <Delay = 0.00>
ST_8 : Operation 264 [1/1] (0.00ns) (grouped into LUT with out node add_ln33_24)   --->   "%select_ln33_9 = select i1 %tmp_29, i8 127, i8 126" [firmware/myproject_axi_master.cpp:33]   --->   Operation 264 'select' 'select_ln33_9' <Predicate = (!icmp_ln33_16)> <Delay = 0.00> <CoreInst = "Sel">   --->   Core 73 'Sel' <Latency = 0> <II = 1> <Delay = 0.39> <FuncUnit> <Opcode : 'select'> <InPorts = 3> <OutPorts = 1>
ST_8 : Operation 265 [1/1] (0.78ns)   --->   "%sub_ln33_19 = sub i6 18, i6 %trunc_ln33_13" [firmware/myproject_axi_master.cpp:33]   --->   Operation 265 'sub' 'sub_ln33_19' <Predicate = (!icmp_ln33_16)> <Delay = 0.78> <CoreInst = "Adder">   --->   Core 1 'Adder' <Latency = 0> <II = 1> <Delay = 0.78> <FuncUnit> <Opcode : 'add' 'sub'> <InPorts = 2> <OutPorts = 1>
ST_8 : Operation 266 [1/1] (0.00ns) (grouped into LUT with out node add_ln33_24)   --->   "%sext_ln33_14 = sext i6 %sub_ln33_19" [firmware/myproject_axi_master.cpp:33]   --->   Operation 266 'sext' 'sext_ln33_14' <Predicate = (!icmp_ln33_16)> <Delay = 0.00>
ST_8 : Operation 267 [1/1] (0.76ns) (out node of the LUT)   --->   "%add_ln33_24 = add i8 %select_ln33_9, i8 %sext_ln33_14" [firmware/myproject_axi_master.cpp:33]   --->   Operation 267 'add' 'add_ln33_24' <Predicate = (!icmp_ln33_16)> <Delay = 0.76> <CoreInst = "Adder">   --->   Core 1 'Adder' <Latency = 0> <II = 1> <Delay = 0.76> <FuncUnit> <Opcode : 'add' 'sub'> <InPorts = 2> <OutPorts = 1>
ST_8 : Operation 268 [1/1] (0.00ns)   --->   "%tmp_39_i = bitconcatenate i9 @_ssdm_op_BitConcatenate.i9.i1.i8, i1 %tmp_25, i8 %add_ln33_24" [firmware/myproject_axi_master.cpp:33]   --->   Operation 268 'bitconcatenate' 'tmp_39_i' <Predicate = (!icmp_ln33_16)> <Delay = 0.00>
ST_8 : Operation 269 [1/1] (0.00ns)   --->   "%pi_assign_4 = partset i64 @_ssdm_op_PartSet.i64.i64.i9.i32.i32, i64 %zext_ln33_24, i9 %tmp_39_i, i32 23, i32 31" [firmware/myproject_axi_master.cpp:33]   --->   Operation 269 'partset' 'pi_assign_4' <Predicate = (!icmp_ln33_16)> <Delay = 0.00>
ST_8 : Operation 270 [1/1] (0.00ns)   --->   "%LD_4 = trunc i64 %pi_assign_4" [firmware/myproject_axi_master.cpp:33]   --->   Operation 270 'trunc' 'LD_4' <Predicate = (!icmp_ln33_16)> <Delay = 0.00>
ST_8 : Operation 271 [1/1] (0.44ns)   --->   "%empty_80 = select i1 %icmp_ln33_16, i32 0, i32 %LD_4" [firmware/myproject_axi_master.cpp:33]   --->   Operation 271 'select' 'empty_80' <Predicate = true> <Delay = 0.44> <CoreInst = "Sel">   --->   Core 73 'Sel' <Latency = 0> <II = 1> <Delay = 0.44> <FuncUnit> <Opcode : 'select'> <InPorts = 3> <OutPorts = 1>

State 9 <SV = 8> <Delay = 4.37>
ST_9 : Operation 272 [1/1] (0.00ns)   --->   "%specpipeline_ln28 = specpipeline void @_ssdm_op_SpecPipeline, i32 4294967295, i32 0, i32 0, i32 0, i32 4294967295, void @empty_14" [firmware/myproject_axi_master.cpp:28]   --->   Operation 272 'specpipeline' 'specpipeline_ln28' <Predicate = true> <Delay = 0.00>
ST_9 : Operation 273 [1/1] (0.00ns)   --->   "%specloopname_ln29 = specloopname void @_ssdm_op_SpecLoopName, void @empty_5" [firmware/myproject_axi_master.cpp:29]   --->   Operation 273 'specloopname' 'specloopname_ln29' <Predicate = true> <Delay = 0.00>
ST_9 : Operation 274 [1/1] ( I:4.37ns O:4.37ns )   --->   "%write_ln33 = write void @_ssdm_op_Write.m_axi.p1i32.i32, i32 %gmem_out0_addr, i32 %empty_80, i4 15" [firmware/myproject_axi_master.cpp:33]   --->   Operation 274 'write' 'write_ln33' <Predicate = true> <Delay = 4.37> <CoreInst = "m_axi">   --->   Core 119 'm_axi' <Latency = 5> <II = 1> <Delay = 1.00> <Adapter> <Opcode : 'readrequnaligned' 'writerequnaligned' 'read' 'write' 'readreq' 'writereq' 'writeresp'>
ST_9 : Operation 275 [1/1] (0.00ns)   --->   "%br_ln29 = br void %VITIS_LOOP_30_2.i" [firmware/myproject_axi_master.cpp:29]   --->   Operation 275 'br' 'br_ln29' <Predicate = true> <Delay = 0.00>


============================================================
+ Verbose Summary: Timing violations
============================================================
Target clock period: 5.000ns, clock uncertainty: 0.625ns.

 <State 1>: 1.870ns
The critical path consists of the following:
	'store' operation ('store_ln0') of constant 0 31 bit on local variable 'q' [11]  (0.427 ns)
	'load' operation 31 bit ('q_load', firmware/myproject_axi_master.cpp:29) on local variable 'q' [14]  (0.000 ns)
	'icmp' operation 1 bit ('icmp_ln29', firmware/myproject_axi_master.cpp:29) [16]  (1.016 ns)
	'store' operation ('store_ln29', firmware/myproject_axi_master.cpp:29) of variable 'add_ln29', firmware/myproject_axi_master.cpp:29 31 bit on local variable 'q' [269]  (0.427 ns)

 <State 2>: 2.678ns
The critical path consists of the following:
	fifo read operation ('stream_out0_layer8_out_read', firmware/myproject_axi_master.cpp:31) on port 'stream_out0_layer8_out' (firmware/myproject_axi_master.cpp:31) [23]  (1.648 ns)
	'sub' operation 38 bit ('sub_ln33', firmware/myproject_axi_master.cpp:33) [31]  (1.030 ns)

 <State 3>: 3.999ns
The critical path consists of the following:
	'select' operation 38 bit ('select_ln33', firmware/myproject_axi_master.cpp:33) [32]  (0.345 ns)
	'ctlz' operation 38 bit ('tmp_6_i', firmware/myproject_axi_master.cpp:33) [34]  (0.632 ns)
	'sub' operation 6 bit ('sub_ln33_1', firmware/myproject_axi_master.cpp:33) [36]  (0.781 ns)
	'add' operation 6 bit ('add_ln33_2', firmware/myproject_axi_master.cpp:33) [53]  (0.781 ns)
	'lshr' operation 38 bit ('lshr_ln33', firmware/myproject_axi_master.cpp:33) [56]  (1.460 ns)

 <State 4>: 3.999ns
The critical path consists of the following:
	'select' operation 38 bit ('select_ln33_2', firmware/myproject_axi_master.cpp:33) [80]  (0.345 ns)
	'ctlz' operation 38 bit ('tmp_10_i', firmware/myproject_axi_master.cpp:33) [82]  (0.632 ns)
	'sub' operation 6 bit ('sub_ln33_5', firmware/myproject_axi_master.cpp:33) [84]  (0.781 ns)
	'add' operation 6 bit ('add_ln33_7', firmware/myproject_axi_master.cpp:33) [101]  (0.781 ns)
	'lshr' operation 38 bit ('lshr_ln33_2', firmware/myproject_axi_master.cpp:33) [104]  (1.460 ns)

 <State 5>: 4.375ns
The critical path consists of the following:
	'getelementptr' operation 32 bit ('gmem_out0_addr', firmware/myproject_axi_master.cpp:29) [19]  (0.000 ns)
	bus write operation ('write_ln33', firmware/myproject_axi_master.cpp:33) on port 'gmem_out0' (firmware/myproject_axi_master.cpp:33) [76]  (4.375 ns)

 <State 6>: 4.375ns
The critical path consists of the following:
	bus write operation ('write_ln33', firmware/myproject_axi_master.cpp:33) on port 'gmem_out0' (firmware/myproject_axi_master.cpp:33) [124]  (4.375 ns)

 <State 7>: 4.375ns
The critical path consists of the following:
	bus write operation ('write_ln33', firmware/myproject_axi_master.cpp:33) on port 'gmem_out0' (firmware/myproject_axi_master.cpp:33) [172]  (4.375 ns)

 <State 8>: 4.375ns
The critical path consists of the following:
	bus write operation ('write_ln33', firmware/myproject_axi_master.cpp:33) on port 'gmem_out0' (firmware/myproject_axi_master.cpp:33) [220]  (4.375 ns)

 <State 9>: 4.375ns
The critical path consists of the following:
	bus write operation ('write_ln33', firmware/myproject_axi_master.cpp:33) on port 'gmem_out0' (firmware/myproject_axi_master.cpp:33) [268]  (4.375 ns)


============================================================
+ Verbose Summary: Binding
============================================================
N/A
* FSMD analyzer results:
  - Output states:
 - Input state : 
  - Chain level:
	State 1
	State 2
	State 3
	State 4
	State 5
	State 6
	State 7
	State 8
	State 9


============================================================
+ Verbose Summary: Datapath Resource usage 
============================================================
N/A
