================================================================
== Design Size Report
================================================================

* Total Instructions per Compilation Phase
+---------------+----------------------------+--------------+----------------------------------------------------------------------------------------+
| Phase         | Step                       | Instructions | Description                                                                            |
+---------------+----------------------------+--------------+----------------------------------------------------------------------------------------+
| Compile/Link  |                            |   4,654      | After all functions are compiled and linked into a single design                       |
|               |                            |              |                                                                                        |
| Unroll/Inline |                            |              | After user unroll and inline pragmas are applied                                       |
|               | (1) unroll                 | 355,797 *    | user unroll pragmas are applied                                                        |
|               | (2) simplification         |  94,689      | simplification of applied user unroll pragmas                                          |
|               | (3) inline                 |  94,255      | user inline pragmas are applied                                                        |
|               | (4) simplification         |  93,434      | simplification of applied user inline pragmas                                          |
|               |                            |              |                                                                                        |
| Array/Struct  |                            |              | After user array partition and struct aggregate/disaggregate pragmas are applied       |
|               | (1) array partition        |  59,046      | user array partition pragmas are applied                                               |
|               | (2) simplification         |  26,429      | simplification of applied user array partition & struct aggregate/disaggregate pragmas |
|               | (3) aggregate/disaggregate |  26,458      | user struct aggregate/disaggregate pragmas are applied                                 |
|               | (4) array reshape          |  22,659      | apply array reshape pragmas                                                            |
|               | (5) access patterns        |  24,330      | array access pattern optmizations                                                      |
|               |                            |              |                                                                                        |
| Performance   |                            |              | After transformations are applied to meet performance pragma targets                   |
|               | (1) loop simplification    |  22,806      | loop and instruction simplification                                                    |
|               | (2) parallelization        |  22,573      | loops are unrolled or pipelined to meet performance targets                            |
|               | (3) array partition        |  22,454      | arrays are partitioned to meet performance targets                                     |
|               | (4) simplification         |  22,404      | simplification of design after performance transformations                             |
|               |                            |              |                                                                                        |
| HW Transforms |                            |              | After hardware transfomations                                                          |
|               | (1) lowering               |  22,099      | initial conversion to HW specific instructions                                         |
|               | (2) optimizations          |  22,578      | high level synthesis optimizations                                                     |
+---------------+----------------------------+--------------+----------------------------------------------------------------------------------------+
    * - Exceeded design size warning message threshold

* Instructions per Function for each Compilation Phase
+-------------------------------------------+-----------------------------+----------------+---------------+--------------+-------------+---------------+
| Function                                  | Location                    | Compile/Link   | Unroll/Inline | Array/Struct | Performance | HW Transforms |
+-------------------------------------------+-----------------------------+----------------+---------------+--------------+-------------+---------------+
| + myproject_axi_master                    | myproject_axi_master.cpp:47 | 4,654          | 93,434        | 24,330       | 22,404      | 22,578        |
|  + load_input<float, nnet::arra...        | myproject_axi_master.cpp:10 |  512           |    72         |    82        |    77       |    78         |
|     operator[]                            | nnet_types.h:17             |    3           |               |              |             |               |
|  + compute                                | myproject_axi_master.cpp:41 | 3,942          | 93,245        | 24,090       | 21,789      | 22,017        |
|   + myproject                             | myproject.cpp:7             | 3,931          | 93,235        | 24,080       | 21,780      | 22,008        |
|    + conv_2d_cl<nnet::array<ap_uf...      | nnet_conv2d_stream.h:67     |  817           |   832         |   386        |   368       |   398         |
|     + conv_2d_buffer_latency_cl<nn...     | nnet_conv2d_stream.h:14     |  814           |               |              |             |               |
|      + compute_output_buffer_2d<nne...    | nnet_conv_stream.h:251      |  757           |               |              |             |               |
|       + shift_line_buffer<nnet::arra...   | nnet_conv_stream.h:215      |  157           |               |              |             |               |
|          operator[]                       | nnet_types.h:19             |    3           |               |              |             |               |
|          kernel_shift_2d<nnet::array<...  | nnet_conv_stream.h:181      |   75           |               |              |             |               |
|       + dense                             | nnet_dense.h:50             |  498           |               |              |             |               |
|        + dense_latency<ap_ufixed<1, 1...  | nnet_dense_latency.h:13     |  496           |               |              |             |               |
|           product                         | nnet_mult.h:70              |  125           |               |              |             |               |
|           cast<ap_ufixed<1, 1, (ap_q_m... | nnet_mult.h:110             |    3           |               |              |             |               |
|         operator[]                        | nnet_types.h:17             |    3           |               |              |             |               |
|     + compute_output_buffer_2d<nne...     | nnet_conv_stream.h:251      |                |   808         |   364        |   352       |   372         |
|        shift_line_buffer<nnet::arra...    | nnet_conv_stream.h:215      |                |    27         |    38        |    26       |    33         |
|        dense_latency<ap_ufixed<1, 1...    | nnet_dense_latency.h:13     |                |   632         |   116        |   116       |   117         |
|    + relu<nnet::array<ap_ufixed<5...      | nnet_activation_stream.h:39 |  147           |    18         |   219        |   219       |   185         |
|       operator[]                          | nnet_types.h:17             |   12 (4 calls) |               |              |             |               |
|    + pooling2d_cl<nnet::array<ap_...      | nnet_pooling_stream.h:96    |  526           |   891         |   824        |   680       |   764         |
|     + compute_pool_buffer_2d<nnet:...     | nnet_pooling_stream.h:30    |  467           |               |              |             |               |
|      + shift_line_buffer<nnet::arra...    | nnet_conv_stream.h:215      |  157           |               |              |             |               |
|         operator[]                        | nnet_types.h:19             |    3           |               |              |             |               |
|         kernel_shift_2d<nnet::array<...   | nnet_conv_stream.h:181      |   75           |               |              |             |               |
|      + reduce_pool<ap_ufixed<5, 5, ...    | nnet_pooling_stream.h:17    |   92           |               |              |             |               |
|       + reduce<ap_ufixed<5, 5, (ap_q...   | nnet_common.h:37            |   89           |               |              |             |               |
|        + reduce<ap_ufixed<5, 5, (ap_q...  | nnet_common.h:37            |   60 (2 calls) |               |              |             |               |
|           operator()                      | nnet_common.h:66            |   40 (2 calls) |               |              |             |               |
|          operator()                       | nnet_common.h:66            |   20           |               |              |             |               |
|        operator[]                         | nnet_types.h:17             |    3           |               |              |             |               |
|    + conv_2d_cl<nnet::array<ap_uf...      | nnet_conv2d_stream.h:67     |  905           | 35,878        | 2,680        | 2,548       | 2,615         |
|     + conv_2d_buffer_latency_cl<nn...     | nnet_conv2d_stream.h:14     |  902           |               |              |             |               |
|      + compute_output_buffer_2d<nne...    | nnet_conv_stream.h:251      |  845           |               |              |             |               |
|       + shift_line_buffer<nnet::arra...   | nnet_conv_stream.h:215      |  157           |               |              |             |               |
|          operator[]                       | nnet_types.h:19             |    3           |               |              |             |               |
|          kernel_shift_2d<nnet::array<...  | nnet_conv_stream.h:181      |   75           |               |              |             |               |
|       + dense                             | nnet_dense.h:50             |  586           |               |              |             |               |
|        + dense_latency<ap_ufixed<1, 5...  | nnet_dense_latency.h:13     |  584           |               |              |             |               |
|           product                         | nnet_mult.h:70              |  147           |               |              |             |               |
|           cast<ap_ufixed<1, 5, (ap_q_m... | nnet_mult.h:110             |    3           |               |              |             |               |
|         operator[]                        | nnet_types.h:17             |    3           |               |              |             |               |
|     + compute_output_buffer_2d<nne...     | nnet_conv_stream.h:251      |                | 35,808        | 2,486        | 2,310       | 2,420         |
|        shift_line_buffer<nnet::arra...    | nnet_conv_stream.h:215      |                |   387         |   593        |   417       |   514         |
|        dense_latency<ap_ufixed<1, 5...    | nnet_dense_latency.h:13     |                | 35,272        | 1,683        | 1,683       | 1,684         |
|    + relu<nnet::array<ap_fixed<9,...      | nnet_activation_stream.h:39 |  198           |    98         |   298        |   298       |   278         |
|       operator[]                          | nnet_types.h:17             |   12 (4 calls) |               |              |             |               |
|    + pooling2d_cl<nnet::array<ap_...      | nnet_pooling_stream.h:96    |  528           |   932         |   872        |   728       |   796         |
|     + compute_pool_buffer_2d<nnet:...     | nnet_pooling_stream.h:30    |  469           |               |              |             |               |
|      + shift_line_buffer<nnet::arra...    | nnet_conv_stream.h:215      |  157           |               |              |             |               |
|         operator[]                        | nnet_types.h:19             |    3           |               |              |             |               |
|         kernel_shift_2d<nnet::array<...   | nnet_conv_stream.h:181      |   75           |               |              |             |               |
|      + reduce_pool<ap_ufixed<8, 8, ...    | nnet_pooling_stream.h:17    |   92           |               |              |             |               |
|       + reduce<ap_ufixed<8, 8, (ap_q...   | nnet_common.h:37            |   89           |               |              |             |               |
|        + reduce<ap_ufixed<8, 8, (ap_q...  | nnet_common.h:37            |   60 (2 calls) |               |              |             |               |
|           operator()                      | nnet_common.h:66            |   40 (2 calls) |               |              |             |               |
|          operator()                       | nnet_common.h:66            |   20           |               |              |             |               |
|        operator[]                         | nnet_types.h:17             |    3           |               |              |             |               |
|    + dense<nnet::array<ap_ufixed<...      | nnet_dense_stream.h:82      |  754           | 54,557        | 18,775       | 16,913      | 16,944        |
|     + data_prepare<nnet::array<ap_...     | nnet_dense_stream.h:28      |   75           |               |              |             |               |
|        operator[]                         | nnet_types.h:17             |    6 (2 calls) |               |              |             |               |
|     + dense_latency_wrapper<ap_ufi...     | nnet_dense_stream.h:13      |  588           |               |              |             |               |
|      + dense_latency<ap_ufixed<2, 6...    | nnet_dense_latency.h:13     |  586           |               |              |             |               |
|         product                           | nnet_mult.h:70              |  141           |               |              |             |               |
|         cast<ap_ufixed<2, 6, (ap_q_m...   | nnet_mult.h:110             |    3           |               |              |             |               |
|     + res_write<nnet::array<ap_fix...     | nnet_dense_stream.h:53      |   71           |               |              |             |               |
|        operator[]                         | nnet_types.h:17             |    6 (2 calls) |               |              |             |               |
|       dense_latency<ap_ufixed<2, 6...     | nnet_dense_latency.h:13     |                | 54,448        | 16,352       | 15,978      | 15,979        |
|  + store_result<float, nnet::ar...        | myproject_axi_master.cpp:26 |  176           |   101         |   108        |   488       |   460         |
|     operator[]                            | nnet_types.h:17             |    3           |               |              |             |               |
+-------------------------------------------+-----------------------------+----------------+---------------+--------------+-------------+---------------+

* Design Size Message Settings
+---------------------------------------------+--------+------------------------------------------------------------------+
| Message Setting                             | Value  | Description                                                      |
+---------------------------------------------+--------+------------------------------------------------------------------+
| config_compile -design_size_maximum_warning | 100000 | Show a warning when total design instructions exceeds this value |
+---------------------------------------------+--------+------------------------------------------------------------------+


