Thu May  7 10:17:17 2026: Running xcd server. This server was built by gradle.
Thu May  7 10:17:17 2026: Server was asked to start on port: '35885'
Thu May  7 10:17:17 2026: Server is using token UUID: '37380303-bdb0-484e-8fe0-ab2744962b8d'
Thu May  7 10:17:17 2026: SESSION_MGR: creating session with session uuid: '6d04a3e9-ade5-4ab9-8d63-1f78fcd2ec76' and name 'default'
Thu May  7 10:17:17 2026: Attempting to start server on port '35885'
Thu May  7 10:17:17 2026: XCD main fifo: created main fifo '/tmp/xcdmain37380303-bdb0-484e-8fe0-ab2744962b8d', fd read = 12
Thu May  7 10:17:17 2026: Running Dispatch Server
Thu May  7 10:17:17 2026: Version 2.2.0
Thu May  7 10:17:19 2026: Dispatch Server: Accepted socket connection from client
Thu May  7 10:17:19 2026: Starting Socket connection
Thu May  7 10:17:19 2026: EXCHANGE_TOKEN received, server token: 37380303-bdb0-484e-8fe0-ab2744962b8d, passed token: 37380303-bdb0-484e-8fe0-ab2744962b8d
Thu May  7 10:17:19 2026: DISPATCH_HANDLER: Adding handler from function makeHandler in library libxv_system_diagram
Thu May  7 10:17:19 2026: SESSION_MGR: creating session with session uuid: '6fd793c7-d7f7-4b69-8674-ce585dc709f8' and name 'v++_link_myproject'
Thu May  7 10:17:19 2026: KERNEL_SVC: creating session with uuid: '6fd793c7-d7f7-4b69-8674-ce585dc709f8' and name 'v++_link_myproject'
Thu May  7 10:17:19 2026: GUIDANCE_SMGR: creating guidance session with uuid: '6fd793c7-d7f7-4b69-8674-ce585dc709f8' and name 'v++_link_myproject'
Thu May  7 10:17:19 2026: SYSTEM_DIAGRAM: creating session with uuid: '6fd793c7-d7f7-4b69-8674-ce585dc709f8' and name 'v++_link_myproject'
Thu May  7 10:17:23 2026: Dispatch Server: Accepted socket connection from client
Thu May  7 10:17:23 2026: Starting Socket connection
Thu May  7 10:17:26 2026: Dispatch Server: Accepted socket connection from client
Thu May  7 10:17:26 2026: Starting Socket connection
Thu May  7 10:17:54 2026: Dispatch Server: Accepted socket connection from client
Thu May  7 10:17:54 2026: Starting Socket connection
Thu May  7 10:17:54 2026: Dispatch Server: Accepted socket connection from client
Thu May  7 10:17:54 2026: Starting Socket connection
Thu May  7 10:17:54 2026: Dispatch Server: Accepted socket connection from client
Thu May  7 10:17:54 2026: Starting Socket connection
Thu May  7 10:17:54 2026: Dispatch Server: Accepted socket connection from client
Thu May  7 10:17:54 2026: Starting Socket connection
Thu May  7 10:17:54 2026: Dispatch Server: Accepted socket connection from client
Thu May  7 10:17:54 2026: Starting Socket connection
Thu May  7 10:17:55 2026: Dispatch Server: Accepted socket connection from client
Thu May  7 10:17:55 2026: Starting Socket connection
Thu May  7 10:17:55 2026: Dispatch Server: Accepted socket connection from client
Thu May  7 10:17:55 2026: Starting Socket connection
Thu May  7 10:17:55 2026: Dispatch Server: Accepted socket connection from client
Thu May  7 10:17:55 2026: Starting Socket connection
Thu May  7 10:18:23 2026: Dispatch Server: Accepted socket connection from client
Thu May  7 10:18:23 2026: Starting Socket connection
Thu May  7 10:18:23 2026: Dispatch Server: Accepted socket connection from client
Thu May  7 10:18:23 2026: Starting Socket connection
Thu May  7 10:19:51 2026: Dispatch Server: Accepted socket connection from client
Thu May  7 10:19:51 2026: Starting Socket connection
Thu May  7 10:20:20 2026: Dispatch Server: Accepted socket connection from client
Thu May  7 10:20:20 2026: Starting Socket connection
Thu May  7 10:23:02 2026: SESSION_MGR: closing session for UUID '6fd793c7-d7f7-4b69-8674-ce585dc709f8' with name 'v++_link_myproject'
Thu May  7 10:23:02 2026: KERNEL_SVC: closing session for UUID '6fd793c7-d7f7-4b69-8674-ce585dc709f8' with name 'v++_link_myproject'
Thu May  7 10:23:02 2026: GUIDANCE_SMGR: closing session for UUID '6fd793c7-d7f7-4b69-8674-ce585dc709f8' with name 'v++_link_myproject'
Thu May  7 10:23:02 2026: SYSTEM_DIAGRAM: closing session for UUID '6fd793c7-d7f7-4b69-8674-ce585dc709f8' with name 'v++_link_myproject'
Thu May  7 10:23:02 2026: STOP_SERVER received, server token: 37380303-bdb0-484e-8fe0-ab2744962b8d, passed token: 37380303-bdb0-484e-8fe0-ab2744962b8d
Thu May  7 10:23:02 2026: Socket received request to stop server.
Thu May  7 10:23:02 2026: Dispatch Server: do_await_stop
Thu May  7 10:23:02 2026: Dispatch Server: stopping mainFifo_
Thu May  7 10:23:02 2026: XCD main fifo: Stopping
Thu May  7 10:23:02 2026: XCD main fifo: do_read error code: Operation canceled
Thu May  7 10:23:02 2026: XCD main fifo: bytes_transferred: 0
Thu May  7 10:23:02 2026: SERVER: destructor for server bound to port 35885
Thu May  7 10:23:02 2026: XCD main fifo: Good unlink of /tmp/xcdmain37380303-bdb0-484e-8fe0-ab2744962b8d
Thu May  7 10:23:02 2026: Server exiting with status 0.
Thu May  7 10:23:02 2026: Closing log file.
