Thu May  7 16:21:47 2026: Running xcd server. This server was built by gradle.
Thu May  7 16:21:47 2026: Server was asked to start on port: '44869'
Thu May  7 16:21:47 2026: Server is using token UUID: '77cb63fc-2390-4890-988c-11594bcd3f19'
Thu May  7 16:21:47 2026: SESSION_MGR: creating session with session uuid: '6d04a3e9-ade5-4ab9-8d63-1f78fcd2ec76' and name 'default'
Thu May  7 16:21:47 2026: Attempting to start server on port '44869'
Thu May  7 16:21:47 2026: XCD main fifo: created main fifo '/tmp/xcdmain77cb63fc-2390-4890-988c-11594bcd3f19', fd read = 13
Thu May  7 16:21:47 2026: Running Dispatch Server
Thu May  7 16:21:47 2026: Version 2.2.0
Thu May  7 16:21:49 2026: Dispatch Server: Accepted socket connection from client
Thu May  7 16:21:49 2026: Starting Socket connection
Thu May  7 16:21:49 2026: EXCHANGE_TOKEN received, server token: 77cb63fc-2390-4890-988c-11594bcd3f19, passed token: 77cb63fc-2390-4890-988c-11594bcd3f19
Thu May  7 16:21:49 2026: DISPATCH_HANDLER: Adding handler from function makeHandler in library libxv_system_diagram
Thu May  7 16:21:49 2026: SESSION_MGR: creating session with session uuid: '47f89a13-2459-4249-b29d-d9f97ea76332' and name 'v++_compile_vitis_unified_project'
Thu May  7 16:21:49 2026: KERNEL_SVC: creating session with uuid: '47f89a13-2459-4249-b29d-d9f97ea76332' and name 'v++_compile_vitis_unified_project'
Thu May  7 16:21:49 2026: GUIDANCE_SMGR: creating guidance session with uuid: '47f89a13-2459-4249-b29d-d9f97ea76332' and name 'v++_compile_vitis_unified_project'
Thu May  7 16:21:49 2026: SYSTEM_DIAGRAM: creating session with uuid: '47f89a13-2459-4249-b29d-d9f97ea76332' and name 'v++_compile_vitis_unified_project'
Thu May  7 16:21:52 2026: Dispatch Server: Accepted socket connection from client
Thu May  7 16:21:52 2026: Starting Socket connection
Thu May  7 16:23:28 2026: SESSION_MGR: closing session for UUID '47f89a13-2459-4249-b29d-d9f97ea76332' with name 'v++_compile_vitis_unified_project'
Thu May  7 16:23:28 2026: KERNEL_SVC: closing session for UUID '47f89a13-2459-4249-b29d-d9f97ea76332' with name 'v++_compile_vitis_unified_project'
Thu May  7 16:23:28 2026: GUIDANCE_SMGR: closing session for UUID '47f89a13-2459-4249-b29d-d9f97ea76332' with name 'v++_compile_vitis_unified_project'
Thu May  7 16:23:28 2026: SYSTEM_DIAGRAM: closing session for UUID '47f89a13-2459-4249-b29d-d9f97ea76332' with name 'v++_compile_vitis_unified_project'
Thu May  7 16:23:28 2026: STOP_SERVER received, server token: 77cb63fc-2390-4890-988c-11594bcd3f19, passed token: 77cb63fc-2390-4890-988c-11594bcd3f19
Thu May  7 16:23:28 2026: Socket received request to stop server.
Thu May  7 16:23:28 2026: Dispatch Server: do_await_stop
Thu May  7 16:23:28 2026: Dispatch Server: stopping mainFifo_
Thu May  7 16:23:28 2026: XCD main fifo: Stopping
Thu May  7 16:23:28 2026: XCD main fifo: do_read error code: Operation canceled
Thu May  7 16:23:28 2026: XCD main fifo: bytes_transferred: 0
Thu May  7 16:23:28 2026: SERVER: destructor for server bound to port 44869
Thu May  7 16:23:28 2026: XCD main fifo: Good unlink of /tmp/xcdmain77cb63fc-2390-4890-988c-11594bcd3f19
Thu May  7 16:23:28 2026: Server exiting with status 0.
Thu May  7 16:23:28 2026: Closing log file.
Thu May  7 16:23:29 2026: Running xcd server. This server was built by gradle.
Thu May  7 16:23:29 2026: Server was asked to start on port: '33403'
Thu May  7 16:23:29 2026: Server is using token UUID: '59c5141a-f43d-4777-b599-d244ec783208'
Thu May  7 16:23:29 2026: SESSION_MGR: creating session with session uuid: '6d04a3e9-ade5-4ab9-8d63-1f78fcd2ec76' and name 'default'
Thu May  7 16:23:29 2026: Attempting to start server on port '33403'
Thu May  7 16:23:29 2026: XCD main fifo: created main fifo '/tmp/xcdmain59c5141a-f43d-4777-b599-d244ec783208', fd read = 13
Thu May  7 16:23:29 2026: Running Dispatch Server
Thu May  7 16:23:29 2026: Version 2.2.0
Thu May  7 16:23:31 2026: Dispatch Server: Accepted socket connection from client
Thu May  7 16:23:31 2026: Starting Socket connection
Thu May  7 16:23:31 2026: EXCHANGE_TOKEN received, server token: 59c5141a-f43d-4777-b599-d244ec783208, passed token: 59c5141a-f43d-4777-b599-d244ec783208
Thu May  7 16:23:31 2026: DISPATCH_HANDLER: Adding handler from function makeHandler in library libxv_system_diagram
Thu May  7 16:23:31 2026: SESSION_MGR: creating session with session uuid: '55cf95e6-5c86-4ce2-a65a-eb11876e5424' and name 'vitis-run_compile_vitis_unified_project'
Thu May  7 16:23:31 2026: KERNEL_SVC: creating session with uuid: '55cf95e6-5c86-4ce2-a65a-eb11876e5424' and name 'vitis-run_compile_vitis_unified_project'
Thu May  7 16:23:31 2026: GUIDANCE_SMGR: creating guidance session with uuid: '55cf95e6-5c86-4ce2-a65a-eb11876e5424' and name 'vitis-run_compile_vitis_unified_project'
Thu May  7 16:23:31 2026: SYSTEM_DIAGRAM: creating session with uuid: '55cf95e6-5c86-4ce2-a65a-eb11876e5424' and name 'vitis-run_compile_vitis_unified_project'
Thu May  7 16:23:32 2026: Dispatch Server: Accepted socket connection from client
Thu May  7 16:23:32 2026: Starting Socket connection
Thu May  7 16:23:37 2026: SESSION_MGR: closing session for UUID '55cf95e6-5c86-4ce2-a65a-eb11876e5424' with name 'vitis-run_compile_vitis_unified_project'
Thu May  7 16:23:37 2026: KERNEL_SVC: closing session for UUID '55cf95e6-5c86-4ce2-a65a-eb11876e5424' with name 'vitis-run_compile_vitis_unified_project'
Thu May  7 16:23:37 2026: GUIDANCE_SMGR: closing session for UUID '55cf95e6-5c86-4ce2-a65a-eb11876e5424' with name 'vitis-run_compile_vitis_unified_project'
Thu May  7 16:23:37 2026: SYSTEM_DIAGRAM: closing session for UUID '55cf95e6-5c86-4ce2-a65a-eb11876e5424' with name 'vitis-run_compile_vitis_unified_project'
Thu May  7 16:23:37 2026: STOP_SERVER received, server token: 59c5141a-f43d-4777-b599-d244ec783208, passed token: 59c5141a-f43d-4777-b599-d244ec783208
Thu May  7 16:23:37 2026: Socket received request to stop server.
Thu May  7 16:23:37 2026: Dispatch Server: do_await_stop
Thu May  7 16:23:37 2026: Dispatch Server: stopping mainFifo_
Thu May  7 16:23:37 2026: XCD main fifo: Stopping
Thu May  7 16:23:37 2026: XCD main fifo: do_read error code: Operation canceled
Thu May  7 16:23:37 2026: XCD main fifo: bytes_transferred: 0
Thu May  7 16:23:37 2026: SERVER: destructor for server bound to port 33403
Thu May  7 16:23:37 2026: XCD main fifo: Good unlink of /tmp/xcdmain59c5141a-f43d-4777-b599-d244ec783208
Thu May  7 16:23:37 2026: Server exiting with status 0.
Thu May  7 16:23:37 2026: Closing log file.
