

================================================================
== Vitis HLS Report for 'relu_ap_fixed_15_11_5_3_0_ap_ufixed_11_7_5_3_0_relu_config10_s'
================================================================
* Date:           Wed Mar 18 19:23:12 2026

* Version:        2025.2 (Build 6295257 on Nov 14 2025)
* Project:        hgq2_1_hls4ml_prj_Vitis_latency_reusefactor1_prj
* Solution:       solution1 (Vivado IP Flow Target)
* Product family: zynquplus
* Target device:  xck26-sfvc784-2LV-c


================================================================
== Performance Estimates
================================================================
+ Timing: 
    * Summary: 
    +--------+---------+----------+------------+
    |  Clock |  Target | Estimated| Uncertainty|
    +--------+---------+----------+------------+
    |ap_clk  |  5.00 ns|  1.231 ns|     1.35 ns|
    +--------+---------+----------+------------+

+ Latency: 
    * Summary: 
    +---------+---------+----------+----------+-----+-----+---------+
    |  Latency (cycles) |  Latency (absolute) |  Interval | Pipeline|
    |   min   |   max   |    min   |    max   | min | max |   Type  |
    +---------+---------+----------+----------+-----+-----+---------+
    |        0|        0|      0 ns|      0 ns|    1|    1|      yes|
    +---------+---------+----------+----------+-----+-----+---------+

    + Detail: 
        * Instance: 
        N/A

        * Loop: 
        N/A

============================================================
+ Verbose Summary: Synthesis Manager
============================================================
InlineROM: 1
ExposeGlobal: 0
============================================================
+ Verbose Summary: CDFG Model
============================================================
IsTopModel: 0
ResetActiveHigh: 1
IsCombinational: 0
IsDatapathOnly: 0
HasWiredReturn: 1
HasMFsm: 2
HasVarLatency: 0
IsPipeline: 1
IsRtlPipelined: 0
IsInstanceOverlapped: 0
IsDontTouch: 0
HasImplIP: 0
IsGatedGlobalClock: 0

+ Individual pipeline summary: 
  * Pipeline-0: initiation interval (II) = 1, depth = 1


============================================================
+ Verbose Summary: Schedule
============================================================
* Number of FSM states : 1
* Pipeline : 1
  Pipeline-0 : II = 1, D = 1, States = { 1 }
* Dataflow Pipeline: 0

* FSM state transitions: 
1 --> 

* FSM state operations: 

State 1 <SV = 0> <Delay = 1.23>
ST_1 : Operation 2 [1/1] (0.00ns)   --->   "%specpipeline_ln39 = specpipeline void @_ssdm_op_SpecPipeline, i32 4294967295, i32 0, i32 0, i32 0, i32 4294967295, void @empty_0" [firmware/nnet_utils/nnet_activation.h:39->firmware/hgq2_1_hls4ml_prj_Vitis_latency_reusefactor1.cpp:87]   --->   Operation 2 'specpipeline' 'specpipeline_ln39' <Predicate = true> <Delay = 0.00>
ST_1 : Operation 3 [1/1] (0.00ns)   --->   "%layer9_out_31_val_read = read i15 @_ssdm_op_Read.ap_auto.i15, i15 %layer9_out_31_val" [firmware/nnet_utils/nnet_activation.h:42->firmware/hgq2_1_hls4ml_prj_Vitis_latency_reusefactor1.cpp:87]   --->   Operation 3 'read' 'layer9_out_31_val_read' <Predicate = true> <Delay = 0.00>
ST_1 : Operation 4 [1/1] (0.00ns)   --->   "%layer9_out_28_val_read = read i15 @_ssdm_op_Read.ap_auto.i15, i15 %layer9_out_28_val" [firmware/nnet_utils/nnet_activation.h:42->firmware/hgq2_1_hls4ml_prj_Vitis_latency_reusefactor1.cpp:87]   --->   Operation 4 'read' 'layer9_out_28_val_read' <Predicate = true> <Delay = 0.00>
ST_1 : Operation 5 [1/1] (0.00ns)   --->   "%layer9_out_26_val_read = read i15 @_ssdm_op_Read.ap_auto.i15, i15 %layer9_out_26_val" [firmware/nnet_utils/nnet_activation.h:42->firmware/hgq2_1_hls4ml_prj_Vitis_latency_reusefactor1.cpp:87]   --->   Operation 5 'read' 'layer9_out_26_val_read' <Predicate = true> <Delay = 0.00>
ST_1 : Operation 6 [1/1] (0.00ns)   --->   "%layer9_out_23_val_read = read i15 @_ssdm_op_Read.ap_auto.i15, i15 %layer9_out_23_val" [firmware/nnet_utils/nnet_activation.h:42->firmware/hgq2_1_hls4ml_prj_Vitis_latency_reusefactor1.cpp:87]   --->   Operation 6 'read' 'layer9_out_23_val_read' <Predicate = true> <Delay = 0.00>
ST_1 : Operation 7 [1/1] (0.00ns)   --->   "%layer9_out_22_val_read = read i15 @_ssdm_op_Read.ap_auto.i15, i15 %layer9_out_22_val" [firmware/nnet_utils/nnet_activation.h:42->firmware/hgq2_1_hls4ml_prj_Vitis_latency_reusefactor1.cpp:87]   --->   Operation 7 'read' 'layer9_out_22_val_read' <Predicate = true> <Delay = 0.00>
ST_1 : Operation 8 [1/1] (0.00ns)   --->   "%layer9_out_21_val_read = read i15 @_ssdm_op_Read.ap_auto.i15, i15 %layer9_out_21_val" [firmware/nnet_utils/nnet_activation.h:42->firmware/hgq2_1_hls4ml_prj_Vitis_latency_reusefactor1.cpp:87]   --->   Operation 8 'read' 'layer9_out_21_val_read' <Predicate = true> <Delay = 0.00>
ST_1 : Operation 9 [1/1] (0.00ns)   --->   "%layer9_out_18_val_read = read i15 @_ssdm_op_Read.ap_auto.i15, i15 %layer9_out_18_val" [firmware/nnet_utils/nnet_activation.h:42->firmware/hgq2_1_hls4ml_prj_Vitis_latency_reusefactor1.cpp:87]   --->   Operation 9 'read' 'layer9_out_18_val_read' <Predicate = true> <Delay = 0.00>
ST_1 : Operation 10 [1/1] (0.00ns)   --->   "%layer9_out_16_val_read = read i15 @_ssdm_op_Read.ap_auto.i15, i15 %layer9_out_16_val" [firmware/nnet_utils/nnet_activation.h:42->firmware/hgq2_1_hls4ml_prj_Vitis_latency_reusefactor1.cpp:87]   --->   Operation 10 'read' 'layer9_out_16_val_read' <Predicate = true> <Delay = 0.00>
ST_1 : Operation 11 [1/1] (0.00ns)   --->   "%layer9_out_15_val_read = read i15 @_ssdm_op_Read.ap_auto.i15, i15 %layer9_out_15_val" [firmware/nnet_utils/nnet_activation.h:42->firmware/hgq2_1_hls4ml_prj_Vitis_latency_reusefactor1.cpp:87]   --->   Operation 11 'read' 'layer9_out_15_val_read' <Predicate = true> <Delay = 0.00>
ST_1 : Operation 12 [1/1] (0.00ns)   --->   "%layer9_out_13_val_read = read i15 @_ssdm_op_Read.ap_auto.i15, i15 %layer9_out_13_val" [firmware/nnet_utils/nnet_activation.h:42->firmware/hgq2_1_hls4ml_prj_Vitis_latency_reusefactor1.cpp:87]   --->   Operation 12 'read' 'layer9_out_13_val_read' <Predicate = true> <Delay = 0.00>
ST_1 : Operation 13 [1/1] (0.00ns)   --->   "%layer9_out_10_val_read = read i15 @_ssdm_op_Read.ap_auto.i15, i15 %layer9_out_10_val" [firmware/nnet_utils/nnet_activation.h:42->firmware/hgq2_1_hls4ml_prj_Vitis_latency_reusefactor1.cpp:87]   --->   Operation 13 'read' 'layer9_out_10_val_read' <Predicate = true> <Delay = 0.00>
ST_1 : Operation 14 [1/1] (0.00ns)   --->   "%layer9_out_6_val_read = read i15 @_ssdm_op_Read.ap_auto.i15, i15 %layer9_out_6_val" [firmware/nnet_utils/nnet_activation.h:42->firmware/hgq2_1_hls4ml_prj_Vitis_latency_reusefactor1.cpp:87]   --->   Operation 14 'read' 'layer9_out_6_val_read' <Predicate = true> <Delay = 0.00>
ST_1 : Operation 15 [1/1] (0.00ns)   --->   "%layer9_out_5_val_read = read i15 @_ssdm_op_Read.ap_auto.i15, i15 %layer9_out_5_val" [firmware/nnet_utils/nnet_activation.h:42->firmware/hgq2_1_hls4ml_prj_Vitis_latency_reusefactor1.cpp:87]   --->   Operation 15 'read' 'layer9_out_5_val_read' <Predicate = true> <Delay = 0.00>
ST_1 : Operation 16 [1/1] (0.00ns)   --->   "%layer9_out_4_val_read = read i15 @_ssdm_op_Read.ap_auto.i15, i15 %layer9_out_4_val" [firmware/nnet_utils/nnet_activation.h:42->firmware/hgq2_1_hls4ml_prj_Vitis_latency_reusefactor1.cpp:87]   --->   Operation 16 'read' 'layer9_out_4_val_read' <Predicate = true> <Delay = 0.00>
ST_1 : Operation 17 [1/1] (0.00ns)   --->   "%layer9_out_2_val_read = read i15 @_ssdm_op_Read.ap_auto.i15, i15 %layer9_out_2_val" [firmware/nnet_utils/nnet_activation.h:42->firmware/hgq2_1_hls4ml_prj_Vitis_latency_reusefactor1.cpp:87]   --->   Operation 17 'read' 'layer9_out_2_val_read' <Predicate = true> <Delay = 0.00>
ST_1 : Operation 18 [1/1] (0.84ns)   --->   "%icmp_ln45 = icmp_sgt  i15 %layer9_out_2_val_read, i15 0" [firmware/nnet_utils/nnet_activation.h:45->firmware/hgq2_1_hls4ml_prj_Vitis_latency_reusefactor1.cpp:87]   --->   Operation 18 'icmp' 'icmp_ln45' <Predicate = true> <Delay = 0.84> <CoreInst = "Cmp">   --->   Core 9 'Cmp' <Latency = 0> <II = 1> <Delay = 0.84> <FuncUnit> <Opcode : 'seteq' 'setne' 'setle' 'setge' 'setlt' 'setgt'> <InPorts = 2> <OutPorts = 1>
ST_1 : Operation 19 [1/1] (0.00ns)   --->   "%trunc_ln46 = trunc i15 %layer9_out_2_val_read" [firmware/nnet_utils/nnet_activation.h:46->firmware/hgq2_1_hls4ml_prj_Vitis_latency_reusefactor1.cpp:87]   --->   Operation 19 'trunc' 'trunc_ln46' <Predicate = (icmp_ln45)> <Delay = 0.00>
ST_1 : Operation 20 [1/1] (0.38ns)   --->   "%select_ln45 = select i1 %icmp_ln45, i11 %trunc_ln46, i11 0" [firmware/nnet_utils/nnet_activation.h:45->firmware/hgq2_1_hls4ml_prj_Vitis_latency_reusefactor1.cpp:87]   --->   Operation 20 'select' 'select_ln45' <Predicate = true> <Delay = 0.38> <CoreInst = "Sel">   --->   Core 73 'Sel' <Latency = 0> <II = 1> <Delay = 0.38> <FuncUnit> <Opcode : 'select'> <InPorts = 3> <OutPorts = 1>
ST_1 : Operation 21 [1/1] (0.84ns)   --->   "%icmp_ln45_1 = icmp_sgt  i15 %layer9_out_4_val_read, i15 0" [firmware/nnet_utils/nnet_activation.h:45->firmware/hgq2_1_hls4ml_prj_Vitis_latency_reusefactor1.cpp:87]   --->   Operation 21 'icmp' 'icmp_ln45_1' <Predicate = true> <Delay = 0.84> <CoreInst = "Cmp">   --->   Core 9 'Cmp' <Latency = 0> <II = 1> <Delay = 0.84> <FuncUnit> <Opcode : 'seteq' 'setne' 'setle' 'setge' 'setlt' 'setgt'> <InPorts = 2> <OutPorts = 1>
ST_1 : Operation 22 [1/1] (0.00ns)   --->   "%trunc_ln46_1 = trunc i15 %layer9_out_4_val_read" [firmware/nnet_utils/nnet_activation.h:46->firmware/hgq2_1_hls4ml_prj_Vitis_latency_reusefactor1.cpp:87]   --->   Operation 22 'trunc' 'trunc_ln46_1' <Predicate = (icmp_ln45_1)> <Delay = 0.00>
ST_1 : Operation 23 [1/1] (0.38ns)   --->   "%select_ln45_1 = select i1 %icmp_ln45_1, i11 %trunc_ln46_1, i11 0" [firmware/nnet_utils/nnet_activation.h:45->firmware/hgq2_1_hls4ml_prj_Vitis_latency_reusefactor1.cpp:87]   --->   Operation 23 'select' 'select_ln45_1' <Predicate = true> <Delay = 0.38> <CoreInst = "Sel">   --->   Core 73 'Sel' <Latency = 0> <II = 1> <Delay = 0.38> <FuncUnit> <Opcode : 'select'> <InPorts = 3> <OutPorts = 1>
ST_1 : Operation 24 [1/1] (0.84ns)   --->   "%icmp_ln45_2 = icmp_sgt  i15 %layer9_out_5_val_read, i15 0" [firmware/nnet_utils/nnet_activation.h:45->firmware/hgq2_1_hls4ml_prj_Vitis_latency_reusefactor1.cpp:87]   --->   Operation 24 'icmp' 'icmp_ln45_2' <Predicate = true> <Delay = 0.84> <CoreInst = "Cmp">   --->   Core 9 'Cmp' <Latency = 0> <II = 1> <Delay = 0.84> <FuncUnit> <Opcode : 'seteq' 'setne' 'setle' 'setge' 'setlt' 'setgt'> <InPorts = 2> <OutPorts = 1>
ST_1 : Operation 25 [1/1] (0.00ns)   --->   "%trunc_ln46_2 = trunc i15 %layer9_out_5_val_read" [firmware/nnet_utils/nnet_activation.h:46->firmware/hgq2_1_hls4ml_prj_Vitis_latency_reusefactor1.cpp:87]   --->   Operation 25 'trunc' 'trunc_ln46_2' <Predicate = (icmp_ln45_2)> <Delay = 0.00>
ST_1 : Operation 26 [1/1] (0.38ns)   --->   "%select_ln45_2 = select i1 %icmp_ln45_2, i11 %trunc_ln46_2, i11 0" [firmware/nnet_utils/nnet_activation.h:45->firmware/hgq2_1_hls4ml_prj_Vitis_latency_reusefactor1.cpp:87]   --->   Operation 26 'select' 'select_ln45_2' <Predicate = true> <Delay = 0.38> <CoreInst = "Sel">   --->   Core 73 'Sel' <Latency = 0> <II = 1> <Delay = 0.38> <FuncUnit> <Opcode : 'select'> <InPorts = 3> <OutPorts = 1>
ST_1 : Operation 27 [1/1] (0.84ns)   --->   "%icmp_ln45_3 = icmp_sgt  i15 %layer9_out_6_val_read, i15 0" [firmware/nnet_utils/nnet_activation.h:45->firmware/hgq2_1_hls4ml_prj_Vitis_latency_reusefactor1.cpp:87]   --->   Operation 27 'icmp' 'icmp_ln45_3' <Predicate = true> <Delay = 0.84> <CoreInst = "Cmp">   --->   Core 9 'Cmp' <Latency = 0> <II = 1> <Delay = 0.84> <FuncUnit> <Opcode : 'seteq' 'setne' 'setle' 'setge' 'setlt' 'setgt'> <InPorts = 2> <OutPorts = 1>
ST_1 : Operation 28 [1/1] (0.00ns)   --->   "%trunc_ln46_3 = trunc i15 %layer9_out_6_val_read" [firmware/nnet_utils/nnet_activation.h:46->firmware/hgq2_1_hls4ml_prj_Vitis_latency_reusefactor1.cpp:87]   --->   Operation 28 'trunc' 'trunc_ln46_3' <Predicate = (icmp_ln45_3)> <Delay = 0.00>
ST_1 : Operation 29 [1/1] (0.38ns)   --->   "%select_ln45_3 = select i1 %icmp_ln45_3, i11 %trunc_ln46_3, i11 0" [firmware/nnet_utils/nnet_activation.h:45->firmware/hgq2_1_hls4ml_prj_Vitis_latency_reusefactor1.cpp:87]   --->   Operation 29 'select' 'select_ln45_3' <Predicate = true> <Delay = 0.38> <CoreInst = "Sel">   --->   Core 73 'Sel' <Latency = 0> <II = 1> <Delay = 0.38> <FuncUnit> <Opcode : 'select'> <InPorts = 3> <OutPorts = 1>
ST_1 : Operation 30 [1/1] (0.84ns)   --->   "%icmp_ln45_4 = icmp_sgt  i15 %layer9_out_10_val_read, i15 0" [firmware/nnet_utils/nnet_activation.h:45->firmware/hgq2_1_hls4ml_prj_Vitis_latency_reusefactor1.cpp:87]   --->   Operation 30 'icmp' 'icmp_ln45_4' <Predicate = true> <Delay = 0.84> <CoreInst = "Cmp">   --->   Core 9 'Cmp' <Latency = 0> <II = 1> <Delay = 0.84> <FuncUnit> <Opcode : 'seteq' 'setne' 'setle' 'setge' 'setlt' 'setgt'> <InPorts = 2> <OutPorts = 1>
ST_1 : Operation 31 [1/1] (0.00ns)   --->   "%trunc_ln46_4 = trunc i15 %layer9_out_10_val_read" [firmware/nnet_utils/nnet_activation.h:46->firmware/hgq2_1_hls4ml_prj_Vitis_latency_reusefactor1.cpp:87]   --->   Operation 31 'trunc' 'trunc_ln46_4' <Predicate = (icmp_ln45_4)> <Delay = 0.00>
ST_1 : Operation 32 [1/1] (0.38ns)   --->   "%select_ln45_4 = select i1 %icmp_ln45_4, i11 %trunc_ln46_4, i11 0" [firmware/nnet_utils/nnet_activation.h:45->firmware/hgq2_1_hls4ml_prj_Vitis_latency_reusefactor1.cpp:87]   --->   Operation 32 'select' 'select_ln45_4' <Predicate = true> <Delay = 0.38> <CoreInst = "Sel">   --->   Core 73 'Sel' <Latency = 0> <II = 1> <Delay = 0.38> <FuncUnit> <Opcode : 'select'> <InPorts = 3> <OutPorts = 1>
ST_1 : Operation 33 [1/1] (0.84ns)   --->   "%icmp_ln45_5 = icmp_sgt  i15 %layer9_out_13_val_read, i15 0" [firmware/nnet_utils/nnet_activation.h:45->firmware/hgq2_1_hls4ml_prj_Vitis_latency_reusefactor1.cpp:87]   --->   Operation 33 'icmp' 'icmp_ln45_5' <Predicate = true> <Delay = 0.84> <CoreInst = "Cmp">   --->   Core 9 'Cmp' <Latency = 0> <II = 1> <Delay = 0.84> <FuncUnit> <Opcode : 'seteq' 'setne' 'setle' 'setge' 'setlt' 'setgt'> <InPorts = 2> <OutPorts = 1>
ST_1 : Operation 34 [1/1] (0.00ns)   --->   "%trunc_ln46_5 = trunc i15 %layer9_out_13_val_read" [firmware/nnet_utils/nnet_activation.h:46->firmware/hgq2_1_hls4ml_prj_Vitis_latency_reusefactor1.cpp:87]   --->   Operation 34 'trunc' 'trunc_ln46_5' <Predicate = (icmp_ln45_5)> <Delay = 0.00>
ST_1 : Operation 35 [1/1] (0.38ns)   --->   "%select_ln45_5 = select i1 %icmp_ln45_5, i11 %trunc_ln46_5, i11 0" [firmware/nnet_utils/nnet_activation.h:45->firmware/hgq2_1_hls4ml_prj_Vitis_latency_reusefactor1.cpp:87]   --->   Operation 35 'select' 'select_ln45_5' <Predicate = true> <Delay = 0.38> <CoreInst = "Sel">   --->   Core 73 'Sel' <Latency = 0> <II = 1> <Delay = 0.38> <FuncUnit> <Opcode : 'select'> <InPorts = 3> <OutPorts = 1>
ST_1 : Operation 36 [1/1] (0.84ns)   --->   "%icmp_ln45_6 = icmp_sgt  i15 %layer9_out_15_val_read, i15 0" [firmware/nnet_utils/nnet_activation.h:45->firmware/hgq2_1_hls4ml_prj_Vitis_latency_reusefactor1.cpp:87]   --->   Operation 36 'icmp' 'icmp_ln45_6' <Predicate = true> <Delay = 0.84> <CoreInst = "Cmp">   --->   Core 9 'Cmp' <Latency = 0> <II = 1> <Delay = 0.84> <FuncUnit> <Opcode : 'seteq' 'setne' 'setle' 'setge' 'setlt' 'setgt'> <InPorts = 2> <OutPorts = 1>
ST_1 : Operation 37 [1/1] (0.00ns)   --->   "%trunc_ln46_6 = trunc i15 %layer9_out_15_val_read" [firmware/nnet_utils/nnet_activation.h:46->firmware/hgq2_1_hls4ml_prj_Vitis_latency_reusefactor1.cpp:87]   --->   Operation 37 'trunc' 'trunc_ln46_6' <Predicate = (icmp_ln45_6)> <Delay = 0.00>
ST_1 : Operation 38 [1/1] (0.38ns)   --->   "%select_ln45_6 = select i1 %icmp_ln45_6, i11 %trunc_ln46_6, i11 0" [firmware/nnet_utils/nnet_activation.h:45->firmware/hgq2_1_hls4ml_prj_Vitis_latency_reusefactor1.cpp:87]   --->   Operation 38 'select' 'select_ln45_6' <Predicate = true> <Delay = 0.38> <CoreInst = "Sel">   --->   Core 73 'Sel' <Latency = 0> <II = 1> <Delay = 0.38> <FuncUnit> <Opcode : 'select'> <InPorts = 3> <OutPorts = 1>
ST_1 : Operation 39 [1/1] (0.84ns)   --->   "%icmp_ln45_7 = icmp_sgt  i15 %layer9_out_16_val_read, i15 0" [firmware/nnet_utils/nnet_activation.h:45->firmware/hgq2_1_hls4ml_prj_Vitis_latency_reusefactor1.cpp:87]   --->   Operation 39 'icmp' 'icmp_ln45_7' <Predicate = true> <Delay = 0.84> <CoreInst = "Cmp">   --->   Core 9 'Cmp' <Latency = 0> <II = 1> <Delay = 0.84> <FuncUnit> <Opcode : 'seteq' 'setne' 'setle' 'setge' 'setlt' 'setgt'> <InPorts = 2> <OutPorts = 1>
ST_1 : Operation 40 [1/1] (0.00ns)   --->   "%trunc_ln46_7 = trunc i15 %layer9_out_16_val_read" [firmware/nnet_utils/nnet_activation.h:46->firmware/hgq2_1_hls4ml_prj_Vitis_latency_reusefactor1.cpp:87]   --->   Operation 40 'trunc' 'trunc_ln46_7' <Predicate = (icmp_ln45_7)> <Delay = 0.00>
ST_1 : Operation 41 [1/1] (0.38ns)   --->   "%select_ln45_7 = select i1 %icmp_ln45_7, i11 %trunc_ln46_7, i11 0" [firmware/nnet_utils/nnet_activation.h:45->firmware/hgq2_1_hls4ml_prj_Vitis_latency_reusefactor1.cpp:87]   --->   Operation 41 'select' 'select_ln45_7' <Predicate = true> <Delay = 0.38> <CoreInst = "Sel">   --->   Core 73 'Sel' <Latency = 0> <II = 1> <Delay = 0.38> <FuncUnit> <Opcode : 'select'> <InPorts = 3> <OutPorts = 1>
ST_1 : Operation 42 [1/1] (0.84ns)   --->   "%icmp_ln45_8 = icmp_sgt  i15 %layer9_out_18_val_read, i15 0" [firmware/nnet_utils/nnet_activation.h:45->firmware/hgq2_1_hls4ml_prj_Vitis_latency_reusefactor1.cpp:87]   --->   Operation 42 'icmp' 'icmp_ln45_8' <Predicate = true> <Delay = 0.84> <CoreInst = "Cmp">   --->   Core 9 'Cmp' <Latency = 0> <II = 1> <Delay = 0.84> <FuncUnit> <Opcode : 'seteq' 'setne' 'setle' 'setge' 'setlt' 'setgt'> <InPorts = 2> <OutPorts = 1>
ST_1 : Operation 43 [1/1] (0.00ns)   --->   "%trunc_ln46_8 = trunc i15 %layer9_out_18_val_read" [firmware/nnet_utils/nnet_activation.h:46->firmware/hgq2_1_hls4ml_prj_Vitis_latency_reusefactor1.cpp:87]   --->   Operation 43 'trunc' 'trunc_ln46_8' <Predicate = (icmp_ln45_8)> <Delay = 0.00>
ST_1 : Operation 44 [1/1] (0.38ns)   --->   "%select_ln45_8 = select i1 %icmp_ln45_8, i11 %trunc_ln46_8, i11 0" [firmware/nnet_utils/nnet_activation.h:45->firmware/hgq2_1_hls4ml_prj_Vitis_latency_reusefactor1.cpp:87]   --->   Operation 44 'select' 'select_ln45_8' <Predicate = true> <Delay = 0.38> <CoreInst = "Sel">   --->   Core 73 'Sel' <Latency = 0> <II = 1> <Delay = 0.38> <FuncUnit> <Opcode : 'select'> <InPorts = 3> <OutPorts = 1>
ST_1 : Operation 45 [1/1] (0.84ns)   --->   "%icmp_ln45_9 = icmp_sgt  i15 %layer9_out_21_val_read, i15 0" [firmware/nnet_utils/nnet_activation.h:45->firmware/hgq2_1_hls4ml_prj_Vitis_latency_reusefactor1.cpp:87]   --->   Operation 45 'icmp' 'icmp_ln45_9' <Predicate = true> <Delay = 0.84> <CoreInst = "Cmp">   --->   Core 9 'Cmp' <Latency = 0> <II = 1> <Delay = 0.84> <FuncUnit> <Opcode : 'seteq' 'setne' 'setle' 'setge' 'setlt' 'setgt'> <InPorts = 2> <OutPorts = 1>
ST_1 : Operation 46 [1/1] (0.00ns)   --->   "%trunc_ln46_9 = trunc i15 %layer9_out_21_val_read" [firmware/nnet_utils/nnet_activation.h:46->firmware/hgq2_1_hls4ml_prj_Vitis_latency_reusefactor1.cpp:87]   --->   Operation 46 'trunc' 'trunc_ln46_9' <Predicate = (icmp_ln45_9)> <Delay = 0.00>
ST_1 : Operation 47 [1/1] (0.38ns)   --->   "%select_ln45_9 = select i1 %icmp_ln45_9, i11 %trunc_ln46_9, i11 0" [firmware/nnet_utils/nnet_activation.h:45->firmware/hgq2_1_hls4ml_prj_Vitis_latency_reusefactor1.cpp:87]   --->   Operation 47 'select' 'select_ln45_9' <Predicate = true> <Delay = 0.38> <CoreInst = "Sel">   --->   Core 73 'Sel' <Latency = 0> <II = 1> <Delay = 0.38> <FuncUnit> <Opcode : 'select'> <InPorts = 3> <OutPorts = 1>
ST_1 : Operation 48 [1/1] (0.84ns)   --->   "%icmp_ln45_10 = icmp_sgt  i15 %layer9_out_22_val_read, i15 0" [firmware/nnet_utils/nnet_activation.h:45->firmware/hgq2_1_hls4ml_prj_Vitis_latency_reusefactor1.cpp:87]   --->   Operation 48 'icmp' 'icmp_ln45_10' <Predicate = true> <Delay = 0.84> <CoreInst = "Cmp">   --->   Core 9 'Cmp' <Latency = 0> <II = 1> <Delay = 0.84> <FuncUnit> <Opcode : 'seteq' 'setne' 'setle' 'setge' 'setlt' 'setgt'> <InPorts = 2> <OutPorts = 1>
ST_1 : Operation 49 [1/1] (0.00ns)   --->   "%trunc_ln46_10 = trunc i15 %layer9_out_22_val_read" [firmware/nnet_utils/nnet_activation.h:46->firmware/hgq2_1_hls4ml_prj_Vitis_latency_reusefactor1.cpp:87]   --->   Operation 49 'trunc' 'trunc_ln46_10' <Predicate = (icmp_ln45_10)> <Delay = 0.00>
ST_1 : Operation 50 [1/1] (0.38ns)   --->   "%select_ln45_10 = select i1 %icmp_ln45_10, i11 %trunc_ln46_10, i11 0" [firmware/nnet_utils/nnet_activation.h:45->firmware/hgq2_1_hls4ml_prj_Vitis_latency_reusefactor1.cpp:87]   --->   Operation 50 'select' 'select_ln45_10' <Predicate = true> <Delay = 0.38> <CoreInst = "Sel">   --->   Core 73 'Sel' <Latency = 0> <II = 1> <Delay = 0.38> <FuncUnit> <Opcode : 'select'> <InPorts = 3> <OutPorts = 1>
ST_1 : Operation 51 [1/1] (0.84ns)   --->   "%icmp_ln45_11 = icmp_sgt  i15 %layer9_out_23_val_read, i15 0" [firmware/nnet_utils/nnet_activation.h:45->firmware/hgq2_1_hls4ml_prj_Vitis_latency_reusefactor1.cpp:87]   --->   Operation 51 'icmp' 'icmp_ln45_11' <Predicate = true> <Delay = 0.84> <CoreInst = "Cmp">   --->   Core 9 'Cmp' <Latency = 0> <II = 1> <Delay = 0.84> <FuncUnit> <Opcode : 'seteq' 'setne' 'setle' 'setge' 'setlt' 'setgt'> <InPorts = 2> <OutPorts = 1>
ST_1 : Operation 52 [1/1] (0.00ns)   --->   "%trunc_ln46_11 = trunc i15 %layer9_out_23_val_read" [firmware/nnet_utils/nnet_activation.h:46->firmware/hgq2_1_hls4ml_prj_Vitis_latency_reusefactor1.cpp:87]   --->   Operation 52 'trunc' 'trunc_ln46_11' <Predicate = (icmp_ln45_11)> <Delay = 0.00>
ST_1 : Operation 53 [1/1] (0.38ns)   --->   "%select_ln45_11 = select i1 %icmp_ln45_11, i11 %trunc_ln46_11, i11 0" [firmware/nnet_utils/nnet_activation.h:45->firmware/hgq2_1_hls4ml_prj_Vitis_latency_reusefactor1.cpp:87]   --->   Operation 53 'select' 'select_ln45_11' <Predicate = true> <Delay = 0.38> <CoreInst = "Sel">   --->   Core 73 'Sel' <Latency = 0> <II = 1> <Delay = 0.38> <FuncUnit> <Opcode : 'select'> <InPorts = 3> <OutPorts = 1>
ST_1 : Operation 54 [1/1] (0.84ns)   --->   "%icmp_ln45_12 = icmp_sgt  i15 %layer9_out_26_val_read, i15 0" [firmware/nnet_utils/nnet_activation.h:45->firmware/hgq2_1_hls4ml_prj_Vitis_latency_reusefactor1.cpp:87]   --->   Operation 54 'icmp' 'icmp_ln45_12' <Predicate = true> <Delay = 0.84> <CoreInst = "Cmp">   --->   Core 9 'Cmp' <Latency = 0> <II = 1> <Delay = 0.84> <FuncUnit> <Opcode : 'seteq' 'setne' 'setle' 'setge' 'setlt' 'setgt'> <InPorts = 2> <OutPorts = 1>
ST_1 : Operation 55 [1/1] (0.00ns)   --->   "%trunc_ln46_12 = trunc i15 %layer9_out_26_val_read" [firmware/nnet_utils/nnet_activation.h:46->firmware/hgq2_1_hls4ml_prj_Vitis_latency_reusefactor1.cpp:87]   --->   Operation 55 'trunc' 'trunc_ln46_12' <Predicate = (icmp_ln45_12)> <Delay = 0.00>
ST_1 : Operation 56 [1/1] (0.38ns)   --->   "%select_ln45_12 = select i1 %icmp_ln45_12, i11 %trunc_ln46_12, i11 0" [firmware/nnet_utils/nnet_activation.h:45->firmware/hgq2_1_hls4ml_prj_Vitis_latency_reusefactor1.cpp:87]   --->   Operation 56 'select' 'select_ln45_12' <Predicate = true> <Delay = 0.38> <CoreInst = "Sel">   --->   Core 73 'Sel' <Latency = 0> <II = 1> <Delay = 0.38> <FuncUnit> <Opcode : 'select'> <InPorts = 3> <OutPorts = 1>
ST_1 : Operation 57 [1/1] (0.84ns)   --->   "%icmp_ln45_13 = icmp_sgt  i15 %layer9_out_28_val_read, i15 0" [firmware/nnet_utils/nnet_activation.h:45->firmware/hgq2_1_hls4ml_prj_Vitis_latency_reusefactor1.cpp:87]   --->   Operation 57 'icmp' 'icmp_ln45_13' <Predicate = true> <Delay = 0.84> <CoreInst = "Cmp">   --->   Core 9 'Cmp' <Latency = 0> <II = 1> <Delay = 0.84> <FuncUnit> <Opcode : 'seteq' 'setne' 'setle' 'setge' 'setlt' 'setgt'> <InPorts = 2> <OutPorts = 1>
ST_1 : Operation 58 [1/1] (0.00ns)   --->   "%trunc_ln46_13 = trunc i15 %layer9_out_28_val_read" [firmware/nnet_utils/nnet_activation.h:46->firmware/hgq2_1_hls4ml_prj_Vitis_latency_reusefactor1.cpp:87]   --->   Operation 58 'trunc' 'trunc_ln46_13' <Predicate = (icmp_ln45_13)> <Delay = 0.00>
ST_1 : Operation 59 [1/1] (0.38ns)   --->   "%select_ln45_13 = select i1 %icmp_ln45_13, i11 %trunc_ln46_13, i11 0" [firmware/nnet_utils/nnet_activation.h:45->firmware/hgq2_1_hls4ml_prj_Vitis_latency_reusefactor1.cpp:87]   --->   Operation 59 'select' 'select_ln45_13' <Predicate = true> <Delay = 0.38> <CoreInst = "Sel">   --->   Core 73 'Sel' <Latency = 0> <II = 1> <Delay = 0.38> <FuncUnit> <Opcode : 'select'> <InPorts = 3> <OutPorts = 1>
ST_1 : Operation 60 [1/1] (0.84ns)   --->   "%icmp_ln45_14 = icmp_sgt  i15 %layer9_out_31_val_read, i15 0" [firmware/nnet_utils/nnet_activation.h:45->firmware/hgq2_1_hls4ml_prj_Vitis_latency_reusefactor1.cpp:87]   --->   Operation 60 'icmp' 'icmp_ln45_14' <Predicate = true> <Delay = 0.84> <CoreInst = "Cmp">   --->   Core 9 'Cmp' <Latency = 0> <II = 1> <Delay = 0.84> <FuncUnit> <Opcode : 'seteq' 'setne' 'setle' 'setge' 'setlt' 'setgt'> <InPorts = 2> <OutPorts = 1>
ST_1 : Operation 61 [1/1] (0.00ns)   --->   "%trunc_ln46_14 = trunc i15 %layer9_out_31_val_read" [firmware/nnet_utils/nnet_activation.h:46->firmware/hgq2_1_hls4ml_prj_Vitis_latency_reusefactor1.cpp:87]   --->   Operation 61 'trunc' 'trunc_ln46_14' <Predicate = (icmp_ln45_14)> <Delay = 0.00>
ST_1 : Operation 62 [1/1] (0.38ns)   --->   "%select_ln45_14 = select i1 %icmp_ln45_14, i11 %trunc_ln46_14, i11 0" [firmware/nnet_utils/nnet_activation.h:45->firmware/hgq2_1_hls4ml_prj_Vitis_latency_reusefactor1.cpp:87]   --->   Operation 62 'select' 'select_ln45_14' <Predicate = true> <Delay = 0.38> <CoreInst = "Sel">   --->   Core 73 'Sel' <Latency = 0> <II = 1> <Delay = 0.38> <FuncUnit> <Opcode : 'select'> <InPorts = 3> <OutPorts = 1>
ST_1 : Operation 63 [1/1] (0.00ns)   --->   "%mrv = insertvalue i165 <undef>, i11 %select_ln45" [firmware/nnet_utils/nnet_activation.h:45->firmware/hgq2_1_hls4ml_prj_Vitis_latency_reusefactor1.cpp:87]   --->   Operation 63 'insertvalue' 'mrv' <Predicate = true> <Delay = 0.00>
ST_1 : Operation 64 [1/1] (0.00ns)   --->   "%mrv_1 = insertvalue i165 %mrv, i11 %select_ln45_1" [firmware/nnet_utils/nnet_activation.h:45->firmware/hgq2_1_hls4ml_prj_Vitis_latency_reusefactor1.cpp:87]   --->   Operation 64 'insertvalue' 'mrv_1' <Predicate = true> <Delay = 0.00>
ST_1 : Operation 65 [1/1] (0.00ns)   --->   "%mrv_2 = insertvalue i165 %mrv_1, i11 %select_ln45_2" [firmware/nnet_utils/nnet_activation.h:45->firmware/hgq2_1_hls4ml_prj_Vitis_latency_reusefactor1.cpp:87]   --->   Operation 65 'insertvalue' 'mrv_2' <Predicate = true> <Delay = 0.00>
ST_1 : Operation 66 [1/1] (0.00ns)   --->   "%mrv_3 = insertvalue i165 %mrv_2, i11 %select_ln45_3" [firmware/nnet_utils/nnet_activation.h:45->firmware/hgq2_1_hls4ml_prj_Vitis_latency_reusefactor1.cpp:87]   --->   Operation 66 'insertvalue' 'mrv_3' <Predicate = true> <Delay = 0.00>
ST_1 : Operation 67 [1/1] (0.00ns)   --->   "%mrv_4 = insertvalue i165 %mrv_3, i11 %select_ln45_4" [firmware/nnet_utils/nnet_activation.h:45->firmware/hgq2_1_hls4ml_prj_Vitis_latency_reusefactor1.cpp:87]   --->   Operation 67 'insertvalue' 'mrv_4' <Predicate = true> <Delay = 0.00>
ST_1 : Operation 68 [1/1] (0.00ns)   --->   "%mrv_5 = insertvalue i165 %mrv_4, i11 %select_ln45_5" [firmware/nnet_utils/nnet_activation.h:45->firmware/hgq2_1_hls4ml_prj_Vitis_latency_reusefactor1.cpp:87]   --->   Operation 68 'insertvalue' 'mrv_5' <Predicate = true> <Delay = 0.00>
ST_1 : Operation 69 [1/1] (0.00ns)   --->   "%mrv_6 = insertvalue i165 %mrv_5, i11 %select_ln45_6" [firmware/nnet_utils/nnet_activation.h:45->firmware/hgq2_1_hls4ml_prj_Vitis_latency_reusefactor1.cpp:87]   --->   Operation 69 'insertvalue' 'mrv_6' <Predicate = true> <Delay = 0.00>
ST_1 : Operation 70 [1/1] (0.00ns)   --->   "%mrv_7 = insertvalue i165 %mrv_6, i11 %select_ln45_7" [firmware/nnet_utils/nnet_activation.h:45->firmware/hgq2_1_hls4ml_prj_Vitis_latency_reusefactor1.cpp:87]   --->   Operation 70 'insertvalue' 'mrv_7' <Predicate = true> <Delay = 0.00>
ST_1 : Operation 71 [1/1] (0.00ns)   --->   "%mrv_8 = insertvalue i165 %mrv_7, i11 %select_ln45_8" [firmware/nnet_utils/nnet_activation.h:45->firmware/hgq2_1_hls4ml_prj_Vitis_latency_reusefactor1.cpp:87]   --->   Operation 71 'insertvalue' 'mrv_8' <Predicate = true> <Delay = 0.00>
ST_1 : Operation 72 [1/1] (0.00ns)   --->   "%mrv_9 = insertvalue i165 %mrv_8, i11 %select_ln45_9" [firmware/nnet_utils/nnet_activation.h:45->firmware/hgq2_1_hls4ml_prj_Vitis_latency_reusefactor1.cpp:87]   --->   Operation 72 'insertvalue' 'mrv_9' <Predicate = true> <Delay = 0.00>
ST_1 : Operation 73 [1/1] (0.00ns)   --->   "%mrv_s = insertvalue i165 %mrv_9, i11 %select_ln45_10" [firmware/nnet_utils/nnet_activation.h:45->firmware/hgq2_1_hls4ml_prj_Vitis_latency_reusefactor1.cpp:87]   --->   Operation 73 'insertvalue' 'mrv_s' <Predicate = true> <Delay = 0.00>
ST_1 : Operation 74 [1/1] (0.00ns)   --->   "%mrv_10 = insertvalue i165 %mrv_s, i11 %select_ln45_11" [firmware/nnet_utils/nnet_activation.h:45->firmware/hgq2_1_hls4ml_prj_Vitis_latency_reusefactor1.cpp:87]   --->   Operation 74 'insertvalue' 'mrv_10' <Predicate = true> <Delay = 0.00>
ST_1 : Operation 75 [1/1] (0.00ns)   --->   "%mrv_11 = insertvalue i165 %mrv_10, i11 %select_ln45_12" [firmware/nnet_utils/nnet_activation.h:45->firmware/hgq2_1_hls4ml_prj_Vitis_latency_reusefactor1.cpp:87]   --->   Operation 75 'insertvalue' 'mrv_11' <Predicate = true> <Delay = 0.00>
ST_1 : Operation 76 [1/1] (0.00ns)   --->   "%mrv_12 = insertvalue i165 %mrv_11, i11 %select_ln45_13" [firmware/nnet_utils/nnet_activation.h:45->firmware/hgq2_1_hls4ml_prj_Vitis_latency_reusefactor1.cpp:87]   --->   Operation 76 'insertvalue' 'mrv_12' <Predicate = true> <Delay = 0.00>
ST_1 : Operation 77 [1/1] (0.00ns)   --->   "%mrv_13 = insertvalue i165 %mrv_12, i11 %select_ln45_14" [firmware/nnet_utils/nnet_activation.h:45->firmware/hgq2_1_hls4ml_prj_Vitis_latency_reusefactor1.cpp:87]   --->   Operation 77 'insertvalue' 'mrv_13' <Predicate = true> <Delay = 0.00>
ST_1 : Operation 78 [1/1] (0.00ns)   --->   "%ret_ln45 = ret i165 %mrv_13" [firmware/nnet_utils/nnet_activation.h:45->firmware/hgq2_1_hls4ml_prj_Vitis_latency_reusefactor1.cpp:87]   --->   Operation 78 'ret' 'ret_ln45' <Predicate = true> <Delay = 0.00>


============================================================
+ Verbose Summary: Timing violations
============================================================
Target clock period: 5.000ns, clock uncertainty: 1.350ns.

 <State 1>: 1.231ns
The critical path consists of the following:
	wire read operation ('layer9_out_2_val_read', firmware/nnet_utils/nnet_activation.h:42->firmware/hgq2_1_hls4ml_prj_Vitis_latency_reusefactor1.cpp:87) on port 'layer9_out_2_val' (firmware/nnet_utils/nnet_activation.h:42->firmware/hgq2_1_hls4ml_prj_Vitis_latency_reusefactor1.cpp:87) [31]  (0.000 ns)
	'icmp' operation 1 bit ('icmp_ln45', firmware/nnet_utils/nnet_activation.h:45->firmware/hgq2_1_hls4ml_prj_Vitis_latency_reusefactor1.cpp:87) [32]  (0.842 ns)
	'select' operation 11 bit ('select_ln45', firmware/nnet_utils/nnet_activation.h:45->firmware/hgq2_1_hls4ml_prj_Vitis_latency_reusefactor1.cpp:87) [34]  (0.389 ns)


============================================================
+ Verbose Summary: Binding
============================================================
N/A
* FSMD analyzer results:
  - Output states:
 - Input state : 
  - Chain level:
	State 1


============================================================
+ Verbose Summary: Datapath Resource usage 
============================================================
N/A
