Thu May  7 16:24:13 2026: Running xcd server. This server was built by gradle.
Thu May  7 16:24:13 2026: Server was asked to start on port: '37185'
Thu May  7 16:24:13 2026: Server is using token UUID: 'eb4911ba-7334-45dd-9c12-ae2311983371'
Thu May  7 16:24:13 2026: SESSION_MGR: creating session with session uuid: '6d04a3e9-ade5-4ab9-8d63-1f78fcd2ec76' and name 'default'
Thu May  7 16:24:13 2026: Attempting to start server on port '37185'
Thu May  7 16:24:13 2026: XCD main fifo: created main fifo '/tmp/xcdmaineb4911ba-7334-45dd-9c12-ae2311983371', fd read = 13
Thu May  7 16:24:13 2026: Running Dispatch Server
Thu May  7 16:24:13 2026: Version 2.2.0
Thu May  7 16:24:15 2026: Dispatch Server: Accepted socket connection from client
Thu May  7 16:24:15 2026: Starting Socket connection
Thu May  7 16:24:15 2026: EXCHANGE_TOKEN received, server token: eb4911ba-7334-45dd-9c12-ae2311983371, passed token: eb4911ba-7334-45dd-9c12-ae2311983371
Thu May  7 16:24:15 2026: DISPATCH_HANDLER: Adding handler from function makeHandler in library libxv_system_diagram
Thu May  7 16:24:15 2026: SESSION_MGR: creating session with session uuid: '617b62a5-342c-4b89-a489-372ea5f08e80' and name 'v++_link_myproject'
Thu May  7 16:24:15 2026: KERNEL_SVC: creating session with uuid: '617b62a5-342c-4b89-a489-372ea5f08e80' and name 'v++_link_myproject'
Thu May  7 16:24:15 2026: GUIDANCE_SMGR: creating guidance session with uuid: '617b62a5-342c-4b89-a489-372ea5f08e80' and name 'v++_link_myproject'
Thu May  7 16:24:15 2026: SYSTEM_DIAGRAM: creating session with uuid: '617b62a5-342c-4b89-a489-372ea5f08e80' and name 'v++_link_myproject'
Thu May  7 16:24:19 2026: Dispatch Server: Accepted socket connection from client
Thu May  7 16:24:19 2026: Starting Socket connection
Thu May  7 16:24:22 2026: Dispatch Server: Accepted socket connection from client
Thu May  7 16:24:22 2026: Starting Socket connection
Thu May  7 16:24:49 2026: Dispatch Server: Accepted socket connection from client
Thu May  7 16:24:49 2026: Starting Socket connection
Thu May  7 16:24:49 2026: Dispatch Server: Accepted socket connection from client
Thu May  7 16:24:49 2026: Starting Socket connection
Thu May  7 16:24:49 2026: Dispatch Server: Accepted socket connection from client
Thu May  7 16:24:49 2026: Starting Socket connection
Thu May  7 16:24:49 2026: Dispatch Server: Accepted socket connection from client
Thu May  7 16:24:49 2026: Starting Socket connection
Thu May  7 16:24:49 2026: Dispatch Server: Accepted socket connection from client
Thu May  7 16:24:49 2026: Starting Socket connection
Thu May  7 16:24:50 2026: Dispatch Server: Accepted socket connection from client
Thu May  7 16:24:50 2026: Starting Socket connection
Thu May  7 16:24:50 2026: Dispatch Server: Accepted socket connection from client
Thu May  7 16:24:50 2026: Starting Socket connection
Thu May  7 16:24:50 2026: Dispatch Server: Accepted socket connection from client
Thu May  7 16:24:50 2026: Starting Socket connection
Thu May  7 16:25:23 2026: Dispatch Server: Accepted socket connection from client
Thu May  7 16:25:23 2026: Starting Socket connection
Thu May  7 16:25:23 2026: Dispatch Server: Accepted socket connection from client
Thu May  7 16:25:23 2026: Starting Socket connection
Thu May  7 16:26:51 2026: Dispatch Server: Accepted socket connection from client
Thu May  7 16:26:51 2026: Starting Socket connection
Thu May  7 16:27:21 2026: Dispatch Server: Accepted socket connection from client
Thu May  7 16:27:21 2026: Starting Socket connection
Thu May  7 16:29:44 2026: SESSION_MGR: closing session for UUID '617b62a5-342c-4b89-a489-372ea5f08e80' with name 'v++_link_myproject'
Thu May  7 16:29:44 2026: KERNEL_SVC: closing session for UUID '617b62a5-342c-4b89-a489-372ea5f08e80' with name 'v++_link_myproject'
Thu May  7 16:29:44 2026: GUIDANCE_SMGR: closing session for UUID '617b62a5-342c-4b89-a489-372ea5f08e80' with name 'v++_link_myproject'
Thu May  7 16:29:44 2026: SYSTEM_DIAGRAM: closing session for UUID '617b62a5-342c-4b89-a489-372ea5f08e80' with name 'v++_link_myproject'
Thu May  7 16:29:44 2026: STOP_SERVER received, server token: eb4911ba-7334-45dd-9c12-ae2311983371, passed token: eb4911ba-7334-45dd-9c12-ae2311983371
Thu May  7 16:29:44 2026: Socket received request to stop server.
Thu May  7 16:29:44 2026: Dispatch Server: do_await_stop
Thu May  7 16:29:44 2026: Dispatch Server: stopping mainFifo_
Thu May  7 16:29:44 2026: XCD main fifo: Stopping
Thu May  7 16:29:44 2026: XCD main fifo: do_read error code: Operation canceled
Thu May  7 16:29:44 2026: XCD main fifo: bytes_transferred: 0
Thu May  7 16:29:44 2026: SERVER: destructor for server bound to port 37185
Thu May  7 16:29:44 2026: XCD main fifo: Good unlink of /tmp/xcdmaineb4911ba-7334-45dd-9c12-ae2311983371
Thu May  7 16:29:44 2026: Server exiting with status 0.
Thu May  7 16:29:44 2026: Closing log file.
