

================================================================
== Vitis HLS Report for 'dense_latency_ap_fixed_16_6_5_3_0_ap_fixed_38_18_5_3_0_config8_s'
================================================================
* Date:           Thu May  7 13:44:15 2026

* Version:        2025.2 (Build 6295257 on Nov 14 2025)
* Project:        vitis_unified_project
* Solution:       hls (Vivado IP Flow Target)
* Product family: zynquplus
* Target device:  xck26-sfvc784-2LV-c


================================================================
== Performance Estimates
================================================================
+ Timing: 
    * Summary: 
    +--------+---------+----------+------------+
    |  Clock |  Target | Estimated| Uncertainty|
    +--------+---------+----------+------------+
    |ap_clk  |  5.00 ns|  4.053 ns|     0.62 ns|
    +--------+---------+----------+------------+

+ Latency: 
    * Summary: 
    +---------+---------+----------+----------+-----+-----+---------+
    |  Latency (cycles) |  Latency (absolute) |  Interval | Pipeline|
    |   min   |   max   |    min   |    max   | min | max |   Type  |
    +---------+---------+----------+----------+-----+-----+---------+
    |        1|        1|  5.000 ns|  5.000 ns|    1|    1|      yes|
    +---------+---------+----------+----------+-----+-----+---------+

    + Detail: 
        * Instance: 
        N/A

        * Loop: 
        N/A



================================================================
== Utilization Estimates
================================================================
* Summary: 
+-----------------+---------+------+--------+--------+-----+
|       Name      | BRAM_18K|  DSP |   FF   |   LUT  | URAM|
+-----------------+---------+------+--------+--------+-----+
|DSP              |        -|     -|       -|       -|    -|
|Expression       |        -|     -|       0|    3504|    -|
|FIFO             |        -|     -|       -|       -|    -|
|Instance         |        -|   141|       0|     705|    -|
|Memory           |        -|     -|       -|       -|    -|
|Multiplexer      |        -|     -|       -|       -|    -|
|Register         |        -|     -|     842|       -|    -|
+-----------------+---------+------+--------+--------+-----+
|Total            |        0|   141|     842|    4209|    0|
+-----------------+---------+------+--------+--------+-----+
|Available        |      288|  1248|  234240|  117120|   64|
+-----------------+---------+------+--------+--------+-----+
|Utilization (%)  |        0|    11|      ~0|       3|    0|
+-----------------+---------+------+--------+--------+-----+

+ Detail: 
    * Instance: 
    +---------------------------+---------------------+---------+----+---+----+-----+
    |          Instance         |        Module       | BRAM_18K| DSP| FF| LUT| URAM|
    +---------------------------+---------------------+---------+----+---+----+-----+
    |mul_16s_10ns_26_1_1_U3495  |mul_16s_10ns_26_1_1  |        0|   1|  0|   5|    0|
    |mul_16s_10ns_26_1_1_U3496  |mul_16s_10ns_26_1_1  |        0|   1|  0|   5|    0|
    |mul_16s_10ns_26_1_1_U3498  |mul_16s_10ns_26_1_1  |        0|   1|  0|   5|    0|
    |mul_16s_10ns_26_1_1_U3500  |mul_16s_10ns_26_1_1  |        0|   1|  0|   5|    0|
    |mul_16s_10ns_26_1_1_U3501  |mul_16s_10ns_26_1_1  |        0|   1|  0|   5|    0|
    |mul_16s_10ns_26_1_1_U3502  |mul_16s_10ns_26_1_1  |        0|   1|  0|   5|    0|
    |mul_16s_10ns_26_1_1_U3504  |mul_16s_10ns_26_1_1  |        0|   1|  0|   5|    0|
    |mul_16s_10ns_26_1_1_U3505  |mul_16s_10ns_26_1_1  |        0|   1|  0|   5|    0|
    |mul_16s_10ns_26_1_1_U3512  |mul_16s_10ns_26_1_1  |        0|   1|  0|   5|    0|
    |mul_16s_10ns_26_1_1_U3516  |mul_16s_10ns_26_1_1  |        0|   1|  0|   5|    0|
    |mul_16s_10ns_26_1_1_U3517  |mul_16s_10ns_26_1_1  |        0|   1|  0|   5|    0|
    |mul_16s_10ns_26_1_1_U3525  |mul_16s_10ns_26_1_1  |        0|   1|  0|   5|    0|
    |mul_16s_10ns_26_1_1_U3526  |mul_16s_10ns_26_1_1  |        0|   1|  0|   5|    0|
    |mul_16s_10ns_26_1_1_U3528  |mul_16s_10ns_26_1_1  |        0|   1|  0|   5|    0|
    |mul_16s_10ns_26_1_1_U3531  |mul_16s_10ns_26_1_1  |        0|   1|  0|   5|    0|
    |mul_16s_10ns_26_1_1_U3534  |mul_16s_10ns_26_1_1  |        0|   1|  0|   5|    0|
    |mul_16s_10ns_26_1_1_U3551  |mul_16s_10ns_26_1_1  |        0|   1|  0|   5|    0|
    |mul_16s_10ns_26_1_1_U3554  |mul_16s_10ns_26_1_1  |        0|   1|  0|   5|    0|
    |mul_16s_10ns_26_1_1_U3555  |mul_16s_10ns_26_1_1  |        0|   1|  0|   5|    0|
    |mul_16s_10ns_26_1_1_U3556  |mul_16s_10ns_26_1_1  |        0|   1|  0|   5|    0|
    |mul_16s_10ns_26_1_1_U3563  |mul_16s_10ns_26_1_1  |        0|   1|  0|   5|    0|
    |mul_16s_10ns_26_1_1_U3564  |mul_16s_10ns_26_1_1  |        0|   1|  0|   5|    0|
    |mul_16s_10ns_26_1_1_U3567  |mul_16s_10ns_26_1_1  |        0|   1|  0|   5|    0|
    |mul_16s_10ns_26_1_1_U3579  |mul_16s_10ns_26_1_1  |        0|   1|  0|   5|    0|
    |mul_16s_10ns_26_1_1_U3585  |mul_16s_10ns_26_1_1  |        0|   1|  0|   5|    0|
    |mul_16s_10ns_26_1_1_U3588  |mul_16s_10ns_26_1_1  |        0|   1|  0|   5|    0|
    |mul_16s_10ns_26_1_1_U3592  |mul_16s_10ns_26_1_1  |        0|   1|  0|   5|    0|
    |mul_16s_10ns_26_1_1_U3593  |mul_16s_10ns_26_1_1  |        0|   1|  0|   5|    0|
    |mul_16s_10ns_26_1_1_U3611  |mul_16s_10ns_26_1_1  |        0|   1|  0|   5|    0|
    |mul_16s_10ns_26_1_1_U3612  |mul_16s_10ns_26_1_1  |        0|   1|  0|   5|    0|
    |mul_16s_10ns_26_1_1_U3617  |mul_16s_10ns_26_1_1  |        0|   1|  0|   5|    0|
    |mul_16s_10ns_26_1_1_U3618  |mul_16s_10ns_26_1_1  |        0|   1|  0|   5|    0|
    |mul_16s_10ns_26_1_1_U3622  |mul_16s_10ns_26_1_1  |        0|   1|  0|   5|    0|
    |mul_16s_10ns_26_1_1_U3625  |mul_16s_10ns_26_1_1  |        0|   1|  0|   5|    0|
    |mul_16s_10ns_26_1_1_U3627  |mul_16s_10ns_26_1_1  |        0|   1|  0|   5|    0|
    |mul_16s_10ns_26_1_1_U3629  |mul_16s_10ns_26_1_1  |        0|   1|  0|   5|    0|
    |mul_16s_10ns_26_1_1_U3630  |mul_16s_10ns_26_1_1  |        0|   1|  0|   5|    0|
    |mul_16s_10ns_26_1_1_U3631  |mul_16s_10ns_26_1_1  |        0|   1|  0|   5|    0|
    |mul_16s_10ns_26_1_1_U3633  |mul_16s_10ns_26_1_1  |        0|   1|  0|   5|    0|
    |mul_16s_10s_26_1_1_U3513   |mul_16s_10s_26_1_1   |        0|   1|  0|   5|    0|
    |mul_16s_10s_26_1_1_U3514   |mul_16s_10s_26_1_1   |        0|   1|  0|   5|    0|
    |mul_16s_10s_26_1_1_U3523   |mul_16s_10s_26_1_1   |        0|   1|  0|   5|    0|
    |mul_16s_10s_26_1_1_U3524   |mul_16s_10s_26_1_1   |        0|   1|  0|   5|    0|
    |mul_16s_10s_26_1_1_U3532   |mul_16s_10s_26_1_1   |        0|   1|  0|   5|    0|
    |mul_16s_10s_26_1_1_U3536   |mul_16s_10s_26_1_1   |        0|   1|  0|   5|    0|
    |mul_16s_10s_26_1_1_U3544   |mul_16s_10s_26_1_1   |        0|   1|  0|   5|    0|
    |mul_16s_10s_26_1_1_U3548   |mul_16s_10s_26_1_1   |        0|   1|  0|   5|    0|
    |mul_16s_10s_26_1_1_U3558   |mul_16s_10s_26_1_1   |        0|   1|  0|   5|    0|
    |mul_16s_10s_26_1_1_U3568   |mul_16s_10s_26_1_1   |        0|   1|  0|   5|    0|
    |mul_16s_10s_26_1_1_U3572   |mul_16s_10s_26_1_1   |        0|   1|  0|   5|    0|
    |mul_16s_10s_26_1_1_U3574   |mul_16s_10s_26_1_1   |        0|   1|  0|   5|    0|
    |mul_16s_10s_26_1_1_U3597   |mul_16s_10s_26_1_1   |        0|   1|  0|   5|    0|
    |mul_16s_10s_26_1_1_U3598   |mul_16s_10s_26_1_1   |        0|   1|  0|   5|    0|
    |mul_16s_10s_26_1_1_U3603   |mul_16s_10s_26_1_1   |        0|   1|  0|   5|    0|
    |mul_16s_10s_26_1_1_U3606   |mul_16s_10s_26_1_1   |        0|   1|  0|   5|    0|
    |mul_16s_10s_26_1_1_U3607   |mul_16s_10s_26_1_1   |        0|   1|  0|   5|    0|
    |mul_16s_10s_26_1_1_U3610   |mul_16s_10s_26_1_1   |        0|   1|  0|   5|    0|
    |mul_16s_10s_26_1_1_U3614   |mul_16s_10s_26_1_1   |        0|   1|  0|   5|    0|
    |mul_16s_10s_26_1_1_U3615   |mul_16s_10s_26_1_1   |        0|   1|  0|   5|    0|
    |mul_16s_10s_26_1_1_U3616   |mul_16s_10s_26_1_1   |        0|   1|  0|   5|    0|
    |mul_16s_10s_26_1_1_U3628   |mul_16s_10s_26_1_1   |        0|   1|  0|   5|    0|
    |mul_16s_11ns_26_1_1_U3497  |mul_16s_11ns_26_1_1  |        0|   1|  0|   5|    0|
    |mul_16s_11ns_26_1_1_U3511  |mul_16s_11ns_26_1_1  |        0|   1|  0|   5|    0|
    |mul_16s_11ns_26_1_1_U3527  |mul_16s_11ns_26_1_1  |        0|   1|  0|   5|    0|
    |mul_16s_11ns_26_1_1_U3530  |mul_16s_11ns_26_1_1  |        0|   1|  0|   5|    0|
    |mul_16s_11ns_26_1_1_U3537  |mul_16s_11ns_26_1_1  |        0|   1|  0|   5|    0|
    |mul_16s_11ns_26_1_1_U3560  |mul_16s_11ns_26_1_1  |        0|   1|  0|   5|    0|
    |mul_16s_11ns_26_1_1_U3575  |mul_16s_11ns_26_1_1  |        0|   1|  0|   5|    0|
    |mul_16s_11s_26_1_1_U3508   |mul_16s_11s_26_1_1   |        0|   1|  0|   5|    0|
    |mul_16s_11s_26_1_1_U3538   |mul_16s_11s_26_1_1   |        0|   1|  0|   5|    0|
    |mul_16s_11s_26_1_1_U3540   |mul_16s_11s_26_1_1   |        0|   1|  0|   5|    0|
    |mul_16s_11s_26_1_1_U3561   |mul_16s_11s_26_1_1   |        0|   1|  0|   5|    0|
    |mul_16s_11s_26_1_1_U3566   |mul_16s_11s_26_1_1   |        0|   1|  0|   5|    0|
    |mul_16s_11s_26_1_1_U3577   |mul_16s_11s_26_1_1   |        0|   1|  0|   5|    0|
    |mul_16s_11s_26_1_1_U3581   |mul_16s_11s_26_1_1   |        0|   1|  0|   5|    0|
    |mul_16s_11s_26_1_1_U3584   |mul_16s_11s_26_1_1   |        0|   1|  0|   5|    0|
    |mul_16s_11s_26_1_1_U3609   |mul_16s_11s_26_1_1   |        0|   1|  0|   5|    0|
    |mul_16s_12s_26_1_1_U3521   |mul_16s_12s_26_1_1   |        0|   1|  0|   5|    0|
    |mul_16s_12s_26_1_1_U3557   |mul_16s_12s_26_1_1   |        0|   1|  0|   5|    0|
    |mul_16s_6s_22_1_1_U3518    |mul_16s_6s_22_1_1    |        0|   1|  0|   5|    0|
    |mul_16s_7ns_23_1_1_U3510   |mul_16s_7ns_23_1_1   |        0|   1|  0|   5|    0|
    |mul_16s_7ns_23_1_1_U3569   |mul_16s_7ns_23_1_1   |        0|   1|  0|   5|    0|
    |mul_16s_7ns_23_1_1_U3571   |mul_16s_7ns_23_1_1   |        0|   1|  0|   5|    0|
    |mul_16s_7ns_23_1_1_U3576   |mul_16s_7ns_23_1_1   |        0|   1|  0|   5|    0|
    |mul_16s_7s_23_1_1_U3539    |mul_16s_7s_23_1_1    |        0|   1|  0|   5|    0|
    |mul_16s_7s_23_1_1_U3543    |mul_16s_7s_23_1_1    |        0|   1|  0|   5|    0|
    |mul_16s_7s_23_1_1_U3545    |mul_16s_7s_23_1_1    |        0|   1|  0|   5|    0|
    |mul_16s_7s_23_1_1_U3600    |mul_16s_7s_23_1_1    |        0|   1|  0|   5|    0|
    |mul_16s_7s_23_1_1_U3626    |mul_16s_7s_23_1_1    |        0|   1|  0|   5|    0|
    |mul_16s_8ns_24_1_1_U3493   |mul_16s_8ns_24_1_1   |        0|   1|  0|   5|    0|
    |mul_16s_8ns_24_1_1_U3503   |mul_16s_8ns_24_1_1   |        0|   1|  0|   5|    0|
    |mul_16s_8ns_24_1_1_U3509   |mul_16s_8ns_24_1_1   |        0|   1|  0|   5|    0|
    |mul_16s_8ns_24_1_1_U3552   |mul_16s_8ns_24_1_1   |        0|   1|  0|   5|    0|
    |mul_16s_8ns_24_1_1_U3578   |mul_16s_8ns_24_1_1   |        0|   1|  0|   5|    0|
    |mul_16s_8ns_24_1_1_U3602   |mul_16s_8ns_24_1_1   |        0|   1|  0|   5|    0|
    |mul_16s_8ns_24_1_1_U3619   |mul_16s_8ns_24_1_1   |        0|   1|  0|   5|    0|
    |mul_16s_8ns_24_1_1_U3623   |mul_16s_8ns_24_1_1   |        0|   1|  0|   5|    0|
    |mul_16s_8s_24_1_1_U3506    |mul_16s_8s_24_1_1    |        0|   1|  0|   5|    0|
    |mul_16s_8s_24_1_1_U3515    |mul_16s_8s_24_1_1    |        0|   1|  0|   5|    0|
    |mul_16s_8s_24_1_1_U3519    |mul_16s_8s_24_1_1    |        0|   1|  0|   5|    0|
    |mul_16s_8s_24_1_1_U3522    |mul_16s_8s_24_1_1    |        0|   1|  0|   5|    0|
    |mul_16s_8s_24_1_1_U3541    |mul_16s_8s_24_1_1    |        0|   1|  0|   5|    0|
    |mul_16s_8s_24_1_1_U3570    |mul_16s_8s_24_1_1    |        0|   1|  0|   5|    0|
    |mul_16s_8s_24_1_1_U3580    |mul_16s_8s_24_1_1    |        0|   1|  0|   5|    0|
    |mul_16s_8s_24_1_1_U3586    |mul_16s_8s_24_1_1    |        0|   1|  0|   5|    0|
    |mul_16s_8s_24_1_1_U3596    |mul_16s_8s_24_1_1    |        0|   1|  0|   5|    0|
    |mul_16s_8s_24_1_1_U3605    |mul_16s_8s_24_1_1    |        0|   1|  0|   5|    0|
    |mul_16s_8s_24_1_1_U3620    |mul_16s_8s_24_1_1    |        0|   1|  0|   5|    0|
    |mul_16s_9ns_25_1_1_U3494   |mul_16s_9ns_25_1_1   |        0|   1|  0|   5|    0|
    |mul_16s_9ns_25_1_1_U3499   |mul_16s_9ns_25_1_1   |        0|   1|  0|   5|    0|
    |mul_16s_9ns_25_1_1_U3520   |mul_16s_9ns_25_1_1   |        0|   1|  0|   5|    0|
    |mul_16s_9ns_25_1_1_U3529   |mul_16s_9ns_25_1_1   |        0|   1|  0|   5|    0|
    |mul_16s_9ns_25_1_1_U3533   |mul_16s_9ns_25_1_1   |        0|   1|  0|   5|    0|
    |mul_16s_9ns_25_1_1_U3542   |mul_16s_9ns_25_1_1   |        0|   1|  0|   5|    0|
    |mul_16s_9ns_25_1_1_U3546   |mul_16s_9ns_25_1_1   |        0|   1|  0|   5|    0|
    |mul_16s_9ns_25_1_1_U3559   |mul_16s_9ns_25_1_1   |        0|   1|  0|   5|    0|
    |mul_16s_9ns_25_1_1_U3562   |mul_16s_9ns_25_1_1   |        0|   1|  0|   5|    0|
    |mul_16s_9ns_25_1_1_U3565   |mul_16s_9ns_25_1_1   |        0|   1|  0|   5|    0|
    |mul_16s_9ns_25_1_1_U3573   |mul_16s_9ns_25_1_1   |        0|   1|  0|   5|    0|
    |mul_16s_9ns_25_1_1_U3582   |mul_16s_9ns_25_1_1   |        0|   1|  0|   5|    0|
    |mul_16s_9ns_25_1_1_U3583   |mul_16s_9ns_25_1_1   |        0|   1|  0|   5|    0|
    |mul_16s_9ns_25_1_1_U3589   |mul_16s_9ns_25_1_1   |        0|   1|  0|   5|    0|
    |mul_16s_9ns_25_1_1_U3590   |mul_16s_9ns_25_1_1   |        0|   1|  0|   5|    0|
    |mul_16s_9ns_25_1_1_U3594   |mul_16s_9ns_25_1_1   |        0|   1|  0|   5|    0|
    |mul_16s_9ns_25_1_1_U3599   |mul_16s_9ns_25_1_1   |        0|   1|  0|   5|    0|
    |mul_16s_9ns_25_1_1_U3604   |mul_16s_9ns_25_1_1   |        0|   1|  0|   5|    0|
    |mul_16s_9ns_25_1_1_U3608   |mul_16s_9ns_25_1_1   |        0|   1|  0|   5|    0|
    |mul_16s_9ns_25_1_1_U3621   |mul_16s_9ns_25_1_1   |        0|   1|  0|   5|    0|
    |mul_16s_9ns_25_1_1_U3632   |mul_16s_9ns_25_1_1   |        0|   1|  0|   5|    0|
    |mul_16s_9s_25_1_1_U3507    |mul_16s_9s_25_1_1    |        0|   1|  0|   5|    0|
    |mul_16s_9s_25_1_1_U3535    |mul_16s_9s_25_1_1    |        0|   1|  0|   5|    0|
    |mul_16s_9s_25_1_1_U3547    |mul_16s_9s_25_1_1    |        0|   1|  0|   5|    0|
    |mul_16s_9s_25_1_1_U3549    |mul_16s_9s_25_1_1    |        0|   1|  0|   5|    0|
    |mul_16s_9s_25_1_1_U3550    |mul_16s_9s_25_1_1    |        0|   1|  0|   5|    0|
    |mul_16s_9s_25_1_1_U3553    |mul_16s_9s_25_1_1    |        0|   1|  0|   5|    0|
    |mul_16s_9s_25_1_1_U3587    |mul_16s_9s_25_1_1    |        0|   1|  0|   5|    0|
    |mul_16s_9s_25_1_1_U3591    |mul_16s_9s_25_1_1    |        0|   1|  0|   5|    0|
    |mul_16s_9s_25_1_1_U3595    |mul_16s_9s_25_1_1    |        0|   1|  0|   5|    0|
    |mul_16s_9s_25_1_1_U3601    |mul_16s_9s_25_1_1    |        0|   1|  0|   5|    0|
    |mul_16s_9s_25_1_1_U3613    |mul_16s_9s_25_1_1    |        0|   1|  0|   5|    0|
    |mul_16s_9s_25_1_1_U3624    |mul_16s_9s_25_1_1    |        0|   1|  0|   5|    0|
    +---------------------------+---------------------+---------+----+---+----+-----+
    |Total                      |                     |        0| 141|  0| 705|    0|
    +---------------------------+---------------------+---------+----+---+----+-----+

    * DSP: 
    N/A

    * Memory: 
    N/A

    * FIFO: 
    N/A

    * Expression: 
    +---------------------------+----------+----+---+----+------------+------------+
    |       Variable Name       | Operation| DSP| FF| LUT| Bitwidth P0| Bitwidth P1|
    +---------------------------+----------+----+---+----+------------+------------+
    |add_ln42_fu_93630_p2       |         +|   0|  0|  33|          26|          26|
    |add_ln58_2045_fu_94855_p2  |         +|   0|  0|  23|          16|          16|
    |add_ln58_2046_fu_95609_p2  |         +|   0|  0|  16|          16|          16|
    |add_ln58_2047_fu_94861_p2  |         +|   0|  0|  16|          16|          16|
    |add_ln58_2048_fu_94867_p2  |         +|   0|  0|  23|          16|          16|
    |add_ln58_2049_fu_94873_p2  |         +|   0|  0|  16|          16|          16|
    |add_ln58_2050_fu_95613_p2  |         +|   0|  0|  16|          16|          16|
    |add_ln58_2051_fu_94879_p2  |         +|   0|  0|  23|          16|          16|
    |add_ln58_2052_fu_94885_p2  |         +|   0|  0|  23|          16|          16|
    |add_ln58_2053_fu_95618_p2  |         +|   0|  0|  16|          16|          16|
    |add_ln58_2054_fu_94891_p2  |         +|   0|  0|  16|          16|          16|
    |add_ln58_2055_fu_94897_p2  |         +|   0|  0|  23|          16|          16|
    |add_ln58_2056_fu_94903_p2  |         +|   0|  0|  16|          16|          16|
    |add_ln58_2057_fu_95622_p2  |         +|   0|  0|  16|          16|          16|
    |add_ln58_2058_fu_95627_p2  |         +|   0|  0|  16|          16|          16|
    |add_ln58_2059_fu_94909_p2  |         +|   0|  0|  16|          16|          16|
    |add_ln58_2060_fu_94915_p2  |         +|   0|  0|  23|          16|          16|
    |add_ln58_2061_fu_94921_p2  |         +|   0|  0|  16|          16|          16|
    |add_ln58_2062_fu_94927_p2  |         +|   0|  0|  16|          16|          16|
    |add_ln58_2063_fu_94933_p2  |         +|   0|  0|  23|          16|          16|
    |add_ln58_2064_fu_94939_p2  |         +|   0|  0|  16|          16|          16|
    |add_ln58_2065_fu_95633_p2  |         +|   0|  0|  16|          16|          16|
    |add_ln58_2066_fu_94945_p2  |         +|   0|  0|  23|          16|          16|
    |add_ln58_2067_fu_94951_p2  |         +|   0|  0|  22|          15|          15|
    |add_ln58_2068_fu_95640_p2  |         +|   0|  0|  16|          16|          16|
    |add_ln58_2069_fu_94957_p2  |         +|   0|  0|  21|          14|          14|
    |add_ln58_2070_fu_94967_p2  |         +|   0|  0|  21|          14|           9|
    |add_ln58_2071_fu_94977_p2  |         +|   0|  0|  22|          15|          15|
    |add_ln58_2072_fu_94987_p2  |         +|   0|  0|  23|          16|          16|
    |add_ln58_2073_fu_95645_p2  |         +|   0|  0|  16|          16|          16|
    |add_ln58_2074_fu_95650_p2  |         +|   0|  0|  16|          16|          16|
    |add_ln58_2076_fu_94993_p2  |         +|   0|  0|  23|          16|          16|
    |add_ln58_2077_fu_94999_p2  |         +|   0|  0|  23|          16|          16|
    |add_ln58_2078_fu_95662_p2  |         +|   0|  0|  16|          16|          16|
    |add_ln58_2079_fu_95005_p2  |         +|   0|  0|  16|          16|          16|
    |add_ln58_2080_fu_95011_p2  |         +|   0|  0|  23|          16|          16|
    |add_ln58_2081_fu_95017_p2  |         +|   0|  0|  16|          16|          16|
    |add_ln58_2082_fu_95666_p2  |         +|   0|  0|  16|          16|          16|
    |add_ln58_2083_fu_95023_p2  |         +|   0|  0|  23|          16|          16|
    |add_ln58_2084_fu_95029_p2  |         +|   0|  0|  23|          16|          16|
    |add_ln58_2085_fu_95671_p2  |         +|   0|  0|  16|          16|          16|
    |add_ln58_2086_fu_95035_p2  |         +|   0|  0|  16|          16|          16|
    |add_ln58_2087_fu_95041_p2  |         +|   0|  0|  23|          16|          16|
    |add_ln58_2088_fu_95047_p2  |         +|   0|  0|  16|          16|          16|
    |add_ln58_2089_fu_95675_p2  |         +|   0|  0|  16|          16|          16|
    |add_ln58_2090_fu_95680_p2  |         +|   0|  0|  16|          16|          16|
    |add_ln58_2091_fu_95053_p2  |         +|   0|  0|  16|          16|          16|
    |add_ln58_2092_fu_95059_p2  |         +|   0|  0|  23|          16|          16|
    |add_ln58_2093_fu_95065_p2  |         +|   0|  0|  16|          16|          16|
    |add_ln58_2094_fu_95071_p2  |         +|   0|  0|  16|          16|          16|
    |add_ln58_2095_fu_95077_p2  |         +|   0|  0|  23|          16|          16|
    |add_ln58_2096_fu_95083_p2  |         +|   0|  0|  16|          16|          16|
    |add_ln58_2097_fu_95686_p2  |         +|   0|  0|  16|          16|          16|
    |add_ln58_2098_fu_95089_p2  |         +|   0|  0|  23|          16|          16|
    |add_ln58_2099_fu_95095_p2  |         +|   0|  0|  23|          16|          16|
    |add_ln58_2100_fu_95690_p2  |         +|   0|  0|  16|          16|          16|
    |add_ln58_2101_fu_95101_p2  |         +|   0|  0|  16|          16|          16|
    |add_ln58_2102_fu_95107_p2  |         +|   0|  0|  20|          13|           7|
    |add_ln58_2103_fu_95117_p2  |         +|   0|  0|  21|          14|          14|
    |add_ln58_2104_fu_95127_p2  |         +|   0|  0|  16|          16|          16|
    |add_ln58_2105_fu_95694_p2  |         +|   0|  0|  16|          16|          16|
    |add_ln58_2106_fu_95699_p2  |         +|   0|  0|  16|          16|          16|
    |add_ln58_2108_fu_95133_p2  |         +|   0|  0|  23|          16|          16|
    |add_ln58_2109_fu_95139_p2  |         +|   0|  0|  23|          16|          16|
    |add_ln58_2110_fu_95711_p2  |         +|   0|  0|  16|          16|          16|
    |add_ln58_2111_fu_95145_p2  |         +|   0|  0|  16|          16|          16|
    |add_ln58_2112_fu_95151_p2  |         +|   0|  0|  23|          16|          16|
    |add_ln58_2113_fu_95157_p2  |         +|   0|  0|  16|          16|          16|
    |add_ln58_2114_fu_95715_p2  |         +|   0|  0|  16|          16|          16|
    |add_ln58_2115_fu_95163_p2  |         +|   0|  0|  23|          16|          16|
    |add_ln58_2116_fu_95169_p2  |         +|   0|  0|  23|          16|          16|
    |add_ln58_2117_fu_95720_p2  |         +|   0|  0|  16|          16|          16|
    |add_ln58_2118_fu_95175_p2  |         +|   0|  0|  16|          16|          16|
    |add_ln58_2119_fu_95181_p2  |         +|   0|  0|  23|          16|          16|
    |add_ln58_2120_fu_95187_p2  |         +|   0|  0|  16|          16|          16|
    |add_ln58_2121_fu_95724_p2  |         +|   0|  0|  16|          16|          16|
    |add_ln58_2122_fu_95729_p2  |         +|   0|  0|  16|          16|          16|
    |add_ln58_2123_fu_95193_p2  |         +|   0|  0|  16|          16|          16|
    |add_ln58_2124_fu_95199_p2  |         +|   0|  0|  23|          16|          16|
    |add_ln58_2125_fu_95205_p2  |         +|   0|  0|  16|          16|          16|
    |add_ln58_2126_fu_95211_p2  |         +|   0|  0|  16|          16|          16|
    |add_ln58_2127_fu_95217_p2  |         +|   0|  0|  23|          16|          16|
    |add_ln58_2128_fu_95223_p2  |         +|   0|  0|  16|          16|          16|
    |add_ln58_2129_fu_95735_p2  |         +|   0|  0|  16|          16|          16|
    |add_ln58_2130_fu_95229_p2  |         +|   0|  0|  22|          15|          15|
    |add_ln58_2131_fu_95239_p2  |         +|   0|  0|  22|          15|          15|
    |add_ln58_2132_fu_95249_p2  |         +|   0|  0|  16|          16|          16|
    |add_ln58_2133_fu_95255_p2  |         +|   0|  0|  16|          15|          15|
    |add_ln58_2134_fu_95287_p2  |         +|   0|  0|  20|          13|          13|
    |add_ln58_2135_fu_95297_p2  |         +|   0|  0|  16|          15|          15|
    |add_ln58_2136_fu_95307_p2  |         +|   0|  0|  16|          16|          16|
    |add_ln58_2137_fu_95739_p2  |         +|   0|  0|  16|          16|          16|
    |add_ln58_2139_fu_95313_p2  |         +|   0|  0|  23|          16|          16|
    |add_ln58_2140_fu_95319_p2  |         +|   0|  0|  23|          16|          16|
    |add_ln58_2141_fu_95750_p2  |         +|   0|  0|  16|          16|          16|
    |add_ln58_2142_fu_95325_p2  |         +|   0|  0|  16|          16|          16|
    |add_ln58_2143_fu_95331_p2  |         +|   0|  0|  23|          16|          16|
    |add_ln58_2144_fu_95337_p2  |         +|   0|  0|  16|          16|          16|
    |add_ln58_2145_fu_95754_p2  |         +|   0|  0|  16|          16|          16|
    |add_ln58_2146_fu_95343_p2  |         +|   0|  0|  23|          16|          16|
    |add_ln58_2147_fu_95349_p2  |         +|   0|  0|  23|          16|          16|
    |add_ln58_2148_fu_95759_p2  |         +|   0|  0|  16|          16|          16|
    |add_ln58_2149_fu_95355_p2  |         +|   0|  0|  16|          16|          16|
    |add_ln58_2150_fu_95361_p2  |         +|   0|  0|  23|          16|          16|
    |add_ln58_2151_fu_95367_p2  |         +|   0|  0|  16|          16|          16|
    |add_ln58_2152_fu_95763_p2  |         +|   0|  0|  16|          16|          16|
    |add_ln58_2153_fu_95768_p2  |         +|   0|  0|  16|          16|          16|
    |add_ln58_2154_fu_95373_p2  |         +|   0|  0|  16|          16|          16|
    |add_ln58_2155_fu_95379_p2  |         +|   0|  0|  23|          16|          16|
    |add_ln58_2156_fu_95385_p2  |         +|   0|  0|  16|          16|          16|
    |add_ln58_2157_fu_95391_p2  |         +|   0|  0|  16|          16|          16|
    |add_ln58_2158_fu_95397_p2  |         +|   0|  0|  22|          15|          15|
    |add_ln58_2159_fu_95407_p2  |         +|   0|  0|  16|          16|          16|
    |add_ln58_2160_fu_95774_p2  |         +|   0|  0|  16|          16|          16|
    |add_ln58_2161_fu_95413_p2  |         +|   0|  0|  22|          15|          15|
    |add_ln58_2162_fu_95419_p2  |         +|   0|  0|  22|          15|          15|
    |add_ln58_2163_fu_95784_p2  |         +|   0|  0|  16|          16|          16|
    |add_ln58_2164_fu_95425_p2  |         +|   0|  0|  16|          15|          15|
    |add_ln58_2165_fu_95431_p2  |         +|   0|  0|  18|          11|           7|
    |add_ln58_2166_fu_95441_p2  |         +|   0|  0|  20|          13|          13|
    |add_ln58_2167_fu_95451_p2  |         +|   0|  0|  16|          15|          15|
    |add_ln58_2168_fu_95793_p2  |         +|   0|  0|  16|          16|          16|
    |add_ln58_2169_fu_95799_p2  |         +|   0|  0|  16|          16|          16|
    |add_ln58_2171_fu_95457_p2  |         +|   0|  0|  23|          16|          16|
    |add_ln58_2172_fu_95463_p2  |         +|   0|  0|  23|          16|          16|
    |add_ln58_2173_fu_95811_p2  |         +|   0|  0|  16|          16|          16|
    |add_ln58_2174_fu_95469_p2  |         +|   0|  0|  16|          16|          16|
    |add_ln58_2175_fu_95475_p2  |         +|   0|  0|  23|          16|          16|
    |add_ln58_2176_fu_95481_p2  |         +|   0|  0|  16|          16|          16|
    |add_ln58_2177_fu_95815_p2  |         +|   0|  0|  16|          16|          16|
    |add_ln58_2178_fu_95487_p2  |         +|   0|  0|  23|          16|          16|
    |add_ln58_2179_fu_95493_p2  |         +|   0|  0|  23|          16|          16|
    |add_ln58_2180_fu_95820_p2  |         +|   0|  0|  16|          16|          16|
    |add_ln58_2181_fu_95499_p2  |         +|   0|  0|  16|          16|          16|
    |add_ln58_2182_fu_95505_p2  |         +|   0|  0|  23|          16|          16|
    |add_ln58_2183_fu_95511_p2  |         +|   0|  0|  16|          16|          16|
    |add_ln58_2184_fu_95824_p2  |         +|   0|  0|  16|          16|          16|
    |add_ln58_2185_fu_95829_p2  |         +|   0|  0|  16|          16|          16|
    |add_ln58_2186_fu_95517_p2  |         +|   0|  0|  16|          16|          16|
    |add_ln58_2187_fu_95523_p2  |         +|   0|  0|  23|          16|          16|
    |add_ln58_2188_fu_95529_p2  |         +|   0|  0|  16|          16|          16|
    |add_ln58_2189_fu_95535_p2  |         +|   0|  0|  22|          15|          15|
    |add_ln58_2190_fu_95545_p2  |         +|   0|  0|  22|          15|          15|
    |add_ln58_2191_fu_95555_p2  |         +|   0|  0|  23|          16|          16|
    |add_ln58_2192_fu_95835_p2  |         +|   0|  0|  16|          16|          16|
    |add_ln58_2193_fu_95561_p2  |         +|   0|  0|  22|          15|          15|
    |add_ln58_2194_fu_95567_p2  |         +|   0|  0|  21|          14|          14|
    |add_ln58_2195_fu_95845_p2  |         +|   0|  0|  16|          16|          16|
    |add_ln58_2196_fu_95573_p2  |         +|   0|  0|  21|          14|          14|
    |add_ln58_2197_fu_95583_p2  |         +|   0|  0|  15|           8|           8|
    |add_ln58_2198_fu_95593_p2  |         +|   0|  0|  20|          13|          13|
    |add_ln58_2199_fu_95603_p2  |         +|   0|  0|  22|          15|          15|
    |add_ln58_2200_fu_95854_p2  |         +|   0|  0|  16|          16|          16|
    |add_ln58_2201_fu_95860_p2  |         +|   0|  0|  16|          16|          16|
    |add_ln58_fu_94849_p2       |         +|   0|  0|  23|          16|          16|
    |add_ln73_59_fu_93134_p2    |         +|   0|  0|  32|          25|          25|
    |add_ln73_60_fu_94111_p2    |         +|   0|  0|  32|          25|          25|
    |add_ln73_fu_92099_p2       |         +|   0|  0|  31|          24|          24|
    |x_37_fu_95705_p2           |         +|   0|  0|  16|          16|          16|
    |x_38_fu_95744_p2           |         +|   0|  0|  16|          16|          16|
    |x_39_fu_95805_p2           |         +|   0|  0|  16|          16|          16|
    |x_40_fu_95866_p2           |         +|   0|  0|  16|          16|          16|
    |x_fu_95656_p2              |         +|   0|  0|  16|          16|          16|
    |sub_ln73_302_fu_92203_p2   |         -|   0|  0|  31|          24|          24|
    |sub_ln73_303_fu_92317_p2   |         -|   0|  0|  33|          26|          26|
    |sub_ln73_304_fu_92840_p2   |         -|   0|  0|  26|           1|          26|
    |sub_ln73_305_fu_92846_p2   |         -|   0|  0|  26|          26|          26|
    |sub_ln73_306_fu_92962_p2   |         -|   0|  0|  33|          26|          26|
    |sub_ln73_307_fu_93064_p2   |         -|   0|  0|  27|          20|          20|
    |sub_ln73_308_fu_93412_p2   |         -|   0|  0|  23|           1|          23|
    |sub_ln73_309_fu_93430_p2   |         -|   0|  0|  23|          23|          23|
    |sub_ln73_310_fu_93712_p2   |         -|   0|  0|  29|          22|          22|
    |sub_ln73_311_fu_93766_p2   |         -|   0|  0|  22|           1|          22|
    |sub_ln73_312_fu_93784_p2   |         -|   0|  0|  22|          22|          22|
    |sub_ln73_313_fu_93862_p2   |         -|   0|  0|  30|           1|          23|
    |sub_ln73_314_fu_94233_p2   |         -|   0|  0|  32|          25|          25|
    |sub_ln73_315_fu_94596_p2   |         -|   0|  0|  33|          26|          26|
    |sub_ln73_fu_92143_p2       |         -|   0|  0|  29|          22|          22|
    |ap_enable_pp0              |       xor|   0|  0|   2|           1|           2|
    |xor_ln58_fu_95269_p2       |       xor|   0|  0|   2|           1|           2|
    +---------------------------+----------+----+---+----+------------+------------+
    |Total                      |          |   0|  0|3504|        2862|        2939|
    +---------------------------+----------+----+---+----+------------+------------+

    * Multiplexer: 
    N/A

    * Register: 
    +-------------------------+----+----+-----+-----------+
    |           Name          | FF | LUT| Bits| Const Bits|
    +-------------------------+----+----+-----+-----------+
    |add_ln58_2045_reg_95967  |  16|   0|   16|          0|
    |add_ln58_2049_reg_95972  |  16|   0|   16|          0|
    |add_ln58_2051_reg_95977  |  16|   0|   16|          0|
    |add_ln58_2052_reg_95982  |  16|   0|   16|          0|
    |add_ln58_2056_reg_95987  |  16|   0|   16|          0|
    |add_ln58_2061_reg_95992  |  16|   0|   16|          0|
    |add_ln58_2064_reg_95997  |  16|   0|   16|          0|
    |add_ln58_2066_reg_96002  |  16|   0|   16|          0|
    |add_ln58_2067_reg_96007  |  15|   0|   15|          0|
    |add_ln58_2072_reg_96012  |  16|   0|   16|          0|
    |add_ln58_2076_reg_96017  |  16|   0|   16|          0|
    |add_ln58_2077_reg_96022  |  16|   0|   16|          0|
    |add_ln58_2081_reg_96027  |  16|   0|   16|          0|
    |add_ln58_2083_reg_96032  |  16|   0|   16|          0|
    |add_ln58_2084_reg_96037  |  16|   0|   16|          0|
    |add_ln58_2088_reg_96042  |  16|   0|   16|          0|
    |add_ln58_2093_reg_96047  |  16|   0|   16|          0|
    |add_ln58_2096_reg_96052  |  16|   0|   16|          0|
    |add_ln58_2098_reg_96057  |  16|   0|   16|          0|
    |add_ln58_2099_reg_96062  |  16|   0|   16|          0|
    |add_ln58_2104_reg_96067  |  16|   0|   16|          0|
    |add_ln58_2108_reg_96072  |  16|   0|   16|          0|
    |add_ln58_2109_reg_96077  |  16|   0|   16|          0|
    |add_ln58_2113_reg_96082  |  16|   0|   16|          0|
    |add_ln58_2115_reg_96087  |  16|   0|   16|          0|
    |add_ln58_2116_reg_96092  |  16|   0|   16|          0|
    |add_ln58_2120_reg_96097  |  16|   0|   16|          0|
    |add_ln58_2125_reg_96102  |  16|   0|   16|          0|
    |add_ln58_2128_reg_96107  |  16|   0|   16|          0|
    |add_ln58_2136_reg_96112  |  16|   0|   16|          0|
    |add_ln58_2139_reg_96117  |  16|   0|   16|          0|
    |add_ln58_2140_reg_96122  |  16|   0|   16|          0|
    |add_ln58_2144_reg_96127  |  16|   0|   16|          0|
    |add_ln58_2146_reg_96132  |  16|   0|   16|          0|
    |add_ln58_2147_reg_96137  |  16|   0|   16|          0|
    |add_ln58_2151_reg_96142  |  16|   0|   16|          0|
    |add_ln58_2156_reg_96147  |  16|   0|   16|          0|
    |add_ln58_2159_reg_96152  |  16|   0|   16|          0|
    |add_ln58_2161_reg_96157  |  15|   0|   15|          0|
    |add_ln58_2162_reg_96162  |  15|   0|   15|          0|
    |add_ln58_2167_reg_96167  |  15|   0|   15|          0|
    |add_ln58_2171_reg_96172  |  16|   0|   16|          0|
    |add_ln58_2172_reg_96177  |  16|   0|   16|          0|
    |add_ln58_2176_reg_96182  |  16|   0|   16|          0|
    |add_ln58_2178_reg_96187  |  16|   0|   16|          0|
    |add_ln58_2179_reg_96192  |  16|   0|   16|          0|
    |add_ln58_2183_reg_96197  |  16|   0|   16|          0|
    |add_ln58_2188_reg_96202  |  16|   0|   16|          0|
    |add_ln58_2191_reg_96207  |  16|   0|   16|          0|
    |add_ln58_2193_reg_96212  |  15|   0|   15|          0|
    |add_ln58_2194_reg_96217  |  14|   0|   14|          0|
    |add_ln58_2199_reg_96222  |  15|   0|   15|          0|
    |add_ln58_reg_95962       |  16|   0|   16|          0|
    |ap_CS_fsm                |   1|   0|    1|          0|
    |ap_enable_reg_pp0_iter1  |   1|   0|    1|          0|
    +-------------------------+----+----+-----+-----------+
    |Total                    | 842|   0|  842|          0|
    +-------------------------+----+----+-----+-----------+



================================================================
== Interface
================================================================
* Summary: 
+-------------+-----+-----+------------+-----------------------------------------------------------------------------+--------------+
|  RTL Ports  | Dir | Bits|  Protocol  |                                Source Object                                |    C Type    |
+-------------+-----+-----+------------+-----------------------------------------------------------------------------+--------------+
|ap_clk       |   in|    1|  ap_ctrl_hs|  dense_latency<ap_fixed<16, 6, 5, 3, 0>, ap_fixed<38, 18, 5, 3, 0>, config8>|  return value|
|ap_rst       |   in|    1|  ap_ctrl_hs|  dense_latency<ap_fixed<16, 6, 5, 3, 0>, ap_fixed<38, 18, 5, 3, 0>, config8>|  return value|
|ap_start     |   in|    1|  ap_ctrl_hs|  dense_latency<ap_fixed<16, 6, 5, 3, 0>, ap_fixed<38, 18, 5, 3, 0>, config8>|  return value|
|ap_done      |  out|    1|  ap_ctrl_hs|  dense_latency<ap_fixed<16, 6, 5, 3, 0>, ap_fixed<38, 18, 5, 3, 0>, config8>|  return value|
|ap_idle      |  out|    1|  ap_ctrl_hs|  dense_latency<ap_fixed<16, 6, 5, 3, 0>, ap_fixed<38, 18, 5, 3, 0>, config8>|  return value|
|ap_ready     |  out|    1|  ap_ctrl_hs|  dense_latency<ap_fixed<16, 6, 5, 3, 0>, ap_fixed<38, 18, 5, 3, 0>, config8>|  return value|
|ap_return_0  |  out|   38|  ap_ctrl_hs|  dense_latency<ap_fixed<16, 6, 5, 3, 0>, ap_fixed<38, 18, 5, 3, 0>, config8>|  return value|
|ap_return_1  |  out|   38|  ap_ctrl_hs|  dense_latency<ap_fixed<16, 6, 5, 3, 0>, ap_fixed<38, 18, 5, 3, 0>, config8>|  return value|
|ap_return_2  |  out|   38|  ap_ctrl_hs|  dense_latency<ap_fixed<16, 6, 5, 3, 0>, ap_fixed<38, 18, 5, 3, 0>, config8>|  return value|
|ap_return_3  |  out|   38|  ap_ctrl_hs|  dense_latency<ap_fixed<16, 6, 5, 3, 0>, ap_fixed<38, 18, 5, 3, 0>, config8>|  return value|
|ap_return_4  |  out|   38|  ap_ctrl_hs|  dense_latency<ap_fixed<16, 6, 5, 3, 0>, ap_fixed<38, 18, 5, 3, 0>, config8>|  return value|
|data_0_val   |   in|   16|     ap_none|                                                                   data_0_val|        scalar|
|data_1_val   |   in|   16|     ap_none|                                                                   data_1_val|        scalar|
|data_2_val   |   in|   16|     ap_none|                                                                   data_2_val|        scalar|
|data_3_val   |   in|   16|     ap_none|                                                                   data_3_val|        scalar|
|data_4_val   |   in|   16|     ap_none|                                                                   data_4_val|        scalar|
|data_5_val   |   in|   16|     ap_none|                                                                   data_5_val|        scalar|
|data_6_val   |   in|   16|     ap_none|                                                                   data_6_val|        scalar|
|data_7_val   |   in|   16|     ap_none|                                                                   data_7_val|        scalar|
|data_8_val   |   in|   16|     ap_none|                                                                   data_8_val|        scalar|
|data_9_val   |   in|   16|     ap_none|                                                                   data_9_val|        scalar|
|data_10_val  |   in|   16|     ap_none|                                                                  data_10_val|        scalar|
|data_11_val  |   in|   16|     ap_none|                                                                  data_11_val|        scalar|
|data_12_val  |   in|   16|     ap_none|                                                                  data_12_val|        scalar|
|data_13_val  |   in|   16|     ap_none|                                                                  data_13_val|        scalar|
|data_14_val  |   in|   16|     ap_none|                                                                  data_14_val|        scalar|
|data_15_val  |   in|   16|     ap_none|                                                                  data_15_val|        scalar|
|data_16_val  |   in|   16|     ap_none|                                                                  data_16_val|        scalar|
|data_17_val  |   in|   16|     ap_none|                                                                  data_17_val|        scalar|
|data_18_val  |   in|   16|     ap_none|                                                                  data_18_val|        scalar|
|data_19_val  |   in|   16|     ap_none|                                                                  data_19_val|        scalar|
|data_20_val  |   in|   16|     ap_none|                                                                  data_20_val|        scalar|
|data_21_val  |   in|   16|     ap_none|                                                                  data_21_val|        scalar|
|data_22_val  |   in|   16|     ap_none|                                                                  data_22_val|        scalar|
|data_23_val  |   in|   16|     ap_none|                                                                  data_23_val|        scalar|
|data_24_val  |   in|   16|     ap_none|                                                                  data_24_val|        scalar|
|data_25_val  |   in|   16|     ap_none|                                                                  data_25_val|        scalar|
|data_26_val  |   in|   16|     ap_none|                                                                  data_26_val|        scalar|
|data_27_val  |   in|   16|     ap_none|                                                                  data_27_val|        scalar|
|data_28_val  |   in|   16|     ap_none|                                                                  data_28_val|        scalar|
|data_29_val  |   in|   16|     ap_none|                                                                  data_29_val|        scalar|
|data_30_val  |   in|   16|     ap_none|                                                                  data_30_val|        scalar|
|data_31_val  |   in|   16|     ap_none|                                                                  data_31_val|        scalar|
+-------------+-----+-----+------------+-----------------------------------------------------------------------------+--------------+

