

================================================================
== Vitis HLS Report for 'softmax_stable_array_array_ap_fixed_16_6_5_3_0_5u_softmax_config9_s'
================================================================
* Date:           Thu May  7 13:44:16 2026

* Version:        2025.2 (Build 6295257 on Nov 14 2025)
* Project:        vitis_unified_project
* Solution:       hls (Vivado IP Flow Target)
* Product family: zynquplus
* Target device:  xck26-sfvc784-2LV-c


================================================================
== Performance Estimates
================================================================
+ Timing: 
    * Summary: 
    +--------+---------+----------+------------+
    |  Clock |  Target | Estimated| Uncertainty|
    +--------+---------+----------+------------+
    |ap_clk  |  5.00 ns|  4.318 ns|     0.62 ns|
    +--------+---------+----------+------------+

+ Latency: 
    * Summary: 
    +---------+---------+----------+----------+------+------+---------+
    |  Latency (cycles) |  Latency (absolute) |   Interval  | Pipeline|
    |   min   |   max   |    min   |    max   |  min |  max |   Type  |
    +---------+---------+----------+----------+------+------+---------+
    |     1047|     1047|  5.235 us|  5.235 us|  1047|  1047|       no|
    +---------+---------+----------+----------+------+------+---------+

    + Detail: 
        * Instance: 
        +-------------------------------------------------------------------+--------------------------------------------------------+---------+---------+----------+----------+-----+-----+-------------------+
        |                                                                   |                                                        |  Latency (cycles) |  Latency (absolute) |  Interval |      Pipeline     |
        |                              Instance                             |                         Module                         |   min   |   max   |    min   |    max   | min | max |        Type       |
        +-------------------------------------------------------------------+--------------------------------------------------------+---------+---------+----------+----------+-----+-----+-------------------+
        |grp_init_exp_table_ap_ufixed_37_17_5_3_0_softmax_config9_s_fu_281  |init_exp_table_ap_ufixed_37_17_5_3_0_softmax_config9_s  |     1040|     1040|  5.200 us|  5.200 us|    0|    0|  loop pipeline stp|
        +-------------------------------------------------------------------+--------------------------------------------------------+---------+---------+----------+----------+-----+-----+-------------------+

        * Loop: 
        N/A



================================================================
== Utilization Estimates
================================================================
* Summary: 
+-----------------+---------+------+--------+--------+-----+
|       Name      | BRAM_18K|  DSP |   FF   |   LUT  | URAM|
+-----------------+---------+------+--------+--------+-----+
|DSP              |        -|     -|       -|       -|    -|
|Expression       |        -|     -|       0|     611|    -|
|FIFO             |        -|     -|       -|       -|    -|
|Instance         |        -|    12|     753|    3001|    -|
|Memory           |        2|     -|       0|       0|    0|
|Multiplexer      |        -|     -|       0|     128|    -|
|Register         |        -|     -|     509|       -|    -|
+-----------------+---------+------+--------+--------+-----+
|Total            |        2|    12|    1262|    3740|    0|
+-----------------+---------+------+--------+--------+-----+
|Available        |      288|  1248|  234240|  117120|   64|
+-----------------+---------+------+--------+--------+-----+
|Utilization (%)  |       ~0|    ~0|      ~0|       3|    0|
+-----------------+---------+------+--------+--------+-----+

+ Detail: 
    * Instance: 
    +-------------------------------------------------------------------+--------------------------------------------------------+---------+----+-----+------+-----+
    |                              Instance                             |                         Module                         | BRAM_18K| DSP|  FF |  LUT | URAM|
    +-------------------------------------------------------------------+--------------------------------------------------------+---------+----+-----+------+-----+
    |grp_init_exp_table_ap_ufixed_37_17_5_3_0_softmax_config9_s_fu_281  |init_exp_table_ap_ufixed_37_17_5_3_0_softmax_config9_s  |        0|   7|  753|  2976|    0|
    |mul_18s_16s_26_1_1_U3685                                           |mul_18s_16s_26_1_1                                      |        0|   1|    0|     5|    0|
    |mul_18s_16s_26_1_1_U3686                                           |mul_18s_16s_26_1_1                                      |        0|   1|    0|     5|    0|
    |mul_18s_16s_26_1_1_U3687                                           |mul_18s_16s_26_1_1                                      |        0|   1|    0|     5|    0|
    |mul_18s_16s_26_1_1_U3688                                           |mul_18s_16s_26_1_1                                      |        0|   1|    0|     5|    0|
    |mul_18s_16s_26_1_1_U3689                                           |mul_18s_16s_26_1_1                                      |        0|   1|    0|     5|    0|
    +-------------------------------------------------------------------+--------------------------------------------------------+---------+----+-----+------+-----+
    |Total                                                              |                                                        |        0|  12|  753|  3001|    0|
    +-------------------------------------------------------------------+--------------------------------------------------------+---------+----+-----+------+-----+

    * DSP: 
    N/A

    * Memory: 
    +----------------+----------------------------------------------------------------------------------+---------+---+----+-----+------+-----+------+-------------+
    |     Memory     |                                      Module                                      | BRAM_18K| FF| LUT| URAM| Words| Bits| Banks| W*Bits*Banks|
    +----------------+----------------------------------------------------------------------------------+---------+---+----+-----+------+-----+------+-------------+
    |exp_table_U     |softmax_stable_array_array_ap_fixed_16_6_5_3_0_5u_softmax_config9_s_exp_tablecud  |        1|  0|   0|    0|  1024|   16|     1|        16384|
    |invert_table_U  |softmax_stable_array_array_ap_fixed_16_6_5_3_0_5u_softmax_config9_s_invert_tabkb  |        1|  0|   0|    0|  1024|   18|     1|        18432|
    +----------------+----------------------------------------------------------------------------------+---------+---+----+-----+------+-----+------+-------------+
    |Total           |                                                                                  |        2|  0|   0|    0|  2048|   34|     2|        34816|
    +----------------+----------------------------------------------------------------------------------+---------+---+----+-----+------+-----+------+-------------+

    * FIFO: 
    N/A

    * Expression: 
    +-------------------------+----------+----+---+----+------------+------------+
    |      Variable Name      | Operation| DSP| FF| LUT| Bitwidth P0| Bitwidth P1|
    +-------------------------+----------+----+---+----+------------+------------+
    |add_ln51_1_fu_554_p2     |         +|   0|  0|  16|          16|          16|
    |add_ln51_2_fu_560_p2     |         +|   0|  0|  16|          16|          16|
    |add_ln51_3_fu_565_p2     |         +|   0|  0|  16|          16|          16|
    |add_ln51_fu_550_p2       |         +|   0|  0|  16|          16|          16|
    |x_1_fu_459_p2            |         -|   0|  0|  44|          37|          37|
    |x_2_fu_464_p2            |         -|   0|  0|  44|          37|          37|
    |x_3_fu_469_p2            |         -|   0|  0|  44|          37|          37|
    |x_4_fu_474_p2            |         -|   0|  0|  44|          37|          37|
    |x_fu_454_p2              |         -|   0|  0|  44|          37|          37|
    |icmp_ln66_1_fu_351_p2    |      icmp|   0|  0|  45|          38|          38|
    |icmp_ln66_2_fu_371_p2    |      icmp|   0|  0|  45|          38|          38|
    |icmp_ln66_3_fu_432_p2    |      icmp|   0|  0|  45|          38|          38|
    |icmp_ln66_fu_331_p2      |      icmp|   0|  0|  45|          38|          38|
    |select_ln66_1_fu_363_p3  |    select|   0|  0|  35|           1|          38|
    |select_ln66_2_fu_426_p3  |    select|   0|  0|  35|           1|          38|
    |select_ln66_3_fu_447_p3  |    select|   0|  0|  34|           1|          37|
    |select_ln66_fu_343_p3    |    select|   0|  0|  35|           1|          38|
    |xor_ln66_1_fu_357_p2     |       xor|   0|  0|   2|           1|           2|
    |xor_ln66_2_fu_421_p2     |       xor|   0|  0|   2|           1|           2|
    |xor_ln66_3_fu_437_p2     |       xor|   0|  0|   2|           1|           2|
    |xor_ln66_fu_337_p2       |       xor|   0|  0|   2|           1|           2|
    +-------------------------+----------+----+---+----+------------+------------+
    |Total                    |          |   0|  0| 611|         409|         560|
    +-------------------------+----------+----+---+----+------------+------------+

    * Multiplexer: 
    +------------------------------+----+-----------+-----+-----------+
    |             Name             | LUT| Input Size| Bits| Total Bits|
    +------------------------------+----+-----------+-----+-----------+
    |ap_NS_fsm                     |  49|          9|    1|          9|
    |exp_table_address0            |   9|          2|   10|         20|
    |exp_table_address0_local      |  20|          4|   10|         40|
    |exp_table_address1_local      |  14|          3|   10|         30|
    |exp_table_ce0                 |   9|          2|    1|          2|
    |exp_table_we0                 |   9|          2|    1|          2|
    |layer8_out_blk_n              |   9|          2|    1|          2|
    |stream_out0_layer9_out_blk_n  |   9|          2|    1|          2|
    +------------------------------+----+-----------+-----+-----------+
    |Total                         | 128|         26|   35|        107|
    +------------------------------+----+-----------+-----+-----------+

    * Register: 
    +--------------------------------------------------------------------------------+----+----+-----+-----------+
    |                                      Name                                      | FF | LUT| Bits| Const Bits|
    +--------------------------------------------------------------------------------+----+----+-----+-----------+
    |a_1_reg_772                                                                     |  16|   0|   16|          0|
    |a_reg_750                                                                       |  16|   0|   16|          0|
    |ap_CS_fsm                                                                       |   8|   0|    8|          0|
    |b_1_reg_788                                                                     |  16|   0|   16|          0|
    |b_2_reg_793                                                                     |  16|   0|   16|          0|
    |b_reg_766                                                                       |  16|   0|   16|          0|
    |grp_init_exp_table_ap_ufixed_37_17_5_3_0_softmax_config9_s_fu_281_ap_start_reg  |   1|   0|    1|          0|
    |icmp_ln66_2_reg_694                                                             |   1|   0|    1|          0|
    |select_ln66_1_reg_689                                                           |  38|   0|   38|          0|
    |select_ln66_reg_684                                                             |  38|   0|   38|          0|
    |tmp_23_i_reg_730                                                                |  10|   0|   10|          0|
    |tmp_24_i_reg_735                                                                |  10|   0|   10|          0|
    |tmp_25_i_reg_740                                                                |  10|   0|   10|          0|
    |tmp_26_i_reg_745                                                                |  10|   0|   10|          0|
    |tmp_i_reg_699                                                                   |  37|   0|   37|          0|
    |trunc_ln198_7_reg_679                                                           |  38|   0|   38|          0|
    |trunc_ln213_2_i_reg_710                                                         |  37|   0|   37|          0|
    |trunc_ln213_3_i_reg_715                                                         |  37|   0|   37|          0|
    |trunc_ln213_4_i_reg_720                                                         |  37|   0|   37|          0|
    |trunc_ln213_reg_705                                                             |  37|   0|   37|          0|
    |trunc_ln241_1_reg_808                                                           |  16|   0|   16|          0|
    |trunc_ln241_2_reg_813                                                           |  16|   0|   16|          0|
    |trunc_ln241_3_reg_818                                                           |  16|   0|   16|          0|
    |trunc_ln241_4_reg_823                                                           |  16|   0|   16|          0|
    |trunc_ln3_reg_803                                                               |  16|   0|   16|          0|
    +--------------------------------------------------------------------------------+----+----+-----+-----------+
    |Total                                                                           | 509|   0|  509|          0|
    +--------------------------------------------------------------------------------+----+----+-----+-----------+



================================================================
== Interface
================================================================
* Summary: 
+---------------------------------------+-----+-----+------------+----------------------------------------------------------------------+--------------+
|               RTL Ports               | Dir | Bits|  Protocol  |                             Source Object                            |    C Type    |
+---------------------------------------+-----+-----+------------+----------------------------------------------------------------------+--------------+
|ap_clk                                 |   in|    1|  ap_ctrl_hs|  softmax_stable<array,array<ap_fixed<16,6,5,3,0>,5u>,softmax_config9>|  return value|
|ap_rst                                 |   in|    1|  ap_ctrl_hs|  softmax_stable<array,array<ap_fixed<16,6,5,3,0>,5u>,softmax_config9>|  return value|
|ap_start                               |   in|    1|  ap_ctrl_hs|  softmax_stable<array,array<ap_fixed<16,6,5,3,0>,5u>,softmax_config9>|  return value|
|ap_done                                |  out|    1|  ap_ctrl_hs|  softmax_stable<array,array<ap_fixed<16,6,5,3,0>,5u>,softmax_config9>|  return value|
|ap_idle                                |  out|    1|  ap_ctrl_hs|  softmax_stable<array,array<ap_fixed<16,6,5,3,0>,5u>,softmax_config9>|  return value|
|ap_ready                               |  out|    1|  ap_ctrl_hs|  softmax_stable<array,array<ap_fixed<16,6,5,3,0>,5u>,softmax_config9>|  return value|
|layer8_out_dout                        |   in|  190|     ap_fifo|                                                            layer8_out|       pointer|
|layer8_out_empty_n                     |   in|    1|     ap_fifo|                                                            layer8_out|       pointer|
|layer8_out_read                        |  out|    1|     ap_fifo|                                                            layer8_out|       pointer|
|layer8_out_num_data_valid              |   in|    2|     ap_fifo|                                                            layer8_out|       pointer|
|layer8_out_fifo_cap                    |   in|    2|     ap_fifo|                                                            layer8_out|       pointer|
|stream_out0_layer9_out_din             |  out|   80|     ap_fifo|                                                stream_out0_layer9_out|       pointer|
|stream_out0_layer9_out_full_n          |   in|    1|     ap_fifo|                                                stream_out0_layer9_out|       pointer|
|stream_out0_layer9_out_write           |  out|    1|     ap_fifo|                                                stream_out0_layer9_out|       pointer|
|stream_out0_layer9_out_num_data_valid  |   in|    8|     ap_fifo|                                                stream_out0_layer9_out|       pointer|
|stream_out0_layer9_out_fifo_cap        |   in|    8|     ap_fifo|                                                stream_out0_layer9_out|       pointer|
+---------------------------------------+-----+-----+------------+----------------------------------------------------------------------+--------------+

