================================================================
== Design Size Report
================================================================

* Total Instructions per Compilation Phase
+---------------+----------------------------+--------------+----------------------------------------------------------------------------------------+
| Phase         | Step                       | Instructions | Description                                                                            |
+---------------+----------------------------+--------------+----------------------------------------------------------------------------------------+
| Compile/Link  |                            |   5,256      | After all functions are compiled and linked into a single design                       |
|               |                            |              |                                                                                        |
| Unroll/Inline |                            |              | After user unroll and inline pragmas are applied                                       |
|               | (1) unroll                 | 231,668 *    | user unroll pragmas are applied                                                        |
|               | (2) simplification         |  69,482      | simplification of applied user unroll pragmas                                          |
|               | (3) inline                 |  67,754      | user inline pragmas are applied                                                        |
|               | (4) simplification         |  66,238      | simplification of applied user inline pragmas                                          |
|               |                            |              |                                                                                        |
| Array/Struct  |                            |              | After user array partition and struct aggregate/disaggregate pragmas are applied       |
|               | (1) array partition        |  34,938      | user array partition pragmas are applied                                               |
|               | (2) simplification         |   4,750      | simplification of applied user array partition & struct aggregate/disaggregate pragmas |
|               | (3) aggregate/disaggregate |   4,762      | user struct aggregate/disaggregate pragmas are applied                                 |
|               | (4) array reshape          |   7,256      | apply array reshape pragmas                                                            |
|               | (5) access patterns        |   6,972      | array access pattern optmizations                                                      |
|               |                            |              |                                                                                        |
| Performance   |                            |              | After transformations are applied to meet performance pragma targets                   |
|               | (1) loop simplification    |   6,330      | loop and instruction simplification                                                    |
|               | (2) parallelization        |   7,292      | loops are unrolled or pipelined to meet performance targets                            |
|               | (3) array partition        |   7,110      | arrays are partitioned to meet performance targets                                     |
|               | (4) simplification         |   7,006      | simplification of design after performance transformations                             |
|               |                            |              |                                                                                        |
| HW Transforms |                            |              | After hardware transfomations                                                          |
|               | (1) lowering               |   6,347      | initial conversion to HW specific instructions                                         |
|               | (2) optimizations          |   6,749      | high level synthesis optimizations                                                     |
+---------------+----------------------------+--------------+----------------------------------------------------------------------------------------+
    * - Exceeded design size warning message threshold

* Instructions per Function for each Compilation Phase
+-----------------------------------------+-----------------------------+----------------+------------------+-----------------+-------------+---------------+
| Function                                | Location                    | Compile/Link   | Unroll/Inline    | Array/Struct    | Performance | HW Transforms |
+-----------------------------------------+-----------------------------+----------------+------------------+-----------------+-------------+---------------+
| + myproject_axi_stream                  | myproject_axi_stream.cpp:45 | 5,256          | 66,238           | 6,972           | 7,006       | 6,749         |
|  + load_input                           | myproject_axi_stream.cpp:3  |  737           |   149            |  143            | 1,073       |  958          |
|     operator[]                          | nnet_types.h:17             |    3           |                  |                 |             |               |
|  + compute                              | myproject_axi_stream.cpp:38 | 4,121          | 65,953           | 6,652           | 5,515       | 5,430         |
|   + myproject                           | myproject.cpp:7             | 4,110          | 65,943           | 6,642           | 5,506       | 5,421         |
|    + dense<nnet::array<ap_fixed<1...    | nnet_dense_stream.h:82      |  810           | 16,110           | 1,552           | 1,015       | 1,077         |
|     + data_prepare<nnet::array<ap_...   | nnet_dense_stream.h:28      |   75           |                  |                 |             |               |
|        operator[]                       | nnet_types.h:17             |    6 (2 calls) |                  |                 |             |               |
|     + dense_latency_wrapper<ap_fix...   | nnet_dense_stream.h:13      |  644           |                  |                 |             |               |
|      + dense_latency<ap_fixed<10, 5...  | nnet_dense_latency.h:13     |  642           |                  |                 |             |               |
|         product                         | nnet_mult.h:70              |  141           |                  |                 |             |               |
|         cast<ap_fixed<10, 5, (ap_q_m... | nnet_mult.h:110             |   59           |                  |                 |             |               |
|     + res_write<nnet::array<ap_fix...   | nnet_dense_stream.h:53      |   71           |                  |                 |             |               |
|        operator[]                       | nnet_types.h:17             |    6 (2 calls) |                  |                 |             |               |
|     + dense_latency<ap_fixed<10, 5...   | nnet_dense_latency.h:13     |                | 15,861           |  862            |  355        |  356          |
|        cast<ap_fixed<10, 5, (ap_q_m...  | nnet_mult.h:110             |                |   256 (64 calls) |  256 (64 calls) |             |               |
|    + relu<nnet::array<ap_fixed<12...    | nnet_activation_stream.h:39 |  307           |   970            | 1,541           | 1,541       | 1,469         |
|       operator[]                        | nnet_types.h:17             |   12 (4 calls) |                  |                 |             |               |
|    + dense<nnet::array<ap_ufixed<...    | nnet_dense_stream.h:82      |  759           | 31,100           |  964            |  629        |  630          |
|     + data_prepare<nnet::array<ap_...   | nnet_dense_stream.h:28      |   75           |                  |                 |             |               |
|        operator[]                       | nnet_types.h:17             |    6 (2 calls) |                  |                 |             |               |
|     + dense_latency_wrapper<ap_ufi...   | nnet_dense_stream.h:13      |  593           |                  |                 |             |               |
|      + dense_latency<ap_ufixed<8, 6...  | nnet_dense_latency.h:13     |  591           |                  |                 |             |               |
|         product                         | nnet_mult.h:70              |  141           |                  |                 |             |               |
|         cast<ap_ufixed<8, 6, (ap_q_m... | nnet_mult.h:110             |   59           |                  |                 |             |               |
|     + res_write<nnet::array<ap_fix...   | nnet_dense_stream.h:53      |   71           |                  |                 |             |               |
|        operator[]                       | nnet_types.h:17             |    6 (2 calls) |                  |                 |             |               |
|       dense_latency<ap_ufixed<8, 6...   | nnet_dense_latency.h:13     |                | 30,802           |  218            |  206        |  207          |
|    + relu<nnet::array<ap_fixed<13...    | nnet_activation_stream.h:39 |  307           |   490            |  773            |  773        |  733          |
|       operator[]                        | nnet_types.h:17             |   12 (4 calls) |                  |                 |             |               |
|    + dense<nnet::array<ap_ufixed<...    | nnet_dense_stream.h:82      |  810           | 15,624           |  664            |  533        |  540          |
|     + data_prepare<nnet::array<ap_...   | nnet_dense_stream.h:28      |   75           |                  |                 |             |               |
|        operator[]                       | nnet_types.h:17             |    6 (2 calls) |                  |                 |             |               |
|     + dense_latency_wrapper<ap_ufi...   | nnet_dense_stream.h:13      |  644           |                  |                 |             |               |
|      + dense_latency<ap_ufixed<8, 6...  | nnet_dense_latency.h:13     |  642           |                  |                 |             |               |
|         product                         | nnet_mult.h:70              |  141           |                  |                 |             |               |
|         cast<ap_ufixed<8, 6, (ap_q_m... | nnet_mult.h:110             |   59           |                  |                 |             |               |
|     + res_write<nnet::array<ap_fix...   | nnet_dense_stream.h:53      |   71           |                  |                 |             |               |
|        operator[]                       | nnet_types.h:17             |    6 (2 calls) |                  |                 |             |               |
|       dense_latency<ap_ufixed<8, 6...   | nnet_dense_latency.h:13     |                | 15,422           |  128            |  122        |  123          |
|    + relu<nnet::array<ap_fixed<13...    | nnet_activation_stream.h:39 |  307           |   490            |  773            |  773        |  733          |
|       operator[]                        | nnet_types.h:17             |   12 (4 calls) |                  |                 |             |               |
|    + dense<nnet::array<ap_ufixed<...    | nnet_dense_stream.h:82      |  754           | 1,129            |  349            |  216        |  211          |
|     + data_prepare<nnet::array<ap_...   | nnet_dense_stream.h:28      |   75           |                  |                 |             |               |
|        operator[]                       | nnet_types.h:17             |    6 (2 calls) |                  |                 |             |               |
|     + dense_latency_wrapper<ap_ufi...   | nnet_dense_stream.h:13      |  588           |                  |                 |             |               |
|      + dense_latency<ap_ufixed<8, 6...  | nnet_dense_latency.h:13     |  586           |                  |                 |             |               |
|         product                         | nnet_mult.h:70              |  141           |                  |                 |             |               |
|         cast<ap_ufixed<8, 6, (ap_q_m... | nnet_mult.h:110             |    3           |                  |                 |             |               |
|     + res_write<nnet::array<ap_fix...   | nnet_dense_stream.h:53      |   71           |                  |                 |             |               |
|        operator[]                       | nnet_types.h:17             |    6 (2 calls) |                  |                 |             |               |
|       dense_latency<ap_ufixed<8, 6...   | nnet_dense_latency.h:13     |                | 1,009            |  116            |  109        |  110          |
|  + store_result                         | myproject_axi_stream.cpp:20 |  372           |   124            |  157            |  398        |  334          |
|     operator[]                          | nnet_types.h:17             |    3           |                  |                 |             |               |
+-----------------------------------------+-----------------------------+----------------+------------------+-----------------+-------------+---------------+

* Design Size Message Settings
+---------------------------------------------+--------+------------------------------------------------------------------+
| Message Setting                             | Value  | Description                                                      |
+---------------------------------------------+--------+------------------------------------------------------------------+
| config_compile -design_size_maximum_warning | 100000 | Show a warning when total design instructions exceeds this value |
+---------------------------------------------+--------+------------------------------------------------------------------+


