

================================================================
== Vitis HLS Report for 'dense_array_ap_fixed_16u_array_ap_fixed_12_9_5_3_0_64u_config3_s'
================================================================
* Date:           Mon Jun  8 14:34:00 2026

* Version:        2025.2 (Build 6295257 on Nov 14 2025)
* Project:        vitis_unified_project
* Solution:       hls (Vivado IP Flow Target)
* Product family: zynquplus
* Target device:  xck26-sfvc784-2LV-c


================================================================
== Performance Estimates
================================================================
+ Timing: 
    * Summary: 
    +--------+---------+----------+------------+
    |  Clock |  Target | Estimated| Uncertainty|
    +--------+---------+----------+------------+
    |ap_clk  |  5.00 ns|  3.291 ns|     0.62 ns|
    +--------+---------+----------+------------+

+ Latency: 
    * Summary: 
    +---------+---------+-----------+-----------+-----+-----+---------+
    |  Latency (cycles) |   Latency (absolute)  |  Interval | Pipeline|
    |   min   |   max   |    min    |    max    | min | max |   Type  |
    +---------+---------+-----------+-----------+-----+-----+---------+
    |        2|        2|  10.000 ns|  10.000 ns|    2|    2|       no|
    +---------+---------+-----------+-----------+-----+-----+---------+

    + Detail: 
        * Instance: 
        +----------------------------------------------------------------------------------+-----------------------------------------------------------------+---------+---------+----------+----------+-----+-----+---------+
        |                                                                                  |                                                                 |  Latency (cycles) |  Latency (absolute) |  Interval | Pipeline|
        |                                     Instance                                     |                              Module                             |   min   |   max   |    min   |    max   | min | max |   Type  |
        +----------------------------------------------------------------------------------+-----------------------------------------------------------------+---------+---------+----------+----------+-----+-----+---------+
        |call_ret_i_dense_latency_ap_fixed_10_5_0_3_0_ap_fixed_12_9_5_3_0_config3_s_fu_77  |dense_latency_ap_fixed_10_5_0_3_0_ap_fixed_12_9_5_3_0_config3_s  |        0|        0|      0 ns|      0 ns|    1|    1|      yes|
        +----------------------------------------------------------------------------------+-----------------------------------------------------------------+---------+---------+----------+----------+-----+-----+---------+

        * Loop: 
        N/A



================================================================
== Utilization Estimates
================================================================
* Summary: 
+-----------------+---------+------+--------+--------+-----+
|       Name      | BRAM_18K|  DSP |   FF   |   LUT  | URAM|
+-----------------+---------+------+--------+--------+-----+
|DSP              |        -|     -|       -|       -|    -|
|Expression       |        -|     -|       0|       2|    -|
|FIFO             |        -|     -|       -|       -|    -|
|Instance         |        -|     -|       0|     735|    -|
|Memory           |        -|     -|       -|       -|    -|
|Multiplexer      |        -|     -|       0|      56|    -|
|Register         |        -|     -|     287|       -|    -|
+-----------------+---------+------+--------+--------+-----+
|Total            |        0|     0|     287|     793|    0|
+-----------------+---------+------+--------+--------+-----+
|Available        |      288|  1248|  234240|  117120|   64|
+-----------------+---------+------+--------+--------+-----+
|Utilization (%)  |        0|     0|      ~0|      ~0|    0|
+-----------------+---------+------+--------+--------+-----+

+ Detail: 
    * Instance: 
    +----------------------------------------------------------------------------------+-----------------------------------------------------------------+---------+----+---+-----+-----+
    |                                     Instance                                     |                              Module                             | BRAM_18K| DSP| FF| LUT | URAM|
    +----------------------------------------------------------------------------------+-----------------------------------------------------------------+---------+----+---+-----+-----+
    |call_ret_i_dense_latency_ap_fixed_10_5_0_3_0_ap_fixed_12_9_5_3_0_config3_s_fu_77  |dense_latency_ap_fixed_10_5_0_3_0_ap_fixed_12_9_5_3_0_config3_s  |        0|   0|  0|  735|    0|
    +----------------------------------------------------------------------------------+-----------------------------------------------------------------+---------+----+---+-----+-----+
    |Total                                                                             |                                                                 |        0|   0|  0|  735|    0|
    +----------------------------------------------------------------------------------+-----------------------------------------------------------------+---------+----+---+-----+-----+

    * DSP: 
    N/A

    * Memory: 
    N/A

    * FIFO: 
    N/A

    * Expression: 
    +-----------------+----------+----+---+----+------------+------------+
    |  Variable Name  | Operation| DSP| FF| LUT| Bitwidth P0| Bitwidth P1|
    +-----------------+----------+----+---+----+------------+------------+
    |ap_block_state1  |        or|   0|  0|   2|           1|           1|
    +-----------------+----------+----+---+----+------------+------------+
    |Total            |          |   0|  0|   2|           1|           1|
    +-----------------+----------+----+---+----+------------+------------+

    * Multiplexer: 
    +--------------------------+----+-----------+-----+-----------+
    |           Name           | LUT| Input Size| Bits| Total Bits|
    +--------------------------+----+-----------+-----+-----------+
    |ap_NS_fsm                 |  20|          4|    1|          4|
    |ap_done                   |   9|          2|    1|          2|
    |layer3_out_blk_n          |   9|          2|    1|          2|
    |model_input_stream_blk_n  |   9|          2|    1|          2|
    |real_start                |   9|          2|    1|          2|
    +--------------------------+----+-----------+-----+-----------+
    |Total                     |  56|         12|    5|         12|
    +--------------------------+----+-----------+-----+-----------+

    * Register: 
    +-----------------+----+----+-----+-----------+
    |       Name      | FF | LUT| Bits| Const Bits|
    +-----------------+----+----+-----+-----------+
    |ap_CS_fsm        |   3|   0|    3|          0|
    |ap_done_reg      |   1|   0|    1|          0|
    |data_10_reg_351  |  10|   0|   10|          0|
    |data_11_reg_356  |  10|   0|   10|          0|
    |data_12_reg_361  |  10|   0|   10|          0|
    |data_13_reg_366  |  10|   0|   10|          0|
    |data_1_reg_306   |  10|   0|   10|          0|
    |data_21_reg_301  |  10|   0|   10|          0|
    |data_2_reg_311   |  10|   0|   10|          0|
    |data_3_reg_316   |  10|   0|   10|          0|
    |data_4_reg_321   |  10|   0|   10|          0|
    |data_5_reg_326   |  10|   0|   10|          0|
    |data_6_reg_331   |  10|   0|   10|          0|
    |data_7_reg_336   |  10|   0|   10|          0|
    |data_8_reg_341   |  10|   0|   10|          0|
    |data_9_reg_346   |  10|   0|   10|          0|
    |data_reg_296     |  10|   0|   10|          0|
    |res_11_reg_376   |  12|   0|   12|          0|
    |res_1_reg_401    |  12|   0|   12|          0|
    |res_2_reg_406    |  12|   0|   12|          0|
    |res_3_reg_411    |  12|   0|   12|          0|
    |res_4_reg_416    |  12|   0|   12|          0|
    |res_5_reg_421    |  12|   0|   12|          0|
    |res_6_reg_381    |  12|   0|   12|          0|
    |res_7_reg_386    |  12|   0|   12|          0|
    |res_8_reg_391    |  12|   0|   12|          0|
    |res_9_reg_396    |  12|   0|   12|          0|
    |res_reg_371      |  12|   0|   12|          0|
    |start_once_reg   |   1|   0|    1|          0|
    +-----------------+----+----+-----+-----------+
    |Total            | 287|   0|  287|          0|
    +-----------------+----+----+-----+-----------+



================================================================
== Interface
================================================================
* Summary: 
+-----------------------------------+-----+-----+------------+--------------------------------------------------------------------+--------------+
|             RTL Ports             | Dir | Bits|  Protocol  |                            Source Object                           |    C Type    |
+-----------------------------------+-----+-----+------------+--------------------------------------------------------------------+--------------+
|ap_clk                             |   in|    1|  ap_ctrl_hs|  dense<array<ap_fixed,16u>,array<ap_fixed<12,9,5,3,0>,64u>,config3>|  return value|
|ap_rst                             |   in|    1|  ap_ctrl_hs|  dense<array<ap_fixed,16u>,array<ap_fixed<12,9,5,3,0>,64u>,config3>|  return value|
|ap_start                           |   in|    1|  ap_ctrl_hs|  dense<array<ap_fixed,16u>,array<ap_fixed<12,9,5,3,0>,64u>,config3>|  return value|
|start_full_n                       |   in|    1|  ap_ctrl_hs|  dense<array<ap_fixed,16u>,array<ap_fixed<12,9,5,3,0>,64u>,config3>|  return value|
|ap_done                            |  out|    1|  ap_ctrl_hs|  dense<array<ap_fixed,16u>,array<ap_fixed<12,9,5,3,0>,64u>,config3>|  return value|
|ap_continue                        |   in|    1|  ap_ctrl_hs|  dense<array<ap_fixed,16u>,array<ap_fixed<12,9,5,3,0>,64u>,config3>|  return value|
|ap_idle                            |  out|    1|  ap_ctrl_hs|  dense<array<ap_fixed,16u>,array<ap_fixed<12,9,5,3,0>,64u>,config3>|  return value|
|ap_ready                           |  out|    1|  ap_ctrl_hs|  dense<array<ap_fixed,16u>,array<ap_fixed<12,9,5,3,0>,64u>,config3>|  return value|
|start_out                          |  out|    1|  ap_ctrl_hs|  dense<array<ap_fixed,16u>,array<ap_fixed<12,9,5,3,0>,64u>,config3>|  return value|
|start_write                        |  out|    1|  ap_ctrl_hs|  dense<array<ap_fixed,16u>,array<ap_fixed<12,9,5,3,0>,64u>,config3>|  return value|
|layer3_out_din                     |  out|  768|     ap_fifo|                                                          layer3_out|       pointer|
|layer3_out_full_n                  |   in|    1|     ap_fifo|                                                          layer3_out|       pointer|
|layer3_out_write                   |  out|    1|     ap_fifo|                                                          layer3_out|       pointer|
|layer3_out_num_data_valid          |   in|    2|     ap_fifo|                                                          layer3_out|       pointer|
|layer3_out_fifo_cap                |   in|    2|     ap_fifo|                                                          layer3_out|       pointer|
|model_input_stream_dout            |   in|  256|     ap_fifo|                                                  model_input_stream|       pointer|
|model_input_stream_empty_n         |   in|    1|     ap_fifo|                                                  model_input_stream|       pointer|
|model_input_stream_read            |  out|    1|     ap_fifo|                                                  model_input_stream|       pointer|
|model_input_stream_num_data_valid  |   in|    2|     ap_fifo|                                                  model_input_stream|       pointer|
|model_input_stream_fifo_cap        |   in|    2|     ap_fifo|                                                  model_input_stream|       pointer|
+-----------------------------------+-----+-----+------------+--------------------------------------------------------------------+--------------+

