

================================================================
== Vitis HLS Report for 'dense_array_ap_ufixed_64u_array_ap_fixed_11_8_5_3_0_32u_config5_s'
================================================================
* Date:           Thu May  7 14:41:06 2026

* Version:        2025.2 (Build 6295257 on Nov 14 2025)
* Project:        vitis_unified_project
* Solution:       hls (Vivado IP Flow Target)
* Product family: zynquplus
* Target device:  xck26-sfvc784-2LV-c


================================================================
== Performance Estimates
================================================================
+ Timing: 
    * Summary: 
    +--------+---------+----------+------------+
    |  Clock |  Target | Estimated| Uncertainty|
    +--------+---------+----------+------------+
    |ap_clk  |  5.00 ns|  4.098 ns|     0.62 ns|
    +--------+---------+----------+------------+

+ Latency: 
    * Summary: 
    +---------+---------+-----------+-----------+-----+-----+---------+
    |  Latency (cycles) |   Latency (absolute)  |  Interval | Pipeline|
    |   min   |   max   |    min    |    max    | min | max |   Type  |
    +---------+---------+-----------+-----------+-----+-----+---------+
    |        2|        2|  10.000 ns|  10.000 ns|    2|    2|       no|
    +---------+---------+-----------+-----------+-----+-----+---------+

    + Detail: 
        * Instance: 
        N/A

        * Loop: 
        N/A

============================================================
+ Verbose Summary: Synthesis Manager
============================================================
InlineROM: 1
ExposeGlobal: 0
============================================================
+ Verbose Summary: CDFG Model
============================================================
IsTopModel: 0
ResetActiveHigh: 1
IsCombinational: 2
IsDatapathOnly: 0
HasWiredReturn: 1
HasMFsm: 0
HasVarLatency: 1
IsPipeline: 0
IsRtlPipelined: 0
IsInstanceOverlapped: 0
IsDontTouch: 0
HasImplIP: 0
IsGatedGlobalClock: 0


============================================================
+ Verbose Summary: Schedule
============================================================
* Number of FSM states : 3
* Pipeline : 0
* Dataflow Pipeline: 0

* FSM state transitions: 
1 --> 2 
2 --> 3 
3 --> 

* FSM state operations: 

State 1 <SV = 0> <Delay = 3.85>
ST_1 : Operation 4 [1/1] ( I:1.83ns O:1.83ns )   --->   "%layer4_out_read = read i128 @_ssdm_op_Read.ap_fifo.volatile.i128P0A, i128 %layer4_out" [firmware/nnet_utils/nnet_dense_stream.h:43->firmware/nnet_utils/nnet_dense_stream.h:93]   --->   Operation 4 'read' 'layer4_out_read' <Predicate = true> <Delay = 1.83> <CoreInst = "FIFO_SRL">   --->   Core 80 'FIFO_SRL' <Latency = 0> <II = 1> <Delay = 1.83> <Storage> <Opcode : 'read' 'write' 'nbread' 'nbwrite'> <Ports = 0> <Width = 128> <Depth = 1> <FIFO>
ST_1 : Operation 5 [1/1] (0.00ns)   --->   "%data = trunc i128 %layer4_out_read" [firmware/nnet_utils/nnet_dense_stream.h:43->firmware/nnet_utils/nnet_dense_stream.h:93]   --->   Operation 5 'trunc' 'data' <Predicate = true> <Delay = 0.00>
ST_1 : Operation 6 [1/1] (0.00ns)   --->   "%data_1 = partselect i2 @_ssdm_op_PartSelect.i2.i128.i32.i32, i128 %layer4_out_read, i32 2, i32 3" [firmware/nnet_utils/nnet_dense_stream.h:43->firmware/nnet_utils/nnet_dense_stream.h:93]   --->   Operation 6 'partselect' 'data_1' <Predicate = true> <Delay = 0.00>
ST_1 : Operation 7 [1/1] (0.00ns)   --->   "%data_2 = partselect i2 @_ssdm_op_PartSelect.i2.i128.i32.i32, i128 %layer4_out_read, i32 4, i32 5" [firmware/nnet_utils/nnet_dense_stream.h:43->firmware/nnet_utils/nnet_dense_stream.h:93]   --->   Operation 7 'partselect' 'data_2' <Predicate = true> <Delay = 0.00>
ST_1 : Operation 8 [1/1] (0.00ns)   --->   "%data_3 = partselect i2 @_ssdm_op_PartSelect.i2.i128.i32.i32, i128 %layer4_out_read, i32 6, i32 7" [firmware/nnet_utils/nnet_dense_stream.h:43->firmware/nnet_utils/nnet_dense_stream.h:93]   --->   Operation 8 'partselect' 'data_3' <Predicate = true> <Delay = 0.00>
ST_1 : Operation 9 [1/1] (0.00ns)   --->   "%data_4 = partselect i2 @_ssdm_op_PartSelect.i2.i128.i32.i32, i128 %layer4_out_read, i32 8, i32 9" [firmware/nnet_utils/nnet_dense_stream.h:43->firmware/nnet_utils/nnet_dense_stream.h:93]   --->   Operation 9 'partselect' 'data_4' <Predicate = true> <Delay = 0.00>
ST_1 : Operation 10 [1/1] (0.00ns)   --->   "%data_5 = partselect i2 @_ssdm_op_PartSelect.i2.i128.i32.i32, i128 %layer4_out_read, i32 10, i32 11" [firmware/nnet_utils/nnet_dense_stream.h:43->firmware/nnet_utils/nnet_dense_stream.h:93]   --->   Operation 10 'partselect' 'data_5' <Predicate = true> <Delay = 0.00>
ST_1 : Operation 11 [1/1] (0.00ns)   --->   "%data_6 = partselect i2 @_ssdm_op_PartSelect.i2.i128.i32.i32, i128 %layer4_out_read, i32 12, i32 13" [firmware/nnet_utils/nnet_dense_stream.h:43->firmware/nnet_utils/nnet_dense_stream.h:93]   --->   Operation 11 'partselect' 'data_6' <Predicate = true> <Delay = 0.00>
ST_1 : Operation 12 [1/1] (0.00ns)   --->   "%data_7 = partselect i2 @_ssdm_op_PartSelect.i2.i128.i32.i32, i128 %layer4_out_read, i32 16, i32 17" [firmware/nnet_utils/nnet_dense_stream.h:43->firmware/nnet_utils/nnet_dense_stream.h:93]   --->   Operation 12 'partselect' 'data_7' <Predicate = true> <Delay = 0.00>
ST_1 : Operation 13 [1/1] (0.00ns)   --->   "%data_8 = partselect i2 @_ssdm_op_PartSelect.i2.i128.i32.i32, i128 %layer4_out_read, i32 18, i32 19" [firmware/nnet_utils/nnet_dense_stream.h:43->firmware/nnet_utils/nnet_dense_stream.h:93]   --->   Operation 13 'partselect' 'data_8' <Predicate = true> <Delay = 0.00>
ST_1 : Operation 14 [1/1] (0.00ns)   --->   "%data_9 = partselect i2 @_ssdm_op_PartSelect.i2.i128.i32.i32, i128 %layer4_out_read, i32 20, i32 21" [firmware/nnet_utils/nnet_dense_stream.h:43->firmware/nnet_utils/nnet_dense_stream.h:93]   --->   Operation 14 'partselect' 'data_9' <Predicate = true> <Delay = 0.00>
ST_1 : Operation 15 [1/1] (0.00ns)   --->   "%data_58 = partselect i2 @_ssdm_op_PartSelect.i2.i128.i32.i32, i128 %layer4_out_read, i32 22, i32 23" [firmware/nnet_utils/nnet_dense_stream.h:43->firmware/nnet_utils/nnet_dense_stream.h:93]   --->   Operation 15 'partselect' 'data_58' <Predicate = true> <Delay = 0.00>
ST_1 : Operation 16 [1/1] (0.00ns)   --->   "%data_10 = partselect i2 @_ssdm_op_PartSelect.i2.i128.i32.i32, i128 %layer4_out_read, i32 24, i32 25" [firmware/nnet_utils/nnet_dense_stream.h:43->firmware/nnet_utils/nnet_dense_stream.h:93]   --->   Operation 16 'partselect' 'data_10' <Predicate = true> <Delay = 0.00>
ST_1 : Operation 17 [1/1] (0.00ns)   --->   "%data_11 = partselect i2 @_ssdm_op_PartSelect.i2.i128.i32.i32, i128 %layer4_out_read, i32 26, i32 27" [firmware/nnet_utils/nnet_dense_stream.h:43->firmware/nnet_utils/nnet_dense_stream.h:93]   --->   Operation 17 'partselect' 'data_11' <Predicate = true> <Delay = 0.00>
ST_1 : Operation 18 [1/1] (0.00ns)   --->   "%data_12 = partselect i2 @_ssdm_op_PartSelect.i2.i128.i32.i32, i128 %layer4_out_read, i32 28, i32 29" [firmware/nnet_utils/nnet_dense_stream.h:43->firmware/nnet_utils/nnet_dense_stream.h:93]   --->   Operation 18 'partselect' 'data_12' <Predicate = true> <Delay = 0.00>
ST_1 : Operation 19 [1/1] (0.00ns)   --->   "%data_13 = partselect i2 @_ssdm_op_PartSelect.i2.i128.i32.i32, i128 %layer4_out_read, i32 30, i32 31" [firmware/nnet_utils/nnet_dense_stream.h:43->firmware/nnet_utils/nnet_dense_stream.h:93]   --->   Operation 19 'partselect' 'data_13' <Predicate = true> <Delay = 0.00>
ST_1 : Operation 20 [1/1] (0.00ns)   --->   "%data_14 = partselect i2 @_ssdm_op_PartSelect.i2.i128.i32.i32, i128 %layer4_out_read, i32 32, i32 33" [firmware/nnet_utils/nnet_dense_stream.h:43->firmware/nnet_utils/nnet_dense_stream.h:93]   --->   Operation 20 'partselect' 'data_14' <Predicate = true> <Delay = 0.00>
ST_1 : Operation 21 [1/1] (0.00ns)   --->   "%data_15 = partselect i2 @_ssdm_op_PartSelect.i2.i128.i32.i32, i128 %layer4_out_read, i32 34, i32 35" [firmware/nnet_utils/nnet_dense_stream.h:43->firmware/nnet_utils/nnet_dense_stream.h:93]   --->   Operation 21 'partselect' 'data_15' <Predicate = true> <Delay = 0.00>
ST_1 : Operation 22 [1/1] (0.00ns)   --->   "%data_16 = partselect i2 @_ssdm_op_PartSelect.i2.i128.i32.i32, i128 %layer4_out_read, i32 36, i32 37" [firmware/nnet_utils/nnet_dense_stream.h:43->firmware/nnet_utils/nnet_dense_stream.h:93]   --->   Operation 22 'partselect' 'data_16' <Predicate = true> <Delay = 0.00>
ST_1 : Operation 23 [1/1] (0.00ns)   --->   "%data_17 = partselect i2 @_ssdm_op_PartSelect.i2.i128.i32.i32, i128 %layer4_out_read, i32 38, i32 39" [firmware/nnet_utils/nnet_dense_stream.h:43->firmware/nnet_utils/nnet_dense_stream.h:93]   --->   Operation 23 'partselect' 'data_17' <Predicate = true> <Delay = 0.00>
ST_1 : Operation 24 [1/1] (0.00ns)   --->   "%data_18 = partselect i2 @_ssdm_op_PartSelect.i2.i128.i32.i32, i128 %layer4_out_read, i32 40, i32 41" [firmware/nnet_utils/nnet_dense_stream.h:43->firmware/nnet_utils/nnet_dense_stream.h:93]   --->   Operation 24 'partselect' 'data_18' <Predicate = true> <Delay = 0.00>
ST_1 : Operation 25 [1/1] (0.00ns)   --->   "%data_19 = partselect i2 @_ssdm_op_PartSelect.i2.i128.i32.i32, i128 %layer4_out_read, i32 42, i32 43" [firmware/nnet_utils/nnet_dense_stream.h:43->firmware/nnet_utils/nnet_dense_stream.h:93]   --->   Operation 25 'partselect' 'data_19' <Predicate = true> <Delay = 0.00>
ST_1 : Operation 26 [1/1] (0.00ns)   --->   "%data_20 = partselect i2 @_ssdm_op_PartSelect.i2.i128.i32.i32, i128 %layer4_out_read, i32 44, i32 45" [firmware/nnet_utils/nnet_dense_stream.h:43->firmware/nnet_utils/nnet_dense_stream.h:93]   --->   Operation 26 'partselect' 'data_20' <Predicate = true> <Delay = 0.00>
ST_1 : Operation 27 [1/1] (0.00ns)   --->   "%data_21 = partselect i2 @_ssdm_op_PartSelect.i2.i128.i32.i32, i128 %layer4_out_read, i32 48, i32 49" [firmware/nnet_utils/nnet_dense_stream.h:43->firmware/nnet_utils/nnet_dense_stream.h:93]   --->   Operation 27 'partselect' 'data_21' <Predicate = true> <Delay = 0.00>
ST_1 : Operation 28 [1/1] (0.00ns)   --->   "%data_22 = partselect i2 @_ssdm_op_PartSelect.i2.i128.i32.i32, i128 %layer4_out_read, i32 50, i32 51" [firmware/nnet_utils/nnet_dense_stream.h:43->firmware/nnet_utils/nnet_dense_stream.h:93]   --->   Operation 28 'partselect' 'data_22' <Predicate = true> <Delay = 0.00>
ST_1 : Operation 29 [1/1] (0.00ns)   --->   "%data_23 = partselect i2 @_ssdm_op_PartSelect.i2.i128.i32.i32, i128 %layer4_out_read, i32 52, i32 53" [firmware/nnet_utils/nnet_dense_stream.h:43->firmware/nnet_utils/nnet_dense_stream.h:93]   --->   Operation 29 'partselect' 'data_23' <Predicate = true> <Delay = 0.00>
ST_1 : Operation 30 [1/1] (0.00ns)   --->   "%data_24 = partselect i2 @_ssdm_op_PartSelect.i2.i128.i32.i32, i128 %layer4_out_read, i32 54, i32 55" [firmware/nnet_utils/nnet_dense_stream.h:43->firmware/nnet_utils/nnet_dense_stream.h:93]   --->   Operation 30 'partselect' 'data_24' <Predicate = true> <Delay = 0.00>
ST_1 : Operation 31 [1/1] (0.00ns)   --->   "%data_25 = partselect i2 @_ssdm_op_PartSelect.i2.i128.i32.i32, i128 %layer4_out_read, i32 56, i32 57" [firmware/nnet_utils/nnet_dense_stream.h:43->firmware/nnet_utils/nnet_dense_stream.h:93]   --->   Operation 31 'partselect' 'data_25' <Predicate = true> <Delay = 0.00>
ST_1 : Operation 32 [1/1] (0.00ns)   --->   "%data_26 = partselect i2 @_ssdm_op_PartSelect.i2.i128.i32.i32, i128 %layer4_out_read, i32 58, i32 59" [firmware/nnet_utils/nnet_dense_stream.h:43->firmware/nnet_utils/nnet_dense_stream.h:93]   --->   Operation 32 'partselect' 'data_26' <Predicate = true> <Delay = 0.00>
ST_1 : Operation 33 [1/1] (0.00ns)   --->   "%data_27 = partselect i2 @_ssdm_op_PartSelect.i2.i128.i32.i32, i128 %layer4_out_read, i32 60, i32 61" [firmware/nnet_utils/nnet_dense_stream.h:43->firmware/nnet_utils/nnet_dense_stream.h:93]   --->   Operation 33 'partselect' 'data_27' <Predicate = true> <Delay = 0.00>
ST_1 : Operation 34 [1/1] (0.00ns)   --->   "%data_28 = partselect i2 @_ssdm_op_PartSelect.i2.i128.i32.i32, i128 %layer4_out_read, i32 62, i32 63" [firmware/nnet_utils/nnet_dense_stream.h:43->firmware/nnet_utils/nnet_dense_stream.h:93]   --->   Operation 34 'partselect' 'data_28' <Predicate = true> <Delay = 0.00>
ST_1 : Operation 35 [1/1] (0.00ns)   --->   "%data_29 = partselect i2 @_ssdm_op_PartSelect.i2.i128.i32.i32, i128 %layer4_out_read, i32 64, i32 65" [firmware/nnet_utils/nnet_dense_stream.h:43->firmware/nnet_utils/nnet_dense_stream.h:93]   --->   Operation 35 'partselect' 'data_29' <Predicate = true> <Delay = 0.00>
ST_1 : Operation 36 [1/1] (0.00ns)   --->   "%data_30 = partselect i2 @_ssdm_op_PartSelect.i2.i128.i32.i32, i128 %layer4_out_read, i32 66, i32 67" [firmware/nnet_utils/nnet_dense_stream.h:43->firmware/nnet_utils/nnet_dense_stream.h:93]   --->   Operation 36 'partselect' 'data_30' <Predicate = true> <Delay = 0.00>
ST_1 : Operation 37 [1/1] (0.00ns)   --->   "%data_31 = partselect i2 @_ssdm_op_PartSelect.i2.i128.i32.i32, i128 %layer4_out_read, i32 68, i32 69" [firmware/nnet_utils/nnet_dense_stream.h:43->firmware/nnet_utils/nnet_dense_stream.h:93]   --->   Operation 37 'partselect' 'data_31' <Predicate = true> <Delay = 0.00>
ST_1 : Operation 38 [1/1] (0.00ns)   --->   "%data_32 = partselect i2 @_ssdm_op_PartSelect.i2.i128.i32.i32, i128 %layer4_out_read, i32 70, i32 71" [firmware/nnet_utils/nnet_dense_stream.h:43->firmware/nnet_utils/nnet_dense_stream.h:93]   --->   Operation 38 'partselect' 'data_32' <Predicate = true> <Delay = 0.00>
ST_1 : Operation 39 [1/1] (0.00ns)   --->   "%data_33 = partselect i2 @_ssdm_op_PartSelect.i2.i128.i32.i32, i128 %layer4_out_read, i32 72, i32 73" [firmware/nnet_utils/nnet_dense_stream.h:43->firmware/nnet_utils/nnet_dense_stream.h:93]   --->   Operation 39 'partselect' 'data_33' <Predicate = true> <Delay = 0.00>
ST_1 : Operation 40 [1/1] (0.00ns)   --->   "%data_34 = partselect i2 @_ssdm_op_PartSelect.i2.i128.i32.i32, i128 %layer4_out_read, i32 74, i32 75" [firmware/nnet_utils/nnet_dense_stream.h:43->firmware/nnet_utils/nnet_dense_stream.h:93]   --->   Operation 40 'partselect' 'data_34' <Predicate = true> <Delay = 0.00>
ST_1 : Operation 41 [1/1] (0.00ns)   --->   "%data_35 = partselect i2 @_ssdm_op_PartSelect.i2.i128.i32.i32, i128 %layer4_out_read, i32 76, i32 77" [firmware/nnet_utils/nnet_dense_stream.h:43->firmware/nnet_utils/nnet_dense_stream.h:93]   --->   Operation 41 'partselect' 'data_35' <Predicate = true> <Delay = 0.00>
ST_1 : Operation 42 [1/1] (0.00ns)   --->   "%data_36 = partselect i2 @_ssdm_op_PartSelect.i2.i128.i32.i32, i128 %layer4_out_read, i32 80, i32 81" [firmware/nnet_utils/nnet_dense_stream.h:43->firmware/nnet_utils/nnet_dense_stream.h:93]   --->   Operation 42 'partselect' 'data_36' <Predicate = true> <Delay = 0.00>
ST_1 : Operation 43 [1/1] (0.00ns)   --->   "%data_37 = partselect i2 @_ssdm_op_PartSelect.i2.i128.i32.i32, i128 %layer4_out_read, i32 82, i32 83" [firmware/nnet_utils/nnet_dense_stream.h:43->firmware/nnet_utils/nnet_dense_stream.h:93]   --->   Operation 43 'partselect' 'data_37' <Predicate = true> <Delay = 0.00>
ST_1 : Operation 44 [1/1] (0.00ns)   --->   "%data_38 = partselect i2 @_ssdm_op_PartSelect.i2.i128.i32.i32, i128 %layer4_out_read, i32 84, i32 85" [firmware/nnet_utils/nnet_dense_stream.h:43->firmware/nnet_utils/nnet_dense_stream.h:93]   --->   Operation 44 'partselect' 'data_38' <Predicate = true> <Delay = 0.00>
ST_1 : Operation 45 [1/1] (0.00ns)   --->   "%data_39 = partselect i2 @_ssdm_op_PartSelect.i2.i128.i32.i32, i128 %layer4_out_read, i32 86, i32 87" [firmware/nnet_utils/nnet_dense_stream.h:43->firmware/nnet_utils/nnet_dense_stream.h:93]   --->   Operation 45 'partselect' 'data_39' <Predicate = true> <Delay = 0.00>
ST_1 : Operation 46 [1/1] (0.00ns)   --->   "%data_40 = partselect i2 @_ssdm_op_PartSelect.i2.i128.i32.i32, i128 %layer4_out_read, i32 88, i32 89" [firmware/nnet_utils/nnet_dense_stream.h:43->firmware/nnet_utils/nnet_dense_stream.h:93]   --->   Operation 46 'partselect' 'data_40' <Predicate = true> <Delay = 0.00>
ST_1 : Operation 47 [1/1] (0.00ns)   --->   "%data_41 = partselect i2 @_ssdm_op_PartSelect.i2.i128.i32.i32, i128 %layer4_out_read, i32 90, i32 91" [firmware/nnet_utils/nnet_dense_stream.h:43->firmware/nnet_utils/nnet_dense_stream.h:93]   --->   Operation 47 'partselect' 'data_41' <Predicate = true> <Delay = 0.00>
ST_1 : Operation 48 [1/1] (0.00ns)   --->   "%data_42 = partselect i2 @_ssdm_op_PartSelect.i2.i128.i32.i32, i128 %layer4_out_read, i32 92, i32 93" [firmware/nnet_utils/nnet_dense_stream.h:43->firmware/nnet_utils/nnet_dense_stream.h:93]   --->   Operation 48 'partselect' 'data_42' <Predicate = true> <Delay = 0.00>
ST_1 : Operation 49 [1/1] (0.00ns)   --->   "%data_43 = partselect i2 @_ssdm_op_PartSelect.i2.i128.i32.i32, i128 %layer4_out_read, i32 94, i32 95" [firmware/nnet_utils/nnet_dense_stream.h:43->firmware/nnet_utils/nnet_dense_stream.h:93]   --->   Operation 49 'partselect' 'data_43' <Predicate = true> <Delay = 0.00>
ST_1 : Operation 50 [1/1] (0.00ns)   --->   "%data_44 = partselect i2 @_ssdm_op_PartSelect.i2.i128.i32.i32, i128 %layer4_out_read, i32 96, i32 97" [firmware/nnet_utils/nnet_dense_stream.h:43->firmware/nnet_utils/nnet_dense_stream.h:93]   --->   Operation 50 'partselect' 'data_44' <Predicate = true> <Delay = 0.00>
ST_1 : Operation 51 [1/1] (0.00ns)   --->   "%data_45 = partselect i2 @_ssdm_op_PartSelect.i2.i128.i32.i32, i128 %layer4_out_read, i32 98, i32 99" [firmware/nnet_utils/nnet_dense_stream.h:43->firmware/nnet_utils/nnet_dense_stream.h:93]   --->   Operation 51 'partselect' 'data_45' <Predicate = true> <Delay = 0.00>
ST_1 : Operation 52 [1/1] (0.00ns)   --->   "%data_46 = partselect i2 @_ssdm_op_PartSelect.i2.i128.i32.i32, i128 %layer4_out_read, i32 100, i32 101" [firmware/nnet_utils/nnet_dense_stream.h:43->firmware/nnet_utils/nnet_dense_stream.h:93]   --->   Operation 52 'partselect' 'data_46' <Predicate = true> <Delay = 0.00>
ST_1 : Operation 53 [1/1] (0.00ns)   --->   "%data_47 = partselect i2 @_ssdm_op_PartSelect.i2.i128.i32.i32, i128 %layer4_out_read, i32 102, i32 103" [firmware/nnet_utils/nnet_dense_stream.h:43->firmware/nnet_utils/nnet_dense_stream.h:93]   --->   Operation 53 'partselect' 'data_47' <Predicate = true> <Delay = 0.00>
ST_1 : Operation 54 [1/1] (0.00ns)   --->   "%data_48 = partselect i2 @_ssdm_op_PartSelect.i2.i128.i32.i32, i128 %layer4_out_read, i32 104, i32 105" [firmware/nnet_utils/nnet_dense_stream.h:43->firmware/nnet_utils/nnet_dense_stream.h:93]   --->   Operation 54 'partselect' 'data_48' <Predicate = true> <Delay = 0.00>
ST_1 : Operation 55 [1/1] (0.00ns)   --->   "%data_49 = partselect i2 @_ssdm_op_PartSelect.i2.i128.i32.i32, i128 %layer4_out_read, i32 106, i32 107" [firmware/nnet_utils/nnet_dense_stream.h:43->firmware/nnet_utils/nnet_dense_stream.h:93]   --->   Operation 55 'partselect' 'data_49' <Predicate = true> <Delay = 0.00>
ST_1 : Operation 56 [1/1] (0.00ns)   --->   "%data_50 = partselect i2 @_ssdm_op_PartSelect.i2.i128.i32.i32, i128 %layer4_out_read, i32 108, i32 109" [firmware/nnet_utils/nnet_dense_stream.h:43->firmware/nnet_utils/nnet_dense_stream.h:93]   --->   Operation 56 'partselect' 'data_50' <Predicate = true> <Delay = 0.00>
ST_1 : Operation 57 [1/1] (0.00ns)   --->   "%data_51 = partselect i2 @_ssdm_op_PartSelect.i2.i128.i32.i32, i128 %layer4_out_read, i32 110, i32 111" [firmware/nnet_utils/nnet_dense_stream.h:43->firmware/nnet_utils/nnet_dense_stream.h:93]   --->   Operation 57 'partselect' 'data_51' <Predicate = true> <Delay = 0.00>
ST_1 : Operation 58 [1/1] (0.00ns)   --->   "%data_52 = partselect i2 @_ssdm_op_PartSelect.i2.i128.i32.i32, i128 %layer4_out_read, i32 112, i32 113" [firmware/nnet_utils/nnet_dense_stream.h:43->firmware/nnet_utils/nnet_dense_stream.h:93]   --->   Operation 58 'partselect' 'data_52' <Predicate = true> <Delay = 0.00>
ST_1 : Operation 59 [1/1] (0.00ns)   --->   "%data_53 = partselect i2 @_ssdm_op_PartSelect.i2.i128.i32.i32, i128 %layer4_out_read, i32 114, i32 115" [firmware/nnet_utils/nnet_dense_stream.h:43->firmware/nnet_utils/nnet_dense_stream.h:93]   --->   Operation 59 'partselect' 'data_53' <Predicate = true> <Delay = 0.00>
ST_1 : Operation 60 [1/1] (0.00ns)   --->   "%data_54 = partselect i2 @_ssdm_op_PartSelect.i2.i128.i32.i32, i128 %layer4_out_read, i32 116, i32 117" [firmware/nnet_utils/nnet_dense_stream.h:43->firmware/nnet_utils/nnet_dense_stream.h:93]   --->   Operation 60 'partselect' 'data_54' <Predicate = true> <Delay = 0.00>
ST_1 : Operation 61 [1/1] (0.00ns)   --->   "%data_55 = partselect i2 @_ssdm_op_PartSelect.i2.i128.i32.i32, i128 %layer4_out_read, i32 120, i32 121" [firmware/nnet_utils/nnet_dense_stream.h:43->firmware/nnet_utils/nnet_dense_stream.h:93]   --->   Operation 61 'partselect' 'data_55' <Predicate = true> <Delay = 0.00>
ST_1 : Operation 62 [1/1] (0.00ns)   --->   "%data_56 = partselect i2 @_ssdm_op_PartSelect.i2.i128.i32.i32, i128 %layer4_out_read, i32 122, i32 123" [firmware/nnet_utils/nnet_dense_stream.h:43->firmware/nnet_utils/nnet_dense_stream.h:93]   --->   Operation 62 'partselect' 'data_56' <Predicate = true> <Delay = 0.00>
ST_1 : Operation 63 [1/1] (0.00ns)   --->   "%data_57 = partselect i2 @_ssdm_op_PartSelect.i2.i128.i32.i32, i128 %layer4_out_read, i32 124, i32 125" [firmware/nnet_utils/nnet_dense_stream.h:43->firmware/nnet_utils/nnet_dense_stream.h:93]   --->   Operation 63 'partselect' 'data_57' <Predicate = true> <Delay = 0.00>
ST_1 : Operation 64 [2/2] (2.01ns)   --->   "%call_ret = call i275 @dense_latency<ap_ufixed<2, 0, 4, 0, 0>, ap_fixed<11, 8, 5, 3, 0>, config5>, i2 %data, i2 %data_1, i2 %data_2, i2 %data_3, i2 %data_4, i2 %data_5, i2 %data_6, i2 %data_7, i2 %data_8, i2 %data_9, i2 %data_58, i2 %data_10, i2 %data_11, i2 %data_12, i2 %data_13, i2 %data_14, i2 %data_15, i2 %data_16, i2 %data_17, i2 %data_18, i2 %data_19, i2 %data_20, i2 %data_21, i2 %data_22, i2 %data_23, i2 %data_24, i2 %data_25, i2 %data_26, i2 %data_27, i2 %data_28, i2 %data_29, i2 %data_30, i2 %data_31, i2 %data_32, i2 %data_33, i2 %data_34, i2 %data_35, i2 %data_36, i2 %data_37, i2 %data_38, i2 %data_39, i2 %data_40, i2 %data_41, i2 %data_42, i2 %data_43, i2 %data_44, i2 %data_45, i2 %data_46, i2 %data_47, i2 %data_48, i2 %data_49, i2 %data_50, i2 %data_51, i2 %data_52, i2 %data_53, i2 %data_54, i2 %data_55, i2 %data_56, i2 %data_57" [firmware/nnet_utils/nnet_dense_stream.h:17->firmware/nnet_utils/nnet_dense_stream.h:95]   --->   Operation 64 'call' 'call_ret' <Predicate = true> <Delay = 2.01> <CoreType = "Generic">   --->   Generic Core

State 2 <SV = 1> <Delay = 4.09>
ST_2 : Operation 65 [1/2] (4.09ns)   --->   "%call_ret = call i275 @dense_latency<ap_ufixed<2, 0, 4, 0, 0>, ap_fixed<11, 8, 5, 3, 0>, config5>, i2 %data, i2 %data_1, i2 %data_2, i2 %data_3, i2 %data_4, i2 %data_5, i2 %data_6, i2 %data_7, i2 %data_8, i2 %data_9, i2 %data_58, i2 %data_10, i2 %data_11, i2 %data_12, i2 %data_13, i2 %data_14, i2 %data_15, i2 %data_16, i2 %data_17, i2 %data_18, i2 %data_19, i2 %data_20, i2 %data_21, i2 %data_22, i2 %data_23, i2 %data_24, i2 %data_25, i2 %data_26, i2 %data_27, i2 %data_28, i2 %data_29, i2 %data_30, i2 %data_31, i2 %data_32, i2 %data_33, i2 %data_34, i2 %data_35, i2 %data_36, i2 %data_37, i2 %data_38, i2 %data_39, i2 %data_40, i2 %data_41, i2 %data_42, i2 %data_43, i2 %data_44, i2 %data_45, i2 %data_46, i2 %data_47, i2 %data_48, i2 %data_49, i2 %data_50, i2 %data_51, i2 %data_52, i2 %data_53, i2 %data_54, i2 %data_55, i2 %data_56, i2 %data_57" [firmware/nnet_utils/nnet_dense_stream.h:17->firmware/nnet_utils/nnet_dense_stream.h:95]   --->   Operation 65 'call' 'call_ret' <Predicate = true> <Delay = 4.09> <CoreType = "Generic">   --->   Generic Core
ST_2 : Operation 66 [1/1] (0.00ns)   --->   "%res = extractvalue i275 %call_ret" [firmware/nnet_utils/nnet_dense_stream.h:17->firmware/nnet_utils/nnet_dense_stream.h:95]   --->   Operation 66 'extractvalue' 'res' <Predicate = true> <Delay = 0.00>
ST_2 : Operation 67 [1/1] (0.00ns)   --->   "%res_1 = extractvalue i275 %call_ret" [firmware/nnet_utils/nnet_dense_stream.h:17->firmware/nnet_utils/nnet_dense_stream.h:95]   --->   Operation 67 'extractvalue' 'res_1' <Predicate = true> <Delay = 0.00>
ST_2 : Operation 68 [1/1] (0.00ns)   --->   "%res_2 = extractvalue i275 %call_ret" [firmware/nnet_utils/nnet_dense_stream.h:17->firmware/nnet_utils/nnet_dense_stream.h:95]   --->   Operation 68 'extractvalue' 'res_2' <Predicate = true> <Delay = 0.00>
ST_2 : Operation 69 [1/1] (0.00ns)   --->   "%res_3 = extractvalue i275 %call_ret" [firmware/nnet_utils/nnet_dense_stream.h:17->firmware/nnet_utils/nnet_dense_stream.h:95]   --->   Operation 69 'extractvalue' 'res_3' <Predicate = true> <Delay = 0.00>
ST_2 : Operation 70 [1/1] (0.00ns)   --->   "%res_4 = extractvalue i275 %call_ret" [firmware/nnet_utils/nnet_dense_stream.h:17->firmware/nnet_utils/nnet_dense_stream.h:95]   --->   Operation 70 'extractvalue' 'res_4' <Predicate = true> <Delay = 0.00>
ST_2 : Operation 71 [1/1] (0.00ns)   --->   "%res_5 = extractvalue i275 %call_ret" [firmware/nnet_utils/nnet_dense_stream.h:17->firmware/nnet_utils/nnet_dense_stream.h:95]   --->   Operation 71 'extractvalue' 'res_5' <Predicate = true> <Delay = 0.00>
ST_2 : Operation 72 [1/1] (0.00ns)   --->   "%res_6 = extractvalue i275 %call_ret" [firmware/nnet_utils/nnet_dense_stream.h:17->firmware/nnet_utils/nnet_dense_stream.h:95]   --->   Operation 72 'extractvalue' 'res_6' <Predicate = true> <Delay = 0.00>
ST_2 : Operation 73 [1/1] (0.00ns)   --->   "%res_7 = extractvalue i275 %call_ret" [firmware/nnet_utils/nnet_dense_stream.h:17->firmware/nnet_utils/nnet_dense_stream.h:95]   --->   Operation 73 'extractvalue' 'res_7' <Predicate = true> <Delay = 0.00>
ST_2 : Operation 74 [1/1] (0.00ns)   --->   "%res_8 = extractvalue i275 %call_ret" [firmware/nnet_utils/nnet_dense_stream.h:17->firmware/nnet_utils/nnet_dense_stream.h:95]   --->   Operation 74 'extractvalue' 'res_8' <Predicate = true> <Delay = 0.00>
ST_2 : Operation 75 [1/1] (0.00ns)   --->   "%res_9 = extractvalue i275 %call_ret" [firmware/nnet_utils/nnet_dense_stream.h:17->firmware/nnet_utils/nnet_dense_stream.h:95]   --->   Operation 75 'extractvalue' 'res_9' <Predicate = true> <Delay = 0.00>
ST_2 : Operation 76 [1/1] (0.00ns)   --->   "%res_24 = extractvalue i275 %call_ret" [firmware/nnet_utils/nnet_dense_stream.h:17->firmware/nnet_utils/nnet_dense_stream.h:95]   --->   Operation 76 'extractvalue' 'res_24' <Predicate = true> <Delay = 0.00>
ST_2 : Operation 77 [1/1] (0.00ns)   --->   "%res_10 = extractvalue i275 %call_ret" [firmware/nnet_utils/nnet_dense_stream.h:17->firmware/nnet_utils/nnet_dense_stream.h:95]   --->   Operation 77 'extractvalue' 'res_10' <Predicate = true> <Delay = 0.00>
ST_2 : Operation 78 [1/1] (0.00ns)   --->   "%res_11 = extractvalue i275 %call_ret" [firmware/nnet_utils/nnet_dense_stream.h:17->firmware/nnet_utils/nnet_dense_stream.h:95]   --->   Operation 78 'extractvalue' 'res_11' <Predicate = true> <Delay = 0.00>
ST_2 : Operation 79 [1/1] (0.00ns)   --->   "%res_12 = extractvalue i275 %call_ret" [firmware/nnet_utils/nnet_dense_stream.h:17->firmware/nnet_utils/nnet_dense_stream.h:95]   --->   Operation 79 'extractvalue' 'res_12' <Predicate = true> <Delay = 0.00>
ST_2 : Operation 80 [1/1] (0.00ns)   --->   "%res_13 = extractvalue i275 %call_ret" [firmware/nnet_utils/nnet_dense_stream.h:17->firmware/nnet_utils/nnet_dense_stream.h:95]   --->   Operation 80 'extractvalue' 'res_13' <Predicate = true> <Delay = 0.00>
ST_2 : Operation 81 [1/1] (0.00ns)   --->   "%res_14 = extractvalue i275 %call_ret" [firmware/nnet_utils/nnet_dense_stream.h:17->firmware/nnet_utils/nnet_dense_stream.h:95]   --->   Operation 81 'extractvalue' 'res_14' <Predicate = true> <Delay = 0.00>
ST_2 : Operation 82 [1/1] (0.00ns)   --->   "%res_15 = extractvalue i275 %call_ret" [firmware/nnet_utils/nnet_dense_stream.h:17->firmware/nnet_utils/nnet_dense_stream.h:95]   --->   Operation 82 'extractvalue' 'res_15' <Predicate = true> <Delay = 0.00>
ST_2 : Operation 83 [1/1] (0.00ns)   --->   "%res_16 = extractvalue i275 %call_ret" [firmware/nnet_utils/nnet_dense_stream.h:17->firmware/nnet_utils/nnet_dense_stream.h:95]   --->   Operation 83 'extractvalue' 'res_16' <Predicate = true> <Delay = 0.00>
ST_2 : Operation 84 [1/1] (0.00ns)   --->   "%res_17 = extractvalue i275 %call_ret" [firmware/nnet_utils/nnet_dense_stream.h:17->firmware/nnet_utils/nnet_dense_stream.h:95]   --->   Operation 84 'extractvalue' 'res_17' <Predicate = true> <Delay = 0.00>
ST_2 : Operation 85 [1/1] (0.00ns)   --->   "%res_18 = extractvalue i275 %call_ret" [firmware/nnet_utils/nnet_dense_stream.h:17->firmware/nnet_utils/nnet_dense_stream.h:95]   --->   Operation 85 'extractvalue' 'res_18' <Predicate = true> <Delay = 0.00>
ST_2 : Operation 86 [1/1] (0.00ns)   --->   "%res_19 = extractvalue i275 %call_ret" [firmware/nnet_utils/nnet_dense_stream.h:17->firmware/nnet_utils/nnet_dense_stream.h:95]   --->   Operation 86 'extractvalue' 'res_19' <Predicate = true> <Delay = 0.00>
ST_2 : Operation 87 [1/1] (0.00ns)   --->   "%res_20 = extractvalue i275 %call_ret" [firmware/nnet_utils/nnet_dense_stream.h:17->firmware/nnet_utils/nnet_dense_stream.h:95]   --->   Operation 87 'extractvalue' 'res_20' <Predicate = true> <Delay = 0.00>
ST_2 : Operation 88 [1/1] (0.00ns)   --->   "%res_21 = extractvalue i275 %call_ret" [firmware/nnet_utils/nnet_dense_stream.h:17->firmware/nnet_utils/nnet_dense_stream.h:95]   --->   Operation 88 'extractvalue' 'res_21' <Predicate = true> <Delay = 0.00>
ST_2 : Operation 89 [1/1] (0.00ns)   --->   "%res_22 = extractvalue i275 %call_ret" [firmware/nnet_utils/nnet_dense_stream.h:17->firmware/nnet_utils/nnet_dense_stream.h:95]   --->   Operation 89 'extractvalue' 'res_22' <Predicate = true> <Delay = 0.00>
ST_2 : Operation 90 [1/1] (0.00ns)   --->   "%res_23 = extractvalue i275 %call_ret" [firmware/nnet_utils/nnet_dense_stream.h:17->firmware/nnet_utils/nnet_dense_stream.h:95]   --->   Operation 90 'extractvalue' 'res_23' <Predicate = true> <Delay = 0.00>

State 3 <SV = 2> <Delay = 1.83>
ST_3 : Operation 91 [1/1] (0.00ns)   --->   "%specinterface_ln0 = specinterface void @_ssdm_op_SpecInterface, i352 %layer5_out, void @empty_1, i32 0, i32 0, void @empty_21, i32 0, i32 0, void @empty_21, void @empty_21, void @empty_21, i32 0, i32 0, i32 0, i32 0, void @empty_21, void @empty_21, i32 4294967295, i32 0, i32 0, i32 0"   --->   Operation 91 'specinterface' 'specinterface_ln0' <Predicate = true> <Delay = 0.00>
ST_3 : Operation 92 [1/1] (0.00ns)   --->   "%specinterface_ln0 = specinterface void @_ssdm_op_SpecInterface, i128 %layer4_out, void @empty_1, i32 0, i32 0, void @empty_21, i32 0, i32 0, void @empty_21, void @empty_21, void @empty_21, i32 0, i32 0, i32 0, i32 0, void @empty_21, void @empty_21, i32 4294967295, i32 0, i32 0, i32 0"   --->   Operation 92 'specinterface' 'specinterface_ln0' <Predicate = true> <Delay = 0.00>
ST_3 : Operation 93 [1/1] (0.00ns)   --->   "%p_s = bitconcatenate i352 @_ssdm_op_BitConcatenate.i352.i11.i11.i11.i11.i33.i11.i11.i11.i11.i11.i11.i11.i11.i11.i11.i11.i11.i11.i11.i11.i11.i11.i11.i11.i11.i11.i11.i11.i11.i11, i11 %res_23, i11 %res_22, i11 %res_21, i11 %res_20, i33 0, i11 %res_19, i11 %res_18, i11 %res_17, i11 %res_16, i11 %res_15, i11 0, i11 %res_14, i11 0, i11 %res_13, i11 0, i11 %res_12, i11 %res_11, i11 %res_10, i11 %res_24, i11 %res_9, i11 %res_8, i11 %res_7, i11 %res_6, i11 0, i11 %res_5, i11 %res_4, i11 %res_3, i11 %res_2, i11 %res_1, i11 %res" [firmware/nnet_utils/nnet_dense_stream.h:77->firmware/nnet_utils/nnet_dense_stream.h:100]   --->   Operation 93 'bitconcatenate' 'p_s' <Predicate = true> <Delay = 0.00>
ST_3 : Operation 94 [1/1] ( I:1.83ns O:1.83ns )   --->   "%write_ln77 = write void @_ssdm_op_Write.ap_fifo.volatile.i352P0A, i352 %layer5_out, i352 %p_s" [firmware/nnet_utils/nnet_dense_stream.h:77->firmware/nnet_utils/nnet_dense_stream.h:100]   --->   Operation 94 'write' 'write_ln77' <Predicate = true> <Delay = 1.83> <CoreInst = "FIFO_SRL">   --->   Core 80 'FIFO_SRL' <Latency = 0> <II = 1> <Delay = 1.83> <Storage> <Opcode : 'read' 'write' 'nbread' 'nbwrite'> <Ports = 0> <Width = 352> <Depth = 1> <FIFO>
ST_3 : Operation 95 [1/1] (0.00ns)   --->   "%ret_ln101 = ret" [firmware/nnet_utils/nnet_dense_stream.h:101]   --->   Operation 95 'ret' 'ret_ln101' <Predicate = true> <Delay = 0.00>


============================================================
+ Verbose Summary: Timing violations
============================================================
Target clock period: 5.000ns, clock uncertainty: 0.625ns.

 <State 1>: 3.856ns
The critical path consists of the following:
	fifo read operation ('layer4_out_read', firmware/nnet_utils/nnet_dense_stream.h:43->firmware/nnet_utils/nnet_dense_stream.h:93) on port 'layer4_out' (firmware/nnet_utils/nnet_dense_stream.h:43->firmware/nnet_utils/nnet_dense_stream.h:93) [5]  (1.838 ns)
	'call' operation 275 bit ('call_ret', firmware/nnet_utils/nnet_dense_stream.h:17->firmware/nnet_utils/nnet_dense_stream.h:95) to 'dense_latency<ap_ufixed<2, 0, 4, 0, 0>, ap_fixed<11, 8, 5, 3, 0>, config5>' [65]  (2.018 ns)

 <State 2>: 4.098ns
The critical path consists of the following:
	'call' operation 275 bit ('call_ret', firmware/nnet_utils/nnet_dense_stream.h:17->firmware/nnet_utils/nnet_dense_stream.h:95) to 'dense_latency<ap_ufixed<2, 0, 4, 0, 0>, ap_fixed<11, 8, 5, 3, 0>, config5>' [65]  (4.098 ns)

 <State 3>: 1.838ns
The critical path consists of the following:
	fifo write operation ('write_ln77', firmware/nnet_utils/nnet_dense_stream.h:77->firmware/nnet_utils/nnet_dense_stream.h:100) on port 'layer5_out' (firmware/nnet_utils/nnet_dense_stream.h:77->firmware/nnet_utils/nnet_dense_stream.h:100) [92]  (1.838 ns)


============================================================
+ Verbose Summary: Binding
============================================================
N/A
* FSMD analyzer results:
  - Output states:
 - Input state : 
  - Chain level:
	State 1
	State 2
	State 3


============================================================
+ Verbose Summary: Datapath Resource usage 
============================================================
N/A
