

================================================================
== Vitis HLS Report for 'dense_array_ap_ufixed_64u_array_ap_fixed_10_9_5_3_0_32u_config6_s'
================================================================
* Date:           Thu May  7 09:53:14 2026

* Version:        2025.2 (Build 6295257 on Nov 14 2025)
* Project:        vitis_unified_project
* Solution:       hls (Vivado IP Flow Target)
* Product family: zynquplus
* Target device:  xck26-sfvc784-2LV-c


================================================================
== Performance Estimates
================================================================
+ Timing: 
    * Summary: 
    +--------+---------+----------+------------+
    |  Clock |  Target | Estimated| Uncertainty|
    +--------+---------+----------+------------+
    |ap_clk  |  5.00 ns|  3.390 ns|     0.62 ns|
    +--------+---------+----------+------------+

+ Latency: 
    * Summary: 
    +---------+---------+----------+----------+-----+-----+---------+
    |  Latency (cycles) |  Latency (absolute) |  Interval | Pipeline|
    |   min   |   max   |    min   |    max   | min | max |   Type  |
    +---------+---------+----------+----------+-----+-----+---------+
    |        1|        1|  5.000 ns|  5.000 ns|    1|    1|       no|
    +---------+---------+----------+----------+-----+-----+---------+

    + Detail: 
        * Instance: 
        +--------------------------------------------------------------------------------+-----------------------------------------------------------------+---------+---------+----------+----------+-----+-----+---------+
        |                                                                                |                                                                 |  Latency (cycles) |  Latency (absolute) |  Interval | Pipeline|
        |                                    Instance                                    |                              Module                             |   min   |   max   |    min   |    max   | min | max |   Type  |
        +--------------------------------------------------------------------------------+-----------------------------------------------------------------+---------+---------+----------+----------+-----+-----+---------+
        |call_ret_dense_latency_ap_ufixed_7_5_0_3_0_ap_fixed_10_9_5_3_0_config6_s_fu_63  |dense_latency_ap_ufixed_7_5_0_3_0_ap_fixed_10_9_5_3_0_config6_s  |        0|        0|      0 ns|      0 ns|    1|    1|      yes|
        +--------------------------------------------------------------------------------+-----------------------------------------------------------------+---------+---------+----------+----------+-----+-----+---------+

        * Loop: 
        N/A



================================================================
== Utilization Estimates
================================================================
* Summary: 
+-----------------+---------+------+--------+--------+-----+
|       Name      | BRAM_18K|  DSP |   FF   |   LUT  | URAM|
+-----------------+---------+------+--------+--------+-----+
|DSP              |        -|     -|       -|       -|    -|
|Expression       |        -|     -|       0|       2|    -|
|FIFO             |        -|     -|       -|       -|    -|
|Instance         |        -|     -|       0|      84|    -|
|Memory           |        -|     -|       -|       -|    -|
|Multiplexer      |        -|     -|       0|      50|    -|
|Register         |        -|     -|      34|       -|    -|
+-----------------+---------+------+--------+--------+-----+
|Total            |        0|     0|      34|     136|    0|
+-----------------+---------+------+--------+--------+-----+
|Available        |      288|  1248|  234240|  117120|   64|
+-----------------+---------+------+--------+--------+-----+
|Utilization (%)  |        0|     0|      ~0|      ~0|    0|
+-----------------+---------+------+--------+--------+-----+

+ Detail: 
    * Instance: 
    +--------------------------------------------------------------------------------+-----------------------------------------------------------------+---------+----+---+----+-----+
    |                                    Instance                                    |                              Module                             | BRAM_18K| DSP| FF| LUT| URAM|
    +--------------------------------------------------------------------------------+-----------------------------------------------------------------+---------+----+---+----+-----+
    |call_ret_dense_latency_ap_ufixed_7_5_0_3_0_ap_fixed_10_9_5_3_0_config6_s_fu_63  |dense_latency_ap_ufixed_7_5_0_3_0_ap_fixed_10_9_5_3_0_config6_s  |        0|   0|  0|  84|    0|
    +--------------------------------------------------------------------------------+-----------------------------------------------------------------+---------+----+---+----+-----+
    |Total                                                                           |                                                                 |        0|   0|  0|  84|    0|
    +--------------------------------------------------------------------------------+-----------------------------------------------------------------+---------+----+---+----+-----+

    * DSP: 
    N/A

    * Memory: 
    N/A

    * FIFO: 
    N/A

    * Expression: 
    +-----------------+----------+----+---+----+------------+------------+
    |  Variable Name  | Operation| DSP| FF| LUT| Bitwidth P0| Bitwidth P1|
    +-----------------+----------+----+---+----+------------+------------+
    |ap_block_state1  |        or|   0|  0|   2|           1|           1|
    +-----------------+----------+----+---+----+------------+------------+
    |Total            |          |   0|  0|   2|           1|           1|
    +-----------------+----------+----+---+----+------------+------------+

    * Multiplexer: 
    +------------------+----+-----------+-----+-----------+
    |       Name       | LUT| Input Size| Bits| Total Bits|
    +------------------+----+-----------+-----+-----------+
    |ap_NS_fsm         |  14|          3|    1|          3|
    |ap_done           |   9|          2|    1|          2|
    |layer4_out_blk_n  |   9|          2|    1|          2|
    |layer6_out_blk_n  |   9|          2|    1|          2|
    |real_start        |   9|          2|    1|          2|
    +------------------+----+-----------+-----+-----------+
    |Total             |  50|         11|    5|         11|
    +------------------+----+-----------+-----+-----------+

    * Register: 
    +----------------+----+----+-----+-----------+
    |      Name      | FF | LUT| Bits| Const Bits|
    +----------------+----+----+-----+-----------+
    |ap_CS_fsm       |   2|   0|    2|          0|
    |ap_done_reg     |   1|   0|    1|          0|
    |res_1_reg_162   |  10|   0|   10|          0|
    |res_2_reg_167   |  10|   0|   10|          0|
    |res_reg_157     |  10|   0|   10|          0|
    |start_once_reg  |   1|   0|    1|          0|
    +----------------+----+----+-----+-----------+
    |Total           |  34|   0|   34|          0|
    +----------------+----+----+-----+-----------+



================================================================
== Interface
================================================================
* Summary: 
+---------------------------+-----+-----+------------+---------------------------------------------------------------------+--------------+
|         RTL Ports         | Dir | Bits|  Protocol  |                            Source Object                            |    C Type    |
+---------------------------+-----+-----+------------+---------------------------------------------------------------------+--------------+
|ap_clk                     |   in|    1|  ap_ctrl_hs|  dense<array<ap_ufixed,64u>,array<ap_fixed<10,9,5,3,0>,32u>,config6>|  return value|
|ap_rst                     |   in|    1|  ap_ctrl_hs|  dense<array<ap_ufixed,64u>,array<ap_fixed<10,9,5,3,0>,32u>,config6>|  return value|
|ap_start                   |   in|    1|  ap_ctrl_hs|  dense<array<ap_ufixed,64u>,array<ap_fixed<10,9,5,3,0>,32u>,config6>|  return value|
|start_full_n               |   in|    1|  ap_ctrl_hs|  dense<array<ap_ufixed,64u>,array<ap_fixed<10,9,5,3,0>,32u>,config6>|  return value|
|ap_done                    |  out|    1|  ap_ctrl_hs|  dense<array<ap_ufixed,64u>,array<ap_fixed<10,9,5,3,0>,32u>,config6>|  return value|
|ap_continue                |   in|    1|  ap_ctrl_hs|  dense<array<ap_ufixed,64u>,array<ap_fixed<10,9,5,3,0>,32u>,config6>|  return value|
|ap_idle                    |  out|    1|  ap_ctrl_hs|  dense<array<ap_ufixed,64u>,array<ap_fixed<10,9,5,3,0>,32u>,config6>|  return value|
|ap_ready                   |  out|    1|  ap_ctrl_hs|  dense<array<ap_ufixed,64u>,array<ap_fixed<10,9,5,3,0>,32u>,config6>|  return value|
|start_out                  |  out|    1|  ap_ctrl_hs|  dense<array<ap_ufixed,64u>,array<ap_fixed<10,9,5,3,0>,32u>,config6>|  return value|
|start_write                |  out|    1|  ap_ctrl_hs|  dense<array<ap_ufixed,64u>,array<ap_fixed<10,9,5,3,0>,32u>,config6>|  return value|
|layer4_out_dout            |   in|  448|     ap_fifo|                                                           layer4_out|       pointer|
|layer4_out_empty_n         |   in|    1|     ap_fifo|                                                           layer4_out|       pointer|
|layer4_out_read            |  out|    1|     ap_fifo|                                                           layer4_out|       pointer|
|layer4_out_num_data_valid  |   in|    2|     ap_fifo|                                                           layer4_out|       pointer|
|layer4_out_fifo_cap        |   in|    2|     ap_fifo|                                                           layer4_out|       pointer|
|layer6_out_din             |  out|  320|     ap_fifo|                                                           layer6_out|       pointer|
|layer6_out_full_n          |   in|    1|     ap_fifo|                                                           layer6_out|       pointer|
|layer6_out_write           |  out|    1|     ap_fifo|                                                           layer6_out|       pointer|
|layer6_out_num_data_valid  |   in|    2|     ap_fifo|                                                           layer6_out|       pointer|
|layer6_out_fifo_cap        |   in|    2|     ap_fifo|                                                           layer6_out|       pointer|
+---------------------------+-----+-----+------------+---------------------------------------------------------------------+--------------+

