
This result is generated under the condition there is no block from testbench side.
So in real working environment, the suggested depth may need some margin.

After FIFO sizing, module total executing time has no change.(still 8289 cycles)
The detailed FIFO info are listed below.
    FIFO(AESL_inst_myproject_axi_master.gmem_out0_ptr_layer12_out_c_U):
    {
        The user setting depth:       4.
        The smallest suggest depth:       2.
        Involved in deadlock path:        No.
        Work mode:
            FIFO never blocks its consumer and producer.
            The possible reason is the FIFO depth is big enough.
    }

    FIFO(AESL_inst_myproject_axi_master.batch_size_c1_U):
    {
        The user setting depth:       2.
        The smallest suggest depth:       2.
        Involved in deadlock path:        No.
        Work mode:
            FIFO always blocks its consumer.
            FIFO may sometimes or never block its producer.
            The possible reason is the producer works slowly for this channel.
    }

    FIFO(AESL_inst_myproject_axi_master.stream_in0_input_layer_1_U):
    {
        The user setting depth:       128.
        The smallest suggest depth:       2.
        Involved in deadlock path:        No.
        Work mode:
            FIFO always blocks its consumer.
            FIFO may sometimes or never block its producer.
            The possible reason is the producer works slowly for this channel.
    }

    FIFO(AESL_inst_myproject_axi_master.batch_size_c_U):
    {
        The user setting depth:       2.
        The smallest suggest depth:       2.
        Involved in deadlock path:        No.
        Work mode:
            FIFO always blocks its consumer.
            FIFO may sometimes or never block its producer.
            The possible reason is the producer works slowly for this channel.
    }

    FIFO(AESL_inst_myproject_axi_master.stream_out0_layer12_out_U):
    {
        The user setting depth:       128.
        The smallest suggest depth:       2.
        Involved in deadlock path:        No.
        Work mode:
            FIFO always blocks its consumer.
            FIFO may sometimes or never block its producer.
            The possible reason is the producer works slowly for this channel.
    }

    FIFO(AESL_inst_myproject_axi_master.compute_U0.grp_myproject_fu_62.layer3_out_U):
    {
        The user setting depth:       1.
        The smallest suggest depth:       1.
        Involved in deadlock path:        No.
        Work mode:
            FIFO always blocks its consumer.
            FIFO may sometimes or never block its producer.
            The possible reason is the producer works slowly for this channel.
    }

    FIFO(AESL_inst_myproject_axi_master.compute_U0.grp_myproject_fu_62.layer4_out_U):
    {
        The user setting depth:       1.
        The smallest suggest depth:       1.
        Involved in deadlock path:        No.
        Work mode:
            FIFO always blocks its consumer.
            FIFO may sometimes or never block its producer.
            The possible reason is the producer works slowly for this channel.
    }

    FIFO(AESL_inst_myproject_axi_master.compute_U0.grp_myproject_fu_62.layer6_out_U):
    {
        The user setting depth:       1.
        The smallest suggest depth:       1.
        Involved in deadlock path:        No.
        Work mode:
            FIFO always blocks its consumer.
            FIFO may sometimes or never block its producer.
            The possible reason is the producer works slowly for this channel.
    }

    FIFO(AESL_inst_myproject_axi_master.compute_U0.grp_myproject_fu_62.layer7_out_U):
    {
        The user setting depth:       1.
        The smallest suggest depth:       1.
        Involved in deadlock path:        No.
        Work mode:
            FIFO always blocks its consumer.
            FIFO may sometimes or never block its producer.
            The possible reason is the producer works slowly for this channel.
    }

    FIFO(AESL_inst_myproject_axi_master.compute_U0.grp_myproject_fu_62.layer9_out_U):
    {
        The user setting depth:       1.
        The smallest suggest depth:       1.
        Involved in deadlock path:        No.
        Work mode:
            FIFO always blocks its consumer.
            FIFO may sometimes or never block its producer.
            The possible reason is the producer works slowly for this channel.
    }

    FIFO(AESL_inst_myproject_axi_master.compute_U0.grp_myproject_fu_62.layer10_out_U):
    {
        The user setting depth:       1.
        The smallest suggest depth:       1.
        Involved in deadlock path:        No.
        Work mode:
            FIFO always blocks its consumer.
            FIFO may sometimes or never block its producer.
            The possible reason is the producer works slowly for this channel.
    }

