

================================================================
== Vitis HLS Report for 'dense_latency_ap_ufixed_8_6_0_3_0_ap_fixed_13_10_5_3_0_config6_s'
================================================================
* Date:           Thu May  7 11:41:31 2026

* Version:        2025.2 (Build 6295257 on Nov 14 2025)
* Project:        vitis_unified_project
* Solution:       hls (Vivado IP Flow Target)
* Product family: zynquplus
* Target device:  xck26-sfvc784-2LV-c


================================================================
== Performance Estimates
================================================================
+ Timing: 
    * Summary: 
    +--------+---------+----------+------------+
    |  Clock |  Target | Estimated| Uncertainty|
    +--------+---------+----------+------------+
    |ap_clk  |  5.00 ns|  3.313 ns|     0.62 ns|
    +--------+---------+----------+------------+

+ Latency: 
    * Summary: 
    +---------+---------+----------+----------+-----+-----+---------+
    |  Latency (cycles) |  Latency (absolute) |  Interval | Pipeline|
    |   min   |   max   |    min   |    max   | min | max |   Type  |
    +---------+---------+----------+----------+-----+-----+---------+
    |        0|        0|      0 ns|      0 ns|    1|    1|      yes|
    +---------+---------+----------+----------+-----+-----+---------+

    + Detail: 
        * Instance: 
        N/A

        * Loop: 
        N/A



================================================================
== Utilization Estimates
================================================================
* Summary: 
+-----------------+---------+------+--------+--------+-----+
|       Name      | BRAM_18K|  DSP |   FF   |   LUT  | URAM|
+-----------------+---------+------+--------+--------+-----+
|DSP              |        -|     -|       -|       -|    -|
|Expression       |        -|     -|       0|     388|    -|
|FIFO             |        -|     -|       -|       -|    -|
|Instance         |        -|     -|       -|       -|    -|
|Memory           |        -|     -|       -|       -|    -|
|Multiplexer      |        -|     -|       -|       -|    -|
|Register         |        -|     -|       -|       -|    -|
+-----------------+---------+------+--------+--------+-----+
|Total            |        0|     0|       0|     388|    0|
+-----------------+---------+------+--------+--------+-----+
|Available        |      288|  1248|  234240|  117120|   64|
+-----------------+---------+------+--------+--------+-----+
|Utilization (%)  |        0|     0|       0|      ~0|    0|
+-----------------+---------+------+--------+--------+-----+

+ Detail: 
    * Instance: 
    N/A

    * DSP: 
    N/A

    * Memory: 
    N/A

    * FIFO: 
    N/A

    * Expression: 
    +----------------------+----------+----+---+----+------------+------------+
    |     Variable Name    | Operation| DSP| FF| LUT| Bitwidth P0| Bitwidth P1|
    +----------------------+----------+----+---+----+------------+------------+
    |add_ln58_3_fu_200_p2  |         +|   0|  0|  22|          15|          15|
    |add_ln58_5_fu_340_p2  |         +|   0|  0|  21|          14|          14|
    |add_ln58_6_fu_350_p2  |         +|   0|  0|  22|          15|          15|
    |add_ln58_8_fu_440_p2  |         +|   0|  0|  16|           9|           8|
    |add_ln58_9_fu_456_p2  |         +|   0|  0|  17|          10|          10|
    |add_ln58_fu_190_p2    |         +|   0|  0|  20|          13|          10|
    |tmp3_fu_302_p2        |         +|   0|  0|  17|          10|          10|
    |tmp5_fu_412_p2        |         +|   0|  0|  16|           9|           9|
    |tmp6_fu_422_p2        |         +|   0|  0|  17|          10|          10|
    |tmp_fu_222_p2         |         +|   0|  0|  16|           9|           9|
    |x_2_fu_360_p2         |         +|   0|  0|  23|          16|          16|
    |x_3_fu_466_p2         |         +|   0|  0|  16|          15|          15|
    |x_fu_254_p2           |         +|   0|  0|  23|          16|          16|
    |mult_fu_148_p2        |         -|   0|  0|  21|           1|          14|
    |sub_ln58_1_fu_280_p2  |         -|   0|  0|  20|          13|          13|
    |sub_ln58_2_fu_330_p2  |         -|   0|  0|  21|           7|          14|
    |sub_ln58_3_fu_402_p2  |         -|   0|  0|  20|          13|          13|
    |sub_ln58_4_fu_450_p2  |         -|   0|  0|  16|          15|          15|
    |sub_ln58_fu_244_p2    |         -|   0|  0|  22|          15|          15|
    |tmp4_fu_320_p2        |         -|   0|  0|  22|           1|          15|
    +----------------------+----------+----+---+----+------------+------------+
    |Total                 |          |   0|  0| 388|         226|         256|
    +----------------------+----------+----+---+----+------------+------------+

    * Multiplexer: 
    N/A

    * Register: 
    N/A



================================================================
== Interface
================================================================
* Summary: 
+--------------+-----+-----+------------+-----------------------------------------------------------------------------+--------------+
|   RTL Ports  | Dir | Bits|  Protocol  |                                Source Object                                |    C Type    |
+--------------+-----+-----+------------+-----------------------------------------------------------------------------+--------------+
|ap_ready      |  out|    1|  ap_ctrl_hs|  dense_latency<ap_ufixed<8, 6, 0, 3, 0>, ap_fixed<13, 10, 5, 3, 0>, config6>|  return value|
|ap_return_0   |  out|   13|  ap_ctrl_hs|  dense_latency<ap_ufixed<8, 6, 0, 3, 0>, ap_fixed<13, 10, 5, 3, 0>, config6>|  return value|
|ap_return_1   |  out|   13|  ap_ctrl_hs|  dense_latency<ap_ufixed<8, 6, 0, 3, 0>, ap_fixed<13, 10, 5, 3, 0>, config6>|  return value|
|ap_return_2   |  out|   13|  ap_ctrl_hs|  dense_latency<ap_ufixed<8, 6, 0, 3, 0>, ap_fixed<13, 10, 5, 3, 0>, config6>|  return value|
|ap_rst        |   in|    1|  ap_ctrl_hs|  dense_latency<ap_ufixed<8, 6, 0, 3, 0>, ap_fixed<13, 10, 5, 3, 0>, config6>|  return value|
|data_24_val   |   in|    8|     ap_none|                                                                  data_24_val|        scalar|
|data_39_val   |   in|    8|     ap_none|                                                                  data_39_val|        scalar|
|data_51_val   |   in|    8|     ap_none|                                                                  data_51_val|        scalar|
|data_55_val   |   in|    8|     ap_none|                                                                  data_55_val|        scalar|
|data_87_val   |   in|    8|     ap_none|                                                                  data_87_val|        scalar|
|data_104_val  |   in|    8|     ap_none|                                                                 data_104_val|        scalar|
|data_120_val  |   in|    8|     ap_none|                                                                 data_120_val|        scalar|
|data_122_val  |   in|    8|     ap_none|                                                                 data_122_val|        scalar|
+--------------+-----+-----+------------+-----------------------------------------------------------------------------+--------------+

