

================================================================
== Vitis HLS Report for 'dense_latency_ap_ufixed_4_2_0_3_0_ap_fixed_10_6_5_3_0_config3_mult_s'
================================================================
* Date:           Mon Jun  8 14:36:10 2026

* Version:        2025.2 (Build 6295257 on Nov 14 2025)
* Project:        vitis_unified_project
* Solution:       hls (Vivado IP Flow Target)
* Product family: zynquplus
* Target device:  xck26-sfvc784-2LV-c


================================================================
== Performance Estimates
================================================================
+ Timing: 
    * Summary: 
    +--------+---------+----------+------------+
    |  Clock |  Target | Estimated| Uncertainty|
    +--------+---------+----------+------------+
    |ap_clk  |  5.00 ns|  2.621 ns|     0.62 ns|
    +--------+---------+----------+------------+

+ Latency: 
    * Summary: 
    +---------+---------+----------+----------+-----+-----+---------+
    |  Latency (cycles) |  Latency (absolute) |  Interval | Pipeline|
    |   min   |   max   |    min   |    max   | min | max |   Type  |
    +---------+---------+----------+----------+-----+-----+---------+
    |        0|        0|      0 ns|      0 ns|    1|    1|      yes|
    +---------+---------+----------+----------+-----+-----+---------+

    + Detail: 
        * Instance: 
        N/A

        * Loop: 
        N/A

============================================================
+ Verbose Summary: Synthesis Manager
============================================================
InlineROM: 1
ExposeGlobal: 0
============================================================
+ Verbose Summary: CDFG Model
============================================================
IsTopModel: 0
ResetActiveHigh: 1
IsCombinational: 0
IsDatapathOnly: 0
HasWiredReturn: 1
HasMFsm: 2
HasVarLatency: 0
IsPipeline: 1
IsRtlPipelined: 0
IsInstanceOverlapped: 0
IsDontTouch: 0
HasImplIP: 0
IsGatedGlobalClock: 0

+ Individual pipeline summary: 
  * Pipeline-0: initiation interval (II) = 1, depth = 1


============================================================
+ Verbose Summary: Schedule
============================================================
* Number of FSM states : 1
* Pipeline : 1
  Pipeline-0 : II = 1, D = 1, States = { 1 }
* Dataflow Pipeline: 0

* FSM state transitions: 
1 --> 

* FSM state operations: 

State 1 <SV = 0> <Delay = 2.62>
ST_1 : Operation 2 [1/1] (0.00ns)   --->   "%specpipeline_ln26 = specpipeline void @_ssdm_op_SpecPipeline, i32 1, i32 0, i32 0, i32 0, i32 4294967295, void @empty_17" [firmware/nnet_utils/nnet_dense_latency.h:26]   --->   Operation 2 'specpipeline' 'specpipeline_ln26' <Predicate = true> <Delay = 0.00>
ST_1 : Operation 3 [1/1] (0.00ns)   --->   "%specresourcelimit_ln33 = specresourcelimit void @_ssdm_op_SpecResourceLimit, i64 11, void @empty_0, void @empty_17, void @empty_17, void @empty_17" [firmware/nnet_utils/nnet_dense_latency.h:33]   --->   Operation 3 'specresourcelimit' 'specresourcelimit_ln33' <Predicate = true> <Delay = 0.00>
ST_1 : Operation 4 [1/1] (0.00ns)   --->   "%a = load i4 %void_compute_output_buffer_2d_array_const_ap_shift_reg_n_chan_stream_weig_7"   --->   Operation 4 'load' 'a' <Predicate = true> <Delay = 0.00>
ST_1 : Operation 5 [1/1] (0.00ns)   --->   "%tmp = bitconcatenate i7 @_ssdm_op_BitConcatenate.i7.i4.i3, i4 %a, i3 0" [firmware/nnet_utils/nnet_mult.h:73->firmware/nnet_utils/nnet_dense_latency.h:42]   --->   Operation 5 'bitconcatenate' 'tmp' <Predicate = true> <Delay = 0.00>
ST_1 : Operation 6 [1/1] (0.00ns)   --->   "%zext_ln73 = zext i7 %tmp" [firmware/nnet_utils/nnet_mult.h:73->firmware/nnet_utils/nnet_dense_latency.h:42]   --->   Operation 6 'zext' 'zext_ln73' <Predicate = true> <Delay = 0.00>
ST_1 : Operation 7 [1/1] (0.00ns)   --->   "%shl_ln = bitconcatenate i5 @_ssdm_op_BitConcatenate.i5.i4.i1, i4 %a, i1 0" [firmware/nnet_utils/nnet_mult.h:73->firmware/nnet_utils/nnet_dense_latency.h:42]   --->   Operation 7 'bitconcatenate' 'shl_ln' <Predicate = true> <Delay = 0.00>
ST_1 : Operation 8 [1/1] (0.00ns)   --->   "%shl_ln73_cast_i = zext i5 %shl_ln" [firmware/nnet_utils/nnet_mult.h:73->firmware/nnet_utils/nnet_dense_latency.h:42]   --->   Operation 8 'zext' 'shl_ln73_cast_i' <Predicate = true> <Delay = 0.00>
ST_1 : Operation 9 [1/1] (0.00ns)   --->   "%a_28 = load i4 %void_compute_output_buffer_2d_array_const_ap_shift_reg_n_chan_stream_weig_6"   --->   Operation 9 'load' 'a_28' <Predicate = true> <Delay = 0.00>
ST_1 : Operation 10 [1/1] (0.00ns)   --->   "%shl_ln73_s = bitconcatenate i5 @_ssdm_op_BitConcatenate.i5.i4.i1, i4 %a_28, i1 0" [firmware/nnet_utils/nnet_mult.h:73->firmware/nnet_utils/nnet_dense_latency.h:42]   --->   Operation 10 'bitconcatenate' 'shl_ln73_s' <Predicate = true> <Delay = 0.00>
ST_1 : Operation 11 [1/1] (0.00ns)   --->   "%a_29 = load i4 %void_compute_output_buffer_2d_array_const_ap_shift_reg_n_chan_stream_weig_5"   --->   Operation 11 'load' 'a_29' <Predicate = true> <Delay = 0.00>
ST_1 : Operation 12 [1/1] (0.00ns)   --->   "%tmp_686 = bitconcatenate i6 @_ssdm_op_BitConcatenate.i6.i4.i2, i4 %a_29, i2 0" [firmware/nnet_utils/nnet_mult.h:73->firmware/nnet_utils/nnet_dense_latency.h:42]   --->   Operation 12 'bitconcatenate' 'tmp_686' <Predicate = true> <Delay = 0.00>
ST_1 : Operation 13 [1/1] (0.00ns)   --->   "%zext_ln73_841 = zext i6 %tmp_686" [firmware/nnet_utils/nnet_mult.h:73->firmware/nnet_utils/nnet_dense_latency.h:42]   --->   Operation 13 'zext' 'zext_ln73_841' <Predicate = true> <Delay = 0.00>
ST_1 : Operation 14 [1/1] (0.00ns)   --->   "%a_30 = load i4 %void_compute_output_buffer_2d_array_const_ap_shift_reg_n_chan_stream_weig_2"   --->   Operation 14 'load' 'a_30' <Predicate = true> <Delay = 0.00>
ST_1 : Operation 15 [1/1] (0.00ns)   --->   "%shl_ln73_3 = bitconcatenate i5 @_ssdm_op_BitConcatenate.i5.i4.i1, i4 %a_30, i1 0" [firmware/nnet_utils/nnet_mult.h:73->firmware/nnet_utils/nnet_dense_latency.h:42]   --->   Operation 15 'bitconcatenate' 'shl_ln73_3' <Predicate = true> <Delay = 0.00>
ST_1 : Operation 16 [1/1] (0.00ns)   --->   "%zext_ln73_697 = zext i5 %shl_ln73_3" [firmware/nnet_utils/nnet_mult.h:73->firmware/nnet_utils/nnet_dense_latency.h:42]   --->   Operation 16 'zext' 'zext_ln73_697' <Predicate = true> <Delay = 0.00>
ST_1 : Operation 17 [1/1] (0.00ns)   --->   "%tmp_687 = bitconcatenate i6 @_ssdm_op_BitConcatenate.i6.i4.i2, i4 %a_30, i2 0" [firmware/nnet_utils/nnet_mult.h:73->firmware/nnet_utils/nnet_dense_latency.h:42]   --->   Operation 17 'bitconcatenate' 'tmp_687' <Predicate = true> <Delay = 0.00>
ST_1 : Operation 18 [1/1] (0.00ns)   --->   "%zext_ln73_842 = zext i6 %tmp_687" [firmware/nnet_utils/nnet_mult.h:73->firmware/nnet_utils/nnet_dense_latency.h:42]   --->   Operation 18 'zext' 'zext_ln73_842' <Predicate = true> <Delay = 0.00>
ST_1 : Operation 19 [1/1] (0.00ns)   --->   "%tmp_688 = bitconcatenate i7 @_ssdm_op_BitConcatenate.i7.i4.i3, i4 %a_30, i3 0" [firmware/nnet_utils/nnet_mult.h:73->firmware/nnet_utils/nnet_dense_latency.h:42]   --->   Operation 19 'bitconcatenate' 'tmp_688' <Predicate = true> <Delay = 0.00>
ST_1 : Operation 20 [1/1] (0.00ns)   --->   "%zext_ln73_843 = zext i7 %tmp_688" [firmware/nnet_utils/nnet_mult.h:73->firmware/nnet_utils/nnet_dense_latency.h:42]   --->   Operation 20 'zext' 'zext_ln73_843' <Predicate = true> <Delay = 0.00>
ST_1 : Operation 21 [1/1] (0.77ns)   --->   "%sub_ln73 = sub i8 0, i8 %zext_ln73_843" [firmware/nnet_utils/nnet_mult.h:73->firmware/nnet_utils/nnet_dense_latency.h:42]   --->   Operation 21 'sub' 'sub_ln73' <Predicate = true> <Delay = 0.77> <CoreInst = "Adder">   --->   Core 1 'Adder' <Latency = 0> <II = 1> <Delay = 0.77> <FuncUnit> <Opcode : 'add' 'sub'> <InPorts = 2> <OutPorts = 1>
ST_1 : Operation 22 [1/1] (0.00ns)   --->   "%mul_ln73_885_cast_i = sext i8 %sub_ln73" [firmware/nnet_utils/nnet_mult.h:73->firmware/nnet_utils/nnet_dense_latency.h:42]   --->   Operation 22 'sext' 'mul_ln73_885_cast_i' <Predicate = true> <Delay = 0.00>
ST_1 : Operation 23 [1/1] (0.00ns)   --->   "%a_31 = load i4 %void_compute_output_buffer_2d_array_const_ap_shift_reg_n_chan_stream_weig_1"   --->   Operation 23 'load' 'a_31' <Predicate = true> <Delay = 0.00>
ST_1 : Operation 24 [1/1] (0.00ns)   --->   "%shl_ln73_4 = bitconcatenate i5 @_ssdm_op_BitConcatenate.i5.i4.i1, i4 %a_31, i1 0" [firmware/nnet_utils/nnet_mult.h:73->firmware/nnet_utils/nnet_dense_latency.h:42]   --->   Operation 24 'bitconcatenate' 'shl_ln73_4' <Predicate = true> <Delay = 0.00>
ST_1 : Operation 25 [1/1] (0.00ns)   --->   "%a_32 = load i4 %void_compute_output_buffer_2d_array_const_ap_shift_reg_n_chan_stream_weig"   --->   Operation 25 'load' 'a_32' <Predicate = true> <Delay = 0.00>
ST_1 : Operation 26 [1/1] (0.00ns)   --->   "%zext_ln73_700 = zext i4 %a_32" [firmware/nnet_utils/nnet_mult.h:73->firmware/nnet_utils/nnet_dense_latency.h:42]   --->   Operation 26 'zext' 'zext_ln73_700' <Predicate = true> <Delay = 0.00>
ST_1 : Operation 27 [1/1] (0.00ns)   --->   "%p_shl2 = bitconcatenate i6 @_ssdm_op_BitConcatenate.i6.i4.i2, i4 %a_32, i2 0" [firmware/nnet_utils/nnet_mult.h:73->firmware/nnet_utils/nnet_dense_latency.h:42]   --->   Operation 27 'bitconcatenate' 'p_shl2' <Predicate = true> <Delay = 0.00>
ST_1 : Operation 28 [1/1] (0.78ns)   --->   "%sub_ln73_816 = sub i6 %p_shl2, i6 %zext_ln73_700" [firmware/nnet_utils/nnet_mult.h:73->firmware/nnet_utils/nnet_dense_latency.h:42]   --->   Operation 28 'sub' 'sub_ln73_816' <Predicate = true> <Delay = 0.78> <CoreInst = "Adder">   --->   Core 1 'Adder' <Latency = 0> <II = 1> <Delay = 0.78> <FuncUnit> <Opcode : 'add' 'sub'> <InPorts = 2> <OutPorts = 1>
ST_1 : Operation 29 [1/1] (0.00ns)   --->   "%tmp_689 = bitconcatenate i7 @_ssdm_op_BitConcatenate.i7.i4.i3, i4 %a_32, i3 0" [firmware/nnet_utils/nnet_mult.h:73->firmware/nnet_utils/nnet_dense_latency.h:42]   --->   Operation 29 'bitconcatenate' 'tmp_689' <Predicate = true> <Delay = 0.00>
ST_1 : Operation 30 [1/1] (0.00ns)   --->   "%zext_ln73_844 = zext i7 %tmp_689" [firmware/nnet_utils/nnet_mult.h:73->firmware/nnet_utils/nnet_dense_latency.h:42]   --->   Operation 30 'zext' 'zext_ln73_844' <Predicate = true> <Delay = 0.00>
ST_1 : Operation 31 [1/1] (0.77ns)   --->   "%sub_ln73_817 = sub i8 0, i8 %zext_ln73_844" [firmware/nnet_utils/nnet_mult.h:73->firmware/nnet_utils/nnet_dense_latency.h:42]   --->   Operation 31 'sub' 'sub_ln73_817' <Predicate = true> <Delay = 0.77> <CoreInst = "Adder">   --->   Core 1 'Adder' <Latency = 0> <II = 1> <Delay = 0.77> <FuncUnit> <Opcode : 'add' 'sub'> <InPorts = 2> <OutPorts = 1>
ST_1 : Operation 32 [1/1] (0.00ns)   --->   "%sext_ln73 = sext i8 %sub_ln73_817" [firmware/nnet_utils/nnet_mult.h:73->firmware/nnet_utils/nnet_dense_latency.h:42]   --->   Operation 32 'sext' 'sext_ln73' <Predicate = true> <Delay = 0.00>
ST_1 : Operation 33 [1/1] (0.00ns)   --->   "%tmp_690 = bitconcatenate i8 @_ssdm_op_BitConcatenate.i8.i4.i4, i4 %a_32, i4 0" [firmware/nnet_utils/nnet_mult.h:73->firmware/nnet_utils/nnet_dense_latency.h:42]   --->   Operation 33 'bitconcatenate' 'tmp_690' <Predicate = true> <Delay = 0.00>
ST_1 : Operation 34 [1/1] (0.00ns)   --->   "%zext_ln73_845 = zext i8 %tmp_690" [firmware/nnet_utils/nnet_mult.h:73->firmware/nnet_utils/nnet_dense_latency.h:42]   --->   Operation 34 'zext' 'zext_ln73_845' <Predicate = true> <Delay = 0.00>
ST_1 : Operation 35 [1/1] (0.76ns)   --->   "%sub_ln73_818 = sub i9 0, i9 %zext_ln73_845" [firmware/nnet_utils/nnet_mult.h:73->firmware/nnet_utils/nnet_dense_latency.h:42]   --->   Operation 35 'sub' 'sub_ln73_818' <Predicate = true> <Delay = 0.76> <CoreInst = "Adder">   --->   Core 1 'Adder' <Latency = 0> <II = 1> <Delay = 0.76> <FuncUnit> <Opcode : 'add' 'sub'> <InPorts = 2> <OutPorts = 1>
ST_1 : Operation 36 [1/1] (0.00ns)   --->   "%sext_ln42 = sext i9 %sub_ln73_818" [firmware/nnet_utils/nnet_dense_latency.h:42]   --->   Operation 36 'sext' 'sext_ln42' <Predicate = true> <Delay = 0.00>
ST_1 : Operation 37 [1/1] (0.00ns)   --->   "%zext_ln58 = zext i5 %shl_ln73_s" [firmware/nnet_utils/nnet_dense_latency.h:58]   --->   Operation 37 'zext' 'zext_ln58' <Predicate = true> <Delay = 0.00>
ST_1 : Operation 38 [1/1] (0.78ns)   --->   "%add_ln58 = add i6 %zext_ln58, i6 %shl_ln73_cast_i" [firmware/nnet_utils/nnet_dense_latency.h:58]   --->   Operation 38 'add' 'add_ln58' <Predicate = true> <Delay = 0.78> <CoreInst = "Adder">   --->   Core 1 'Adder' <Latency = 0> <II = 1> <Delay = 0.78> <FuncUnit> <Opcode : 'add' 'sub'> <InPorts = 2> <OutPorts = 1>
ST_1 : Operation 39 [1/1] (0.00ns)   --->   "%zext_ln58_217 = zext i6 %add_ln58" [firmware/nnet_utils/nnet_dense_latency.h:58]   --->   Operation 39 'zext' 'zext_ln58_217' <Predicate = true> <Delay = 0.00>
ST_1 : Operation 40 [1/1] (0.78ns)   --->   "%sub_ln58 = sub i7 12, i7 %zext_ln73_841" [firmware/nnet_utils/nnet_dense_latency.h:58]   --->   Operation 40 'sub' 'sub_ln58' <Predicate = true> <Delay = 0.78> <CoreInst = "Adder">   --->   Core 1 'Adder' <Latency = 0> <II = 1> <Delay = 0.78> <FuncUnit> <Opcode : 'add' 'sub'> <InPorts = 2> <OutPorts = 1>
ST_1 : Operation 41 [1/1] (0.00ns)   --->   "%sext_ln58 = sext i7 %sub_ln58" [firmware/nnet_utils/nnet_dense_latency.h:58]   --->   Operation 41 'sext' 'sext_ln58' <Predicate = true> <Delay = 0.00>
ST_1 : Operation 42 [1/1] (0.78ns)   --->   "%sub_ln58_23 = sub i7 %zext_ln58_217, i7 %zext_ln73_842" [firmware/nnet_utils/nnet_dense_latency.h:58]   --->   Operation 42 'sub' 'sub_ln58_23' <Predicate = true> <Delay = 0.78> <CoreInst = "Adder">   --->   Core 1 'Adder' <Latency = 0> <II = 1> <Delay = 0.78> <FuncUnit> <Opcode : 'add' 'sub'> <InPorts = 2> <OutPorts = 1>
ST_1 : Operation 43 [1/1] (0.00ns)   --->   "%sext_ln58_96 = sext i7 %sub_ln58_23" [firmware/nnet_utils/nnet_dense_latency.h:58]   --->   Operation 43 'sext' 'sext_ln58_96' <Predicate = true> <Delay = 0.00>
ST_1 : Operation 44 [1/1] (0.76ns)   --->   "%add_ln58_1959 = add i9 %mul_ln73_885_cast_i, i9 %sext_ln58" [firmware/nnet_utils/nnet_dense_latency.h:58]   --->   Operation 44 'add' 'add_ln58_1959' <Predicate = true> <Delay = 0.76> <CoreInst = "Adder">   --->   Core 1 'Adder' <Latency = 0> <II = 1> <Delay = 0.76> <FuncUnit> <Opcode : 'add' 'sub'> <InPorts = 2> <OutPorts = 1>
ST_1 : Operation 45 [1/1] (0.00ns)   --->   "%sext_ln58_97 = sext i9 %add_ln58_1959" [firmware/nnet_utils/nnet_dense_latency.h:58]   --->   Operation 45 'sext' 'sext_ln58_97' <Predicate = true> <Delay = 0.00>
ST_1 : Operation 46 [1/1] (0.00ns)   --->   "%zext_ln58_844 = zext i5 %shl_ln73_4" [firmware/nnet_utils/nnet_dense_latency.h:58]   --->   Operation 46 'zext' 'zext_ln58_844' <Predicate = true> <Delay = 0.00>
ST_1 : Operation 47 [1/1] (0.00ns)   --->   "%zext_ln58_219 = zext i6 %sub_ln73_816" [firmware/nnet_utils/nnet_dense_latency.h:58]   --->   Operation 47 'zext' 'zext_ln58_219' <Predicate = true> <Delay = 0.00>
ST_1 : Operation 48 [1/1] (0.00ns) (grouped into TernaryAdder)   --->   "%sub_ln58_24 = sub i8 %zext_ln58_219, i8 %zext_ln73" [firmware/nnet_utils/nnet_dense_latency.h:58]   --->   Operation 48 'sub' 'sub_ln58_24' <Predicate = true> <Delay = 0.00> <CoreInst = "TAddSub">   --->   Core 10 'TAddSub' <Latency = 0> <II = 1> <Delay = 0.52> <IPBlock> <Opcode : 'add' 'sub'> <InPorts = 3> <OutPorts = 1> <Sync> <CReg>
ST_1 : Operation 49 [1/1] (0.78ns)   --->   "%add_ln58_1960 = add i6 %zext_ln58_844, i6 62" [firmware/nnet_utils/nnet_dense_latency.h:58]   --->   Operation 49 'add' 'add_ln58_1960' <Predicate = true> <Delay = 0.78> <CoreInst = "Adder">   --->   Core 1 'Adder' <Latency = 0> <II = 1> <Delay = 0.78> <FuncUnit> <Opcode : 'add' 'sub'> <InPorts = 2> <OutPorts = 1>
ST_1 : Operation 50 [1/1] (0.00ns)   --->   "%sext_ln58_1031 = sext i6 %add_ln58_1960" [firmware/nnet_utils/nnet_dense_latency.h:58]   --->   Operation 50 'sext' 'sext_ln58_1031' <Predicate = true> <Delay = 0.00>
ST_1 : Operation 51 [1/1] (0.78ns)   --->   "%add_ln58_1961 = add i7 %sext_ln58_1031, i7 %zext_ln73_697" [firmware/nnet_utils/nnet_dense_latency.h:58]   --->   Operation 51 'add' 'add_ln58_1961' <Predicate = true> <Delay = 0.78> <CoreInst = "Adder">   --->   Core 1 'Adder' <Latency = 0> <II = 1> <Delay = 0.78> <FuncUnit> <Opcode : 'add' 'sub'> <InPorts = 2> <OutPorts = 1>
ST_1 : Operation 52 [1/1] (0.00ns)   --->   "%sext_ln58_1032 = sext i7 %add_ln58_1961" [firmware/nnet_utils/nnet_dense_latency.h:58]   --->   Operation 52 'sext' 'sext_ln58_1032' <Predicate = true> <Delay = 0.00>
ST_1 : Operation 53 [1/1] (1.05ns) (root node of TernaryAdder)   --->   "%add_ln58_1962 = add i8 %sext_ln58_1032, i8 %sub_ln58_24" [firmware/nnet_utils/nnet_dense_latency.h:58]   --->   Operation 53 'add' 'add_ln58_1962' <Predicate = true> <Delay = 1.05> <CoreInst = "TAddSub">   --->   Core 10 'TAddSub' <Latency = 0> <II = 1> <Delay = 0.52> <IPBlock> <Opcode : 'add' 'sub'> <InPorts = 3> <OutPorts = 1> <Sync> <CReg>
ST_1 : Operation 54 [1/1] (0.00ns)   --->   "%sext_ln58_98 = sext i8 %add_ln58_1962" [firmware/nnet_utils/nnet_dense_latency.h:58]   --->   Operation 54 'sext' 'sext_ln58_98' <Predicate = true> <Delay = 0.00>
ST_1 : Operation 55 [1/1] (0.76ns)   --->   "%add_ln58_1963 = add i9 %sext_ln73, i9 %sext_ln58_96" [firmware/nnet_utils/nnet_dense_latency.h:58]   --->   Operation 55 'add' 'add_ln58_1963' <Predicate = true> <Delay = 0.76> <CoreInst = "Adder">   --->   Core 1 'Adder' <Latency = 0> <II = 1> <Delay = 0.76> <FuncUnit> <Opcode : 'add' 'sub'> <InPorts = 2> <OutPorts = 1>
ST_1 : Operation 56 [1/1] (0.00ns)   --->   "%sext_ln58_99 = sext i9 %add_ln58_1963" [firmware/nnet_utils/nnet_dense_latency.h:58]   --->   Operation 56 'sext' 'sext_ln58_99' <Predicate = true> <Delay = 0.00>
ST_1 : Operation 57 [1/1] (0.77ns)   --->   "%add_ln58_1964 = add i10 %sext_ln58_97, i10 %sext_ln42" [firmware/nnet_utils/nnet_dense_latency.h:58]   --->   Operation 57 'add' 'add_ln58_1964' <Predicate = true> <Delay = 0.77> <CoreInst = "Adder">   --->   Core 1 'Adder' <Latency = 0> <II = 1> <Delay = 0.77> <FuncUnit> <Opcode : 'add' 'sub'> <InPorts = 2> <OutPorts = 1>
ST_1 : Operation 58 [1/1] (0.00ns)   --->   "%newret_i = insertvalue i30 <undef>, i10 %sext_ln58_98" [firmware/nnet_utils/nnet_dense_latency.h:58]   --->   Operation 58 'insertvalue' 'newret_i' <Predicate = true> <Delay = 0.00>
ST_1 : Operation 59 [1/1] (0.00ns)   --->   "%newret2_i = insertvalue i30 %newret_i, i10 %sext_ln58_99" [firmware/nnet_utils/nnet_dense_latency.h:58]   --->   Operation 59 'insertvalue' 'newret2_i' <Predicate = true> <Delay = 0.00>
ST_1 : Operation 60 [1/1] (0.00ns)   --->   "%newret4_i = insertvalue i30 %newret2_i, i10 %add_ln58_1964" [firmware/nnet_utils/nnet_dense_latency.h:58]   --->   Operation 60 'insertvalue' 'newret4_i' <Predicate = true> <Delay = 0.00>
ST_1 : Operation 61 [1/1] (0.00ns)   --->   "%ret_ln26 = ret i30 %newret4_i" [firmware/nnet_utils/nnet_dense_latency.h:26]   --->   Operation 61 'ret' 'ret_ln26' <Predicate = true> <Delay = 0.00>


============================================================
+ Verbose Summary: Binding
============================================================
STG Binding: 
---------------- STG Properties BEGIN ----------------
- Is combinational: 1
- Is one-state seq: 0
- Is datapath-only: 0
- Is pipelined: 1
- Is top level: 0
Port [ Return ] is wired: 1; IO mode=ap_ctrl_hs:ce=0
Port [ void_compute_output_buffer_2d_array_const_ap_shift_reg_n_chan_stream_weig_7]:  wired=1; compound=0; hidden=0; nouse=0; global=1; static=1; extern=0; dir=0; type=0; pingpong=0; private_global=0; IO mode=ap_none:ce=0
Port [ void_compute_output_buffer_2d_array_const_ap_shift_reg_n_chan_stream_weig_6]:  wired=1; compound=0; hidden=0; nouse=0; global=1; static=1; extern=0; dir=0; type=0; pingpong=0; private_global=0; IO mode=ap_none:ce=0
Port [ void_compute_output_buffer_2d_array_const_ap_shift_reg_n_chan_stream_weig_5]:  wired=1; compound=0; hidden=0; nouse=0; global=1; static=1; extern=0; dir=0; type=0; pingpong=0; private_global=0; IO mode=ap_none:ce=0
Port [ void_compute_output_buffer_2d_array_const_ap_shift_reg_n_chan_stream_weig_2]:  wired=1; compound=0; hidden=0; nouse=0; global=1; static=1; extern=0; dir=0; type=0; pingpong=0; private_global=0; IO mode=ap_none:ce=0
Port [ void_compute_output_buffer_2d_array_const_ap_shift_reg_n_chan_stream_weig_1]:  wired=1; compound=0; hidden=0; nouse=0; global=1; static=1; extern=0; dir=0; type=0; pingpong=0; private_global=0; IO mode=ap_none:ce=0
Port [ void_compute_output_buffer_2d_array_const_ap_shift_reg_n_chan_stream_weig]:  wired=1; compound=0; hidden=0; nouse=0; global=1; static=1; extern=0; dir=0; type=0; pingpong=0; private_global=0; IO mode=ap_none:ce=0
---------------- STG Properties END ------------------

---------------- Datapath Model BEGIN ----------------

<LifeTime>
<method=bitvector/>
specpipeline_ln26      (specpipeline     ) [ 00]
specresourcelimit_ln33 (specresourcelimit) [ 00]
a                      (load             ) [ 00]
tmp                    (bitconcatenate   ) [ 00]
zext_ln73              (zext             ) [ 00]
shl_ln                 (bitconcatenate   ) [ 00]
shl_ln73_cast_i        (zext             ) [ 00]
a_28                   (load             ) [ 00]
shl_ln73_s             (bitconcatenate   ) [ 00]
a_29                   (load             ) [ 00]
tmp_686                (bitconcatenate   ) [ 00]
zext_ln73_841          (zext             ) [ 00]
a_30                   (load             ) [ 00]
shl_ln73_3             (bitconcatenate   ) [ 00]
zext_ln73_697          (zext             ) [ 00]
tmp_687                (bitconcatenate   ) [ 00]
zext_ln73_842          (zext             ) [ 00]
tmp_688                (bitconcatenate   ) [ 00]
zext_ln73_843          (zext             ) [ 00]
sub_ln73               (sub              ) [ 00]
mul_ln73_885_cast_i    (sext             ) [ 00]
a_31                   (load             ) [ 00]
shl_ln73_4             (bitconcatenate   ) [ 00]
a_32                   (load             ) [ 00]
zext_ln73_700          (zext             ) [ 00]
p_shl2                 (bitconcatenate   ) [ 00]
sub_ln73_816           (sub              ) [ 00]
tmp_689                (bitconcatenate   ) [ 00]
zext_ln73_844          (zext             ) [ 00]
sub_ln73_817           (sub              ) [ 00]
sext_ln73              (sext             ) [ 00]
tmp_690                (bitconcatenate   ) [ 00]
zext_ln73_845          (zext             ) [ 00]
sub_ln73_818           (sub              ) [ 00]
sext_ln42              (sext             ) [ 00]
zext_ln58              (zext             ) [ 00]
add_ln58               (add              ) [ 00]
zext_ln58_217          (zext             ) [ 00]
sub_ln58               (sub              ) [ 00]
sext_ln58              (sext             ) [ 00]
sub_ln58_23            (sub              ) [ 00]
sext_ln58_96           (sext             ) [ 00]
add_ln58_1959          (add              ) [ 00]
sext_ln58_97           (sext             ) [ 00]
zext_ln58_844          (zext             ) [ 00]
zext_ln58_219          (zext             ) [ 00]
sub_ln58_24            (sub              ) [ 00]
add_ln58_1960          (add              ) [ 00]
sext_ln58_1031         (sext             ) [ 00]
add_ln58_1961          (add              ) [ 00]
sext_ln58_1032         (sext             ) [ 00]
add_ln58_1962          (add              ) [ 00]
sext_ln58_98           (sext             ) [ 00]
add_ln58_1963          (add              ) [ 00]
sext_ln58_99           (sext             ) [ 00]
add_ln58_1964          (add              ) [ 00]
newret_i               (insertvalue      ) [ 00]
newret2_i              (insertvalue      ) [ 00]
newret4_i              (insertvalue      ) [ 00]
ret_ln26               (ret              ) [ 00]
</LifeTime>

<model>

<comp_list>
<comp id="0" class="1000" name="void_compute_output_buffer_2d_array_const_ap_shift_reg_n_chan_stream_weig_7">
<pin_list>
<pin id="1" dir="1" index="0" bw="1" slack="0"/>
</pin_list>
<bind>
<StgValue><ssdm name="void_compute_output_buffer_2d_array_const_ap_shift_reg_n_chan_stream_weig_7"/></StgValue>
</bind>
</comp>

<comp id="2" class="1000" name="void_compute_output_buffer_2d_array_const_ap_shift_reg_n_chan_stream_weig_6">
<pin_list>
<pin id="3" dir="1" index="0" bw="1" slack="0"/>
</pin_list>
<bind>
<StgValue><ssdm name="void_compute_output_buffer_2d_array_const_ap_shift_reg_n_chan_stream_weig_6"/></StgValue>
</bind>
</comp>

<comp id="4" class="1000" name="void_compute_output_buffer_2d_array_const_ap_shift_reg_n_chan_stream_weig_5">
<pin_list>
<pin id="5" dir="1" index="0" bw="1" slack="0"/>
</pin_list>
<bind>
<StgValue><ssdm name="void_compute_output_buffer_2d_array_const_ap_shift_reg_n_chan_stream_weig_5"/></StgValue>
</bind>
</comp>

<comp id="6" class="1000" name="void_compute_output_buffer_2d_array_const_ap_shift_reg_n_chan_stream_weig_2">
<pin_list>
<pin id="7" dir="1" index="0" bw="1" slack="0"/>
</pin_list>
<bind>
<StgValue><ssdm name="void_compute_output_buffer_2d_array_const_ap_shift_reg_n_chan_stream_weig_2"/></StgValue>
</bind>
</comp>

<comp id="8" class="1000" name="void_compute_output_buffer_2d_array_const_ap_shift_reg_n_chan_stream_weig_1">
<pin_list>
<pin id="9" dir="1" index="0" bw="1" slack="0"/>
</pin_list>
<bind>
<StgValue><ssdm name="void_compute_output_buffer_2d_array_const_ap_shift_reg_n_chan_stream_weig_1"/></StgValue>
</bind>
</comp>

<comp id="10" class="1000" name="void_compute_output_buffer_2d_array_const_ap_shift_reg_n_chan_stream_weig">
<pin_list>
<pin id="11" dir="1" index="0" bw="1" slack="0"/>
</pin_list>
<bind>
<StgValue><ssdm name="void_compute_output_buffer_2d_array_const_ap_shift_reg_n_chan_stream_weig"/></StgValue>
</bind>
</comp>

<comp id="12" class="1001" name="const_12">
<pin_list>
<pin id="13" dir="1" index="0" bw="1" slack="2147483647"/>
</pin_list>
<bind>
<StgValue><ssdm name="_ssdm_op_SpecPipeline"/></StgValue>
</bind>
</comp>

<comp id="14" class="1001" name="const_14">
<pin_list>
<pin id="15" dir="1" index="0" bw="1" slack="2147483647"/>
</pin_list>
<bind>
<StgValue><ssdm name=""/></StgValue>
</bind>
</comp>

<comp id="16" class="1001" name="const_16">
<pin_list>
<pin id="17" dir="1" index="0" bw="1" slack="2147483647"/>
</pin_list>
<bind>
<StgValue><ssdm name=""/></StgValue>
</bind>
</comp>

<comp id="18" class="1001" name="const_18">
<pin_list>
<pin id="19" dir="1" index="0" bw="1" slack="2147483647"/>
</pin_list>
<bind>
<StgValue><ssdm name=""/></StgValue>
</bind>
</comp>

<comp id="20" class="1001" name="const_20">
<pin_list>
<pin id="21" dir="1" index="0" bw="1" slack="2147483647"/>
</pin_list>
<bind>
<StgValue><ssdm name="empty_17"/></StgValue>
</bind>
</comp>

<comp id="22" class="1001" name="const_22">
<pin_list>
<pin id="23" dir="1" index="0" bw="1" slack="2147483647"/>
</pin_list>
<bind>
<StgValue><ssdm name="_ssdm_op_SpecResourceLimit"/></StgValue>
</bind>
</comp>

<comp id="24" class="1001" name="const_24">
<pin_list>
<pin id="25" dir="1" index="0" bw="1" slack="2147483647"/>
</pin_list>
<bind>
<StgValue><ssdm name=""/></StgValue>
</bind>
</comp>

<comp id="26" class="1001" name="const_26">
<pin_list>
<pin id="27" dir="1" index="0" bw="1" slack="2147483647"/>
</pin_list>
<bind>
<StgValue><ssdm name="empty_0"/></StgValue>
</bind>
</comp>

<comp id="28" class="1001" name="const_28">
<pin_list>
<pin id="29" dir="1" index="0" bw="1" slack="0"/>
</pin_list>
<bind>
<StgValue><ssdm name="_ssdm_op_BitConcatenate.i7.i4.i3"/></StgValue>
</bind>
</comp>

<comp id="30" class="1001" name="const_30">
<pin_list>
<pin id="31" dir="1" index="0" bw="1" slack="0"/>
</pin_list>
<bind>
<StgValue><ssdm name=""/></StgValue>
</bind>
</comp>

<comp id="32" class="1001" name="const_32">
<pin_list>
<pin id="33" dir="1" index="0" bw="1" slack="0"/>
</pin_list>
<bind>
<StgValue><ssdm name="_ssdm_op_BitConcatenate.i5.i4.i1"/></StgValue>
</bind>
</comp>

<comp id="34" class="1001" name="const_34">
<pin_list>
<pin id="35" dir="1" index="0" bw="1" slack="0"/>
</pin_list>
<bind>
<StgValue><ssdm name=""/></StgValue>
</bind>
</comp>

<comp id="36" class="1001" name="const_36">
<pin_list>
<pin id="37" dir="1" index="0" bw="1" slack="0"/>
</pin_list>
<bind>
<StgValue><ssdm name="_ssdm_op_BitConcatenate.i6.i4.i2"/></StgValue>
</bind>
</comp>

<comp id="38" class="1001" name="const_38">
<pin_list>
<pin id="39" dir="1" index="0" bw="1" slack="0"/>
</pin_list>
<bind>
<StgValue><ssdm name=""/></StgValue>
</bind>
</comp>

<comp id="40" class="1001" name="const_40">
<pin_list>
<pin id="41" dir="1" index="0" bw="1" slack="0"/>
</pin_list>
<bind>
<StgValue><ssdm name=""/></StgValue>
</bind>
</comp>

<comp id="42" class="1001" name="const_42">
<pin_list>
<pin id="43" dir="1" index="0" bw="1" slack="0"/>
</pin_list>
<bind>
<StgValue><ssdm name="_ssdm_op_BitConcatenate.i8.i4.i4"/></StgValue>
</bind>
</comp>

<comp id="44" class="1001" name="const_44">
<pin_list>
<pin id="45" dir="1" index="0" bw="1" slack="0"/>
</pin_list>
<bind>
<StgValue><ssdm name=""/></StgValue>
</bind>
</comp>

<comp id="46" class="1001" name="const_46">
<pin_list>
<pin id="47" dir="1" index="0" bw="1" slack="0"/>
</pin_list>
<bind>
<StgValue><ssdm name=""/></StgValue>
</bind>
</comp>

<comp id="48" class="1001" name="const_48">
<pin_list>
<pin id="49" dir="1" index="0" bw="1" slack="0"/>
</pin_list>
<bind>
<StgValue><ssdm name=""/></StgValue>
</bind>
</comp>

<comp id="50" class="1001" name="const_50">
<pin_list>
<pin id="51" dir="1" index="0" bw="1" slack="0"/>
</pin_list>
<bind>
<StgValue><ssdm name=""/></StgValue>
</bind>
</comp>

<comp id="52" class="1001" name="const_52">
<pin_list>
<pin id="53" dir="1" index="0" bw="1" slack="0"/>
</pin_list>
<bind>
<StgValue><ssdm name=""/></StgValue>
</bind>
</comp>

<comp id="54" class="1004" name="a_load_fu_54">
<pin_list>
<pin id="55" dir="0" index="0" bw="4" slack="0"/>
<pin id="56" dir="1" index="1" bw="4" slack="0"/>
</pin_list>
<bind>
<opcode="load(27) " fcode="load"/>
<opset="a/1 "/>
</bind>
</comp>

<comp id="58" class="1004" name="tmp_fu_58">
<pin_list>
<pin id="59" dir="0" index="0" bw="7" slack="0"/>
<pin id="60" dir="0" index="1" bw="4" slack="0"/>
<pin id="61" dir="0" index="2" bw="1" slack="0"/>
<pin id="62" dir="1" index="3" bw="7" slack="0"/>
</pin_list>
<bind>
<opcode="bitconcatenate(1004) " fcode="bitconcatenate"/>
<opset="tmp/1 "/>
</bind>
</comp>

<comp id="66" class="1004" name="zext_ln73_fu_66">
<pin_list>
<pin id="67" dir="0" index="0" bw="7" slack="0"/>
<pin id="68" dir="1" index="1" bw="8" slack="0"/>
</pin_list>
<bind>
<opcode="zext(34) " fcode="zext"/>
<opset="zext_ln73/1 "/>
</bind>
</comp>

<comp id="70" class="1004" name="shl_ln_fu_70">
<pin_list>
<pin id="71" dir="0" index="0" bw="5" slack="0"/>
<pin id="72" dir="0" index="1" bw="4" slack="0"/>
<pin id="73" dir="0" index="2" bw="1" slack="0"/>
<pin id="74" dir="1" index="3" bw="5" slack="0"/>
</pin_list>
<bind>
<opcode="bitconcatenate(1004) " fcode="bitconcatenate"/>
<opset="shl_ln/1 "/>
</bind>
</comp>

<comp id="78" class="1004" name="shl_ln73_cast_i_fu_78">
<pin_list>
<pin id="79" dir="0" index="0" bw="5" slack="0"/>
<pin id="80" dir="1" index="1" bw="6" slack="0"/>
</pin_list>
<bind>
<opcode="zext(34) " fcode="zext"/>
<opset="shl_ln73_cast_i/1 "/>
</bind>
</comp>

<comp id="82" class="1004" name="a_28_load_fu_82">
<pin_list>
<pin id="83" dir="0" index="0" bw="4" slack="0"/>
<pin id="84" dir="1" index="1" bw="4" slack="0"/>
</pin_list>
<bind>
<opcode="load(27) " fcode="load"/>
<opset="a_28/1 "/>
</bind>
</comp>

<comp id="86" class="1004" name="shl_ln73_s_fu_86">
<pin_list>
<pin id="87" dir="0" index="0" bw="5" slack="0"/>
<pin id="88" dir="0" index="1" bw="4" slack="0"/>
<pin id="89" dir="0" index="2" bw="1" slack="0"/>
<pin id="90" dir="1" index="3" bw="5" slack="0"/>
</pin_list>
<bind>
<opcode="bitconcatenate(1004) " fcode="bitconcatenate"/>
<opset="shl_ln73_s/1 "/>
</bind>
</comp>

<comp id="94" class="1004" name="a_29_load_fu_94">
<pin_list>
<pin id="95" dir="0" index="0" bw="4" slack="0"/>
<pin id="96" dir="1" index="1" bw="4" slack="0"/>
</pin_list>
<bind>
<opcode="load(27) " fcode="load"/>
<opset="a_29/1 "/>
</bind>
</comp>

<comp id="98" class="1004" name="tmp_686_fu_98">
<pin_list>
<pin id="99" dir="0" index="0" bw="6" slack="0"/>
<pin id="100" dir="0" index="1" bw="4" slack="0"/>
<pin id="101" dir="0" index="2" bw="1" slack="0"/>
<pin id="102" dir="1" index="3" bw="6" slack="0"/>
</pin_list>
<bind>
<opcode="bitconcatenate(1004) " fcode="bitconcatenate"/>
<opset="tmp_686/1 "/>
</bind>
</comp>

<comp id="106" class="1004" name="zext_ln73_841_fu_106">
<pin_list>
<pin id="107" dir="0" index="0" bw="6" slack="0"/>
<pin id="108" dir="1" index="1" bw="7" slack="0"/>
</pin_list>
<bind>
<opcode="zext(34) " fcode="zext"/>
<opset="zext_ln73_841/1 "/>
</bind>
</comp>

<comp id="110" class="1004" name="a_30_load_fu_110">
<pin_list>
<pin id="111" dir="0" index="0" bw="4" slack="0"/>
<pin id="112" dir="1" index="1" bw="4" slack="0"/>
</pin_list>
<bind>
<opcode="load(27) " fcode="load"/>
<opset="a_30/1 "/>
</bind>
</comp>

<comp id="114" class="1004" name="shl_ln73_3_fu_114">
<pin_list>
<pin id="115" dir="0" index="0" bw="5" slack="0"/>
<pin id="116" dir="0" index="1" bw="4" slack="0"/>
<pin id="117" dir="0" index="2" bw="1" slack="0"/>
<pin id="118" dir="1" index="3" bw="5" slack="0"/>
</pin_list>
<bind>
<opcode="bitconcatenate(1004) " fcode="bitconcatenate"/>
<opset="shl_ln73_3/1 "/>
</bind>
</comp>

<comp id="122" class="1004" name="zext_ln73_697_fu_122">
<pin_list>
<pin id="123" dir="0" index="0" bw="5" slack="0"/>
<pin id="124" dir="1" index="1" bw="7" slack="0"/>
</pin_list>
<bind>
<opcode="zext(34) " fcode="zext"/>
<opset="zext_ln73_697/1 "/>
</bind>
</comp>

<comp id="126" class="1004" name="tmp_687_fu_126">
<pin_list>
<pin id="127" dir="0" index="0" bw="6" slack="0"/>
<pin id="128" dir="0" index="1" bw="4" slack="0"/>
<pin id="129" dir="0" index="2" bw="1" slack="0"/>
<pin id="130" dir="1" index="3" bw="6" slack="0"/>
</pin_list>
<bind>
<opcode="bitconcatenate(1004) " fcode="bitconcatenate"/>
<opset="tmp_687/1 "/>
</bind>
</comp>

<comp id="134" class="1004" name="zext_ln73_842_fu_134">
<pin_list>
<pin id="135" dir="0" index="0" bw="6" slack="0"/>
<pin id="136" dir="1" index="1" bw="7" slack="0"/>
</pin_list>
<bind>
<opcode="zext(34) " fcode="zext"/>
<opset="zext_ln73_842/1 "/>
</bind>
</comp>

<comp id="138" class="1004" name="tmp_688_fu_138">
<pin_list>
<pin id="139" dir="0" index="0" bw="7" slack="0"/>
<pin id="140" dir="0" index="1" bw="4" slack="0"/>
<pin id="141" dir="0" index="2" bw="1" slack="0"/>
<pin id="142" dir="1" index="3" bw="7" slack="0"/>
</pin_list>
<bind>
<opcode="bitconcatenate(1004) " fcode="bitconcatenate"/>
<opset="tmp_688/1 "/>
</bind>
</comp>

<comp id="146" class="1004" name="zext_ln73_843_fu_146">
<pin_list>
<pin id="147" dir="0" index="0" bw="7" slack="0"/>
<pin id="148" dir="1" index="1" bw="8" slack="0"/>
</pin_list>
<bind>
<opcode="zext(34) " fcode="zext"/>
<opset="zext_ln73_843/1 "/>
</bind>
</comp>

<comp id="150" class="1004" name="sub_ln73_fu_150">
<pin_list>
<pin id="151" dir="0" index="0" bw="1" slack="0"/>
<pin id="152" dir="0" index="1" bw="7" slack="0"/>
<pin id="153" dir="1" index="2" bw="8" slack="0"/>
</pin_list>
<bind>
<opcode="sub(10) " fcode="sub"/>
<opset="sub_ln73/1 "/>
</bind>
</comp>

<comp id="156" class="1004" name="mul_ln73_885_cast_i_fu_156">
<pin_list>
<pin id="157" dir="0" index="0" bw="8" slack="0"/>
<pin id="158" dir="1" index="1" bw="9" slack="0"/>
</pin_list>
<bind>
<opcode="sext(35) " fcode="sext"/>
<opset="mul_ln73_885_cast_i/1 "/>
</bind>
</comp>

<comp id="160" class="1004" name="a_31_load_fu_160">
<pin_list>
<pin id="161" dir="0" index="0" bw="4" slack="0"/>
<pin id="162" dir="1" index="1" bw="4" slack="0"/>
</pin_list>
<bind>
<opcode="load(27) " fcode="load"/>
<opset="a_31/1 "/>
</bind>
</comp>

<comp id="164" class="1004" name="shl_ln73_4_fu_164">
<pin_list>
<pin id="165" dir="0" index="0" bw="5" slack="0"/>
<pin id="166" dir="0" index="1" bw="4" slack="0"/>
<pin id="167" dir="0" index="2" bw="1" slack="0"/>
<pin id="168" dir="1" index="3" bw="5" slack="0"/>
</pin_list>
<bind>
<opcode="bitconcatenate(1004) " fcode="bitconcatenate"/>
<opset="shl_ln73_4/1 "/>
</bind>
</comp>

<comp id="172" class="1004" name="a_32_load_fu_172">
<pin_list>
<pin id="173" dir="0" index="0" bw="4" slack="0"/>
<pin id="174" dir="1" index="1" bw="4" slack="0"/>
</pin_list>
<bind>
<opcode="load(27) " fcode="load"/>
<opset="a_32/1 "/>
</bind>
</comp>

<comp id="176" class="1004" name="zext_ln73_700_fu_176">
<pin_list>
<pin id="177" dir="0" index="0" bw="4" slack="0"/>
<pin id="178" dir="1" index="1" bw="6" slack="0"/>
</pin_list>
<bind>
<opcode="zext(34) " fcode="zext"/>
<opset="zext_ln73_700/1 "/>
</bind>
</comp>

<comp id="180" class="1004" name="p_shl2_fu_180">
<pin_list>
<pin id="181" dir="0" index="0" bw="6" slack="0"/>
<pin id="182" dir="0" index="1" bw="4" slack="0"/>
<pin id="183" dir="0" index="2" bw="1" slack="0"/>
<pin id="184" dir="1" index="3" bw="6" slack="0"/>
</pin_list>
<bind>
<opcode="bitconcatenate(1004) " fcode="bitconcatenate"/>
<opset="p_shl2/1 "/>
</bind>
</comp>

<comp id="188" class="1004" name="sub_ln73_816_fu_188">
<pin_list>
<pin id="189" dir="0" index="0" bw="6" slack="0"/>
<pin id="190" dir="0" index="1" bw="4" slack="0"/>
<pin id="191" dir="1" index="2" bw="6" slack="0"/>
</pin_list>
<bind>
<opcode="sub(10) " fcode="sub"/>
<opset="sub_ln73_816/1 "/>
</bind>
</comp>

<comp id="194" class="1004" name="tmp_689_fu_194">
<pin_list>
<pin id="195" dir="0" index="0" bw="7" slack="0"/>
<pin id="196" dir="0" index="1" bw="4" slack="0"/>
<pin id="197" dir="0" index="2" bw="1" slack="0"/>
<pin id="198" dir="1" index="3" bw="7" slack="0"/>
</pin_list>
<bind>
<opcode="bitconcatenate(1004) " fcode="bitconcatenate"/>
<opset="tmp_689/1 "/>
</bind>
</comp>

<comp id="202" class="1004" name="zext_ln73_844_fu_202">
<pin_list>
<pin id="203" dir="0" index="0" bw="7" slack="0"/>
<pin id="204" dir="1" index="1" bw="8" slack="0"/>
</pin_list>
<bind>
<opcode="zext(34) " fcode="zext"/>
<opset="zext_ln73_844/1 "/>
</bind>
</comp>

<comp id="206" class="1004" name="sub_ln73_817_fu_206">
<pin_list>
<pin id="207" dir="0" index="0" bw="1" slack="0"/>
<pin id="208" dir="0" index="1" bw="7" slack="0"/>
<pin id="209" dir="1" index="2" bw="8" slack="0"/>
</pin_list>
<bind>
<opcode="sub(10) " fcode="sub"/>
<opset="sub_ln73_817/1 "/>
</bind>
</comp>

<comp id="212" class="1004" name="sext_ln73_fu_212">
<pin_list>
<pin id="213" dir="0" index="0" bw="8" slack="0"/>
<pin id="214" dir="1" index="1" bw="9" slack="0"/>
</pin_list>
<bind>
<opcode="sext(35) " fcode="sext"/>
<opset="sext_ln73/1 "/>
</bind>
</comp>

<comp id="216" class="1004" name="tmp_690_fu_216">
<pin_list>
<pin id="217" dir="0" index="0" bw="8" slack="0"/>
<pin id="218" dir="0" index="1" bw="4" slack="0"/>
<pin id="219" dir="0" index="2" bw="1" slack="0"/>
<pin id="220" dir="1" index="3" bw="8" slack="0"/>
</pin_list>
<bind>
<opcode="bitconcatenate(1004) " fcode="bitconcatenate"/>
<opset="tmp_690/1 "/>
</bind>
</comp>

<comp id="224" class="1004" name="zext_ln73_845_fu_224">
<pin_list>
<pin id="225" dir="0" index="0" bw="8" slack="0"/>
<pin id="226" dir="1" index="1" bw="9" slack="0"/>
</pin_list>
<bind>
<opcode="zext(34) " fcode="zext"/>
<opset="zext_ln73_845/1 "/>
</bind>
</comp>

<comp id="228" class="1004" name="sub_ln73_818_fu_228">
<pin_list>
<pin id="229" dir="0" index="0" bw="1" slack="0"/>
<pin id="230" dir="0" index="1" bw="8" slack="0"/>
<pin id="231" dir="1" index="2" bw="9" slack="0"/>
</pin_list>
<bind>
<opcode="sub(10) " fcode="sub"/>
<opset="sub_ln73_818/1 "/>
</bind>
</comp>

<comp id="234" class="1004" name="sext_ln42_fu_234">
<pin_list>
<pin id="235" dir="0" index="0" bw="9" slack="0"/>
<pin id="236" dir="1" index="1" bw="10" slack="0"/>
</pin_list>
<bind>
<opcode="sext(35) " fcode="sext"/>
<opset="sext_ln42/1 "/>
</bind>
</comp>

<comp id="238" class="1004" name="zext_ln58_fu_238">
<pin_list>
<pin id="239" dir="0" index="0" bw="5" slack="0"/>
<pin id="240" dir="1" index="1" bw="6" slack="0"/>
</pin_list>
<bind>
<opcode="zext(34) " fcode="zext"/>
<opset="zext_ln58/1 "/>
</bind>
</comp>

<comp id="242" class="1004" name="add_ln58_fu_242">
<pin_list>
<pin id="243" dir="0" index="0" bw="5" slack="0"/>
<pin id="244" dir="0" index="1" bw="5" slack="0"/>
<pin id="245" dir="1" index="2" bw="6" slack="0"/>
</pin_list>
<bind>
<opcode="add(8) " fcode="add"/>
<opset="add_ln58/1 "/>
</bind>
</comp>

<comp id="248" class="1004" name="zext_ln58_217_fu_248">
<pin_list>
<pin id="249" dir="0" index="0" bw="6" slack="0"/>
<pin id="250" dir="1" index="1" bw="7" slack="0"/>
</pin_list>
<bind>
<opcode="zext(34) " fcode="zext"/>
<opset="zext_ln58_217/1 "/>
</bind>
</comp>

<comp id="252" class="1004" name="sub_ln58_fu_252">
<pin_list>
<pin id="253" dir="0" index="0" bw="5" slack="0"/>
<pin id="254" dir="0" index="1" bw="6" slack="0"/>
<pin id="255" dir="1" index="2" bw="7" slack="0"/>
</pin_list>
<bind>
<opcode="sub(10) " fcode="sub"/>
<opset="sub_ln58/1 "/>
</bind>
</comp>

<comp id="258" class="1004" name="sext_ln58_fu_258">
<pin_list>
<pin id="259" dir="0" index="0" bw="7" slack="0"/>
<pin id="260" dir="1" index="1" bw="9" slack="0"/>
</pin_list>
<bind>
<opcode="sext(35) " fcode="sext"/>
<opset="sext_ln58/1 "/>
</bind>
</comp>

<comp id="262" class="1004" name="sub_ln58_23_fu_262">
<pin_list>
<pin id="263" dir="0" index="0" bw="6" slack="0"/>
<pin id="264" dir="0" index="1" bw="6" slack="0"/>
<pin id="265" dir="1" index="2" bw="7" slack="0"/>
</pin_list>
<bind>
<opcode="sub(10) " fcode="sub"/>
<opset="sub_ln58_23/1 "/>
</bind>
</comp>

<comp id="268" class="1004" name="sext_ln58_96_fu_268">
<pin_list>
<pin id="269" dir="0" index="0" bw="7" slack="0"/>
<pin id="270" dir="1" index="1" bw="9" slack="0"/>
</pin_list>
<bind>
<opcode="sext(35) " fcode="sext"/>
<opset="sext_ln58_96/1 "/>
</bind>
</comp>

<comp id="272" class="1004" name="add_ln58_1959_fu_272">
<pin_list>
<pin id="273" dir="0" index="0" bw="8" slack="0"/>
<pin id="274" dir="0" index="1" bw="7" slack="0"/>
<pin id="275" dir="1" index="2" bw="9" slack="0"/>
</pin_list>
<bind>
<opcode="add(8) " fcode="add"/>
<opset="add_ln58_1959/1 "/>
</bind>
</comp>

<comp id="278" class="1004" name="sext_ln58_97_fu_278">
<pin_list>
<pin id="279" dir="0" index="0" bw="9" slack="0"/>
<pin id="280" dir="1" index="1" bw="10" slack="0"/>
</pin_list>
<bind>
<opcode="sext(35) " fcode="sext"/>
<opset="sext_ln58_97/1 "/>
</bind>
</comp>

<comp id="282" class="1004" name="zext_ln58_844_fu_282">
<pin_list>
<pin id="283" dir="0" index="0" bw="5" slack="0"/>
<pin id="284" dir="1" index="1" bw="6" slack="0"/>
</pin_list>
<bind>
<opcode="zext(34) " fcode="zext"/>
<opset="zext_ln58_844/1 "/>
</bind>
</comp>

<comp id="286" class="1004" name="zext_ln58_219_fu_286">
<pin_list>
<pin id="287" dir="0" index="0" bw="6" slack="0"/>
<pin id="288" dir="1" index="1" bw="8" slack="0"/>
</pin_list>
<bind>
<opcode="zext(34) " fcode="zext"/>
<opset="zext_ln58_219/1 "/>
</bind>
</comp>

<comp id="290" class="1004" name="sub_ln58_24_fu_290">
<pin_list>
<pin id="291" dir="0" index="0" bw="6" slack="0"/>
<pin id="292" dir="0" index="1" bw="7" slack="0"/>
<pin id="293" dir="1" index="2" bw="8" slack="0"/>
</pin_list>
<bind>
<opcode="sub(10) " fcode="sub"/>
<opset="sub_ln58_24/1 "/>
</bind>
</comp>

<comp id="296" class="1004" name="add_ln58_1960_fu_296">
<pin_list>
<pin id="297" dir="0" index="0" bw="5" slack="0"/>
<pin id="298" dir="0" index="1" bw="2" slack="0"/>
<pin id="299" dir="1" index="2" bw="6" slack="0"/>
</pin_list>
<bind>
<opcode="add(8) " fcode="add"/>
<opset="add_ln58_1960/1 "/>
</bind>
</comp>

<comp id="302" class="1004" name="sext_ln58_1031_fu_302">
<pin_list>
<pin id="303" dir="0" index="0" bw="6" slack="0"/>
<pin id="304" dir="1" index="1" bw="7" slack="0"/>
</pin_list>
<bind>
<opcode="sext(35) " fcode="sext"/>
<opset="sext_ln58_1031/1 "/>
</bind>
</comp>

<comp id="306" class="1004" name="add_ln58_1961_fu_306">
<pin_list>
<pin id="307" dir="0" index="0" bw="6" slack="0"/>
<pin id="308" dir="0" index="1" bw="5" slack="0"/>
<pin id="309" dir="1" index="2" bw="7" slack="0"/>
</pin_list>
<bind>
<opcode="add(8) " fcode="add"/>
<opset="add_ln58_1961/1 "/>
</bind>
</comp>

<comp id="312" class="1004" name="sext_ln58_1032_fu_312">
<pin_list>
<pin id="313" dir="0" index="0" bw="7" slack="0"/>
<pin id="314" dir="1" index="1" bw="8" slack="0"/>
</pin_list>
<bind>
<opcode="sext(35) " fcode="sext"/>
<opset="sext_ln58_1032/1 "/>
</bind>
</comp>

<comp id="316" class="1004" name="add_ln58_1962_fu_316">
<pin_list>
<pin id="317" dir="0" index="0" bw="7" slack="0"/>
<pin id="318" dir="0" index="1" bw="8" slack="0"/>
<pin id="319" dir="1" index="2" bw="8" slack="0"/>
</pin_list>
<bind>
<opcode="add(8) " fcode="add"/>
<opset="add_ln58_1962/1 "/>
</bind>
</comp>

<comp id="322" class="1004" name="sext_ln58_98_fu_322">
<pin_list>
<pin id="323" dir="0" index="0" bw="8" slack="0"/>
<pin id="324" dir="1" index="1" bw="10" slack="0"/>
</pin_list>
<bind>
<opcode="sext(35) " fcode="sext"/>
<opset="sext_ln58_98/1 "/>
</bind>
</comp>

<comp id="326" class="1004" name="add_ln58_1963_fu_326">
<pin_list>
<pin id="327" dir="0" index="0" bw="8" slack="0"/>
<pin id="328" dir="0" index="1" bw="7" slack="0"/>
<pin id="329" dir="1" index="2" bw="9" slack="0"/>
</pin_list>
<bind>
<opcode="add(8) " fcode="add"/>
<opset="add_ln58_1963/1 "/>
</bind>
</comp>

<comp id="332" class="1004" name="sext_ln58_99_fu_332">
<pin_list>
<pin id="333" dir="0" index="0" bw="9" slack="0"/>
<pin id="334" dir="1" index="1" bw="10" slack="0"/>
</pin_list>
<bind>
<opcode="sext(35) " fcode="sext"/>
<opset="sext_ln58_99/1 "/>
</bind>
</comp>

<comp id="336" class="1004" name="add_ln58_1964_fu_336">
<pin_list>
<pin id="337" dir="0" index="0" bw="9" slack="0"/>
<pin id="338" dir="0" index="1" bw="9" slack="0"/>
<pin id="339" dir="1" index="2" bw="10" slack="0"/>
</pin_list>
<bind>
<opcode="add(8) " fcode="add"/>
<opset="add_ln58_1964/1 "/>
</bind>
</comp>

<comp id="342" class="1004" name="newret_i_fu_342">
<pin_list>
<pin id="343" dir="0" index="0" bw="30" slack="0"/>
<pin id="344" dir="0" index="1" bw="8" slack="0"/>
<pin id="345" dir="1" index="2" bw="30" slack="0"/>
</pin_list>
<bind>
<opcode="insertvalue(57) " fcode="insertvalue"/>
<opset="newret_i/1 "/>
</bind>
</comp>

<comp id="348" class="1004" name="newret2_i_fu_348">
<pin_list>
<pin id="349" dir="0" index="0" bw="30" slack="0"/>
<pin id="350" dir="0" index="1" bw="9" slack="0"/>
<pin id="351" dir="1" index="2" bw="30" slack="0"/>
</pin_list>
<bind>
<opcode="insertvalue(57) " fcode="insertvalue"/>
<opset="newret2_i/1 "/>
</bind>
</comp>

<comp id="354" class="1004" name="newret4_i_fu_354">
<pin_list>
<pin id="355" dir="0" index="0" bw="30" slack="0"/>
<pin id="356" dir="0" index="1" bw="10" slack="0"/>
<pin id="357" dir="1" index="2" bw="30" slack="2147483647"/>
</pin_list>
<bind>
<opcode="insertvalue(57) " fcode="insertvalue"/>
<opset="newret4_i/1 "/>
</bind>
</comp>

</comp_list>

<net_list>
<net id="57"><net_src comp="0" pin="0"/><net_sink comp="54" pin=0"/></net>

<net id="63"><net_src comp="28" pin="0"/><net_sink comp="58" pin=0"/></net>

<net id="64"><net_src comp="54" pin="1"/><net_sink comp="58" pin=1"/></net>

<net id="65"><net_src comp="30" pin="0"/><net_sink comp="58" pin=2"/></net>

<net id="69"><net_src comp="58" pin="3"/><net_sink comp="66" pin=0"/></net>

<net id="75"><net_src comp="32" pin="0"/><net_sink comp="70" pin=0"/></net>

<net id="76"><net_src comp="54" pin="1"/><net_sink comp="70" pin=1"/></net>

<net id="77"><net_src comp="34" pin="0"/><net_sink comp="70" pin=2"/></net>

<net id="81"><net_src comp="70" pin="3"/><net_sink comp="78" pin=0"/></net>

<net id="85"><net_src comp="2" pin="0"/><net_sink comp="82" pin=0"/></net>

<net id="91"><net_src comp="32" pin="0"/><net_sink comp="86" pin=0"/></net>

<net id="92"><net_src comp="82" pin="1"/><net_sink comp="86" pin=1"/></net>

<net id="93"><net_src comp="34" pin="0"/><net_sink comp="86" pin=2"/></net>

<net id="97"><net_src comp="4" pin="0"/><net_sink comp="94" pin=0"/></net>

<net id="103"><net_src comp="36" pin="0"/><net_sink comp="98" pin=0"/></net>

<net id="104"><net_src comp="94" pin="1"/><net_sink comp="98" pin=1"/></net>

<net id="105"><net_src comp="38" pin="0"/><net_sink comp="98" pin=2"/></net>

<net id="109"><net_src comp="98" pin="3"/><net_sink comp="106" pin=0"/></net>

<net id="113"><net_src comp="6" pin="0"/><net_sink comp="110" pin=0"/></net>

<net id="119"><net_src comp="32" pin="0"/><net_sink comp="114" pin=0"/></net>

<net id="120"><net_src comp="110" pin="1"/><net_sink comp="114" pin=1"/></net>

<net id="121"><net_src comp="34" pin="0"/><net_sink comp="114" pin=2"/></net>

<net id="125"><net_src comp="114" pin="3"/><net_sink comp="122" pin=0"/></net>

<net id="131"><net_src comp="36" pin="0"/><net_sink comp="126" pin=0"/></net>

<net id="132"><net_src comp="110" pin="1"/><net_sink comp="126" pin=1"/></net>

<net id="133"><net_src comp="38" pin="0"/><net_sink comp="126" pin=2"/></net>

<net id="137"><net_src comp="126" pin="3"/><net_sink comp="134" pin=0"/></net>

<net id="143"><net_src comp="28" pin="0"/><net_sink comp="138" pin=0"/></net>

<net id="144"><net_src comp="110" pin="1"/><net_sink comp="138" pin=1"/></net>

<net id="145"><net_src comp="30" pin="0"/><net_sink comp="138" pin=2"/></net>

<net id="149"><net_src comp="138" pin="3"/><net_sink comp="146" pin=0"/></net>

<net id="154"><net_src comp="40" pin="0"/><net_sink comp="150" pin=0"/></net>

<net id="155"><net_src comp="146" pin="1"/><net_sink comp="150" pin=1"/></net>

<net id="159"><net_src comp="150" pin="2"/><net_sink comp="156" pin=0"/></net>

<net id="163"><net_src comp="8" pin="0"/><net_sink comp="160" pin=0"/></net>

<net id="169"><net_src comp="32" pin="0"/><net_sink comp="164" pin=0"/></net>

<net id="170"><net_src comp="160" pin="1"/><net_sink comp="164" pin=1"/></net>

<net id="171"><net_src comp="34" pin="0"/><net_sink comp="164" pin=2"/></net>

<net id="175"><net_src comp="10" pin="0"/><net_sink comp="172" pin=0"/></net>

<net id="179"><net_src comp="172" pin="1"/><net_sink comp="176" pin=0"/></net>

<net id="185"><net_src comp="36" pin="0"/><net_sink comp="180" pin=0"/></net>

<net id="186"><net_src comp="172" pin="1"/><net_sink comp="180" pin=1"/></net>

<net id="187"><net_src comp="38" pin="0"/><net_sink comp="180" pin=2"/></net>

<net id="192"><net_src comp="180" pin="3"/><net_sink comp="188" pin=0"/></net>

<net id="193"><net_src comp="176" pin="1"/><net_sink comp="188" pin=1"/></net>

<net id="199"><net_src comp="28" pin="0"/><net_sink comp="194" pin=0"/></net>

<net id="200"><net_src comp="172" pin="1"/><net_sink comp="194" pin=1"/></net>

<net id="201"><net_src comp="30" pin="0"/><net_sink comp="194" pin=2"/></net>

<net id="205"><net_src comp="194" pin="3"/><net_sink comp="202" pin=0"/></net>

<net id="210"><net_src comp="40" pin="0"/><net_sink comp="206" pin=0"/></net>

<net id="211"><net_src comp="202" pin="1"/><net_sink comp="206" pin=1"/></net>

<net id="215"><net_src comp="206" pin="2"/><net_sink comp="212" pin=0"/></net>

<net id="221"><net_src comp="42" pin="0"/><net_sink comp="216" pin=0"/></net>

<net id="222"><net_src comp="172" pin="1"/><net_sink comp="216" pin=1"/></net>

<net id="223"><net_src comp="44" pin="0"/><net_sink comp="216" pin=2"/></net>

<net id="227"><net_src comp="216" pin="3"/><net_sink comp="224" pin=0"/></net>

<net id="232"><net_src comp="46" pin="0"/><net_sink comp="228" pin=0"/></net>

<net id="233"><net_src comp="224" pin="1"/><net_sink comp="228" pin=1"/></net>

<net id="237"><net_src comp="228" pin="2"/><net_sink comp="234" pin=0"/></net>

<net id="241"><net_src comp="86" pin="3"/><net_sink comp="238" pin=0"/></net>

<net id="246"><net_src comp="238" pin="1"/><net_sink comp="242" pin=0"/></net>

<net id="247"><net_src comp="78" pin="1"/><net_sink comp="242" pin=1"/></net>

<net id="251"><net_src comp="242" pin="2"/><net_sink comp="248" pin=0"/></net>

<net id="256"><net_src comp="48" pin="0"/><net_sink comp="252" pin=0"/></net>

<net id="257"><net_src comp="106" pin="1"/><net_sink comp="252" pin=1"/></net>

<net id="261"><net_src comp="252" pin="2"/><net_sink comp="258" pin=0"/></net>

<net id="266"><net_src comp="248" pin="1"/><net_sink comp="262" pin=0"/></net>

<net id="267"><net_src comp="134" pin="1"/><net_sink comp="262" pin=1"/></net>

<net id="271"><net_src comp="262" pin="2"/><net_sink comp="268" pin=0"/></net>

<net id="276"><net_src comp="156" pin="1"/><net_sink comp="272" pin=0"/></net>

<net id="277"><net_src comp="258" pin="1"/><net_sink comp="272" pin=1"/></net>

<net id="281"><net_src comp="272" pin="2"/><net_sink comp="278" pin=0"/></net>

<net id="285"><net_src comp="164" pin="3"/><net_sink comp="282" pin=0"/></net>

<net id="289"><net_src comp="188" pin="2"/><net_sink comp="286" pin=0"/></net>

<net id="294"><net_src comp="286" pin="1"/><net_sink comp="290" pin=0"/></net>

<net id="295"><net_src comp="66" pin="1"/><net_sink comp="290" pin=1"/></net>

<net id="300"><net_src comp="282" pin="1"/><net_sink comp="296" pin=0"/></net>

<net id="301"><net_src comp="50" pin="0"/><net_sink comp="296" pin=1"/></net>

<net id="305"><net_src comp="296" pin="2"/><net_sink comp="302" pin=0"/></net>

<net id="310"><net_src comp="302" pin="1"/><net_sink comp="306" pin=0"/></net>

<net id="311"><net_src comp="122" pin="1"/><net_sink comp="306" pin=1"/></net>

<net id="315"><net_src comp="306" pin="2"/><net_sink comp="312" pin=0"/></net>

<net id="320"><net_src comp="312" pin="1"/><net_sink comp="316" pin=0"/></net>

<net id="321"><net_src comp="290" pin="2"/><net_sink comp="316" pin=1"/></net>

<net id="325"><net_src comp="316" pin="2"/><net_sink comp="322" pin=0"/></net>

<net id="330"><net_src comp="212" pin="1"/><net_sink comp="326" pin=0"/></net>

<net id="331"><net_src comp="268" pin="1"/><net_sink comp="326" pin=1"/></net>

<net id="335"><net_src comp="326" pin="2"/><net_sink comp="332" pin=0"/></net>

<net id="340"><net_src comp="278" pin="1"/><net_sink comp="336" pin=0"/></net>

<net id="341"><net_src comp="234" pin="1"/><net_sink comp="336" pin=1"/></net>

<net id="346"><net_src comp="52" pin="0"/><net_sink comp="342" pin=0"/></net>

<net id="347"><net_src comp="322" pin="1"/><net_sink comp="342" pin=1"/></net>

<net id="352"><net_src comp="342" pin="2"/><net_sink comp="348" pin=0"/></net>

<net id="353"><net_src comp="332" pin="1"/><net_sink comp="348" pin=1"/></net>

<net id="358"><net_src comp="348" pin="2"/><net_sink comp="354" pin=0"/></net>

<net id="359"><net_src comp="336" pin="2"/><net_sink comp="354" pin=1"/></net>

</net_list>

</model> 
---------------- Datapath Model END ------------------

* FSMD analyzer results:
  - Output states:
 - Input state : 
	Port: dense_latency<ap_ufixed<4, 2, 0, 3, 0>, ap_fixed<10, 6, 5, 3, 0>, config3_mult> : void_compute_output_buffer_2d_array_const_ap_shift_reg_n_chan_stream_weig_7 | {1 }
	Port: dense_latency<ap_ufixed<4, 2, 0, 3, 0>, ap_fixed<10, 6, 5, 3, 0>, config3_mult> : void_compute_output_buffer_2d_array_const_ap_shift_reg_n_chan_stream_weig_6 | {1 }
	Port: dense_latency<ap_ufixed<4, 2, 0, 3, 0>, ap_fixed<10, 6, 5, 3, 0>, config3_mult> : void_compute_output_buffer_2d_array_const_ap_shift_reg_n_chan_stream_weig_5 | {1 }
	Port: dense_latency<ap_ufixed<4, 2, 0, 3, 0>, ap_fixed<10, 6, 5, 3, 0>, config3_mult> : void_compute_output_buffer_2d_array_const_ap_shift_reg_n_chan_stream_weig_2 | {1 }
	Port: dense_latency<ap_ufixed<4, 2, 0, 3, 0>, ap_fixed<10, 6, 5, 3, 0>, config3_mult> : void_compute_output_buffer_2d_array_const_ap_shift_reg_n_chan_stream_weig_1 | {1 }
	Port: dense_latency<ap_ufixed<4, 2, 0, 3, 0>, ap_fixed<10, 6, 5, 3, 0>, config3_mult> : void_compute_output_buffer_2d_array_const_ap_shift_reg_n_chan_stream_weig | {1 }
  - Chain level:
	State 1
		tmp : 1
		zext_ln73 : 2
		shl_ln : 1
		shl_ln73_cast_i : 2
		shl_ln73_s : 1
		tmp_686 : 1
		zext_ln73_841 : 2
		shl_ln73_3 : 1
		zext_ln73_697 : 2
		tmp_687 : 1
		zext_ln73_842 : 2
		tmp_688 : 1
		zext_ln73_843 : 2
		sub_ln73 : 3
		mul_ln73_885_cast_i : 4
		shl_ln73_4 : 1
		zext_ln73_700 : 1
		p_shl2 : 1
		sub_ln73_816 : 2
		tmp_689 : 1
		zext_ln73_844 : 2
		sub_ln73_817 : 3
		sext_ln73 : 4
		tmp_690 : 1
		zext_ln73_845 : 2
		sub_ln73_818 : 3
		sext_ln42 : 4
		zext_ln58 : 2
		add_ln58 : 3
		zext_ln58_217 : 4
		sub_ln58 : 3
		sext_ln58 : 4
		sub_ln58_23 : 5
		sext_ln58_96 : 6
		add_ln58_1959 : 5
		sext_ln58_97 : 6
		zext_ln58_844 : 2
		zext_ln58_219 : 3
		sub_ln58_24 : 4
		add_ln58_1960 : 3
		sext_ln58_1031 : 4
		add_ln58_1961 : 5
		sext_ln58_1032 : 6
		add_ln58_1962 : 7
		sext_ln58_98 : 8
		add_ln58_1963 : 7
		sext_ln58_99 : 8
		add_ln58_1964 : 7
		newret_i : 9
		newret2_i : 10
		newret4_i : 11
		ret_ln26 : 12


============================================================
+ Verbose Summary: Datapath Resource usage 
============================================================

* Functional unit list:
|----------|----------------------------|---------|---------|
| Operation|       Functional Unit      |    FF   |   LUT   |
|----------|----------------------------|---------|---------|
|          |       add_ln58_fu_242      |    0    |    12   |
|          |    add_ln58_1959_fu_272    |    0    |    15   |
|          |    add_ln58_1960_fu_296    |    0    |    12   |
|    add   |    add_ln58_1961_fu_306    |    0    |    13   |
|          |    add_ln58_1962_fu_316    |    0    |    19   |
|          |    add_ln58_1963_fu_326    |    0    |    15   |
|          |    add_ln58_1964_fu_336    |    0    |    16   |
|----------|----------------------------|---------|---------|
|          |       sub_ln73_fu_150      |    0    |    14   |
|          |     sub_ln73_816_fu_188    |    0    |    13   |
|          |     sub_ln73_817_fu_206    |    0    |    14   |
|    sub   |     sub_ln73_818_fu_228    |    0    |    15   |
|          |       sub_ln58_fu_252      |    0    |    13   |
|          |     sub_ln58_23_fu_262     |    0    |    13   |
|          |     sub_ln58_24_fu_290     |    0    |    16   |
|----------|----------------------------|---------|---------|
|          |          tmp_fu_58         |    0    |    0    |
|          |        shl_ln_fu_70        |    0    |    0    |
|          |      shl_ln73_s_fu_86      |    0    |    0    |
|          |        tmp_686_fu_98       |    0    |    0    |
|          |      shl_ln73_3_fu_114     |    0    |    0    |
|bitconcatenate|       tmp_687_fu_126       |    0    |    0    |
|          |       tmp_688_fu_138       |    0    |    0    |
|          |      shl_ln73_4_fu_164     |    0    |    0    |
|          |        p_shl2_fu_180       |    0    |    0    |
|          |       tmp_689_fu_194       |    0    |    0    |
|          |       tmp_690_fu_216       |    0    |    0    |
|----------|----------------------------|---------|---------|
|          |       zext_ln73_fu_66      |    0    |    0    |
|          |    shl_ln73_cast_i_fu_78   |    0    |    0    |
|          |    zext_ln73_841_fu_106    |    0    |    0    |
|          |    zext_ln73_697_fu_122    |    0    |    0    |
|          |    zext_ln73_842_fu_134    |    0    |    0    |
|          |    zext_ln73_843_fu_146    |    0    |    0    |
|   zext   |    zext_ln73_700_fu_176    |    0    |    0    |
|          |    zext_ln73_844_fu_202    |    0    |    0    |
|          |    zext_ln73_845_fu_224    |    0    |    0    |
|          |      zext_ln58_fu_238      |    0    |    0    |
|          |    zext_ln58_217_fu_248    |    0    |    0    |
|          |    zext_ln58_844_fu_282    |    0    |    0    |
|          |    zext_ln58_219_fu_286    |    0    |    0    |
|----------|----------------------------|---------|---------|
|          | mul_ln73_885_cast_i_fu_156 |    0    |    0    |
|          |      sext_ln73_fu_212      |    0    |    0    |
|          |      sext_ln42_fu_234      |    0    |    0    |
|          |      sext_ln58_fu_258      |    0    |    0    |
|   sext   |     sext_ln58_96_fu_268    |    0    |    0    |
|          |     sext_ln58_97_fu_278    |    0    |    0    |
|          |    sext_ln58_1031_fu_302   |    0    |    0    |
|          |    sext_ln58_1032_fu_312   |    0    |    0    |
|          |     sext_ln58_98_fu_322    |    0    |    0    |
|          |     sext_ln58_99_fu_332    |    0    |    0    |
|----------|----------------------------|---------|---------|
|          |       newret_i_fu_342      |    0    |    0    |
|insertvalue|      newret2_i_fu_348      |    0    |    0    |
|          |      newret4_i_fu_354      |    0    |    0    |
|----------|----------------------------|---------|---------|
|   Total  |                            |    0    |   200   |
|----------|----------------------------|---------|---------|

Memories:
N/A

* Register list:
N/A

* Multiplexer (MUX) list: 
|--------|------|------|------|--------|
|  Comp  |  Pin | Size |  BW  | S x BW |
|--------|------|------|------|--------|
|  Total |      |      |      |    0   |
|--------|------|------|------|--------|



* Summary:
+-----------+--------+--------+
|           |   FF   |   LUT  |
+-----------+--------+--------+
|  Function |    0   |   200  |
|   Memory  |    -   |    -   |
|Multiplexer|    -   |    -   |
|  Register |    -   |    -   |
+-----------+--------+--------+
|   Total   |    0   |   200  |
+-----------+--------+--------+
