

================================================================
== Vitis HLS Report for 'store_result_float_array_ap_fixed_19_12_5_3_0_10u_s'
================================================================
* Date:           Mon Jun  8 14:36:15 2026

* Version:        2025.2 (Build 6295257 on Nov 14 2025)
* Project:        vitis_unified_project
* Solution:       hls (Vivado IP Flow Target)
* Product family: zynquplus
* Target device:  xck26-sfvc784-2LV-c


================================================================
== Performance Estimates
================================================================
+ Timing: 
    * Summary: 
    +--------+---------+----------+------------+
    |  Clock |  Target | Estimated| Uncertainty|
    +--------+---------+----------+------------+
    |ap_clk  |  5.00 ns|  4.375 ns|     0.62 ns|
    +--------+---------+----------+------------+

+ Latency: 
    * Summary: 
    +---------+---------+----------+----------+-----+-----+---------+
    |  Latency (cycles) |  Latency (absolute) |  Interval | Pipeline|
    |   min   |   max   |    min   |    max   | min | max |   Type  |
    +---------+---------+----------+----------+-----+-----+---------+
    |        ?|        ?|         ?|         ?|    ?|    ?|       no|
    +---------+---------+----------+----------+-----+-----+---------+

    + Detail: 
        * Instance: 
        +--------------------------------------------------------------------------+----------------------------------------------------------------+---------+---------+----------+----------+-----+-----+-------------------+
        |                                                                          |                                                                |  Latency (cycles) |  Latency (absolute) |  Interval |      Pipeline     |
        |                                 Instance                                 |                             Module                             |   min   |   max   |    min   |    max   | min | max |        Type       |
        +--------------------------------------------------------------------------+----------------------------------------------------------------+---------+---------+----------+----------+-----+-----+-------------------+
        |grp_store_result_float_array_ap_fixed_10u_Pipeline_VITIS_LOOP_29_1_fu_85  |store_result_float_array_ap_fixed_10u_Pipeline_VITIS_LOOP_29_1  |        ?|        ?|         ?|         ?|    0|    0|  loop pipeline stp|
        +--------------------------------------------------------------------------+----------------------------------------------------------------+---------+---------+----------+----------+-----+-----+-------------------+

        * Loop: 
        N/A

============================================================
+ Verbose Summary: Synthesis Manager
============================================================
InlineROM: 1
ExposeGlobal: 0
============================================================
+ Verbose Summary: CDFG Model
============================================================
IsTopModel: 0
ResetActiveHigh: 1
IsCombinational: 2
IsDatapathOnly: 0
HasWiredReturn: 1
HasMFsm: 0
HasVarLatency: 1
IsPipeline: 0
IsRtlPipelined: 0
IsInstanceOverlapped: 0
IsDontTouch: 0
HasImplIP: 0
IsGatedGlobalClock: 0


============================================================
+ Verbose Summary: Schedule
============================================================
* Number of FSM states : 9
* Pipeline : 0
* Dataflow Pipeline: 0

* FSM state transitions: 
1 --> 2 
2 --> 3 
3 --> 4 
4 --> 5 
5 --> 6 
6 --> 7 
7 --> 8 
8 --> 9 
9 --> 

* FSM state operations: 

State 1 <SV = 0> <Delay = 3.25>
ST_1 : Operation 10 [1/1] ( I:1.83ns O:1.83ns )   --->   "%batch_size_1 = read i32 @_ssdm_op_Read.ap_fifo.i32P0A, i32 %batch_size"   --->   Operation 10 'read' 'batch_size_1' <Predicate = true> <Delay = 1.83> <CoreInst = "FIFO_SRL">   --->   Core 80 'FIFO_SRL' <Latency = 0> <II = 1> <Delay = 1.83> <Storage> <Opcode : 'read' 'write' 'nbread' 'nbwrite'> <Ports = 0> <Width = 32> <Depth = 2> <FIFO>
ST_1 : Operation 11 [1/1] ( I:1.83ns O:1.83ns )   --->   "%out_1 = read i64 @_ssdm_op_Read.ap_fifo.i64P0A, i64 %out_r" [firmware/myproject_axi_master.cpp:26]   --->   Operation 11 'read' 'out_1' <Predicate = true> <Delay = 1.83> <CoreInst = "FIFO_SRL">   --->   Core 80 'FIFO_SRL' <Latency = 0> <II = 1> <Delay = 1.83> <Storage> <Opcode : 'read' 'write' 'nbread' 'nbwrite'> <Ports = 0> <Width = 64> <Depth = 4> <FIFO>
ST_1 : Operation 12 [1/1] (1.01ns)   --->   "%icmp_ln29 = icmp_sgt  i32 %batch_size_1, i32 0" [firmware/myproject_axi_master.cpp:29]   --->   Operation 12 'icmp' 'icmp_ln29' <Predicate = true> <Delay = 1.01> <CoreInst = "Cmp">   --->   Core 9 'Cmp' <Latency = 0> <II = 1> <Delay = 1.01> <FuncUnit> <Opcode : 'seteq' 'setne' 'setle' 'setge' 'setlt' 'setgt'> <InPorts = 2> <OutPorts = 1>
ST_1 : Operation 13 [1/1] (0.00ns)   --->   "%p_shl = bitconcatenate i35 @_ssdm_op_BitConcatenate.i35.i32.i3, i32 %batch_size_1, i3 0" [firmware/myproject_axi_master.cpp:29]   --->   Operation 13 'bitconcatenate' 'p_shl' <Predicate = true> <Delay = 0.00>
ST_1 : Operation 14 [1/1] (0.00ns)   --->   "%tmp = bitconcatenate i33 @_ssdm_op_BitConcatenate.i33.i32.i1, i32 %batch_size_1, i1 0" [firmware/myproject_axi_master.cpp:29]   --->   Operation 14 'bitconcatenate' 'tmp' <Predicate = true> <Delay = 0.00>
ST_1 : Operation 15 [1/1] (0.00ns)   --->   "%zext_ln29 = zext i33 %tmp" [firmware/myproject_axi_master.cpp:29]   --->   Operation 15 'zext' 'zext_ln29' <Predicate = true> <Delay = 0.00>
ST_1 : Operation 16 [1/1] (1.02ns)   --->   "%add_ln29 = add i35 %p_shl, i35 %zext_ln29" [firmware/myproject_axi_master.cpp:29]   --->   Operation 16 'add' 'add_ln29' <Predicate = true> <Delay = 1.02> <CoreInst = "Adder">   --->   Core 1 'Adder' <Latency = 0> <II = 1> <Delay = 1.02> <FuncUnit> <Opcode : 'add' 'sub'> <InPorts = 2> <OutPorts = 1>
ST_1 : Operation 17 [1/1] (0.00ns)   --->   "%trunc_ln = partselect i62 @_ssdm_op_PartSelect.i62.i64.i32.i32, i64 %out_1, i32 2, i32 63" [firmware/myproject_axi_master.cpp:29]   --->   Operation 17 'partselect' 'trunc_ln' <Predicate = true> <Delay = 0.00>
ST_1 : Operation 18 [1/1] (0.39ns)   --->   "%empty = select i1 %icmp_ln29, i35 %add_ln29, i35 0" [firmware/myproject_axi_master.cpp:29]   --->   Operation 18 'select' 'empty' <Predicate = true> <Delay = 0.39> <CoreInst = "Sel">   --->   Core 73 'Sel' <Latency = 0> <II = 1> <Delay = 0.39> <FuncUnit> <Opcode : 'select'> <InPorts = 3> <OutPorts = 1>

State 2 <SV = 1> <Delay = 4.37>
ST_2 : Operation 19 [1/1] (0.00ns)   --->   "%sext_ln29 = sext i62 %trunc_ln" [firmware/myproject_axi_master.cpp:29]   --->   Operation 19 'sext' 'sext_ln29' <Predicate = true> <Delay = 0.00>
ST_2 : Operation 20 [1/1] (0.00ns)   --->   "%gmem_out0_addr = getelementptr i32 %gmem_out0, i64 %sext_ln29" [firmware/myproject_axi_master.cpp:29]   --->   Operation 20 'getelementptr' 'gmem_out0_addr' <Predicate = true> <Delay = 0.00>
ST_2 : Operation 21 [1/1] (0.00ns)   --->   "%zext_ln29_1 = zext i35 %empty" [firmware/myproject_axi_master.cpp:29]   --->   Operation 21 'zext' 'zext_ln29_1' <Predicate = true> <Delay = 0.00>
ST_2 : Operation 22 [1/1] ( I:4.37ns O:4.37ns )   --->   "%empty_68 = writereq i1 @_ssdm_op_WriteReq.m_axi.p1i32, i32 %gmem_out0_addr, i64 %zext_ln29_1" [firmware/myproject_axi_master.cpp:29]   --->   Operation 22 'writereq' 'empty_68' <Predicate = true> <Delay = 4.37> <CoreInst = "m_axi">   --->   Core 119 'm_axi' <Latency = 9> <II = 1> <Delay = 1.00> <Adapter> <Opcode : 'readrequnaligned' 'writerequnaligned' 'read' 'write' 'readreq' 'writereq' 'writeresp'>

State 3 <SV = 2> <Delay = 1.44>
ST_3 : Operation 23 [2/2] (1.44ns)   --->   "%call_ln29 = call void @store_result<float,array<ap_fixed,10u>>_Pipeline_VITIS_LOOP_29_1, i32 %batch_size_1, i32 %gmem_out0, i62 %trunc_ln, i320 %stream_out0_layer12_out" [firmware/myproject_axi_master.cpp:29]   --->   Operation 23 'call' 'call_ln29' <Predicate = true> <Delay = 1.44> <CoreType = "Generic">   --->   Generic Core

State 4 <SV = 3> <Delay = 0.00>
ST_4 : Operation 24 [1/2] (0.00ns)   --->   "%call_ln29 = call void @store_result<float,array<ap_fixed,10u>>_Pipeline_VITIS_LOOP_29_1, i32 %batch_size_1, i32 %gmem_out0, i62 %trunc_ln, i320 %stream_out0_layer12_out" [firmware/myproject_axi_master.cpp:29]   --->   Operation 24 'call' 'call_ln29' <Predicate = true> <Delay = 0.00> <CoreType = "Generic">   --->   Generic Core

State 5 <SV = 4> <Delay = 0.00>
ST_5 : Operation 25 [5/5] (4.37ns)   --->   "%empty_69 = writeresp i1 @_ssdm_op_WriteResp.m_axi.p1i32, i32 %gmem_out0_addr" [firmware/myproject_axi_master.cpp:38]   --->   Operation 25 'writeresp' 'empty_69' <Predicate = true> <Delay = 4.37> <CoreInst = "m_axi">   --->   Core 119 'm_axi' <Latency = 3> <II = 1> <Delay = 1.00> <Adapter> <Opcode : 'readrequnaligned' 'writerequnaligned' 'read' 'write' 'readreq' 'writereq' 'writeresp'>

State 6 <SV = 5> <Delay = 0.00>
ST_6 : Operation 26 [4/5] (4.37ns)   --->   "%empty_69 = writeresp i1 @_ssdm_op_WriteResp.m_axi.p1i32, i32 %gmem_out0_addr" [firmware/myproject_axi_master.cpp:38]   --->   Operation 26 'writeresp' 'empty_69' <Predicate = true> <Delay = 4.37> <CoreInst = "m_axi">   --->   Core 119 'm_axi' <Latency = 3> <II = 1> <Delay = 1.00> <Adapter> <Opcode : 'readrequnaligned' 'writerequnaligned' 'read' 'write' 'readreq' 'writereq' 'writeresp'>

State 7 <SV = 6> <Delay = 0.00>
ST_7 : Operation 27 [3/5] (4.37ns)   --->   "%empty_69 = writeresp i1 @_ssdm_op_WriteResp.m_axi.p1i32, i32 %gmem_out0_addr" [firmware/myproject_axi_master.cpp:38]   --->   Operation 27 'writeresp' 'empty_69' <Predicate = true> <Delay = 4.37> <CoreInst = "m_axi">   --->   Core 119 'm_axi' <Latency = 3> <II = 1> <Delay = 1.00> <Adapter> <Opcode : 'readrequnaligned' 'writerequnaligned' 'read' 'write' 'readreq' 'writereq' 'writeresp'>

State 8 <SV = 7> <Delay = 0.00>
ST_8 : Operation 28 [2/5] (4.37ns)   --->   "%empty_69 = writeresp i1 @_ssdm_op_WriteResp.m_axi.p1i32, i32 %gmem_out0_addr" [firmware/myproject_axi_master.cpp:38]   --->   Operation 28 'writeresp' 'empty_69' <Predicate = true> <Delay = 4.37> <CoreInst = "m_axi">   --->   Core 119 'm_axi' <Latency = 3> <II = 1> <Delay = 1.00> <Adapter> <Opcode : 'readrequnaligned' 'writerequnaligned' 'read' 'write' 'readreq' 'writereq' 'writeresp'>

State 9 <SV = 8> <Delay = 4.37>
ST_9 : Operation 29 [1/1] (0.00ns)   --->   "%specinterface_ln0 = specinterface void @_ssdm_op_SpecInterface, i32 %batch_size, void @ap_fifo_str, i32 0, i32 0, void @p_str, i32 0, i32 0, void @p_str, void @p_str, void @p_str, i32 2, i32 2, i32 16, i32 16, void @p_str, void @ScalarProp_str, i32 4294967295, i32 0, i32 0, i32 0"   --->   Operation 29 'specinterface' 'specinterface_ln0' <Predicate = true> <Delay = 0.00>
ST_9 : Operation 30 [1/1] (0.00ns)   --->   "%specinterface_ln0 = specinterface void @_ssdm_op_SpecInterface, i64 %out_r, void @ap_fifo_str, i32 0, i32 0, void @p_str, i32 0, i32 0, void @p_str, void @p_str, void @p_str, i32 2, i32 2, i32 16, i32 16, void @p_str, void @ScalarProp_str, i32 4294967295, i32 0, i32 0, i32 0"   --->   Operation 30 'specinterface' 'specinterface_ln0' <Predicate = true> <Delay = 0.00>
ST_9 : Operation 31 [1/1] (0.00ns)   --->   "%specinterface_ln0 = specinterface void @_ssdm_op_SpecInterface, i320 %stream_out0_layer12_out, void @empty_14, i32 0, i32 0, void @empty_17, i32 0, i32 0, void @empty_17, void @empty_17, void @empty_17, i32 0, i32 0, i32 0, i32 0, void @empty_17, void @empty_17, i32 4294967295, i32 0, i32 0, i32 0"   --->   Operation 31 'specinterface' 'specinterface_ln0' <Predicate = true> <Delay = 0.00>
ST_9 : Operation 32 [1/1] (0.00ns)   --->   "%specinterface_ln0 = specinterface void @_ssdm_op_SpecInterface, i320 %stream_out0_layer12_out, void @empty_14, i32 0, i32 0, void @empty_17, i32 0, i32 0, void @empty_17, void @empty_17, void @empty_17, i32 0, i32 0, i32 0, i32 0, void @empty_17, void @empty_17, i32 4294967295, i32 0, i32 0, i32 0"   --->   Operation 32 'specinterface' 'specinterface_ln0' <Predicate = true> <Delay = 0.00>
ST_9 : Operation 33 [1/1] (0.00ns)   --->   "%specinterface_ln0 = specinterface void @_ssdm_op_SpecInterface, i320 %stream_out0_layer12_out, void @empty_14, i32 0, i32 0, void @empty_17, i32 0, i32 0, void @empty_17, void @empty_17, void @empty_17, i32 0, i32 0, i32 0, i32 0, void @empty_17, void @empty_17, i32 4294967295, i32 0, i32 0, i32 0"   --->   Operation 33 'specinterface' 'specinterface_ln0' <Predicate = true> <Delay = 0.00>
ST_9 : Operation 34 [1/1] (0.00ns)   --->   "%specinterface_ln0 = specinterface void @_ssdm_op_SpecInterface, i320 %stream_out0_layer12_out, void @empty_14, i32 0, i32 0, void @empty_17, i32 0, i32 0, void @empty_17, void @empty_17, void @empty_17, i32 0, i32 0, i32 0, i32 0, void @empty_17, void @empty_17, i32 4294967295, i32 0, i32 0, i32 0"   --->   Operation 34 'specinterface' 'specinterface_ln0' <Predicate = true> <Delay = 0.00>
ST_9 : Operation 35 [1/1] (0.00ns)   --->   "%specinterface_ln0 = specinterface void @_ssdm_op_SpecInterface, i32 %gmem_out0, void @empty_7, i32 0, i32 0, void @empty_17, i32 0, i32 10, void @empty_13, void @empty_1, void @empty_17, i32 16, i32 16, i32 16, i32 16, void @empty_17, void @empty_17, i32 4294967295, i32 0, i32 0, i32 4"   --->   Operation 35 'specinterface' 'specinterface_ln0' <Predicate = true> <Delay = 0.00>
ST_9 : Operation 36 [1/5] ( I:4.37ns O:4.37ns )   --->   "%empty_69 = writeresp i1 @_ssdm_op_WriteResp.m_axi.p1i32, i32 %gmem_out0_addr" [firmware/myproject_axi_master.cpp:38]   --->   Operation 36 'writeresp' 'empty_69' <Predicate = true> <Delay = 4.37> <CoreInst = "m_axi">   --->   Core 119 'm_axi' <Latency = 3> <II = 1> <Delay = 1.00> <Adapter> <Opcode : 'readrequnaligned' 'writerequnaligned' 'read' 'write' 'readreq' 'writereq' 'writeresp'>
ST_9 : Operation 37 [1/1] (0.00ns)   --->   "%ret_ln0 = ret"   --->   Operation 37 'ret' 'ret_ln0' <Predicate = true> <Delay = 0.00>


============================================================
+ Verbose Summary: Binding
============================================================
STG Binding: 
---------------- STG Properties BEGIN ----------------
- Is combinational: 0
- Is one-state seq: 0
- Is datapath-only: 0
- Is pipelined: 0
- Is top level: 0
Port [ Return ] is wired: 1; IO mode=ap_ctrl_hs:ce=0
Port [ gmem_out0]:  wired=1; compound=1; hidden=0; nouse=0; global=0; static=0; extern=0; dir=1; type=4; pingpong=0; private_global=0; IO mode=m_axi:ce=0
Port [ out_r]:  wired=1; compound=1; hidden=0; nouse=0; global=0; static=0; extern=0; dir=0; type=3; pingpong=0; private_global=0; IO mode=ap_fifo:ce=0
Port [ batch_size]:  wired=1; compound=1; hidden=0; nouse=0; global=0; static=0; extern=0; dir=0; type=3; pingpong=0; private_global=0; IO mode=ap_fifo:ce=0
Port [ stream_out0_layer12_out]:  wired=1; compound=1; hidden=0; nouse=0; global=1; static=1; extern=0; dir=0; type=3; pingpong=0; private_global=0; IO mode=ap_fifo:ce=0
---------------- STG Properties END ------------------

---------------- Datapath Model BEGIN ----------------

<LifeTime>
<method=bitvector/>
batch_size_1      (read          ) [ 0011100000]
out_1             (read          ) [ 0000000000]
icmp_ln29         (icmp          ) [ 0000000000]
p_shl             (bitconcatenate) [ 0000000000]
tmp               (bitconcatenate) [ 0000000000]
zext_ln29         (zext          ) [ 0000000000]
add_ln29          (add           ) [ 0000000000]
trunc_ln          (partselect    ) [ 0011100000]
empty             (select        ) [ 0010000000]
sext_ln29         (sext          ) [ 0000000000]
gmem_out0_addr    (getelementptr ) [ 0001111111]
zext_ln29_1       (zext          ) [ 0000000000]
empty_68          (writereq      ) [ 0000000000]
call_ln29         (call          ) [ 0000000000]
specinterface_ln0 (specinterface ) [ 0000000000]
specinterface_ln0 (specinterface ) [ 0000000000]
specinterface_ln0 (specinterface ) [ 0000000000]
specinterface_ln0 (specinterface ) [ 0000000000]
specinterface_ln0 (specinterface ) [ 0000000000]
specinterface_ln0 (specinterface ) [ 0000000000]
specinterface_ln0 (specinterface ) [ 0000000000]
empty_69          (writeresp     ) [ 0000000000]
ret_ln0           (ret           ) [ 0000000000]
</LifeTime>

<model>

<comp_list>
<comp id="0" class="1000" name="gmem_out0">
<pin_list>
<pin id="1" dir="1" index="0" bw="1" slack="0"/>
</pin_list>
<bind>
<StgValue><ssdm name="gmem_out0"/><MemPortTyVec>1 </MemPortTyVec>
</StgValue>
</bind>
</comp>

<comp id="2" class="1000" name="out_r">
<pin_list>
<pin id="3" dir="1" index="0" bw="1" slack="0"/>
</pin_list>
<bind>
<StgValue><ssdm name="out_r"/></StgValue>
</bind>
</comp>

<comp id="4" class="1000" name="batch_size">
<pin_list>
<pin id="5" dir="1" index="0" bw="1" slack="0"/>
</pin_list>
<bind>
<StgValue><ssdm name="batch_size"/></StgValue>
</bind>
</comp>

<comp id="6" class="1000" name="stream_out0_layer12_out">
<pin_list>
<pin id="7" dir="1" index="0" bw="1" slack="0"/>
</pin_list>
<bind>
<StgValue><ssdm name="stream_out0_layer12_out"/></StgValue>
</bind>
</comp>

<comp id="8" class="1001" name="const_8">
<pin_list>
<pin id="9" dir="1" index="0" bw="1" slack="0"/>
</pin_list>
<bind>
<StgValue><ssdm name="_ssdm_op_Read.ap_fifo.i32P0A"/></StgValue>
</bind>
</comp>

<comp id="10" class="1001" name="const_10">
<pin_list>
<pin id="11" dir="1" index="0" bw="1" slack="0"/>
</pin_list>
<bind>
<StgValue><ssdm name="_ssdm_op_Read.ap_fifo.i64P0A"/></StgValue>
</bind>
</comp>

<comp id="12" class="1001" name="const_12">
<pin_list>
<pin id="13" dir="1" index="0" bw="1" slack="0"/>
</pin_list>
<bind>
<StgValue><ssdm name=""/></StgValue>
</bind>
</comp>

<comp id="14" class="1001" name="const_14">
<pin_list>
<pin id="15" dir="1" index="0" bw="1" slack="0"/>
</pin_list>
<bind>
<StgValue><ssdm name="_ssdm_op_BitConcatenate.i35.i32.i3"/></StgValue>
</bind>
</comp>

<comp id="16" class="1001" name="const_16">
<pin_list>
<pin id="17" dir="1" index="0" bw="1" slack="0"/>
</pin_list>
<bind>
<StgValue><ssdm name=""/></StgValue>
</bind>
</comp>

<comp id="18" class="1001" name="const_18">
<pin_list>
<pin id="19" dir="1" index="0" bw="1" slack="0"/>
</pin_list>
<bind>
<StgValue><ssdm name="_ssdm_op_BitConcatenate.i33.i32.i1"/></StgValue>
</bind>
</comp>

<comp id="20" class="1001" name="const_20">
<pin_list>
<pin id="21" dir="1" index="0" bw="1" slack="0"/>
</pin_list>
<bind>
<StgValue><ssdm name=""/></StgValue>
</bind>
</comp>

<comp id="22" class="1001" name="const_22">
<pin_list>
<pin id="23" dir="1" index="0" bw="1" slack="0"/>
</pin_list>
<bind>
<StgValue><ssdm name="_ssdm_op_PartSelect.i62.i64.i32.i32"/></StgValue>
</bind>
</comp>

<comp id="24" class="1001" name="const_24">
<pin_list>
<pin id="25" dir="1" index="0" bw="1" slack="0"/>
</pin_list>
<bind>
<StgValue><ssdm name=""/></StgValue>
</bind>
</comp>

<comp id="26" class="1001" name="const_26">
<pin_list>
<pin id="27" dir="1" index="0" bw="1" slack="0"/>
</pin_list>
<bind>
<StgValue><ssdm name=""/></StgValue>
</bind>
</comp>

<comp id="28" class="1001" name="const_28">
<pin_list>
<pin id="29" dir="1" index="0" bw="1" slack="0"/>
</pin_list>
<bind>
<StgValue><ssdm name=""/></StgValue>
</bind>
</comp>

<comp id="30" class="1001" name="const_30">
<pin_list>
<pin id="31" dir="1" index="0" bw="1" slack="0"/>
</pin_list>
<bind>
<StgValue><ssdm name="_ssdm_op_WriteReq.m_axi.p1i32"/></StgValue>
</bind>
</comp>

<comp id="32" class="1001" name="const_32">
<pin_list>
<pin id="33" dir="1" index="0" bw="1" slack="0"/>
</pin_list>
<bind>
<StgValue><ssdm name="store_result<float,array<ap_fixed,10u>>_Pipeline_VITIS_LOOP_29_1"/></StgValue>
</bind>
</comp>

<comp id="34" class="1001" name="const_34">
<pin_list>
<pin id="35" dir="1" index="0" bw="1" slack="0"/>
</pin_list>
<bind>
<StgValue><ssdm name="_ssdm_op_WriteResp.m_axi.p1i32"/></StgValue>
</bind>
</comp>

<comp id="36" class="1001" name="const_36">
<pin_list>
<pin id="37" dir="1" index="0" bw="1" slack="2147483647"/>
</pin_list>
<bind>
<StgValue><ssdm name="_ssdm_op_SpecInterface"/></StgValue>
</bind>
</comp>

<comp id="38" class="1001" name="const_38">
<pin_list>
<pin id="39" dir="1" index="0" bw="1" slack="2147483647"/>
</pin_list>
<bind>
<StgValue><ssdm name="ap_fifo_str"/></StgValue>
</bind>
</comp>

<comp id="40" class="1001" name="const_40">
<pin_list>
<pin id="41" dir="1" index="0" bw="1" slack="2147483647"/>
</pin_list>
<bind>
<StgValue><ssdm name="p_str"/></StgValue>
</bind>
</comp>

<comp id="42" class="1001" name="const_42">
<pin_list>
<pin id="43" dir="1" index="0" bw="1" slack="2147483647"/>
</pin_list>
<bind>
<StgValue><ssdm name=""/></StgValue>
</bind>
</comp>

<comp id="44" class="1001" name="const_44">
<pin_list>
<pin id="45" dir="1" index="0" bw="1" slack="2147483647"/>
</pin_list>
<bind>
<StgValue><ssdm name="ScalarProp_str"/></StgValue>
</bind>
</comp>

<comp id="46" class="1001" name="const_46">
<pin_list>
<pin id="47" dir="1" index="0" bw="1" slack="2147483647"/>
</pin_list>
<bind>
<StgValue><ssdm name=""/></StgValue>
</bind>
</comp>

<comp id="48" class="1001" name="const_48">
<pin_list>
<pin id="49" dir="1" index="0" bw="1" slack="2147483647"/>
</pin_list>
<bind>
<StgValue><ssdm name="empty_14"/></StgValue>
</bind>
</comp>

<comp id="50" class="1001" name="const_50">
<pin_list>
<pin id="51" dir="1" index="0" bw="1" slack="2147483647"/>
</pin_list>
<bind>
<StgValue><ssdm name="empty_17"/></StgValue>
</bind>
</comp>

<comp id="52" class="1001" name="const_52">
<pin_list>
<pin id="53" dir="1" index="0" bw="1" slack="2147483647"/>
</pin_list>
<bind>
<StgValue><ssdm name="empty_7"/></StgValue>
</bind>
</comp>

<comp id="54" class="1001" name="const_54">
<pin_list>
<pin id="55" dir="1" index="0" bw="1" slack="2147483647"/>
</pin_list>
<bind>
<StgValue><ssdm name=""/></StgValue>
</bind>
</comp>

<comp id="56" class="1001" name="const_56">
<pin_list>
<pin id="57" dir="1" index="0" bw="1" slack="2147483647"/>
</pin_list>
<bind>
<StgValue><ssdm name="empty_13"/></StgValue>
</bind>
</comp>

<comp id="58" class="1001" name="const_58">
<pin_list>
<pin id="59" dir="1" index="0" bw="1" slack="2147483647"/>
</pin_list>
<bind>
<StgValue><ssdm name="empty_1"/></StgValue>
</bind>
</comp>

<comp id="60" class="1001" name="const_60">
<pin_list>
<pin id="61" dir="1" index="0" bw="1" slack="2147483647"/>
</pin_list>
<bind>
<StgValue><ssdm name=""/></StgValue>
</bind>
</comp>

<comp id="62" class="1004" name="batch_size_1_read_fu_62">
<pin_list>
<pin id="63" dir="0" index="0" bw="32" slack="0"/>
<pin id="64" dir="0" index="1" bw="32" slack="0"/>
<pin id="65" dir="1" index="2" bw="32" slack="0"/>
</pin_list>
<bind>
<opcode="read(1150) " fcode="read"/>
<opset="batch_size_1/1 "/>
</bind>
</comp>

<comp id="68" class="1004" name="out_1_read_fu_68">
<pin_list>
<pin id="69" dir="0" index="0" bw="64" slack="0"/>
<pin id="70" dir="0" index="1" bw="64" slack="0"/>
<pin id="71" dir="1" index="2" bw="64" slack="0"/>
</pin_list>
<bind>
<opcode="read(1150) " fcode="read"/>
<opset="out_1/1 "/>
</bind>
</comp>

<comp id="74" class="1004" name="empty_68_writereq_fu_74">
<pin_list>
<pin id="75" dir="0" index="0" bw="1" slack="0"/>
<pin id="76" dir="0" index="1" bw="32" slack="0"/>
<pin id="77" dir="0" index="2" bw="35" slack="0"/>
<pin id="78" dir="1" index="3" bw="1" slack="2147483647"/>
</pin_list>
<bind>
<opcode="writereq(1155) " fcode="writereq"/>
<opset="empty_68/2 "/>
</bind>
</comp>

<comp id="80" class="1004" name="grp_writeresp_fu_80">
<pin_list>
<pin id="81" dir="0" index="0" bw="1" slack="0"/>
<pin id="82" dir="0" index="1" bw="32" slack="3"/>
<pin id="83" dir="1" index="2" bw="1" slack="2147483647"/>
</pin_list>
<bind>
<opcode="writeresp(1158) " fcode="writeresp"/>
<opset="empty_69/5 "/>
</bind>
</comp>

<comp id="85" class="1004" name="grp_store_result_float_array_ap_fixed_10u_Pipeline_VITIS_LOOP_29_1_fu_85">
<pin_list>
<pin id="86" dir="0" index="0" bw="0" slack="0"/>
<pin id="87" dir="0" index="1" bw="32" slack="2"/>
<pin id="88" dir="0" index="2" bw="32" slack="0"/>
<pin id="89" dir="0" index="3" bw="62" slack="2"/>
<pin id="90" dir="0" index="4" bw="320" slack="0"/>
<pin id="91" dir="1" index="5" bw="0" slack="2147483647"/>
</pin_list>
<bind>
<opcode="call(48) " fcode="call"/>
<opset="call_ln29/3 "/>
</bind>
</comp>

<comp id="95" class="1004" name="icmp_ln29_fu_95">
<pin_list>
<pin id="96" dir="0" index="0" bw="32" slack="0"/>
<pin id="97" dir="0" index="1" bw="1" slack="0"/>
<pin id="98" dir="1" index="2" bw="1" slack="0"/>
</pin_list>
<bind>
<opcode="icmp(45) " fcode="icmp"/>
<opset="icmp_ln29/1 "/>
</bind>
</comp>

<comp id="101" class="1004" name="p_shl_fu_101">
<pin_list>
<pin id="102" dir="0" index="0" bw="35" slack="0"/>
<pin id="103" dir="0" index="1" bw="32" slack="0"/>
<pin id="104" dir="0" index="2" bw="1" slack="0"/>
<pin id="105" dir="1" index="3" bw="35" slack="0"/>
</pin_list>
<bind>
<opcode="bitconcatenate(1004) " fcode="bitconcatenate"/>
<opset="p_shl/1 "/>
</bind>
</comp>

<comp id="109" class="1004" name="tmp_fu_109">
<pin_list>
<pin id="110" dir="0" index="0" bw="33" slack="0"/>
<pin id="111" dir="0" index="1" bw="32" slack="0"/>
<pin id="112" dir="0" index="2" bw="1" slack="0"/>
<pin id="113" dir="1" index="3" bw="33" slack="0"/>
</pin_list>
<bind>
<opcode="bitconcatenate(1004) " fcode="bitconcatenate"/>
<opset="tmp/1 "/>
</bind>
</comp>

<comp id="117" class="1004" name="zext_ln29_fu_117">
<pin_list>
<pin id="118" dir="0" index="0" bw="33" slack="0"/>
<pin id="119" dir="1" index="1" bw="35" slack="0"/>
</pin_list>
<bind>
<opcode="zext(34) " fcode="zext"/>
<opset="zext_ln29/1 "/>
</bind>
</comp>

<comp id="121" class="1004" name="add_ln29_fu_121">
<pin_list>
<pin id="122" dir="0" index="0" bw="35" slack="0"/>
<pin id="123" dir="0" index="1" bw="33" slack="0"/>
<pin id="124" dir="1" index="2" bw="35" slack="0"/>
</pin_list>
<bind>
<opcode="add(8) " fcode="add"/>
<opset="add_ln29/1 "/>
</bind>
</comp>

<comp id="127" class="1004" name="trunc_ln_fu_127">
<pin_list>
<pin id="128" dir="0" index="0" bw="62" slack="0"/>
<pin id="129" dir="0" index="1" bw="64" slack="0"/>
<pin id="130" dir="0" index="2" bw="3" slack="0"/>
<pin id="131" dir="0" index="3" bw="7" slack="0"/>
<pin id="132" dir="1" index="4" bw="62" slack="1"/>
</pin_list>
<bind>
<opcode="partselect(1002) " fcode="partselect"/>
<opset="trunc_ln/1 "/>
</bind>
</comp>

<comp id="137" class="1004" name="empty_fu_137">
<pin_list>
<pin id="138" dir="0" index="0" bw="1" slack="0"/>
<pin id="139" dir="0" index="1" bw="35" slack="0"/>
<pin id="140" dir="0" index="2" bw="1" slack="0"/>
<pin id="141" dir="1" index="3" bw="35" slack="1"/>
</pin_list>
<bind>
<opcode="select(49) " fcode="select"/>
<opset="empty/1 "/>
</bind>
</comp>

<comp id="145" class="1004" name="sext_ln29_fu_145">
<pin_list>
<pin id="146" dir="0" index="0" bw="62" slack="1"/>
<pin id="147" dir="1" index="1" bw="64" slack="0"/>
</pin_list>
<bind>
<opcode="sext(35) " fcode="sext"/>
<opset="sext_ln29/2 "/>
</bind>
</comp>

<comp id="148" class="1004" name="gmem_out0_addr_fu_148">
<pin_list>
<pin id="149" dir="0" index="0" bw="32" slack="0"/>
<pin id="150" dir="0" index="1" bw="62" slack="0"/>
<pin id="151" dir="1" index="2" bw="32" slack="0"/>
</pin_list>
<bind>
<opcode="getelementptr(29) " fcode="getelementptr"/>
<opset="gmem_out0_addr/2 "/>
</bind>
</comp>

<comp id="155" class="1004" name="zext_ln29_1_fu_155">
<pin_list>
<pin id="156" dir="0" index="0" bw="35" slack="1"/>
<pin id="157" dir="1" index="1" bw="64" slack="0"/>
</pin_list>
<bind>
<opcode="zext(34) " fcode="zext"/>
<opset="zext_ln29_1/2 "/>
</bind>
</comp>

<comp id="159" class="1005" name="batch_size_1_reg_159">
<pin_list>
<pin id="160" dir="0" index="0" bw="32" slack="2"/>
<pin id="161" dir="1" index="1" bw="32" slack="2"/>
</pin_list>
<bind>
<opset="batch_size_1 "/>
</bind>
</comp>

<comp id="164" class="1005" name="trunc_ln_reg_164">
<pin_list>
<pin id="165" dir="0" index="0" bw="62" slack="1"/>
<pin id="166" dir="1" index="1" bw="62" slack="1"/>
</pin_list>
<bind>
<opset="trunc_ln "/>
</bind>
</comp>

<comp id="170" class="1005" name="empty_reg_170">
<pin_list>
<pin id="171" dir="0" index="0" bw="35" slack="1"/>
<pin id="172" dir="1" index="1" bw="35" slack="1"/>
</pin_list>
<bind>
<opset="empty "/>
</bind>
</comp>

<comp id="175" class="1005" name="gmem_out0_addr_reg_175">
<pin_list>
<pin id="176" dir="0" index="0" bw="32" slack="3"/>
<pin id="177" dir="1" index="1" bw="32" slack="3"/>
</pin_list>
<bind>
<opset="gmem_out0_addr "/>
</bind>
</comp>

</comp_list>

<net_list>
<net id="66"><net_src comp="8" pin="0"/><net_sink comp="62" pin=0"/></net>

<net id="67"><net_src comp="4" pin="0"/><net_sink comp="62" pin=1"/></net>

<net id="72"><net_src comp="10" pin="0"/><net_sink comp="68" pin=0"/></net>

<net id="73"><net_src comp="2" pin="0"/><net_sink comp="68" pin=1"/></net>

<net id="79"><net_src comp="30" pin="0"/><net_sink comp="74" pin=0"/></net>

<net id="84"><net_src comp="34" pin="0"/><net_sink comp="80" pin=0"/></net>

<net id="92"><net_src comp="32" pin="0"/><net_sink comp="85" pin=0"/></net>

<net id="93"><net_src comp="0" pin="0"/><net_sink comp="85" pin=2"/></net>

<net id="94"><net_src comp="6" pin="0"/><net_sink comp="85" pin=4"/></net>

<net id="99"><net_src comp="62" pin="2"/><net_sink comp="95" pin=0"/></net>

<net id="100"><net_src comp="12" pin="0"/><net_sink comp="95" pin=1"/></net>

<net id="106"><net_src comp="14" pin="0"/><net_sink comp="101" pin=0"/></net>

<net id="107"><net_src comp="62" pin="2"/><net_sink comp="101" pin=1"/></net>

<net id="108"><net_src comp="16" pin="0"/><net_sink comp="101" pin=2"/></net>

<net id="114"><net_src comp="18" pin="0"/><net_sink comp="109" pin=0"/></net>

<net id="115"><net_src comp="62" pin="2"/><net_sink comp="109" pin=1"/></net>

<net id="116"><net_src comp="20" pin="0"/><net_sink comp="109" pin=2"/></net>

<net id="120"><net_src comp="109" pin="3"/><net_sink comp="117" pin=0"/></net>

<net id="125"><net_src comp="101" pin="3"/><net_sink comp="121" pin=0"/></net>

<net id="126"><net_src comp="117" pin="1"/><net_sink comp="121" pin=1"/></net>

<net id="133"><net_src comp="22" pin="0"/><net_sink comp="127" pin=0"/></net>

<net id="134"><net_src comp="68" pin="2"/><net_sink comp="127" pin=1"/></net>

<net id="135"><net_src comp="24" pin="0"/><net_sink comp="127" pin=2"/></net>

<net id="136"><net_src comp="26" pin="0"/><net_sink comp="127" pin=3"/></net>

<net id="142"><net_src comp="95" pin="2"/><net_sink comp="137" pin=0"/></net>

<net id="143"><net_src comp="121" pin="2"/><net_sink comp="137" pin=1"/></net>

<net id="144"><net_src comp="28" pin="0"/><net_sink comp="137" pin=2"/></net>

<net id="152"><net_src comp="0" pin="0"/><net_sink comp="148" pin=0"/></net>

<net id="153"><net_src comp="145" pin="1"/><net_sink comp="148" pin=1"/></net>

<net id="154"><net_src comp="148" pin="2"/><net_sink comp="74" pin=1"/></net>

<net id="158"><net_src comp="155" pin="1"/><net_sink comp="74" pin=2"/></net>

<net id="162"><net_src comp="62" pin="2"/><net_sink comp="159" pin=0"/></net>

<net id="163"><net_src comp="159" pin="1"/><net_sink comp="85" pin=1"/></net>

<net id="167"><net_src comp="127" pin="4"/><net_sink comp="164" pin=0"/></net>

<net id="168"><net_src comp="164" pin="1"/><net_sink comp="145" pin=0"/></net>

<net id="169"><net_src comp="164" pin="1"/><net_sink comp="85" pin=3"/></net>

<net id="173"><net_src comp="137" pin="3"/><net_sink comp="170" pin=0"/></net>

<net id="174"><net_src comp="170" pin="1"/><net_sink comp="155" pin=0"/></net>

<net id="178"><net_src comp="148" pin="2"/><net_sink comp="175" pin=0"/></net>

<net id="179"><net_src comp="175" pin="1"/><net_sink comp="80" pin=1"/></net>

</net_list>

</model> 
---------------- Datapath Model END ------------------

* FSMD analyzer results:
  - Output states:
	Port: gmem_out0 | {2 3 4 5 6 7 8 9 }
 - Input state : 
	Port: store_result<float, array<ap_fixed<19, 12, 5, 3, 0>, 10u> > : out_r | {1 }
	Port: store_result<float, array<ap_fixed<19, 12, 5, 3, 0>, 10u> > : batch_size | {1 }
	Port: store_result<float, array<ap_fixed<19, 12, 5, 3, 0>, 10u> > : stream_out0_layer12_out | {3 4 }
  - Chain level:
	State 1
		zext_ln29 : 1
		add_ln29 : 2
		empty : 3
	State 2
		gmem_out0_addr : 1
		empty_68 : 2
	State 3
	State 4
	State 5
	State 6
	State 7
	State 8
	State 9


============================================================
+ Verbose Summary: Datapath Resource usage 
============================================================

* Functional unit list:
|----------|--------------------------------------------------------------------------|---------|---------|---------|
| Operation|                              Functional Unit                             |  Delay  |    FF   |   LUT   |
|----------|--------------------------------------------------------------------------|---------|---------|---------|
|   call   | grp_store_result_float_array_ap_fixed_10u_Pipeline_VITIS_LOOP_29_1_fu_85 | 0.754333|   765   |   2401  |
|----------|--------------------------------------------------------------------------|---------|---------|---------|
|    add   |                              add_ln29_fu_121                             |    0    |    0    |    42   |
|----------|--------------------------------------------------------------------------|---------|---------|---------|
|   icmp   |                              icmp_ln29_fu_95                             |    0    |    0    |    39   |
|----------|--------------------------------------------------------------------------|---------|---------|---------|
|  select  |                               empty_fu_137                               |    0    |    0    |    33   |
|----------|--------------------------------------------------------------------------|---------|---------|---------|
|   read   |                          batch_size_1_read_fu_62                         |    0    |    0    |    0    |
|          |                             out_1_read_fu_68                             |    0    |    0    |    0    |
|----------|--------------------------------------------------------------------------|---------|---------|---------|
| writereq |                          empty_68_writereq_fu_74                         |    0    |    0    |    0    |
|----------|--------------------------------------------------------------------------|---------|---------|---------|
| writeresp|                            grp_writeresp_fu_80                           |    0    |    0    |    0    |
|----------|--------------------------------------------------------------------------|---------|---------|---------|
|bitconcatenate|                               p_shl_fu_101                               |    0    |    0    |    0    |
|          |                                tmp_fu_109                                |    0    |    0    |    0    |
|----------|--------------------------------------------------------------------------|---------|---------|---------|
|   zext   |                             zext_ln29_fu_117                             |    0    |    0    |    0    |
|          |                            zext_ln29_1_fu_155                            |    0    |    0    |    0    |
|----------|--------------------------------------------------------------------------|---------|---------|---------|
|partselect|                              trunc_ln_fu_127                             |    0    |    0    |    0    |
|----------|--------------------------------------------------------------------------|---------|---------|---------|
|   sext   |                             sext_ln29_fu_145                             |    0    |    0    |    0    |
|----------|--------------------------------------------------------------------------|---------|---------|---------|
|   Total  |                                                                          | 0.754333|   765   |   2515  |
|----------|--------------------------------------------------------------------------|---------|---------|---------|

Memories:
N/A

* Register list:
+----------------------+--------+
|                      |   FF   |
+----------------------+--------+
| batch_size_1_reg_159 |   32   |
|     empty_reg_170    |   35   |
|gmem_out0_addr_reg_175|   32   |
|   trunc_ln_reg_164   |   62   |
+----------------------+--------+
|         Total        |   161  |
+----------------------+--------+

* Multiplexer (MUX) list: 
|--------|------|------|------|--------|
|  Comp  |  Pin | Size |  BW  | S x BW |
|--------|------|------|------|--------|
|  Total |      |      |      |    0   |
|--------|------|------|------|--------|



* Summary:
+-----------+--------+--------+--------+
|           |  Delay |   FF   |   LUT  |
+-----------+--------+--------+--------+
|  Function |    0   |   765  |  2515  |
|   Memory  |    -   |    -   |    -   |
|Multiplexer|    -   |    -   |    -   |
|  Register |    -   |   161  |    -   |
+-----------+--------+--------+--------+
|   Total   |    0   |   926  |  2515  |
+-----------+--------+--------+--------+
