Copyright 1986-2022 Xilinx, Inc. All Rights Reserved. Copyright 2022-2025 Advanced Micro Devices, Inc. All Rights Reserved.
-----------------------------------------------------------------------------------------------------------------------------------------------------------------------------------------------------------------
| Tool Version : Vivado v.2025.2 (lin64) Build 6299465 Fri Nov 14 12:34:56 MST 2025
| Date         : Thu May  7 14:56:17 2026
| Host         : 11c2efc5f272 running 64-bit Ubuntu 22.04.5 LTS
| Command      : report_accelerator_utilization -kernels { myproject_axi_master:vitis_design_i/myproject_axi_master_1/inst:myproject_axi_master_1} -file kernel_util_synthed.rpt -name kernel_util_synthed -json
| Design       : vitis_design_wrapper
| Device       : xck26
| Design State : Synthesized
-----------------------------------------------------------------------------------------------------------------------------------------------------------------------------------------------------------------

Accelerator Utilization Design Information

Table of Contents
-----------------
1. System Utilization

1. System Utilization
---------------------

+---------------------------+------------------+-----------------+------------------+---------------+--------------+----------------+
| Name                      | LUT              | LUTAsMem        | REG              | BRAM          | URAM         | DSP            |
+---------------------------+------------------+-----------------+------------------+---------------+--------------+----------------+
| Platform                  |   7170 [  6.12%] |  1474 [  2.56%] |  11596 [  4.95%] |   2 [  1.39%] |  0 [  0.00%] |    0 [  0.00%] |
| User Budget               | 109950 [100.00%] | 56126 [100.00%] | 222644 [100.00%] | 142 [100.00%] | 64 [100.00%] | 1248 [100.00%] |
|    Used Resources         |  11242 [ 10.22%] |   351 [  0.63%] |   7856 [  3.53%] |   6 [  4.23%] |  0 [  0.00%] |    5 [  0.40%] |
|    Unused Resources       |  98708 [ 89.78%] | 55775 [ 99.37%] | 214788 [ 96.47%] | 136 [ 95.77%] | 64 [100.00%] | 1243 [ 99.60%] |
| myproject_axi_master      |  11242 [ 10.22%] |   351 [  0.63%] |   7856 [  3.53%] |   6 [  4.23%] |  0 [  0.00%] |    5 [  0.40%] |
|    myproject_axi_master_1 |  11242 [ 10.22%] |   351 [  0.63%] |   7856 [  3.53%] |   6 [  4.23%] |  0 [  0.00%] |    5 [  0.40%] |
+---------------------------+------------------+-----------------+------------------+---------------+--------------+----------------+


