Thu May  7 10:10:53 2026: Running xcd server. This server was built by gradle.
Thu May  7 10:10:53 2026: Server was asked to start on port: '42309'
Thu May  7 10:10:53 2026: Server is using token UUID: 'd62d7e03-fccc-4f16-bfe5-ab1bccadca9e'
Thu May  7 10:10:53 2026: SESSION_MGR: creating session with session uuid: '6d04a3e9-ade5-4ab9-8d63-1f78fcd2ec76' and name 'default'
Thu May  7 10:10:53 2026: Attempting to start server on port '42309'
Thu May  7 10:10:53 2026: XCD main fifo: created main fifo '/tmp/xcdmaind62d7e03-fccc-4f16-bfe5-ab1bccadca9e', fd read = 12
Thu May  7 10:10:53 2026: Running Dispatch Server
Thu May  7 10:10:53 2026: Version 2.2.0
Thu May  7 10:10:55 2026: Dispatch Server: Accepted socket connection from client
Thu May  7 10:10:55 2026: Starting Socket connection
Thu May  7 10:10:55 2026: EXCHANGE_TOKEN received, server token: d62d7e03-fccc-4f16-bfe5-ab1bccadca9e, passed token: d62d7e03-fccc-4f16-bfe5-ab1bccadca9e
Thu May  7 10:10:56 2026: DISPATCH_HANDLER: Adding handler from function makeHandler in library libxv_system_diagram
Thu May  7 10:10:56 2026: SESSION_MGR: creating session with session uuid: 'ac5e33c6-c555-47ae-bd37-fa23bfd3c79d' and name 'v++_link_myproject'
Thu May  7 10:10:56 2026: KERNEL_SVC: creating session with uuid: 'ac5e33c6-c555-47ae-bd37-fa23bfd3c79d' and name 'v++_link_myproject'
Thu May  7 10:10:56 2026: GUIDANCE_SMGR: creating guidance session with uuid: 'ac5e33c6-c555-47ae-bd37-fa23bfd3c79d' and name 'v++_link_myproject'
Thu May  7 10:10:56 2026: SYSTEM_DIAGRAM: creating session with uuid: 'ac5e33c6-c555-47ae-bd37-fa23bfd3c79d' and name 'v++_link_myproject'
Thu May  7 10:11:00 2026: Dispatch Server: Accepted socket connection from client
Thu May  7 10:11:00 2026: Starting Socket connection
Thu May  7 10:11:02 2026: Dispatch Server: Accepted socket connection from client
Thu May  7 10:11:02 2026: Starting Socket connection
Thu May  7 10:11:29 2026: Dispatch Server: Accepted socket connection from client
Thu May  7 10:11:29 2026: Starting Socket connection
Thu May  7 10:11:29 2026: Dispatch Server: Accepted socket connection from client
Thu May  7 10:11:29 2026: Starting Socket connection
Thu May  7 10:11:29 2026: Dispatch Server: Accepted socket connection from client
Thu May  7 10:11:29 2026: Starting Socket connection
Thu May  7 10:11:29 2026: Dispatch Server: Accepted socket connection from client
Thu May  7 10:11:29 2026: Starting Socket connection
Thu May  7 10:11:29 2026: Dispatch Server: Accepted socket connection from client
Thu May  7 10:11:29 2026: Starting Socket connection
Thu May  7 10:11:29 2026: Dispatch Server: Accepted socket connection from client
Thu May  7 10:11:29 2026: Starting Socket connection
Thu May  7 10:11:29 2026: Dispatch Server: Accepted socket connection from client
Thu May  7 10:11:29 2026: Starting Socket connection
Thu May  7 10:11:29 2026: Dispatch Server: Accepted socket connection from client
Thu May  7 10:11:29 2026: Starting Socket connection
Thu May  7 10:11:58 2026: Dispatch Server: Accepted socket connection from client
Thu May  7 10:11:58 2026: Starting Socket connection
Thu May  7 10:11:59 2026: Dispatch Server: Accepted socket connection from client
Thu May  7 10:11:59 2026: Starting Socket connection
Thu May  7 10:13:00 2026: Dispatch Server: Accepted socket connection from client
Thu May  7 10:13:00 2026: Starting Socket connection
Thu May  7 10:13:28 2026: Dispatch Server: Accepted socket connection from client
Thu May  7 10:13:28 2026: Starting Socket connection
Thu May  7 10:15:30 2026: SESSION_MGR: closing session for UUID 'ac5e33c6-c555-47ae-bd37-fa23bfd3c79d' with name 'v++_link_myproject'
Thu May  7 10:15:30 2026: KERNEL_SVC: closing session for UUID 'ac5e33c6-c555-47ae-bd37-fa23bfd3c79d' with name 'v++_link_myproject'
Thu May  7 10:15:30 2026: GUIDANCE_SMGR: closing session for UUID 'ac5e33c6-c555-47ae-bd37-fa23bfd3c79d' with name 'v++_link_myproject'
Thu May  7 10:15:30 2026: SYSTEM_DIAGRAM: closing session for UUID 'ac5e33c6-c555-47ae-bd37-fa23bfd3c79d' with name 'v++_link_myproject'
Thu May  7 10:15:30 2026: STOP_SERVER received, server token: d62d7e03-fccc-4f16-bfe5-ab1bccadca9e, passed token: d62d7e03-fccc-4f16-bfe5-ab1bccadca9e
Thu May  7 10:15:30 2026: Socket received request to stop server.
Thu May  7 10:15:30 2026: Dispatch Server: do_await_stop
Thu May  7 10:15:30 2026: Dispatch Server: stopping mainFifo_
Thu May  7 10:15:30 2026: XCD main fifo: Stopping
Thu May  7 10:15:30 2026: XCD main fifo: do_read error code: Operation canceled
Thu May  7 10:15:30 2026: XCD main fifo: bytes_transferred: 0
Thu May  7 10:15:30 2026: SERVER: destructor for server bound to port 42309
Thu May  7 10:15:30 2026: XCD main fifo: Good unlink of /tmp/xcdmaind62d7e03-fccc-4f16-bfe5-ab1bccadca9e
Thu May  7 10:15:30 2026: Server exiting with status 0.
Thu May  7 10:15:30 2026: Closing log file.
