

================================================================
== Vitis HLS Report for 'load_input'
================================================================
* Date:           Wed May 27 10:02:12 2026

* Version:        2025.2 (Build 6295257 on Nov 14 2025)
* Project:        vitis_unified_project
* Solution:       hls (Vivado IP Flow Target)
* Product family: zynquplus
* Target device:  xck26-sfvc784-2LV-c


================================================================
== Performance Estimates
================================================================
+ Timing: 
    * Summary: 
    +--------+---------+----------+------------+
    |  Clock |  Target | Estimated| Uncertainty|
    +--------+---------+----------+------------+
    |ap_clk  |  5.00 ns|  4.310 ns|     0.62 ns|
    +--------+---------+----------+------------+

+ Latency: 
    * Summary: 
    +---------+---------+----------+----------+-----+-----+---------+
    |  Latency (cycles) |  Latency (absolute) |  Interval | Pipeline|
    |   min   |   max   |    min   |    max   | min | max |   Type  |
    +---------+---------+----------+----------+-----+-----+---------+
    |        ?|        ?|         ?|         ?|    ?|    ?|       no|
    +---------+---------+----------+----------+-----+-----+---------+

    + Detail: 
        * Instance: 
        +--------------------------------------------------------------+----------------------------------------------------+---------+---------+----------+----------+-----+-----+-------------------+
        |                                                              |                                                    |  Latency (cycles) |  Latency (absolute) |  Interval |      Pipeline     |
        |                           Instance                           |                       Module                       |   min   |   max   |    min   |    max   | min | max |        Type       |
        +--------------------------------------------------------------+----------------------------------------------------+---------+---------+----------+----------+-----+-----+-------------------+
        |grp_load_input_Pipeline_load_input_loop_VITIS_LOOP_8_1_fu_80  |load_input_Pipeline_load_input_loop_VITIS_LOOP_8_1  |        ?|        ?|         ?|         ?|    0|    0|  loop pipeline stp|
        +--------------------------------------------------------------+----------------------------------------------------+---------+---------+----------+----------+-----+-----+-------------------+

        * Loop: 
        N/A



================================================================
== Utilization Estimates
================================================================
* Summary: 
+-----------------+---------+------+--------+--------+-----+
|       Name      | BRAM_18K|  DSP |   FF   |   LUT  | URAM|
+-----------------+---------+------+--------+--------+-----+
|DSP              |        -|     -|       -|       -|    -|
|Expression       |        -|     -|       0|     154|    -|
|FIFO             |        -|     -|       -|       -|    -|
|Instance         |        -|     -|     131|     827|    -|
|Memory           |        -|     -|       -|       -|    -|
|Multiplexer      |        -|     -|       0|      56|    -|
|Register         |        -|     -|      74|       -|    -|
+-----------------+---------+------+--------+--------+-----+
|Total            |        0|     0|     205|    1037|    0|
+-----------------+---------+------+--------+--------+-----+
|Available        |      288|  1248|  234240|  117120|   64|
+-----------------+---------+------+--------+--------+-----+
|Utilization (%)  |        0|     0|      ~0|      ~0|    0|
+-----------------+---------+------+--------+--------+-----+

+ Detail: 
    * Instance: 
    +--------------------------------------------------------------+----------------------------------------------------+---------+----+-----+-----+-----+
    |                           Instance                           |                       Module                       | BRAM_18K| DSP|  FF | LUT | URAM|
    +--------------------------------------------------------------+----------------------------------------------------+---------+----+-----+-----+-----+
    |grp_load_input_Pipeline_load_input_loop_VITIS_LOOP_8_1_fu_80  |load_input_Pipeline_load_input_loop_VITIS_LOOP_8_1  |        0|   0|  131|  827|    0|
    +--------------------------------------------------------------+----------------------------------------------------+---------+----+-----+-----+-----+
    |Total                                                         |                                                    |        0|   0|  131|  827|    0|
    +--------------------------------------------------------------+----------------------------------------------------+---------+----+-----+-----+-----+

    * DSP: 
    N/A

    * Memory: 
    N/A

    * FIFO: 
    N/A

    * Expression: 
    +-------------------+----------+----+---+----+------------+------------+
    |   Variable Name   | Operation| DSP| FF| LUT| Bitwidth P0| Bitwidth P1|
    +-------------------+----------+----+---+----+------------+------------+
    |bound_fu_148_p2    |         +|   0|  0|  41|          41|          41|
    |p_sub_fu_131_p2    |         -|   0|  0|  41|          41|          41|
    |empty_56_fu_99_p2  |      icmp|   0|  0|  39|          32|           1|
    |ap_block_state1    |        or|   0|  0|   2|           1|           1|
    |smax_fu_105_p3     |    select|   0|  0|  31|           1|          31|
    +-------------------+----------+----+---+----+------------+------------+
    |Total              |          |   0|  0| 154|         116|         115|
    +-------------------+----------+----+---+----+------------+------------+

    * Multiplexer: 
    +--------------------------------------+----+-----------+-----+-----------+
    |                 Name                 | LUT| Input Size| Bits| Total Bits|
    +--------------------------------------+----+-----------+-----+-----------+
    |ap_NS_fsm                             |  20|          4|    1|          4|
    |ap_done                               |   9|          2|    1|          2|
    |axi_input_stream_TREADY_int_regslice  |   9|          2|    1|          2|
    |batch_size_c1_blk_n                   |   9|          2|    1|          2|
    |real_start                            |   9|          2|    1|          2|
    +--------------------------------------+----+-----------+-----+-----------+
    |Total                                 |  56|         12|    5|         12|
    +--------------------------------------+----+-----------+-----+-----------+

    * Register: 
    +---------------------------------------------------------------------------+----+----+-----+-----------+
    |                                    Name                                   | FF | LUT| Bits| Const Bits|
    +---------------------------------------------------------------------------+----+----+-----+-----------+
    |ap_CS_fsm                                                                  |   3|   0|    3|          0|
    |ap_done_reg                                                                |   1|   0|    1|          0|
    |bound_reg_162                                                              |  37|   0|   41|          4|
    |grp_load_input_Pipeline_load_input_loop_VITIS_LOOP_8_1_fu_80_ap_start_reg  |   1|   0|    1|          0|
    |smax_reg_155                                                               |  31|   0|   31|          0|
    |start_once_reg                                                             |   1|   0|    1|          0|
    +---------------------------------------------------------------------------+----+----+-----+-----------+
    |Total                                                                      |  74|   0|   78|          4|
    +---------------------------------------------------------------------------+----+----+-----+-----------+



================================================================
== Interface
================================================================
* Summary: 
+-----------------------------------+-----+-----+------------+---------------------------+--------------+
|             RTL Ports             | Dir | Bits|  Protocol  |       Source Object       |    C Type    |
+-----------------------------------+-----+-----+------------+---------------------------+--------------+
|ap_clk                             |   in|    1|  ap_ctrl_hs|                 load_input|  return value|
|ap_rst                             |   in|    1|  ap_ctrl_hs|                 load_input|  return value|
|ap_start                           |   in|    1|  ap_ctrl_hs|                 load_input|  return value|
|start_full_n                       |   in|    1|  ap_ctrl_hs|                 load_input|  return value|
|ap_done                            |  out|    1|  ap_ctrl_hs|                 load_input|  return value|
|ap_continue                        |   in|    1|  ap_ctrl_hs|                 load_input|  return value|
|ap_idle                            |  out|    1|  ap_ctrl_hs|                 load_input|  return value|
|ap_ready                           |  out|    1|  ap_ctrl_hs|                 load_input|  return value|
|start_out                          |  out|    1|  ap_ctrl_hs|                 load_input|  return value|
|start_write                        |  out|    1|  ap_ctrl_hs|                 load_input|  return value|
|axi_input_stream_TDATA             |   in|   32|        axis|  axi_input_stream_V_data_V|       pointer|
|axi_input_stream_TVALID            |   in|    1|        axis|  axi_input_stream_V_last_V|       pointer|
|axi_input_stream_TREADY            |  out|    1|        axis|  axi_input_stream_V_last_V|       pointer|
|axi_input_stream_TLAST             |   in|    1|        axis|  axi_input_stream_V_last_V|       pointer|
|axi_input_stream_TKEEP             |   in|    4|        axis|  axi_input_stream_V_keep_V|       pointer|
|axi_input_stream_TSTRB             |   in|    4|        axis|  axi_input_stream_V_strb_V|       pointer|
|batch_size                         |   in|   32|     ap_none|                 batch_size|        scalar|
|batch_size_c1_din                  |  out|   32|     ap_fifo|              batch_size_c1|       pointer|
|batch_size_c1_full_n               |   in|    1|     ap_fifo|              batch_size_c1|       pointer|
|batch_size_c1_write                |  out|    1|     ap_fifo|              batch_size_c1|       pointer|
|batch_size_c1_num_data_valid       |   in|    3|     ap_fifo|              batch_size_c1|       pointer|
|batch_size_c1_fifo_cap             |   in|    3|     ap_fifo|              batch_size_c1|       pointer|
|model_input_stream_din             |  out|    8|     ap_fifo|         model_input_stream|       pointer|
|model_input_stream_full_n          |   in|    1|     ap_fifo|         model_input_stream|       pointer|
|model_input_stream_write           |  out|    1|     ap_fifo|         model_input_stream|       pointer|
|model_input_stream_num_data_valid  |   in|   11|     ap_fifo|         model_input_stream|       pointer|
|model_input_stream_fifo_cap        |   in|   11|     ap_fifo|         model_input_stream|       pointer|
+-----------------------------------+-----+-----+------------+---------------------------+--------------+

