

================================================================
== Vitis HLS Report for 'relu_ap_fixed_14_8_5_3_0_ap_ufixed_12_6_5_3_0_relu_config4_s'
================================================================
* Date:           Wed Mar 18 19:22:23 2026

* Version:        2025.2 (Build 6295257 on Nov 14 2025)
* Project:        hgq2_1_hls4ml_prj_Vitis_da4ml_prj
* Solution:       solution1 (Vivado IP Flow Target)
* Product family: zynquplus
* Target device:  xck26-sfvc784-2LV-c


================================================================
== Performance Estimates
================================================================
+ Timing: 
    * Summary: 
    +--------+---------+----------+------------+
    |  Clock |  Target | Estimated| Uncertainty|
    +--------+---------+----------+------------+
    |ap_clk  |  5.00 ns|  1.206 ns|     1.35 ns|
    +--------+---------+----------+------------+

+ Latency: 
    * Summary: 
    +---------+---------+----------+----------+-----+-----+---------+
    |  Latency (cycles) |  Latency (absolute) |  Interval | Pipeline|
    |   min   |   max   |    min   |    max   | min | max |   Type  |
    +---------+---------+----------+----------+-----+-----+---------+
    |        0|        0|      0 ns|      0 ns|    1|    1|      yes|
    +---------+---------+----------+----------+-----+-----+---------+

    + Detail: 
        * Instance: 
        N/A

        * Loop: 
        N/A



================================================================
== Utilization Estimates
================================================================
* Summary: 
+-----------------+---------+------+--------+--------+-----+
|       Name      | BRAM_18K|  DSP |   FF   |   LUT  | URAM|
+-----------------+---------+------+--------+--------+-----+
|DSP              |        -|     -|       -|       -|    -|
|Expression       |        -|     -|       0|     776|    -|
|FIFO             |        -|     -|       -|       -|    -|
|Instance         |        -|     -|       -|       -|    -|
|Memory           |        -|     -|       -|       -|    -|
|Multiplexer      |        -|     -|       -|       -|    -|
|Register         |        -|     -|       -|       -|    -|
+-----------------+---------+------+--------+--------+-----+
|Total            |        0|     0|       0|     776|    0|
+-----------------+---------+------+--------+--------+-----+
|Available        |      288|  1248|  234240|  117120|   64|
+-----------------+---------+------+--------+--------+-----+
|Utilization (%)  |        0|     0|       0|      ~0|    0|
+-----------------+---------+------+--------+--------+-----+

+ Detail: 
    * Instance: 
    N/A

    * DSP: 
    N/A

    * Memory: 
    N/A

    * FIFO: 
    N/A

    * Expression: 
    +--------------------------+----------+----+---+----+------------+------------+
    |       Variable Name      | Operation| DSP| FF| LUT| Bitwidth P0| Bitwidth P1|
    +--------------------------+----------+----+---+----+------------+------------+
    |icmp_ln45_15_fu_246_p2    |      icmp|   0|  0|  21|          14|           1|
    |icmp_ln45_16_fu_264_p2    |      icmp|   0|  0|  20|          13|           1|
    |icmp_ln45_17_fu_282_p2    |      icmp|   0|  0|  21|          14|           1|
    |icmp_ln45_18_fu_300_p2    |      icmp|   0|  0|  21|          14|           1|
    |icmp_ln45_19_fu_318_p2    |      icmp|   0|  0|  21|          14|           1|
    |icmp_ln45_20_fu_336_p2    |      icmp|   0|  0|  20|          13|           1|
    |icmp_ln45_21_fu_354_p2    |      icmp|   0|  0|  19|          12|           1|
    |icmp_ln45_22_fu_376_p2    |      icmp|   0|  0|  21|          14|           1|
    |icmp_ln45_23_fu_394_p2    |      icmp|   0|  0|  21|          14|           1|
    |icmp_ln45_24_fu_412_p2    |      icmp|   0|  0|  20|          13|           1|
    |icmp_ln45_25_fu_430_p2    |      icmp|   0|  0|  21|          14|           1|
    |icmp_ln45_26_fu_448_p2    |      icmp|   0|  0|  20|          13|           1|
    |icmp_ln45_27_fu_466_p2    |      icmp|   0|  0|  20|          13|           1|
    |icmp_ln45_28_fu_484_p2    |      icmp|   0|  0|  21|          14|           1|
    |icmp_ln45_29_fu_502_p2    |      icmp|   0|  0|  20|          13|           1|
    |icmp_ln45_30_fu_520_p2    |      icmp|   0|  0|  20|          13|           1|
    |icmp_ln45_31_fu_538_p2    |      icmp|   0|  0|  20|          13|           1|
    |icmp_ln45_32_fu_556_p2    |      icmp|   0|  0|  19|          12|           1|
    |icmp_ln45_33_fu_578_p2    |      icmp|   0|  0|  20|          13|           1|
    |icmp_ln45_34_fu_596_p2    |      icmp|   0|  0|  21|          14|           1|
    |icmp_ln45_35_fu_614_p2    |      icmp|   0|  0|  20|          13|           1|
    |icmp_ln45_36_fu_632_p2    |      icmp|   0|  0|  19|          12|           1|
    |icmp_ln45_37_fu_654_p2    |      icmp|   0|  0|  18|          11|           1|
    |icmp_ln45_38_fu_676_p2    |      icmp|   0|  0|  21|          14|           1|
    |icmp_ln45_fu_228_p2       |      icmp|   0|  0|  20|          13|           1|
    |select_ln45_15_fu_256_p3  |    select|   0|  0|  11|           1|          12|
    |select_ln45_16_fu_274_p3  |    select|   0|  0|  11|           1|          12|
    |select_ln45_17_fu_292_p3  |    select|   0|  0|  11|           1|          12|
    |select_ln45_18_fu_310_p3  |    select|   0|  0|  11|           1|          12|
    |select_ln45_19_fu_328_p3  |    select|   0|  0|  11|           1|          12|
    |select_ln45_20_fu_346_p3  |    select|   0|  0|  11|           1|          12|
    |select_ln45_21_fu_364_p3  |    select|   0|  0|  10|           1|          11|
    |select_ln45_22_fu_386_p3  |    select|   0|  0|  11|           1|          12|
    |select_ln45_23_fu_404_p3  |    select|   0|  0|  11|           1|          12|
    |select_ln45_24_fu_422_p3  |    select|   0|  0|  11|           1|          12|
    |select_ln45_25_fu_440_p3  |    select|   0|  0|  11|           1|          12|
    |select_ln45_26_fu_458_p3  |    select|   0|  0|  11|           1|          12|
    |select_ln45_27_fu_476_p3  |    select|   0|  0|  11|           1|          12|
    |select_ln45_28_fu_494_p3  |    select|   0|  0|  11|           1|          12|
    |select_ln45_29_fu_512_p3  |    select|   0|  0|  11|           1|          12|
    |select_ln45_30_fu_530_p3  |    select|   0|  0|  11|           1|          12|
    |select_ln45_31_fu_548_p3  |    select|   0|  0|  11|           1|          12|
    |select_ln45_32_fu_566_p3  |    select|   0|  0|  10|           1|          11|
    |select_ln45_33_fu_588_p3  |    select|   0|  0|  11|           1|          12|
    |select_ln45_34_fu_606_p3  |    select|   0|  0|  11|           1|          12|
    |select_ln45_35_fu_624_p3  |    select|   0|  0|  11|           1|          12|
    |select_ln45_36_fu_642_p3  |    select|   0|  0|  10|           1|          11|
    |select_ln45_37_fu_664_p3  |    select|   0|  0|  10|           1|          10|
    |select_ln45_38_fu_686_p3  |    select|   0|  0|  11|           1|          12|
    |select_ln45_fu_238_p3     |    select|   0|  0|  11|           1|          12|
    +--------------------------+----------+----+---+----+------------+------------+
    |Total                     |          |   0|  0| 776|         355|         320|
    +--------------------------+----------+----+---+----+------------+------------+

    * Multiplexer: 
    N/A

    * Register: 
    N/A



================================================================
== Interface
================================================================
* Summary: 
+-------------------+-----+-----+------------+-------------------------------------------------------------------------+--------------+
|     RTL Ports     | Dir | Bits|  Protocol  |                              Source Object                              |    C Type    |
+-------------------+-----+-----+------------+-------------------------------------------------------------------------+--------------+
|ap_ready           |  out|    1|  ap_ctrl_hs|  relu<ap_fixed<14, 8, 5, 3, 0>, ap_ufixed<12, 6, 5, 3, 0>, relu_config4>|  return value|
|ap_return_0        |  out|   12|  ap_ctrl_hs|  relu<ap_fixed<14, 8, 5, 3, 0>, ap_ufixed<12, 6, 5, 3, 0>, relu_config4>|  return value|
|ap_return_1        |  out|   12|  ap_ctrl_hs|  relu<ap_fixed<14, 8, 5, 3, 0>, ap_ufixed<12, 6, 5, 3, 0>, relu_config4>|  return value|
|ap_return_2        |  out|   12|  ap_ctrl_hs|  relu<ap_fixed<14, 8, 5, 3, 0>, ap_ufixed<12, 6, 5, 3, 0>, relu_config4>|  return value|
|ap_return_3        |  out|   12|  ap_ctrl_hs|  relu<ap_fixed<14, 8, 5, 3, 0>, ap_ufixed<12, 6, 5, 3, 0>, relu_config4>|  return value|
|ap_return_4        |  out|   12|  ap_ctrl_hs|  relu<ap_fixed<14, 8, 5, 3, 0>, ap_ufixed<12, 6, 5, 3, 0>, relu_config4>|  return value|
|ap_return_5        |  out|   12|  ap_ctrl_hs|  relu<ap_fixed<14, 8, 5, 3, 0>, ap_ufixed<12, 6, 5, 3, 0>, relu_config4>|  return value|
|ap_return_6        |  out|   12|  ap_ctrl_hs|  relu<ap_fixed<14, 8, 5, 3, 0>, ap_ufixed<12, 6, 5, 3, 0>, relu_config4>|  return value|
|ap_return_7        |  out|   12|  ap_ctrl_hs|  relu<ap_fixed<14, 8, 5, 3, 0>, ap_ufixed<12, 6, 5, 3, 0>, relu_config4>|  return value|
|ap_return_8        |  out|   12|  ap_ctrl_hs|  relu<ap_fixed<14, 8, 5, 3, 0>, ap_ufixed<12, 6, 5, 3, 0>, relu_config4>|  return value|
|ap_return_9        |  out|   12|  ap_ctrl_hs|  relu<ap_fixed<14, 8, 5, 3, 0>, ap_ufixed<12, 6, 5, 3, 0>, relu_config4>|  return value|
|ap_return_10       |  out|   12|  ap_ctrl_hs|  relu<ap_fixed<14, 8, 5, 3, 0>, ap_ufixed<12, 6, 5, 3, 0>, relu_config4>|  return value|
|ap_return_11       |  out|   12|  ap_ctrl_hs|  relu<ap_fixed<14, 8, 5, 3, 0>, ap_ufixed<12, 6, 5, 3, 0>, relu_config4>|  return value|
|ap_return_12       |  out|   12|  ap_ctrl_hs|  relu<ap_fixed<14, 8, 5, 3, 0>, ap_ufixed<12, 6, 5, 3, 0>, relu_config4>|  return value|
|ap_return_13       |  out|   12|  ap_ctrl_hs|  relu<ap_fixed<14, 8, 5, 3, 0>, ap_ufixed<12, 6, 5, 3, 0>, relu_config4>|  return value|
|ap_return_14       |  out|   12|  ap_ctrl_hs|  relu<ap_fixed<14, 8, 5, 3, 0>, ap_ufixed<12, 6, 5, 3, 0>, relu_config4>|  return value|
|ap_return_15       |  out|   12|  ap_ctrl_hs|  relu<ap_fixed<14, 8, 5, 3, 0>, ap_ufixed<12, 6, 5, 3, 0>, relu_config4>|  return value|
|ap_return_16       |  out|   12|  ap_ctrl_hs|  relu<ap_fixed<14, 8, 5, 3, 0>, ap_ufixed<12, 6, 5, 3, 0>, relu_config4>|  return value|
|ap_return_17       |  out|   12|  ap_ctrl_hs|  relu<ap_fixed<14, 8, 5, 3, 0>, ap_ufixed<12, 6, 5, 3, 0>, relu_config4>|  return value|
|ap_return_18       |  out|   12|  ap_ctrl_hs|  relu<ap_fixed<14, 8, 5, 3, 0>, ap_ufixed<12, 6, 5, 3, 0>, relu_config4>|  return value|
|ap_return_19       |  out|   12|  ap_ctrl_hs|  relu<ap_fixed<14, 8, 5, 3, 0>, ap_ufixed<12, 6, 5, 3, 0>, relu_config4>|  return value|
|ap_return_20       |  out|   12|  ap_ctrl_hs|  relu<ap_fixed<14, 8, 5, 3, 0>, ap_ufixed<12, 6, 5, 3, 0>, relu_config4>|  return value|
|ap_return_21       |  out|   12|  ap_ctrl_hs|  relu<ap_fixed<14, 8, 5, 3, 0>, ap_ufixed<12, 6, 5, 3, 0>, relu_config4>|  return value|
|ap_return_22       |  out|   12|  ap_ctrl_hs|  relu<ap_fixed<14, 8, 5, 3, 0>, ap_ufixed<12, 6, 5, 3, 0>, relu_config4>|  return value|
|ap_return_23       |  out|   12|  ap_ctrl_hs|  relu<ap_fixed<14, 8, 5, 3, 0>, ap_ufixed<12, 6, 5, 3, 0>, relu_config4>|  return value|
|ap_return_24       |  out|   12|  ap_ctrl_hs|  relu<ap_fixed<14, 8, 5, 3, 0>, ap_ufixed<12, 6, 5, 3, 0>, relu_config4>|  return value|
|ap_rst             |   in|    1|  ap_ctrl_hs|  relu<ap_fixed<14, 8, 5, 3, 0>, ap_ufixed<12, 6, 5, 3, 0>, relu_config4>|  return value|
|conv8_i_i_i1668_i  |   in|   13|     ap_none|                                                        conv8_i_i_i1668_i|        scalar|
|conv5_i_i_i1568_i  |   in|   14|     ap_none|                                                        conv5_i_i_i1568_i|        scalar|
|conv5_i_i_i1527_i  |   in|   13|     ap_none|                                                        conv5_i_i_i1527_i|        scalar|
|conv8_i_i_i1488_i  |   in|   14|     ap_none|                                                        conv8_i_i_i1488_i|        scalar|
|conv5_i_i_i1424_i  |   in|   14|     ap_none|                                                        conv5_i_i_i1424_i|        scalar|
|empty_2            |   in|   14|     ap_none|                                                                  empty_2|        scalar|
|conv8_i_i_i1285_i  |   in|   13|     ap_none|                                                        conv8_i_i_i1285_i|        scalar|
|conv_i_i_i1240_i   |   in|   12|     ap_none|                                                         conv_i_i_i1240_i|        scalar|
|conv5_i_i_i1110_i  |   in|   14|     ap_none|                                                        conv5_i_i_i1110_i|        scalar|
|conv5_i_i_i1052_i  |   in|   14|     ap_none|                                                        conv5_i_i_i1052_i|        scalar|
|conv5_i_i_i938_i   |   in|   13|     ap_none|                                                         conv5_i_i_i938_i|        scalar|
|conv5_i_i_i879_i   |   in|   14|     ap_none|                                                         conv5_i_i_i879_i|        scalar|
|conv5_i_i_i839_i   |   in|   13|     ap_none|                                                         conv5_i_i_i839_i|        scalar|
|conv_i_i_i799_i    |   in|   13|     ap_none|                                                          conv_i_i_i799_i|        scalar|
|conv5_i_i_i709_i   |   in|   14|     ap_none|                                                         conv5_i_i_i709_i|        scalar|
|conv5_i_i_i584_i   |   in|   13|     ap_none|                                                         conv5_i_i_i584_i|        scalar|
|conv5_i_i_i568_i   |   in|   13|     ap_none|                                                         conv5_i_i_i568_i|        scalar|
|empty              |   in|   13|     ap_none|                                                                    empty|        scalar|
|conv5_i_i_i427_i   |   in|   12|     ap_none|                                                         conv5_i_i_i427_i|        scalar|
|conv5_i_i_i367_i   |   in|   13|     ap_none|                                                         conv5_i_i_i367_i|        scalar|
|conv5_i_i_i289_i   |   in|   14|     ap_none|                                                         conv5_i_i_i289_i|        scalar|
|conv5_i_i_i249_i   |   in|   13|     ap_none|                                                         conv5_i_i_i249_i|        scalar|
|conv5_i_i_i136_i   |   in|   12|     ap_none|                                                         conv5_i_i_i136_i|        scalar|
|conv5_i_i_i94_i    |   in|   11|     ap_none|                                                          conv5_i_i_i94_i|        scalar|
|conv_i_i_i2136_i   |   in|   14|     ap_none|                                                         conv_i_i_i2136_i|        scalar|
+-------------------+-----+-----+------------+-------------------------------------------------------------------------+--------------+

