

================================================================
== Vitis HLS Report for 'dense_latency_ap_ufixed_8_6_0_3_0_ap_fixed_14_8_5_3_0_config12_s'
================================================================
* Date:           Thu May  7 09:57:31 2026

* Version:        2025.2 (Build 6295257 on Nov 14 2025)
* Project:        vitis_unified_project
* Solution:       hls (Vivado IP Flow Target)
* Product family: zynquplus
* Target device:  xck26-sfvc784-2LV-c


================================================================
== Performance Estimates
================================================================
+ Timing: 
    * Summary: 
    +--------+---------+----------+------------+
    |  Clock |  Target | Estimated| Uncertainty|
    +--------+---------+----------+------------+
    |ap_clk  |  5.00 ns|  1.734 ns|     0.62 ns|
    +--------+---------+----------+------------+

+ Latency: 
    * Summary: 
    +---------+---------+----------+----------+-----+-----+---------+
    |  Latency (cycles) |  Latency (absolute) |  Interval | Pipeline|
    |   min   |   max   |    min   |    max   | min | max |   Type  |
    +---------+---------+----------+----------+-----+-----+---------+
    |        0|        0|      0 ns|      0 ns|    1|    1|      yes|
    +---------+---------+----------+----------+-----+-----+---------+

    + Detail: 
        * Instance: 
        N/A

        * Loop: 
        N/A



================================================================
== Utilization Estimates
================================================================
* Summary: 
+-----------------+---------+------+--------+--------+-----+
|       Name      | BRAM_18K|  DSP |   FF   |   LUT  | URAM|
+-----------------+---------+------+--------+--------+-----+
|DSP              |        -|     -|       -|       -|    -|
|Expression       |        -|     -|       0|     167|    -|
|FIFO             |        -|     -|       -|       -|    -|
|Instance         |        -|     -|       -|       -|    -|
|Memory           |        -|     -|       -|       -|    -|
|Multiplexer      |        -|     -|       -|       -|    -|
|Register         |        -|     -|       -|       -|    -|
+-----------------+---------+------+--------+--------+-----+
|Total            |        0|     0|       0|     167|    0|
+-----------------+---------+------+--------+--------+-----+
|Available        |      288|  1248|  234240|  117120|   64|
+-----------------+---------+------+--------+--------+-----+
|Utilization (%)  |        0|     0|       0|      ~0|    0|
+-----------------+---------+------+--------+--------+-----+

+ Detail: 
    * Instance: 
    N/A

    * DSP: 
    N/A

    * Memory: 
    N/A

    * FIFO: 
    N/A

    * Expression: 
    +----------------------+----------+----+---+----+------------+------------+
    |     Variable Name    | Operation| DSP| FF| LUT| Bitwidth P0| Bitwidth P1|
    +----------------------+----------+----+---+----+------------+------------+
    |add_ln58_1_fu_200_p2  |         +|   0|  0|  19|          12|           5|
    |add_ln58_2_fu_210_p2  |         +|   0|  0|  17|          11|           5|
    |add_ln58_3_fu_220_p2  |         +|   0|  0|  20|          13|          13|
    |add_ln58_fu_180_p2    |         +|   0|  0|  18|          11|           6|
    |sub_ln58_1_fu_230_p2  |         -|   0|  0|  21|          14|          14|
    |sub_ln58_2_fu_236_p2  |         -|   0|  0|  20|          13|          13|
    |sub_ln58_fu_190_p2    |         -|   0|  0|  18|           7|          11|
    |sub_ln73_1_fu_150_p2  |         -|   0|  0|  17|          11|          11|
    |sub_ln73_fu_92_p2     |         -|   0|  0|  17|          10|          10|
    +----------------------+----------+----+---+----+------------+------------+
    |Total                 |          |   0|  0| 167|         102|          88|
    +----------------------+----------+----+---+----+------------+------------+

    * Multiplexer: 
    N/A

    * Register: 
    N/A



================================================================
== Interface
================================================================
* Summary: 
+-------------+-----+-----+------------+-----------------------------------------------------------------------------+--------------+
|  RTL Ports  | Dir | Bits|  Protocol  |                                Source Object                                |    C Type    |
+-------------+-----+-----+------------+-----------------------------------------------------------------------------+--------------+
|ap_ready     |  out|    1|  ap_ctrl_hs|  dense_latency<ap_ufixed<8, 6, 0, 3, 0>, ap_fixed<14, 8, 5, 3, 0>, config12>|  return value|
|ap_return_0  |  out|   14|  ap_ctrl_hs|  dense_latency<ap_ufixed<8, 6, 0, 3, 0>, ap_fixed<14, 8, 5, 3, 0>, config12>|  return value|
|ap_return_1  |  out|   14|  ap_ctrl_hs|  dense_latency<ap_ufixed<8, 6, 0, 3, 0>, ap_fixed<14, 8, 5, 3, 0>, config12>|  return value|
|ap_return_2  |  out|   14|  ap_ctrl_hs|  dense_latency<ap_ufixed<8, 6, 0, 3, 0>, ap_fixed<14, 8, 5, 3, 0>, config12>|  return value|
|ap_return_3  |  out|   14|  ap_ctrl_hs|  dense_latency<ap_ufixed<8, 6, 0, 3, 0>, ap_fixed<14, 8, 5, 3, 0>, config12>|  return value|
|ap_return_4  |  out|   14|  ap_ctrl_hs|  dense_latency<ap_ufixed<8, 6, 0, 3, 0>, ap_fixed<14, 8, 5, 3, 0>, config12>|  return value|
|ap_rst       |   in|    1|  ap_ctrl_hs|  dense_latency<ap_ufixed<8, 6, 0, 3, 0>, ap_fixed<14, 8, 5, 3, 0>, config12>|  return value|
|data_5_val   |   in|    8|     ap_none|                                                                   data_5_val|        scalar|
|data_13_val  |   in|    8|     ap_none|                                                                  data_13_val|        scalar|
|data_15_val  |   in|    8|     ap_none|                                                                  data_15_val|        scalar|
|data_21_val  |   in|    8|     ap_none|                                                                  data_21_val|        scalar|
+-------------+-----+-----+------------+-----------------------------------------------------------------------------+--------------+

============================================================
+ Verbose Summary: Synthesis Manager
============================================================
InlineROM: 1
ExposeGlobal: 0
============================================================
+ Verbose Summary: CDFG Model
============================================================
IsTopModel: 0
ResetActiveHigh: 1
IsCombinational: 1
IsDatapathOnly: 2
HasWiredReturn: 1
HasMFsm: 2
HasVarLatency: 0
IsPipeline: 1
IsRtlPipelined: 0
IsInstanceOverlapped: 0
IsDontTouch: 0
HasImplIP: 0
IsGatedGlobalClock: 0

+ Individual pipeline summary: 
  * Pipeline-0: initiation interval (II) = 1, depth = 1


============================================================
+ Verbose Summary: Schedule
============================================================
* Number of FSM states : 1
* Pipeline : 1
  Pipeline-0 : II = 1, D = 1, States = { 1 }
* Dataflow Pipeline: 0

* FSM state transitions: 
1 --> 

* FSM state operations: 

State 1 <SV = 0> <Delay = 1.73>
ST_1 : Operation 2 [1/1] (0.00ns)   --->   "%specpipeline_ln26 = specpipeline void @_ssdm_op_SpecPipeline, i32 1, i32 0, i32 0, i32 0, i32 4294967295, void @empty_14" [firmware/nnet_utils/nnet_dense_latency.h:26]   --->   Operation 2 'specpipeline' 'specpipeline_ln26' <Predicate = true> <Delay = 0.00>
ST_1 : Operation 3 [1/1] (0.00ns)   --->   "%specresourcelimit_ln33 = specresourcelimit void @_ssdm_op_SpecResourceLimit, i64 8, void @empty_16, void @empty_14, void @empty_14, void @empty_14" [firmware/nnet_utils/nnet_dense_latency.h:33]   --->   Operation 3 'specresourcelimit' 'specresourcelimit_ln33' <Predicate = true> <Delay = 0.00>
ST_1 : Operation 4 [1/1] (0.00ns)   --->   "%data_21_val_read = read i8 @_ssdm_op_Read.ap_auto.i8, i8 %data_21_val" [firmware/nnet_utils/nnet_mult.h:70->firmware/nnet_utils/nnet_dense_latency.h:42]   --->   Operation 4 'read' 'data_21_val_read' <Predicate = true> <Delay = 0.00>
ST_1 : Operation 5 [1/1] (0.00ns)   --->   "%data_15_val_read = read i8 @_ssdm_op_Read.ap_auto.i8, i8 %data_15_val" [firmware/nnet_utils/nnet_mult.h:70->firmware/nnet_utils/nnet_dense_latency.h:42]   --->   Operation 5 'read' 'data_15_val_read' <Predicate = true> <Delay = 0.00>
ST_1 : Operation 6 [1/1] (0.00ns)   --->   "%data_13_val_read = read i8 @_ssdm_op_Read.ap_auto.i8, i8 %data_13_val" [firmware/nnet_utils/nnet_mult.h:70->firmware/nnet_utils/nnet_dense_latency.h:42]   --->   Operation 6 'read' 'data_13_val_read' <Predicate = true> <Delay = 0.00>
ST_1 : Operation 7 [1/1] (0.00ns)   --->   "%data_5_val_read = read i8 @_ssdm_op_Read.ap_auto.i8, i8 %data_5_val" [firmware/nnet_utils/nnet_mult.h:70->firmware/nnet_utils/nnet_dense_latency.h:42]   --->   Operation 7 'read' 'data_5_val_read' <Predicate = true> <Delay = 0.00>
ST_1 : Operation 8 [1/1] (0.00ns)   --->   "%zext_ln70 = zext i8 %data_5_val_read" [firmware/nnet_utils/nnet_mult.h:70->firmware/nnet_utils/nnet_dense_latency.h:42]   --->   Operation 8 'zext' 'zext_ln70' <Predicate = true> <Delay = 0.00>
ST_1 : Operation 9 [1/1] (0.00ns)   --->   "%p_shl9 = bitconcatenate i10 @_ssdm_op_BitConcatenate.i10.i8.i2, i8 %data_5_val_read, i2 0" [firmware/nnet_utils/nnet_mult.h:73->firmware/nnet_utils/nnet_dense_latency.h:42]   --->   Operation 9 'bitconcatenate' 'p_shl9' <Predicate = true> <Delay = 0.00>
ST_1 : Operation 10 [1/1] (0.78ns)   --->   "%sub_ln73 = sub i10 %p_shl9, i10 %zext_ln70" [firmware/nnet_utils/nnet_mult.h:73->firmware/nnet_utils/nnet_dense_latency.h:42]   --->   Operation 10 'sub' 'sub_ln73' <Predicate = true> <Delay = 0.78> <CoreInst = "Adder">   --->   Core 1 'Adder' <Latency = 0> <II = 1> <Delay = 0.78> <FuncUnit> <Opcode : 'add' 'sub'> <InPorts = 2> <OutPorts = 1>
ST_1 : Operation 11 [1/1] (0.00ns)   --->   "%zext_ln70_1 = zext i10 %sub_ln73" [firmware/nnet_utils/nnet_mult.h:70->firmware/nnet_utils/nnet_dense_latency.h:42]   --->   Operation 11 'zext' 'zext_ln70_1' <Predicate = true> <Delay = 0.00>
ST_1 : Operation 12 [1/1] (0.00ns)   --->   "%tmp = bitconcatenate i10 @_ssdm_op_BitConcatenate.i10.i8.i2, i8 %data_13_val_read, i2 0" [firmware/nnet_utils/nnet_mult.h:73->firmware/nnet_utils/nnet_dense_latency.h:42]   --->   Operation 12 'bitconcatenate' 'tmp' <Predicate = true> <Delay = 0.00>
ST_1 : Operation 13 [1/1] (0.00ns)   --->   "%zext_ln73 = zext i10 %tmp" [firmware/nnet_utils/nnet_mult.h:73->firmware/nnet_utils/nnet_dense_latency.h:42]   --->   Operation 13 'zext' 'zext_ln73' <Predicate = true> <Delay = 0.00>
ST_1 : Operation 14 [1/1] (0.00ns)   --->   "%shl_ln = bitconcatenate i11 @_ssdm_op_BitConcatenate.i11.i8.i3, i8 %data_13_val_read, i3 0" [firmware/nnet_utils/nnet_mult.h:73->firmware/nnet_utils/nnet_dense_latency.h:42]   --->   Operation 14 'bitconcatenate' 'shl_ln' <Predicate = true> <Delay = 0.00>
ST_1 : Operation 15 [1/1] (0.00ns)   --->   "%zext_ln70_2 = zext i11 %shl_ln" [firmware/nnet_utils/nnet_mult.h:70->firmware/nnet_utils/nnet_dense_latency.h:42]   --->   Operation 15 'zext' 'zext_ln70_2' <Predicate = true> <Delay = 0.00>
ST_1 : Operation 16 [1/1] (0.00ns)   --->   "%shl_ln73_1 = bitconcatenate i9 @_ssdm_op_BitConcatenate.i9.i8.i1, i8 %data_15_val_read, i1 0" [firmware/nnet_utils/nnet_mult.h:73->firmware/nnet_utils/nnet_dense_latency.h:42]   --->   Operation 16 'bitconcatenate' 'shl_ln73_1' <Predicate = true> <Delay = 0.00>
ST_1 : Operation 17 [1/1] (0.00ns)   --->   "%zext_ln73_1 = zext i9 %shl_ln73_1" [firmware/nnet_utils/nnet_mult.h:73->firmware/nnet_utils/nnet_dense_latency.h:42]   --->   Operation 17 'zext' 'zext_ln73_1' <Predicate = true> <Delay = 0.00>
ST_1 : Operation 18 [1/1] (0.00ns)   --->   "%p_shl6 = bitconcatenate i11 @_ssdm_op_BitConcatenate.i11.i8.i3, i8 %data_15_val_read, i3 0" [firmware/nnet_utils/nnet_mult.h:73->firmware/nnet_utils/nnet_dense_latency.h:42]   --->   Operation 18 'bitconcatenate' 'p_shl6' <Predicate = true> <Delay = 0.00>
ST_1 : Operation 19 [1/1] (0.00ns)   --->   "%zext_ln73_2 = zext i9 %shl_ln73_1" [firmware/nnet_utils/nnet_mult.h:73->firmware/nnet_utils/nnet_dense_latency.h:42]   --->   Operation 19 'zext' 'zext_ln73_2' <Predicate = true> <Delay = 0.00>
ST_1 : Operation 20 [1/1] (0.00ns) (grouped into TernaryAdder)   --->   "%sub_ln73_1 = sub i11 %p_shl6, i11 %zext_ln73_2" [firmware/nnet_utils/nnet_mult.h:73->firmware/nnet_utils/nnet_dense_latency.h:42]   --->   Operation 20 'sub' 'sub_ln73_1' <Predicate = true> <Delay = 0.00> <CoreInst = "TAddSub">   --->   Core 10 'TAddSub' <Latency = 0> <II = 1> <Delay = 0.45> <IPBlock> <Opcode : 'add' 'sub'> <InPorts = 3> <OutPorts = 1> <Sync> <CReg>
ST_1 : Operation 21 [1/1] (0.00ns)   --->   "%shl_ln73_2 = bitconcatenate i12 @_ssdm_op_BitConcatenate.i12.i8.i4, i8 %data_21_val_read, i4 0" [firmware/nnet_utils/nnet_mult.h:73->firmware/nnet_utils/nnet_dense_latency.h:42]   --->   Operation 21 'bitconcatenate' 'shl_ln73_2' <Predicate = true> <Delay = 0.00>
ST_1 : Operation 22 [1/1] (0.00ns)   --->   "%zext_ln73_3 = zext i12 %shl_ln73_2" [firmware/nnet_utils/nnet_mult.h:73->firmware/nnet_utils/nnet_dense_latency.h:42]   --->   Operation 22 'zext' 'zext_ln73_3' <Predicate = true> <Delay = 0.00>
ST_1 : Operation 23 [1/1] (0.00ns)   --->   "%tmp_171 = bitconcatenate i13 @_ssdm_op_BitConcatenate.i13.i8.i5, i8 %data_21_val_read, i5 0" [firmware/nnet_utils/nnet_mult.h:73->firmware/nnet_utils/nnet_dense_latency.h:42]   --->   Operation 23 'bitconcatenate' 'tmp_171' <Predicate = true> <Delay = 0.00>
ST_1 : Operation 24 [1/1] (0.00ns)   --->   "%zext_ln73_4 = zext i13 %tmp_171" [firmware/nnet_utils/nnet_mult.h:73->firmware/nnet_utils/nnet_dense_latency.h:42]   --->   Operation 24 'zext' 'zext_ln73_4' <Predicate = true> <Delay = 0.00>
ST_1 : Operation 25 [1/1] (0.78ns)   --->   "%add_ln58 = add i11 %zext_ln70_1, i11 2032" [firmware/nnet_utils/nnet_dense_latency.h:58]   --->   Operation 25 'add' 'add_ln58' <Predicate = true> <Delay = 0.78> <CoreInst = "Adder">   --->   Core 1 'Adder' <Latency = 0> <II = 1> <Delay = 0.79> <FuncUnit> <Opcode : 'add' 'sub'> <InPorts = 2> <OutPorts = 1>
ST_1 : Operation 26 [1/1] (0.00ns)   --->   "%sext_ln58 = sext i11 %add_ln58" [firmware/nnet_utils/nnet_dense_latency.h:58]   --->   Operation 26 'sext' 'sext_ln58' <Predicate = true> <Delay = 0.00>
ST_1 : Operation 27 [1/1] (0.78ns)   --->   "%sub_ln58 = sub i11 112, i11 %zext_ln73" [firmware/nnet_utils/nnet_dense_latency.h:58]   --->   Operation 27 'sub' 'sub_ln58' <Predicate = true> <Delay = 0.78> <CoreInst = "Adder">   --->   Core 1 'Adder' <Latency = 0> <II = 1> <Delay = 0.79> <FuncUnit> <Opcode : 'add' 'sub'> <InPorts = 2> <OutPorts = 1>
ST_1 : Operation 28 [1/1] (0.00ns)   --->   "%sext_ln58_1 = sext i11 %sub_ln58" [firmware/nnet_utils/nnet_dense_latency.h:58]   --->   Operation 28 'sext' 'sext_ln58_1' <Predicate = true> <Delay = 0.00>
ST_1 : Operation 29 [1/1] (0.79ns)   --->   "%add_ln58_1 = add i12 %zext_ln70_2, i12 16" [firmware/nnet_utils/nnet_dense_latency.h:58]   --->   Operation 29 'add' 'add_ln58_1' <Predicate = true> <Delay = 0.79> <CoreInst = "Adder">   --->   Core 1 'Adder' <Latency = 0> <II = 1> <Delay = 0.80> <FuncUnit> <Opcode : 'add' 'sub'> <InPorts = 2> <OutPorts = 1>
ST_1 : Operation 30 [1/1] (0.00ns)   --->   "%zext_ln58 = zext i12 %add_ln58_1" [firmware/nnet_utils/nnet_dense_latency.h:58]   --->   Operation 30 'zext' 'zext_ln58' <Predicate = true> <Delay = 0.00>
ST_1 : Operation 31 [1/1] (0.91ns) (root node of TernaryAdder)   --->   "%add_ln58_2 = add i11 %sub_ln73_1, i11 16" [firmware/nnet_utils/nnet_dense_latency.h:58]   --->   Operation 31 'add' 'add_ln58_2' <Predicate = true> <Delay = 0.91> <CoreInst = "TAddSub">   --->   Core 10 'TAddSub' <Latency = 0> <II = 1> <Delay = 0.45> <IPBlock> <Opcode : 'add' 'sub'> <InPorts = 3> <OutPorts = 1> <Sync> <CReg>
ST_1 : Operation 32 [1/1] (0.00ns)   --->   "%zext_ln58_1 = zext i11 %add_ln58_2" [firmware/nnet_utils/nnet_dense_latency.h:58]   --->   Operation 32 'zext' 'zext_ln58_1' <Predicate = true> <Delay = 0.00>
ST_1 : Operation 33 [1/1] (0.80ns)   --->   "%add_ln58_3 = add i13 %zext_ln73_3, i13 %zext_ln73_1" [firmware/nnet_utils/nnet_dense_latency.h:58]   --->   Operation 33 'add' 'add_ln58_3' <Predicate = true> <Delay = 0.80> <CoreInst = "Adder">   --->   Core 1 'Adder' <Latency = 0> <II = 1> <Delay = 0.82> <FuncUnit> <Opcode : 'add' 'sub'> <InPorts = 2> <OutPorts = 1>
ST_1 : Operation 34 [1/1] (0.00ns)   --->   "%zext_ln58_2 = zext i13 %add_ln58_3" [firmware/nnet_utils/nnet_dense_latency.h:58]   --->   Operation 34 'zext' 'zext_ln58_2' <Predicate = true> <Delay = 0.00>
ST_1 : Operation 35 [1/1] (0.82ns)   --->   "%sub_ln58_1 = sub i14 %zext_ln58_1, i14 %zext_ln73_4" [firmware/nnet_utils/nnet_dense_latency.h:58]   --->   Operation 35 'sub' 'sub_ln58_1' <Predicate = true> <Delay = 0.82> <CoreInst = "Adder">   --->   Core 1 'Adder' <Latency = 0> <II = 1> <Delay = 0.83> <FuncUnit> <Opcode : 'add' 'sub'> <InPorts = 2> <OutPorts = 1>
ST_1 : Operation 36 [1/1] (0.80ns)   --->   "%sub_ln58_2 = sub i13 %zext_ln58, i13 %zext_ln73_3" [firmware/nnet_utils/nnet_dense_latency.h:58]   --->   Operation 36 'sub' 'sub_ln58_2' <Predicate = true> <Delay = 0.80> <CoreInst = "Adder">   --->   Core 1 'Adder' <Latency = 0> <II = 1> <Delay = 0.82> <FuncUnit> <Opcode : 'add' 'sub'> <InPorts = 2> <OutPorts = 1>
ST_1 : Operation 37 [1/1] (0.00ns)   --->   "%sext_ln68 = sext i13 %sub_ln58_2" [firmware/nnet_utils/nnet_dense_latency.h:68]   --->   Operation 37 'sext' 'sext_ln68' <Predicate = true> <Delay = 0.00>
ST_1 : Operation 38 [1/1] (0.00ns)   --->   "%mrv = insertvalue i70 <undef>, i14 %sext_ln58" [firmware/nnet_utils/nnet_dense_latency.h:68]   --->   Operation 38 'insertvalue' 'mrv' <Predicate = true> <Delay = 0.00>
ST_1 : Operation 39 [1/1] (0.00ns)   --->   "%mrv_1 = insertvalue i70 %mrv, i14 %sext_ln58_1" [firmware/nnet_utils/nnet_dense_latency.h:68]   --->   Operation 39 'insertvalue' 'mrv_1' <Predicate = true> <Delay = 0.00>
ST_1 : Operation 40 [1/1] (0.00ns)   --->   "%mrv_2 = insertvalue i70 %mrv_1, i14 %zext_ln58_2" [firmware/nnet_utils/nnet_dense_latency.h:68]   --->   Operation 40 'insertvalue' 'mrv_2' <Predicate = true> <Delay = 0.00>
ST_1 : Operation 41 [1/1] (0.00ns)   --->   "%mrv_3 = insertvalue i70 %mrv_2, i14 %sub_ln58_1" [firmware/nnet_utils/nnet_dense_latency.h:68]   --->   Operation 41 'insertvalue' 'mrv_3' <Predicate = true> <Delay = 0.00>
ST_1 : Operation 42 [1/1] (0.00ns)   --->   "%mrv_4 = insertvalue i70 %mrv_3, i14 %sext_ln68" [firmware/nnet_utils/nnet_dense_latency.h:68]   --->   Operation 42 'insertvalue' 'mrv_4' <Predicate = true> <Delay = 0.00>
ST_1 : Operation 43 [1/1] (0.00ns)   --->   "%ret_ln68 = ret i70 %mrv_4" [firmware/nnet_utils/nnet_dense_latency.h:68]   --->   Operation 43 'ret' 'ret_ln68' <Predicate = true> <Delay = 0.00>


============================================================
+ Verbose Summary: Binding
============================================================
STG Binding: 
---------------- STG Properties BEGIN ----------------
- Is combinational: 1
- Is one-state seq: 0
- Is datapath-only: 0
- Is pipelined: 1
- Is top level: 0
Port [ Return ] is wired: 1; IO mode=ap_ctrl_hs:ce=0
Port [ data_5_val]:  wired=1; compound=0; hidden=0; nouse=0; global=0; static=0; extern=0; dir=0; type=0; pingpong=0; private_global=0; IO mode=ap_none:ce=0
Port [ data_13_val]:  wired=1; compound=0; hidden=0; nouse=0; global=0; static=0; extern=0; dir=0; type=0; pingpong=0; private_global=0; IO mode=ap_none:ce=0
Port [ data_15_val]:  wired=1; compound=0; hidden=0; nouse=0; global=0; static=0; extern=0; dir=0; type=0; pingpong=0; private_global=0; IO mode=ap_none:ce=0
Port [ data_21_val]:  wired=1; compound=0; hidden=0; nouse=0; global=0; static=0; extern=0; dir=0; type=0; pingpong=0; private_global=0; IO mode=ap_none:ce=0
---------------- STG Properties END ------------------

---------------- Datapath Model BEGIN ----------------

<LifeTime>
<method=bitvector/>
specpipeline_ln26      (specpipeline     ) [ 00]
specresourcelimit_ln33 (specresourcelimit) [ 00]
data_21_val_read       (read             ) [ 00]
data_15_val_read       (read             ) [ 00]
data_13_val_read       (read             ) [ 00]
data_5_val_read        (read             ) [ 00]
zext_ln70              (zext             ) [ 00]
p_shl9                 (bitconcatenate   ) [ 00]
sub_ln73               (sub              ) [ 00]
zext_ln70_1            (zext             ) [ 00]
tmp                    (bitconcatenate   ) [ 00]
zext_ln73              (zext             ) [ 00]
shl_ln                 (bitconcatenate   ) [ 00]
zext_ln70_2            (zext             ) [ 00]
shl_ln73_1             (bitconcatenate   ) [ 00]
zext_ln73_1            (zext             ) [ 00]
p_shl6                 (bitconcatenate   ) [ 00]
zext_ln73_2            (zext             ) [ 00]
sub_ln73_1             (sub              ) [ 00]
shl_ln73_2             (bitconcatenate   ) [ 00]
zext_ln73_3            (zext             ) [ 00]
tmp_171                (bitconcatenate   ) [ 00]
zext_ln73_4            (zext             ) [ 00]
add_ln58               (add              ) [ 00]
sext_ln58              (sext             ) [ 00]
sub_ln58               (sub              ) [ 00]
sext_ln58_1            (sext             ) [ 00]
add_ln58_1             (add              ) [ 00]
zext_ln58              (zext             ) [ 00]
add_ln58_2             (add              ) [ 00]
zext_ln58_1            (zext             ) [ 00]
add_ln58_3             (add              ) [ 00]
zext_ln58_2            (zext             ) [ 00]
sub_ln58_1             (sub              ) [ 00]
sub_ln58_2             (sub              ) [ 00]
sext_ln68              (sext             ) [ 00]
mrv                    (insertvalue      ) [ 00]
mrv_1                  (insertvalue      ) [ 00]
mrv_2                  (insertvalue      ) [ 00]
mrv_3                  (insertvalue      ) [ 00]
mrv_4                  (insertvalue      ) [ 00]
ret_ln68               (ret              ) [ 00]
</LifeTime>

<model>

<comp_list>
<comp id="0" class="1000" name="data_5_val">
<pin_list>
<pin id="1" dir="1" index="0" bw="1" slack="0"/>
</pin_list>
<bind>
<StgValue><ssdm name="data_5_val"/></StgValue>
</bind>
</comp>

<comp id="2" class="1000" name="data_13_val">
<pin_list>
<pin id="3" dir="1" index="0" bw="1" slack="0"/>
</pin_list>
<bind>
<StgValue><ssdm name="data_13_val"/></StgValue>
</bind>
</comp>

<comp id="4" class="1000" name="data_15_val">
<pin_list>
<pin id="5" dir="1" index="0" bw="1" slack="0"/>
</pin_list>
<bind>
<StgValue><ssdm name="data_15_val"/></StgValue>
</bind>
</comp>

<comp id="6" class="1000" name="data_21_val">
<pin_list>
<pin id="7" dir="1" index="0" bw="1" slack="0"/>
</pin_list>
<bind>
<StgValue><ssdm name="data_21_val"/></StgValue>
</bind>
</comp>

<comp id="8" class="1001" name="const_8">
<pin_list>
<pin id="9" dir="1" index="0" bw="1" slack="2147483647"/>
</pin_list>
<bind>
<StgValue><ssdm name="_ssdm_op_SpecPipeline"/></StgValue>
</bind>
</comp>

<comp id="10" class="1001" name="const_10">
<pin_list>
<pin id="11" dir="1" index="0" bw="1" slack="2147483647"/>
</pin_list>
<bind>
<StgValue><ssdm name=""/></StgValue>
</bind>
</comp>

<comp id="12" class="1001" name="const_12">
<pin_list>
<pin id="13" dir="1" index="0" bw="1" slack="2147483647"/>
</pin_list>
<bind>
<StgValue><ssdm name=""/></StgValue>
</bind>
</comp>

<comp id="14" class="1001" name="const_14">
<pin_list>
<pin id="15" dir="1" index="0" bw="1" slack="2147483647"/>
</pin_list>
<bind>
<StgValue><ssdm name=""/></StgValue>
</bind>
</comp>

<comp id="16" class="1001" name="const_16">
<pin_list>
<pin id="17" dir="1" index="0" bw="1" slack="2147483647"/>
</pin_list>
<bind>
<StgValue><ssdm name="empty_14"/></StgValue>
</bind>
</comp>

<comp id="18" class="1001" name="const_18">
<pin_list>
<pin id="19" dir="1" index="0" bw="1" slack="2147483647"/>
</pin_list>
<bind>
<StgValue><ssdm name="_ssdm_op_SpecResourceLimit"/></StgValue>
</bind>
</comp>

<comp id="20" class="1001" name="const_20">
<pin_list>
<pin id="21" dir="1" index="0" bw="1" slack="2147483647"/>
</pin_list>
<bind>
<StgValue><ssdm name=""/></StgValue>
</bind>
</comp>

<comp id="22" class="1001" name="const_22">
<pin_list>
<pin id="23" dir="1" index="0" bw="1" slack="2147483647"/>
</pin_list>
<bind>
<StgValue><ssdm name="empty_16"/></StgValue>
</bind>
</comp>

<comp id="24" class="1001" name="const_24">
<pin_list>
<pin id="25" dir="1" index="0" bw="1" slack="0"/>
</pin_list>
<bind>
<StgValue><ssdm name="_ssdm_op_Read.ap_auto.i8"/></StgValue>
</bind>
</comp>

<comp id="26" class="1001" name="const_26">
<pin_list>
<pin id="27" dir="1" index="0" bw="1" slack="0"/>
</pin_list>
<bind>
<StgValue><ssdm name="_ssdm_op_BitConcatenate.i10.i8.i2"/></StgValue>
</bind>
</comp>

<comp id="28" class="1001" name="const_28">
<pin_list>
<pin id="29" dir="1" index="0" bw="1" slack="0"/>
</pin_list>
<bind>
<StgValue><ssdm name=""/></StgValue>
</bind>
</comp>

<comp id="30" class="1001" name="const_30">
<pin_list>
<pin id="31" dir="1" index="0" bw="1" slack="0"/>
</pin_list>
<bind>
<StgValue><ssdm name="_ssdm_op_BitConcatenate.i11.i8.i3"/></StgValue>
</bind>
</comp>

<comp id="32" class="1001" name="const_32">
<pin_list>
<pin id="33" dir="1" index="0" bw="1" slack="0"/>
</pin_list>
<bind>
<StgValue><ssdm name=""/></StgValue>
</bind>
</comp>

<comp id="34" class="1001" name="const_34">
<pin_list>
<pin id="35" dir="1" index="0" bw="1" slack="0"/>
</pin_list>
<bind>
<StgValue><ssdm name="_ssdm_op_BitConcatenate.i9.i8.i1"/></StgValue>
</bind>
</comp>

<comp id="36" class="1001" name="const_36">
<pin_list>
<pin id="37" dir="1" index="0" bw="1" slack="0"/>
</pin_list>
<bind>
<StgValue><ssdm name=""/></StgValue>
</bind>
</comp>

<comp id="38" class="1001" name="const_38">
<pin_list>
<pin id="39" dir="1" index="0" bw="1" slack="0"/>
</pin_list>
<bind>
<StgValue><ssdm name="_ssdm_op_BitConcatenate.i12.i8.i4"/></StgValue>
</bind>
</comp>

<comp id="40" class="1001" name="const_40">
<pin_list>
<pin id="41" dir="1" index="0" bw="1" slack="0"/>
</pin_list>
<bind>
<StgValue><ssdm name=""/></StgValue>
</bind>
</comp>

<comp id="42" class="1001" name="const_42">
<pin_list>
<pin id="43" dir="1" index="0" bw="1" slack="0"/>
</pin_list>
<bind>
<StgValue><ssdm name="_ssdm_op_BitConcatenate.i13.i8.i5"/></StgValue>
</bind>
</comp>

<comp id="44" class="1001" name="const_44">
<pin_list>
<pin id="45" dir="1" index="0" bw="1" slack="0"/>
</pin_list>
<bind>
<StgValue><ssdm name=""/></StgValue>
</bind>
</comp>

<comp id="46" class="1001" name="const_46">
<pin_list>
<pin id="47" dir="1" index="0" bw="1" slack="0"/>
</pin_list>
<bind>
<StgValue><ssdm name=""/></StgValue>
</bind>
</comp>

<comp id="48" class="1001" name="const_48">
<pin_list>
<pin id="49" dir="1" index="0" bw="1" slack="0"/>
</pin_list>
<bind>
<StgValue><ssdm name=""/></StgValue>
</bind>
</comp>

<comp id="50" class="1001" name="const_50">
<pin_list>
<pin id="51" dir="1" index="0" bw="1" slack="0"/>
</pin_list>
<bind>
<StgValue><ssdm name=""/></StgValue>
</bind>
</comp>

<comp id="52" class="1001" name="const_52">
<pin_list>
<pin id="53" dir="1" index="0" bw="1" slack="0"/>
</pin_list>
<bind>
<StgValue><ssdm name=""/></StgValue>
</bind>
</comp>

<comp id="54" class="1001" name="const_54">
<pin_list>
<pin id="55" dir="1" index="0" bw="1" slack="0"/>
</pin_list>
<bind>
<StgValue><ssdm name=""/></StgValue>
</bind>
</comp>

<comp id="56" class="1004" name="data_21_val_read_read_fu_56">
<pin_list>
<pin id="57" dir="0" index="0" bw="8" slack="0"/>
<pin id="58" dir="0" index="1" bw="8" slack="0"/>
<pin id="59" dir="1" index="2" bw="8" slack="0"/>
</pin_list>
<bind>
<opcode="read(1150) " fcode="read"/>
<opset="data_21_val_read/1 "/>
</bind>
</comp>

<comp id="62" class="1004" name="data_15_val_read_read_fu_62">
<pin_list>
<pin id="63" dir="0" index="0" bw="8" slack="0"/>
<pin id="64" dir="0" index="1" bw="8" slack="0"/>
<pin id="65" dir="1" index="2" bw="8" slack="0"/>
</pin_list>
<bind>
<opcode="read(1150) " fcode="read"/>
<opset="data_15_val_read/1 "/>
</bind>
</comp>

<comp id="68" class="1004" name="data_13_val_read_read_fu_68">
<pin_list>
<pin id="69" dir="0" index="0" bw="8" slack="0"/>
<pin id="70" dir="0" index="1" bw="8" slack="0"/>
<pin id="71" dir="1" index="2" bw="8" slack="0"/>
</pin_list>
<bind>
<opcode="read(1150) " fcode="read"/>
<opset="data_13_val_read/1 "/>
</bind>
</comp>

<comp id="74" class="1004" name="data_5_val_read_read_fu_74">
<pin_list>
<pin id="75" dir="0" index="0" bw="8" slack="0"/>
<pin id="76" dir="0" index="1" bw="8" slack="0"/>
<pin id="77" dir="1" index="2" bw="8" slack="0"/>
</pin_list>
<bind>
<opcode="read(1150) " fcode="read"/>
<opset="data_5_val_read/1 "/>
</bind>
</comp>

<comp id="80" class="1004" name="zext_ln70_fu_80">
<pin_list>
<pin id="81" dir="0" index="0" bw="8" slack="0"/>
<pin id="82" dir="1" index="1" bw="10" slack="0"/>
</pin_list>
<bind>
<opcode="zext(34) " fcode="zext"/>
<opset="zext_ln70/1 "/>
</bind>
</comp>

<comp id="84" class="1004" name="p_shl9_fu_84">
<pin_list>
<pin id="85" dir="0" index="0" bw="10" slack="0"/>
<pin id="86" dir="0" index="1" bw="8" slack="0"/>
<pin id="87" dir="0" index="2" bw="1" slack="0"/>
<pin id="88" dir="1" index="3" bw="10" slack="0"/>
</pin_list>
<bind>
<opcode="bitconcatenate(1004) " fcode="bitconcatenate"/>
<opset="p_shl9/1 "/>
</bind>
</comp>

<comp id="92" class="1004" name="sub_ln73_fu_92">
<pin_list>
<pin id="93" dir="0" index="0" bw="10" slack="0"/>
<pin id="94" dir="0" index="1" bw="8" slack="0"/>
<pin id="95" dir="1" index="2" bw="10" slack="0"/>
</pin_list>
<bind>
<opcode="sub(10) " fcode="sub"/>
<opset="sub_ln73/1 "/>
</bind>
</comp>

<comp id="98" class="1004" name="zext_ln70_1_fu_98">
<pin_list>
<pin id="99" dir="0" index="0" bw="10" slack="0"/>
<pin id="100" dir="1" index="1" bw="11" slack="0"/>
</pin_list>
<bind>
<opcode="zext(34) " fcode="zext"/>
<opset="zext_ln70_1/1 "/>
</bind>
</comp>

<comp id="102" class="1004" name="tmp_fu_102">
<pin_list>
<pin id="103" dir="0" index="0" bw="10" slack="0"/>
<pin id="104" dir="0" index="1" bw="8" slack="0"/>
<pin id="105" dir="0" index="2" bw="1" slack="0"/>
<pin id="106" dir="1" index="3" bw="10" slack="0"/>
</pin_list>
<bind>
<opcode="bitconcatenate(1004) " fcode="bitconcatenate"/>
<opset="tmp/1 "/>
</bind>
</comp>

<comp id="110" class="1004" name="zext_ln73_fu_110">
<pin_list>
<pin id="111" dir="0" index="0" bw="10" slack="0"/>
<pin id="112" dir="1" index="1" bw="11" slack="0"/>
</pin_list>
<bind>
<opcode="zext(34) " fcode="zext"/>
<opset="zext_ln73/1 "/>
</bind>
</comp>

<comp id="114" class="1004" name="shl_ln_fu_114">
<pin_list>
<pin id="115" dir="0" index="0" bw="11" slack="0"/>
<pin id="116" dir="0" index="1" bw="8" slack="0"/>
<pin id="117" dir="0" index="2" bw="1" slack="0"/>
<pin id="118" dir="1" index="3" bw="11" slack="0"/>
</pin_list>
<bind>
<opcode="bitconcatenate(1004) " fcode="bitconcatenate"/>
<opset="shl_ln/1 "/>
</bind>
</comp>

<comp id="122" class="1004" name="zext_ln70_2_fu_122">
<pin_list>
<pin id="123" dir="0" index="0" bw="11" slack="0"/>
<pin id="124" dir="1" index="1" bw="12" slack="0"/>
</pin_list>
<bind>
<opcode="zext(34) " fcode="zext"/>
<opset="zext_ln70_2/1 "/>
</bind>
</comp>

<comp id="126" class="1004" name="shl_ln73_1_fu_126">
<pin_list>
<pin id="127" dir="0" index="0" bw="9" slack="0"/>
<pin id="128" dir="0" index="1" bw="8" slack="0"/>
<pin id="129" dir="0" index="2" bw="1" slack="0"/>
<pin id="130" dir="1" index="3" bw="9" slack="0"/>
</pin_list>
<bind>
<opcode="bitconcatenate(1004) " fcode="bitconcatenate"/>
<opset="shl_ln73_1/1 "/>
</bind>
</comp>

<comp id="134" class="1004" name="zext_ln73_1_fu_134">
<pin_list>
<pin id="135" dir="0" index="0" bw="9" slack="0"/>
<pin id="136" dir="1" index="1" bw="13" slack="0"/>
</pin_list>
<bind>
<opcode="zext(34) " fcode="zext"/>
<opset="zext_ln73_1/1 "/>
</bind>
</comp>

<comp id="138" class="1004" name="p_shl6_fu_138">
<pin_list>
<pin id="139" dir="0" index="0" bw="11" slack="0"/>
<pin id="140" dir="0" index="1" bw="8" slack="0"/>
<pin id="141" dir="0" index="2" bw="1" slack="0"/>
<pin id="142" dir="1" index="3" bw="11" slack="0"/>
</pin_list>
<bind>
<opcode="bitconcatenate(1004) " fcode="bitconcatenate"/>
<opset="p_shl6/1 "/>
</bind>
</comp>

<comp id="146" class="1004" name="zext_ln73_2_fu_146">
<pin_list>
<pin id="147" dir="0" index="0" bw="9" slack="0"/>
<pin id="148" dir="1" index="1" bw="11" slack="0"/>
</pin_list>
<bind>
<opcode="zext(34) " fcode="zext"/>
<opset="zext_ln73_2/1 "/>
</bind>
</comp>

<comp id="150" class="1004" name="sub_ln73_1_fu_150">
<pin_list>
<pin id="151" dir="0" index="0" bw="11" slack="0"/>
<pin id="152" dir="0" index="1" bw="9" slack="0"/>
<pin id="153" dir="1" index="2" bw="11" slack="0"/>
</pin_list>
<bind>
<opcode="sub(10) " fcode="sub"/>
<opset="sub_ln73_1/1 "/>
</bind>
</comp>

<comp id="156" class="1004" name="shl_ln73_2_fu_156">
<pin_list>
<pin id="157" dir="0" index="0" bw="12" slack="0"/>
<pin id="158" dir="0" index="1" bw="8" slack="0"/>
<pin id="159" dir="0" index="2" bw="1" slack="0"/>
<pin id="160" dir="1" index="3" bw="12" slack="0"/>
</pin_list>
<bind>
<opcode="bitconcatenate(1004) " fcode="bitconcatenate"/>
<opset="shl_ln73_2/1 "/>
</bind>
</comp>

<comp id="164" class="1004" name="zext_ln73_3_fu_164">
<pin_list>
<pin id="165" dir="0" index="0" bw="12" slack="0"/>
<pin id="166" dir="1" index="1" bw="13" slack="0"/>
</pin_list>
<bind>
<opcode="zext(34) " fcode="zext"/>
<opset="zext_ln73_3/1 "/>
</bind>
</comp>

<comp id="168" class="1004" name="tmp_171_fu_168">
<pin_list>
<pin id="169" dir="0" index="0" bw="13" slack="0"/>
<pin id="170" dir="0" index="1" bw="8" slack="0"/>
<pin id="171" dir="0" index="2" bw="1" slack="0"/>
<pin id="172" dir="1" index="3" bw="13" slack="0"/>
</pin_list>
<bind>
<opcode="bitconcatenate(1004) " fcode="bitconcatenate"/>
<opset="tmp_171/1 "/>
</bind>
</comp>

<comp id="176" class="1004" name="zext_ln73_4_fu_176">
<pin_list>
<pin id="177" dir="0" index="0" bw="13" slack="0"/>
<pin id="178" dir="1" index="1" bw="14" slack="0"/>
</pin_list>
<bind>
<opcode="zext(34) " fcode="zext"/>
<opset="zext_ln73_4/1 "/>
</bind>
</comp>

<comp id="180" class="1004" name="add_ln58_fu_180">
<pin_list>
<pin id="181" dir="0" index="0" bw="10" slack="0"/>
<pin id="182" dir="0" index="1" bw="5" slack="0"/>
<pin id="183" dir="1" index="2" bw="11" slack="0"/>
</pin_list>
<bind>
<opcode="add(8) " fcode="add"/>
<opset="add_ln58/1 "/>
</bind>
</comp>

<comp id="186" class="1004" name="sext_ln58_fu_186">
<pin_list>
<pin id="187" dir="0" index="0" bw="11" slack="0"/>
<pin id="188" dir="1" index="1" bw="14" slack="0"/>
</pin_list>
<bind>
<opcode="sext(35) " fcode="sext"/>
<opset="sext_ln58/1 "/>
</bind>
</comp>

<comp id="190" class="1004" name="sub_ln58_fu_190">
<pin_list>
<pin id="191" dir="0" index="0" bw="8" slack="0"/>
<pin id="192" dir="0" index="1" bw="10" slack="0"/>
<pin id="193" dir="1" index="2" bw="11" slack="0"/>
</pin_list>
<bind>
<opcode="sub(10) " fcode="sub"/>
<opset="sub_ln58/1 "/>
</bind>
</comp>

<comp id="196" class="1004" name="sext_ln58_1_fu_196">
<pin_list>
<pin id="197" dir="0" index="0" bw="11" slack="0"/>
<pin id="198" dir="1" index="1" bw="14" slack="0"/>
</pin_list>
<bind>
<opcode="sext(35) " fcode="sext"/>
<opset="sext_ln58_1/1 "/>
</bind>
</comp>

<comp id="200" class="1004" name="add_ln58_1_fu_200">
<pin_list>
<pin id="201" dir="0" index="0" bw="11" slack="0"/>
<pin id="202" dir="0" index="1" bw="6" slack="0"/>
<pin id="203" dir="1" index="2" bw="12" slack="0"/>
</pin_list>
<bind>
<opcode="add(8) " fcode="add"/>
<opset="add_ln58_1/1 "/>
</bind>
</comp>

<comp id="206" class="1004" name="zext_ln58_fu_206">
<pin_list>
<pin id="207" dir="0" index="0" bw="12" slack="0"/>
<pin id="208" dir="1" index="1" bw="13" slack="0"/>
</pin_list>
<bind>
<opcode="zext(34) " fcode="zext"/>
<opset="zext_ln58/1 "/>
</bind>
</comp>

<comp id="210" class="1004" name="add_ln58_2_fu_210">
<pin_list>
<pin id="211" dir="0" index="0" bw="11" slack="0"/>
<pin id="212" dir="0" index="1" bw="6" slack="0"/>
<pin id="213" dir="1" index="2" bw="11" slack="0"/>
</pin_list>
<bind>
<opcode="add(8) " fcode="add"/>
<opset="add_ln58_2/1 "/>
</bind>
</comp>

<comp id="216" class="1004" name="zext_ln58_1_fu_216">
<pin_list>
<pin id="217" dir="0" index="0" bw="11" slack="0"/>
<pin id="218" dir="1" index="1" bw="14" slack="0"/>
</pin_list>
<bind>
<opcode="zext(34) " fcode="zext"/>
<opset="zext_ln58_1/1 "/>
</bind>
</comp>

<comp id="220" class="1004" name="add_ln58_3_fu_220">
<pin_list>
<pin id="221" dir="0" index="0" bw="12" slack="0"/>
<pin id="222" dir="0" index="1" bw="9" slack="0"/>
<pin id="223" dir="1" index="2" bw="13" slack="0"/>
</pin_list>
<bind>
<opcode="add(8) " fcode="add"/>
<opset="add_ln58_3/1 "/>
</bind>
</comp>

<comp id="226" class="1004" name="zext_ln58_2_fu_226">
<pin_list>
<pin id="227" dir="0" index="0" bw="13" slack="0"/>
<pin id="228" dir="1" index="1" bw="14" slack="0"/>
</pin_list>
<bind>
<opcode="zext(34) " fcode="zext"/>
<opset="zext_ln58_2/1 "/>
</bind>
</comp>

<comp id="230" class="1004" name="sub_ln58_1_fu_230">
<pin_list>
<pin id="231" dir="0" index="0" bw="11" slack="0"/>
<pin id="232" dir="0" index="1" bw="13" slack="0"/>
<pin id="233" dir="1" index="2" bw="14" slack="0"/>
</pin_list>
<bind>
<opcode="sub(10) " fcode="sub"/>
<opset="sub_ln58_1/1 "/>
</bind>
</comp>

<comp id="236" class="1004" name="sub_ln58_2_fu_236">
<pin_list>
<pin id="237" dir="0" index="0" bw="12" slack="0"/>
<pin id="238" dir="0" index="1" bw="12" slack="0"/>
<pin id="239" dir="1" index="2" bw="13" slack="0"/>
</pin_list>
<bind>
<opcode="sub(10) " fcode="sub"/>
<opset="sub_ln58_2/1 "/>
</bind>
</comp>

<comp id="242" class="1004" name="sext_ln68_fu_242">
<pin_list>
<pin id="243" dir="0" index="0" bw="13" slack="0"/>
<pin id="244" dir="1" index="1" bw="14" slack="0"/>
</pin_list>
<bind>
<opcode="sext(35) " fcode="sext"/>
<opset="sext_ln68/1 "/>
</bind>
</comp>

<comp id="246" class="1004" name="mrv_fu_246">
<pin_list>
<pin id="247" dir="0" index="0" bw="70" slack="0"/>
<pin id="248" dir="0" index="1" bw="11" slack="0"/>
<pin id="249" dir="1" index="2" bw="70" slack="0"/>
</pin_list>
<bind>
<opcode="insertvalue(57) " fcode="insertvalue"/>
<opset="mrv/1 "/>
</bind>
</comp>

<comp id="252" class="1004" name="mrv_1_fu_252">
<pin_list>
<pin id="253" dir="0" index="0" bw="70" slack="0"/>
<pin id="254" dir="0" index="1" bw="11" slack="0"/>
<pin id="255" dir="1" index="2" bw="70" slack="0"/>
</pin_list>
<bind>
<opcode="insertvalue(57) " fcode="insertvalue"/>
<opset="mrv_1/1 "/>
</bind>
</comp>

<comp id="258" class="1004" name="mrv_2_fu_258">
<pin_list>
<pin id="259" dir="0" index="0" bw="70" slack="0"/>
<pin id="260" dir="0" index="1" bw="13" slack="0"/>
<pin id="261" dir="1" index="2" bw="70" slack="0"/>
</pin_list>
<bind>
<opcode="insertvalue(57) " fcode="insertvalue"/>
<opset="mrv_2/1 "/>
</bind>
</comp>

<comp id="264" class="1004" name="mrv_3_fu_264">
<pin_list>
<pin id="265" dir="0" index="0" bw="70" slack="0"/>
<pin id="266" dir="0" index="1" bw="14" slack="0"/>
<pin id="267" dir="1" index="2" bw="70" slack="0"/>
</pin_list>
<bind>
<opcode="insertvalue(57) " fcode="insertvalue"/>
<opset="mrv_3/1 "/>
</bind>
</comp>

<comp id="270" class="1004" name="mrv_4_fu_270">
<pin_list>
<pin id="271" dir="0" index="0" bw="70" slack="0"/>
<pin id="272" dir="0" index="1" bw="13" slack="0"/>
<pin id="273" dir="1" index="2" bw="70" slack="2147483647"/>
</pin_list>
<bind>
<opcode="insertvalue(57) " fcode="insertvalue"/>
<opset="mrv_4/1 "/>
</bind>
</comp>

</comp_list>

<net_list>
<net id="60"><net_src comp="24" pin="0"/><net_sink comp="56" pin=0"/></net>

<net id="61"><net_src comp="6" pin="0"/><net_sink comp="56" pin=1"/></net>

<net id="66"><net_src comp="24" pin="0"/><net_sink comp="62" pin=0"/></net>

<net id="67"><net_src comp="4" pin="0"/><net_sink comp="62" pin=1"/></net>

<net id="72"><net_src comp="24" pin="0"/><net_sink comp="68" pin=0"/></net>

<net id="73"><net_src comp="2" pin="0"/><net_sink comp="68" pin=1"/></net>

<net id="78"><net_src comp="24" pin="0"/><net_sink comp="74" pin=0"/></net>

<net id="79"><net_src comp="0" pin="0"/><net_sink comp="74" pin=1"/></net>

<net id="83"><net_src comp="74" pin="2"/><net_sink comp="80" pin=0"/></net>

<net id="89"><net_src comp="26" pin="0"/><net_sink comp="84" pin=0"/></net>

<net id="90"><net_src comp="74" pin="2"/><net_sink comp="84" pin=1"/></net>

<net id="91"><net_src comp="28" pin="0"/><net_sink comp="84" pin=2"/></net>

<net id="96"><net_src comp="84" pin="3"/><net_sink comp="92" pin=0"/></net>

<net id="97"><net_src comp="80" pin="1"/><net_sink comp="92" pin=1"/></net>

<net id="101"><net_src comp="92" pin="2"/><net_sink comp="98" pin=0"/></net>

<net id="107"><net_src comp="26" pin="0"/><net_sink comp="102" pin=0"/></net>

<net id="108"><net_src comp="68" pin="2"/><net_sink comp="102" pin=1"/></net>

<net id="109"><net_src comp="28" pin="0"/><net_sink comp="102" pin=2"/></net>

<net id="113"><net_src comp="102" pin="3"/><net_sink comp="110" pin=0"/></net>

<net id="119"><net_src comp="30" pin="0"/><net_sink comp="114" pin=0"/></net>

<net id="120"><net_src comp="68" pin="2"/><net_sink comp="114" pin=1"/></net>

<net id="121"><net_src comp="32" pin="0"/><net_sink comp="114" pin=2"/></net>

<net id="125"><net_src comp="114" pin="3"/><net_sink comp="122" pin=0"/></net>

<net id="131"><net_src comp="34" pin="0"/><net_sink comp="126" pin=0"/></net>

<net id="132"><net_src comp="62" pin="2"/><net_sink comp="126" pin=1"/></net>

<net id="133"><net_src comp="36" pin="0"/><net_sink comp="126" pin=2"/></net>

<net id="137"><net_src comp="126" pin="3"/><net_sink comp="134" pin=0"/></net>

<net id="143"><net_src comp="30" pin="0"/><net_sink comp="138" pin=0"/></net>

<net id="144"><net_src comp="62" pin="2"/><net_sink comp="138" pin=1"/></net>

<net id="145"><net_src comp="32" pin="0"/><net_sink comp="138" pin=2"/></net>

<net id="149"><net_src comp="126" pin="3"/><net_sink comp="146" pin=0"/></net>

<net id="154"><net_src comp="138" pin="3"/><net_sink comp="150" pin=0"/></net>

<net id="155"><net_src comp="146" pin="1"/><net_sink comp="150" pin=1"/></net>

<net id="161"><net_src comp="38" pin="0"/><net_sink comp="156" pin=0"/></net>

<net id="162"><net_src comp="56" pin="2"/><net_sink comp="156" pin=1"/></net>

<net id="163"><net_src comp="40" pin="0"/><net_sink comp="156" pin=2"/></net>

<net id="167"><net_src comp="156" pin="3"/><net_sink comp="164" pin=0"/></net>

<net id="173"><net_src comp="42" pin="0"/><net_sink comp="168" pin=0"/></net>

<net id="174"><net_src comp="56" pin="2"/><net_sink comp="168" pin=1"/></net>

<net id="175"><net_src comp="44" pin="0"/><net_sink comp="168" pin=2"/></net>

<net id="179"><net_src comp="168" pin="3"/><net_sink comp="176" pin=0"/></net>

<net id="184"><net_src comp="98" pin="1"/><net_sink comp="180" pin=0"/></net>

<net id="185"><net_src comp="46" pin="0"/><net_sink comp="180" pin=1"/></net>

<net id="189"><net_src comp="180" pin="2"/><net_sink comp="186" pin=0"/></net>

<net id="194"><net_src comp="48" pin="0"/><net_sink comp="190" pin=0"/></net>

<net id="195"><net_src comp="110" pin="1"/><net_sink comp="190" pin=1"/></net>

<net id="199"><net_src comp="190" pin="2"/><net_sink comp="196" pin=0"/></net>

<net id="204"><net_src comp="122" pin="1"/><net_sink comp="200" pin=0"/></net>

<net id="205"><net_src comp="50" pin="0"/><net_sink comp="200" pin=1"/></net>

<net id="209"><net_src comp="200" pin="2"/><net_sink comp="206" pin=0"/></net>

<net id="214"><net_src comp="150" pin="2"/><net_sink comp="210" pin=0"/></net>

<net id="215"><net_src comp="52" pin="0"/><net_sink comp="210" pin=1"/></net>

<net id="219"><net_src comp="210" pin="2"/><net_sink comp="216" pin=0"/></net>

<net id="224"><net_src comp="164" pin="1"/><net_sink comp="220" pin=0"/></net>

<net id="225"><net_src comp="134" pin="1"/><net_sink comp="220" pin=1"/></net>

<net id="229"><net_src comp="220" pin="2"/><net_sink comp="226" pin=0"/></net>

<net id="234"><net_src comp="216" pin="1"/><net_sink comp="230" pin=0"/></net>

<net id="235"><net_src comp="176" pin="1"/><net_sink comp="230" pin=1"/></net>

<net id="240"><net_src comp="206" pin="1"/><net_sink comp="236" pin=0"/></net>

<net id="241"><net_src comp="164" pin="1"/><net_sink comp="236" pin=1"/></net>

<net id="245"><net_src comp="236" pin="2"/><net_sink comp="242" pin=0"/></net>

<net id="250"><net_src comp="54" pin="0"/><net_sink comp="246" pin=0"/></net>

<net id="251"><net_src comp="186" pin="1"/><net_sink comp="246" pin=1"/></net>

<net id="256"><net_src comp="246" pin="2"/><net_sink comp="252" pin=0"/></net>

<net id="257"><net_src comp="196" pin="1"/><net_sink comp="252" pin=1"/></net>

<net id="262"><net_src comp="252" pin="2"/><net_sink comp="258" pin=0"/></net>

<net id="263"><net_src comp="226" pin="1"/><net_sink comp="258" pin=1"/></net>

<net id="268"><net_src comp="258" pin="2"/><net_sink comp="264" pin=0"/></net>

<net id="269"><net_src comp="230" pin="2"/><net_sink comp="264" pin=1"/></net>

<net id="274"><net_src comp="264" pin="2"/><net_sink comp="270" pin=0"/></net>

<net id="275"><net_src comp="242" pin="1"/><net_sink comp="270" pin=1"/></net>

</net_list>

</model> 
---------------- Datapath Model END ------------------

* FSMD analyzer results:
  - Output states:
 - Input state : 
	Port: dense_latency<ap_ufixed<8, 6, 0, 3, 0>, ap_fixed<14, 8, 5, 3, 0>, config12> : data_5_val | {1 }
	Port: dense_latency<ap_ufixed<8, 6, 0, 3, 0>, ap_fixed<14, 8, 5, 3, 0>, config12> : data_13_val | {1 }
	Port: dense_latency<ap_ufixed<8, 6, 0, 3, 0>, ap_fixed<14, 8, 5, 3, 0>, config12> : data_15_val | {1 }
	Port: dense_latency<ap_ufixed<8, 6, 0, 3, 0>, ap_fixed<14, 8, 5, 3, 0>, config12> : data_21_val | {1 }
  - Chain level:
	State 1
		sub_ln73 : 1
		zext_ln70_1 : 2
		zext_ln73 : 1
		zext_ln70_2 : 1
		zext_ln73_1 : 1
		zext_ln73_2 : 1
		sub_ln73_1 : 2
		zext_ln73_3 : 1
		zext_ln73_4 : 1
		add_ln58 : 3
		sext_ln58 : 4
		sub_ln58 : 2
		sext_ln58_1 : 3
		add_ln58_1 : 2
		zext_ln58 : 3
		add_ln58_2 : 3
		zext_ln58_1 : 4
		add_ln58_3 : 2
		zext_ln58_2 : 3
		sub_ln58_1 : 5
		sub_ln58_2 : 4
		sext_ln68 : 5
		mrv : 5
		mrv_1 : 6
		mrv_2 : 7
		mrv_3 : 8
		mrv_4 : 9
		ret_ln68 : 10


============================================================
+ Verbose Summary: Datapath Resource usage 
============================================================

* Functional unit list:
|----------|-----------------------------|---------|---------|
| Operation|       Functional Unit       |    FF   |   LUT   |
|----------|-----------------------------|---------|---------|
|          |        sub_ln73_fu_92       |    0    |    17   |
|          |      sub_ln73_1_fu_150      |    0    |    17   |
|    sub   |       sub_ln58_fu_190       |    0    |    17   |
|          |      sub_ln58_1_fu_230      |    0    |    20   |
|          |      sub_ln58_2_fu_236      |    0    |    19   |
|----------|-----------------------------|---------|---------|
|          |       add_ln58_fu_180       |    0    |    17   |
|    add   |      add_ln58_1_fu_200      |    0    |    18   |
|          |      add_ln58_2_fu_210      |    0    |    17   |
|          |      add_ln58_3_fu_220      |    0    |    19   |
|----------|-----------------------------|---------|---------|
|          | data_21_val_read_read_fu_56 |    0    |    0    |
|   read   | data_15_val_read_read_fu_62 |    0    |    0    |
|          | data_13_val_read_read_fu_68 |    0    |    0    |
|          |  data_5_val_read_read_fu_74 |    0    |    0    |
|----------|-----------------------------|---------|---------|
|          |       zext_ln70_fu_80       |    0    |    0    |
|          |      zext_ln70_1_fu_98      |    0    |    0    |
|          |       zext_ln73_fu_110      |    0    |    0    |
|          |      zext_ln70_2_fu_122     |    0    |    0    |
|          |      zext_ln73_1_fu_134     |    0    |    0    |
|   zext   |      zext_ln73_2_fu_146     |    0    |    0    |
|          |      zext_ln73_3_fu_164     |    0    |    0    |
|          |      zext_ln73_4_fu_176     |    0    |    0    |
|          |       zext_ln58_fu_206      |    0    |    0    |
|          |      zext_ln58_1_fu_216     |    0    |    0    |
|          |      zext_ln58_2_fu_226     |    0    |    0    |
|----------|-----------------------------|---------|---------|
|          |         p_shl9_fu_84        |    0    |    0    |
|          |          tmp_fu_102         |    0    |    0    |
|          |        shl_ln_fu_114        |    0    |    0    |
|bitconcatenate|      shl_ln73_1_fu_126      |    0    |    0    |
|          |        p_shl6_fu_138        |    0    |    0    |
|          |      shl_ln73_2_fu_156      |    0    |    0    |
|          |        tmp_171_fu_168       |    0    |    0    |
|----------|-----------------------------|---------|---------|
|          |       sext_ln58_fu_186      |    0    |    0    |
|   sext   |      sext_ln58_1_fu_196     |    0    |    0    |
|          |       sext_ln68_fu_242      |    0    |    0    |
|----------|-----------------------------|---------|---------|
|          |          mrv_fu_246         |    0    |    0    |
|          |         mrv_1_fu_252        |    0    |    0    |
|insertvalue|         mrv_2_fu_258        |    0    |    0    |
|          |         mrv_3_fu_264        |    0    |    0    |
|          |         mrv_4_fu_270        |    0    |    0    |
|----------|-----------------------------|---------|---------|
|   Total  |                             |    0    |   161   |
|----------|-----------------------------|---------|---------|

Memories:
N/A

* Register list:
N/A

* Multiplexer (MUX) list: 
|--------|------|------|------|--------|
|  Comp  |  Pin | Size |  BW  | S x BW |
|--------|------|------|------|--------|
|  Total |      |      |      |    0   |
|--------|------|------|------|--------|



* Summary:
+-----------+--------+--------+
|           |   FF   |   LUT  |
+-----------+--------+--------+
|  Function |    0   |   161  |
|   Memory  |    -   |    -   |
|Multiplexer|    -   |    -   |
|  Register |    -   |    -   |
+-----------+--------+--------+
|   Total   |    0   |   161  |
+-----------+--------+--------+
