

================================================================
== Vitis HLS Report for 'dense_latency_ap_ufixed_8_6_0_3_0_ap_fixed_14_8_5_3_0_config12_s'
================================================================
* Date:           Thu May 14 16:52:33 2026

* Version:        2025.2 (Build 6295257 on Nov 14 2025)
* Project:        myproject_prj
* Solution:       solution1 (Vivado IP Flow Target)
* Product family: zynquplus
* Target device:  xck26-sfvc784-2LV-c


================================================================
== Performance Estimates
================================================================
+ Timing: 
    * Summary: 
    +--------+---------+----------+------------+
    |  Clock |  Target | Estimated| Uncertainty|
    +--------+---------+----------+------------+
    |ap_clk  |  5.00 ns|  2.420 ns|     1.35 ns|
    +--------+---------+----------+------------+

+ Latency: 
    * Summary: 
    +---------+---------+----------+----------+-----+-----+---------+
    |  Latency (cycles) |  Latency (absolute) |  Interval | Pipeline|
    |   min   |   max   |    min   |    max   | min | max |   Type  |
    +---------+---------+----------+----------+-----+-----+---------+
    |        0|        0|      0 ns|      0 ns|    1|    1|      yes|
    +---------+---------+----------+----------+-----+-----+---------+

    + Detail: 
        * Instance: 
        N/A

        * Loop: 
        N/A

============================================================
+ Verbose Summary: Synthesis Manager
============================================================
InlineROM: 1
ExposeGlobal: 0
============================================================
+ Verbose Summary: CDFG Model
============================================================
IsTopModel: 0
ResetActiveHigh: 1
IsCombinational: 0
IsDatapathOnly: 0
HasWiredReturn: 1
HasMFsm: 2
HasVarLatency: 0
IsPipeline: 1
IsRtlPipelined: 0
IsInstanceOverlapped: 0
IsDontTouch: 0
HasImplIP: 0
IsGatedGlobalClock: 0

+ Individual pipeline summary: 
  * Pipeline-0: initiation interval (II) = 1, depth = 1


============================================================
+ Verbose Summary: Schedule
============================================================
* Number of FSM states : 1
* Pipeline : 1
  Pipeline-0 : II = 1, D = 1, States = { 1 }
* Dataflow Pipeline: 0

* FSM state transitions: 
1 --> 

* FSM state operations: 

State 1 <SV = 0> <Delay = 2.41>
ST_1 : Operation 2 [1/1] (0.00ns)   --->   "%specpipeline_ln26 = specpipeline void @_ssdm_op_SpecPipeline, i32 1, i32 0, i32 0, i32 0, i32 4294967295, void @empty_0" [firmware/nnet_utils/nnet_dense_latency.h:26]   --->   Operation 2 'specpipeline' 'specpipeline_ln26' <Predicate = true> <Delay = 0.00>
ST_1 : Operation 3 [1/1] (0.00ns)   --->   "%specresourcelimit_ln33 = specresourcelimit void @_ssdm_op_SpecResourceLimit, i64 12, void @empty_1, void @empty_0, void @empty_0, void @empty_0" [firmware/nnet_utils/nnet_dense_latency.h:33]   --->   Operation 3 'specresourcelimit' 'specresourcelimit_ln33' <Predicate = true> <Delay = 0.00>
ST_1 : Operation 4 [1/1] (0.00ns)   --->   "%data_21_val_read = read i8 @_ssdm_op_Read.ap_auto.i8, i8 %data_21_val" [firmware/nnet_utils/nnet_mult.h:70->firmware/nnet_utils/nnet_dense_latency.h:42]   --->   Operation 4 'read' 'data_21_val_read' <Predicate = true> <Delay = 0.00>
ST_1 : Operation 5 [1/1] (0.00ns)   --->   "%data_18_val_read = read i8 @_ssdm_op_Read.ap_auto.i8, i8 %data_18_val" [firmware/nnet_utils/nnet_mult.h:70->firmware/nnet_utils/nnet_dense_latency.h:42]   --->   Operation 5 'read' 'data_18_val_read' <Predicate = true> <Delay = 0.00>
ST_1 : Operation 6 [1/1] (0.00ns)   --->   "%data_15_val_read = read i8 @_ssdm_op_Read.ap_auto.i8, i8 %data_15_val" [firmware/nnet_utils/nnet_mult.h:70->firmware/nnet_utils/nnet_dense_latency.h:42]   --->   Operation 6 'read' 'data_15_val_read' <Predicate = true> <Delay = 0.00>
ST_1 : Operation 7 [1/1] (0.00ns)   --->   "%data_13_val_read = read i8 @_ssdm_op_Read.ap_auto.i8, i8 %data_13_val" [firmware/nnet_utils/nnet_mult.h:70->firmware/nnet_utils/nnet_dense_latency.h:42]   --->   Operation 7 'read' 'data_13_val_read' <Predicate = true> <Delay = 0.00>
ST_1 : Operation 8 [1/1] (0.00ns)   --->   "%data_6_val_read = read i8 @_ssdm_op_Read.ap_auto.i8, i8 %data_6_val" [firmware/nnet_utils/nnet_mult.h:70->firmware/nnet_utils/nnet_dense_latency.h:42]   --->   Operation 8 'read' 'data_6_val_read' <Predicate = true> <Delay = 0.00>
ST_1 : Operation 9 [1/1] (0.00ns)   --->   "%data_5_val_read = read i8 @_ssdm_op_Read.ap_auto.i8, i8 %data_5_val" [firmware/nnet_utils/nnet_mult.h:70->firmware/nnet_utils/nnet_dense_latency.h:42]   --->   Operation 9 'read' 'data_5_val_read' <Predicate = true> <Delay = 0.00>
ST_1 : Operation 10 [1/1] (0.00ns)   --->   "%data_3_val_read = read i8 @_ssdm_op_Read.ap_auto.i8, i8 %data_3_val" [firmware/nnet_utils/nnet_mult.h:70->firmware/nnet_utils/nnet_dense_latency.h:42]   --->   Operation 10 'read' 'data_3_val_read' <Predicate = true> <Delay = 0.00>
ST_1 : Operation 11 [1/1] (0.00ns)   --->   "%zext_ln73 = zext i8 %data_3_val_read" [firmware/nnet_utils/nnet_mult.h:73->firmware/nnet_utils/nnet_dense_latency.h:42]   --->   Operation 11 'zext' 'zext_ln73' <Predicate = true> <Delay = 0.00>
ST_1 : Operation 12 [1/1] (0.00ns)   --->   "%p_shl1 = bitconcatenate i10 @_ssdm_op_BitConcatenate.i10.i8.i2, i8 %data_3_val_read, i2 0" [firmware/nnet_utils/nnet_mult.h:73->firmware/nnet_utils/nnet_dense_latency.h:42]   --->   Operation 12 'bitconcatenate' 'p_shl1' <Predicate = true> <Delay = 0.00>
ST_1 : Operation 13 [1/1] (0.00ns) (grouped into TernaryAdder)   --->   "%sub_ln73 = sub i10 %p_shl1, i10 %zext_ln73" [firmware/nnet_utils/nnet_mult.h:73->firmware/nnet_utils/nnet_dense_latency.h:42]   --->   Operation 13 'sub' 'sub_ln73' <Predicate = true> <Delay = 0.00> <CoreInst = "TAddSub">   --->   Core 10 'TAddSub' <Latency = 0> <II = 1> <Delay = 0.41> <IPBlock> <Opcode : 'add' 'sub'> <InPorts = 3> <OutPorts = 1> <Sync> <CReg>
ST_1 : Operation 14 [1/1] (0.00ns)   --->   "%tmp = bitconcatenate i11 @_ssdm_op_BitConcatenate.i11.i8.i3, i8 %data_3_val_read, i3 0" [firmware/nnet_utils/nnet_mult.h:73->firmware/nnet_utils/nnet_dense_latency.h:42]   --->   Operation 14 'bitconcatenate' 'tmp' <Predicate = true> <Delay = 0.00>
ST_1 : Operation 15 [1/1] (0.00ns)   --->   "%zext_ln73_1 = zext i11 %tmp" [firmware/nnet_utils/nnet_mult.h:73->firmware/nnet_utils/nnet_dense_latency.h:42]   --->   Operation 15 'zext' 'zext_ln73_1' <Predicate = true> <Delay = 0.00>
ST_1 : Operation 16 [1/1] (0.00ns)   --->   "%tmp_1 = bitconcatenate i9 @_ssdm_op_BitConcatenate.i9.i8.i1, i8 %data_3_val_read, i1 0" [firmware/nnet_utils/nnet_mult.h:73->firmware/nnet_utils/nnet_dense_latency.h:42]   --->   Operation 16 'bitconcatenate' 'tmp_1' <Predicate = true> <Delay = 0.00>
ST_1 : Operation 17 [1/1] (0.00ns)   --->   "%zext_ln73_2 = zext i9 %tmp_1" [firmware/nnet_utils/nnet_mult.h:73->firmware/nnet_utils/nnet_dense_latency.h:42]   --->   Operation 17 'zext' 'zext_ln73_2' <Predicate = true> <Delay = 0.00>
ST_1 : Operation 18 [1/1] (0.79ns)   --->   "%sub_ln73_1 = sub i12 %zext_ln73_2, i12 %zext_ln73_1" [firmware/nnet_utils/nnet_mult.h:73->firmware/nnet_utils/nnet_dense_latency.h:42]   --->   Operation 18 'sub' 'sub_ln73_1' <Predicate = true> <Delay = 0.79> <CoreInst = "Adder">   --->   Core 1 'Adder' <Latency = 0> <II = 1> <Delay = 0.79> <FuncUnit> <Opcode : 'add' 'sub'> <InPorts = 2> <OutPorts = 1>
ST_1 : Operation 19 [1/1] (0.00ns)   --->   "%sext_ln73 = sext i12 %sub_ln73_1" [firmware/nnet_utils/nnet_mult.h:73->firmware/nnet_utils/nnet_dense_latency.h:42]   --->   Operation 19 'sext' 'sext_ln73' <Predicate = true> <Delay = 0.00>
ST_1 : Operation 20 [1/1] (0.00ns)   --->   "%zext_ln70 = zext i8 %data_5_val_read" [firmware/nnet_utils/nnet_mult.h:70->firmware/nnet_utils/nnet_dense_latency.h:42]   --->   Operation 20 'zext' 'zext_ln70' <Predicate = true> <Delay = 0.00>
ST_1 : Operation 21 [1/1] (0.00ns)   --->   "%p_shl2 = bitconcatenate i10 @_ssdm_op_BitConcatenate.i10.i8.i2, i8 %data_5_val_read, i2 0" [firmware/nnet_utils/nnet_mult.h:73->firmware/nnet_utils/nnet_dense_latency.h:42]   --->   Operation 21 'bitconcatenate' 'p_shl2' <Predicate = true> <Delay = 0.00>
ST_1 : Operation 22 [1/1] (0.78ns)   --->   "%sub_ln73_2 = sub i10 %p_shl2, i10 %zext_ln70" [firmware/nnet_utils/nnet_mult.h:73->firmware/nnet_utils/nnet_dense_latency.h:42]   --->   Operation 22 'sub' 'sub_ln73_2' <Predicate = true> <Delay = 0.78> <CoreInst = "Adder">   --->   Core 1 'Adder' <Latency = 0> <II = 1> <Delay = 0.78> <FuncUnit> <Opcode : 'add' 'sub'> <InPorts = 2> <OutPorts = 1>
ST_1 : Operation 23 [1/1] (0.00ns)   --->   "%p_shl3 = bitconcatenate i11 @_ssdm_op_BitConcatenate.i11.i8.i3, i8 %data_6_val_read, i3 0" [firmware/nnet_utils/nnet_mult.h:73->firmware/nnet_utils/nnet_dense_latency.h:42]   --->   Operation 23 'bitconcatenate' 'p_shl3' <Predicate = true> <Delay = 0.00>
ST_1 : Operation 24 [1/1] (0.00ns)   --->   "%tmp_2 = bitconcatenate i9 @_ssdm_op_BitConcatenate.i9.i8.i1, i8 %data_6_val_read, i1 0" [firmware/nnet_utils/nnet_mult.h:73->firmware/nnet_utils/nnet_dense_latency.h:42]   --->   Operation 24 'bitconcatenate' 'tmp_2' <Predicate = true> <Delay = 0.00>
ST_1 : Operation 25 [1/1] (0.00ns)   --->   "%zext_ln73_3 = zext i9 %tmp_2" [firmware/nnet_utils/nnet_mult.h:73->firmware/nnet_utils/nnet_dense_latency.h:42]   --->   Operation 25 'zext' 'zext_ln73_3' <Predicate = true> <Delay = 0.00>
ST_1 : Operation 26 [1/1] (0.79ns)   --->   "%sub_ln73_3 = sub i11 %p_shl3, i11 %zext_ln73_3" [firmware/nnet_utils/nnet_mult.h:73->firmware/nnet_utils/nnet_dense_latency.h:42]   --->   Operation 26 'sub' 'sub_ln73_3' <Predicate = true> <Delay = 0.79> <CoreInst = "Adder">   --->   Core 1 'Adder' <Latency = 0> <II = 1> <Delay = 0.79> <FuncUnit> <Opcode : 'add' 'sub'> <InPorts = 2> <OutPorts = 1>
ST_1 : Operation 27 [1/1] (0.00ns)   --->   "%tmp_3 = bitconcatenate i10 @_ssdm_op_BitConcatenate.i10.i8.i2, i8 %data_13_val_read, i2 0" [firmware/nnet_utils/nnet_mult.h:73->firmware/nnet_utils/nnet_dense_latency.h:42]   --->   Operation 27 'bitconcatenate' 'tmp_3' <Predicate = true> <Delay = 0.00>
ST_1 : Operation 28 [1/1] (0.00ns)   --->   "%zext_ln73_4 = zext i10 %tmp_3" [firmware/nnet_utils/nnet_mult.h:73->firmware/nnet_utils/nnet_dense_latency.h:42]   --->   Operation 28 'zext' 'zext_ln73_4' <Predicate = true> <Delay = 0.00>
ST_1 : Operation 29 [1/1] (0.78ns)   --->   "%sub_ln73_4 = sub i11 0, i11 %zext_ln73_4" [firmware/nnet_utils/nnet_mult.h:73->firmware/nnet_utils/nnet_dense_latency.h:42]   --->   Operation 29 'sub' 'sub_ln73_4' <Predicate = true> <Delay = 0.78> <CoreInst = "Adder">   --->   Core 1 'Adder' <Latency = 0> <II = 1> <Delay = 0.78> <FuncUnit> <Opcode : 'add' 'sub'> <InPorts = 2> <OutPorts = 1>
ST_1 : Operation 30 [1/1] (0.00ns)   --->   "%sext_ln73_1 = sext i11 %sub_ln73_4" [firmware/nnet_utils/nnet_mult.h:73->firmware/nnet_utils/nnet_dense_latency.h:42]   --->   Operation 30 'sext' 'sext_ln73_1' <Predicate = true> <Delay = 0.00>
ST_1 : Operation 31 [1/1] (0.00ns)   --->   "%tmp_4 = bitconcatenate i11 @_ssdm_op_BitConcatenate.i11.i8.i3, i8 %data_13_val_read, i3 0" [firmware/nnet_utils/nnet_mult.h:73->firmware/nnet_utils/nnet_dense_latency.h:42]   --->   Operation 31 'bitconcatenate' 'tmp_4' <Predicate = true> <Delay = 0.00>
ST_1 : Operation 32 [1/1] (0.00ns)   --->   "%zext_ln73_5 = zext i11 %tmp_4" [firmware/nnet_utils/nnet_mult.h:73->firmware/nnet_utils/nnet_dense_latency.h:42]   --->   Operation 32 'zext' 'zext_ln73_5' <Predicate = true> <Delay = 0.00>
ST_1 : Operation 33 [1/1] (0.79ns)   --->   "%sub_ln73_5 = sub i12 0, i12 %zext_ln73_5" [firmware/nnet_utils/nnet_mult.h:73->firmware/nnet_utils/nnet_dense_latency.h:42]   --->   Operation 33 'sub' 'sub_ln73_5' <Predicate = true> <Delay = 0.79> <CoreInst = "Adder">   --->   Core 1 'Adder' <Latency = 0> <II = 1> <Delay = 0.79> <FuncUnit> <Opcode : 'add' 'sub'> <InPorts = 2> <OutPorts = 1>
ST_1 : Operation 34 [1/1] (0.00ns)   --->   "%sext_ln42 = sext i12 %sub_ln73_5" [firmware/nnet_utils/nnet_dense_latency.h:42]   --->   Operation 34 'sext' 'sext_ln42' <Predicate = true> <Delay = 0.00>
ST_1 : Operation 35 [1/1] (0.00ns)   --->   "%tmp_5 = bitconcatenate i9 @_ssdm_op_BitConcatenate.i9.i8.i1, i8 %data_13_val_read, i1 0" [firmware/nnet_utils/nnet_mult.h:73->firmware/nnet_utils/nnet_dense_latency.h:42]   --->   Operation 35 'bitconcatenate' 'tmp_5' <Predicate = true> <Delay = 0.00>
ST_1 : Operation 36 [1/1] (0.00ns)   --->   "%zext_ln73_6 = zext i9 %tmp_5" [firmware/nnet_utils/nnet_mult.h:73->firmware/nnet_utils/nnet_dense_latency.h:42]   --->   Operation 36 'zext' 'zext_ln73_6' <Predicate = true> <Delay = 0.00>
ST_1 : Operation 37 [1/1] (0.79ns)   --->   "%add_ln73 = add i12 %zext_ln73_5, i12 %zext_ln73_6" [firmware/nnet_utils/nnet_mult.h:73->firmware/nnet_utils/nnet_dense_latency.h:42]   --->   Operation 37 'add' 'add_ln73' <Predicate = true> <Delay = 0.79> <CoreInst = "Adder">   --->   Core 1 'Adder' <Latency = 0> <II = 1> <Delay = 0.79> <FuncUnit> <Opcode : 'add' 'sub'> <InPorts = 2> <OutPorts = 1>
ST_1 : Operation 38 [1/1] (0.00ns)   --->   "%p_shl8 = bitconcatenate i11 @_ssdm_op_BitConcatenate.i11.i8.i3, i8 %data_15_val_read, i3 0" [firmware/nnet_utils/nnet_mult.h:73->firmware/nnet_utils/nnet_dense_latency.h:42]   --->   Operation 38 'bitconcatenate' 'p_shl8' <Predicate = true> <Delay = 0.00>
ST_1 : Operation 39 [1/1] (0.00ns)   --->   "%tmp_6 = bitconcatenate i9 @_ssdm_op_BitConcatenate.i9.i8.i1, i8 %data_15_val_read, i1 0" [firmware/nnet_utils/nnet_mult.h:73->firmware/nnet_utils/nnet_dense_latency.h:42]   --->   Operation 39 'bitconcatenate' 'tmp_6' <Predicate = true> <Delay = 0.00>
ST_1 : Operation 40 [1/1] (0.00ns)   --->   "%zext_ln73_7 = zext i9 %tmp_6" [firmware/nnet_utils/nnet_mult.h:73->firmware/nnet_utils/nnet_dense_latency.h:42]   --->   Operation 40 'zext' 'zext_ln73_7' <Predicate = true> <Delay = 0.00>
ST_1 : Operation 41 [1/1] (0.00ns) (grouped into TernaryAdder)   --->   "%sub_ln73_6 = sub i11 %p_shl8, i11 %zext_ln73_7" [firmware/nnet_utils/nnet_mult.h:73->firmware/nnet_utils/nnet_dense_latency.h:42]   --->   Operation 41 'sub' 'sub_ln73_6' <Predicate = true> <Delay = 0.00> <CoreInst = "TAddSub">   --->   Core 10 'TAddSub' <Latency = 0> <II = 1> <Delay = 0.41> <IPBlock> <Opcode : 'add' 'sub'> <InPorts = 3> <OutPorts = 1> <Sync> <CReg>
ST_1 : Operation 42 [1/1] (0.00ns)   --->   "%shl_ln = bitconcatenate i9 @_ssdm_op_BitConcatenate.i9.i8.i1, i8 %data_18_val_read, i1 0" [firmware/nnet_utils/nnet_mult.h:73->firmware/nnet_utils/nnet_dense_latency.h:42]   --->   Operation 42 'bitconcatenate' 'shl_ln' <Predicate = true> <Delay = 0.00>
ST_1 : Operation 43 [1/1] (0.00ns)   --->   "%tmp_7 = bitconcatenate i12 @_ssdm_op_BitConcatenate.i12.i8.i4, i8 %data_21_val_read, i4 0" [firmware/nnet_utils/nnet_mult.h:73->firmware/nnet_utils/nnet_dense_latency.h:42]   --->   Operation 43 'bitconcatenate' 'tmp_7' <Predicate = true> <Delay = 0.00>
ST_1 : Operation 44 [1/1] (0.00ns)   --->   "%zext_ln73_8 = zext i12 %tmp_7" [firmware/nnet_utils/nnet_mult.h:73->firmware/nnet_utils/nnet_dense_latency.h:42]   --->   Operation 44 'zext' 'zext_ln73_8' <Predicate = true> <Delay = 0.00>
ST_1 : Operation 45 [1/1] (0.80ns)   --->   "%sub_ln73_7 = sub i13 0, i13 %zext_ln73_8" [firmware/nnet_utils/nnet_mult.h:73->firmware/nnet_utils/nnet_dense_latency.h:42]   --->   Operation 45 'sub' 'sub_ln73_7' <Predicate = true> <Delay = 0.80> <CoreInst = "Adder">   --->   Core 1 'Adder' <Latency = 0> <II = 1> <Delay = 0.80> <FuncUnit> <Opcode : 'add' 'sub'> <InPorts = 2> <OutPorts = 1>
ST_1 : Operation 46 [1/1] (0.96ns) (root node of TernaryAdder)   --->   "%add_ln58 = add i10 %sub_ln73, i10 24" [firmware/nnet_utils/nnet_dense_latency.h:58]   --->   Operation 46 'add' 'add_ln58' <Predicate = true> <Delay = 0.96> <CoreInst = "TAddSub">   --->   Core 10 'TAddSub' <Latency = 0> <II = 1> <Delay = 0.41> <IPBlock> <Opcode : 'add' 'sub'> <InPorts = 3> <OutPorts = 1> <Sync> <CReg>
ST_1 : Operation 47 [1/1] (0.00ns)   --->   "%zext_ln58 = zext i10 %add_ln58" [firmware/nnet_utils/nnet_dense_latency.h:58]   --->   Operation 47 'zext' 'zext_ln58' <Predicate = true> <Delay = 0.00>
ST_1 : Operation 48 [1/1] (0.00ns)   --->   "%zext_ln58_1 = zext i10 %sub_ln73_2" [firmware/nnet_utils/nnet_dense_latency.h:58]   --->   Operation 48 'zext' 'zext_ln58_1' <Predicate = true> <Delay = 0.00>
ST_1 : Operation 49 [1/1] (0.78ns)   --->   "%add_ln58_1 = add i11 %zext_ln58_1, i11 2020" [firmware/nnet_utils/nnet_dense_latency.h:58]   --->   Operation 49 'add' 'add_ln58_1' <Predicate = true> <Delay = 0.78> <CoreInst = "Adder">   --->   Core 1 'Adder' <Latency = 0> <II = 1> <Delay = 0.78> <FuncUnit> <Opcode : 'add' 'sub'> <InPorts = 2> <OutPorts = 1>
ST_1 : Operation 50 [1/1] (0.00ns)   --->   "%sext_ln58_1 = sext i11 %add_ln58_1" [firmware/nnet_utils/nnet_dense_latency.h:58]   --->   Operation 50 'sext' 'sext_ln58_1' <Predicate = true> <Delay = 0.00>
ST_1 : Operation 51 [1/1] (0.00ns)   --->   "%zext_ln58_2 = zext i11 %sub_ln73_3" [firmware/nnet_utils/nnet_dense_latency.h:58]   --->   Operation 51 'zext' 'zext_ln58_2' <Predicate = true> <Delay = 0.00>
ST_1 : Operation 52 [1/1] (0.00ns)   --->   "%zext_ln58_3 = zext i12 %add_ln73" [firmware/nnet_utils/nnet_dense_latency.h:58]   --->   Operation 52 'zext' 'zext_ln58_3' <Predicate = true> <Delay = 0.00>
ST_1 : Operation 53 [1/1] (0.00ns)   --->   "%zext_ln58_4 = zext i9 %shl_ln" [firmware/nnet_utils/nnet_dense_latency.h:58]   --->   Operation 53 'zext' 'zext_ln58_4' <Predicate = true> <Delay = 0.00>
ST_1 : Operation 54 [1/1] (0.00ns) (grouped into TernaryAdder)   --->   "%add_ln58_2 = add i13 %sext_ln73, i13 %sext_ln73_1" [firmware/nnet_utils/nnet_dense_latency.h:58]   --->   Operation 54 'add' 'add_ln58_2' <Predicate = true> <Delay = 0.00> <CoreInst = "TAddSub">   --->   Core 10 'TAddSub' <Latency = 0> <II = 1> <Delay = 0.41> <IPBlock> <Opcode : 'add' 'sub'> <InPorts = 3> <OutPorts = 1> <Sync> <CReg>
ST_1 : Operation 55 [1/1] (0.77ns)   --->   "%add_ln58_3 = add i10 %zext_ln58_4, i10 24" [firmware/nnet_utils/nnet_dense_latency.h:58]   --->   Operation 55 'add' 'add_ln58_3' <Predicate = true> <Delay = 0.77> <CoreInst = "Adder">   --->   Core 1 'Adder' <Latency = 0> <II = 1> <Delay = 0.77> <FuncUnit> <Opcode : 'add' 'sub'> <InPorts = 2> <OutPorts = 1>
ST_1 : Operation 56 [1/1] (0.00ns)   --->   "%zext_ln58_5 = zext i10 %add_ln58_3" [firmware/nnet_utils/nnet_dense_latency.h:58]   --->   Operation 56 'zext' 'zext_ln58_5' <Predicate = true> <Delay = 0.00>
ST_1 : Operation 57 [1/1] (0.79ns)   --->   "%add_ln58_4 = add i12 %zext_ln58_5, i12 %zext_ln58_2" [firmware/nnet_utils/nnet_dense_latency.h:58]   --->   Operation 57 'add' 'add_ln58_4' <Predicate = true> <Delay = 0.79> <CoreInst = "Adder">   --->   Core 1 'Adder' <Latency = 0> <II = 1> <Delay = 0.79> <FuncUnit> <Opcode : 'add' 'sub'> <InPorts = 2> <OutPorts = 1>
ST_1 : Operation 58 [1/1] (0.00ns)   --->   "%zext_ln58_6 = zext i12 %add_ln58_4" [firmware/nnet_utils/nnet_dense_latency.h:58]   --->   Operation 58 'zext' 'zext_ln58_6' <Predicate = true> <Delay = 0.00>
ST_1 : Operation 59 [1/1] (0.82ns) (root node of TernaryAdder)   --->   "%add_ln58_5 = add i13 %zext_ln58_6, i13 %add_ln58_2" [firmware/nnet_utils/nnet_dense_latency.h:58]   --->   Operation 59 'add' 'add_ln58_5' <Predicate = true> <Delay = 0.82> <CoreInst = "TAddSub">   --->   Core 10 'TAddSub' <Latency = 0> <II = 1> <Delay = 0.41> <IPBlock> <Opcode : 'add' 'sub'> <InPorts = 3> <OutPorts = 1> <Sync> <CReg>
ST_1 : Operation 60 [1/1] (0.00ns)   --->   "%sext_ln58_2 = sext i13 %add_ln58_5" [firmware/nnet_utils/nnet_dense_latency.h:58]   --->   Operation 60 'sext' 'sext_ln58_2' <Predicate = true> <Delay = 0.00>
ST_1 : Operation 61 [1/1] (0.00ns)   --->   "%sext_ln58 = sext i13 %sub_ln73_7" [firmware/nnet_utils/nnet_dense_latency.h:58]   --->   Operation 61 'sext' 'sext_ln58' <Predicate = true> <Delay = 0.00>
ST_1 : Operation 62 [1/1] (0.00ns) (grouped into TernaryAdder)   --->   "%add_ln58_6 = add i14 %sext_ln42, i14 %sext_ln58" [firmware/nnet_utils/nnet_dense_latency.h:58]   --->   Operation 62 'add' 'add_ln58_6' <Predicate = true> <Delay = 0.00> <CoreInst = "TAddSub">   --->   Core 10 'TAddSub' <Latency = 0> <II = 1> <Delay = 0.41> <IPBlock> <Opcode : 'add' 'sub'> <InPorts = 3> <OutPorts = 1> <Sync> <CReg>
ST_1 : Operation 63 [1/1] (0.91ns) (root node of TernaryAdder)   --->   "%add_ln58_7 = add i11 %sub_ln73_6, i11 8" [firmware/nnet_utils/nnet_dense_latency.h:58]   --->   Operation 63 'add' 'add_ln58_7' <Predicate = true> <Delay = 0.91> <CoreInst = "TAddSub">   --->   Core 10 'TAddSub' <Latency = 0> <II = 1> <Delay = 0.41> <IPBlock> <Opcode : 'add' 'sub'> <InPorts = 3> <OutPorts = 1> <Sync> <CReg>
ST_1 : Operation 64 [1/1] (0.00ns)   --->   "%zext_ln58_7 = zext i11 %add_ln58_7" [firmware/nnet_utils/nnet_dense_latency.h:58]   --->   Operation 64 'zext' 'zext_ln58_7' <Predicate = true> <Delay = 0.00>
ST_1 : Operation 65 [1/1] (0.77ns) (root node of TernaryAdder)   --->   "%add_ln58_8 = add i14 %zext_ln58_7, i14 %add_ln58_6" [firmware/nnet_utils/nnet_dense_latency.h:58]   --->   Operation 65 'add' 'add_ln58_8' <Predicate = true> <Delay = 0.77> <CoreInst = "TAddSub">   --->   Core 10 'TAddSub' <Latency = 0> <II = 1> <Delay = 0.41> <IPBlock> <Opcode : 'add' 'sub'> <InPorts = 3> <OutPorts = 1> <Sync> <CReg>
ST_1 : Operation 66 [1/1] (0.00ns) (grouped into TernaryAdder)   --->   "%sub_ln58 = sub i13 %zext_ln58_3, i13 %zext_ln73_8" [firmware/nnet_utils/nnet_dense_latency.h:58]   --->   Operation 66 'sub' 'sub_ln58' <Predicate = true> <Delay = 0.00> <CoreInst = "TAddSub">   --->   Core 10 'TAddSub' <Latency = 0> <II = 1> <Delay = 0.41> <IPBlock> <Opcode : 'add' 'sub'> <InPorts = 3> <OutPorts = 1> <Sync> <CReg>
ST_1 : Operation 67 [1/1] (0.77ns)   --->   "%add_ln58_9 = add i10 %zext_ln58_4, i10 4" [firmware/nnet_utils/nnet_dense_latency.h:58]   --->   Operation 67 'add' 'add_ln58_9' <Predicate = true> <Delay = 0.77> <CoreInst = "Adder">   --->   Core 1 'Adder' <Latency = 0> <II = 1> <Delay = 0.77> <FuncUnit> <Opcode : 'add' 'sub'> <InPorts = 2> <OutPorts = 1>
ST_1 : Operation 68 [1/1] (0.00ns)   --->   "%zext_ln58_8 = zext i10 %add_ln58_9" [firmware/nnet_utils/nnet_dense_latency.h:58]   --->   Operation 68 'zext' 'zext_ln58_8' <Predicate = true> <Delay = 0.00>
ST_1 : Operation 69 [1/1] (0.82ns) (root node of TernaryAdder)   --->   "%add_ln58_10 = add i13 %zext_ln58_8, i13 %sub_ln58" [firmware/nnet_utils/nnet_dense_latency.h:58]   --->   Operation 69 'add' 'add_ln58_10' <Predicate = true> <Delay = 0.82> <CoreInst = "TAddSub">   --->   Core 10 'TAddSub' <Latency = 0> <II = 1> <Delay = 0.41> <IPBlock> <Opcode : 'add' 'sub'> <InPorts = 3> <OutPorts = 1> <Sync> <CReg>
ST_1 : Operation 70 [1/1] (0.00ns)   --->   "%sext_ln68 = sext i13 %add_ln58_10" [firmware/nnet_utils/nnet_dense_latency.h:68]   --->   Operation 70 'sext' 'sext_ln68' <Predicate = true> <Delay = 0.00>
ST_1 : Operation 71 [1/1] (0.00ns)   --->   "%mrv = insertvalue i70 <undef>, i14 %sext_ln58_1" [firmware/nnet_utils/nnet_dense_latency.h:68]   --->   Operation 71 'insertvalue' 'mrv' <Predicate = true> <Delay = 0.00>
ST_1 : Operation 72 [1/1] (0.00ns)   --->   "%mrv_1 = insertvalue i70 %mrv, i14 %zext_ln58" [firmware/nnet_utils/nnet_dense_latency.h:68]   --->   Operation 72 'insertvalue' 'mrv_1' <Predicate = true> <Delay = 0.00>
ST_1 : Operation 73 [1/1] (0.00ns)   --->   "%mrv_2 = insertvalue i70 %mrv_1, i14 %sext_ln58_2" [firmware/nnet_utils/nnet_dense_latency.h:68]   --->   Operation 73 'insertvalue' 'mrv_2' <Predicate = true> <Delay = 0.00>
ST_1 : Operation 74 [1/1] (0.00ns)   --->   "%mrv_3 = insertvalue i70 %mrv_2, i14 %add_ln58_8" [firmware/nnet_utils/nnet_dense_latency.h:68]   --->   Operation 74 'insertvalue' 'mrv_3' <Predicate = true> <Delay = 0.00>
ST_1 : Operation 75 [1/1] (0.00ns)   --->   "%mrv_4 = insertvalue i70 %mrv_3, i14 %sext_ln68" [firmware/nnet_utils/nnet_dense_latency.h:68]   --->   Operation 75 'insertvalue' 'mrv_4' <Predicate = true> <Delay = 0.00>
ST_1 : Operation 76 [1/1] (0.00ns)   --->   "%ret_ln68 = ret i70 %mrv_4" [firmware/nnet_utils/nnet_dense_latency.h:68]   --->   Operation 76 'ret' 'ret_ln68' <Predicate = true> <Delay = 0.00>


============================================================
+ Verbose Summary: Binding
============================================================
STG Binding: 
---------------- STG Properties BEGIN ----------------
- Is combinational: 1
- Is one-state seq: 0
- Is datapath-only: 0
- Is pipelined: 1
- Is top level: 0
Port [ Return ] is wired: 1; IO mode=ap_ctrl_hs:ce=0
Port [ data_3_val]:  wired=1; compound=0; hidden=0; nouse=0; global=0; static=0; extern=0; dir=0; type=0; pingpong=0; private_global=0; IO mode=ap_none:ce=0
Port [ data_5_val]:  wired=1; compound=0; hidden=0; nouse=0; global=0; static=0; extern=0; dir=0; type=0; pingpong=0; private_global=0; IO mode=ap_none:ce=0
Port [ data_6_val]:  wired=1; compound=0; hidden=0; nouse=0; global=0; static=0; extern=0; dir=0; type=0; pingpong=0; private_global=0; IO mode=ap_none:ce=0
Port [ data_13_val]:  wired=1; compound=0; hidden=0; nouse=0; global=0; static=0; extern=0; dir=0; type=0; pingpong=0; private_global=0; IO mode=ap_none:ce=0
Port [ data_15_val]:  wired=1; compound=0; hidden=0; nouse=0; global=0; static=0; extern=0; dir=0; type=0; pingpong=0; private_global=0; IO mode=ap_none:ce=0
Port [ data_18_val]:  wired=1; compound=0; hidden=0; nouse=0; global=0; static=0; extern=0; dir=0; type=0; pingpong=0; private_global=0; IO mode=ap_none:ce=0
Port [ data_21_val]:  wired=1; compound=0; hidden=0; nouse=0; global=0; static=0; extern=0; dir=0; type=0; pingpong=0; private_global=0; IO mode=ap_none:ce=0
---------------- STG Properties END ------------------

---------------- Datapath Model BEGIN ----------------

<LifeTime>
<method=bitvector/>
specpipeline_ln26      (specpipeline     ) [ 00]
specresourcelimit_ln33 (specresourcelimit) [ 00]
data_21_val_read       (read             ) [ 00]
data_18_val_read       (read             ) [ 00]
data_15_val_read       (read             ) [ 00]
data_13_val_read       (read             ) [ 00]
data_6_val_read        (read             ) [ 00]
data_5_val_read        (read             ) [ 00]
data_3_val_read        (read             ) [ 00]
zext_ln73              (zext             ) [ 00]
p_shl1                 (bitconcatenate   ) [ 00]
sub_ln73               (sub              ) [ 00]
tmp                    (bitconcatenate   ) [ 00]
zext_ln73_1            (zext             ) [ 00]
tmp_1                  (bitconcatenate   ) [ 00]
zext_ln73_2            (zext             ) [ 00]
sub_ln73_1             (sub              ) [ 00]
sext_ln73              (sext             ) [ 00]
zext_ln70              (zext             ) [ 00]
p_shl2                 (bitconcatenate   ) [ 00]
sub_ln73_2             (sub              ) [ 00]
p_shl3                 (bitconcatenate   ) [ 00]
tmp_2                  (bitconcatenate   ) [ 00]
zext_ln73_3            (zext             ) [ 00]
sub_ln73_3             (sub              ) [ 00]
tmp_3                  (bitconcatenate   ) [ 00]
zext_ln73_4            (zext             ) [ 00]
sub_ln73_4             (sub              ) [ 00]
sext_ln73_1            (sext             ) [ 00]
tmp_4                  (bitconcatenate   ) [ 00]
zext_ln73_5            (zext             ) [ 00]
sub_ln73_5             (sub              ) [ 00]
sext_ln42              (sext             ) [ 00]
tmp_5                  (bitconcatenate   ) [ 00]
zext_ln73_6            (zext             ) [ 00]
add_ln73               (add              ) [ 00]
p_shl8                 (bitconcatenate   ) [ 00]
tmp_6                  (bitconcatenate   ) [ 00]
zext_ln73_7            (zext             ) [ 00]
sub_ln73_6             (sub              ) [ 00]
shl_ln                 (bitconcatenate   ) [ 00]
tmp_7                  (bitconcatenate   ) [ 00]
zext_ln73_8            (zext             ) [ 00]
sub_ln73_7             (sub              ) [ 00]
add_ln58               (add              ) [ 00]
zext_ln58              (zext             ) [ 00]
zext_ln58_1            (zext             ) [ 00]
add_ln58_1             (add              ) [ 00]
sext_ln58_1            (sext             ) [ 00]
zext_ln58_2            (zext             ) [ 00]
zext_ln58_3            (zext             ) [ 00]
zext_ln58_4            (zext             ) [ 00]
add_ln58_2             (add              ) [ 00]
add_ln58_3             (add              ) [ 00]
zext_ln58_5            (zext             ) [ 00]
add_ln58_4             (add              ) [ 00]
zext_ln58_6            (zext             ) [ 00]
add_ln58_5             (add              ) [ 00]
sext_ln58_2            (sext             ) [ 00]
sext_ln58              (sext             ) [ 00]
add_ln58_6             (add              ) [ 00]
add_ln58_7             (add              ) [ 00]
zext_ln58_7            (zext             ) [ 00]
add_ln58_8             (add              ) [ 00]
sub_ln58               (sub              ) [ 00]
add_ln58_9             (add              ) [ 00]
zext_ln58_8            (zext             ) [ 00]
add_ln58_10            (add              ) [ 00]
sext_ln68              (sext             ) [ 00]
mrv                    (insertvalue      ) [ 00]
mrv_1                  (insertvalue      ) [ 00]
mrv_2                  (insertvalue      ) [ 00]
mrv_3                  (insertvalue      ) [ 00]
mrv_4                  (insertvalue      ) [ 00]
ret_ln68               (ret              ) [ 00]
</LifeTime>

<model>

<comp_list>
<comp id="0" class="1000" name="data_3_val">
<pin_list>
<pin id="1" dir="1" index="0" bw="1" slack="0"/>
</pin_list>
<bind>
<StgValue><ssdm name="data_3_val"/></StgValue>
</bind>
</comp>

<comp id="2" class="1000" name="data_5_val">
<pin_list>
<pin id="3" dir="1" index="0" bw="1" slack="0"/>
</pin_list>
<bind>
<StgValue><ssdm name="data_5_val"/></StgValue>
</bind>
</comp>

<comp id="4" class="1000" name="data_6_val">
<pin_list>
<pin id="5" dir="1" index="0" bw="1" slack="0"/>
</pin_list>
<bind>
<StgValue><ssdm name="data_6_val"/></StgValue>
</bind>
</comp>

<comp id="6" class="1000" name="data_13_val">
<pin_list>
<pin id="7" dir="1" index="0" bw="1" slack="0"/>
</pin_list>
<bind>
<StgValue><ssdm name="data_13_val"/></StgValue>
</bind>
</comp>

<comp id="8" class="1000" name="data_15_val">
<pin_list>
<pin id="9" dir="1" index="0" bw="1" slack="0"/>
</pin_list>
<bind>
<StgValue><ssdm name="data_15_val"/></StgValue>
</bind>
</comp>

<comp id="10" class="1000" name="data_18_val">
<pin_list>
<pin id="11" dir="1" index="0" bw="1" slack="0"/>
</pin_list>
<bind>
<StgValue><ssdm name="data_18_val"/></StgValue>
</bind>
</comp>

<comp id="12" class="1000" name="data_21_val">
<pin_list>
<pin id="13" dir="1" index="0" bw="1" slack="0"/>
</pin_list>
<bind>
<StgValue><ssdm name="data_21_val"/></StgValue>
</bind>
</comp>

<comp id="14" class="1001" name="const_14">
<pin_list>
<pin id="15" dir="1" index="0" bw="1" slack="2147483647"/>
</pin_list>
<bind>
<StgValue><ssdm name="_ssdm_op_SpecPipeline"/></StgValue>
</bind>
</comp>

<comp id="16" class="1001" name="const_16">
<pin_list>
<pin id="17" dir="1" index="0" bw="1" slack="2147483647"/>
</pin_list>
<bind>
<StgValue><ssdm name=""/></StgValue>
</bind>
</comp>

<comp id="18" class="1001" name="const_18">
<pin_list>
<pin id="19" dir="1" index="0" bw="1" slack="2147483647"/>
</pin_list>
<bind>
<StgValue><ssdm name=""/></StgValue>
</bind>
</comp>

<comp id="20" class="1001" name="const_20">
<pin_list>
<pin id="21" dir="1" index="0" bw="1" slack="2147483647"/>
</pin_list>
<bind>
<StgValue><ssdm name=""/></StgValue>
</bind>
</comp>

<comp id="22" class="1001" name="const_22">
<pin_list>
<pin id="23" dir="1" index="0" bw="1" slack="2147483647"/>
</pin_list>
<bind>
<StgValue><ssdm name="empty_0"/></StgValue>
</bind>
</comp>

<comp id="24" class="1001" name="const_24">
<pin_list>
<pin id="25" dir="1" index="0" bw="1" slack="2147483647"/>
</pin_list>
<bind>
<StgValue><ssdm name="_ssdm_op_SpecResourceLimit"/></StgValue>
</bind>
</comp>

<comp id="26" class="1001" name="const_26">
<pin_list>
<pin id="27" dir="1" index="0" bw="1" slack="2147483647"/>
</pin_list>
<bind>
<StgValue><ssdm name=""/></StgValue>
</bind>
</comp>

<comp id="28" class="1001" name="const_28">
<pin_list>
<pin id="29" dir="1" index="0" bw="1" slack="2147483647"/>
</pin_list>
<bind>
<StgValue><ssdm name="empty_1"/></StgValue>
</bind>
</comp>

<comp id="30" class="1001" name="const_30">
<pin_list>
<pin id="31" dir="1" index="0" bw="1" slack="0"/>
</pin_list>
<bind>
<StgValue><ssdm name="_ssdm_op_Read.ap_auto.i8"/></StgValue>
</bind>
</comp>

<comp id="32" class="1001" name="const_32">
<pin_list>
<pin id="33" dir="1" index="0" bw="1" slack="0"/>
</pin_list>
<bind>
<StgValue><ssdm name="_ssdm_op_BitConcatenate.i10.i8.i2"/></StgValue>
</bind>
</comp>

<comp id="34" class="1001" name="const_34">
<pin_list>
<pin id="35" dir="1" index="0" bw="1" slack="0"/>
</pin_list>
<bind>
<StgValue><ssdm name=""/></StgValue>
</bind>
</comp>

<comp id="36" class="1001" name="const_36">
<pin_list>
<pin id="37" dir="1" index="0" bw="1" slack="0"/>
</pin_list>
<bind>
<StgValue><ssdm name="_ssdm_op_BitConcatenate.i11.i8.i3"/></StgValue>
</bind>
</comp>

<comp id="38" class="1001" name="const_38">
<pin_list>
<pin id="39" dir="1" index="0" bw="1" slack="0"/>
</pin_list>
<bind>
<StgValue><ssdm name=""/></StgValue>
</bind>
</comp>

<comp id="40" class="1001" name="const_40">
<pin_list>
<pin id="41" dir="1" index="0" bw="1" slack="0"/>
</pin_list>
<bind>
<StgValue><ssdm name="_ssdm_op_BitConcatenate.i9.i8.i1"/></StgValue>
</bind>
</comp>

<comp id="42" class="1001" name="const_42">
<pin_list>
<pin id="43" dir="1" index="0" bw="1" slack="0"/>
</pin_list>
<bind>
<StgValue><ssdm name=""/></StgValue>
</bind>
</comp>

<comp id="44" class="1001" name="const_44">
<pin_list>
<pin id="45" dir="1" index="0" bw="1" slack="0"/>
</pin_list>
<bind>
<StgValue><ssdm name=""/></StgValue>
</bind>
</comp>

<comp id="46" class="1001" name="const_46">
<pin_list>
<pin id="47" dir="1" index="0" bw="1" slack="0"/>
</pin_list>
<bind>
<StgValue><ssdm name=""/></StgValue>
</bind>
</comp>

<comp id="48" class="1001" name="const_48">
<pin_list>
<pin id="49" dir="1" index="0" bw="1" slack="0"/>
</pin_list>
<bind>
<StgValue><ssdm name="_ssdm_op_BitConcatenate.i12.i8.i4"/></StgValue>
</bind>
</comp>

<comp id="50" class="1001" name="const_50">
<pin_list>
<pin id="51" dir="1" index="0" bw="1" slack="0"/>
</pin_list>
<bind>
<StgValue><ssdm name=""/></StgValue>
</bind>
</comp>

<comp id="52" class="1001" name="const_52">
<pin_list>
<pin id="53" dir="1" index="0" bw="1" slack="0"/>
</pin_list>
<bind>
<StgValue><ssdm name=""/></StgValue>
</bind>
</comp>

<comp id="54" class="1001" name="const_54">
<pin_list>
<pin id="55" dir="1" index="0" bw="1" slack="0"/>
</pin_list>
<bind>
<StgValue><ssdm name=""/></StgValue>
</bind>
</comp>

<comp id="56" class="1001" name="const_56">
<pin_list>
<pin id="57" dir="1" index="0" bw="1" slack="0"/>
</pin_list>
<bind>
<StgValue><ssdm name=""/></StgValue>
</bind>
</comp>

<comp id="58" class="1001" name="const_58">
<pin_list>
<pin id="59" dir="1" index="0" bw="1" slack="0"/>
</pin_list>
<bind>
<StgValue><ssdm name=""/></StgValue>
</bind>
</comp>

<comp id="60" class="1001" name="const_60">
<pin_list>
<pin id="61" dir="1" index="0" bw="1" slack="0"/>
</pin_list>
<bind>
<StgValue><ssdm name=""/></StgValue>
</bind>
</comp>

<comp id="62" class="1001" name="const_62">
<pin_list>
<pin id="63" dir="1" index="0" bw="1" slack="0"/>
</pin_list>
<bind>
<StgValue><ssdm name=""/></StgValue>
</bind>
</comp>

<comp id="64" class="1004" name="data_21_val_read_read_fu_64">
<pin_list>
<pin id="65" dir="0" index="0" bw="8" slack="0"/>
<pin id="66" dir="0" index="1" bw="8" slack="0"/>
<pin id="67" dir="1" index="2" bw="8" slack="0"/>
</pin_list>
<bind>
<opcode="read(1150) " fcode="read"/>
<opset="data_21_val_read/1 "/>
</bind>
</comp>

<comp id="70" class="1004" name="data_18_val_read_read_fu_70">
<pin_list>
<pin id="71" dir="0" index="0" bw="8" slack="0"/>
<pin id="72" dir="0" index="1" bw="8" slack="0"/>
<pin id="73" dir="1" index="2" bw="8" slack="0"/>
</pin_list>
<bind>
<opcode="read(1150) " fcode="read"/>
<opset="data_18_val_read/1 "/>
</bind>
</comp>

<comp id="76" class="1004" name="data_15_val_read_read_fu_76">
<pin_list>
<pin id="77" dir="0" index="0" bw="8" slack="0"/>
<pin id="78" dir="0" index="1" bw="8" slack="0"/>
<pin id="79" dir="1" index="2" bw="8" slack="0"/>
</pin_list>
<bind>
<opcode="read(1150) " fcode="read"/>
<opset="data_15_val_read/1 "/>
</bind>
</comp>

<comp id="82" class="1004" name="data_13_val_read_read_fu_82">
<pin_list>
<pin id="83" dir="0" index="0" bw="8" slack="0"/>
<pin id="84" dir="0" index="1" bw="8" slack="0"/>
<pin id="85" dir="1" index="2" bw="8" slack="0"/>
</pin_list>
<bind>
<opcode="read(1150) " fcode="read"/>
<opset="data_13_val_read/1 "/>
</bind>
</comp>

<comp id="88" class="1004" name="data_6_val_read_read_fu_88">
<pin_list>
<pin id="89" dir="0" index="0" bw="8" slack="0"/>
<pin id="90" dir="0" index="1" bw="8" slack="0"/>
<pin id="91" dir="1" index="2" bw="8" slack="0"/>
</pin_list>
<bind>
<opcode="read(1150) " fcode="read"/>
<opset="data_6_val_read/1 "/>
</bind>
</comp>

<comp id="94" class="1004" name="data_5_val_read_read_fu_94">
<pin_list>
<pin id="95" dir="0" index="0" bw="8" slack="0"/>
<pin id="96" dir="0" index="1" bw="8" slack="0"/>
<pin id="97" dir="1" index="2" bw="8" slack="0"/>
</pin_list>
<bind>
<opcode="read(1150) " fcode="read"/>
<opset="data_5_val_read/1 "/>
</bind>
</comp>

<comp id="100" class="1004" name="data_3_val_read_read_fu_100">
<pin_list>
<pin id="101" dir="0" index="0" bw="8" slack="0"/>
<pin id="102" dir="0" index="1" bw="8" slack="0"/>
<pin id="103" dir="1" index="2" bw="8" slack="0"/>
</pin_list>
<bind>
<opcode="read(1150) " fcode="read"/>
<opset="data_3_val_read/1 "/>
</bind>
</comp>

<comp id="106" class="1004" name="zext_ln73_fu_106">
<pin_list>
<pin id="107" dir="0" index="0" bw="8" slack="0"/>
<pin id="108" dir="1" index="1" bw="10" slack="0"/>
</pin_list>
<bind>
<opcode="zext(34) " fcode="zext"/>
<opset="zext_ln73/1 "/>
</bind>
</comp>

<comp id="110" class="1004" name="p_shl1_fu_110">
<pin_list>
<pin id="111" dir="0" index="0" bw="10" slack="0"/>
<pin id="112" dir="0" index="1" bw="8" slack="0"/>
<pin id="113" dir="0" index="2" bw="1" slack="0"/>
<pin id="114" dir="1" index="3" bw="10" slack="0"/>
</pin_list>
<bind>
<opcode="bitconcatenate(1004) " fcode="bitconcatenate"/>
<opset="p_shl1/1 "/>
</bind>
</comp>

<comp id="118" class="1004" name="sub_ln73_fu_118">
<pin_list>
<pin id="119" dir="0" index="0" bw="10" slack="0"/>
<pin id="120" dir="0" index="1" bw="8" slack="0"/>
<pin id="121" dir="1" index="2" bw="10" slack="0"/>
</pin_list>
<bind>
<opcode="sub(10) " fcode="sub"/>
<opset="sub_ln73/1 "/>
</bind>
</comp>

<comp id="124" class="1004" name="tmp_fu_124">
<pin_list>
<pin id="125" dir="0" index="0" bw="11" slack="0"/>
<pin id="126" dir="0" index="1" bw="8" slack="0"/>
<pin id="127" dir="0" index="2" bw="1" slack="0"/>
<pin id="128" dir="1" index="3" bw="11" slack="0"/>
</pin_list>
<bind>
<opcode="bitconcatenate(1004) " fcode="bitconcatenate"/>
<opset="tmp/1 "/>
</bind>
</comp>

<comp id="132" class="1004" name="zext_ln73_1_fu_132">
<pin_list>
<pin id="133" dir="0" index="0" bw="11" slack="0"/>
<pin id="134" dir="1" index="1" bw="12" slack="0"/>
</pin_list>
<bind>
<opcode="zext(34) " fcode="zext"/>
<opset="zext_ln73_1/1 "/>
</bind>
</comp>

<comp id="136" class="1004" name="tmp_1_fu_136">
<pin_list>
<pin id="137" dir="0" index="0" bw="9" slack="0"/>
<pin id="138" dir="0" index="1" bw="8" slack="0"/>
<pin id="139" dir="0" index="2" bw="1" slack="0"/>
<pin id="140" dir="1" index="3" bw="9" slack="0"/>
</pin_list>
<bind>
<opcode="bitconcatenate(1004) " fcode="bitconcatenate"/>
<opset="tmp_1/1 "/>
</bind>
</comp>

<comp id="144" class="1004" name="zext_ln73_2_fu_144">
<pin_list>
<pin id="145" dir="0" index="0" bw="9" slack="0"/>
<pin id="146" dir="1" index="1" bw="12" slack="0"/>
</pin_list>
<bind>
<opcode="zext(34) " fcode="zext"/>
<opset="zext_ln73_2/1 "/>
</bind>
</comp>

<comp id="148" class="1004" name="sub_ln73_1_fu_148">
<pin_list>
<pin id="149" dir="0" index="0" bw="9" slack="0"/>
<pin id="150" dir="0" index="1" bw="11" slack="0"/>
<pin id="151" dir="1" index="2" bw="12" slack="0"/>
</pin_list>
<bind>
<opcode="sub(10) " fcode="sub"/>
<opset="sub_ln73_1/1 "/>
</bind>
</comp>

<comp id="154" class="1004" name="sext_ln73_fu_154">
<pin_list>
<pin id="155" dir="0" index="0" bw="12" slack="0"/>
<pin id="156" dir="1" index="1" bw="13" slack="0"/>
</pin_list>
<bind>
<opcode="sext(35) " fcode="sext"/>
<opset="sext_ln73/1 "/>
</bind>
</comp>

<comp id="158" class="1004" name="zext_ln70_fu_158">
<pin_list>
<pin id="159" dir="0" index="0" bw="8" slack="0"/>
<pin id="160" dir="1" index="1" bw="10" slack="0"/>
</pin_list>
<bind>
<opcode="zext(34) " fcode="zext"/>
<opset="zext_ln70/1 "/>
</bind>
</comp>

<comp id="162" class="1004" name="p_shl2_fu_162">
<pin_list>
<pin id="163" dir="0" index="0" bw="10" slack="0"/>
<pin id="164" dir="0" index="1" bw="8" slack="0"/>
<pin id="165" dir="0" index="2" bw="1" slack="0"/>
<pin id="166" dir="1" index="3" bw="10" slack="0"/>
</pin_list>
<bind>
<opcode="bitconcatenate(1004) " fcode="bitconcatenate"/>
<opset="p_shl2/1 "/>
</bind>
</comp>

<comp id="170" class="1004" name="sub_ln73_2_fu_170">
<pin_list>
<pin id="171" dir="0" index="0" bw="10" slack="0"/>
<pin id="172" dir="0" index="1" bw="8" slack="0"/>
<pin id="173" dir="1" index="2" bw="10" slack="0"/>
</pin_list>
<bind>
<opcode="sub(10) " fcode="sub"/>
<opset="sub_ln73_2/1 "/>
</bind>
</comp>

<comp id="176" class="1004" name="p_shl3_fu_176">
<pin_list>
<pin id="177" dir="0" index="0" bw="11" slack="0"/>
<pin id="178" dir="0" index="1" bw="8" slack="0"/>
<pin id="179" dir="0" index="2" bw="1" slack="0"/>
<pin id="180" dir="1" index="3" bw="11" slack="0"/>
</pin_list>
<bind>
<opcode="bitconcatenate(1004) " fcode="bitconcatenate"/>
<opset="p_shl3/1 "/>
</bind>
</comp>

<comp id="184" class="1004" name="tmp_2_fu_184">
<pin_list>
<pin id="185" dir="0" index="0" bw="9" slack="0"/>
<pin id="186" dir="0" index="1" bw="8" slack="0"/>
<pin id="187" dir="0" index="2" bw="1" slack="0"/>
<pin id="188" dir="1" index="3" bw="9" slack="0"/>
</pin_list>
<bind>
<opcode="bitconcatenate(1004) " fcode="bitconcatenate"/>
<opset="tmp_2/1 "/>
</bind>
</comp>

<comp id="192" class="1004" name="zext_ln73_3_fu_192">
<pin_list>
<pin id="193" dir="0" index="0" bw="9" slack="0"/>
<pin id="194" dir="1" index="1" bw="11" slack="0"/>
</pin_list>
<bind>
<opcode="zext(34) " fcode="zext"/>
<opset="zext_ln73_3/1 "/>
</bind>
</comp>

<comp id="196" class="1004" name="sub_ln73_3_fu_196">
<pin_list>
<pin id="197" dir="0" index="0" bw="11" slack="0"/>
<pin id="198" dir="0" index="1" bw="9" slack="0"/>
<pin id="199" dir="1" index="2" bw="11" slack="0"/>
</pin_list>
<bind>
<opcode="sub(10) " fcode="sub"/>
<opset="sub_ln73_3/1 "/>
</bind>
</comp>

<comp id="202" class="1004" name="tmp_3_fu_202">
<pin_list>
<pin id="203" dir="0" index="0" bw="10" slack="0"/>
<pin id="204" dir="0" index="1" bw="8" slack="0"/>
<pin id="205" dir="0" index="2" bw="1" slack="0"/>
<pin id="206" dir="1" index="3" bw="10" slack="0"/>
</pin_list>
<bind>
<opcode="bitconcatenate(1004) " fcode="bitconcatenate"/>
<opset="tmp_3/1 "/>
</bind>
</comp>

<comp id="210" class="1004" name="zext_ln73_4_fu_210">
<pin_list>
<pin id="211" dir="0" index="0" bw="10" slack="0"/>
<pin id="212" dir="1" index="1" bw="11" slack="0"/>
</pin_list>
<bind>
<opcode="zext(34) " fcode="zext"/>
<opset="zext_ln73_4/1 "/>
</bind>
</comp>

<comp id="214" class="1004" name="sub_ln73_4_fu_214">
<pin_list>
<pin id="215" dir="0" index="0" bw="1" slack="0"/>
<pin id="216" dir="0" index="1" bw="10" slack="0"/>
<pin id="217" dir="1" index="2" bw="11" slack="0"/>
</pin_list>
<bind>
<opcode="sub(10) " fcode="sub"/>
<opset="sub_ln73_4/1 "/>
</bind>
</comp>

<comp id="220" class="1004" name="sext_ln73_1_fu_220">
<pin_list>
<pin id="221" dir="0" index="0" bw="11" slack="0"/>
<pin id="222" dir="1" index="1" bw="13" slack="0"/>
</pin_list>
<bind>
<opcode="sext(35) " fcode="sext"/>
<opset="sext_ln73_1/1 "/>
</bind>
</comp>

<comp id="224" class="1004" name="tmp_4_fu_224">
<pin_list>
<pin id="225" dir="0" index="0" bw="11" slack="0"/>
<pin id="226" dir="0" index="1" bw="8" slack="0"/>
<pin id="227" dir="0" index="2" bw="1" slack="0"/>
<pin id="228" dir="1" index="3" bw="11" slack="0"/>
</pin_list>
<bind>
<opcode="bitconcatenate(1004) " fcode="bitconcatenate"/>
<opset="tmp_4/1 "/>
</bind>
</comp>

<comp id="232" class="1004" name="zext_ln73_5_fu_232">
<pin_list>
<pin id="233" dir="0" index="0" bw="11" slack="0"/>
<pin id="234" dir="1" index="1" bw="12" slack="0"/>
</pin_list>
<bind>
<opcode="zext(34) " fcode="zext"/>
<opset="zext_ln73_5/1 "/>
</bind>
</comp>

<comp id="236" class="1004" name="sub_ln73_5_fu_236">
<pin_list>
<pin id="237" dir="0" index="0" bw="1" slack="0"/>
<pin id="238" dir="0" index="1" bw="11" slack="0"/>
<pin id="239" dir="1" index="2" bw="12" slack="0"/>
</pin_list>
<bind>
<opcode="sub(10) " fcode="sub"/>
<opset="sub_ln73_5/1 "/>
</bind>
</comp>

<comp id="242" class="1004" name="sext_ln42_fu_242">
<pin_list>
<pin id="243" dir="0" index="0" bw="12" slack="0"/>
<pin id="244" dir="1" index="1" bw="14" slack="0"/>
</pin_list>
<bind>
<opcode="sext(35) " fcode="sext"/>
<opset="sext_ln42/1 "/>
</bind>
</comp>

<comp id="246" class="1004" name="tmp_5_fu_246">
<pin_list>
<pin id="247" dir="0" index="0" bw="9" slack="0"/>
<pin id="248" dir="0" index="1" bw="8" slack="0"/>
<pin id="249" dir="0" index="2" bw="1" slack="0"/>
<pin id="250" dir="1" index="3" bw="9" slack="0"/>
</pin_list>
<bind>
<opcode="bitconcatenate(1004) " fcode="bitconcatenate"/>
<opset="tmp_5/1 "/>
</bind>
</comp>

<comp id="254" class="1004" name="zext_ln73_6_fu_254">
<pin_list>
<pin id="255" dir="0" index="0" bw="9" slack="0"/>
<pin id="256" dir="1" index="1" bw="12" slack="0"/>
</pin_list>
<bind>
<opcode="zext(34) " fcode="zext"/>
<opset="zext_ln73_6/1 "/>
</bind>
</comp>

<comp id="258" class="1004" name="add_ln73_fu_258">
<pin_list>
<pin id="259" dir="0" index="0" bw="11" slack="0"/>
<pin id="260" dir="0" index="1" bw="9" slack="0"/>
<pin id="261" dir="1" index="2" bw="12" slack="0"/>
</pin_list>
<bind>
<opcode="add(8) " fcode="add"/>
<opset="add_ln73/1 "/>
</bind>
</comp>

<comp id="264" class="1004" name="p_shl8_fu_264">
<pin_list>
<pin id="265" dir="0" index="0" bw="11" slack="0"/>
<pin id="266" dir="0" index="1" bw="8" slack="0"/>
<pin id="267" dir="0" index="2" bw="1" slack="0"/>
<pin id="268" dir="1" index="3" bw="11" slack="0"/>
</pin_list>
<bind>
<opcode="bitconcatenate(1004) " fcode="bitconcatenate"/>
<opset="p_shl8/1 "/>
</bind>
</comp>

<comp id="272" class="1004" name="tmp_6_fu_272">
<pin_list>
<pin id="273" dir="0" index="0" bw="9" slack="0"/>
<pin id="274" dir="0" index="1" bw="8" slack="0"/>
<pin id="275" dir="0" index="2" bw="1" slack="0"/>
<pin id="276" dir="1" index="3" bw="9" slack="0"/>
</pin_list>
<bind>
<opcode="bitconcatenate(1004) " fcode="bitconcatenate"/>
<opset="tmp_6/1 "/>
</bind>
</comp>

<comp id="280" class="1004" name="zext_ln73_7_fu_280">
<pin_list>
<pin id="281" dir="0" index="0" bw="9" slack="0"/>
<pin id="282" dir="1" index="1" bw="11" slack="0"/>
</pin_list>
<bind>
<opcode="zext(34) " fcode="zext"/>
<opset="zext_ln73_7/1 "/>
</bind>
</comp>

<comp id="284" class="1004" name="sub_ln73_6_fu_284">
<pin_list>
<pin id="285" dir="0" index="0" bw="11" slack="0"/>
<pin id="286" dir="0" index="1" bw="9" slack="0"/>
<pin id="287" dir="1" index="2" bw="11" slack="0"/>
</pin_list>
<bind>
<opcode="sub(10) " fcode="sub"/>
<opset="sub_ln73_6/1 "/>
</bind>
</comp>

<comp id="290" class="1004" name="shl_ln_fu_290">
<pin_list>
<pin id="291" dir="0" index="0" bw="9" slack="0"/>
<pin id="292" dir="0" index="1" bw="8" slack="0"/>
<pin id="293" dir="0" index="2" bw="1" slack="0"/>
<pin id="294" dir="1" index="3" bw="9" slack="0"/>
</pin_list>
<bind>
<opcode="bitconcatenate(1004) " fcode="bitconcatenate"/>
<opset="shl_ln/1 "/>
</bind>
</comp>

<comp id="298" class="1004" name="tmp_7_fu_298">
<pin_list>
<pin id="299" dir="0" index="0" bw="12" slack="0"/>
<pin id="300" dir="0" index="1" bw="8" slack="0"/>
<pin id="301" dir="0" index="2" bw="1" slack="0"/>
<pin id="302" dir="1" index="3" bw="12" slack="0"/>
</pin_list>
<bind>
<opcode="bitconcatenate(1004) " fcode="bitconcatenate"/>
<opset="tmp_7/1 "/>
</bind>
</comp>

<comp id="306" class="1004" name="zext_ln73_8_fu_306">
<pin_list>
<pin id="307" dir="0" index="0" bw="12" slack="0"/>
<pin id="308" dir="1" index="1" bw="13" slack="0"/>
</pin_list>
<bind>
<opcode="zext(34) " fcode="zext"/>
<opset="zext_ln73_8/1 "/>
</bind>
</comp>

<comp id="310" class="1004" name="sub_ln73_7_fu_310">
<pin_list>
<pin id="311" dir="0" index="0" bw="1" slack="0"/>
<pin id="312" dir="0" index="1" bw="12" slack="0"/>
<pin id="313" dir="1" index="2" bw="13" slack="0"/>
</pin_list>
<bind>
<opcode="sub(10) " fcode="sub"/>
<opset="sub_ln73_7/1 "/>
</bind>
</comp>

<comp id="316" class="1004" name="add_ln58_fu_316">
<pin_list>
<pin id="317" dir="0" index="0" bw="10" slack="0"/>
<pin id="318" dir="0" index="1" bw="6" slack="0"/>
<pin id="319" dir="1" index="2" bw="10" slack="0"/>
</pin_list>
<bind>
<opcode="add(8) " fcode="add"/>
<opset="add_ln58/1 "/>
</bind>
</comp>

<comp id="322" class="1004" name="zext_ln58_fu_322">
<pin_list>
<pin id="323" dir="0" index="0" bw="10" slack="0"/>
<pin id="324" dir="1" index="1" bw="14" slack="0"/>
</pin_list>
<bind>
<opcode="zext(34) " fcode="zext"/>
<opset="zext_ln58/1 "/>
</bind>
</comp>

<comp id="326" class="1004" name="zext_ln58_1_fu_326">
<pin_list>
<pin id="327" dir="0" index="0" bw="10" slack="0"/>
<pin id="328" dir="1" index="1" bw="11" slack="0"/>
</pin_list>
<bind>
<opcode="zext(34) " fcode="zext"/>
<opset="zext_ln58_1/1 "/>
</bind>
</comp>

<comp id="330" class="1004" name="add_ln58_1_fu_330">
<pin_list>
<pin id="331" dir="0" index="0" bw="10" slack="0"/>
<pin id="332" dir="0" index="1" bw="6" slack="0"/>
<pin id="333" dir="1" index="2" bw="11" slack="0"/>
</pin_list>
<bind>
<opcode="add(8) " fcode="add"/>
<opset="add_ln58_1/1 "/>
</bind>
</comp>

<comp id="336" class="1004" name="sext_ln58_1_fu_336">
<pin_list>
<pin id="337" dir="0" index="0" bw="11" slack="0"/>
<pin id="338" dir="1" index="1" bw="14" slack="0"/>
</pin_list>
<bind>
<opcode="sext(35) " fcode="sext"/>
<opset="sext_ln58_1/1 "/>
</bind>
</comp>

<comp id="340" class="1004" name="zext_ln58_2_fu_340">
<pin_list>
<pin id="341" dir="0" index="0" bw="11" slack="0"/>
<pin id="342" dir="1" index="1" bw="12" slack="0"/>
</pin_list>
<bind>
<opcode="zext(34) " fcode="zext"/>
<opset="zext_ln58_2/1 "/>
</bind>
</comp>

<comp id="344" class="1004" name="zext_ln58_3_fu_344">
<pin_list>
<pin id="345" dir="0" index="0" bw="12" slack="0"/>
<pin id="346" dir="1" index="1" bw="13" slack="0"/>
</pin_list>
<bind>
<opcode="zext(34) " fcode="zext"/>
<opset="zext_ln58_3/1 "/>
</bind>
</comp>

<comp id="348" class="1004" name="zext_ln58_4_fu_348">
<pin_list>
<pin id="349" dir="0" index="0" bw="9" slack="0"/>
<pin id="350" dir="1" index="1" bw="10" slack="0"/>
</pin_list>
<bind>
<opcode="zext(34) " fcode="zext"/>
<opset="zext_ln58_4/1 "/>
</bind>
</comp>

<comp id="352" class="1004" name="add_ln58_2_fu_352">
<pin_list>
<pin id="353" dir="0" index="0" bw="12" slack="0"/>
<pin id="354" dir="0" index="1" bw="11" slack="0"/>
<pin id="355" dir="1" index="2" bw="13" slack="0"/>
</pin_list>
<bind>
<opcode="add(8) " fcode="add"/>
<opset="add_ln58_2/1 "/>
</bind>
</comp>

<comp id="358" class="1004" name="add_ln58_3_fu_358">
<pin_list>
<pin id="359" dir="0" index="0" bw="9" slack="0"/>
<pin id="360" dir="0" index="1" bw="6" slack="0"/>
<pin id="361" dir="1" index="2" bw="10" slack="0"/>
</pin_list>
<bind>
<opcode="add(8) " fcode="add"/>
<opset="add_ln58_3/1 "/>
</bind>
</comp>

<comp id="364" class="1004" name="zext_ln58_5_fu_364">
<pin_list>
<pin id="365" dir="0" index="0" bw="10" slack="0"/>
<pin id="366" dir="1" index="1" bw="12" slack="0"/>
</pin_list>
<bind>
<opcode="zext(34) " fcode="zext"/>
<opset="zext_ln58_5/1 "/>
</bind>
</comp>

<comp id="368" class="1004" name="add_ln58_4_fu_368">
<pin_list>
<pin id="369" dir="0" index="0" bw="10" slack="0"/>
<pin id="370" dir="0" index="1" bw="11" slack="0"/>
<pin id="371" dir="1" index="2" bw="12" slack="0"/>
</pin_list>
<bind>
<opcode="add(8) " fcode="add"/>
<opset="add_ln58_4/1 "/>
</bind>
</comp>

<comp id="374" class="1004" name="zext_ln58_6_fu_374">
<pin_list>
<pin id="375" dir="0" index="0" bw="12" slack="0"/>
<pin id="376" dir="1" index="1" bw="13" slack="0"/>
</pin_list>
<bind>
<opcode="zext(34) " fcode="zext"/>
<opset="zext_ln58_6/1 "/>
</bind>
</comp>

<comp id="378" class="1004" name="add_ln58_5_fu_378">
<pin_list>
<pin id="379" dir="0" index="0" bw="12" slack="0"/>
<pin id="380" dir="0" index="1" bw="13" slack="0"/>
<pin id="381" dir="1" index="2" bw="13" slack="0"/>
</pin_list>
<bind>
<opcode="add(8) " fcode="add"/>
<opset="add_ln58_5/1 "/>
</bind>
</comp>

<comp id="384" class="1004" name="sext_ln58_2_fu_384">
<pin_list>
<pin id="385" dir="0" index="0" bw="13" slack="0"/>
<pin id="386" dir="1" index="1" bw="14" slack="0"/>
</pin_list>
<bind>
<opcode="sext(35) " fcode="sext"/>
<opset="sext_ln58_2/1 "/>
</bind>
</comp>

<comp id="388" class="1004" name="sext_ln58_fu_388">
<pin_list>
<pin id="389" dir="0" index="0" bw="13" slack="0"/>
<pin id="390" dir="1" index="1" bw="14" slack="0"/>
</pin_list>
<bind>
<opcode="sext(35) " fcode="sext"/>
<opset="sext_ln58/1 "/>
</bind>
</comp>

<comp id="392" class="1004" name="add_ln58_6_fu_392">
<pin_list>
<pin id="393" dir="0" index="0" bw="12" slack="0"/>
<pin id="394" dir="0" index="1" bw="13" slack="0"/>
<pin id="395" dir="1" index="2" bw="14" slack="0"/>
</pin_list>
<bind>
<opcode="add(8) " fcode="add"/>
<opset="add_ln58_6/1 "/>
</bind>
</comp>

<comp id="398" class="1004" name="add_ln58_7_fu_398">
<pin_list>
<pin id="399" dir="0" index="0" bw="11" slack="0"/>
<pin id="400" dir="0" index="1" bw="5" slack="0"/>
<pin id="401" dir="1" index="2" bw="11" slack="0"/>
</pin_list>
<bind>
<opcode="add(8) " fcode="add"/>
<opset="add_ln58_7/1 "/>
</bind>
</comp>

<comp id="404" class="1004" name="zext_ln58_7_fu_404">
<pin_list>
<pin id="405" dir="0" index="0" bw="11" slack="0"/>
<pin id="406" dir="1" index="1" bw="14" slack="0"/>
</pin_list>
<bind>
<opcode="zext(34) " fcode="zext"/>
<opset="zext_ln58_7/1 "/>
</bind>
</comp>

<comp id="408" class="1004" name="add_ln58_8_fu_408">
<pin_list>
<pin id="409" dir="0" index="0" bw="11" slack="0"/>
<pin id="410" dir="0" index="1" bw="14" slack="0"/>
<pin id="411" dir="1" index="2" bw="14" slack="0"/>
</pin_list>
<bind>
<opcode="add(8) " fcode="add"/>
<opset="add_ln58_8/1 "/>
</bind>
</comp>

<comp id="414" class="1004" name="sub_ln58_fu_414">
<pin_list>
<pin id="415" dir="0" index="0" bw="12" slack="0"/>
<pin id="416" dir="0" index="1" bw="12" slack="0"/>
<pin id="417" dir="1" index="2" bw="13" slack="0"/>
</pin_list>
<bind>
<opcode="sub(10) " fcode="sub"/>
<opset="sub_ln58/1 "/>
</bind>
</comp>

<comp id="420" class="1004" name="add_ln58_9_fu_420">
<pin_list>
<pin id="421" dir="0" index="0" bw="9" slack="0"/>
<pin id="422" dir="0" index="1" bw="4" slack="0"/>
<pin id="423" dir="1" index="2" bw="10" slack="0"/>
</pin_list>
<bind>
<opcode="add(8) " fcode="add"/>
<opset="add_ln58_9/1 "/>
</bind>
</comp>

<comp id="426" class="1004" name="zext_ln58_8_fu_426">
<pin_list>
<pin id="427" dir="0" index="0" bw="10" slack="0"/>
<pin id="428" dir="1" index="1" bw="13" slack="0"/>
</pin_list>
<bind>
<opcode="zext(34) " fcode="zext"/>
<opset="zext_ln58_8/1 "/>
</bind>
</comp>

<comp id="430" class="1004" name="add_ln58_10_fu_430">
<pin_list>
<pin id="431" dir="0" index="0" bw="10" slack="0"/>
<pin id="432" dir="0" index="1" bw="13" slack="0"/>
<pin id="433" dir="1" index="2" bw="13" slack="0"/>
</pin_list>
<bind>
<opcode="add(8) " fcode="add"/>
<opset="add_ln58_10/1 "/>
</bind>
</comp>

<comp id="436" class="1004" name="sext_ln68_fu_436">
<pin_list>
<pin id="437" dir="0" index="0" bw="13" slack="0"/>
<pin id="438" dir="1" index="1" bw="14" slack="0"/>
</pin_list>
<bind>
<opcode="sext(35) " fcode="sext"/>
<opset="sext_ln68/1 "/>
</bind>
</comp>

<comp id="440" class="1004" name="mrv_fu_440">
<pin_list>
<pin id="441" dir="0" index="0" bw="70" slack="0"/>
<pin id="442" dir="0" index="1" bw="11" slack="0"/>
<pin id="443" dir="1" index="2" bw="70" slack="0"/>
</pin_list>
<bind>
<opcode="insertvalue(57) " fcode="insertvalue"/>
<opset="mrv/1 "/>
</bind>
</comp>

<comp id="446" class="1004" name="mrv_1_fu_446">
<pin_list>
<pin id="447" dir="0" index="0" bw="70" slack="0"/>
<pin id="448" dir="0" index="1" bw="10" slack="0"/>
<pin id="449" dir="1" index="2" bw="70" slack="0"/>
</pin_list>
<bind>
<opcode="insertvalue(57) " fcode="insertvalue"/>
<opset="mrv_1/1 "/>
</bind>
</comp>

<comp id="452" class="1004" name="mrv_2_fu_452">
<pin_list>
<pin id="453" dir="0" index="0" bw="70" slack="0"/>
<pin id="454" dir="0" index="1" bw="13" slack="0"/>
<pin id="455" dir="1" index="2" bw="70" slack="0"/>
</pin_list>
<bind>
<opcode="insertvalue(57) " fcode="insertvalue"/>
<opset="mrv_2/1 "/>
</bind>
</comp>

<comp id="458" class="1004" name="mrv_3_fu_458">
<pin_list>
<pin id="459" dir="0" index="0" bw="70" slack="0"/>
<pin id="460" dir="0" index="1" bw="14" slack="0"/>
<pin id="461" dir="1" index="2" bw="70" slack="0"/>
</pin_list>
<bind>
<opcode="insertvalue(57) " fcode="insertvalue"/>
<opset="mrv_3/1 "/>
</bind>
</comp>

<comp id="464" class="1004" name="mrv_4_fu_464">
<pin_list>
<pin id="465" dir="0" index="0" bw="70" slack="0"/>
<pin id="466" dir="0" index="1" bw="13" slack="0"/>
<pin id="467" dir="1" index="2" bw="70" slack="2147483647"/>
</pin_list>
<bind>
<opcode="insertvalue(57) " fcode="insertvalue"/>
<opset="mrv_4/1 "/>
</bind>
</comp>

</comp_list>

<net_list>
<net id="68"><net_src comp="30" pin="0"/><net_sink comp="64" pin=0"/></net>

<net id="69"><net_src comp="12" pin="0"/><net_sink comp="64" pin=1"/></net>

<net id="74"><net_src comp="30" pin="0"/><net_sink comp="70" pin=0"/></net>

<net id="75"><net_src comp="10" pin="0"/><net_sink comp="70" pin=1"/></net>

<net id="80"><net_src comp="30" pin="0"/><net_sink comp="76" pin=0"/></net>

<net id="81"><net_src comp="8" pin="0"/><net_sink comp="76" pin=1"/></net>

<net id="86"><net_src comp="30" pin="0"/><net_sink comp="82" pin=0"/></net>

<net id="87"><net_src comp="6" pin="0"/><net_sink comp="82" pin=1"/></net>

<net id="92"><net_src comp="30" pin="0"/><net_sink comp="88" pin=0"/></net>

<net id="93"><net_src comp="4" pin="0"/><net_sink comp="88" pin=1"/></net>

<net id="98"><net_src comp="30" pin="0"/><net_sink comp="94" pin=0"/></net>

<net id="99"><net_src comp="2" pin="0"/><net_sink comp="94" pin=1"/></net>

<net id="104"><net_src comp="30" pin="0"/><net_sink comp="100" pin=0"/></net>

<net id="105"><net_src comp="0" pin="0"/><net_sink comp="100" pin=1"/></net>

<net id="109"><net_src comp="100" pin="2"/><net_sink comp="106" pin=0"/></net>

<net id="115"><net_src comp="32" pin="0"/><net_sink comp="110" pin=0"/></net>

<net id="116"><net_src comp="100" pin="2"/><net_sink comp="110" pin=1"/></net>

<net id="117"><net_src comp="34" pin="0"/><net_sink comp="110" pin=2"/></net>

<net id="122"><net_src comp="110" pin="3"/><net_sink comp="118" pin=0"/></net>

<net id="123"><net_src comp="106" pin="1"/><net_sink comp="118" pin=1"/></net>

<net id="129"><net_src comp="36" pin="0"/><net_sink comp="124" pin=0"/></net>

<net id="130"><net_src comp="100" pin="2"/><net_sink comp="124" pin=1"/></net>

<net id="131"><net_src comp="38" pin="0"/><net_sink comp="124" pin=2"/></net>

<net id="135"><net_src comp="124" pin="3"/><net_sink comp="132" pin=0"/></net>

<net id="141"><net_src comp="40" pin="0"/><net_sink comp="136" pin=0"/></net>

<net id="142"><net_src comp="100" pin="2"/><net_sink comp="136" pin=1"/></net>

<net id="143"><net_src comp="42" pin="0"/><net_sink comp="136" pin=2"/></net>

<net id="147"><net_src comp="136" pin="3"/><net_sink comp="144" pin=0"/></net>

<net id="152"><net_src comp="144" pin="1"/><net_sink comp="148" pin=0"/></net>

<net id="153"><net_src comp="132" pin="1"/><net_sink comp="148" pin=1"/></net>

<net id="157"><net_src comp="148" pin="2"/><net_sink comp="154" pin=0"/></net>

<net id="161"><net_src comp="94" pin="2"/><net_sink comp="158" pin=0"/></net>

<net id="167"><net_src comp="32" pin="0"/><net_sink comp="162" pin=0"/></net>

<net id="168"><net_src comp="94" pin="2"/><net_sink comp="162" pin=1"/></net>

<net id="169"><net_src comp="34" pin="0"/><net_sink comp="162" pin=2"/></net>

<net id="174"><net_src comp="162" pin="3"/><net_sink comp="170" pin=0"/></net>

<net id="175"><net_src comp="158" pin="1"/><net_sink comp="170" pin=1"/></net>

<net id="181"><net_src comp="36" pin="0"/><net_sink comp="176" pin=0"/></net>

<net id="182"><net_src comp="88" pin="2"/><net_sink comp="176" pin=1"/></net>

<net id="183"><net_src comp="38" pin="0"/><net_sink comp="176" pin=2"/></net>

<net id="189"><net_src comp="40" pin="0"/><net_sink comp="184" pin=0"/></net>

<net id="190"><net_src comp="88" pin="2"/><net_sink comp="184" pin=1"/></net>

<net id="191"><net_src comp="42" pin="0"/><net_sink comp="184" pin=2"/></net>

<net id="195"><net_src comp="184" pin="3"/><net_sink comp="192" pin=0"/></net>

<net id="200"><net_src comp="176" pin="3"/><net_sink comp="196" pin=0"/></net>

<net id="201"><net_src comp="192" pin="1"/><net_sink comp="196" pin=1"/></net>

<net id="207"><net_src comp="32" pin="0"/><net_sink comp="202" pin=0"/></net>

<net id="208"><net_src comp="82" pin="2"/><net_sink comp="202" pin=1"/></net>

<net id="209"><net_src comp="34" pin="0"/><net_sink comp="202" pin=2"/></net>

<net id="213"><net_src comp="202" pin="3"/><net_sink comp="210" pin=0"/></net>

<net id="218"><net_src comp="44" pin="0"/><net_sink comp="214" pin=0"/></net>

<net id="219"><net_src comp="210" pin="1"/><net_sink comp="214" pin=1"/></net>

<net id="223"><net_src comp="214" pin="2"/><net_sink comp="220" pin=0"/></net>

<net id="229"><net_src comp="36" pin="0"/><net_sink comp="224" pin=0"/></net>

<net id="230"><net_src comp="82" pin="2"/><net_sink comp="224" pin=1"/></net>

<net id="231"><net_src comp="38" pin="0"/><net_sink comp="224" pin=2"/></net>

<net id="235"><net_src comp="224" pin="3"/><net_sink comp="232" pin=0"/></net>

<net id="240"><net_src comp="46" pin="0"/><net_sink comp="236" pin=0"/></net>

<net id="241"><net_src comp="232" pin="1"/><net_sink comp="236" pin=1"/></net>

<net id="245"><net_src comp="236" pin="2"/><net_sink comp="242" pin=0"/></net>

<net id="251"><net_src comp="40" pin="0"/><net_sink comp="246" pin=0"/></net>

<net id="252"><net_src comp="82" pin="2"/><net_sink comp="246" pin=1"/></net>

<net id="253"><net_src comp="42" pin="0"/><net_sink comp="246" pin=2"/></net>

<net id="257"><net_src comp="246" pin="3"/><net_sink comp="254" pin=0"/></net>

<net id="262"><net_src comp="232" pin="1"/><net_sink comp="258" pin=0"/></net>

<net id="263"><net_src comp="254" pin="1"/><net_sink comp="258" pin=1"/></net>

<net id="269"><net_src comp="36" pin="0"/><net_sink comp="264" pin=0"/></net>

<net id="270"><net_src comp="76" pin="2"/><net_sink comp="264" pin=1"/></net>

<net id="271"><net_src comp="38" pin="0"/><net_sink comp="264" pin=2"/></net>

<net id="277"><net_src comp="40" pin="0"/><net_sink comp="272" pin=0"/></net>

<net id="278"><net_src comp="76" pin="2"/><net_sink comp="272" pin=1"/></net>

<net id="279"><net_src comp="42" pin="0"/><net_sink comp="272" pin=2"/></net>

<net id="283"><net_src comp="272" pin="3"/><net_sink comp="280" pin=0"/></net>

<net id="288"><net_src comp="264" pin="3"/><net_sink comp="284" pin=0"/></net>

<net id="289"><net_src comp="280" pin="1"/><net_sink comp="284" pin=1"/></net>

<net id="295"><net_src comp="40" pin="0"/><net_sink comp="290" pin=0"/></net>

<net id="296"><net_src comp="70" pin="2"/><net_sink comp="290" pin=1"/></net>

<net id="297"><net_src comp="42" pin="0"/><net_sink comp="290" pin=2"/></net>

<net id="303"><net_src comp="48" pin="0"/><net_sink comp="298" pin=0"/></net>

<net id="304"><net_src comp="64" pin="2"/><net_sink comp="298" pin=1"/></net>

<net id="305"><net_src comp="50" pin="0"/><net_sink comp="298" pin=2"/></net>

<net id="309"><net_src comp="298" pin="3"/><net_sink comp="306" pin=0"/></net>

<net id="314"><net_src comp="52" pin="0"/><net_sink comp="310" pin=0"/></net>

<net id="315"><net_src comp="306" pin="1"/><net_sink comp="310" pin=1"/></net>

<net id="320"><net_src comp="118" pin="2"/><net_sink comp="316" pin=0"/></net>

<net id="321"><net_src comp="54" pin="0"/><net_sink comp="316" pin=1"/></net>

<net id="325"><net_src comp="316" pin="2"/><net_sink comp="322" pin=0"/></net>

<net id="329"><net_src comp="170" pin="2"/><net_sink comp="326" pin=0"/></net>

<net id="334"><net_src comp="326" pin="1"/><net_sink comp="330" pin=0"/></net>

<net id="335"><net_src comp="56" pin="0"/><net_sink comp="330" pin=1"/></net>

<net id="339"><net_src comp="330" pin="2"/><net_sink comp="336" pin=0"/></net>

<net id="343"><net_src comp="196" pin="2"/><net_sink comp="340" pin=0"/></net>

<net id="347"><net_src comp="258" pin="2"/><net_sink comp="344" pin=0"/></net>

<net id="351"><net_src comp="290" pin="3"/><net_sink comp="348" pin=0"/></net>

<net id="356"><net_src comp="154" pin="1"/><net_sink comp="352" pin=0"/></net>

<net id="357"><net_src comp="220" pin="1"/><net_sink comp="352" pin=1"/></net>

<net id="362"><net_src comp="348" pin="1"/><net_sink comp="358" pin=0"/></net>

<net id="363"><net_src comp="54" pin="0"/><net_sink comp="358" pin=1"/></net>

<net id="367"><net_src comp="358" pin="2"/><net_sink comp="364" pin=0"/></net>

<net id="372"><net_src comp="364" pin="1"/><net_sink comp="368" pin=0"/></net>

<net id="373"><net_src comp="340" pin="1"/><net_sink comp="368" pin=1"/></net>

<net id="377"><net_src comp="368" pin="2"/><net_sink comp="374" pin=0"/></net>

<net id="382"><net_src comp="374" pin="1"/><net_sink comp="378" pin=0"/></net>

<net id="383"><net_src comp="352" pin="2"/><net_sink comp="378" pin=1"/></net>

<net id="387"><net_src comp="378" pin="2"/><net_sink comp="384" pin=0"/></net>

<net id="391"><net_src comp="310" pin="2"/><net_sink comp="388" pin=0"/></net>

<net id="396"><net_src comp="242" pin="1"/><net_sink comp="392" pin=0"/></net>

<net id="397"><net_src comp="388" pin="1"/><net_sink comp="392" pin=1"/></net>

<net id="402"><net_src comp="284" pin="2"/><net_sink comp="398" pin=0"/></net>

<net id="403"><net_src comp="58" pin="0"/><net_sink comp="398" pin=1"/></net>

<net id="407"><net_src comp="398" pin="2"/><net_sink comp="404" pin=0"/></net>

<net id="412"><net_src comp="404" pin="1"/><net_sink comp="408" pin=0"/></net>

<net id="413"><net_src comp="392" pin="2"/><net_sink comp="408" pin=1"/></net>

<net id="418"><net_src comp="344" pin="1"/><net_sink comp="414" pin=0"/></net>

<net id="419"><net_src comp="306" pin="1"/><net_sink comp="414" pin=1"/></net>

<net id="424"><net_src comp="348" pin="1"/><net_sink comp="420" pin=0"/></net>

<net id="425"><net_src comp="60" pin="0"/><net_sink comp="420" pin=1"/></net>

<net id="429"><net_src comp="420" pin="2"/><net_sink comp="426" pin=0"/></net>

<net id="434"><net_src comp="426" pin="1"/><net_sink comp="430" pin=0"/></net>

<net id="435"><net_src comp="414" pin="2"/><net_sink comp="430" pin=1"/></net>

<net id="439"><net_src comp="430" pin="2"/><net_sink comp="436" pin=0"/></net>

<net id="444"><net_src comp="62" pin="0"/><net_sink comp="440" pin=0"/></net>

<net id="445"><net_src comp="336" pin="1"/><net_sink comp="440" pin=1"/></net>

<net id="450"><net_src comp="440" pin="2"/><net_sink comp="446" pin=0"/></net>

<net id="451"><net_src comp="322" pin="1"/><net_sink comp="446" pin=1"/></net>

<net id="456"><net_src comp="446" pin="2"/><net_sink comp="452" pin=0"/></net>

<net id="457"><net_src comp="384" pin="1"/><net_sink comp="452" pin=1"/></net>

<net id="462"><net_src comp="452" pin="2"/><net_sink comp="458" pin=0"/></net>

<net id="463"><net_src comp="408" pin="2"/><net_sink comp="458" pin=1"/></net>

<net id="468"><net_src comp="458" pin="2"/><net_sink comp="464" pin=0"/></net>

<net id="469"><net_src comp="436" pin="1"/><net_sink comp="464" pin=1"/></net>

</net_list>

</model> 
---------------- Datapath Model END ------------------

* FSMD analyzer results:
  - Output states:
 - Input state : 
	Port: dense_latency<ap_ufixed<8, 6, 0, 3, 0>, ap_fixed<14, 8, 5, 3, 0>, config12> : data_3_val | {1 }
	Port: dense_latency<ap_ufixed<8, 6, 0, 3, 0>, ap_fixed<14, 8, 5, 3, 0>, config12> : data_5_val | {1 }
	Port: dense_latency<ap_ufixed<8, 6, 0, 3, 0>, ap_fixed<14, 8, 5, 3, 0>, config12> : data_6_val | {1 }
	Port: dense_latency<ap_ufixed<8, 6, 0, 3, 0>, ap_fixed<14, 8, 5, 3, 0>, config12> : data_13_val | {1 }
	Port: dense_latency<ap_ufixed<8, 6, 0, 3, 0>, ap_fixed<14, 8, 5, 3, 0>, config12> : data_15_val | {1 }
	Port: dense_latency<ap_ufixed<8, 6, 0, 3, 0>, ap_fixed<14, 8, 5, 3, 0>, config12> : data_18_val | {1 }
	Port: dense_latency<ap_ufixed<8, 6, 0, 3, 0>, ap_fixed<14, 8, 5, 3, 0>, config12> : data_21_val | {1 }
  - Chain level:
	State 1
		sub_ln73 : 1
		zext_ln73_1 : 1
		zext_ln73_2 : 1
		sub_ln73_1 : 2
		sext_ln73 : 3
		sub_ln73_2 : 1
		zext_ln73_3 : 1
		sub_ln73_3 : 2
		zext_ln73_4 : 1
		sub_ln73_4 : 2
		sext_ln73_1 : 3
		zext_ln73_5 : 1
		sub_ln73_5 : 2
		sext_ln42 : 3
		zext_ln73_6 : 1
		add_ln73 : 2
		zext_ln73_7 : 1
		sub_ln73_6 : 2
		zext_ln73_8 : 1
		sub_ln73_7 : 2
		add_ln58 : 2
		zext_ln58 : 3
		zext_ln58_1 : 2
		add_ln58_1 : 3
		sext_ln58_1 : 4
		zext_ln58_2 : 3
		zext_ln58_3 : 3
		zext_ln58_4 : 1
		add_ln58_2 : 4
		add_ln58_3 : 2
		zext_ln58_5 : 3
		add_ln58_4 : 4
		zext_ln58_6 : 5
		add_ln58_5 : 6
		sext_ln58_2 : 7
		sext_ln58 : 3
		add_ln58_6 : 4
		add_ln58_7 : 3
		zext_ln58_7 : 4
		add_ln58_8 : 5
		sub_ln58 : 4
		add_ln58_9 : 2
		zext_ln58_8 : 3
		add_ln58_10 : 5
		sext_ln68 : 6
		mrv : 5
		mrv_1 : 6
		mrv_2 : 8
		mrv_3 : 9
		mrv_4 : 10
		ret_ln68 : 11


============================================================
+ Verbose Summary: Datapath Resource usage 
============================================================

* Functional unit list:
|----------|-----------------------------|---------|---------|
| Operation|       Functional Unit       |    FF   |   LUT   |
|----------|-----------------------------|---------|---------|
|          |       add_ln73_fu_258       |    0    |    18   |
|          |       add_ln58_fu_316       |    0    |    18   |
|          |      add_ln58_1_fu_330      |    0    |    17   |
|          |      add_ln58_2_fu_352      |    0    |    17   |
|          |      add_ln58_3_fu_358      |    0    |    16   |
|    add   |      add_ln58_4_fu_368      |    0    |    18   |
|          |      add_ln58_5_fu_378      |    0    |    17   |
|          |      add_ln58_6_fu_392      |    0    |    17   |
|          |      add_ln58_7_fu_398      |    0    |    17   |
|          |      add_ln58_8_fu_408      |    0    |    16   |
|          |      add_ln58_9_fu_420      |    0    |    16   |
|          |      add_ln58_10_fu_430     |    0    |    17   |
|----------|-----------------------------|---------|---------|
|          |       sub_ln73_fu_118       |    0    |    18   |
|          |      sub_ln73_1_fu_148      |    0    |    18   |
|          |      sub_ln73_2_fu_170      |    0    |    17   |
|          |      sub_ln73_3_fu_196      |    0    |    18   |
|    sub   |      sub_ln73_4_fu_214      |    0    |    17   |
|          |      sub_ln73_5_fu_236      |    0    |    18   |
|          |      sub_ln73_6_fu_284      |    0    |    17   |
|          |      sub_ln73_7_fu_310      |    0    |    19   |
|          |       sub_ln58_fu_414       |    0    |    17   |
|----------|-----------------------------|---------|---------|
|          | data_21_val_read_read_fu_64 |    0    |    0    |
|          | data_18_val_read_read_fu_70 |    0    |    0    |
|          | data_15_val_read_read_fu_76 |    0    |    0    |
|   read   | data_13_val_read_read_fu_82 |    0    |    0    |
|          |  data_6_val_read_read_fu_88 |    0    |    0    |
|          |  data_5_val_read_read_fu_94 |    0    |    0    |
|          | data_3_val_read_read_fu_100 |    0    |    0    |
|----------|-----------------------------|---------|---------|
|          |       zext_ln73_fu_106      |    0    |    0    |
|          |      zext_ln73_1_fu_132     |    0    |    0    |
|          |      zext_ln73_2_fu_144     |    0    |    0    |
|          |       zext_ln70_fu_158      |    0    |    0    |
|          |      zext_ln73_3_fu_192     |    0    |    0    |
|          |      zext_ln73_4_fu_210     |    0    |    0    |
|          |      zext_ln73_5_fu_232     |    0    |    0    |
|          |      zext_ln73_6_fu_254     |    0    |    0    |
|          |      zext_ln73_7_fu_280     |    0    |    0    |
|   zext   |      zext_ln73_8_fu_306     |    0    |    0    |
|          |       zext_ln58_fu_322      |    0    |    0    |
|          |      zext_ln58_1_fu_326     |    0    |    0    |
|          |      zext_ln58_2_fu_340     |    0    |    0    |
|          |      zext_ln58_3_fu_344     |    0    |    0    |
|          |      zext_ln58_4_fu_348     |    0    |    0    |
|          |      zext_ln58_5_fu_364     |    0    |    0    |
|          |      zext_ln58_6_fu_374     |    0    |    0    |
|          |      zext_ln58_7_fu_404     |    0    |    0    |
|          |      zext_ln58_8_fu_426     |    0    |    0    |
|----------|-----------------------------|---------|---------|
|          |        p_shl1_fu_110        |    0    |    0    |
|          |          tmp_fu_124         |    0    |    0    |
|          |         tmp_1_fu_136        |    0    |    0    |
|          |        p_shl2_fu_162        |    0    |    0    |
|          |        p_shl3_fu_176        |    0    |    0    |
|          |         tmp_2_fu_184        |    0    |    0    |
|bitconcatenate|         tmp_3_fu_202        |    0    |    0    |
|          |         tmp_4_fu_224        |    0    |    0    |
|          |         tmp_5_fu_246        |    0    |    0    |
|          |        p_shl8_fu_264        |    0    |    0    |
|          |         tmp_6_fu_272        |    0    |    0    |
|          |        shl_ln_fu_290        |    0    |    0    |
|          |         tmp_7_fu_298        |    0    |    0    |
|----------|-----------------------------|---------|---------|
|          |       sext_ln73_fu_154      |    0    |    0    |
|          |      sext_ln73_1_fu_220     |    0    |    0    |
|          |       sext_ln42_fu_242      |    0    |    0    |
|   sext   |      sext_ln58_1_fu_336     |    0    |    0    |
|          |      sext_ln58_2_fu_384     |    0    |    0    |
|          |       sext_ln58_fu_388      |    0    |    0    |
|          |       sext_ln68_fu_436      |    0    |    0    |
|----------|-----------------------------|---------|---------|
|          |          mrv_fu_440         |    0    |    0    |
|          |         mrv_1_fu_446        |    0    |    0    |
|insertvalue|         mrv_2_fu_452        |    0    |    0    |
|          |         mrv_3_fu_458        |    0    |    0    |
|          |         mrv_4_fu_464        |    0    |    0    |
|----------|-----------------------------|---------|---------|
|   Total  |                             |    0    |   363   |
|----------|-----------------------------|---------|---------|

Memories:
N/A

* Register list:
N/A

* Multiplexer (MUX) list: 
|--------|------|------|------|--------|
|  Comp  |  Pin | Size |  BW  | S x BW |
|--------|------|------|------|--------|
|  Total |      |      |      |    0   |
|--------|------|------|------|--------|



* Summary:
+-----------+--------+--------+
|           |   FF   |   LUT  |
+-----------+--------+--------+
|  Function |    0   |   363  |
|   Memory  |    -   |    -   |
|Multiplexer|    -   |    -   |
|  Register |    -   |    -   |
+-----------+--------+--------+
|   Total   |    0   |   363  |
+-----------+--------+--------+
