

================================================================
== Vitis HLS Report for 'dense_latency_ap_ufixed_8_6_0_3_0_ap_fixed_13_10_5_3_0_config6_s'
================================================================
* Date:           Thu May 14 16:52:33 2026

* Version:        2025.2 (Build 6295257 on Nov 14 2025)
* Project:        myproject_prj
* Solution:       solution1 (Vivado IP Flow Target)
* Product family: zynquplus
* Target device:  xck26-sfvc784-2LV-c


================================================================
== Performance Estimates
================================================================
+ Timing: 
    * Summary: 
    +--------+---------+----------+------------+
    |  Clock |  Target | Estimated| Uncertainty|
    +--------+---------+----------+------------+
    |ap_clk  |  5.00 ns|  2.341 ns|     1.35 ns|
    +--------+---------+----------+------------+

+ Latency: 
    * Summary: 
    +---------+---------+----------+----------+-----+-----+---------+
    |  Latency (cycles) |  Latency (absolute) |  Interval | Pipeline|
    |   min   |   max   |    min   |    max   | min | max |   Type  |
    +---------+---------+----------+----------+-----+-----+---------+
    |        0|        0|      0 ns|      0 ns|    1|    1|      yes|
    +---------+---------+----------+----------+-----+-----+---------+

    + Detail: 
        * Instance: 
        N/A

        * Loop: 
        N/A

============================================================
+ Verbose Summary: Synthesis Manager
============================================================
InlineROM: 1
ExposeGlobal: 0
============================================================
+ Verbose Summary: CDFG Model
============================================================
IsTopModel: 0
ResetActiveHigh: 1
IsCombinational: 0
IsDatapathOnly: 0
HasWiredReturn: 1
HasMFsm: 2
HasVarLatency: 0
IsPipeline: 1
IsRtlPipelined: 0
IsInstanceOverlapped: 0
IsDontTouch: 0
HasImplIP: 0
IsGatedGlobalClock: 0

+ Individual pipeline summary: 
  * Pipeline-0: initiation interval (II) = 1, depth = 1


============================================================
+ Verbose Summary: Schedule
============================================================
* Number of FSM states : 1
* Pipeline : 1
  Pipeline-0 : II = 1, D = 1, States = { 1 }
* Dataflow Pipeline: 0

* FSM state transitions: 
1 --> 

* FSM state operations: 

State 1 <SV = 0> <Delay = 2.34>
ST_1 : Operation 2 [1/1] (0.00ns)   --->   "%specpipeline_ln0 = specpipeline void @_ssdm_op_SpecPipeline, i32 1, i32 0, i32 0, i32 0, i32 4294967295, void @empty_0"   --->   Operation 2 'specpipeline' 'specpipeline_ln0' <Predicate = true> <Delay = 0.00>
ST_1 : Operation 3 [1/1] (0.00ns)   --->   "%specresourcelimit_ln33 = specresourcelimit void @_ssdm_op_SpecResourceLimit, i64 20, void @empty_1, void @empty_0, void @empty_0, void @empty_0" [firmware/nnet_utils/nnet_dense_latency.h:33->firmware/myproject.cpp:54]   --->   Operation 3 'specresourcelimit' 'specresourcelimit_ln33' <Predicate = true> <Delay = 0.00>
ST_1 : Operation 4 [1/1] (0.00ns)   --->   "%layer4_out_54_val_read = read i8 @_ssdm_op_Read.ap_auto.i8, i8 %layer4_out_54_val" [firmware/nnet_utils/nnet_mult.h:70->firmware/nnet_utils/nnet_dense_latency.h:42->firmware/myproject.cpp:54]   --->   Operation 4 'read' 'layer4_out_54_val_read' <Predicate = true> <Delay = 0.00>
ST_1 : Operation 5 [1/1] (0.00ns)   --->   "%layer4_out_51_val_read = read i8 @_ssdm_op_Read.ap_auto.i8, i8 %layer4_out_51_val" [firmware/nnet_utils/nnet_mult.h:70->firmware/nnet_utils/nnet_dense_latency.h:42->firmware/myproject.cpp:54]   --->   Operation 5 'read' 'layer4_out_51_val_read' <Predicate = true> <Delay = 0.00>
ST_1 : Operation 6 [1/1] (0.00ns)   --->   "%layer4_out_48_val_read = read i8 @_ssdm_op_Read.ap_auto.i8, i8 %layer4_out_48_val" [firmware/nnet_utils/nnet_mult.h:70->firmware/nnet_utils/nnet_dense_latency.h:42->firmware/myproject.cpp:54]   --->   Operation 6 'read' 'layer4_out_48_val_read' <Predicate = true> <Delay = 0.00>
ST_1 : Operation 7 [1/1] (0.00ns)   --->   "%layer4_out_47_val_read = read i8 @_ssdm_op_Read.ap_auto.i8, i8 %layer4_out_47_val" [firmware/nnet_utils/nnet_mult.h:70->firmware/nnet_utils/nnet_dense_latency.h:42->firmware/myproject.cpp:54]   --->   Operation 7 'read' 'layer4_out_47_val_read' <Predicate = true> <Delay = 0.00>
ST_1 : Operation 8 [1/1] (0.00ns)   --->   "%layer4_out_44_val_read = read i8 @_ssdm_op_Read.ap_auto.i8, i8 %layer4_out_44_val" [firmware/nnet_utils/nnet_mult.h:70->firmware/nnet_utils/nnet_dense_latency.h:42->firmware/myproject.cpp:54]   --->   Operation 8 'read' 'layer4_out_44_val_read' <Predicate = true> <Delay = 0.00>
ST_1 : Operation 9 [1/1] (0.00ns)   --->   "%layer4_out_42_val_read = read i8 @_ssdm_op_Read.ap_auto.i8, i8 %layer4_out_42_val" [firmware/nnet_utils/nnet_mult.h:70->firmware/nnet_utils/nnet_dense_latency.h:42->firmware/myproject.cpp:54]   --->   Operation 9 'read' 'layer4_out_42_val_read' <Predicate = true> <Delay = 0.00>
ST_1 : Operation 10 [1/1] (0.00ns)   --->   "%layer4_out_40_val_read = read i8 @_ssdm_op_Read.ap_auto.i8, i8 %layer4_out_40_val" [firmware/nnet_utils/nnet_mult.h:70->firmware/nnet_utils/nnet_dense_latency.h:42->firmware/myproject.cpp:54]   --->   Operation 10 'read' 'layer4_out_40_val_read' <Predicate = true> <Delay = 0.00>
ST_1 : Operation 11 [1/1] (0.00ns)   --->   "%layer4_out_35_val_read = read i8 @_ssdm_op_Read.ap_auto.i8, i8 %layer4_out_35_val" [firmware/nnet_utils/nnet_mult.h:70->firmware/nnet_utils/nnet_dense_latency.h:42->firmware/myproject.cpp:54]   --->   Operation 11 'read' 'layer4_out_35_val_read' <Predicate = true> <Delay = 0.00>
ST_1 : Operation 12 [1/1] (0.00ns)   --->   "%layer4_out_16_val_read = read i8 @_ssdm_op_Read.ap_auto.i8, i8 %layer4_out_16_val" [firmware/nnet_utils/nnet_mult.h:70->firmware/nnet_utils/nnet_dense_latency.h:42->firmware/myproject.cpp:54]   --->   Operation 12 'read' 'layer4_out_16_val_read' <Predicate = true> <Delay = 0.00>
ST_1 : Operation 13 [1/1] (0.00ns)   --->   "%layer4_out_7_val_read = read i8 @_ssdm_op_Read.ap_auto.i8, i8 %layer4_out_7_val" [firmware/nnet_utils/nnet_mult.h:70->firmware/nnet_utils/nnet_dense_latency.h:42->firmware/myproject.cpp:54]   --->   Operation 13 'read' 'layer4_out_7_val_read' <Predicate = true> <Delay = 0.00>
ST_1 : Operation 14 [1/1] (0.00ns)   --->   "%layer4_out_1_val_read = read i8 @_ssdm_op_Read.ap_auto.i8, i8 %layer4_out_1_val" [firmware/nnet_utils/nnet_mult.h:70->firmware/nnet_utils/nnet_dense_latency.h:42->firmware/myproject.cpp:54]   --->   Operation 14 'read' 'layer4_out_1_val_read' <Predicate = true> <Delay = 0.00>
ST_1 : Operation 15 [1/1] (0.00ns)   --->   "%p_shl7 = bitconcatenate i12 @_ssdm_op_BitConcatenate.i12.i8.i4, i8 %layer4_out_16_val_read, i4 0" [firmware/nnet_utils/nnet_mult.h:73->firmware/nnet_utils/nnet_dense_latency.h:42->firmware/myproject.cpp:54]   --->   Operation 15 'bitconcatenate' 'p_shl7' <Predicate = true> <Delay = 0.00>
ST_1 : Operation 16 [1/1] (0.00ns)   --->   "%tmp_15 = bitconcatenate i9 @_ssdm_op_BitConcatenate.i9.i8.i1, i8 %layer4_out_16_val_read, i1 0" [firmware/nnet_utils/nnet_mult.h:73->firmware/nnet_utils/nnet_dense_latency.h:42->firmware/myproject.cpp:54]   --->   Operation 16 'bitconcatenate' 'tmp_15' <Predicate = true> <Delay = 0.00>
ST_1 : Operation 17 [1/1] (0.00ns)   --->   "%zext_ln73_19 = zext i9 %tmp_15" [firmware/nnet_utils/nnet_mult.h:73->firmware/nnet_utils/nnet_dense_latency.h:42->firmware/myproject.cpp:54]   --->   Operation 17 'zext' 'zext_ln73_19' <Predicate = true> <Delay = 0.00>
ST_1 : Operation 18 [1/1] (0.00ns) (grouped into TernaryAdder)   --->   "%mult = sub i12 %p_shl7, i12 %zext_ln73_19" [firmware/nnet_utils/nnet_mult.h:73->firmware/nnet_utils/nnet_dense_latency.h:42->firmware/myproject.cpp:54]   --->   Operation 18 'sub' 'mult' <Predicate = true> <Delay = 0.00> <CoreInst = "TAddSub">   --->   Core 10 'TAddSub' <Latency = 0> <II = 1> <Delay = 0.41> <IPBlock> <Opcode : 'add' 'sub'> <InPorts = 3> <OutPorts = 1> <Sync> <CReg>
ST_1 : Operation 19 [1/1] (0.00ns)   --->   "%zext_ln73 = zext i8 %layer4_out_40_val_read" [firmware/nnet_utils/nnet_mult.h:73->firmware/nnet_utils/nnet_dense_latency.h:42->firmware/myproject.cpp:54]   --->   Operation 19 'zext' 'zext_ln73' <Predicate = true> <Delay = 0.00>
ST_1 : Operation 20 [1/1] (0.00ns)   --->   "%tmp_16 = bitconcatenate i12 @_ssdm_op_BitConcatenate.i12.i8.i4, i8 %layer4_out_40_val_read, i4 0" [firmware/nnet_utils/nnet_mult.h:73->firmware/nnet_utils/nnet_dense_latency.h:42->firmware/myproject.cpp:54]   --->   Operation 20 'bitconcatenate' 'tmp_16' <Predicate = true> <Delay = 0.00>
ST_1 : Operation 21 [1/1] (0.00ns)   --->   "%zext_ln73_20 = zext i12 %tmp_16" [firmware/nnet_utils/nnet_mult.h:73->firmware/nnet_utils/nnet_dense_latency.h:42->firmware/myproject.cpp:54]   --->   Operation 21 'zext' 'zext_ln73_20' <Predicate = true> <Delay = 0.00>
ST_1 : Operation 22 [1/1] (0.00ns)   --->   "%mult_15 = bitconcatenate i10 @_ssdm_op_BitConcatenate.i10.i8.i2, i8 %layer4_out_40_val_read, i2 0" [firmware/nnet_utils/nnet_mult.h:73->firmware/nnet_utils/nnet_dense_latency.h:42->firmware/myproject.cpp:54]   --->   Operation 22 'bitconcatenate' 'mult_15' <Predicate = true> <Delay = 0.00>
ST_1 : Operation 23 [1/1] (0.00ns)   --->   "%zext_ln17 = zext i10 %mult_15" [firmware/nnet_utils/nnet_dense_latency.h:17->firmware/myproject.cpp:54]   --->   Operation 23 'zext' 'zext_ln17' <Predicate = true> <Delay = 0.00>
ST_1 : Operation 24 [1/1] (0.00ns)   --->   "%mult_16 = bitconcatenate i10 @_ssdm_op_BitConcatenate.i10.i8.i2, i8 %layer4_out_42_val_read, i2 0" [firmware/nnet_utils/nnet_mult.h:73->firmware/nnet_utils/nnet_dense_latency.h:42->firmware/myproject.cpp:54]   --->   Operation 24 'bitconcatenate' 'mult_16' <Predicate = true> <Delay = 0.00>
ST_1 : Operation 25 [1/1] (0.00ns)   --->   "%zext_ln17_7 = zext i10 %mult_16" [firmware/nnet_utils/nnet_dense_latency.h:17->firmware/myproject.cpp:54]   --->   Operation 25 'zext' 'zext_ln17_7' <Predicate = true> <Delay = 0.00>
ST_1 : Operation 26 [1/1] (0.00ns)   --->   "%zext_ln17_8 = zext i10 %mult_16" [firmware/nnet_utils/nnet_dense_latency.h:17->firmware/myproject.cpp:54]   --->   Operation 26 'zext' 'zext_ln17_8' <Predicate = true> <Delay = 0.00>
ST_1 : Operation 27 [1/1] (0.00ns)   --->   "%zext_ln73_17 = zext i8 %layer4_out_44_val_read" [firmware/nnet_utils/nnet_mult.h:73->firmware/nnet_utils/nnet_dense_latency.h:42->firmware/myproject.cpp:54]   --->   Operation 27 'zext' 'zext_ln73_17' <Predicate = true> <Delay = 0.00>
ST_1 : Operation 28 [1/1] (0.00ns)   --->   "%mult_17 = bitconcatenate i9 @_ssdm_op_BitConcatenate.i9.i8.i1, i8 %layer4_out_44_val_read, i1 0" [firmware/nnet_utils/nnet_mult.h:73->firmware/nnet_utils/nnet_dense_latency.h:42->firmware/myproject.cpp:54]   --->   Operation 28 'bitconcatenate' 'mult_17' <Predicate = true> <Delay = 0.00>
ST_1 : Operation 29 [1/1] (0.00ns)   --->   "%zext_ln17_9 = zext i9 %mult_17" [firmware/nnet_utils/nnet_dense_latency.h:17->firmware/myproject.cpp:54]   --->   Operation 29 'zext' 'zext_ln17_9' <Predicate = true> <Delay = 0.00>
ST_1 : Operation 30 [1/1] (0.00ns)   --->   "%zext_ln73_18 = zext i8 %layer4_out_47_val_read" [firmware/nnet_utils/nnet_mult.h:73->firmware/nnet_utils/nnet_dense_latency.h:42->firmware/myproject.cpp:54]   --->   Operation 30 'zext' 'zext_ln73_18' <Predicate = true> <Delay = 0.00>
ST_1 : Operation 31 [1/1] (0.00ns)   --->   "%mult_18 = bitconcatenate i11 @_ssdm_op_BitConcatenate.i11.i8.i3, i8 %layer4_out_47_val_read, i3 0" [firmware/nnet_utils/nnet_mult.h:73->firmware/nnet_utils/nnet_dense_latency.h:42->firmware/myproject.cpp:54]   --->   Operation 31 'bitconcatenate' 'mult_18' <Predicate = true> <Delay = 0.00>
ST_1 : Operation 32 [1/1] (0.00ns)   --->   "%zext_ln17_10 = zext i11 %mult_18" [firmware/nnet_utils/nnet_dense_latency.h:17->firmware/myproject.cpp:54]   --->   Operation 32 'zext' 'zext_ln17_10' <Predicate = true> <Delay = 0.00>
ST_1 : Operation 33 [1/1] (0.00ns)   --->   "%mult_19 = bitconcatenate i11 @_ssdm_op_BitConcatenate.i11.i8.i3, i8 %layer4_out_48_val_read, i3 0" [firmware/nnet_utils/nnet_mult.h:73->firmware/nnet_utils/nnet_dense_latency.h:42->firmware/myproject.cpp:54]   --->   Operation 33 'bitconcatenate' 'mult_19' <Predicate = true> <Delay = 0.00>
ST_1 : Operation 34 [1/1] (0.00ns)   --->   "%zext_ln17_11 = zext i11 %mult_19" [firmware/nnet_utils/nnet_dense_latency.h:17->firmware/myproject.cpp:54]   --->   Operation 34 'zext' 'zext_ln17_11' <Predicate = true> <Delay = 0.00>
ST_1 : Operation 35 [1/1] (0.00ns)   --->   "%zext_ln70 = zext i8 %layer4_out_51_val_read" [firmware/nnet_utils/nnet_mult.h:70->firmware/nnet_utils/nnet_dense_latency.h:42->firmware/myproject.cpp:54]   --->   Operation 35 'zext' 'zext_ln70' <Predicate = true> <Delay = 0.00>
ST_1 : Operation 36 [1/1] (0.00ns)   --->   "%zext_ln58 = zext i8 %layer4_out_54_val_read" [firmware/nnet_utils/nnet_dense_latency.h:58->firmware/myproject.cpp:54]   --->   Operation 36 'zext' 'zext_ln58' <Predicate = true> <Delay = 0.00>
ST_1 : Operation 37 [1/1] (0.00ns)   --->   "%zext_ln58_11 = zext i8 %layer4_out_54_val_read" [firmware/nnet_utils/nnet_dense_latency.h:58->firmware/myproject.cpp:54]   --->   Operation 37 'zext' 'zext_ln58_11' <Predicate = true> <Delay = 0.00>
ST_1 : Operation 38 [1/1] (0.80ns)   --->   "%x_6 = sub i13 48, i13 %zext_ln73_20" [firmware/nnet_utils/nnet_dense_latency.h:58->firmware/myproject.cpp:54]   --->   Operation 38 'sub' 'x_6' <Predicate = true> <Delay = 0.80> <CoreInst = "Adder">   --->   Core 1 'Adder' <Latency = 0> <II = 1> <Delay = 0.80> <FuncUnit> <Opcode : 'add' 'sub'> <InPorts = 2> <OutPorts = 1>
ST_1 : Operation 39 [1/1] (0.76ns)   --->   "%add_ln58 = add i9 %zext_ln73_18, i9 4" [firmware/nnet_utils/nnet_dense_latency.h:58->firmware/myproject.cpp:54]   --->   Operation 39 'add' 'add_ln58' <Predicate = true> <Delay = 0.76> <CoreInst = "Adder">   --->   Core 1 'Adder' <Latency = 0> <II = 1> <Delay = 0.76> <FuncUnit> <Opcode : 'add' 'sub'> <InPorts = 2> <OutPorts = 1>
ST_1 : Operation 40 [1/1] (0.00ns)   --->   "%zext_ln58_12 = zext i9 %add_ln58" [firmware/nnet_utils/nnet_dense_latency.h:58->firmware/myproject.cpp:54]   --->   Operation 40 'zext' 'zext_ln58_12' <Predicate = true> <Delay = 0.00>
ST_1 : Operation 41 [1/1] (0.86ns) (root node of TernaryAdder)   --->   "%x = add i12 %zext_ln58_12, i12 %mult" [firmware/nnet_utils/nnet_dense_latency.h:58->firmware/myproject.cpp:54]   --->   Operation 41 'add' 'x' <Predicate = true> <Delay = 0.86> <CoreInst = "TAddSub">   --->   Core 10 'TAddSub' <Latency = 0> <II = 1> <Delay = 0.41> <IPBlock> <Opcode : 'add' 'sub'> <InPorts = 3> <OutPorts = 1> <Sync> <CReg>
ST_1 : Operation 42 [1/1] (0.00ns)   --->   "%layer4_out_1_val_cast = zext i8 %layer4_out_1_val_read" [firmware/nnet_utils/nnet_mult.h:70->firmware/nnet_utils/nnet_dense_latency.h:42->firmware/myproject.cpp:54]   --->   Operation 42 'zext' 'layer4_out_1_val_cast' <Predicate = true> <Delay = 0.00>
ST_1 : Operation 43 [1/1] (0.76ns)   --->   "%empty = sub i9 %layer4_out_1_val_cast, i9 %zext_ln73_17" [firmware/nnet_utils/nnet_mult.h:70->firmware/nnet_utils/nnet_dense_latency.h:42->firmware/myproject.cpp:54]   --->   Operation 43 'sub' 'empty' <Predicate = true> <Delay = 0.76> <CoreInst = "Adder">   --->   Core 1 'Adder' <Latency = 0> <II = 1> <Delay = 0.76> <FuncUnit> <Opcode : 'add' 'sub'> <InPorts = 2> <OutPorts = 1>
ST_1 : Operation 44 [1/1] (0.00ns)   --->   "%p_cast = sext i9 %empty" [firmware/nnet_utils/nnet_mult.h:70->firmware/nnet_utils/nnet_dense_latency.h:42->firmware/myproject.cpp:54]   --->   Operation 44 'sext' 'p_cast' <Predicate = true> <Delay = 0.00>
ST_1 : Operation 45 [1/1] (0.00ns)   --->   "%layer4_out_47_val_cast11 = zext i8 %layer4_out_47_val_read" [firmware/nnet_utils/nnet_mult.h:70->firmware/nnet_utils/nnet_dense_latency.h:42->firmware/myproject.cpp:54]   --->   Operation 45 'zext' 'layer4_out_47_val_cast11' <Predicate = true> <Delay = 0.00>
ST_1 : Operation 46 [1/1] (0.77ns)   --->   "%tmp108 = sub i10 %p_cast, i10 %layer4_out_47_val_cast11" [firmware/nnet_utils/nnet_mult.h:70->firmware/nnet_utils/nnet_dense_latency.h:42->firmware/myproject.cpp:54]   --->   Operation 46 'sub' 'tmp108' <Predicate = true> <Delay = 0.77> <CoreInst = "Adder">   --->   Core 1 'Adder' <Latency = 0> <II = 1> <Delay = 0.77> <FuncUnit> <Opcode : 'add' 'sub'> <InPorts = 2> <OutPorts = 1>
ST_1 : Operation 47 [1/1] (0.00ns)   --->   "%tmp = bitconcatenate i13 @_ssdm_op_BitConcatenate.i13.i10.i3, i10 %tmp108, i3 0" [firmware/nnet_utils/nnet_mult.h:70->firmware/nnet_utils/nnet_dense_latency.h:42->firmware/myproject.cpp:54]   --->   Operation 47 'bitconcatenate' 'tmp' <Predicate = true> <Delay = 0.00>
ST_1 : Operation 48 [1/1] (0.00ns)   --->   "%tmp11 = sext i13 %tmp" [firmware/nnet_utils/nnet_mult.h:70->firmware/nnet_utils/nnet_dense_latency.h:42->firmware/myproject.cpp:54]   --->   Operation 48 'sext' 'tmp11' <Predicate = true> <Delay = 0.00>
ST_1 : Operation 49 [1/1] (0.00ns)   --->   "%layer4_out_7_val_cast = zext i8 %layer4_out_7_val_read" [firmware/nnet_utils/nnet_mult.h:70->firmware/nnet_utils/nnet_dense_latency.h:42->firmware/myproject.cpp:54]   --->   Operation 49 'zext' 'layer4_out_7_val_cast' <Predicate = true> <Delay = 0.00>
ST_1 : Operation 50 [1/1] (0.00ns)   --->   "%layer4_out_35_val_cast = zext i8 %layer4_out_35_val_read" [firmware/nnet_utils/nnet_mult.h:70->firmware/nnet_utils/nnet_dense_latency.h:42->firmware/myproject.cpp:54]   --->   Operation 50 'zext' 'layer4_out_35_val_cast' <Predicate = true> <Delay = 0.00>
ST_1 : Operation 51 [1/1] (0.76ns)   --->   "%tmp126 = add i9 %layer4_out_35_val_cast, i9 %layer4_out_7_val_cast" [firmware/nnet_utils/nnet_mult.h:70->firmware/nnet_utils/nnet_dense_latency.h:42->firmware/myproject.cpp:54]   --->   Operation 51 'add' 'tmp126' <Predicate = true> <Delay = 0.76> <CoreInst = "Adder">   --->   Core 1 'Adder' <Latency = 0> <II = 1> <Delay = 0.76> <FuncUnit> <Opcode : 'add' 'sub'> <InPorts = 2> <OutPorts = 1>
ST_1 : Operation 52 [1/1] (0.00ns)   --->   "%tmp1 = bitconcatenate i11 @_ssdm_op_BitConcatenate.i11.i9.i2, i9 %tmp126, i2 0" [firmware/nnet_utils/nnet_mult.h:70->firmware/nnet_utils/nnet_dense_latency.h:42->firmware/myproject.cpp:54]   --->   Operation 52 'bitconcatenate' 'tmp1' <Predicate = true> <Delay = 0.00>
ST_1 : Operation 53 [1/1] (0.00ns)   --->   "%zext_ln58_13 = zext i11 %tmp1" [firmware/nnet_utils/nnet_dense_latency.h:58->firmware/myproject.cpp:54]   --->   Operation 53 'zext' 'zext_ln58_13' <Predicate = true> <Delay = 0.00>
ST_1 : Operation 54 [1/1] (0.79ns)   --->   "%add_ln58_23 = add i12 %zext_ln58_13, i12 %zext_ln17_8" [firmware/nnet_utils/nnet_dense_latency.h:58->firmware/myproject.cpp:54]   --->   Operation 54 'add' 'add_ln58_23' <Predicate = true> <Delay = 0.79> <CoreInst = "Adder">   --->   Core 1 'Adder' <Latency = 0> <II = 1> <Delay = 0.79> <FuncUnit> <Opcode : 'add' 'sub'> <InPorts = 2> <OutPorts = 1>
ST_1 : Operation 55 [1/1] (0.00ns)   --->   "%zext_ln58_14 = zext i12 %add_ln58_23" [firmware/nnet_utils/nnet_dense_latency.h:58->firmware/myproject.cpp:54]   --->   Operation 55 'zext' 'zext_ln58_14' <Predicate = true> <Delay = 0.00>
ST_1 : Operation 56 [1/1] (0.76ns)   --->   "%add_ln58_24 = add i9 %zext_ln73, i9 16" [firmware/nnet_utils/nnet_dense_latency.h:58->firmware/myproject.cpp:54]   --->   Operation 56 'add' 'add_ln58_24' <Predicate = true> <Delay = 0.76> <CoreInst = "Adder">   --->   Core 1 'Adder' <Latency = 0> <II = 1> <Delay = 0.76> <FuncUnit> <Opcode : 'add' 'sub'> <InPorts = 2> <OutPorts = 1>
ST_1 : Operation 57 [1/1] (0.00ns)   --->   "%zext_ln58_15 = zext i9 %add_ln58_24" [firmware/nnet_utils/nnet_dense_latency.h:58->firmware/myproject.cpp:54]   --->   Operation 57 'zext' 'zext_ln58_15' <Predicate = true> <Delay = 0.00>
ST_1 : Operation 58 [1/1] (0.00ns) (grouped into TernaryAdder)   --->   "%add_ln58_25 = add i14 %zext_ln58_15, i14 %tmp11" [firmware/nnet_utils/nnet_dense_latency.h:58->firmware/myproject.cpp:54]   --->   Operation 58 'add' 'add_ln58_25' <Predicate = true> <Delay = 0.00> <CoreInst = "TAddSub">   --->   Core 10 'TAddSub' <Latency = 0> <II = 1> <Delay = 0.41> <IPBlock> <Opcode : 'add' 'sub'> <InPorts = 3> <OutPorts = 1> <Sync> <CReg>
ST_1 : Operation 59 [1/1] (0.77ns) (root node of TernaryAdder)   --->   "%x_9 = add i14 %add_ln58_25, i14 %zext_ln58_14" [firmware/nnet_utils/nnet_dense_latency.h:58->firmware/myproject.cpp:54]   --->   Operation 59 'add' 'x_9' <Predicate = true> <Delay = 0.77> <CoreInst = "TAddSub">   --->   Core 10 'TAddSub' <Latency = 0> <II = 1> <Delay = 0.41> <IPBlock> <Opcode : 'add' 'sub'> <InPorts = 3> <OutPorts = 1> <Sync> <CReg>
ST_1 : Operation 60 [1/1] (0.78ns)   --->   "%add_ln58_27 = add i11 %zext_ln17, i11 %zext_ln17_7" [firmware/nnet_utils/nnet_dense_latency.h:58->firmware/myproject.cpp:54]   --->   Operation 60 'add' 'add_ln58_27' <Predicate = true> <Delay = 0.78> <CoreInst = "Adder">   --->   Core 1 'Adder' <Latency = 0> <II = 1> <Delay = 0.78> <FuncUnit> <Opcode : 'add' 'sub'> <InPorts = 2> <OutPorts = 1>
ST_1 : Operation 61 [1/1] (0.00ns)   --->   "%zext_ln58_16 = zext i11 %add_ln58_27" [firmware/nnet_utils/nnet_dense_latency.h:58->firmware/myproject.cpp:54]   --->   Operation 61 'zext' 'zext_ln58_16' <Predicate = true> <Delay = 0.00>
ST_1 : Operation 62 [1/1] (0.79ns)   --->   "%add_ln58_28 = add i12 %zext_ln17_11, i12 4088" [firmware/nnet_utils/nnet_dense_latency.h:58->firmware/myproject.cpp:54]   --->   Operation 62 'add' 'add_ln58_28' <Predicate = true> <Delay = 0.79> <CoreInst = "Adder">   --->   Core 1 'Adder' <Latency = 0> <II = 1> <Delay = 0.79> <FuncUnit> <Opcode : 'add' 'sub'> <InPorts = 2> <OutPorts = 1>
ST_1 : Operation 63 [1/1] (0.00ns)   --->   "%sext_ln58 = sext i12 %add_ln58_28" [firmware/nnet_utils/nnet_dense_latency.h:58->firmware/myproject.cpp:54]   --->   Operation 63 'sext' 'sext_ln58' <Predicate = true> <Delay = 0.00>
ST_1 : Operation 64 [1/1] (0.00ns) (grouped into TernaryAdder)   --->   "%add_ln58_29 = add i13 %sext_ln58, i13 %zext_ln58_16" [firmware/nnet_utils/nnet_dense_latency.h:58->firmware/myproject.cpp:54]   --->   Operation 64 'add' 'add_ln58_29' <Predicate = true> <Delay = 0.00> <CoreInst = "TAddSub">   --->   Core 10 'TAddSub' <Latency = 0> <II = 1> <Delay = 0.41> <IPBlock> <Opcode : 'add' 'sub'> <InPorts = 3> <OutPorts = 1> <Sync> <CReg>
ST_1 : Operation 65 [1/1] (0.76ns)   --->   "%tmp14 = add i9 %zext_ln58_11, i9 %zext_ln70" [firmware/nnet_utils/nnet_dense_latency.h:58->firmware/myproject.cpp:54]   --->   Operation 65 'add' 'tmp14' <Predicate = true> <Delay = 0.76> <CoreInst = "Adder">   --->   Core 1 'Adder' <Latency = 0> <II = 1> <Delay = 0.76> <FuncUnit> <Opcode : 'add' 'sub'> <InPorts = 2> <OutPorts = 1>
ST_1 : Operation 66 [1/1] (0.00ns)   --->   "%tmp_17 = bitconcatenate i13 @_ssdm_op_BitConcatenate.i13.i9.i4, i9 %tmp14, i4 0" [firmware/nnet_utils/nnet_dense_latency.h:58->firmware/myproject.cpp:54]   --->   Operation 66 'bitconcatenate' 'tmp_17' <Predicate = true> <Delay = 0.00>
ST_1 : Operation 67 [1/1] (0.00ns)   --->   "%p_shl = zext i13 %tmp_17" [firmware/nnet_utils/nnet_dense_latency.h:58->firmware/myproject.cpp:54]   --->   Operation 67 'zext' 'p_shl' <Predicate = true> <Delay = 0.00>
ST_1 : Operation 68 [1/1] (0.79ns)   --->   "%add_ln58_30 = add i12 %zext_ln17_9, i12 %zext_ln17_10" [firmware/nnet_utils/nnet_dense_latency.h:58->firmware/myproject.cpp:54]   --->   Operation 68 'add' 'add_ln58_30' <Predicate = true> <Delay = 0.79> <CoreInst = "Adder">   --->   Core 1 'Adder' <Latency = 0> <II = 1> <Delay = 0.79> <FuncUnit> <Opcode : 'add' 'sub'> <InPorts = 2> <OutPorts = 1>
ST_1 : Operation 69 [1/1] (0.00ns)   --->   "%zext_ln58_17 = zext i12 %add_ln58_30" [firmware/nnet_utils/nnet_dense_latency.h:58->firmware/myproject.cpp:54]   --->   Operation 69 'zext' 'zext_ln58_17' <Predicate = true> <Delay = 0.00>
ST_1 : Operation 70 [1/1] (0.00ns) (grouped into TernaryAdder)   --->   "%sub_ln58_1 = sub i14 48, i14 %p_shl" [firmware/nnet_utils/nnet_dense_latency.h:58->firmware/myproject.cpp:54]   --->   Operation 70 'sub' 'sub_ln58_1' <Predicate = true> <Delay = 0.00> <CoreInst = "TAddSub">   --->   Core 10 'TAddSub' <Latency = 0> <II = 1> <Delay = 0.41> <IPBlock> <Opcode : 'add' 'sub'> <InPorts = 3> <OutPorts = 1> <Sync> <CReg>
ST_1 : Operation 71 [1/1] (0.77ns) (root node of TernaryAdder)   --->   "%x_7 = add i14 %sub_ln58_1, i14 %zext_ln58_17" [firmware/nnet_utils/nnet_dense_latency.h:58->firmware/myproject.cpp:54]   --->   Operation 71 'add' 'x_7' <Predicate = true> <Delay = 0.77> <CoreInst = "TAddSub">   --->   Core 10 'TAddSub' <Latency = 0> <II = 1> <Delay = 0.41> <IPBlock> <Opcode : 'add' 'sub'> <InPorts = 3> <OutPorts = 1> <Sync> <CReg>
ST_1 : Operation 72 [1/1] (0.82ns) (root node of TernaryAdder)   --->   "%x_8 = sub i13 %add_ln58_29, i13 %zext_ln58" [firmware/nnet_utils/nnet_dense_latency.h:58->firmware/myproject.cpp:54]   --->   Operation 72 'sub' 'x_8' <Predicate = true> <Delay = 0.82> <CoreInst = "TAddSub">   --->   Core 10 'TAddSub' <Latency = 0> <II = 1> <Delay = 0.41> <IPBlock> <Opcode : 'add' 'sub'> <InPorts = 3> <OutPorts = 1> <Sync> <CReg>
ST_1 : Operation 73 [1/1] (0.00ns)   --->   "%lshr_ln = partselect i11 @_ssdm_op_PartSelect.i11.i12.i32.i32, i12 %x, i32 1, i32 11" [firmware/nnet_utils/nnet_mult.h:111->firmware/nnet_utils/nnet_dense_latency.h:66->firmware/myproject.cpp:54]   --->   Operation 73 'partselect' 'lshr_ln' <Predicate = true> <Delay = 0.00>
ST_1 : Operation 74 [1/1] (0.00ns)   --->   "%zext_ln110 = zext i11 %lshr_ln" [firmware/nnet_utils/nnet_mult.h:110->firmware/nnet_utils/nnet_dense_latency.h:66->firmware/myproject.cpp:54]   --->   Operation 74 'zext' 'zext_ln110' <Predicate = true> <Delay = 0.00>
ST_1 : Operation 75 [1/1] (0.00ns)   --->   "%trunc_ln = partselect i12 @_ssdm_op_PartSelect.i12.i13.i32.i32, i13 %x_6, i32 1, i32 12" [firmware/nnet_utils/nnet_mult.h:111->firmware/nnet_utils/nnet_dense_latency.h:66->firmware/myproject.cpp:54]   --->   Operation 75 'partselect' 'trunc_ln' <Predicate = true> <Delay = 0.00>
ST_1 : Operation 76 [1/1] (0.00ns)   --->   "%sext_ln111 = sext i12 %trunc_ln" [firmware/nnet_utils/nnet_mult.h:111->firmware/nnet_utils/nnet_dense_latency.h:66->firmware/myproject.cpp:54]   --->   Operation 76 'sext' 'sext_ln111' <Predicate = true> <Delay = 0.00>
ST_1 : Operation 77 [1/1] (0.00ns)   --->   "%trunc_ln111_6 = partselect i13 @_ssdm_op_PartSelect.i13.i14.i32.i32, i14 %x_7, i32 1, i32 13" [firmware/nnet_utils/nnet_mult.h:111->firmware/nnet_utils/nnet_dense_latency.h:66->firmware/myproject.cpp:54]   --->   Operation 77 'partselect' 'trunc_ln111_6' <Predicate = true> <Delay = 0.00>
ST_1 : Operation 78 [1/1] (0.00ns)   --->   "%trunc_ln111_7 = partselect i12 @_ssdm_op_PartSelect.i12.i13.i32.i32, i13 %x_8, i32 1, i32 12" [firmware/nnet_utils/nnet_mult.h:111->firmware/nnet_utils/nnet_dense_latency.h:66->firmware/myproject.cpp:54]   --->   Operation 78 'partselect' 'trunc_ln111_7' <Predicate = true> <Delay = 0.00>
ST_1 : Operation 79 [1/1] (0.00ns)   --->   "%sext_ln111_5 = sext i12 %trunc_ln111_7" [firmware/nnet_utils/nnet_mult.h:111->firmware/nnet_utils/nnet_dense_latency.h:66->firmware/myproject.cpp:54]   --->   Operation 79 'sext' 'sext_ln111_5' <Predicate = true> <Delay = 0.00>
ST_1 : Operation 80 [1/1] (0.79ns)   --->   "%add_ln111 = add i12 %zext_ln17_10, i12 32" [firmware/nnet_utils/nnet_mult.h:111->firmware/nnet_utils/nnet_dense_latency.h:66->firmware/myproject.cpp:54]   --->   Operation 80 'add' 'add_ln111' <Predicate = true> <Delay = 0.79> <CoreInst = "Adder">   --->   Core 1 'Adder' <Latency = 0> <II = 1> <Delay = 0.79> <FuncUnit> <Opcode : 'add' 'sub'> <InPorts = 2> <OutPorts = 1>
ST_1 : Operation 81 [1/1] (0.00ns)   --->   "%lshr_ln111_9 = partselect i11 @_ssdm_op_PartSelect.i11.i12.i32.i32, i12 %add_ln111, i32 1, i32 11" [firmware/nnet_utils/nnet_mult.h:111->firmware/nnet_utils/nnet_dense_latency.h:66->firmware/myproject.cpp:54]   --->   Operation 81 'partselect' 'lshr_ln111_9' <Predicate = true> <Delay = 0.00>
ST_1 : Operation 82 [1/1] (0.00ns)   --->   "%zext_ln110_1 = zext i11 %lshr_ln111_9" [firmware/nnet_utils/nnet_mult.h:110->firmware/nnet_utils/nnet_dense_latency.h:66->firmware/myproject.cpp:54]   --->   Operation 82 'zext' 'zext_ln110_1' <Predicate = true> <Delay = 0.00>
ST_1 : Operation 83 [1/1] (0.00ns)   --->   "%trunc_ln111_8 = partselect i13 @_ssdm_op_PartSelect.i13.i14.i32.i32, i14 %x_9, i32 1, i32 13" [firmware/nnet_utils/nnet_mult.h:111->firmware/nnet_utils/nnet_dense_latency.h:66->firmware/myproject.cpp:54]   --->   Operation 83 'partselect' 'trunc_ln111_8' <Predicate = true> <Delay = 0.00>
ST_1 : Operation 84 [1/1] (0.00ns)   --->   "%mrv = insertvalue i78 <undef>, i13 %zext_ln110" [firmware/nnet_utils/nnet_mult.h:110->firmware/nnet_utils/nnet_dense_latency.h:66->firmware/myproject.cpp:54]   --->   Operation 84 'insertvalue' 'mrv' <Predicate = true> <Delay = 0.00>
ST_1 : Operation 85 [1/1] (0.00ns)   --->   "%mrv_1 = insertvalue i78 %mrv, i13 %sext_ln111" [firmware/nnet_utils/nnet_mult.h:110->firmware/nnet_utils/nnet_dense_latency.h:66->firmware/myproject.cpp:54]   --->   Operation 85 'insertvalue' 'mrv_1' <Predicate = true> <Delay = 0.00>
ST_1 : Operation 86 [1/1] (0.00ns)   --->   "%mrv_2 = insertvalue i78 %mrv_1, i13 %trunc_ln111_6" [firmware/nnet_utils/nnet_mult.h:110->firmware/nnet_utils/nnet_dense_latency.h:66->firmware/myproject.cpp:54]   --->   Operation 86 'insertvalue' 'mrv_2' <Predicate = true> <Delay = 0.00>
ST_1 : Operation 87 [1/1] (0.00ns)   --->   "%mrv_3 = insertvalue i78 %mrv_2, i13 %sext_ln111_5" [firmware/nnet_utils/nnet_mult.h:110->firmware/nnet_utils/nnet_dense_latency.h:66->firmware/myproject.cpp:54]   --->   Operation 87 'insertvalue' 'mrv_3' <Predicate = true> <Delay = 0.00>
ST_1 : Operation 88 [1/1] (0.00ns)   --->   "%mrv_4 = insertvalue i78 %mrv_3, i13 %zext_ln110_1" [firmware/nnet_utils/nnet_mult.h:110->firmware/nnet_utils/nnet_dense_latency.h:66->firmware/myproject.cpp:54]   --->   Operation 88 'insertvalue' 'mrv_4' <Predicate = true> <Delay = 0.00>
ST_1 : Operation 89 [1/1] (0.00ns)   --->   "%mrv_5 = insertvalue i78 %mrv_4, i13 %trunc_ln111_8" [firmware/nnet_utils/nnet_mult.h:110->firmware/nnet_utils/nnet_dense_latency.h:66->firmware/myproject.cpp:54]   --->   Operation 89 'insertvalue' 'mrv_5' <Predicate = true> <Delay = 0.00>
ST_1 : Operation 90 [1/1] (0.00ns)   --->   "%ret_ln110 = ret i78 %mrv_5" [firmware/nnet_utils/nnet_mult.h:110->firmware/nnet_utils/nnet_dense_latency.h:66->firmware/myproject.cpp:54]   --->   Operation 90 'ret' 'ret_ln110' <Predicate = true> <Delay = 0.00>


============================================================
+ Verbose Summary: Timing violations
============================================================
Target clock period: 5.000ns, clock uncertainty: 1.350ns.

 <State 1>: 2.341ns
The critical path consists of the following:
	wire read operation ('layer4_out_35_val_read', firmware/nnet_utils/nnet_mult.h:70->firmware/nnet_utils/nnet_dense_latency.h:42->firmware/myproject.cpp:54) on port 'layer4_out_35_val' (firmware/nnet_utils/nnet_mult.h:70->firmware/nnet_utils/nnet_dense_latency.h:42->firmware/myproject.cpp:54) [21]  (0.000 ns)
	'add' operation 9 bit ('tmp126', firmware/nnet_utils/nnet_mult.h:70->firmware/nnet_utils/nnet_dense_latency.h:42->firmware/myproject.cpp:54) [61]  (0.765 ns)
	'add' operation 12 bit ('add_ln58_23', firmware/nnet_utils/nnet_dense_latency.h:58->firmware/myproject.cpp:54) [64]  (0.798 ns)
	'add' operation 14 bit ('x', firmware/nnet_utils/nnet_dense_latency.h:58->firmware/myproject.cpp:54) [69]  (0.778 ns)


============================================================
+ Verbose Summary: Binding
============================================================
N/A
* FSMD analyzer results:
  - Output states:
 - Input state : 
  - Chain level:
	State 1


============================================================
+ Verbose Summary: Datapath Resource usage 
============================================================
N/A
