

================================================================
== Vitis HLS Report for 'dense_latency_ap_ufixed_8_6_0_3_0_ap_fixed_13_10_5_3_0_config6_s'
================================================================
* Date:           Thu May 14 16:52:33 2026

* Version:        2025.2 (Build 6295257 on Nov 14 2025)
* Project:        myproject_prj
* Solution:       solution1 (Vivado IP Flow Target)
* Product family: zynquplus
* Target device:  xck26-sfvc784-2LV-c


================================================================
== Performance Estimates
================================================================
+ Timing: 
    * Summary: 
    +--------+---------+----------+------------+
    |  Clock |  Target | Estimated| Uncertainty|
    +--------+---------+----------+------------+
    |ap_clk  |  5.00 ns|  2.341 ns|     1.35 ns|
    +--------+---------+----------+------------+

+ Latency: 
    * Summary: 
    +---------+---------+----------+----------+-----+-----+---------+
    |  Latency (cycles) |  Latency (absolute) |  Interval | Pipeline|
    |   min   |   max   |    min   |    max   | min | max |   Type  |
    +---------+---------+----------+----------+-----+-----+---------+
    |        0|        0|      0 ns|      0 ns|    1|    1|      yes|
    +---------+---------+----------+----------+-----+-----+---------+

    + Detail: 
        * Instance: 
        N/A

        * Loop: 
        N/A

============================================================
+ Verbose Summary: Synthesis Manager
============================================================
InlineROM: 1
ExposeGlobal: 0
============================================================
+ Verbose Summary: CDFG Model
============================================================
IsTopModel: 0
ResetActiveHigh: 1
IsCombinational: 0
IsDatapathOnly: 0
HasWiredReturn: 1
HasMFsm: 2
HasVarLatency: 0
IsPipeline: 1
IsRtlPipelined: 0
IsInstanceOverlapped: 0
IsDontTouch: 0
HasImplIP: 0
IsGatedGlobalClock: 0

+ Individual pipeline summary: 
  * Pipeline-0: initiation interval (II) = 1, depth = 1


============================================================
+ Verbose Summary: Schedule
============================================================
* Number of FSM states : 1
* Pipeline : 1
  Pipeline-0 : II = 1, D = 1, States = { 1 }
* Dataflow Pipeline: 0

* FSM state transitions: 
1 --> 

* FSM state operations: 

State 1 <SV = 0> <Delay = 2.34>
ST_1 : Operation 2 [1/1] (0.00ns)   --->   "%specpipeline_ln0 = specpipeline void @_ssdm_op_SpecPipeline, i32 1, i32 0, i32 0, i32 0, i32 4294967295, void @empty_0"   --->   Operation 2 'specpipeline' 'specpipeline_ln0' <Predicate = true> <Delay = 0.00>
ST_1 : Operation 3 [1/1] (0.00ns)   --->   "%specresourcelimit_ln33 = specresourcelimit void @_ssdm_op_SpecResourceLimit, i64 20, void @empty_1, void @empty_0, void @empty_0, void @empty_0" [firmware/nnet_utils/nnet_dense_latency.h:33->firmware/myproject.cpp:54]   --->   Operation 3 'specresourcelimit' 'specresourcelimit_ln33' <Predicate = true> <Delay = 0.00>
ST_1 : Operation 4 [1/1] (0.00ns)   --->   "%layer4_out_54_val_read = read i8 @_ssdm_op_Read.ap_auto.i8, i8 %layer4_out_54_val" [firmware/nnet_utils/nnet_mult.h:70->firmware/nnet_utils/nnet_dense_latency.h:42->firmware/myproject.cpp:54]   --->   Operation 4 'read' 'layer4_out_54_val_read' <Predicate = true> <Delay = 0.00>
ST_1 : Operation 5 [1/1] (0.00ns)   --->   "%layer4_out_51_val_read = read i8 @_ssdm_op_Read.ap_auto.i8, i8 %layer4_out_51_val" [firmware/nnet_utils/nnet_mult.h:70->firmware/nnet_utils/nnet_dense_latency.h:42->firmware/myproject.cpp:54]   --->   Operation 5 'read' 'layer4_out_51_val_read' <Predicate = true> <Delay = 0.00>
ST_1 : Operation 6 [1/1] (0.00ns)   --->   "%layer4_out_48_val_read = read i8 @_ssdm_op_Read.ap_auto.i8, i8 %layer4_out_48_val" [firmware/nnet_utils/nnet_mult.h:70->firmware/nnet_utils/nnet_dense_latency.h:42->firmware/myproject.cpp:54]   --->   Operation 6 'read' 'layer4_out_48_val_read' <Predicate = true> <Delay = 0.00>
ST_1 : Operation 7 [1/1] (0.00ns)   --->   "%layer4_out_47_val_read = read i8 @_ssdm_op_Read.ap_auto.i8, i8 %layer4_out_47_val" [firmware/nnet_utils/nnet_mult.h:70->firmware/nnet_utils/nnet_dense_latency.h:42->firmware/myproject.cpp:54]   --->   Operation 7 'read' 'layer4_out_47_val_read' <Predicate = true> <Delay = 0.00>
ST_1 : Operation 8 [1/1] (0.00ns)   --->   "%layer4_out_44_val_read = read i8 @_ssdm_op_Read.ap_auto.i8, i8 %layer4_out_44_val" [firmware/nnet_utils/nnet_mult.h:70->firmware/nnet_utils/nnet_dense_latency.h:42->firmware/myproject.cpp:54]   --->   Operation 8 'read' 'layer4_out_44_val_read' <Predicate = true> <Delay = 0.00>
ST_1 : Operation 9 [1/1] (0.00ns)   --->   "%layer4_out_42_val_read = read i8 @_ssdm_op_Read.ap_auto.i8, i8 %layer4_out_42_val" [firmware/nnet_utils/nnet_mult.h:70->firmware/nnet_utils/nnet_dense_latency.h:42->firmware/myproject.cpp:54]   --->   Operation 9 'read' 'layer4_out_42_val_read' <Predicate = true> <Delay = 0.00>
ST_1 : Operation 10 [1/1] (0.00ns)   --->   "%layer4_out_40_val_read = read i8 @_ssdm_op_Read.ap_auto.i8, i8 %layer4_out_40_val" [firmware/nnet_utils/nnet_mult.h:70->firmware/nnet_utils/nnet_dense_latency.h:42->firmware/myproject.cpp:54]   --->   Operation 10 'read' 'layer4_out_40_val_read' <Predicate = true> <Delay = 0.00>
ST_1 : Operation 11 [1/1] (0.00ns)   --->   "%layer4_out_35_val_read = read i8 @_ssdm_op_Read.ap_auto.i8, i8 %layer4_out_35_val" [firmware/nnet_utils/nnet_mult.h:70->firmware/nnet_utils/nnet_dense_latency.h:42->firmware/myproject.cpp:54]   --->   Operation 11 'read' 'layer4_out_35_val_read' <Predicate = true> <Delay = 0.00>
ST_1 : Operation 12 [1/1] (0.00ns)   --->   "%layer4_out_16_val_read = read i8 @_ssdm_op_Read.ap_auto.i8, i8 %layer4_out_16_val" [firmware/nnet_utils/nnet_mult.h:70->firmware/nnet_utils/nnet_dense_latency.h:42->firmware/myproject.cpp:54]   --->   Operation 12 'read' 'layer4_out_16_val_read' <Predicate = true> <Delay = 0.00>
ST_1 : Operation 13 [1/1] (0.00ns)   --->   "%layer4_out_7_val_read = read i8 @_ssdm_op_Read.ap_auto.i8, i8 %layer4_out_7_val" [firmware/nnet_utils/nnet_mult.h:70->firmware/nnet_utils/nnet_dense_latency.h:42->firmware/myproject.cpp:54]   --->   Operation 13 'read' 'layer4_out_7_val_read' <Predicate = true> <Delay = 0.00>
ST_1 : Operation 14 [1/1] (0.00ns)   --->   "%layer4_out_1_val_read = read i8 @_ssdm_op_Read.ap_auto.i8, i8 %layer4_out_1_val" [firmware/nnet_utils/nnet_mult.h:70->firmware/nnet_utils/nnet_dense_latency.h:42->firmware/myproject.cpp:54]   --->   Operation 14 'read' 'layer4_out_1_val_read' <Predicate = true> <Delay = 0.00>
ST_1 : Operation 15 [1/1] (0.00ns)   --->   "%p_shl7 = bitconcatenate i12 @_ssdm_op_BitConcatenate.i12.i8.i4, i8 %layer4_out_16_val_read, i4 0" [firmware/nnet_utils/nnet_mult.h:73->firmware/nnet_utils/nnet_dense_latency.h:42->firmware/myproject.cpp:54]   --->   Operation 15 'bitconcatenate' 'p_shl7' <Predicate = true> <Delay = 0.00>
ST_1 : Operation 16 [1/1] (0.00ns)   --->   "%tmp_15 = bitconcatenate i9 @_ssdm_op_BitConcatenate.i9.i8.i1, i8 %layer4_out_16_val_read, i1 0" [firmware/nnet_utils/nnet_mult.h:73->firmware/nnet_utils/nnet_dense_latency.h:42->firmware/myproject.cpp:54]   --->   Operation 16 'bitconcatenate' 'tmp_15' <Predicate = true> <Delay = 0.00>
ST_1 : Operation 17 [1/1] (0.00ns)   --->   "%zext_ln73_19 = zext i9 %tmp_15" [firmware/nnet_utils/nnet_mult.h:73->firmware/nnet_utils/nnet_dense_latency.h:42->firmware/myproject.cpp:54]   --->   Operation 17 'zext' 'zext_ln73_19' <Predicate = true> <Delay = 0.00>
ST_1 : Operation 18 [1/1] (0.00ns) (grouped into TernaryAdder)   --->   "%mult = sub i12 %p_shl7, i12 %zext_ln73_19" [firmware/nnet_utils/nnet_mult.h:73->firmware/nnet_utils/nnet_dense_latency.h:42->firmware/myproject.cpp:54]   --->   Operation 18 'sub' 'mult' <Predicate = true> <Delay = 0.00> <CoreInst = "TAddSub">   --->   Core 10 'TAddSub' <Latency = 0> <II = 1> <Delay = 0.41> <IPBlock> <Opcode : 'add' 'sub'> <InPorts = 3> <OutPorts = 1> <Sync> <CReg>
ST_1 : Operation 19 [1/1] (0.00ns)   --->   "%zext_ln73 = zext i8 %layer4_out_40_val_read" [firmware/nnet_utils/nnet_mult.h:73->firmware/nnet_utils/nnet_dense_latency.h:42->firmware/myproject.cpp:54]   --->   Operation 19 'zext' 'zext_ln73' <Predicate = true> <Delay = 0.00>
ST_1 : Operation 20 [1/1] (0.00ns)   --->   "%tmp_16 = bitconcatenate i12 @_ssdm_op_BitConcatenate.i12.i8.i4, i8 %layer4_out_40_val_read, i4 0" [firmware/nnet_utils/nnet_mult.h:73->firmware/nnet_utils/nnet_dense_latency.h:42->firmware/myproject.cpp:54]   --->   Operation 20 'bitconcatenate' 'tmp_16' <Predicate = true> <Delay = 0.00>
ST_1 : Operation 21 [1/1] (0.00ns)   --->   "%zext_ln73_20 = zext i12 %tmp_16" [firmware/nnet_utils/nnet_mult.h:73->firmware/nnet_utils/nnet_dense_latency.h:42->firmware/myproject.cpp:54]   --->   Operation 21 'zext' 'zext_ln73_20' <Predicate = true> <Delay = 0.00>
ST_1 : Operation 22 [1/1] (0.00ns)   --->   "%mult_15 = bitconcatenate i10 @_ssdm_op_BitConcatenate.i10.i8.i2, i8 %layer4_out_40_val_read, i2 0" [firmware/nnet_utils/nnet_mult.h:73->firmware/nnet_utils/nnet_dense_latency.h:42->firmware/myproject.cpp:54]   --->   Operation 22 'bitconcatenate' 'mult_15' <Predicate = true> <Delay = 0.00>
ST_1 : Operation 23 [1/1] (0.00ns)   --->   "%zext_ln17 = zext i10 %mult_15" [firmware/nnet_utils/nnet_dense_latency.h:17->firmware/myproject.cpp:54]   --->   Operation 23 'zext' 'zext_ln17' <Predicate = true> <Delay = 0.00>
ST_1 : Operation 24 [1/1] (0.00ns)   --->   "%mult_16 = bitconcatenate i10 @_ssdm_op_BitConcatenate.i10.i8.i2, i8 %layer4_out_42_val_read, i2 0" [firmware/nnet_utils/nnet_mult.h:73->firmware/nnet_utils/nnet_dense_latency.h:42->firmware/myproject.cpp:54]   --->   Operation 24 'bitconcatenate' 'mult_16' <Predicate = true> <Delay = 0.00>
ST_1 : Operation 25 [1/1] (0.00ns)   --->   "%zext_ln17_7 = zext i10 %mult_16" [firmware/nnet_utils/nnet_dense_latency.h:17->firmware/myproject.cpp:54]   --->   Operation 25 'zext' 'zext_ln17_7' <Predicate = true> <Delay = 0.00>
ST_1 : Operation 26 [1/1] (0.00ns)   --->   "%zext_ln17_8 = zext i10 %mult_16" [firmware/nnet_utils/nnet_dense_latency.h:17->firmware/myproject.cpp:54]   --->   Operation 26 'zext' 'zext_ln17_8' <Predicate = true> <Delay = 0.00>
ST_1 : Operation 27 [1/1] (0.00ns)   --->   "%zext_ln73_17 = zext i8 %layer4_out_44_val_read" [firmware/nnet_utils/nnet_mult.h:73->firmware/nnet_utils/nnet_dense_latency.h:42->firmware/myproject.cpp:54]   --->   Operation 27 'zext' 'zext_ln73_17' <Predicate = true> <Delay = 0.00>
ST_1 : Operation 28 [1/1] (0.00ns)   --->   "%mult_17 = bitconcatenate i9 @_ssdm_op_BitConcatenate.i9.i8.i1, i8 %layer4_out_44_val_read, i1 0" [firmware/nnet_utils/nnet_mult.h:73->firmware/nnet_utils/nnet_dense_latency.h:42->firmware/myproject.cpp:54]   --->   Operation 28 'bitconcatenate' 'mult_17' <Predicate = true> <Delay = 0.00>
ST_1 : Operation 29 [1/1] (0.00ns)   --->   "%zext_ln17_9 = zext i9 %mult_17" [firmware/nnet_utils/nnet_dense_latency.h:17->firmware/myproject.cpp:54]   --->   Operation 29 'zext' 'zext_ln17_9' <Predicate = true> <Delay = 0.00>
ST_1 : Operation 30 [1/1] (0.00ns)   --->   "%zext_ln73_18 = zext i8 %layer4_out_47_val_read" [firmware/nnet_utils/nnet_mult.h:73->firmware/nnet_utils/nnet_dense_latency.h:42->firmware/myproject.cpp:54]   --->   Operation 30 'zext' 'zext_ln73_18' <Predicate = true> <Delay = 0.00>
ST_1 : Operation 31 [1/1] (0.00ns)   --->   "%mult_18 = bitconcatenate i11 @_ssdm_op_BitConcatenate.i11.i8.i3, i8 %layer4_out_47_val_read, i3 0" [firmware/nnet_utils/nnet_mult.h:73->firmware/nnet_utils/nnet_dense_latency.h:42->firmware/myproject.cpp:54]   --->   Operation 31 'bitconcatenate' 'mult_18' <Predicate = true> <Delay = 0.00>
ST_1 : Operation 32 [1/1] (0.00ns)   --->   "%zext_ln17_10 = zext i11 %mult_18" [firmware/nnet_utils/nnet_dense_latency.h:17->firmware/myproject.cpp:54]   --->   Operation 32 'zext' 'zext_ln17_10' <Predicate = true> <Delay = 0.00>
ST_1 : Operation 33 [1/1] (0.00ns)   --->   "%mult_19 = bitconcatenate i11 @_ssdm_op_BitConcatenate.i11.i8.i3, i8 %layer4_out_48_val_read, i3 0" [firmware/nnet_utils/nnet_mult.h:73->firmware/nnet_utils/nnet_dense_latency.h:42->firmware/myproject.cpp:54]   --->   Operation 33 'bitconcatenate' 'mult_19' <Predicate = true> <Delay = 0.00>
ST_1 : Operation 34 [1/1] (0.00ns)   --->   "%zext_ln17_11 = zext i11 %mult_19" [firmware/nnet_utils/nnet_dense_latency.h:17->firmware/myproject.cpp:54]   --->   Operation 34 'zext' 'zext_ln17_11' <Predicate = true> <Delay = 0.00>
ST_1 : Operation 35 [1/1] (0.00ns)   --->   "%zext_ln70 = zext i8 %layer4_out_51_val_read" [firmware/nnet_utils/nnet_mult.h:70->firmware/nnet_utils/nnet_dense_latency.h:42->firmware/myproject.cpp:54]   --->   Operation 35 'zext' 'zext_ln70' <Predicate = true> <Delay = 0.00>
ST_1 : Operation 36 [1/1] (0.00ns)   --->   "%zext_ln58 = zext i8 %layer4_out_54_val_read" [firmware/nnet_utils/nnet_dense_latency.h:58->firmware/myproject.cpp:54]   --->   Operation 36 'zext' 'zext_ln58' <Predicate = true> <Delay = 0.00>
ST_1 : Operation 37 [1/1] (0.00ns)   --->   "%zext_ln58_11 = zext i8 %layer4_out_54_val_read" [firmware/nnet_utils/nnet_dense_latency.h:58->firmware/myproject.cpp:54]   --->   Operation 37 'zext' 'zext_ln58_11' <Predicate = true> <Delay = 0.00>
ST_1 : Operation 38 [1/1] (0.80ns)   --->   "%x_6 = sub i13 48, i13 %zext_ln73_20" [firmware/nnet_utils/nnet_dense_latency.h:58->firmware/myproject.cpp:54]   --->   Operation 38 'sub' 'x_6' <Predicate = true> <Delay = 0.80> <CoreInst = "Adder">   --->   Core 1 'Adder' <Latency = 0> <II = 1> <Delay = 0.80> <FuncUnit> <Opcode : 'add' 'sub'> <InPorts = 2> <OutPorts = 1>
ST_1 : Operation 39 [1/1] (0.76ns)   --->   "%add_ln58 = add i9 %zext_ln73_18, i9 4" [firmware/nnet_utils/nnet_dense_latency.h:58->firmware/myproject.cpp:54]   --->   Operation 39 'add' 'add_ln58' <Predicate = true> <Delay = 0.76> <CoreInst = "Adder">   --->   Core 1 'Adder' <Latency = 0> <II = 1> <Delay = 0.76> <FuncUnit> <Opcode : 'add' 'sub'> <InPorts = 2> <OutPorts = 1>
ST_1 : Operation 40 [1/1] (0.00ns)   --->   "%zext_ln58_12 = zext i9 %add_ln58" [firmware/nnet_utils/nnet_dense_latency.h:58->firmware/myproject.cpp:54]   --->   Operation 40 'zext' 'zext_ln58_12' <Predicate = true> <Delay = 0.00>
ST_1 : Operation 41 [1/1] (0.86ns) (root node of TernaryAdder)   --->   "%x = add i12 %zext_ln58_12, i12 %mult" [firmware/nnet_utils/nnet_dense_latency.h:58->firmware/myproject.cpp:54]   --->   Operation 41 'add' 'x' <Predicate = true> <Delay = 0.86> <CoreInst = "TAddSub">   --->   Core 10 'TAddSub' <Latency = 0> <II = 1> <Delay = 0.41> <IPBlock> <Opcode : 'add' 'sub'> <InPorts = 3> <OutPorts = 1> <Sync> <CReg>
ST_1 : Operation 42 [1/1] (0.00ns)   --->   "%layer4_out_1_val_cast = zext i8 %layer4_out_1_val_read" [firmware/nnet_utils/nnet_mult.h:70->firmware/nnet_utils/nnet_dense_latency.h:42->firmware/myproject.cpp:54]   --->   Operation 42 'zext' 'layer4_out_1_val_cast' <Predicate = true> <Delay = 0.00>
ST_1 : Operation 43 [1/1] (0.76ns)   --->   "%empty = sub i9 %layer4_out_1_val_cast, i9 %zext_ln73_17" [firmware/nnet_utils/nnet_mult.h:70->firmware/nnet_utils/nnet_dense_latency.h:42->firmware/myproject.cpp:54]   --->   Operation 43 'sub' 'empty' <Predicate = true> <Delay = 0.76> <CoreInst = "Adder">   --->   Core 1 'Adder' <Latency = 0> <II = 1> <Delay = 0.76> <FuncUnit> <Opcode : 'add' 'sub'> <InPorts = 2> <OutPorts = 1>
ST_1 : Operation 44 [1/1] (0.00ns)   --->   "%p_cast = sext i9 %empty" [firmware/nnet_utils/nnet_mult.h:70->firmware/nnet_utils/nnet_dense_latency.h:42->firmware/myproject.cpp:54]   --->   Operation 44 'sext' 'p_cast' <Predicate = true> <Delay = 0.00>
ST_1 : Operation 45 [1/1] (0.00ns)   --->   "%layer4_out_47_val_cast11 = zext i8 %layer4_out_47_val_read" [firmware/nnet_utils/nnet_mult.h:70->firmware/nnet_utils/nnet_dense_latency.h:42->firmware/myproject.cpp:54]   --->   Operation 45 'zext' 'layer4_out_47_val_cast11' <Predicate = true> <Delay = 0.00>
ST_1 : Operation 46 [1/1] (0.77ns)   --->   "%tmp108 = sub i10 %p_cast, i10 %layer4_out_47_val_cast11" [firmware/nnet_utils/nnet_mult.h:70->firmware/nnet_utils/nnet_dense_latency.h:42->firmware/myproject.cpp:54]   --->   Operation 46 'sub' 'tmp108' <Predicate = true> <Delay = 0.77> <CoreInst = "Adder">   --->   Core 1 'Adder' <Latency = 0> <II = 1> <Delay = 0.77> <FuncUnit> <Opcode : 'add' 'sub'> <InPorts = 2> <OutPorts = 1>
ST_1 : Operation 47 [1/1] (0.00ns)   --->   "%tmp = bitconcatenate i13 @_ssdm_op_BitConcatenate.i13.i10.i3, i10 %tmp108, i3 0" [firmware/nnet_utils/nnet_mult.h:70->firmware/nnet_utils/nnet_dense_latency.h:42->firmware/myproject.cpp:54]   --->   Operation 47 'bitconcatenate' 'tmp' <Predicate = true> <Delay = 0.00>
ST_1 : Operation 48 [1/1] (0.00ns)   --->   "%tmp11 = sext i13 %tmp" [firmware/nnet_utils/nnet_mult.h:70->firmware/nnet_utils/nnet_dense_latency.h:42->firmware/myproject.cpp:54]   --->   Operation 48 'sext' 'tmp11' <Predicate = true> <Delay = 0.00>
ST_1 : Operation 49 [1/1] (0.00ns)   --->   "%layer4_out_7_val_cast = zext i8 %layer4_out_7_val_read" [firmware/nnet_utils/nnet_mult.h:70->firmware/nnet_utils/nnet_dense_latency.h:42->firmware/myproject.cpp:54]   --->   Operation 49 'zext' 'layer4_out_7_val_cast' <Predicate = true> <Delay = 0.00>
ST_1 : Operation 50 [1/1] (0.00ns)   --->   "%layer4_out_35_val_cast = zext i8 %layer4_out_35_val_read" [firmware/nnet_utils/nnet_mult.h:70->firmware/nnet_utils/nnet_dense_latency.h:42->firmware/myproject.cpp:54]   --->   Operation 50 'zext' 'layer4_out_35_val_cast' <Predicate = true> <Delay = 0.00>
ST_1 : Operation 51 [1/1] (0.76ns)   --->   "%tmp126 = add i9 %layer4_out_35_val_cast, i9 %layer4_out_7_val_cast" [firmware/nnet_utils/nnet_mult.h:70->firmware/nnet_utils/nnet_dense_latency.h:42->firmware/myproject.cpp:54]   --->   Operation 51 'add' 'tmp126' <Predicate = true> <Delay = 0.76> <CoreInst = "Adder">   --->   Core 1 'Adder' <Latency = 0> <II = 1> <Delay = 0.76> <FuncUnit> <Opcode : 'add' 'sub'> <InPorts = 2> <OutPorts = 1>
ST_1 : Operation 52 [1/1] (0.00ns)   --->   "%tmp1 = bitconcatenate i11 @_ssdm_op_BitConcatenate.i11.i9.i2, i9 %tmp126, i2 0" [firmware/nnet_utils/nnet_mult.h:70->firmware/nnet_utils/nnet_dense_latency.h:42->firmware/myproject.cpp:54]   --->   Operation 52 'bitconcatenate' 'tmp1' <Predicate = true> <Delay = 0.00>
ST_1 : Operation 53 [1/1] (0.00ns)   --->   "%zext_ln58_13 = zext i11 %tmp1" [firmware/nnet_utils/nnet_dense_latency.h:58->firmware/myproject.cpp:54]   --->   Operation 53 'zext' 'zext_ln58_13' <Predicate = true> <Delay = 0.00>
ST_1 : Operation 54 [1/1] (0.79ns)   --->   "%add_ln58_23 = add i12 %zext_ln58_13, i12 %zext_ln17_8" [firmware/nnet_utils/nnet_dense_latency.h:58->firmware/myproject.cpp:54]   --->   Operation 54 'add' 'add_ln58_23' <Predicate = true> <Delay = 0.79> <CoreInst = "Adder">   --->   Core 1 'Adder' <Latency = 0> <II = 1> <Delay = 0.79> <FuncUnit> <Opcode : 'add' 'sub'> <InPorts = 2> <OutPorts = 1>
ST_1 : Operation 55 [1/1] (0.00ns)   --->   "%zext_ln58_14 = zext i12 %add_ln58_23" [firmware/nnet_utils/nnet_dense_latency.h:58->firmware/myproject.cpp:54]   --->   Operation 55 'zext' 'zext_ln58_14' <Predicate = true> <Delay = 0.00>
ST_1 : Operation 56 [1/1] (0.76ns)   --->   "%add_ln58_24 = add i9 %zext_ln73, i9 16" [firmware/nnet_utils/nnet_dense_latency.h:58->firmware/myproject.cpp:54]   --->   Operation 56 'add' 'add_ln58_24' <Predicate = true> <Delay = 0.76> <CoreInst = "Adder">   --->   Core 1 'Adder' <Latency = 0> <II = 1> <Delay = 0.76> <FuncUnit> <Opcode : 'add' 'sub'> <InPorts = 2> <OutPorts = 1>
ST_1 : Operation 57 [1/1] (0.00ns)   --->   "%zext_ln58_15 = zext i9 %add_ln58_24" [firmware/nnet_utils/nnet_dense_latency.h:58->firmware/myproject.cpp:54]   --->   Operation 57 'zext' 'zext_ln58_15' <Predicate = true> <Delay = 0.00>
ST_1 : Operation 58 [1/1] (0.00ns) (grouped into TernaryAdder)   --->   "%add_ln58_25 = add i14 %zext_ln58_15, i14 %tmp11" [firmware/nnet_utils/nnet_dense_latency.h:58->firmware/myproject.cpp:54]   --->   Operation 58 'add' 'add_ln58_25' <Predicate = true> <Delay = 0.00> <CoreInst = "TAddSub">   --->   Core 10 'TAddSub' <Latency = 0> <II = 1> <Delay = 0.41> <IPBlock> <Opcode : 'add' 'sub'> <InPorts = 3> <OutPorts = 1> <Sync> <CReg>
ST_1 : Operation 59 [1/1] (0.77ns) (root node of TernaryAdder)   --->   "%x_9 = add i14 %add_ln58_25, i14 %zext_ln58_14" [firmware/nnet_utils/nnet_dense_latency.h:58->firmware/myproject.cpp:54]   --->   Operation 59 'add' 'x_9' <Predicate = true> <Delay = 0.77> <CoreInst = "TAddSub">   --->   Core 10 'TAddSub' <Latency = 0> <II = 1> <Delay = 0.41> <IPBlock> <Opcode : 'add' 'sub'> <InPorts = 3> <OutPorts = 1> <Sync> <CReg>
ST_1 : Operation 60 [1/1] (0.78ns)   --->   "%add_ln58_27 = add i11 %zext_ln17, i11 %zext_ln17_7" [firmware/nnet_utils/nnet_dense_latency.h:58->firmware/myproject.cpp:54]   --->   Operation 60 'add' 'add_ln58_27' <Predicate = true> <Delay = 0.78> <CoreInst = "Adder">   --->   Core 1 'Adder' <Latency = 0> <II = 1> <Delay = 0.78> <FuncUnit> <Opcode : 'add' 'sub'> <InPorts = 2> <OutPorts = 1>
ST_1 : Operation 61 [1/1] (0.00ns)   --->   "%zext_ln58_16 = zext i11 %add_ln58_27" [firmware/nnet_utils/nnet_dense_latency.h:58->firmware/myproject.cpp:54]   --->   Operation 61 'zext' 'zext_ln58_16' <Predicate = true> <Delay = 0.00>
ST_1 : Operation 62 [1/1] (0.79ns)   --->   "%add_ln58_28 = add i12 %zext_ln17_11, i12 4088" [firmware/nnet_utils/nnet_dense_latency.h:58->firmware/myproject.cpp:54]   --->   Operation 62 'add' 'add_ln58_28' <Predicate = true> <Delay = 0.79> <CoreInst = "Adder">   --->   Core 1 'Adder' <Latency = 0> <II = 1> <Delay = 0.79> <FuncUnit> <Opcode : 'add' 'sub'> <InPorts = 2> <OutPorts = 1>
ST_1 : Operation 63 [1/1] (0.00ns)   --->   "%sext_ln58 = sext i12 %add_ln58_28" [firmware/nnet_utils/nnet_dense_latency.h:58->firmware/myproject.cpp:54]   --->   Operation 63 'sext' 'sext_ln58' <Predicate = true> <Delay = 0.00>
ST_1 : Operation 64 [1/1] (0.00ns) (grouped into TernaryAdder)   --->   "%add_ln58_29 = add i13 %sext_ln58, i13 %zext_ln58_16" [firmware/nnet_utils/nnet_dense_latency.h:58->firmware/myproject.cpp:54]   --->   Operation 64 'add' 'add_ln58_29' <Predicate = true> <Delay = 0.00> <CoreInst = "TAddSub">   --->   Core 10 'TAddSub' <Latency = 0> <II = 1> <Delay = 0.41> <IPBlock> <Opcode : 'add' 'sub'> <InPorts = 3> <OutPorts = 1> <Sync> <CReg>
ST_1 : Operation 65 [1/1] (0.76ns)   --->   "%tmp14 = add i9 %zext_ln58_11, i9 %zext_ln70" [firmware/nnet_utils/nnet_dense_latency.h:58->firmware/myproject.cpp:54]   --->   Operation 65 'add' 'tmp14' <Predicate = true> <Delay = 0.76> <CoreInst = "Adder">   --->   Core 1 'Adder' <Latency = 0> <II = 1> <Delay = 0.76> <FuncUnit> <Opcode : 'add' 'sub'> <InPorts = 2> <OutPorts = 1>
ST_1 : Operation 66 [1/1] (0.00ns)   --->   "%tmp_17 = bitconcatenate i13 @_ssdm_op_BitConcatenate.i13.i9.i4, i9 %tmp14, i4 0" [firmware/nnet_utils/nnet_dense_latency.h:58->firmware/myproject.cpp:54]   --->   Operation 66 'bitconcatenate' 'tmp_17' <Predicate = true> <Delay = 0.00>
ST_1 : Operation 67 [1/1] (0.00ns)   --->   "%p_shl = zext i13 %tmp_17" [firmware/nnet_utils/nnet_dense_latency.h:58->firmware/myproject.cpp:54]   --->   Operation 67 'zext' 'p_shl' <Predicate = true> <Delay = 0.00>
ST_1 : Operation 68 [1/1] (0.79ns)   --->   "%add_ln58_30 = add i12 %zext_ln17_9, i12 %zext_ln17_10" [firmware/nnet_utils/nnet_dense_latency.h:58->firmware/myproject.cpp:54]   --->   Operation 68 'add' 'add_ln58_30' <Predicate = true> <Delay = 0.79> <CoreInst = "Adder">   --->   Core 1 'Adder' <Latency = 0> <II = 1> <Delay = 0.79> <FuncUnit> <Opcode : 'add' 'sub'> <InPorts = 2> <OutPorts = 1>
ST_1 : Operation 69 [1/1] (0.00ns)   --->   "%zext_ln58_17 = zext i12 %add_ln58_30" [firmware/nnet_utils/nnet_dense_latency.h:58->firmware/myproject.cpp:54]   --->   Operation 69 'zext' 'zext_ln58_17' <Predicate = true> <Delay = 0.00>
ST_1 : Operation 70 [1/1] (0.00ns) (grouped into TernaryAdder)   --->   "%sub_ln58_1 = sub i14 48, i14 %p_shl" [firmware/nnet_utils/nnet_dense_latency.h:58->firmware/myproject.cpp:54]   --->   Operation 70 'sub' 'sub_ln58_1' <Predicate = true> <Delay = 0.00> <CoreInst = "TAddSub">   --->   Core 10 'TAddSub' <Latency = 0> <II = 1> <Delay = 0.41> <IPBlock> <Opcode : 'add' 'sub'> <InPorts = 3> <OutPorts = 1> <Sync> <CReg>
ST_1 : Operation 71 [1/1] (0.77ns) (root node of TernaryAdder)   --->   "%x_7 = add i14 %sub_ln58_1, i14 %zext_ln58_17" [firmware/nnet_utils/nnet_dense_latency.h:58->firmware/myproject.cpp:54]   --->   Operation 71 'add' 'x_7' <Predicate = true> <Delay = 0.77> <CoreInst = "TAddSub">   --->   Core 10 'TAddSub' <Latency = 0> <II = 1> <Delay = 0.41> <IPBlock> <Opcode : 'add' 'sub'> <InPorts = 3> <OutPorts = 1> <Sync> <CReg>
ST_1 : Operation 72 [1/1] (0.82ns) (root node of TernaryAdder)   --->   "%x_8 = sub i13 %add_ln58_29, i13 %zext_ln58" [firmware/nnet_utils/nnet_dense_latency.h:58->firmware/myproject.cpp:54]   --->   Operation 72 'sub' 'x_8' <Predicate = true> <Delay = 0.82> <CoreInst = "TAddSub">   --->   Core 10 'TAddSub' <Latency = 0> <II = 1> <Delay = 0.41> <IPBlock> <Opcode : 'add' 'sub'> <InPorts = 3> <OutPorts = 1> <Sync> <CReg>
ST_1 : Operation 73 [1/1] (0.00ns)   --->   "%lshr_ln = partselect i11 @_ssdm_op_PartSelect.i11.i12.i32.i32, i12 %x, i32 1, i32 11" [firmware/nnet_utils/nnet_mult.h:111->firmware/nnet_utils/nnet_dense_latency.h:66->firmware/myproject.cpp:54]   --->   Operation 73 'partselect' 'lshr_ln' <Predicate = true> <Delay = 0.00>
ST_1 : Operation 74 [1/1] (0.00ns)   --->   "%zext_ln110 = zext i11 %lshr_ln" [firmware/nnet_utils/nnet_mult.h:110->firmware/nnet_utils/nnet_dense_latency.h:66->firmware/myproject.cpp:54]   --->   Operation 74 'zext' 'zext_ln110' <Predicate = true> <Delay = 0.00>
ST_1 : Operation 75 [1/1] (0.00ns)   --->   "%trunc_ln = partselect i12 @_ssdm_op_PartSelect.i12.i13.i32.i32, i13 %x_6, i32 1, i32 12" [firmware/nnet_utils/nnet_mult.h:111->firmware/nnet_utils/nnet_dense_latency.h:66->firmware/myproject.cpp:54]   --->   Operation 75 'partselect' 'trunc_ln' <Predicate = true> <Delay = 0.00>
ST_1 : Operation 76 [1/1] (0.00ns)   --->   "%sext_ln111 = sext i12 %trunc_ln" [firmware/nnet_utils/nnet_mult.h:111->firmware/nnet_utils/nnet_dense_latency.h:66->firmware/myproject.cpp:54]   --->   Operation 76 'sext' 'sext_ln111' <Predicate = true> <Delay = 0.00>
ST_1 : Operation 77 [1/1] (0.00ns)   --->   "%trunc_ln111_6 = partselect i13 @_ssdm_op_PartSelect.i13.i14.i32.i32, i14 %x_7, i32 1, i32 13" [firmware/nnet_utils/nnet_mult.h:111->firmware/nnet_utils/nnet_dense_latency.h:66->firmware/myproject.cpp:54]   --->   Operation 77 'partselect' 'trunc_ln111_6' <Predicate = true> <Delay = 0.00>
ST_1 : Operation 78 [1/1] (0.00ns)   --->   "%trunc_ln111_7 = partselect i12 @_ssdm_op_PartSelect.i12.i13.i32.i32, i13 %x_8, i32 1, i32 12" [firmware/nnet_utils/nnet_mult.h:111->firmware/nnet_utils/nnet_dense_latency.h:66->firmware/myproject.cpp:54]   --->   Operation 78 'partselect' 'trunc_ln111_7' <Predicate = true> <Delay = 0.00>
ST_1 : Operation 79 [1/1] (0.00ns)   --->   "%sext_ln111_5 = sext i12 %trunc_ln111_7" [firmware/nnet_utils/nnet_mult.h:111->firmware/nnet_utils/nnet_dense_latency.h:66->firmware/myproject.cpp:54]   --->   Operation 79 'sext' 'sext_ln111_5' <Predicate = true> <Delay = 0.00>
ST_1 : Operation 80 [1/1] (0.79ns)   --->   "%add_ln111 = add i12 %zext_ln17_10, i12 32" [firmware/nnet_utils/nnet_mult.h:111->firmware/nnet_utils/nnet_dense_latency.h:66->firmware/myproject.cpp:54]   --->   Operation 80 'add' 'add_ln111' <Predicate = true> <Delay = 0.79> <CoreInst = "Adder">   --->   Core 1 'Adder' <Latency = 0> <II = 1> <Delay = 0.79> <FuncUnit> <Opcode : 'add' 'sub'> <InPorts = 2> <OutPorts = 1>
ST_1 : Operation 81 [1/1] (0.00ns)   --->   "%lshr_ln111_9 = partselect i11 @_ssdm_op_PartSelect.i11.i12.i32.i32, i12 %add_ln111, i32 1, i32 11" [firmware/nnet_utils/nnet_mult.h:111->firmware/nnet_utils/nnet_dense_latency.h:66->firmware/myproject.cpp:54]   --->   Operation 81 'partselect' 'lshr_ln111_9' <Predicate = true> <Delay = 0.00>
ST_1 : Operation 82 [1/1] (0.00ns)   --->   "%zext_ln110_1 = zext i11 %lshr_ln111_9" [firmware/nnet_utils/nnet_mult.h:110->firmware/nnet_utils/nnet_dense_latency.h:66->firmware/myproject.cpp:54]   --->   Operation 82 'zext' 'zext_ln110_1' <Predicate = true> <Delay = 0.00>
ST_1 : Operation 83 [1/1] (0.00ns)   --->   "%trunc_ln111_8 = partselect i13 @_ssdm_op_PartSelect.i13.i14.i32.i32, i14 %x_9, i32 1, i32 13" [firmware/nnet_utils/nnet_mult.h:111->firmware/nnet_utils/nnet_dense_latency.h:66->firmware/myproject.cpp:54]   --->   Operation 83 'partselect' 'trunc_ln111_8' <Predicate = true> <Delay = 0.00>
ST_1 : Operation 84 [1/1] (0.00ns)   --->   "%mrv = insertvalue i78 <undef>, i13 %zext_ln110" [firmware/nnet_utils/nnet_mult.h:110->firmware/nnet_utils/nnet_dense_latency.h:66->firmware/myproject.cpp:54]   --->   Operation 84 'insertvalue' 'mrv' <Predicate = true> <Delay = 0.00>
ST_1 : Operation 85 [1/1] (0.00ns)   --->   "%mrv_1 = insertvalue i78 %mrv, i13 %sext_ln111" [firmware/nnet_utils/nnet_mult.h:110->firmware/nnet_utils/nnet_dense_latency.h:66->firmware/myproject.cpp:54]   --->   Operation 85 'insertvalue' 'mrv_1' <Predicate = true> <Delay = 0.00>
ST_1 : Operation 86 [1/1] (0.00ns)   --->   "%mrv_2 = insertvalue i78 %mrv_1, i13 %trunc_ln111_6" [firmware/nnet_utils/nnet_mult.h:110->firmware/nnet_utils/nnet_dense_latency.h:66->firmware/myproject.cpp:54]   --->   Operation 86 'insertvalue' 'mrv_2' <Predicate = true> <Delay = 0.00>
ST_1 : Operation 87 [1/1] (0.00ns)   --->   "%mrv_3 = insertvalue i78 %mrv_2, i13 %sext_ln111_5" [firmware/nnet_utils/nnet_mult.h:110->firmware/nnet_utils/nnet_dense_latency.h:66->firmware/myproject.cpp:54]   --->   Operation 87 'insertvalue' 'mrv_3' <Predicate = true> <Delay = 0.00>
ST_1 : Operation 88 [1/1] (0.00ns)   --->   "%mrv_4 = insertvalue i78 %mrv_3, i13 %zext_ln110_1" [firmware/nnet_utils/nnet_mult.h:110->firmware/nnet_utils/nnet_dense_latency.h:66->firmware/myproject.cpp:54]   --->   Operation 88 'insertvalue' 'mrv_4' <Predicate = true> <Delay = 0.00>
ST_1 : Operation 89 [1/1] (0.00ns)   --->   "%mrv_5 = insertvalue i78 %mrv_4, i13 %trunc_ln111_8" [firmware/nnet_utils/nnet_mult.h:110->firmware/nnet_utils/nnet_dense_latency.h:66->firmware/myproject.cpp:54]   --->   Operation 89 'insertvalue' 'mrv_5' <Predicate = true> <Delay = 0.00>
ST_1 : Operation 90 [1/1] (0.00ns)   --->   "%ret_ln110 = ret i78 %mrv_5" [firmware/nnet_utils/nnet_mult.h:110->firmware/nnet_utils/nnet_dense_latency.h:66->firmware/myproject.cpp:54]   --->   Operation 90 'ret' 'ret_ln110' <Predicate = true> <Delay = 0.00>


============================================================
+ Verbose Summary: Binding
============================================================
STG Binding: 
---------------- STG Properties BEGIN ----------------
- Is combinational: 1
- Is one-state seq: 0
- Is datapath-only: 0
- Is pipelined: 1
- Is top level: 0
Port [ Return ] is wired: 1; IO mode=ap_ctrl_hs:ce=0
Port [ layer4_out_1_val]:  wired=1; compound=0; hidden=0; nouse=0; global=0; static=0; extern=0; dir=0; type=0; pingpong=0; private_global=0; IO mode=ap_none:ce=0
Port [ layer4_out_7_val]:  wired=1; compound=0; hidden=0; nouse=0; global=0; static=0; extern=0; dir=0; type=0; pingpong=0; private_global=0; IO mode=ap_none:ce=0
Port [ layer4_out_16_val]:  wired=1; compound=0; hidden=0; nouse=0; global=0; static=0; extern=0; dir=0; type=0; pingpong=0; private_global=0; IO mode=ap_none:ce=0
Port [ layer4_out_35_val]:  wired=1; compound=0; hidden=0; nouse=0; global=0; static=0; extern=0; dir=0; type=0; pingpong=0; private_global=0; IO mode=ap_none:ce=0
Port [ layer4_out_40_val]:  wired=1; compound=0; hidden=0; nouse=0; global=0; static=0; extern=0; dir=0; type=0; pingpong=0; private_global=0; IO mode=ap_none:ce=0
Port [ layer4_out_42_val]:  wired=1; compound=0; hidden=0; nouse=0; global=0; static=0; extern=0; dir=0; type=0; pingpong=0; private_global=0; IO mode=ap_none:ce=0
Port [ layer4_out_44_val]:  wired=1; compound=0; hidden=0; nouse=0; global=0; static=0; extern=0; dir=0; type=0; pingpong=0; private_global=0; IO mode=ap_none:ce=0
Port [ layer4_out_47_val]:  wired=1; compound=0; hidden=0; nouse=0; global=0; static=0; extern=0; dir=0; type=0; pingpong=0; private_global=0; IO mode=ap_none:ce=0
Port [ layer4_out_48_val]:  wired=1; compound=0; hidden=0; nouse=0; global=0; static=0; extern=0; dir=0; type=0; pingpong=0; private_global=0; IO mode=ap_none:ce=0
Port [ layer4_out_51_val]:  wired=1; compound=0; hidden=0; nouse=0; global=0; static=0; extern=0; dir=0; type=0; pingpong=0; private_global=0; IO mode=ap_none:ce=0
Port [ layer4_out_54_val]:  wired=1; compound=0; hidden=0; nouse=0; global=0; static=0; extern=0; dir=0; type=0; pingpong=0; private_global=0; IO mode=ap_none:ce=0
---------------- STG Properties END ------------------

---------------- Datapath Model BEGIN ----------------

<LifeTime>
<method=bitvector/>
specpipeline_ln0         (specpipeline     ) [ 00]
specresourcelimit_ln33   (specresourcelimit) [ 00]
layer4_out_54_val_read   (read             ) [ 00]
layer4_out_51_val_read   (read             ) [ 00]
layer4_out_48_val_read   (read             ) [ 00]
layer4_out_47_val_read   (read             ) [ 00]
layer4_out_44_val_read   (read             ) [ 00]
layer4_out_42_val_read   (read             ) [ 00]
layer4_out_40_val_read   (read             ) [ 00]
layer4_out_35_val_read   (read             ) [ 00]
layer4_out_16_val_read   (read             ) [ 00]
layer4_out_7_val_read    (read             ) [ 00]
layer4_out_1_val_read    (read             ) [ 00]
p_shl7                   (bitconcatenate   ) [ 00]
tmp_15                   (bitconcatenate   ) [ 00]
zext_ln73_19             (zext             ) [ 00]
mult                     (sub              ) [ 00]
zext_ln73                (zext             ) [ 00]
tmp_16                   (bitconcatenate   ) [ 00]
zext_ln73_20             (zext             ) [ 00]
mult_15                  (bitconcatenate   ) [ 00]
zext_ln17                (zext             ) [ 00]
mult_16                  (bitconcatenate   ) [ 00]
zext_ln17_7              (zext             ) [ 00]
zext_ln17_8              (zext             ) [ 00]
zext_ln73_17             (zext             ) [ 00]
mult_17                  (bitconcatenate   ) [ 00]
zext_ln17_9              (zext             ) [ 00]
zext_ln73_18             (zext             ) [ 00]
mult_18                  (bitconcatenate   ) [ 00]
zext_ln17_10             (zext             ) [ 00]
mult_19                  (bitconcatenate   ) [ 00]
zext_ln17_11             (zext             ) [ 00]
zext_ln70                (zext             ) [ 00]
zext_ln58                (zext             ) [ 00]
zext_ln58_11             (zext             ) [ 00]
x_6                      (sub              ) [ 00]
add_ln58                 (add              ) [ 00]
zext_ln58_12             (zext             ) [ 00]
x                        (add              ) [ 00]
layer4_out_1_val_cast    (zext             ) [ 00]
empty                    (sub              ) [ 00]
p_cast                   (sext             ) [ 00]
layer4_out_47_val_cast11 (zext             ) [ 00]
tmp108                   (sub              ) [ 00]
tmp                      (bitconcatenate   ) [ 00]
tmp11                    (sext             ) [ 00]
layer4_out_7_val_cast    (zext             ) [ 00]
layer4_out_35_val_cast   (zext             ) [ 00]
tmp126                   (add              ) [ 00]
tmp1                     (bitconcatenate   ) [ 00]
zext_ln58_13             (zext             ) [ 00]
add_ln58_23              (add              ) [ 00]
zext_ln58_14             (zext             ) [ 00]
add_ln58_24              (add              ) [ 00]
zext_ln58_15             (zext             ) [ 00]
add_ln58_25              (add              ) [ 00]
x_9                      (add              ) [ 00]
add_ln58_27              (add              ) [ 00]
zext_ln58_16             (zext             ) [ 00]
add_ln58_28              (add              ) [ 00]
sext_ln58                (sext             ) [ 00]
add_ln58_29              (add              ) [ 00]
tmp14                    (add              ) [ 00]
tmp_17                   (bitconcatenate   ) [ 00]
p_shl                    (zext             ) [ 00]
add_ln58_30              (add              ) [ 00]
zext_ln58_17             (zext             ) [ 00]
sub_ln58_1               (sub              ) [ 00]
x_7                      (add              ) [ 00]
x_8                      (sub              ) [ 00]
lshr_ln                  (partselect       ) [ 00]
zext_ln110               (zext             ) [ 00]
trunc_ln                 (partselect       ) [ 00]
sext_ln111               (sext             ) [ 00]
trunc_ln111_6            (partselect       ) [ 00]
trunc_ln111_7            (partselect       ) [ 00]
sext_ln111_5             (sext             ) [ 00]
add_ln111                (add              ) [ 00]
lshr_ln111_9             (partselect       ) [ 00]
zext_ln110_1             (zext             ) [ 00]
trunc_ln111_8            (partselect       ) [ 00]
mrv                      (insertvalue      ) [ 00]
mrv_1                    (insertvalue      ) [ 00]
mrv_2                    (insertvalue      ) [ 00]
mrv_3                    (insertvalue      ) [ 00]
mrv_4                    (insertvalue      ) [ 00]
mrv_5                    (insertvalue      ) [ 00]
ret_ln110                (ret              ) [ 00]
</LifeTime>

<model>

<comp_list>
<comp id="0" class="1000" name="layer4_out_1_val">
<pin_list>
<pin id="1" dir="1" index="0" bw="1" slack="0"/>
</pin_list>
<bind>
<StgValue><ssdm name="layer4_out_1_val"/></StgValue>
</bind>
</comp>

<comp id="2" class="1000" name="layer4_out_7_val">
<pin_list>
<pin id="3" dir="1" index="0" bw="1" slack="0"/>
</pin_list>
<bind>
<StgValue><ssdm name="layer4_out_7_val"/></StgValue>
</bind>
</comp>

<comp id="4" class="1000" name="layer4_out_16_val">
<pin_list>
<pin id="5" dir="1" index="0" bw="1" slack="0"/>
</pin_list>
<bind>
<StgValue><ssdm name="layer4_out_16_val"/></StgValue>
</bind>
</comp>

<comp id="6" class="1000" name="layer4_out_35_val">
<pin_list>
<pin id="7" dir="1" index="0" bw="1" slack="0"/>
</pin_list>
<bind>
<StgValue><ssdm name="layer4_out_35_val"/></StgValue>
</bind>
</comp>

<comp id="8" class="1000" name="layer4_out_40_val">
<pin_list>
<pin id="9" dir="1" index="0" bw="1" slack="0"/>
</pin_list>
<bind>
<StgValue><ssdm name="layer4_out_40_val"/></StgValue>
</bind>
</comp>

<comp id="10" class="1000" name="layer4_out_42_val">
<pin_list>
<pin id="11" dir="1" index="0" bw="1" slack="0"/>
</pin_list>
<bind>
<StgValue><ssdm name="layer4_out_42_val"/></StgValue>
</bind>
</comp>

<comp id="12" class="1000" name="layer4_out_44_val">
<pin_list>
<pin id="13" dir="1" index="0" bw="1" slack="0"/>
</pin_list>
<bind>
<StgValue><ssdm name="layer4_out_44_val"/></StgValue>
</bind>
</comp>

<comp id="14" class="1000" name="layer4_out_47_val">
<pin_list>
<pin id="15" dir="1" index="0" bw="1" slack="0"/>
</pin_list>
<bind>
<StgValue><ssdm name="layer4_out_47_val"/></StgValue>
</bind>
</comp>

<comp id="16" class="1000" name="layer4_out_48_val">
<pin_list>
<pin id="17" dir="1" index="0" bw="1" slack="0"/>
</pin_list>
<bind>
<StgValue><ssdm name="layer4_out_48_val"/></StgValue>
</bind>
</comp>

<comp id="18" class="1000" name="layer4_out_51_val">
<pin_list>
<pin id="19" dir="1" index="0" bw="1" slack="0"/>
</pin_list>
<bind>
<StgValue><ssdm name="layer4_out_51_val"/></StgValue>
</bind>
</comp>

<comp id="20" class="1000" name="layer4_out_54_val">
<pin_list>
<pin id="21" dir="1" index="0" bw="1" slack="0"/>
</pin_list>
<bind>
<StgValue><ssdm name="layer4_out_54_val"/></StgValue>
</bind>
</comp>

<comp id="22" class="1001" name="const_22">
<pin_list>
<pin id="23" dir="1" index="0" bw="1" slack="2147483647"/>
</pin_list>
<bind>
<StgValue><ssdm name="_ssdm_op_SpecPipeline"/></StgValue>
</bind>
</comp>

<comp id="24" class="1001" name="const_24">
<pin_list>
<pin id="25" dir="1" index="0" bw="1" slack="0"/>
</pin_list>
<bind>
<StgValue><ssdm name=""/></StgValue>
</bind>
</comp>

<comp id="26" class="1001" name="const_26">
<pin_list>
<pin id="27" dir="1" index="0" bw="1" slack="2147483647"/>
</pin_list>
<bind>
<StgValue><ssdm name=""/></StgValue>
</bind>
</comp>

<comp id="28" class="1001" name="const_28">
<pin_list>
<pin id="29" dir="1" index="0" bw="1" slack="2147483647"/>
</pin_list>
<bind>
<StgValue><ssdm name=""/></StgValue>
</bind>
</comp>

<comp id="30" class="1001" name="const_30">
<pin_list>
<pin id="31" dir="1" index="0" bw="1" slack="2147483647"/>
</pin_list>
<bind>
<StgValue><ssdm name="empty_0"/></StgValue>
</bind>
</comp>

<comp id="32" class="1001" name="const_32">
<pin_list>
<pin id="33" dir="1" index="0" bw="1" slack="2147483647"/>
</pin_list>
<bind>
<StgValue><ssdm name="_ssdm_op_SpecResourceLimit"/></StgValue>
</bind>
</comp>

<comp id="34" class="1001" name="const_34">
<pin_list>
<pin id="35" dir="1" index="0" bw="1" slack="2147483647"/>
</pin_list>
<bind>
<StgValue><ssdm name=""/></StgValue>
</bind>
</comp>

<comp id="36" class="1001" name="const_36">
<pin_list>
<pin id="37" dir="1" index="0" bw="1" slack="2147483647"/>
</pin_list>
<bind>
<StgValue><ssdm name="empty_1"/></StgValue>
</bind>
</comp>

<comp id="38" class="1001" name="const_38">
<pin_list>
<pin id="39" dir="1" index="0" bw="1" slack="0"/>
</pin_list>
<bind>
<StgValue><ssdm name="_ssdm_op_Read.ap_auto.i8"/></StgValue>
</bind>
</comp>

<comp id="40" class="1001" name="const_40">
<pin_list>
<pin id="41" dir="1" index="0" bw="1" slack="0"/>
</pin_list>
<bind>
<StgValue><ssdm name="_ssdm_op_BitConcatenate.i12.i8.i4"/></StgValue>
</bind>
</comp>

<comp id="42" class="1001" name="const_42">
<pin_list>
<pin id="43" dir="1" index="0" bw="1" slack="0"/>
</pin_list>
<bind>
<StgValue><ssdm name=""/></StgValue>
</bind>
</comp>

<comp id="44" class="1001" name="const_44">
<pin_list>
<pin id="45" dir="1" index="0" bw="1" slack="0"/>
</pin_list>
<bind>
<StgValue><ssdm name="_ssdm_op_BitConcatenate.i9.i8.i1"/></StgValue>
</bind>
</comp>

<comp id="46" class="1001" name="const_46">
<pin_list>
<pin id="47" dir="1" index="0" bw="1" slack="0"/>
</pin_list>
<bind>
<StgValue><ssdm name=""/></StgValue>
</bind>
</comp>

<comp id="48" class="1001" name="const_48">
<pin_list>
<pin id="49" dir="1" index="0" bw="1" slack="0"/>
</pin_list>
<bind>
<StgValue><ssdm name="_ssdm_op_BitConcatenate.i10.i8.i2"/></StgValue>
</bind>
</comp>

<comp id="50" class="1001" name="const_50">
<pin_list>
<pin id="51" dir="1" index="0" bw="1" slack="0"/>
</pin_list>
<bind>
<StgValue><ssdm name=""/></StgValue>
</bind>
</comp>

<comp id="52" class="1001" name="const_52">
<pin_list>
<pin id="53" dir="1" index="0" bw="1" slack="0"/>
</pin_list>
<bind>
<StgValue><ssdm name="_ssdm_op_BitConcatenate.i11.i8.i3"/></StgValue>
</bind>
</comp>

<comp id="54" class="1001" name="const_54">
<pin_list>
<pin id="55" dir="1" index="0" bw="1" slack="0"/>
</pin_list>
<bind>
<StgValue><ssdm name=""/></StgValue>
</bind>
</comp>

<comp id="56" class="1001" name="const_56">
<pin_list>
<pin id="57" dir="1" index="0" bw="1" slack="0"/>
</pin_list>
<bind>
<StgValue><ssdm name=""/></StgValue>
</bind>
</comp>

<comp id="58" class="1001" name="const_58">
<pin_list>
<pin id="59" dir="1" index="0" bw="1" slack="0"/>
</pin_list>
<bind>
<StgValue><ssdm name=""/></StgValue>
</bind>
</comp>

<comp id="60" class="1001" name="const_60">
<pin_list>
<pin id="61" dir="1" index="0" bw="1" slack="0"/>
</pin_list>
<bind>
<StgValue><ssdm name="_ssdm_op_BitConcatenate.i13.i10.i3"/></StgValue>
</bind>
</comp>

<comp id="62" class="1001" name="const_62">
<pin_list>
<pin id="63" dir="1" index="0" bw="1" slack="0"/>
</pin_list>
<bind>
<StgValue><ssdm name="_ssdm_op_BitConcatenate.i11.i9.i2"/></StgValue>
</bind>
</comp>

<comp id="64" class="1001" name="const_64">
<pin_list>
<pin id="65" dir="1" index="0" bw="1" slack="0"/>
</pin_list>
<bind>
<StgValue><ssdm name=""/></StgValue>
</bind>
</comp>

<comp id="66" class="1001" name="const_66">
<pin_list>
<pin id="67" dir="1" index="0" bw="1" slack="0"/>
</pin_list>
<bind>
<StgValue><ssdm name=""/></StgValue>
</bind>
</comp>

<comp id="68" class="1001" name="const_68">
<pin_list>
<pin id="69" dir="1" index="0" bw="1" slack="0"/>
</pin_list>
<bind>
<StgValue><ssdm name="_ssdm_op_BitConcatenate.i13.i9.i4"/></StgValue>
</bind>
</comp>

<comp id="70" class="1001" name="const_70">
<pin_list>
<pin id="71" dir="1" index="0" bw="1" slack="0"/>
</pin_list>
<bind>
<StgValue><ssdm name=""/></StgValue>
</bind>
</comp>

<comp id="72" class="1001" name="const_72">
<pin_list>
<pin id="73" dir="1" index="0" bw="1" slack="0"/>
</pin_list>
<bind>
<StgValue><ssdm name="_ssdm_op_PartSelect.i11.i12.i32.i32"/></StgValue>
</bind>
</comp>

<comp id="74" class="1001" name="const_74">
<pin_list>
<pin id="75" dir="1" index="0" bw="1" slack="0"/>
</pin_list>
<bind>
<StgValue><ssdm name=""/></StgValue>
</bind>
</comp>

<comp id="76" class="1001" name="const_76">
<pin_list>
<pin id="77" dir="1" index="0" bw="1" slack="0"/>
</pin_list>
<bind>
<StgValue><ssdm name="_ssdm_op_PartSelect.i12.i13.i32.i32"/></StgValue>
</bind>
</comp>

<comp id="78" class="1001" name="const_78">
<pin_list>
<pin id="79" dir="1" index="0" bw="1" slack="0"/>
</pin_list>
<bind>
<StgValue><ssdm name=""/></StgValue>
</bind>
</comp>

<comp id="80" class="1001" name="const_80">
<pin_list>
<pin id="81" dir="1" index="0" bw="1" slack="0"/>
</pin_list>
<bind>
<StgValue><ssdm name="_ssdm_op_PartSelect.i13.i14.i32.i32"/></StgValue>
</bind>
</comp>

<comp id="82" class="1001" name="const_82">
<pin_list>
<pin id="83" dir="1" index="0" bw="1" slack="0"/>
</pin_list>
<bind>
<StgValue><ssdm name=""/></StgValue>
</bind>
</comp>

<comp id="84" class="1001" name="const_84">
<pin_list>
<pin id="85" dir="1" index="0" bw="1" slack="0"/>
</pin_list>
<bind>
<StgValue><ssdm name=""/></StgValue>
</bind>
</comp>

<comp id="86" class="1001" name="const_86">
<pin_list>
<pin id="87" dir="1" index="0" bw="1" slack="0"/>
</pin_list>
<bind>
<StgValue><ssdm name=""/></StgValue>
</bind>
</comp>

<comp id="88" class="1004" name="layer4_out_54_val_read_read_fu_88">
<pin_list>
<pin id="89" dir="0" index="0" bw="8" slack="0"/>
<pin id="90" dir="0" index="1" bw="8" slack="0"/>
<pin id="91" dir="1" index="2" bw="8" slack="0"/>
</pin_list>
<bind>
<opcode="read(1150) " fcode="read"/>
<opset="layer4_out_54_val_read/1 "/>
</bind>
</comp>

<comp id="94" class="1004" name="layer4_out_51_val_read_read_fu_94">
<pin_list>
<pin id="95" dir="0" index="0" bw="8" slack="0"/>
<pin id="96" dir="0" index="1" bw="8" slack="0"/>
<pin id="97" dir="1" index="2" bw="8" slack="0"/>
</pin_list>
<bind>
<opcode="read(1150) " fcode="read"/>
<opset="layer4_out_51_val_read/1 "/>
</bind>
</comp>

<comp id="100" class="1004" name="layer4_out_48_val_read_read_fu_100">
<pin_list>
<pin id="101" dir="0" index="0" bw="8" slack="0"/>
<pin id="102" dir="0" index="1" bw="8" slack="0"/>
<pin id="103" dir="1" index="2" bw="8" slack="0"/>
</pin_list>
<bind>
<opcode="read(1150) " fcode="read"/>
<opset="layer4_out_48_val_read/1 "/>
</bind>
</comp>

<comp id="106" class="1004" name="layer4_out_47_val_read_read_fu_106">
<pin_list>
<pin id="107" dir="0" index="0" bw="8" slack="0"/>
<pin id="108" dir="0" index="1" bw="8" slack="0"/>
<pin id="109" dir="1" index="2" bw="8" slack="0"/>
</pin_list>
<bind>
<opcode="read(1150) " fcode="read"/>
<opset="layer4_out_47_val_read/1 "/>
</bind>
</comp>

<comp id="112" class="1004" name="layer4_out_44_val_read_read_fu_112">
<pin_list>
<pin id="113" dir="0" index="0" bw="8" slack="0"/>
<pin id="114" dir="0" index="1" bw="8" slack="0"/>
<pin id="115" dir="1" index="2" bw="8" slack="0"/>
</pin_list>
<bind>
<opcode="read(1150) " fcode="read"/>
<opset="layer4_out_44_val_read/1 "/>
</bind>
</comp>

<comp id="118" class="1004" name="layer4_out_42_val_read_read_fu_118">
<pin_list>
<pin id="119" dir="0" index="0" bw="8" slack="0"/>
<pin id="120" dir="0" index="1" bw="8" slack="0"/>
<pin id="121" dir="1" index="2" bw="8" slack="0"/>
</pin_list>
<bind>
<opcode="read(1150) " fcode="read"/>
<opset="layer4_out_42_val_read/1 "/>
</bind>
</comp>

<comp id="124" class="1004" name="layer4_out_40_val_read_read_fu_124">
<pin_list>
<pin id="125" dir="0" index="0" bw="8" slack="0"/>
<pin id="126" dir="0" index="1" bw="8" slack="0"/>
<pin id="127" dir="1" index="2" bw="8" slack="0"/>
</pin_list>
<bind>
<opcode="read(1150) " fcode="read"/>
<opset="layer4_out_40_val_read/1 "/>
</bind>
</comp>

<comp id="130" class="1004" name="layer4_out_35_val_read_read_fu_130">
<pin_list>
<pin id="131" dir="0" index="0" bw="8" slack="0"/>
<pin id="132" dir="0" index="1" bw="8" slack="0"/>
<pin id="133" dir="1" index="2" bw="8" slack="0"/>
</pin_list>
<bind>
<opcode="read(1150) " fcode="read"/>
<opset="layer4_out_35_val_read/1 "/>
</bind>
</comp>

<comp id="136" class="1004" name="layer4_out_16_val_read_read_fu_136">
<pin_list>
<pin id="137" dir="0" index="0" bw="8" slack="0"/>
<pin id="138" dir="0" index="1" bw="8" slack="0"/>
<pin id="139" dir="1" index="2" bw="8" slack="0"/>
</pin_list>
<bind>
<opcode="read(1150) " fcode="read"/>
<opset="layer4_out_16_val_read/1 "/>
</bind>
</comp>

<comp id="142" class="1004" name="layer4_out_7_val_read_read_fu_142">
<pin_list>
<pin id="143" dir="0" index="0" bw="8" slack="0"/>
<pin id="144" dir="0" index="1" bw="8" slack="0"/>
<pin id="145" dir="1" index="2" bw="8" slack="0"/>
</pin_list>
<bind>
<opcode="read(1150) " fcode="read"/>
<opset="layer4_out_7_val_read/1 "/>
</bind>
</comp>

<comp id="148" class="1004" name="layer4_out_1_val_read_read_fu_148">
<pin_list>
<pin id="149" dir="0" index="0" bw="8" slack="0"/>
<pin id="150" dir="0" index="1" bw="8" slack="0"/>
<pin id="151" dir="1" index="2" bw="8" slack="0"/>
</pin_list>
<bind>
<opcode="read(1150) " fcode="read"/>
<opset="layer4_out_1_val_read/1 "/>
</bind>
</comp>

<comp id="154" class="1004" name="p_shl7_fu_154">
<pin_list>
<pin id="155" dir="0" index="0" bw="12" slack="0"/>
<pin id="156" dir="0" index="1" bw="8" slack="0"/>
<pin id="157" dir="0" index="2" bw="1" slack="0"/>
<pin id="158" dir="1" index="3" bw="12" slack="0"/>
</pin_list>
<bind>
<opcode="bitconcatenate(1004) " fcode="bitconcatenate"/>
<opset="p_shl7/1 "/>
</bind>
</comp>

<comp id="162" class="1004" name="tmp_15_fu_162">
<pin_list>
<pin id="163" dir="0" index="0" bw="9" slack="0"/>
<pin id="164" dir="0" index="1" bw="8" slack="0"/>
<pin id="165" dir="0" index="2" bw="1" slack="0"/>
<pin id="166" dir="1" index="3" bw="9" slack="0"/>
</pin_list>
<bind>
<opcode="bitconcatenate(1004) " fcode="bitconcatenate"/>
<opset="tmp_15/1 "/>
</bind>
</comp>

<comp id="170" class="1004" name="zext_ln73_19_fu_170">
<pin_list>
<pin id="171" dir="0" index="0" bw="9" slack="0"/>
<pin id="172" dir="1" index="1" bw="12" slack="0"/>
</pin_list>
<bind>
<opcode="zext(34) " fcode="zext"/>
<opset="zext_ln73_19/1 "/>
</bind>
</comp>

<comp id="174" class="1004" name="mult_fu_174">
<pin_list>
<pin id="175" dir="0" index="0" bw="12" slack="0"/>
<pin id="176" dir="0" index="1" bw="9" slack="0"/>
<pin id="177" dir="1" index="2" bw="12" slack="0"/>
</pin_list>
<bind>
<opcode="sub(10) " fcode="sub"/>
<opset="mult/1 "/>
</bind>
</comp>

<comp id="180" class="1004" name="zext_ln73_fu_180">
<pin_list>
<pin id="181" dir="0" index="0" bw="8" slack="0"/>
<pin id="182" dir="1" index="1" bw="9" slack="0"/>
</pin_list>
<bind>
<opcode="zext(34) " fcode="zext"/>
<opset="zext_ln73/1 "/>
</bind>
</comp>

<comp id="184" class="1004" name="tmp_16_fu_184">
<pin_list>
<pin id="185" dir="0" index="0" bw="12" slack="0"/>
<pin id="186" dir="0" index="1" bw="8" slack="0"/>
<pin id="187" dir="0" index="2" bw="1" slack="0"/>
<pin id="188" dir="1" index="3" bw="12" slack="0"/>
</pin_list>
<bind>
<opcode="bitconcatenate(1004) " fcode="bitconcatenate"/>
<opset="tmp_16/1 "/>
</bind>
</comp>

<comp id="192" class="1004" name="zext_ln73_20_fu_192">
<pin_list>
<pin id="193" dir="0" index="0" bw="12" slack="0"/>
<pin id="194" dir="1" index="1" bw="13" slack="0"/>
</pin_list>
<bind>
<opcode="zext(34) " fcode="zext"/>
<opset="zext_ln73_20/1 "/>
</bind>
</comp>

<comp id="196" class="1004" name="mult_15_fu_196">
<pin_list>
<pin id="197" dir="0" index="0" bw="10" slack="0"/>
<pin id="198" dir="0" index="1" bw="8" slack="0"/>
<pin id="199" dir="0" index="2" bw="1" slack="0"/>
<pin id="200" dir="1" index="3" bw="10" slack="0"/>
</pin_list>
<bind>
<opcode="bitconcatenate(1004) " fcode="bitconcatenate"/>
<opset="mult_15/1 "/>
</bind>
</comp>

<comp id="204" class="1004" name="zext_ln17_fu_204">
<pin_list>
<pin id="205" dir="0" index="0" bw="10" slack="0"/>
<pin id="206" dir="1" index="1" bw="11" slack="0"/>
</pin_list>
<bind>
<opcode="zext(34) " fcode="zext"/>
<opset="zext_ln17/1 "/>
</bind>
</comp>

<comp id="208" class="1004" name="mult_16_fu_208">
<pin_list>
<pin id="209" dir="0" index="0" bw="10" slack="0"/>
<pin id="210" dir="0" index="1" bw="8" slack="0"/>
<pin id="211" dir="0" index="2" bw="1" slack="0"/>
<pin id="212" dir="1" index="3" bw="10" slack="0"/>
</pin_list>
<bind>
<opcode="bitconcatenate(1004) " fcode="bitconcatenate"/>
<opset="mult_16/1 "/>
</bind>
</comp>

<comp id="216" class="1004" name="zext_ln17_7_fu_216">
<pin_list>
<pin id="217" dir="0" index="0" bw="10" slack="0"/>
<pin id="218" dir="1" index="1" bw="11" slack="0"/>
</pin_list>
<bind>
<opcode="zext(34) " fcode="zext"/>
<opset="zext_ln17_7/1 "/>
</bind>
</comp>

<comp id="220" class="1004" name="zext_ln17_8_fu_220">
<pin_list>
<pin id="221" dir="0" index="0" bw="10" slack="0"/>
<pin id="222" dir="1" index="1" bw="12" slack="0"/>
</pin_list>
<bind>
<opcode="zext(34) " fcode="zext"/>
<opset="zext_ln17_8/1 "/>
</bind>
</comp>

<comp id="224" class="1004" name="zext_ln73_17_fu_224">
<pin_list>
<pin id="225" dir="0" index="0" bw="8" slack="0"/>
<pin id="226" dir="1" index="1" bw="9" slack="0"/>
</pin_list>
<bind>
<opcode="zext(34) " fcode="zext"/>
<opset="zext_ln73_17/1 "/>
</bind>
</comp>

<comp id="228" class="1004" name="mult_17_fu_228">
<pin_list>
<pin id="229" dir="0" index="0" bw="9" slack="0"/>
<pin id="230" dir="0" index="1" bw="8" slack="0"/>
<pin id="231" dir="0" index="2" bw="1" slack="0"/>
<pin id="232" dir="1" index="3" bw="9" slack="0"/>
</pin_list>
<bind>
<opcode="bitconcatenate(1004) " fcode="bitconcatenate"/>
<opset="mult_17/1 "/>
</bind>
</comp>

<comp id="236" class="1004" name="zext_ln17_9_fu_236">
<pin_list>
<pin id="237" dir="0" index="0" bw="9" slack="0"/>
<pin id="238" dir="1" index="1" bw="12" slack="0"/>
</pin_list>
<bind>
<opcode="zext(34) " fcode="zext"/>
<opset="zext_ln17_9/1 "/>
</bind>
</comp>

<comp id="240" class="1004" name="zext_ln73_18_fu_240">
<pin_list>
<pin id="241" dir="0" index="0" bw="8" slack="0"/>
<pin id="242" dir="1" index="1" bw="9" slack="0"/>
</pin_list>
<bind>
<opcode="zext(34) " fcode="zext"/>
<opset="zext_ln73_18/1 "/>
</bind>
</comp>

<comp id="244" class="1004" name="mult_18_fu_244">
<pin_list>
<pin id="245" dir="0" index="0" bw="11" slack="0"/>
<pin id="246" dir="0" index="1" bw="8" slack="0"/>
<pin id="247" dir="0" index="2" bw="1" slack="0"/>
<pin id="248" dir="1" index="3" bw="11" slack="0"/>
</pin_list>
<bind>
<opcode="bitconcatenate(1004) " fcode="bitconcatenate"/>
<opset="mult_18/1 "/>
</bind>
</comp>

<comp id="252" class="1004" name="zext_ln17_10_fu_252">
<pin_list>
<pin id="253" dir="0" index="0" bw="11" slack="0"/>
<pin id="254" dir="1" index="1" bw="12" slack="0"/>
</pin_list>
<bind>
<opcode="zext(34) " fcode="zext"/>
<opset="zext_ln17_10/1 "/>
</bind>
</comp>

<comp id="256" class="1004" name="mult_19_fu_256">
<pin_list>
<pin id="257" dir="0" index="0" bw="11" slack="0"/>
<pin id="258" dir="0" index="1" bw="8" slack="0"/>
<pin id="259" dir="0" index="2" bw="1" slack="0"/>
<pin id="260" dir="1" index="3" bw="11" slack="0"/>
</pin_list>
<bind>
<opcode="bitconcatenate(1004) " fcode="bitconcatenate"/>
<opset="mult_19/1 "/>
</bind>
</comp>

<comp id="264" class="1004" name="zext_ln17_11_fu_264">
<pin_list>
<pin id="265" dir="0" index="0" bw="11" slack="0"/>
<pin id="266" dir="1" index="1" bw="12" slack="0"/>
</pin_list>
<bind>
<opcode="zext(34) " fcode="zext"/>
<opset="zext_ln17_11/1 "/>
</bind>
</comp>

<comp id="268" class="1004" name="zext_ln70_fu_268">
<pin_list>
<pin id="269" dir="0" index="0" bw="8" slack="0"/>
<pin id="270" dir="1" index="1" bw="9" slack="0"/>
</pin_list>
<bind>
<opcode="zext(34) " fcode="zext"/>
<opset="zext_ln70/1 "/>
</bind>
</comp>

<comp id="272" class="1004" name="zext_ln58_fu_272">
<pin_list>
<pin id="273" dir="0" index="0" bw="8" slack="0"/>
<pin id="274" dir="1" index="1" bw="13" slack="0"/>
</pin_list>
<bind>
<opcode="zext(34) " fcode="zext"/>
<opset="zext_ln58/1 "/>
</bind>
</comp>

<comp id="276" class="1004" name="zext_ln58_11_fu_276">
<pin_list>
<pin id="277" dir="0" index="0" bw="8" slack="0"/>
<pin id="278" dir="1" index="1" bw="9" slack="0"/>
</pin_list>
<bind>
<opcode="zext(34) " fcode="zext"/>
<opset="zext_ln58_11/1 "/>
</bind>
</comp>

<comp id="280" class="1004" name="x_6_fu_280">
<pin_list>
<pin id="281" dir="0" index="0" bw="7" slack="0"/>
<pin id="282" dir="0" index="1" bw="12" slack="0"/>
<pin id="283" dir="1" index="2" bw="13" slack="0"/>
</pin_list>
<bind>
<opcode="sub(10) " fcode="sub"/>
<opset="x_6/1 "/>
</bind>
</comp>

<comp id="286" class="1004" name="add_ln58_fu_286">
<pin_list>
<pin id="287" dir="0" index="0" bw="8" slack="0"/>
<pin id="288" dir="0" index="1" bw="4" slack="0"/>
<pin id="289" dir="1" index="2" bw="9" slack="0"/>
</pin_list>
<bind>
<opcode="add(8) " fcode="add"/>
<opset="add_ln58/1 "/>
</bind>
</comp>

<comp id="292" class="1004" name="zext_ln58_12_fu_292">
<pin_list>
<pin id="293" dir="0" index="0" bw="9" slack="0"/>
<pin id="294" dir="1" index="1" bw="12" slack="0"/>
</pin_list>
<bind>
<opcode="zext(34) " fcode="zext"/>
<opset="zext_ln58_12/1 "/>
</bind>
</comp>

<comp id="296" class="1004" name="x_fu_296">
<pin_list>
<pin id="297" dir="0" index="0" bw="9" slack="0"/>
<pin id="298" dir="0" index="1" bw="12" slack="0"/>
<pin id="299" dir="1" index="2" bw="12" slack="0"/>
</pin_list>
<bind>
<opcode="add(8) " fcode="add"/>
<opset="x/1 "/>
</bind>
</comp>

<comp id="302" class="1004" name="layer4_out_1_val_cast_fu_302">
<pin_list>
<pin id="303" dir="0" index="0" bw="8" slack="0"/>
<pin id="304" dir="1" index="1" bw="9" slack="0"/>
</pin_list>
<bind>
<opcode="zext(34) " fcode="zext"/>
<opset="layer4_out_1_val_cast/1 "/>
</bind>
</comp>

<comp id="306" class="1004" name="empty_fu_306">
<pin_list>
<pin id="307" dir="0" index="0" bw="8" slack="0"/>
<pin id="308" dir="0" index="1" bw="8" slack="0"/>
<pin id="309" dir="1" index="2" bw="9" slack="0"/>
</pin_list>
<bind>
<opcode="sub(10) " fcode="sub"/>
<opset="empty/1 "/>
</bind>
</comp>

<comp id="312" class="1004" name="p_cast_fu_312">
<pin_list>
<pin id="313" dir="0" index="0" bw="9" slack="0"/>
<pin id="314" dir="1" index="1" bw="10" slack="0"/>
</pin_list>
<bind>
<opcode="sext(35) " fcode="sext"/>
<opset="p_cast/1 "/>
</bind>
</comp>

<comp id="316" class="1004" name="layer4_out_47_val_cast11_fu_316">
<pin_list>
<pin id="317" dir="0" index="0" bw="8" slack="0"/>
<pin id="318" dir="1" index="1" bw="10" slack="0"/>
</pin_list>
<bind>
<opcode="zext(34) " fcode="zext"/>
<opset="layer4_out_47_val_cast11/1 "/>
</bind>
</comp>

<comp id="320" class="1004" name="tmp108_fu_320">
<pin_list>
<pin id="321" dir="0" index="0" bw="9" slack="0"/>
<pin id="322" dir="0" index="1" bw="8" slack="0"/>
<pin id="323" dir="1" index="2" bw="10" slack="0"/>
</pin_list>
<bind>
<opcode="sub(10) " fcode="sub"/>
<opset="tmp108/1 "/>
</bind>
</comp>

<comp id="326" class="1004" name="tmp_fu_326">
<pin_list>
<pin id="327" dir="0" index="0" bw="13" slack="0"/>
<pin id="328" dir="0" index="1" bw="10" slack="0"/>
<pin id="329" dir="0" index="2" bw="1" slack="0"/>
<pin id="330" dir="1" index="3" bw="13" slack="0"/>
</pin_list>
<bind>
<opcode="bitconcatenate(1004) " fcode="bitconcatenate"/>
<opset="tmp/1 "/>
</bind>
</comp>

<comp id="334" class="1004" name="tmp11_fu_334">
<pin_list>
<pin id="335" dir="0" index="0" bw="13" slack="0"/>
<pin id="336" dir="1" index="1" bw="14" slack="0"/>
</pin_list>
<bind>
<opcode="sext(35) " fcode="sext"/>
<opset="tmp11/1 "/>
</bind>
</comp>

<comp id="338" class="1004" name="layer4_out_7_val_cast_fu_338">
<pin_list>
<pin id="339" dir="0" index="0" bw="8" slack="0"/>
<pin id="340" dir="1" index="1" bw="9" slack="0"/>
</pin_list>
<bind>
<opcode="zext(34) " fcode="zext"/>
<opset="layer4_out_7_val_cast/1 "/>
</bind>
</comp>

<comp id="342" class="1004" name="layer4_out_35_val_cast_fu_342">
<pin_list>
<pin id="343" dir="0" index="0" bw="8" slack="0"/>
<pin id="344" dir="1" index="1" bw="9" slack="0"/>
</pin_list>
<bind>
<opcode="zext(34) " fcode="zext"/>
<opset="layer4_out_35_val_cast/1 "/>
</bind>
</comp>

<comp id="346" class="1004" name="tmp126_fu_346">
<pin_list>
<pin id="347" dir="0" index="0" bw="8" slack="0"/>
<pin id="348" dir="0" index="1" bw="8" slack="0"/>
<pin id="349" dir="1" index="2" bw="9" slack="0"/>
</pin_list>
<bind>
<opcode="add(8) " fcode="add"/>
<opset="tmp126/1 "/>
</bind>
</comp>

<comp id="352" class="1004" name="tmp1_fu_352">
<pin_list>
<pin id="353" dir="0" index="0" bw="11" slack="0"/>
<pin id="354" dir="0" index="1" bw="9" slack="0"/>
<pin id="355" dir="0" index="2" bw="1" slack="0"/>
<pin id="356" dir="1" index="3" bw="11" slack="0"/>
</pin_list>
<bind>
<opcode="bitconcatenate(1004) " fcode="bitconcatenate"/>
<opset="tmp1/1 "/>
</bind>
</comp>

<comp id="360" class="1004" name="zext_ln58_13_fu_360">
<pin_list>
<pin id="361" dir="0" index="0" bw="11" slack="0"/>
<pin id="362" dir="1" index="1" bw="12" slack="0"/>
</pin_list>
<bind>
<opcode="zext(34) " fcode="zext"/>
<opset="zext_ln58_13/1 "/>
</bind>
</comp>

<comp id="364" class="1004" name="add_ln58_23_fu_364">
<pin_list>
<pin id="365" dir="0" index="0" bw="11" slack="0"/>
<pin id="366" dir="0" index="1" bw="10" slack="0"/>
<pin id="367" dir="1" index="2" bw="12" slack="0"/>
</pin_list>
<bind>
<opcode="add(8) " fcode="add"/>
<opset="add_ln58_23/1 "/>
</bind>
</comp>

<comp id="370" class="1004" name="zext_ln58_14_fu_370">
<pin_list>
<pin id="371" dir="0" index="0" bw="12" slack="0"/>
<pin id="372" dir="1" index="1" bw="14" slack="0"/>
</pin_list>
<bind>
<opcode="zext(34) " fcode="zext"/>
<opset="zext_ln58_14/1 "/>
</bind>
</comp>

<comp id="374" class="1004" name="add_ln58_24_fu_374">
<pin_list>
<pin id="375" dir="0" index="0" bw="8" slack="0"/>
<pin id="376" dir="0" index="1" bw="6" slack="0"/>
<pin id="377" dir="1" index="2" bw="9" slack="0"/>
</pin_list>
<bind>
<opcode="add(8) " fcode="add"/>
<opset="add_ln58_24/1 "/>
</bind>
</comp>

<comp id="380" class="1004" name="zext_ln58_15_fu_380">
<pin_list>
<pin id="381" dir="0" index="0" bw="9" slack="0"/>
<pin id="382" dir="1" index="1" bw="14" slack="0"/>
</pin_list>
<bind>
<opcode="zext(34) " fcode="zext"/>
<opset="zext_ln58_15/1 "/>
</bind>
</comp>

<comp id="384" class="1004" name="add_ln58_25_fu_384">
<pin_list>
<pin id="385" dir="0" index="0" bw="9" slack="0"/>
<pin id="386" dir="0" index="1" bw="13" slack="0"/>
<pin id="387" dir="1" index="2" bw="14" slack="0"/>
</pin_list>
<bind>
<opcode="add(8) " fcode="add"/>
<opset="add_ln58_25/1 "/>
</bind>
</comp>

<comp id="390" class="1004" name="x_9_fu_390">
<pin_list>
<pin id="391" dir="0" index="0" bw="14" slack="0"/>
<pin id="392" dir="0" index="1" bw="12" slack="0"/>
<pin id="393" dir="1" index="2" bw="14" slack="0"/>
</pin_list>
<bind>
<opcode="add(8) " fcode="add"/>
<opset="x_9/1 "/>
</bind>
</comp>

<comp id="396" class="1004" name="add_ln58_27_fu_396">
<pin_list>
<pin id="397" dir="0" index="0" bw="10" slack="0"/>
<pin id="398" dir="0" index="1" bw="10" slack="0"/>
<pin id="399" dir="1" index="2" bw="11" slack="0"/>
</pin_list>
<bind>
<opcode="add(8) " fcode="add"/>
<opset="add_ln58_27/1 "/>
</bind>
</comp>

<comp id="402" class="1004" name="zext_ln58_16_fu_402">
<pin_list>
<pin id="403" dir="0" index="0" bw="11" slack="0"/>
<pin id="404" dir="1" index="1" bw="13" slack="0"/>
</pin_list>
<bind>
<opcode="zext(34) " fcode="zext"/>
<opset="zext_ln58_16/1 "/>
</bind>
</comp>

<comp id="406" class="1004" name="add_ln58_28_fu_406">
<pin_list>
<pin id="407" dir="0" index="0" bw="11" slack="0"/>
<pin id="408" dir="0" index="1" bw="4" slack="0"/>
<pin id="409" dir="1" index="2" bw="12" slack="0"/>
</pin_list>
<bind>
<opcode="add(8) " fcode="add"/>
<opset="add_ln58_28/1 "/>
</bind>
</comp>

<comp id="412" class="1004" name="sext_ln58_fu_412">
<pin_list>
<pin id="413" dir="0" index="0" bw="12" slack="0"/>
<pin id="414" dir="1" index="1" bw="13" slack="0"/>
</pin_list>
<bind>
<opcode="sext(35) " fcode="sext"/>
<opset="sext_ln58/1 "/>
</bind>
</comp>

<comp id="416" class="1004" name="add_ln58_29_fu_416">
<pin_list>
<pin id="417" dir="0" index="0" bw="12" slack="0"/>
<pin id="418" dir="0" index="1" bw="11" slack="0"/>
<pin id="419" dir="1" index="2" bw="13" slack="0"/>
</pin_list>
<bind>
<opcode="add(8) " fcode="add"/>
<opset="add_ln58_29/1 "/>
</bind>
</comp>

<comp id="422" class="1004" name="tmp14_fu_422">
<pin_list>
<pin id="423" dir="0" index="0" bw="8" slack="0"/>
<pin id="424" dir="0" index="1" bw="8" slack="0"/>
<pin id="425" dir="1" index="2" bw="9" slack="0"/>
</pin_list>
<bind>
<opcode="add(8) " fcode="add"/>
<opset="tmp14/1 "/>
</bind>
</comp>

<comp id="428" class="1004" name="tmp_17_fu_428">
<pin_list>
<pin id="429" dir="0" index="0" bw="13" slack="0"/>
<pin id="430" dir="0" index="1" bw="9" slack="0"/>
<pin id="431" dir="0" index="2" bw="1" slack="0"/>
<pin id="432" dir="1" index="3" bw="13" slack="0"/>
</pin_list>
<bind>
<opcode="bitconcatenate(1004) " fcode="bitconcatenate"/>
<opset="tmp_17/1 "/>
</bind>
</comp>

<comp id="436" class="1004" name="p_shl_fu_436">
<pin_list>
<pin id="437" dir="0" index="0" bw="13" slack="0"/>
<pin id="438" dir="1" index="1" bw="14" slack="0"/>
</pin_list>
<bind>
<opcode="zext(34) " fcode="zext"/>
<opset="p_shl/1 "/>
</bind>
</comp>

<comp id="440" class="1004" name="add_ln58_30_fu_440">
<pin_list>
<pin id="441" dir="0" index="0" bw="9" slack="0"/>
<pin id="442" dir="0" index="1" bw="11" slack="0"/>
<pin id="443" dir="1" index="2" bw="12" slack="0"/>
</pin_list>
<bind>
<opcode="add(8) " fcode="add"/>
<opset="add_ln58_30/1 "/>
</bind>
</comp>

<comp id="446" class="1004" name="zext_ln58_17_fu_446">
<pin_list>
<pin id="447" dir="0" index="0" bw="12" slack="0"/>
<pin id="448" dir="1" index="1" bw="14" slack="0"/>
</pin_list>
<bind>
<opcode="zext(34) " fcode="zext"/>
<opset="zext_ln58_17/1 "/>
</bind>
</comp>

<comp id="450" class="1004" name="sub_ln58_1_fu_450">
<pin_list>
<pin id="451" dir="0" index="0" bw="7" slack="0"/>
<pin id="452" dir="0" index="1" bw="13" slack="0"/>
<pin id="453" dir="1" index="2" bw="14" slack="0"/>
</pin_list>
<bind>
<opcode="sub(10) " fcode="sub"/>
<opset="sub_ln58_1/1 "/>
</bind>
</comp>

<comp id="456" class="1004" name="x_7_fu_456">
<pin_list>
<pin id="457" dir="0" index="0" bw="14" slack="0"/>
<pin id="458" dir="0" index="1" bw="12" slack="0"/>
<pin id="459" dir="1" index="2" bw="14" slack="0"/>
</pin_list>
<bind>
<opcode="add(8) " fcode="add"/>
<opset="x_7/1 "/>
</bind>
</comp>

<comp id="462" class="1004" name="x_8_fu_462">
<pin_list>
<pin id="463" dir="0" index="0" bw="13" slack="0"/>
<pin id="464" dir="0" index="1" bw="8" slack="0"/>
<pin id="465" dir="1" index="2" bw="13" slack="0"/>
</pin_list>
<bind>
<opcode="sub(10) " fcode="sub"/>
<opset="x_8/1 "/>
</bind>
</comp>

<comp id="468" class="1004" name="lshr_ln_fu_468">
<pin_list>
<pin id="469" dir="0" index="0" bw="11" slack="0"/>
<pin id="470" dir="0" index="1" bw="12" slack="0"/>
<pin id="471" dir="0" index="2" bw="1" slack="0"/>
<pin id="472" dir="0" index="3" bw="5" slack="0"/>
<pin id="473" dir="1" index="4" bw="11" slack="0"/>
</pin_list>
<bind>
<opcode="partselect(1002) " fcode="partselect"/>
<opset="lshr_ln/1 "/>
</bind>
</comp>

<comp id="478" class="1004" name="zext_ln110_fu_478">
<pin_list>
<pin id="479" dir="0" index="0" bw="11" slack="0"/>
<pin id="480" dir="1" index="1" bw="13" slack="0"/>
</pin_list>
<bind>
<opcode="zext(34) " fcode="zext"/>
<opset="zext_ln110/1 "/>
</bind>
</comp>

<comp id="482" class="1004" name="trunc_ln_fu_482">
<pin_list>
<pin id="483" dir="0" index="0" bw="12" slack="0"/>
<pin id="484" dir="0" index="1" bw="13" slack="0"/>
<pin id="485" dir="0" index="2" bw="1" slack="0"/>
<pin id="486" dir="0" index="3" bw="5" slack="0"/>
<pin id="487" dir="1" index="4" bw="12" slack="0"/>
</pin_list>
<bind>
<opcode="partselect(1002) " fcode="partselect"/>
<opset="trunc_ln/1 "/>
</bind>
</comp>

<comp id="492" class="1004" name="sext_ln111_fu_492">
<pin_list>
<pin id="493" dir="0" index="0" bw="12" slack="0"/>
<pin id="494" dir="1" index="1" bw="13" slack="0"/>
</pin_list>
<bind>
<opcode="sext(35) " fcode="sext"/>
<opset="sext_ln111/1 "/>
</bind>
</comp>

<comp id="496" class="1004" name="trunc_ln111_6_fu_496">
<pin_list>
<pin id="497" dir="0" index="0" bw="13" slack="0"/>
<pin id="498" dir="0" index="1" bw="14" slack="0"/>
<pin id="499" dir="0" index="2" bw="1" slack="0"/>
<pin id="500" dir="0" index="3" bw="5" slack="0"/>
<pin id="501" dir="1" index="4" bw="13" slack="0"/>
</pin_list>
<bind>
<opcode="partselect(1002) " fcode="partselect"/>
<opset="trunc_ln111_6/1 "/>
</bind>
</comp>

<comp id="506" class="1004" name="trunc_ln111_7_fu_506">
<pin_list>
<pin id="507" dir="0" index="0" bw="12" slack="0"/>
<pin id="508" dir="0" index="1" bw="13" slack="0"/>
<pin id="509" dir="0" index="2" bw="1" slack="0"/>
<pin id="510" dir="0" index="3" bw="5" slack="0"/>
<pin id="511" dir="1" index="4" bw="12" slack="0"/>
</pin_list>
<bind>
<opcode="partselect(1002) " fcode="partselect"/>
<opset="trunc_ln111_7/1 "/>
</bind>
</comp>

<comp id="516" class="1004" name="sext_ln111_5_fu_516">
<pin_list>
<pin id="517" dir="0" index="0" bw="12" slack="0"/>
<pin id="518" dir="1" index="1" bw="13" slack="0"/>
</pin_list>
<bind>
<opcode="sext(35) " fcode="sext"/>
<opset="sext_ln111_5/1 "/>
</bind>
</comp>

<comp id="520" class="1004" name="add_ln111_fu_520">
<pin_list>
<pin id="521" dir="0" index="0" bw="11" slack="0"/>
<pin id="522" dir="0" index="1" bw="7" slack="0"/>
<pin id="523" dir="1" index="2" bw="12" slack="0"/>
</pin_list>
<bind>
<opcode="add(8) " fcode="add"/>
<opset="add_ln111/1 "/>
</bind>
</comp>

<comp id="526" class="1004" name="lshr_ln111_9_fu_526">
<pin_list>
<pin id="527" dir="0" index="0" bw="11" slack="0"/>
<pin id="528" dir="0" index="1" bw="12" slack="0"/>
<pin id="529" dir="0" index="2" bw="1" slack="0"/>
<pin id="530" dir="0" index="3" bw="5" slack="0"/>
<pin id="531" dir="1" index="4" bw="11" slack="0"/>
</pin_list>
<bind>
<opcode="partselect(1002) " fcode="partselect"/>
<opset="lshr_ln111_9/1 "/>
</bind>
</comp>

<comp id="536" class="1004" name="zext_ln110_1_fu_536">
<pin_list>
<pin id="537" dir="0" index="0" bw="11" slack="0"/>
<pin id="538" dir="1" index="1" bw="13" slack="0"/>
</pin_list>
<bind>
<opcode="zext(34) " fcode="zext"/>
<opset="zext_ln110_1/1 "/>
</bind>
</comp>

<comp id="540" class="1004" name="trunc_ln111_8_fu_540">
<pin_list>
<pin id="541" dir="0" index="0" bw="13" slack="0"/>
<pin id="542" dir="0" index="1" bw="14" slack="0"/>
<pin id="543" dir="0" index="2" bw="1" slack="0"/>
<pin id="544" dir="0" index="3" bw="5" slack="0"/>
<pin id="545" dir="1" index="4" bw="13" slack="0"/>
</pin_list>
<bind>
<opcode="partselect(1002) " fcode="partselect"/>
<opset="trunc_ln111_8/1 "/>
</bind>
</comp>

<comp id="550" class="1004" name="mrv_fu_550">
<pin_list>
<pin id="551" dir="0" index="0" bw="78" slack="0"/>
<pin id="552" dir="0" index="1" bw="11" slack="0"/>
<pin id="553" dir="1" index="2" bw="78" slack="0"/>
</pin_list>
<bind>
<opcode="insertvalue(57) " fcode="insertvalue"/>
<opset="mrv/1 "/>
</bind>
</comp>

<comp id="556" class="1004" name="mrv_1_fu_556">
<pin_list>
<pin id="557" dir="0" index="0" bw="78" slack="0"/>
<pin id="558" dir="0" index="1" bw="12" slack="0"/>
<pin id="559" dir="1" index="2" bw="78" slack="0"/>
</pin_list>
<bind>
<opcode="insertvalue(57) " fcode="insertvalue"/>
<opset="mrv_1/1 "/>
</bind>
</comp>

<comp id="562" class="1004" name="mrv_2_fu_562">
<pin_list>
<pin id="563" dir="0" index="0" bw="78" slack="0"/>
<pin id="564" dir="0" index="1" bw="13" slack="0"/>
<pin id="565" dir="1" index="2" bw="78" slack="0"/>
</pin_list>
<bind>
<opcode="insertvalue(57) " fcode="insertvalue"/>
<opset="mrv_2/1 "/>
</bind>
</comp>

<comp id="568" class="1004" name="mrv_3_fu_568">
<pin_list>
<pin id="569" dir="0" index="0" bw="78" slack="0"/>
<pin id="570" dir="0" index="1" bw="12" slack="0"/>
<pin id="571" dir="1" index="2" bw="78" slack="0"/>
</pin_list>
<bind>
<opcode="insertvalue(57) " fcode="insertvalue"/>
<opset="mrv_3/1 "/>
</bind>
</comp>

<comp id="574" class="1004" name="mrv_4_fu_574">
<pin_list>
<pin id="575" dir="0" index="0" bw="78" slack="0"/>
<pin id="576" dir="0" index="1" bw="11" slack="0"/>
<pin id="577" dir="1" index="2" bw="78" slack="0"/>
</pin_list>
<bind>
<opcode="insertvalue(57) " fcode="insertvalue"/>
<opset="mrv_4/1 "/>
</bind>
</comp>

<comp id="580" class="1004" name="mrv_5_fu_580">
<pin_list>
<pin id="581" dir="0" index="0" bw="78" slack="0"/>
<pin id="582" dir="0" index="1" bw="13" slack="0"/>
<pin id="583" dir="1" index="2" bw="78" slack="2147483647"/>
</pin_list>
<bind>
<opcode="insertvalue(57) " fcode="insertvalue"/>
<opset="mrv_5/1 "/>
</bind>
</comp>

</comp_list>

<net_list>
<net id="92"><net_src comp="38" pin="0"/><net_sink comp="88" pin=0"/></net>

<net id="93"><net_src comp="20" pin="0"/><net_sink comp="88" pin=1"/></net>

<net id="98"><net_src comp="38" pin="0"/><net_sink comp="94" pin=0"/></net>

<net id="99"><net_src comp="18" pin="0"/><net_sink comp="94" pin=1"/></net>

<net id="104"><net_src comp="38" pin="0"/><net_sink comp="100" pin=0"/></net>

<net id="105"><net_src comp="16" pin="0"/><net_sink comp="100" pin=1"/></net>

<net id="110"><net_src comp="38" pin="0"/><net_sink comp="106" pin=0"/></net>

<net id="111"><net_src comp="14" pin="0"/><net_sink comp="106" pin=1"/></net>

<net id="116"><net_src comp="38" pin="0"/><net_sink comp="112" pin=0"/></net>

<net id="117"><net_src comp="12" pin="0"/><net_sink comp="112" pin=1"/></net>

<net id="122"><net_src comp="38" pin="0"/><net_sink comp="118" pin=0"/></net>

<net id="123"><net_src comp="10" pin="0"/><net_sink comp="118" pin=1"/></net>

<net id="128"><net_src comp="38" pin="0"/><net_sink comp="124" pin=0"/></net>

<net id="129"><net_src comp="8" pin="0"/><net_sink comp="124" pin=1"/></net>

<net id="134"><net_src comp="38" pin="0"/><net_sink comp="130" pin=0"/></net>

<net id="135"><net_src comp="6" pin="0"/><net_sink comp="130" pin=1"/></net>

<net id="140"><net_src comp="38" pin="0"/><net_sink comp="136" pin=0"/></net>

<net id="141"><net_src comp="4" pin="0"/><net_sink comp="136" pin=1"/></net>

<net id="146"><net_src comp="38" pin="0"/><net_sink comp="142" pin=0"/></net>

<net id="147"><net_src comp="2" pin="0"/><net_sink comp="142" pin=1"/></net>

<net id="152"><net_src comp="38" pin="0"/><net_sink comp="148" pin=0"/></net>

<net id="153"><net_src comp="0" pin="0"/><net_sink comp="148" pin=1"/></net>

<net id="159"><net_src comp="40" pin="0"/><net_sink comp="154" pin=0"/></net>

<net id="160"><net_src comp="136" pin="2"/><net_sink comp="154" pin=1"/></net>

<net id="161"><net_src comp="42" pin="0"/><net_sink comp="154" pin=2"/></net>

<net id="167"><net_src comp="44" pin="0"/><net_sink comp="162" pin=0"/></net>

<net id="168"><net_src comp="136" pin="2"/><net_sink comp="162" pin=1"/></net>

<net id="169"><net_src comp="46" pin="0"/><net_sink comp="162" pin=2"/></net>

<net id="173"><net_src comp="162" pin="3"/><net_sink comp="170" pin=0"/></net>

<net id="178"><net_src comp="154" pin="3"/><net_sink comp="174" pin=0"/></net>

<net id="179"><net_src comp="170" pin="1"/><net_sink comp="174" pin=1"/></net>

<net id="183"><net_src comp="124" pin="2"/><net_sink comp="180" pin=0"/></net>

<net id="189"><net_src comp="40" pin="0"/><net_sink comp="184" pin=0"/></net>

<net id="190"><net_src comp="124" pin="2"/><net_sink comp="184" pin=1"/></net>

<net id="191"><net_src comp="42" pin="0"/><net_sink comp="184" pin=2"/></net>

<net id="195"><net_src comp="184" pin="3"/><net_sink comp="192" pin=0"/></net>

<net id="201"><net_src comp="48" pin="0"/><net_sink comp="196" pin=0"/></net>

<net id="202"><net_src comp="124" pin="2"/><net_sink comp="196" pin=1"/></net>

<net id="203"><net_src comp="50" pin="0"/><net_sink comp="196" pin=2"/></net>

<net id="207"><net_src comp="196" pin="3"/><net_sink comp="204" pin=0"/></net>

<net id="213"><net_src comp="48" pin="0"/><net_sink comp="208" pin=0"/></net>

<net id="214"><net_src comp="118" pin="2"/><net_sink comp="208" pin=1"/></net>

<net id="215"><net_src comp="50" pin="0"/><net_sink comp="208" pin=2"/></net>

<net id="219"><net_src comp="208" pin="3"/><net_sink comp="216" pin=0"/></net>

<net id="223"><net_src comp="208" pin="3"/><net_sink comp="220" pin=0"/></net>

<net id="227"><net_src comp="112" pin="2"/><net_sink comp="224" pin=0"/></net>

<net id="233"><net_src comp="44" pin="0"/><net_sink comp="228" pin=0"/></net>

<net id="234"><net_src comp="112" pin="2"/><net_sink comp="228" pin=1"/></net>

<net id="235"><net_src comp="46" pin="0"/><net_sink comp="228" pin=2"/></net>

<net id="239"><net_src comp="228" pin="3"/><net_sink comp="236" pin=0"/></net>

<net id="243"><net_src comp="106" pin="2"/><net_sink comp="240" pin=0"/></net>

<net id="249"><net_src comp="52" pin="0"/><net_sink comp="244" pin=0"/></net>

<net id="250"><net_src comp="106" pin="2"/><net_sink comp="244" pin=1"/></net>

<net id="251"><net_src comp="54" pin="0"/><net_sink comp="244" pin=2"/></net>

<net id="255"><net_src comp="244" pin="3"/><net_sink comp="252" pin=0"/></net>

<net id="261"><net_src comp="52" pin="0"/><net_sink comp="256" pin=0"/></net>

<net id="262"><net_src comp="100" pin="2"/><net_sink comp="256" pin=1"/></net>

<net id="263"><net_src comp="54" pin="0"/><net_sink comp="256" pin=2"/></net>

<net id="267"><net_src comp="256" pin="3"/><net_sink comp="264" pin=0"/></net>

<net id="271"><net_src comp="94" pin="2"/><net_sink comp="268" pin=0"/></net>

<net id="275"><net_src comp="88" pin="2"/><net_sink comp="272" pin=0"/></net>

<net id="279"><net_src comp="88" pin="2"/><net_sink comp="276" pin=0"/></net>

<net id="284"><net_src comp="56" pin="0"/><net_sink comp="280" pin=0"/></net>

<net id="285"><net_src comp="192" pin="1"/><net_sink comp="280" pin=1"/></net>

<net id="290"><net_src comp="240" pin="1"/><net_sink comp="286" pin=0"/></net>

<net id="291"><net_src comp="58" pin="0"/><net_sink comp="286" pin=1"/></net>

<net id="295"><net_src comp="286" pin="2"/><net_sink comp="292" pin=0"/></net>

<net id="300"><net_src comp="292" pin="1"/><net_sink comp="296" pin=0"/></net>

<net id="301"><net_src comp="174" pin="2"/><net_sink comp="296" pin=1"/></net>

<net id="305"><net_src comp="148" pin="2"/><net_sink comp="302" pin=0"/></net>

<net id="310"><net_src comp="302" pin="1"/><net_sink comp="306" pin=0"/></net>

<net id="311"><net_src comp="224" pin="1"/><net_sink comp="306" pin=1"/></net>

<net id="315"><net_src comp="306" pin="2"/><net_sink comp="312" pin=0"/></net>

<net id="319"><net_src comp="106" pin="2"/><net_sink comp="316" pin=0"/></net>

<net id="324"><net_src comp="312" pin="1"/><net_sink comp="320" pin=0"/></net>

<net id="325"><net_src comp="316" pin="1"/><net_sink comp="320" pin=1"/></net>

<net id="331"><net_src comp="60" pin="0"/><net_sink comp="326" pin=0"/></net>

<net id="332"><net_src comp="320" pin="2"/><net_sink comp="326" pin=1"/></net>

<net id="333"><net_src comp="54" pin="0"/><net_sink comp="326" pin=2"/></net>

<net id="337"><net_src comp="326" pin="3"/><net_sink comp="334" pin=0"/></net>

<net id="341"><net_src comp="142" pin="2"/><net_sink comp="338" pin=0"/></net>

<net id="345"><net_src comp="130" pin="2"/><net_sink comp="342" pin=0"/></net>

<net id="350"><net_src comp="342" pin="1"/><net_sink comp="346" pin=0"/></net>

<net id="351"><net_src comp="338" pin="1"/><net_sink comp="346" pin=1"/></net>

<net id="357"><net_src comp="62" pin="0"/><net_sink comp="352" pin=0"/></net>

<net id="358"><net_src comp="346" pin="2"/><net_sink comp="352" pin=1"/></net>

<net id="359"><net_src comp="50" pin="0"/><net_sink comp="352" pin=2"/></net>

<net id="363"><net_src comp="352" pin="3"/><net_sink comp="360" pin=0"/></net>

<net id="368"><net_src comp="360" pin="1"/><net_sink comp="364" pin=0"/></net>

<net id="369"><net_src comp="220" pin="1"/><net_sink comp="364" pin=1"/></net>

<net id="373"><net_src comp="364" pin="2"/><net_sink comp="370" pin=0"/></net>

<net id="378"><net_src comp="180" pin="1"/><net_sink comp="374" pin=0"/></net>

<net id="379"><net_src comp="64" pin="0"/><net_sink comp="374" pin=1"/></net>

<net id="383"><net_src comp="374" pin="2"/><net_sink comp="380" pin=0"/></net>

<net id="388"><net_src comp="380" pin="1"/><net_sink comp="384" pin=0"/></net>

<net id="389"><net_src comp="334" pin="1"/><net_sink comp="384" pin=1"/></net>

<net id="394"><net_src comp="384" pin="2"/><net_sink comp="390" pin=0"/></net>

<net id="395"><net_src comp="370" pin="1"/><net_sink comp="390" pin=1"/></net>

<net id="400"><net_src comp="204" pin="1"/><net_sink comp="396" pin=0"/></net>

<net id="401"><net_src comp="216" pin="1"/><net_sink comp="396" pin=1"/></net>

<net id="405"><net_src comp="396" pin="2"/><net_sink comp="402" pin=0"/></net>

<net id="410"><net_src comp="264" pin="1"/><net_sink comp="406" pin=0"/></net>

<net id="411"><net_src comp="66" pin="0"/><net_sink comp="406" pin=1"/></net>

<net id="415"><net_src comp="406" pin="2"/><net_sink comp="412" pin=0"/></net>

<net id="420"><net_src comp="412" pin="1"/><net_sink comp="416" pin=0"/></net>

<net id="421"><net_src comp="402" pin="1"/><net_sink comp="416" pin=1"/></net>

<net id="426"><net_src comp="276" pin="1"/><net_sink comp="422" pin=0"/></net>

<net id="427"><net_src comp="268" pin="1"/><net_sink comp="422" pin=1"/></net>

<net id="433"><net_src comp="68" pin="0"/><net_sink comp="428" pin=0"/></net>

<net id="434"><net_src comp="422" pin="2"/><net_sink comp="428" pin=1"/></net>

<net id="435"><net_src comp="42" pin="0"/><net_sink comp="428" pin=2"/></net>

<net id="439"><net_src comp="428" pin="3"/><net_sink comp="436" pin=0"/></net>

<net id="444"><net_src comp="236" pin="1"/><net_sink comp="440" pin=0"/></net>

<net id="445"><net_src comp="252" pin="1"/><net_sink comp="440" pin=1"/></net>

<net id="449"><net_src comp="440" pin="2"/><net_sink comp="446" pin=0"/></net>

<net id="454"><net_src comp="70" pin="0"/><net_sink comp="450" pin=0"/></net>

<net id="455"><net_src comp="436" pin="1"/><net_sink comp="450" pin=1"/></net>

<net id="460"><net_src comp="450" pin="2"/><net_sink comp="456" pin=0"/></net>

<net id="461"><net_src comp="446" pin="1"/><net_sink comp="456" pin=1"/></net>

<net id="466"><net_src comp="416" pin="2"/><net_sink comp="462" pin=0"/></net>

<net id="467"><net_src comp="272" pin="1"/><net_sink comp="462" pin=1"/></net>

<net id="474"><net_src comp="72" pin="0"/><net_sink comp="468" pin=0"/></net>

<net id="475"><net_src comp="296" pin="2"/><net_sink comp="468" pin=1"/></net>

<net id="476"><net_src comp="24" pin="0"/><net_sink comp="468" pin=2"/></net>

<net id="477"><net_src comp="74" pin="0"/><net_sink comp="468" pin=3"/></net>

<net id="481"><net_src comp="468" pin="4"/><net_sink comp="478" pin=0"/></net>

<net id="488"><net_src comp="76" pin="0"/><net_sink comp="482" pin=0"/></net>

<net id="489"><net_src comp="280" pin="2"/><net_sink comp="482" pin=1"/></net>

<net id="490"><net_src comp="24" pin="0"/><net_sink comp="482" pin=2"/></net>

<net id="491"><net_src comp="78" pin="0"/><net_sink comp="482" pin=3"/></net>

<net id="495"><net_src comp="482" pin="4"/><net_sink comp="492" pin=0"/></net>

<net id="502"><net_src comp="80" pin="0"/><net_sink comp="496" pin=0"/></net>

<net id="503"><net_src comp="456" pin="2"/><net_sink comp="496" pin=1"/></net>

<net id="504"><net_src comp="24" pin="0"/><net_sink comp="496" pin=2"/></net>

<net id="505"><net_src comp="82" pin="0"/><net_sink comp="496" pin=3"/></net>

<net id="512"><net_src comp="76" pin="0"/><net_sink comp="506" pin=0"/></net>

<net id="513"><net_src comp="462" pin="2"/><net_sink comp="506" pin=1"/></net>

<net id="514"><net_src comp="24" pin="0"/><net_sink comp="506" pin=2"/></net>

<net id="515"><net_src comp="78" pin="0"/><net_sink comp="506" pin=3"/></net>

<net id="519"><net_src comp="506" pin="4"/><net_sink comp="516" pin=0"/></net>

<net id="524"><net_src comp="252" pin="1"/><net_sink comp="520" pin=0"/></net>

<net id="525"><net_src comp="84" pin="0"/><net_sink comp="520" pin=1"/></net>

<net id="532"><net_src comp="72" pin="0"/><net_sink comp="526" pin=0"/></net>

<net id="533"><net_src comp="520" pin="2"/><net_sink comp="526" pin=1"/></net>

<net id="534"><net_src comp="24" pin="0"/><net_sink comp="526" pin=2"/></net>

<net id="535"><net_src comp="74" pin="0"/><net_sink comp="526" pin=3"/></net>

<net id="539"><net_src comp="526" pin="4"/><net_sink comp="536" pin=0"/></net>

<net id="546"><net_src comp="80" pin="0"/><net_sink comp="540" pin=0"/></net>

<net id="547"><net_src comp="390" pin="2"/><net_sink comp="540" pin=1"/></net>

<net id="548"><net_src comp="24" pin="0"/><net_sink comp="540" pin=2"/></net>

<net id="549"><net_src comp="82" pin="0"/><net_sink comp="540" pin=3"/></net>

<net id="554"><net_src comp="86" pin="0"/><net_sink comp="550" pin=0"/></net>

<net id="555"><net_src comp="478" pin="1"/><net_sink comp="550" pin=1"/></net>

<net id="560"><net_src comp="550" pin="2"/><net_sink comp="556" pin=0"/></net>

<net id="561"><net_src comp="492" pin="1"/><net_sink comp="556" pin=1"/></net>

<net id="566"><net_src comp="556" pin="2"/><net_sink comp="562" pin=0"/></net>

<net id="567"><net_src comp="496" pin="4"/><net_sink comp="562" pin=1"/></net>

<net id="572"><net_src comp="562" pin="2"/><net_sink comp="568" pin=0"/></net>

<net id="573"><net_src comp="516" pin="1"/><net_sink comp="568" pin=1"/></net>

<net id="578"><net_src comp="568" pin="2"/><net_sink comp="574" pin=0"/></net>

<net id="579"><net_src comp="536" pin="1"/><net_sink comp="574" pin=1"/></net>

<net id="584"><net_src comp="574" pin="2"/><net_sink comp="580" pin=0"/></net>

<net id="585"><net_src comp="540" pin="4"/><net_sink comp="580" pin=1"/></net>

</net_list>

</model> 
---------------- Datapath Model END ------------------

* FSMD analyzer results:
  - Output states:
 - Input state : 
	Port: dense_latency<ap_ufixed<8, 6, 0, 3, 0>, ap_fixed<13, 10, 5, 3, 0>, config6> : layer4_out_1_val | {1 }
	Port: dense_latency<ap_ufixed<8, 6, 0, 3, 0>, ap_fixed<13, 10, 5, 3, 0>, config6> : layer4_out_7_val | {1 }
	Port: dense_latency<ap_ufixed<8, 6, 0, 3, 0>, ap_fixed<13, 10, 5, 3, 0>, config6> : layer4_out_16_val | {1 }
	Port: dense_latency<ap_ufixed<8, 6, 0, 3, 0>, ap_fixed<13, 10, 5, 3, 0>, config6> : layer4_out_35_val | {1 }
	Port: dense_latency<ap_ufixed<8, 6, 0, 3, 0>, ap_fixed<13, 10, 5, 3, 0>, config6> : layer4_out_40_val | {1 }
	Port: dense_latency<ap_ufixed<8, 6, 0, 3, 0>, ap_fixed<13, 10, 5, 3, 0>, config6> : layer4_out_42_val | {1 }
	Port: dense_latency<ap_ufixed<8, 6, 0, 3, 0>, ap_fixed<13, 10, 5, 3, 0>, config6> : layer4_out_44_val | {1 }
	Port: dense_latency<ap_ufixed<8, 6, 0, 3, 0>, ap_fixed<13, 10, 5, 3, 0>, config6> : layer4_out_47_val | {1 }
	Port: dense_latency<ap_ufixed<8, 6, 0, 3, 0>, ap_fixed<13, 10, 5, 3, 0>, config6> : layer4_out_48_val | {1 }
	Port: dense_latency<ap_ufixed<8, 6, 0, 3, 0>, ap_fixed<13, 10, 5, 3, 0>, config6> : layer4_out_51_val | {1 }
	Port: dense_latency<ap_ufixed<8, 6, 0, 3, 0>, ap_fixed<13, 10, 5, 3, 0>, config6> : layer4_out_54_val | {1 }
  - Chain level:
	State 1
		zext_ln73_19 : 1
		mult : 2
		zext_ln73_20 : 1
		zext_ln17 : 1
		zext_ln17_7 : 1
		zext_ln17_8 : 1
		zext_ln17_9 : 1
		zext_ln17_10 : 1
		zext_ln17_11 : 1
		x_6 : 2
		add_ln58 : 1
		zext_ln58_12 : 2
		x : 3
		empty : 1
		p_cast : 2
		tmp108 : 3
		tmp : 4
		tmp11 : 5
		tmp126 : 1
		tmp1 : 2
		zext_ln58_13 : 3
		add_ln58_23 : 4
		zext_ln58_14 : 5
		add_ln58_24 : 1
		zext_ln58_15 : 2
		add_ln58_25 : 6
		x_9 : 7
		add_ln58_27 : 2
		zext_ln58_16 : 3
		add_ln58_28 : 2
		sext_ln58 : 3
		add_ln58_29 : 4
		tmp14 : 1
		tmp_17 : 2
		p_shl : 3
		add_ln58_30 : 2
		zext_ln58_17 : 3
		sub_ln58_1 : 4
		x_7 : 5
		x_8 : 5
		lshr_ln : 4
		zext_ln110 : 5
		trunc_ln : 3
		sext_ln111 : 4
		trunc_ln111_6 : 6
		trunc_ln111_7 : 6
		sext_ln111_5 : 7
		add_ln111 : 2
		lshr_ln111_9 : 3
		zext_ln110_1 : 4
		trunc_ln111_8 : 8
		mrv : 6
		mrv_1 : 7
		mrv_2 : 8
		mrv_3 : 9
		mrv_4 : 10
		mrv_5 : 11
		ret_ln110 : 12


============================================================
+ Verbose Summary: Datapath Resource usage 
============================================================

* Functional unit list:
|----------|------------------------------------|---------|---------|
| Operation|           Functional Unit          |    FF   |   LUT   |
|----------|------------------------------------|---------|---------|
|          |           add_ln58_fu_286          |    0    |    15   |
|          |              x_fu_296              |    0    |    17   |
|          |            tmp126_fu_346           |    0    |    15   |
|          |         add_ln58_23_fu_364         |    0    |    18   |
|          |         add_ln58_24_fu_374         |    0    |    15   |
|          |         add_ln58_25_fu_384         |    0    |    17   |
|    add   |             x_9_fu_390             |    0    |    16   |
|          |         add_ln58_27_fu_396         |    0    |    17   |
|          |         add_ln58_28_fu_406         |    0    |    18   |
|          |         add_ln58_29_fu_416         |    0    |    17   |
|          |            tmp14_fu_422            |    0    |    15   |
|          |         add_ln58_30_fu_440         |    0    |    18   |
|          |             x_7_fu_456             |    0    |    16   |
|          |          add_ln111_fu_520          |    0    |    18   |
|----------|------------------------------------|---------|---------|
|          |             mult_fu_174            |    0    |    17   |
|          |             x_6_fu_280             |    0    |    19   |
|    sub   |            empty_fu_306            |    0    |    15   |
|          |            tmp108_fu_320           |    0    |    16   |
|          |          sub_ln58_1_fu_450         |    0    |    17   |
|          |             x_8_fu_462             |    0    |    17   |
|----------|------------------------------------|---------|---------|
|          |  layer4_out_54_val_read_read_fu_88 |    0    |    0    |
|          |  layer4_out_51_val_read_read_fu_94 |    0    |    0    |
|          | layer4_out_48_val_read_read_fu_100 |    0    |    0    |
|          | layer4_out_47_val_read_read_fu_106 |    0    |    0    |
|          | layer4_out_44_val_read_read_fu_112 |    0    |    0    |
|   read   | layer4_out_42_val_read_read_fu_118 |    0    |    0    |
|          | layer4_out_40_val_read_read_fu_124 |    0    |    0    |
|          | layer4_out_35_val_read_read_fu_130 |    0    |    0    |
|          | layer4_out_16_val_read_read_fu_136 |    0    |    0    |
|          |  layer4_out_7_val_read_read_fu_142 |    0    |    0    |
|          |  layer4_out_1_val_read_read_fu_148 |    0    |    0    |
|----------|------------------------------------|---------|---------|
|          |            p_shl7_fu_154           |    0    |    0    |
|          |            tmp_15_fu_162           |    0    |    0    |
|          |            tmp_16_fu_184           |    0    |    0    |
|          |           mult_15_fu_196           |    0    |    0    |
|          |           mult_16_fu_208           |    0    |    0    |
|bitconcatenate|           mult_17_fu_228           |    0    |    0    |
|          |           mult_18_fu_244           |    0    |    0    |
|          |           mult_19_fu_256           |    0    |    0    |
|          |             tmp_fu_326             |    0    |    0    |
|          |             tmp1_fu_352            |    0    |    0    |
|          |            tmp_17_fu_428           |    0    |    0    |
|----------|------------------------------------|---------|---------|
|          |         zext_ln73_19_fu_170        |    0    |    0    |
|          |          zext_ln73_fu_180          |    0    |    0    |
|          |         zext_ln73_20_fu_192        |    0    |    0    |
|          |          zext_ln17_fu_204          |    0    |    0    |
|          |         zext_ln17_7_fu_216         |    0    |    0    |
|          |         zext_ln17_8_fu_220         |    0    |    0    |
|          |         zext_ln73_17_fu_224        |    0    |    0    |
|          |         zext_ln17_9_fu_236         |    0    |    0    |
|          |         zext_ln73_18_fu_240        |    0    |    0    |
|          |         zext_ln17_10_fu_252        |    0    |    0    |
|          |         zext_ln17_11_fu_264        |    0    |    0    |
|          |          zext_ln70_fu_268          |    0    |    0    |
|          |          zext_ln58_fu_272          |    0    |    0    |
|   zext   |         zext_ln58_11_fu_276        |    0    |    0    |
|          |         zext_ln58_12_fu_292        |    0    |    0    |
|          |    layer4_out_1_val_cast_fu_302    |    0    |    0    |
|          |   layer4_out_47_val_cast11_fu_316  |    0    |    0    |
|          |    layer4_out_7_val_cast_fu_338    |    0    |    0    |
|          |    layer4_out_35_val_cast_fu_342   |    0    |    0    |
|          |         zext_ln58_13_fu_360        |    0    |    0    |
|          |         zext_ln58_14_fu_370        |    0    |    0    |
|          |         zext_ln58_15_fu_380        |    0    |    0    |
|          |         zext_ln58_16_fu_402        |    0    |    0    |
|          |            p_shl_fu_436            |    0    |    0    |
|          |         zext_ln58_17_fu_446        |    0    |    0    |
|          |          zext_ln110_fu_478         |    0    |    0    |
|          |         zext_ln110_1_fu_536        |    0    |    0    |
|----------|------------------------------------|---------|---------|
|          |            p_cast_fu_312           |    0    |    0    |
|          |            tmp11_fu_334            |    0    |    0    |
|   sext   |          sext_ln58_fu_412          |    0    |    0    |
|          |          sext_ln111_fu_492         |    0    |    0    |
|          |         sext_ln111_5_fu_516        |    0    |    0    |
|----------|------------------------------------|---------|---------|
|          |           lshr_ln_fu_468           |    0    |    0    |
|          |           trunc_ln_fu_482          |    0    |    0    |
|partselect|        trunc_ln111_6_fu_496        |    0    |    0    |
|          |        trunc_ln111_7_fu_506        |    0    |    0    |
|          |         lshr_ln111_9_fu_526        |    0    |    0    |
|          |        trunc_ln111_8_fu_540        |    0    |    0    |
|----------|------------------------------------|---------|---------|
|          |             mrv_fu_550             |    0    |    0    |
|          |            mrv_1_fu_556            |    0    |    0    |
|insertvalue|            mrv_2_fu_562            |    0    |    0    |
|          |            mrv_3_fu_568            |    0    |    0    |
|          |            mrv_4_fu_574            |    0    |    0    |
|          |            mrv_5_fu_580            |    0    |    0    |
|----------|------------------------------------|---------|---------|
|   Total  |                                    |    0    |   333   |
|----------|------------------------------------|---------|---------|

Memories:
N/A

* Register list:
N/A

* Multiplexer (MUX) list: 
|--------|------|------|------|--------|
|  Comp  |  Pin | Size |  BW  | S x BW |
|--------|------|------|------|--------|
|  Total |      |      |      |    0   |
|--------|------|------|------|--------|



* Summary:
+-----------+--------+--------+
|           |   FF   |   LUT  |
+-----------+--------+--------+
|  Function |    0   |   333  |
|   Memory  |    -   |    -   |
|Multiplexer|    -   |    -   |
|  Register |    -   |    -   |
+-----------+--------+--------+
|   Total   |    0   |   333  |
+-----------+--------+--------+
