

================================================================
== Vitis HLS Report for 'relu_ap_fixed_12_9_5_3_0_ap_ufixed_8_6_0_3_0_relu_config4_s'
================================================================
* Date:           Thu May 14 16:52:33 2026

* Version:        2025.2 (Build 6295257 on Nov 14 2025)
* Project:        myproject_prj
* Solution:       solution1 (Vivado IP Flow Target)
* Product family: zynquplus
* Target device:  xck26-sfvc784-2LV-c


================================================================
== Performance Estimates
================================================================
+ Timing: 
    * Summary: 
    +--------+---------+----------+------------+
    |  Clock |  Target | Estimated| Uncertainty|
    +--------+---------+----------+------------+
    |ap_clk  |  5.00 ns|  1.202 ns|     1.35 ns|
    +--------+---------+----------+------------+

+ Latency: 
    * Summary: 
    +---------+---------+----------+----------+-----+-----+---------+
    |  Latency (cycles) |  Latency (absolute) |  Interval | Pipeline|
    |   min   |   max   |    min   |    max   | min | max |   Type  |
    +---------+---------+----------+----------+-----+-----+---------+
    |        0|        0|      0 ns|      0 ns|    1|    1|      yes|
    +---------+---------+----------+----------+-----+-----+---------+

    + Detail: 
        * Instance: 
        N/A

        * Loop: 
        N/A

============================================================
+ Verbose Summary: Synthesis Manager
============================================================
InlineROM: 1
ExposeGlobal: 0
============================================================
+ Verbose Summary: CDFG Model
============================================================
IsTopModel: 0
ResetActiveHigh: 1
IsCombinational: 0
IsDatapathOnly: 0
HasWiredReturn: 1
HasMFsm: 2
HasVarLatency: 0
IsPipeline: 1
IsRtlPipelined: 0
IsInstanceOverlapped: 0
IsDontTouch: 0
HasImplIP: 0
IsGatedGlobalClock: 0

+ Individual pipeline summary: 
  * Pipeline-0: initiation interval (II) = 1, depth = 1


============================================================
+ Verbose Summary: Schedule
============================================================
* Number of FSM states : 1
* Pipeline : 1
  Pipeline-0 : II = 1, D = 1, States = { 1 }
* Dataflow Pipeline: 0

* FSM state transitions: 
1 --> 

* FSM state operations: 

State 1 <SV = 0> <Delay = 1.20>
ST_1 : Operation 2 [1/1] (0.00ns)   --->   "%specpipeline_ln39 = specpipeline void @_ssdm_op_SpecPipeline, i32 4294967295, i32 0, i32 0, i32 0, i32 4294967295, void @empty_0" [firmware/nnet_utils/nnet_activation.h:39->firmware/myproject.cpp:58]   --->   Operation 2 'specpipeline' 'specpipeline_ln39' <Predicate = true> <Delay = 0.00>
ST_1 : Operation 3 [1/1] (0.00ns)   --->   "%layer3_out_54_val_read = read i12 @_ssdm_op_Read.ap_auto.i12, i12 %layer3_out_54_val" [firmware/nnet_utils/nnet_activation.h:42->firmware/myproject.cpp:58]   --->   Operation 3 'read' 'layer3_out_54_val_read' <Predicate = true> <Delay = 0.00>
ST_1 : Operation 4 [1/1] (0.00ns)   --->   "%layer3_out_51_val_read = read i12 @_ssdm_op_Read.ap_auto.i12, i12 %layer3_out_51_val" [firmware/nnet_utils/nnet_activation.h:42->firmware/myproject.cpp:58]   --->   Operation 4 'read' 'layer3_out_51_val_read' <Predicate = true> <Delay = 0.00>
ST_1 : Operation 5 [1/1] (0.00ns)   --->   "%layer3_out_48_val_read = read i12 @_ssdm_op_Read.ap_auto.i12, i12 %layer3_out_48_val" [firmware/nnet_utils/nnet_activation.h:42->firmware/myproject.cpp:58]   --->   Operation 5 'read' 'layer3_out_48_val_read' <Predicate = true> <Delay = 0.00>
ST_1 : Operation 6 [1/1] (0.00ns)   --->   "%layer3_out_47_val_read = read i12 @_ssdm_op_Read.ap_auto.i12, i12 %layer3_out_47_val" [firmware/nnet_utils/nnet_activation.h:42->firmware/myproject.cpp:58]   --->   Operation 6 'read' 'layer3_out_47_val_read' <Predicate = true> <Delay = 0.00>
ST_1 : Operation 7 [1/1] (0.00ns)   --->   "%layer3_out_44_val_read = read i12 @_ssdm_op_Read.ap_auto.i12, i12 %layer3_out_44_val" [firmware/nnet_utils/nnet_activation.h:42->firmware/myproject.cpp:58]   --->   Operation 7 'read' 'layer3_out_44_val_read' <Predicate = true> <Delay = 0.00>
ST_1 : Operation 8 [1/1] (0.00ns)   --->   "%layer3_out_42_val_read = read i12 @_ssdm_op_Read.ap_auto.i12, i12 %layer3_out_42_val" [firmware/nnet_utils/nnet_activation.h:42->firmware/myproject.cpp:58]   --->   Operation 8 'read' 'layer3_out_42_val_read' <Predicate = true> <Delay = 0.00>
ST_1 : Operation 9 [1/1] (0.00ns)   --->   "%layer3_out_40_val_read = read i12 @_ssdm_op_Read.ap_auto.i12, i12 %layer3_out_40_val" [firmware/nnet_utils/nnet_activation.h:42->firmware/myproject.cpp:58]   --->   Operation 9 'read' 'layer3_out_40_val_read' <Predicate = true> <Delay = 0.00>
ST_1 : Operation 10 [1/1] (0.00ns)   --->   "%layer3_out_35_val_read = read i12 @_ssdm_op_Read.ap_auto.i12, i12 %layer3_out_35_val" [firmware/nnet_utils/nnet_activation.h:42->firmware/myproject.cpp:58]   --->   Operation 10 'read' 'layer3_out_35_val_read' <Predicate = true> <Delay = 0.00>
ST_1 : Operation 11 [1/1] (0.00ns)   --->   "%layer3_out_16_val_read = read i12 @_ssdm_op_Read.ap_auto.i12, i12 %layer3_out_16_val" [firmware/nnet_utils/nnet_activation.h:42->firmware/myproject.cpp:58]   --->   Operation 11 'read' 'layer3_out_16_val_read' <Predicate = true> <Delay = 0.00>
ST_1 : Operation 12 [1/1] (0.00ns)   --->   "%layer3_out_7_val_read = read i12 @_ssdm_op_Read.ap_auto.i12, i12 %layer3_out_7_val" [firmware/nnet_utils/nnet_activation.h:42->firmware/myproject.cpp:58]   --->   Operation 12 'read' 'layer3_out_7_val_read' <Predicate = true> <Delay = 0.00>
ST_1 : Operation 13 [1/1] (0.00ns)   --->   "%layer3_out_1_val_read = read i12 @_ssdm_op_Read.ap_auto.i12, i12 %layer3_out_1_val" [firmware/nnet_utils/nnet_activation.h:42->firmware/myproject.cpp:58]   --->   Operation 13 'read' 'layer3_out_1_val_read' <Predicate = true> <Delay = 0.00>
ST_1 : Operation 14 [1/1] (0.80ns)   --->   "%icmp_ln45 = icmp_sgt  i12 %layer3_out_1_val_read, i12 0" [firmware/nnet_utils/nnet_activation.h:45->firmware/myproject.cpp:58]   --->   Operation 14 'icmp' 'icmp_ln45' <Predicate = true> <Delay = 0.80> <CoreInst = "Cmp">   --->   Core 9 'Cmp' <Latency = 0> <II = 1> <Delay = 0.80> <FuncUnit> <Opcode : 'seteq' 'setne' 'setle' 'setge' 'setlt' 'setgt'> <InPorts = 2> <OutPorts = 1>
ST_1 : Operation 15 [1/1] (0.00ns)   --->   "%trunc_ln = partselect i8 @_ssdm_op_PartSelect.i8.i12.i32.i32, i12 %layer3_out_1_val_read, i32 1, i32 8" [firmware/nnet_utils/nnet_activation.h:46->firmware/myproject.cpp:58]   --->   Operation 15 'partselect' 'trunc_ln' <Predicate = (icmp_ln45)> <Delay = 0.00>
ST_1 : Operation 16 [1/1] (0.00ns)   --->   "%trunc_ln46 = trunc i12 %layer3_out_1_val_read" [firmware/nnet_utils/nnet_activation.h:46->firmware/myproject.cpp:58]   --->   Operation 16 'trunc' 'trunc_ln46' <Predicate = (icmp_ln45)> <Delay = 0.00>
ST_1 : Operation 17 [1/1] (0.00ns)   --->   "%zext_ln46 = zext i1 %trunc_ln46" [firmware/nnet_utils/nnet_activation.h:46->firmware/myproject.cpp:58]   --->   Operation 17 'zext' 'zext_ln46' <Predicate = (icmp_ln45)> <Delay = 0.00>
ST_1 : Operation 18 [1/1] (0.76ns)   --->   "%add_ln46 = add i8 %trunc_ln, i8 %zext_ln46" [firmware/nnet_utils/nnet_activation.h:46->firmware/myproject.cpp:58]   --->   Operation 18 'add' 'add_ln46' <Predicate = (icmp_ln45)> <Delay = 0.76> <CoreInst = "Adder">   --->   Core 1 'Adder' <Latency = 0> <II = 1> <Delay = 0.76> <FuncUnit> <Opcode : 'add' 'sub'> <InPorts = 2> <OutPorts = 1>
ST_1 : Operation 19 [1/1] (0.39ns)   --->   "%layer4_out_1_0 = select i1 %icmp_ln45, i8 %add_ln46, i8 0" [firmware/nnet_utils/nnet_activation.h:45->firmware/myproject.cpp:58]   --->   Operation 19 'select' 'layer4_out_1_0' <Predicate = true> <Delay = 0.39> <CoreInst = "Sel">   --->   Core 73 'Sel' <Latency = 0> <II = 1> <Delay = 0.39> <FuncUnit> <Opcode : 'select'> <InPorts = 3> <OutPorts = 1>
ST_1 : Operation 20 [1/1] (0.80ns)   --->   "%icmp_ln45_12 = icmp_sgt  i12 %layer3_out_7_val_read, i12 0" [firmware/nnet_utils/nnet_activation.h:45->firmware/myproject.cpp:58]   --->   Operation 20 'icmp' 'icmp_ln45_12' <Predicate = true> <Delay = 0.80> <CoreInst = "Cmp">   --->   Core 9 'Cmp' <Latency = 0> <II = 1> <Delay = 0.80> <FuncUnit> <Opcode : 'seteq' 'setne' 'setle' 'setge' 'setlt' 'setgt'> <InPorts = 2> <OutPorts = 1>
ST_1 : Operation 21 [1/1] (0.00ns)   --->   "%trunc_ln46_s = partselect i8 @_ssdm_op_PartSelect.i8.i12.i32.i32, i12 %layer3_out_7_val_read, i32 1, i32 8" [firmware/nnet_utils/nnet_activation.h:46->firmware/myproject.cpp:58]   --->   Operation 21 'partselect' 'trunc_ln46_s' <Predicate = (icmp_ln45_12)> <Delay = 0.00>
ST_1 : Operation 22 [1/1] (0.00ns)   --->   "%trunc_ln46_17 = trunc i12 %layer3_out_7_val_read" [firmware/nnet_utils/nnet_activation.h:46->firmware/myproject.cpp:58]   --->   Operation 22 'trunc' 'trunc_ln46_17' <Predicate = (icmp_ln45_12)> <Delay = 0.00>
ST_1 : Operation 23 [1/1] (0.00ns)   --->   "%zext_ln46_12 = zext i1 %trunc_ln46_17" [firmware/nnet_utils/nnet_activation.h:46->firmware/myproject.cpp:58]   --->   Operation 23 'zext' 'zext_ln46_12' <Predicate = (icmp_ln45_12)> <Delay = 0.00>
ST_1 : Operation 24 [1/1] (0.76ns)   --->   "%add_ln46_12 = add i8 %trunc_ln46_s, i8 %zext_ln46_12" [firmware/nnet_utils/nnet_activation.h:46->firmware/myproject.cpp:58]   --->   Operation 24 'add' 'add_ln46_12' <Predicate = (icmp_ln45_12)> <Delay = 0.76> <CoreInst = "Adder">   --->   Core 1 'Adder' <Latency = 0> <II = 1> <Delay = 0.76> <FuncUnit> <Opcode : 'add' 'sub'> <InPorts = 2> <OutPorts = 1>
ST_1 : Operation 25 [1/1] (0.39ns)   --->   "%layer4_out_7_0 = select i1 %icmp_ln45_12, i8 %add_ln46_12, i8 0" [firmware/nnet_utils/nnet_activation.h:45->firmware/myproject.cpp:58]   --->   Operation 25 'select' 'layer4_out_7_0' <Predicate = true> <Delay = 0.39> <CoreInst = "Sel">   --->   Core 73 'Sel' <Latency = 0> <II = 1> <Delay = 0.39> <FuncUnit> <Opcode : 'select'> <InPorts = 3> <OutPorts = 1>
ST_1 : Operation 26 [1/1] (0.80ns)   --->   "%icmp_ln45_13 = icmp_sgt  i12 %layer3_out_16_val_read, i12 0" [firmware/nnet_utils/nnet_activation.h:45->firmware/myproject.cpp:58]   --->   Operation 26 'icmp' 'icmp_ln45_13' <Predicate = true> <Delay = 0.80> <CoreInst = "Cmp">   --->   Core 9 'Cmp' <Latency = 0> <II = 1> <Delay = 0.80> <FuncUnit> <Opcode : 'seteq' 'setne' 'setle' 'setge' 'setlt' 'setgt'> <InPorts = 2> <OutPorts = 1>
ST_1 : Operation 27 [1/1] (0.00ns)   --->   "%trunc_ln46_2 = partselect i8 @_ssdm_op_PartSelect.i8.i12.i32.i32, i12 %layer3_out_16_val_read, i32 1, i32 8" [firmware/nnet_utils/nnet_activation.h:46->firmware/myproject.cpp:58]   --->   Operation 27 'partselect' 'trunc_ln46_2' <Predicate = (icmp_ln45_13)> <Delay = 0.00>
ST_1 : Operation 28 [1/1] (0.00ns)   --->   "%trunc_ln46_18 = trunc i12 %layer3_out_16_val_read" [firmware/nnet_utils/nnet_activation.h:46->firmware/myproject.cpp:58]   --->   Operation 28 'trunc' 'trunc_ln46_18' <Predicate = (icmp_ln45_13)> <Delay = 0.00>
ST_1 : Operation 29 [1/1] (0.00ns)   --->   "%zext_ln46_13 = zext i1 %trunc_ln46_18" [firmware/nnet_utils/nnet_activation.h:46->firmware/myproject.cpp:58]   --->   Operation 29 'zext' 'zext_ln46_13' <Predicate = (icmp_ln45_13)> <Delay = 0.00>
ST_1 : Operation 30 [1/1] (0.76ns)   --->   "%add_ln46_13 = add i8 %trunc_ln46_2, i8 %zext_ln46_13" [firmware/nnet_utils/nnet_activation.h:46->firmware/myproject.cpp:58]   --->   Operation 30 'add' 'add_ln46_13' <Predicate = (icmp_ln45_13)> <Delay = 0.76> <CoreInst = "Adder">   --->   Core 1 'Adder' <Latency = 0> <II = 1> <Delay = 0.76> <FuncUnit> <Opcode : 'add' 'sub'> <InPorts = 2> <OutPorts = 1>
ST_1 : Operation 31 [1/1] (0.39ns)   --->   "%layer4_out_16_0 = select i1 %icmp_ln45_13, i8 %add_ln46_13, i8 0" [firmware/nnet_utils/nnet_activation.h:45->firmware/myproject.cpp:58]   --->   Operation 31 'select' 'layer4_out_16_0' <Predicate = true> <Delay = 0.39> <CoreInst = "Sel">   --->   Core 73 'Sel' <Latency = 0> <II = 1> <Delay = 0.39> <FuncUnit> <Opcode : 'select'> <InPorts = 3> <OutPorts = 1>
ST_1 : Operation 32 [1/1] (0.80ns)   --->   "%icmp_ln45_14 = icmp_sgt  i12 %layer3_out_35_val_read, i12 0" [firmware/nnet_utils/nnet_activation.h:45->firmware/myproject.cpp:58]   --->   Operation 32 'icmp' 'icmp_ln45_14' <Predicate = true> <Delay = 0.80> <CoreInst = "Cmp">   --->   Core 9 'Cmp' <Latency = 0> <II = 1> <Delay = 0.80> <FuncUnit> <Opcode : 'seteq' 'setne' 'setle' 'setge' 'setlt' 'setgt'> <InPorts = 2> <OutPorts = 1>
ST_1 : Operation 33 [1/1] (0.00ns)   --->   "%trunc_ln46_3 = partselect i8 @_ssdm_op_PartSelect.i8.i12.i32.i32, i12 %layer3_out_35_val_read, i32 1, i32 8" [firmware/nnet_utils/nnet_activation.h:46->firmware/myproject.cpp:58]   --->   Operation 33 'partselect' 'trunc_ln46_3' <Predicate = (icmp_ln45_14)> <Delay = 0.00>
ST_1 : Operation 34 [1/1] (0.00ns)   --->   "%trunc_ln46_19 = trunc i12 %layer3_out_35_val_read" [firmware/nnet_utils/nnet_activation.h:46->firmware/myproject.cpp:58]   --->   Operation 34 'trunc' 'trunc_ln46_19' <Predicate = (icmp_ln45_14)> <Delay = 0.00>
ST_1 : Operation 35 [1/1] (0.00ns)   --->   "%zext_ln46_14 = zext i1 %trunc_ln46_19" [firmware/nnet_utils/nnet_activation.h:46->firmware/myproject.cpp:58]   --->   Operation 35 'zext' 'zext_ln46_14' <Predicate = (icmp_ln45_14)> <Delay = 0.00>
ST_1 : Operation 36 [1/1] (0.76ns)   --->   "%add_ln46_14 = add i8 %trunc_ln46_3, i8 %zext_ln46_14" [firmware/nnet_utils/nnet_activation.h:46->firmware/myproject.cpp:58]   --->   Operation 36 'add' 'add_ln46_14' <Predicate = (icmp_ln45_14)> <Delay = 0.76> <CoreInst = "Adder">   --->   Core 1 'Adder' <Latency = 0> <II = 1> <Delay = 0.76> <FuncUnit> <Opcode : 'add' 'sub'> <InPorts = 2> <OutPorts = 1>
ST_1 : Operation 37 [1/1] (0.39ns)   --->   "%layer4_out_35_0 = select i1 %icmp_ln45_14, i8 %add_ln46_14, i8 0" [firmware/nnet_utils/nnet_activation.h:45->firmware/myproject.cpp:58]   --->   Operation 37 'select' 'layer4_out_35_0' <Predicate = true> <Delay = 0.39> <CoreInst = "Sel">   --->   Core 73 'Sel' <Latency = 0> <II = 1> <Delay = 0.39> <FuncUnit> <Opcode : 'select'> <InPorts = 3> <OutPorts = 1>
ST_1 : Operation 38 [1/1] (0.80ns)   --->   "%icmp_ln45_15 = icmp_sgt  i12 %layer3_out_40_val_read, i12 0" [firmware/nnet_utils/nnet_activation.h:45->firmware/myproject.cpp:58]   --->   Operation 38 'icmp' 'icmp_ln45_15' <Predicate = true> <Delay = 0.80> <CoreInst = "Cmp">   --->   Core 9 'Cmp' <Latency = 0> <II = 1> <Delay = 0.80> <FuncUnit> <Opcode : 'seteq' 'setne' 'setle' 'setge' 'setlt' 'setgt'> <InPorts = 2> <OutPorts = 1>
ST_1 : Operation 39 [1/1] (0.00ns)   --->   "%trunc_ln46_4 = partselect i8 @_ssdm_op_PartSelect.i8.i12.i32.i32, i12 %layer3_out_40_val_read, i32 1, i32 8" [firmware/nnet_utils/nnet_activation.h:46->firmware/myproject.cpp:58]   --->   Operation 39 'partselect' 'trunc_ln46_4' <Predicate = (icmp_ln45_15)> <Delay = 0.00>
ST_1 : Operation 40 [1/1] (0.00ns)   --->   "%trunc_ln46_20 = trunc i12 %layer3_out_40_val_read" [firmware/nnet_utils/nnet_activation.h:46->firmware/myproject.cpp:58]   --->   Operation 40 'trunc' 'trunc_ln46_20' <Predicate = (icmp_ln45_15)> <Delay = 0.00>
ST_1 : Operation 41 [1/1] (0.00ns)   --->   "%zext_ln46_15 = zext i1 %trunc_ln46_20" [firmware/nnet_utils/nnet_activation.h:46->firmware/myproject.cpp:58]   --->   Operation 41 'zext' 'zext_ln46_15' <Predicate = (icmp_ln45_15)> <Delay = 0.00>
ST_1 : Operation 42 [1/1] (0.76ns)   --->   "%add_ln46_15 = add i8 %trunc_ln46_4, i8 %zext_ln46_15" [firmware/nnet_utils/nnet_activation.h:46->firmware/myproject.cpp:58]   --->   Operation 42 'add' 'add_ln46_15' <Predicate = (icmp_ln45_15)> <Delay = 0.76> <CoreInst = "Adder">   --->   Core 1 'Adder' <Latency = 0> <II = 1> <Delay = 0.76> <FuncUnit> <Opcode : 'add' 'sub'> <InPorts = 2> <OutPorts = 1>
ST_1 : Operation 43 [1/1] (0.39ns)   --->   "%layer4_out_40_0 = select i1 %icmp_ln45_15, i8 %add_ln46_15, i8 0" [firmware/nnet_utils/nnet_activation.h:45->firmware/myproject.cpp:58]   --->   Operation 43 'select' 'layer4_out_40_0' <Predicate = true> <Delay = 0.39> <CoreInst = "Sel">   --->   Core 73 'Sel' <Latency = 0> <II = 1> <Delay = 0.39> <FuncUnit> <Opcode : 'select'> <InPorts = 3> <OutPorts = 1>
ST_1 : Operation 44 [1/1] (0.80ns)   --->   "%icmp_ln45_16 = icmp_sgt  i12 %layer3_out_42_val_read, i12 0" [firmware/nnet_utils/nnet_activation.h:45->firmware/myproject.cpp:58]   --->   Operation 44 'icmp' 'icmp_ln45_16' <Predicate = true> <Delay = 0.80> <CoreInst = "Cmp">   --->   Core 9 'Cmp' <Latency = 0> <II = 1> <Delay = 0.80> <FuncUnit> <Opcode : 'seteq' 'setne' 'setle' 'setge' 'setlt' 'setgt'> <InPorts = 2> <OutPorts = 1>
ST_1 : Operation 45 [1/1] (0.00ns)   --->   "%trunc_ln46_5 = partselect i8 @_ssdm_op_PartSelect.i8.i12.i32.i32, i12 %layer3_out_42_val_read, i32 1, i32 8" [firmware/nnet_utils/nnet_activation.h:46->firmware/myproject.cpp:58]   --->   Operation 45 'partselect' 'trunc_ln46_5' <Predicate = (icmp_ln45_16)> <Delay = 0.00>
ST_1 : Operation 46 [1/1] (0.00ns)   --->   "%trunc_ln46_21 = trunc i12 %layer3_out_42_val_read" [firmware/nnet_utils/nnet_activation.h:46->firmware/myproject.cpp:58]   --->   Operation 46 'trunc' 'trunc_ln46_21' <Predicate = (icmp_ln45_16)> <Delay = 0.00>
ST_1 : Operation 47 [1/1] (0.00ns)   --->   "%zext_ln46_16 = zext i1 %trunc_ln46_21" [firmware/nnet_utils/nnet_activation.h:46->firmware/myproject.cpp:58]   --->   Operation 47 'zext' 'zext_ln46_16' <Predicate = (icmp_ln45_16)> <Delay = 0.00>
ST_1 : Operation 48 [1/1] (0.76ns)   --->   "%add_ln46_16 = add i8 %trunc_ln46_5, i8 %zext_ln46_16" [firmware/nnet_utils/nnet_activation.h:46->firmware/myproject.cpp:58]   --->   Operation 48 'add' 'add_ln46_16' <Predicate = (icmp_ln45_16)> <Delay = 0.76> <CoreInst = "Adder">   --->   Core 1 'Adder' <Latency = 0> <II = 1> <Delay = 0.76> <FuncUnit> <Opcode : 'add' 'sub'> <InPorts = 2> <OutPorts = 1>
ST_1 : Operation 49 [1/1] (0.39ns)   --->   "%layer4_out_42_0 = select i1 %icmp_ln45_16, i8 %add_ln46_16, i8 0" [firmware/nnet_utils/nnet_activation.h:45->firmware/myproject.cpp:58]   --->   Operation 49 'select' 'layer4_out_42_0' <Predicate = true> <Delay = 0.39> <CoreInst = "Sel">   --->   Core 73 'Sel' <Latency = 0> <II = 1> <Delay = 0.39> <FuncUnit> <Opcode : 'select'> <InPorts = 3> <OutPorts = 1>
ST_1 : Operation 50 [1/1] (0.80ns)   --->   "%icmp_ln45_17 = icmp_sgt  i12 %layer3_out_44_val_read, i12 0" [firmware/nnet_utils/nnet_activation.h:45->firmware/myproject.cpp:58]   --->   Operation 50 'icmp' 'icmp_ln45_17' <Predicate = true> <Delay = 0.80> <CoreInst = "Cmp">   --->   Core 9 'Cmp' <Latency = 0> <II = 1> <Delay = 0.80> <FuncUnit> <Opcode : 'seteq' 'setne' 'setle' 'setge' 'setlt' 'setgt'> <InPorts = 2> <OutPorts = 1>
ST_1 : Operation 51 [1/1] (0.00ns)   --->   "%trunc_ln46_6 = partselect i8 @_ssdm_op_PartSelect.i8.i12.i32.i32, i12 %layer3_out_44_val_read, i32 1, i32 8" [firmware/nnet_utils/nnet_activation.h:46->firmware/myproject.cpp:58]   --->   Operation 51 'partselect' 'trunc_ln46_6' <Predicate = (icmp_ln45_17)> <Delay = 0.00>
ST_1 : Operation 52 [1/1] (0.00ns)   --->   "%trunc_ln46_22 = trunc i12 %layer3_out_44_val_read" [firmware/nnet_utils/nnet_activation.h:46->firmware/myproject.cpp:58]   --->   Operation 52 'trunc' 'trunc_ln46_22' <Predicate = (icmp_ln45_17)> <Delay = 0.00>
ST_1 : Operation 53 [1/1] (0.00ns)   --->   "%zext_ln46_17 = zext i1 %trunc_ln46_22" [firmware/nnet_utils/nnet_activation.h:46->firmware/myproject.cpp:58]   --->   Operation 53 'zext' 'zext_ln46_17' <Predicate = (icmp_ln45_17)> <Delay = 0.00>
ST_1 : Operation 54 [1/1] (0.76ns)   --->   "%add_ln46_17 = add i8 %trunc_ln46_6, i8 %zext_ln46_17" [firmware/nnet_utils/nnet_activation.h:46->firmware/myproject.cpp:58]   --->   Operation 54 'add' 'add_ln46_17' <Predicate = (icmp_ln45_17)> <Delay = 0.76> <CoreInst = "Adder">   --->   Core 1 'Adder' <Latency = 0> <II = 1> <Delay = 0.76> <FuncUnit> <Opcode : 'add' 'sub'> <InPorts = 2> <OutPorts = 1>
ST_1 : Operation 55 [1/1] (0.39ns)   --->   "%layer4_out_44_0 = select i1 %icmp_ln45_17, i8 %add_ln46_17, i8 0" [firmware/nnet_utils/nnet_activation.h:45->firmware/myproject.cpp:58]   --->   Operation 55 'select' 'layer4_out_44_0' <Predicate = true> <Delay = 0.39> <CoreInst = "Sel">   --->   Core 73 'Sel' <Latency = 0> <II = 1> <Delay = 0.39> <FuncUnit> <Opcode : 'select'> <InPorts = 3> <OutPorts = 1>
ST_1 : Operation 56 [1/1] (0.80ns)   --->   "%icmp_ln45_18 = icmp_sgt  i12 %layer3_out_47_val_read, i12 0" [firmware/nnet_utils/nnet_activation.h:45->firmware/myproject.cpp:58]   --->   Operation 56 'icmp' 'icmp_ln45_18' <Predicate = true> <Delay = 0.80> <CoreInst = "Cmp">   --->   Core 9 'Cmp' <Latency = 0> <II = 1> <Delay = 0.80> <FuncUnit> <Opcode : 'seteq' 'setne' 'setle' 'setge' 'setlt' 'setgt'> <InPorts = 2> <OutPorts = 1>
ST_1 : Operation 57 [1/1] (0.00ns)   --->   "%trunc_ln46_7 = partselect i8 @_ssdm_op_PartSelect.i8.i12.i32.i32, i12 %layer3_out_47_val_read, i32 1, i32 8" [firmware/nnet_utils/nnet_activation.h:46->firmware/myproject.cpp:58]   --->   Operation 57 'partselect' 'trunc_ln46_7' <Predicate = (icmp_ln45_18)> <Delay = 0.00>
ST_1 : Operation 58 [1/1] (0.00ns)   --->   "%trunc_ln46_23 = trunc i12 %layer3_out_47_val_read" [firmware/nnet_utils/nnet_activation.h:46->firmware/myproject.cpp:58]   --->   Operation 58 'trunc' 'trunc_ln46_23' <Predicate = (icmp_ln45_18)> <Delay = 0.00>
ST_1 : Operation 59 [1/1] (0.00ns)   --->   "%zext_ln46_18 = zext i1 %trunc_ln46_23" [firmware/nnet_utils/nnet_activation.h:46->firmware/myproject.cpp:58]   --->   Operation 59 'zext' 'zext_ln46_18' <Predicate = (icmp_ln45_18)> <Delay = 0.00>
ST_1 : Operation 60 [1/1] (0.76ns)   --->   "%add_ln46_18 = add i8 %trunc_ln46_7, i8 %zext_ln46_18" [firmware/nnet_utils/nnet_activation.h:46->firmware/myproject.cpp:58]   --->   Operation 60 'add' 'add_ln46_18' <Predicate = (icmp_ln45_18)> <Delay = 0.76> <CoreInst = "Adder">   --->   Core 1 'Adder' <Latency = 0> <II = 1> <Delay = 0.76> <FuncUnit> <Opcode : 'add' 'sub'> <InPorts = 2> <OutPorts = 1>
ST_1 : Operation 61 [1/1] (0.39ns)   --->   "%layer4_out_47_0 = select i1 %icmp_ln45_18, i8 %add_ln46_18, i8 0" [firmware/nnet_utils/nnet_activation.h:45->firmware/myproject.cpp:58]   --->   Operation 61 'select' 'layer4_out_47_0' <Predicate = true> <Delay = 0.39> <CoreInst = "Sel">   --->   Core 73 'Sel' <Latency = 0> <II = 1> <Delay = 0.39> <FuncUnit> <Opcode : 'select'> <InPorts = 3> <OutPorts = 1>
ST_1 : Operation 62 [1/1] (0.80ns)   --->   "%icmp_ln45_19 = icmp_sgt  i12 %layer3_out_48_val_read, i12 0" [firmware/nnet_utils/nnet_activation.h:45->firmware/myproject.cpp:58]   --->   Operation 62 'icmp' 'icmp_ln45_19' <Predicate = true> <Delay = 0.80> <CoreInst = "Cmp">   --->   Core 9 'Cmp' <Latency = 0> <II = 1> <Delay = 0.80> <FuncUnit> <Opcode : 'seteq' 'setne' 'setle' 'setge' 'setlt' 'setgt'> <InPorts = 2> <OutPorts = 1>
ST_1 : Operation 63 [1/1] (0.00ns)   --->   "%trunc_ln46_8 = partselect i8 @_ssdm_op_PartSelect.i8.i12.i32.i32, i12 %layer3_out_48_val_read, i32 1, i32 8" [firmware/nnet_utils/nnet_activation.h:46->firmware/myproject.cpp:58]   --->   Operation 63 'partselect' 'trunc_ln46_8' <Predicate = (icmp_ln45_19)> <Delay = 0.00>
ST_1 : Operation 64 [1/1] (0.00ns)   --->   "%trunc_ln46_24 = trunc i12 %layer3_out_48_val_read" [firmware/nnet_utils/nnet_activation.h:46->firmware/myproject.cpp:58]   --->   Operation 64 'trunc' 'trunc_ln46_24' <Predicate = (icmp_ln45_19)> <Delay = 0.00>
ST_1 : Operation 65 [1/1] (0.00ns)   --->   "%zext_ln46_19 = zext i1 %trunc_ln46_24" [firmware/nnet_utils/nnet_activation.h:46->firmware/myproject.cpp:58]   --->   Operation 65 'zext' 'zext_ln46_19' <Predicate = (icmp_ln45_19)> <Delay = 0.00>
ST_1 : Operation 66 [1/1] (0.76ns)   --->   "%add_ln46_19 = add i8 %trunc_ln46_8, i8 %zext_ln46_19" [firmware/nnet_utils/nnet_activation.h:46->firmware/myproject.cpp:58]   --->   Operation 66 'add' 'add_ln46_19' <Predicate = (icmp_ln45_19)> <Delay = 0.76> <CoreInst = "Adder">   --->   Core 1 'Adder' <Latency = 0> <II = 1> <Delay = 0.76> <FuncUnit> <Opcode : 'add' 'sub'> <InPorts = 2> <OutPorts = 1>
ST_1 : Operation 67 [1/1] (0.39ns)   --->   "%layer4_out_48_0 = select i1 %icmp_ln45_19, i8 %add_ln46_19, i8 0" [firmware/nnet_utils/nnet_activation.h:45->firmware/myproject.cpp:58]   --->   Operation 67 'select' 'layer4_out_48_0' <Predicate = true> <Delay = 0.39> <CoreInst = "Sel">   --->   Core 73 'Sel' <Latency = 0> <II = 1> <Delay = 0.39> <FuncUnit> <Opcode : 'select'> <InPorts = 3> <OutPorts = 1>
ST_1 : Operation 68 [1/1] (0.80ns)   --->   "%icmp_ln45_20 = icmp_sgt  i12 %layer3_out_51_val_read, i12 0" [firmware/nnet_utils/nnet_activation.h:45->firmware/myproject.cpp:58]   --->   Operation 68 'icmp' 'icmp_ln45_20' <Predicate = true> <Delay = 0.80> <CoreInst = "Cmp">   --->   Core 9 'Cmp' <Latency = 0> <II = 1> <Delay = 0.80> <FuncUnit> <Opcode : 'seteq' 'setne' 'setle' 'setge' 'setlt' 'setgt'> <InPorts = 2> <OutPorts = 1>
ST_1 : Operation 69 [1/1] (0.00ns)   --->   "%trunc_ln46_9 = partselect i8 @_ssdm_op_PartSelect.i8.i12.i32.i32, i12 %layer3_out_51_val_read, i32 1, i32 8" [firmware/nnet_utils/nnet_activation.h:46->firmware/myproject.cpp:58]   --->   Operation 69 'partselect' 'trunc_ln46_9' <Predicate = (icmp_ln45_20)> <Delay = 0.00>
ST_1 : Operation 70 [1/1] (0.00ns)   --->   "%trunc_ln46_25 = trunc i12 %layer3_out_51_val_read" [firmware/nnet_utils/nnet_activation.h:46->firmware/myproject.cpp:58]   --->   Operation 70 'trunc' 'trunc_ln46_25' <Predicate = (icmp_ln45_20)> <Delay = 0.00>
ST_1 : Operation 71 [1/1] (0.00ns)   --->   "%zext_ln46_20 = zext i1 %trunc_ln46_25" [firmware/nnet_utils/nnet_activation.h:46->firmware/myproject.cpp:58]   --->   Operation 71 'zext' 'zext_ln46_20' <Predicate = (icmp_ln45_20)> <Delay = 0.00>
ST_1 : Operation 72 [1/1] (0.76ns)   --->   "%add_ln46_20 = add i8 %trunc_ln46_9, i8 %zext_ln46_20" [firmware/nnet_utils/nnet_activation.h:46->firmware/myproject.cpp:58]   --->   Operation 72 'add' 'add_ln46_20' <Predicate = (icmp_ln45_20)> <Delay = 0.76> <CoreInst = "Adder">   --->   Core 1 'Adder' <Latency = 0> <II = 1> <Delay = 0.76> <FuncUnit> <Opcode : 'add' 'sub'> <InPorts = 2> <OutPorts = 1>
ST_1 : Operation 73 [1/1] (0.39ns)   --->   "%layer4_out_51_0 = select i1 %icmp_ln45_20, i8 %add_ln46_20, i8 0" [firmware/nnet_utils/nnet_activation.h:45->firmware/myproject.cpp:58]   --->   Operation 73 'select' 'layer4_out_51_0' <Predicate = true> <Delay = 0.39> <CoreInst = "Sel">   --->   Core 73 'Sel' <Latency = 0> <II = 1> <Delay = 0.39> <FuncUnit> <Opcode : 'select'> <InPorts = 3> <OutPorts = 1>
ST_1 : Operation 74 [1/1] (0.80ns)   --->   "%icmp_ln45_21 = icmp_sgt  i12 %layer3_out_54_val_read, i12 0" [firmware/nnet_utils/nnet_activation.h:45->firmware/myproject.cpp:58]   --->   Operation 74 'icmp' 'icmp_ln45_21' <Predicate = true> <Delay = 0.80> <CoreInst = "Cmp">   --->   Core 9 'Cmp' <Latency = 0> <II = 1> <Delay = 0.80> <FuncUnit> <Opcode : 'seteq' 'setne' 'setle' 'setge' 'setlt' 'setgt'> <InPorts = 2> <OutPorts = 1>
ST_1 : Operation 75 [1/1] (0.00ns)   --->   "%trunc_ln46_1 = partselect i8 @_ssdm_op_PartSelect.i8.i12.i32.i32, i12 %layer3_out_54_val_read, i32 1, i32 8" [firmware/nnet_utils/nnet_activation.h:46->firmware/myproject.cpp:58]   --->   Operation 75 'partselect' 'trunc_ln46_1' <Predicate = (icmp_ln45_21)> <Delay = 0.00>
ST_1 : Operation 76 [1/1] (0.00ns)   --->   "%trunc_ln46_26 = trunc i12 %layer3_out_54_val_read" [firmware/nnet_utils/nnet_activation.h:46->firmware/myproject.cpp:58]   --->   Operation 76 'trunc' 'trunc_ln46_26' <Predicate = (icmp_ln45_21)> <Delay = 0.00>
ST_1 : Operation 77 [1/1] (0.00ns)   --->   "%zext_ln46_21 = zext i1 %trunc_ln46_26" [firmware/nnet_utils/nnet_activation.h:46->firmware/myproject.cpp:58]   --->   Operation 77 'zext' 'zext_ln46_21' <Predicate = (icmp_ln45_21)> <Delay = 0.00>
ST_1 : Operation 78 [1/1] (0.76ns)   --->   "%add_ln46_21 = add i8 %trunc_ln46_1, i8 %zext_ln46_21" [firmware/nnet_utils/nnet_activation.h:46->firmware/myproject.cpp:58]   --->   Operation 78 'add' 'add_ln46_21' <Predicate = (icmp_ln45_21)> <Delay = 0.76> <CoreInst = "Adder">   --->   Core 1 'Adder' <Latency = 0> <II = 1> <Delay = 0.76> <FuncUnit> <Opcode : 'add' 'sub'> <InPorts = 2> <OutPorts = 1>
ST_1 : Operation 79 [1/1] (0.39ns)   --->   "%layer4_out_54_0 = select i1 %icmp_ln45_21, i8 %add_ln46_21, i8 0" [firmware/nnet_utils/nnet_activation.h:45->firmware/myproject.cpp:58]   --->   Operation 79 'select' 'layer4_out_54_0' <Predicate = true> <Delay = 0.39> <CoreInst = "Sel">   --->   Core 73 'Sel' <Latency = 0> <II = 1> <Delay = 0.39> <FuncUnit> <Opcode : 'select'> <InPorts = 3> <OutPorts = 1>
ST_1 : Operation 80 [1/1] (0.00ns)   --->   "%newret = insertvalue i88 <undef>, i8 %layer4_out_1_0" [firmware/nnet_utils/nnet_activation.h:45->firmware/myproject.cpp:58]   --->   Operation 80 'insertvalue' 'newret' <Predicate = true> <Delay = 0.00>
ST_1 : Operation 81 [1/1] (0.00ns)   --->   "%newret2 = insertvalue i88 %newret, i8 %layer4_out_7_0" [firmware/nnet_utils/nnet_activation.h:45->firmware/myproject.cpp:58]   --->   Operation 81 'insertvalue' 'newret2' <Predicate = true> <Delay = 0.00>
ST_1 : Operation 82 [1/1] (0.00ns)   --->   "%newret4 = insertvalue i88 %newret2, i8 %layer4_out_16_0" [firmware/nnet_utils/nnet_activation.h:45->firmware/myproject.cpp:58]   --->   Operation 82 'insertvalue' 'newret4' <Predicate = true> <Delay = 0.00>
ST_1 : Operation 83 [1/1] (0.00ns)   --->   "%newret6 = insertvalue i88 %newret4, i8 %layer4_out_35_0" [firmware/nnet_utils/nnet_activation.h:45->firmware/myproject.cpp:58]   --->   Operation 83 'insertvalue' 'newret6' <Predicate = true> <Delay = 0.00>
ST_1 : Operation 84 [1/1] (0.00ns)   --->   "%newret8 = insertvalue i88 %newret6, i8 %layer4_out_40_0" [firmware/nnet_utils/nnet_activation.h:45->firmware/myproject.cpp:58]   --->   Operation 84 'insertvalue' 'newret8' <Predicate = true> <Delay = 0.00>
ST_1 : Operation 85 [1/1] (0.00ns)   --->   "%newret1 = insertvalue i88 %newret8, i8 %layer4_out_42_0" [firmware/nnet_utils/nnet_activation.h:45->firmware/myproject.cpp:58]   --->   Operation 85 'insertvalue' 'newret1' <Predicate = true> <Delay = 0.00>
ST_1 : Operation 86 [1/1] (0.00ns)   --->   "%newret3 = insertvalue i88 %newret1, i8 %layer4_out_44_0" [firmware/nnet_utils/nnet_activation.h:45->firmware/myproject.cpp:58]   --->   Operation 86 'insertvalue' 'newret3' <Predicate = true> <Delay = 0.00>
ST_1 : Operation 87 [1/1] (0.00ns)   --->   "%newret5 = insertvalue i88 %newret3, i8 %layer4_out_47_0" [firmware/nnet_utils/nnet_activation.h:45->firmware/myproject.cpp:58]   --->   Operation 87 'insertvalue' 'newret5' <Predicate = true> <Delay = 0.00>
ST_1 : Operation 88 [1/1] (0.00ns)   --->   "%newret7 = insertvalue i88 %newret5, i8 %layer4_out_48_0" [firmware/nnet_utils/nnet_activation.h:45->firmware/myproject.cpp:58]   --->   Operation 88 'insertvalue' 'newret7' <Predicate = true> <Delay = 0.00>
ST_1 : Operation 89 [1/1] (0.00ns)   --->   "%newret9 = insertvalue i88 %newret7, i8 %layer4_out_51_0" [firmware/nnet_utils/nnet_activation.h:45->firmware/myproject.cpp:58]   --->   Operation 89 'insertvalue' 'newret9' <Predicate = true> <Delay = 0.00>
ST_1 : Operation 90 [1/1] (0.00ns)   --->   "%newret10 = insertvalue i88 %newret9, i8 %layer4_out_54_0" [firmware/nnet_utils/nnet_activation.h:45->firmware/myproject.cpp:58]   --->   Operation 90 'insertvalue' 'newret10' <Predicate = true> <Delay = 0.00>
ST_1 : Operation 91 [1/1] (0.00ns)   --->   "%ret_ln45 = ret i88 %newret10" [firmware/nnet_utils/nnet_activation.h:45->firmware/myproject.cpp:58]   --->   Operation 91 'ret' 'ret_ln45' <Predicate = true> <Delay = 0.00>


============================================================
+ Verbose Summary: Binding
============================================================
STG Binding: 
---------------- STG Properties BEGIN ----------------
- Is combinational: 1
- Is one-state seq: 0
- Is datapath-only: 0
- Is pipelined: 1
- Is top level: 0
Port [ Return ] is wired: 1; IO mode=ap_ctrl_hs:ce=0
Port [ layer3_out_1_val]:  wired=1; compound=0; hidden=0; nouse=0; global=0; static=0; extern=0; dir=0; type=0; pingpong=0; private_global=0; IO mode=ap_none:ce=0
Port [ layer3_out_7_val]:  wired=1; compound=0; hidden=0; nouse=0; global=0; static=0; extern=0; dir=0; type=0; pingpong=0; private_global=0; IO mode=ap_none:ce=0
Port [ layer3_out_16_val]:  wired=1; compound=0; hidden=0; nouse=0; global=0; static=0; extern=0; dir=0; type=0; pingpong=0; private_global=0; IO mode=ap_none:ce=0
Port [ layer3_out_35_val]:  wired=1; compound=0; hidden=0; nouse=0; global=0; static=0; extern=0; dir=0; type=0; pingpong=0; private_global=0; IO mode=ap_none:ce=0
Port [ layer3_out_40_val]:  wired=1; compound=0; hidden=0; nouse=0; global=0; static=0; extern=0; dir=0; type=0; pingpong=0; private_global=0; IO mode=ap_none:ce=0
Port [ layer3_out_42_val]:  wired=1; compound=0; hidden=0; nouse=0; global=0; static=0; extern=0; dir=0; type=0; pingpong=0; private_global=0; IO mode=ap_none:ce=0
Port [ layer3_out_44_val]:  wired=1; compound=0; hidden=0; nouse=0; global=0; static=0; extern=0; dir=0; type=0; pingpong=0; private_global=0; IO mode=ap_none:ce=0
Port [ layer3_out_47_val]:  wired=1; compound=0; hidden=0; nouse=0; global=0; static=0; extern=0; dir=0; type=0; pingpong=0; private_global=0; IO mode=ap_none:ce=0
Port [ layer3_out_48_val]:  wired=1; compound=0; hidden=0; nouse=0; global=0; static=0; extern=0; dir=0; type=0; pingpong=0; private_global=0; IO mode=ap_none:ce=0
Port [ layer3_out_51_val]:  wired=1; compound=0; hidden=0; nouse=0; global=0; static=0; extern=0; dir=0; type=0; pingpong=0; private_global=0; IO mode=ap_none:ce=0
Port [ layer3_out_54_val]:  wired=1; compound=0; hidden=0; nouse=0; global=0; static=0; extern=0; dir=0; type=0; pingpong=0; private_global=0; IO mode=ap_none:ce=0
---------------- STG Properties END ------------------

---------------- Datapath Model BEGIN ----------------

<LifeTime>
<method=bitvector/>
specpipeline_ln39      (specpipeline) [ 00]
layer3_out_54_val_read (read        ) [ 00]
layer3_out_51_val_read (read        ) [ 00]
layer3_out_48_val_read (read        ) [ 00]
layer3_out_47_val_read (read        ) [ 00]
layer3_out_44_val_read (read        ) [ 00]
layer3_out_42_val_read (read        ) [ 00]
layer3_out_40_val_read (read        ) [ 00]
layer3_out_35_val_read (read        ) [ 00]
layer3_out_16_val_read (read        ) [ 00]
layer3_out_7_val_read  (read        ) [ 00]
layer3_out_1_val_read  (read        ) [ 00]
icmp_ln45              (icmp        ) [ 01]
trunc_ln               (partselect  ) [ 00]
trunc_ln46             (trunc       ) [ 00]
zext_ln46              (zext        ) [ 00]
add_ln46               (add         ) [ 00]
layer4_out_1_0         (select      ) [ 00]
icmp_ln45_12           (icmp        ) [ 01]
trunc_ln46_s           (partselect  ) [ 00]
trunc_ln46_17          (trunc       ) [ 00]
zext_ln46_12           (zext        ) [ 00]
add_ln46_12            (add         ) [ 00]
layer4_out_7_0         (select      ) [ 00]
icmp_ln45_13           (icmp        ) [ 01]
trunc_ln46_2           (partselect  ) [ 00]
trunc_ln46_18          (trunc       ) [ 00]
zext_ln46_13           (zext        ) [ 00]
add_ln46_13            (add         ) [ 00]
layer4_out_16_0        (select      ) [ 00]
icmp_ln45_14           (icmp        ) [ 01]
trunc_ln46_3           (partselect  ) [ 00]
trunc_ln46_19          (trunc       ) [ 00]
zext_ln46_14           (zext        ) [ 00]
add_ln46_14            (add         ) [ 00]
layer4_out_35_0        (select      ) [ 00]
icmp_ln45_15           (icmp        ) [ 01]
trunc_ln46_4           (partselect  ) [ 00]
trunc_ln46_20          (trunc       ) [ 00]
zext_ln46_15           (zext        ) [ 00]
add_ln46_15            (add         ) [ 00]
layer4_out_40_0        (select      ) [ 00]
icmp_ln45_16           (icmp        ) [ 01]
trunc_ln46_5           (partselect  ) [ 00]
trunc_ln46_21          (trunc       ) [ 00]
zext_ln46_16           (zext        ) [ 00]
add_ln46_16            (add         ) [ 00]
layer4_out_42_0        (select      ) [ 00]
icmp_ln45_17           (icmp        ) [ 01]
trunc_ln46_6           (partselect  ) [ 00]
trunc_ln46_22          (trunc       ) [ 00]
zext_ln46_17           (zext        ) [ 00]
add_ln46_17            (add         ) [ 00]
layer4_out_44_0        (select      ) [ 00]
icmp_ln45_18           (icmp        ) [ 01]
trunc_ln46_7           (partselect  ) [ 00]
trunc_ln46_23          (trunc       ) [ 00]
zext_ln46_18           (zext        ) [ 00]
add_ln46_18            (add         ) [ 00]
layer4_out_47_0        (select      ) [ 00]
icmp_ln45_19           (icmp        ) [ 01]
trunc_ln46_8           (partselect  ) [ 00]
trunc_ln46_24          (trunc       ) [ 00]
zext_ln46_19           (zext        ) [ 00]
add_ln46_19            (add         ) [ 00]
layer4_out_48_0        (select      ) [ 00]
icmp_ln45_20           (icmp        ) [ 01]
trunc_ln46_9           (partselect  ) [ 00]
trunc_ln46_25          (trunc       ) [ 00]
zext_ln46_20           (zext        ) [ 00]
add_ln46_20            (add         ) [ 00]
layer4_out_51_0        (select      ) [ 00]
icmp_ln45_21           (icmp        ) [ 01]
trunc_ln46_1           (partselect  ) [ 00]
trunc_ln46_26          (trunc       ) [ 00]
zext_ln46_21           (zext        ) [ 00]
add_ln46_21            (add         ) [ 00]
layer4_out_54_0        (select      ) [ 00]
newret                 (insertvalue ) [ 00]
newret2                (insertvalue ) [ 00]
newret4                (insertvalue ) [ 00]
newret6                (insertvalue ) [ 00]
newret8                (insertvalue ) [ 00]
newret1                (insertvalue ) [ 00]
newret3                (insertvalue ) [ 00]
newret5                (insertvalue ) [ 00]
newret7                (insertvalue ) [ 00]
newret9                (insertvalue ) [ 00]
newret10               (insertvalue ) [ 00]
ret_ln45               (ret         ) [ 00]
</LifeTime>

<model>

<comp_list>
<comp id="0" class="1000" name="layer3_out_1_val">
<pin_list>
<pin id="1" dir="1" index="0" bw="1" slack="0"/>
</pin_list>
<bind>
<StgValue><ssdm name="layer3_out_1_val"/></StgValue>
</bind>
</comp>

<comp id="2" class="1000" name="layer3_out_7_val">
<pin_list>
<pin id="3" dir="1" index="0" bw="1" slack="0"/>
</pin_list>
<bind>
<StgValue><ssdm name="layer3_out_7_val"/></StgValue>
</bind>
</comp>

<comp id="4" class="1000" name="layer3_out_16_val">
<pin_list>
<pin id="5" dir="1" index="0" bw="1" slack="0"/>
</pin_list>
<bind>
<StgValue><ssdm name="layer3_out_16_val"/></StgValue>
</bind>
</comp>

<comp id="6" class="1000" name="layer3_out_35_val">
<pin_list>
<pin id="7" dir="1" index="0" bw="1" slack="0"/>
</pin_list>
<bind>
<StgValue><ssdm name="layer3_out_35_val"/></StgValue>
</bind>
</comp>

<comp id="8" class="1000" name="layer3_out_40_val">
<pin_list>
<pin id="9" dir="1" index="0" bw="1" slack="0"/>
</pin_list>
<bind>
<StgValue><ssdm name="layer3_out_40_val"/></StgValue>
</bind>
</comp>

<comp id="10" class="1000" name="layer3_out_42_val">
<pin_list>
<pin id="11" dir="1" index="0" bw="1" slack="0"/>
</pin_list>
<bind>
<StgValue><ssdm name="layer3_out_42_val"/></StgValue>
</bind>
</comp>

<comp id="12" class="1000" name="layer3_out_44_val">
<pin_list>
<pin id="13" dir="1" index="0" bw="1" slack="0"/>
</pin_list>
<bind>
<StgValue><ssdm name="layer3_out_44_val"/></StgValue>
</bind>
</comp>

<comp id="14" class="1000" name="layer3_out_47_val">
<pin_list>
<pin id="15" dir="1" index="0" bw="1" slack="0"/>
</pin_list>
<bind>
<StgValue><ssdm name="layer3_out_47_val"/></StgValue>
</bind>
</comp>

<comp id="16" class="1000" name="layer3_out_48_val">
<pin_list>
<pin id="17" dir="1" index="0" bw="1" slack="0"/>
</pin_list>
<bind>
<StgValue><ssdm name="layer3_out_48_val"/></StgValue>
</bind>
</comp>

<comp id="18" class="1000" name="layer3_out_51_val">
<pin_list>
<pin id="19" dir="1" index="0" bw="1" slack="0"/>
</pin_list>
<bind>
<StgValue><ssdm name="layer3_out_51_val"/></StgValue>
</bind>
</comp>

<comp id="20" class="1000" name="layer3_out_54_val">
<pin_list>
<pin id="21" dir="1" index="0" bw="1" slack="0"/>
</pin_list>
<bind>
<StgValue><ssdm name="layer3_out_54_val"/></StgValue>
</bind>
</comp>

<comp id="22" class="1001" name="const_22">
<pin_list>
<pin id="23" dir="1" index="0" bw="1" slack="2147483647"/>
</pin_list>
<bind>
<StgValue><ssdm name="_ssdm_op_SpecPipeline"/></StgValue>
</bind>
</comp>

<comp id="24" class="1001" name="const_24">
<pin_list>
<pin id="25" dir="1" index="0" bw="1" slack="2147483647"/>
</pin_list>
<bind>
<StgValue><ssdm name=""/></StgValue>
</bind>
</comp>

<comp id="26" class="1001" name="const_26">
<pin_list>
<pin id="27" dir="1" index="0" bw="1" slack="2147483647"/>
</pin_list>
<bind>
<StgValue><ssdm name=""/></StgValue>
</bind>
</comp>

<comp id="28" class="1001" name="const_28">
<pin_list>
<pin id="29" dir="1" index="0" bw="1" slack="2147483647"/>
</pin_list>
<bind>
<StgValue><ssdm name="empty_0"/></StgValue>
</bind>
</comp>

<comp id="30" class="1001" name="const_30">
<pin_list>
<pin id="31" dir="1" index="0" bw="1" slack="0"/>
</pin_list>
<bind>
<StgValue><ssdm name="_ssdm_op_Read.ap_auto.i12"/></StgValue>
</bind>
</comp>

<comp id="32" class="1001" name="const_32">
<pin_list>
<pin id="33" dir="1" index="0" bw="1" slack="0"/>
</pin_list>
<bind>
<StgValue><ssdm name=""/></StgValue>
</bind>
</comp>

<comp id="34" class="1001" name="const_34">
<pin_list>
<pin id="35" dir="1" index="0" bw="1" slack="0"/>
</pin_list>
<bind>
<StgValue><ssdm name="_ssdm_op_PartSelect.i8.i12.i32.i32"/></StgValue>
</bind>
</comp>

<comp id="36" class="1001" name="const_36">
<pin_list>
<pin id="37" dir="1" index="0" bw="1" slack="0"/>
</pin_list>
<bind>
<StgValue><ssdm name=""/></StgValue>
</bind>
</comp>

<comp id="38" class="1001" name="const_38">
<pin_list>
<pin id="39" dir="1" index="0" bw="1" slack="0"/>
</pin_list>
<bind>
<StgValue><ssdm name=""/></StgValue>
</bind>
</comp>

<comp id="40" class="1001" name="const_40">
<pin_list>
<pin id="41" dir="1" index="0" bw="1" slack="0"/>
</pin_list>
<bind>
<StgValue><ssdm name=""/></StgValue>
</bind>
</comp>

<comp id="42" class="1001" name="const_42">
<pin_list>
<pin id="43" dir="1" index="0" bw="1" slack="0"/>
</pin_list>
<bind>
<StgValue><ssdm name=""/></StgValue>
</bind>
</comp>

<comp id="44" class="1004" name="layer3_out_54_val_read_read_fu_44">
<pin_list>
<pin id="45" dir="0" index="0" bw="12" slack="0"/>
<pin id="46" dir="0" index="1" bw="12" slack="0"/>
<pin id="47" dir="1" index="2" bw="12" slack="0"/>
</pin_list>
<bind>
<opcode="read(1150) " fcode="read"/>
<opset="layer3_out_54_val_read/1 "/>
</bind>
</comp>

<comp id="50" class="1004" name="layer3_out_51_val_read_read_fu_50">
<pin_list>
<pin id="51" dir="0" index="0" bw="12" slack="0"/>
<pin id="52" dir="0" index="1" bw="12" slack="0"/>
<pin id="53" dir="1" index="2" bw="12" slack="0"/>
</pin_list>
<bind>
<opcode="read(1150) " fcode="read"/>
<opset="layer3_out_51_val_read/1 "/>
</bind>
</comp>

<comp id="56" class="1004" name="layer3_out_48_val_read_read_fu_56">
<pin_list>
<pin id="57" dir="0" index="0" bw="12" slack="0"/>
<pin id="58" dir="0" index="1" bw="12" slack="0"/>
<pin id="59" dir="1" index="2" bw="12" slack="0"/>
</pin_list>
<bind>
<opcode="read(1150) " fcode="read"/>
<opset="layer3_out_48_val_read/1 "/>
</bind>
</comp>

<comp id="62" class="1004" name="layer3_out_47_val_read_read_fu_62">
<pin_list>
<pin id="63" dir="0" index="0" bw="12" slack="0"/>
<pin id="64" dir="0" index="1" bw="12" slack="0"/>
<pin id="65" dir="1" index="2" bw="12" slack="0"/>
</pin_list>
<bind>
<opcode="read(1150) " fcode="read"/>
<opset="layer3_out_47_val_read/1 "/>
</bind>
</comp>

<comp id="68" class="1004" name="layer3_out_44_val_read_read_fu_68">
<pin_list>
<pin id="69" dir="0" index="0" bw="12" slack="0"/>
<pin id="70" dir="0" index="1" bw="12" slack="0"/>
<pin id="71" dir="1" index="2" bw="12" slack="0"/>
</pin_list>
<bind>
<opcode="read(1150) " fcode="read"/>
<opset="layer3_out_44_val_read/1 "/>
</bind>
</comp>

<comp id="74" class="1004" name="layer3_out_42_val_read_read_fu_74">
<pin_list>
<pin id="75" dir="0" index="0" bw="12" slack="0"/>
<pin id="76" dir="0" index="1" bw="12" slack="0"/>
<pin id="77" dir="1" index="2" bw="12" slack="0"/>
</pin_list>
<bind>
<opcode="read(1150) " fcode="read"/>
<opset="layer3_out_42_val_read/1 "/>
</bind>
</comp>

<comp id="80" class="1004" name="layer3_out_40_val_read_read_fu_80">
<pin_list>
<pin id="81" dir="0" index="0" bw="12" slack="0"/>
<pin id="82" dir="0" index="1" bw="12" slack="0"/>
<pin id="83" dir="1" index="2" bw="12" slack="0"/>
</pin_list>
<bind>
<opcode="read(1150) " fcode="read"/>
<opset="layer3_out_40_val_read/1 "/>
</bind>
</comp>

<comp id="86" class="1004" name="layer3_out_35_val_read_read_fu_86">
<pin_list>
<pin id="87" dir="0" index="0" bw="12" slack="0"/>
<pin id="88" dir="0" index="1" bw="12" slack="0"/>
<pin id="89" dir="1" index="2" bw="12" slack="0"/>
</pin_list>
<bind>
<opcode="read(1150) " fcode="read"/>
<opset="layer3_out_35_val_read/1 "/>
</bind>
</comp>

<comp id="92" class="1004" name="layer3_out_16_val_read_read_fu_92">
<pin_list>
<pin id="93" dir="0" index="0" bw="12" slack="0"/>
<pin id="94" dir="0" index="1" bw="12" slack="0"/>
<pin id="95" dir="1" index="2" bw="12" slack="0"/>
</pin_list>
<bind>
<opcode="read(1150) " fcode="read"/>
<opset="layer3_out_16_val_read/1 "/>
</bind>
</comp>

<comp id="98" class="1004" name="layer3_out_7_val_read_read_fu_98">
<pin_list>
<pin id="99" dir="0" index="0" bw="12" slack="0"/>
<pin id="100" dir="0" index="1" bw="12" slack="0"/>
<pin id="101" dir="1" index="2" bw="12" slack="0"/>
</pin_list>
<bind>
<opcode="read(1150) " fcode="read"/>
<opset="layer3_out_7_val_read/1 "/>
</bind>
</comp>

<comp id="104" class="1004" name="layer3_out_1_val_read_read_fu_104">
<pin_list>
<pin id="105" dir="0" index="0" bw="12" slack="0"/>
<pin id="106" dir="0" index="1" bw="12" slack="0"/>
<pin id="107" dir="1" index="2" bw="12" slack="0"/>
</pin_list>
<bind>
<opcode="read(1150) " fcode="read"/>
<opset="layer3_out_1_val_read/1 "/>
</bind>
</comp>

<comp id="110" class="1004" name="icmp_ln45_fu_110">
<pin_list>
<pin id="111" dir="0" index="0" bw="12" slack="0"/>
<pin id="112" dir="0" index="1" bw="1" slack="0"/>
<pin id="113" dir="1" index="2" bw="1" slack="0"/>
</pin_list>
<bind>
<opcode="icmp(45) " fcode="icmp"/>
<opset="icmp_ln45/1 "/>
</bind>
</comp>

<comp id="116" class="1004" name="trunc_ln_fu_116">
<pin_list>
<pin id="117" dir="0" index="0" bw="8" slack="0"/>
<pin id="118" dir="0" index="1" bw="12" slack="0"/>
<pin id="119" dir="0" index="2" bw="1" slack="0"/>
<pin id="120" dir="0" index="3" bw="5" slack="0"/>
<pin id="121" dir="1" index="4" bw="8" slack="0"/>
</pin_list>
<bind>
<opcode="partselect(1002) " fcode="partselect"/>
<opset="trunc_ln/1 "/>
</bind>
</comp>

<comp id="126" class="1004" name="trunc_ln46_fu_126">
<pin_list>
<pin id="127" dir="0" index="0" bw="12" slack="0"/>
<pin id="128" dir="1" index="1" bw="1" slack="0"/>
</pin_list>
<bind>
<opcode="trunc(33) " fcode="trunc"/>
<opset="trunc_ln46/1 "/>
</bind>
</comp>

<comp id="130" class="1004" name="zext_ln46_fu_130">
<pin_list>
<pin id="131" dir="0" index="0" bw="1" slack="0"/>
<pin id="132" dir="1" index="1" bw="8" slack="0"/>
</pin_list>
<bind>
<opcode="zext(34) " fcode="zext"/>
<opset="zext_ln46/1 "/>
</bind>
</comp>

<comp id="134" class="1004" name="add_ln46_fu_134">
<pin_list>
<pin id="135" dir="0" index="0" bw="8" slack="0"/>
<pin id="136" dir="0" index="1" bw="1" slack="0"/>
<pin id="137" dir="1" index="2" bw="8" slack="0"/>
</pin_list>
<bind>
<opcode="add(8) " fcode="add"/>
<opset="add_ln46/1 "/>
</bind>
</comp>

<comp id="140" class="1004" name="layer4_out_1_0_fu_140">
<pin_list>
<pin id="141" dir="0" index="0" bw="1" slack="0"/>
<pin id="142" dir="0" index="1" bw="8" slack="0"/>
<pin id="143" dir="0" index="2" bw="1" slack="0"/>
<pin id="144" dir="1" index="3" bw="8" slack="0"/>
</pin_list>
<bind>
<opcode="select(49) " fcode="select"/>
<opset="layer4_out_1_0/1 "/>
</bind>
</comp>

<comp id="148" class="1004" name="icmp_ln45_12_fu_148">
<pin_list>
<pin id="149" dir="0" index="0" bw="12" slack="0"/>
<pin id="150" dir="0" index="1" bw="1" slack="0"/>
<pin id="151" dir="1" index="2" bw="1" slack="0"/>
</pin_list>
<bind>
<opcode="icmp(45) " fcode="icmp"/>
<opset="icmp_ln45_12/1 "/>
</bind>
</comp>

<comp id="154" class="1004" name="trunc_ln46_s_fu_154">
<pin_list>
<pin id="155" dir="0" index="0" bw="8" slack="0"/>
<pin id="156" dir="0" index="1" bw="12" slack="0"/>
<pin id="157" dir="0" index="2" bw="1" slack="0"/>
<pin id="158" dir="0" index="3" bw="5" slack="0"/>
<pin id="159" dir="1" index="4" bw="8" slack="0"/>
</pin_list>
<bind>
<opcode="partselect(1002) " fcode="partselect"/>
<opset="trunc_ln46_s/1 "/>
</bind>
</comp>

<comp id="164" class="1004" name="trunc_ln46_17_fu_164">
<pin_list>
<pin id="165" dir="0" index="0" bw="12" slack="0"/>
<pin id="166" dir="1" index="1" bw="1" slack="0"/>
</pin_list>
<bind>
<opcode="trunc(33) " fcode="trunc"/>
<opset="trunc_ln46_17/1 "/>
</bind>
</comp>

<comp id="168" class="1004" name="zext_ln46_12_fu_168">
<pin_list>
<pin id="169" dir="0" index="0" bw="1" slack="0"/>
<pin id="170" dir="1" index="1" bw="8" slack="0"/>
</pin_list>
<bind>
<opcode="zext(34) " fcode="zext"/>
<opset="zext_ln46_12/1 "/>
</bind>
</comp>

<comp id="172" class="1004" name="add_ln46_12_fu_172">
<pin_list>
<pin id="173" dir="0" index="0" bw="8" slack="0"/>
<pin id="174" dir="0" index="1" bw="1" slack="0"/>
<pin id="175" dir="1" index="2" bw="8" slack="0"/>
</pin_list>
<bind>
<opcode="add(8) " fcode="add"/>
<opset="add_ln46_12/1 "/>
</bind>
</comp>

<comp id="178" class="1004" name="layer4_out_7_0_fu_178">
<pin_list>
<pin id="179" dir="0" index="0" bw="1" slack="0"/>
<pin id="180" dir="0" index="1" bw="8" slack="0"/>
<pin id="181" dir="0" index="2" bw="1" slack="0"/>
<pin id="182" dir="1" index="3" bw="8" slack="0"/>
</pin_list>
<bind>
<opcode="select(49) " fcode="select"/>
<opset="layer4_out_7_0/1 "/>
</bind>
</comp>

<comp id="186" class="1004" name="icmp_ln45_13_fu_186">
<pin_list>
<pin id="187" dir="0" index="0" bw="12" slack="0"/>
<pin id="188" dir="0" index="1" bw="1" slack="0"/>
<pin id="189" dir="1" index="2" bw="1" slack="0"/>
</pin_list>
<bind>
<opcode="icmp(45) " fcode="icmp"/>
<opset="icmp_ln45_13/1 "/>
</bind>
</comp>

<comp id="192" class="1004" name="trunc_ln46_2_fu_192">
<pin_list>
<pin id="193" dir="0" index="0" bw="8" slack="0"/>
<pin id="194" dir="0" index="1" bw="12" slack="0"/>
<pin id="195" dir="0" index="2" bw="1" slack="0"/>
<pin id="196" dir="0" index="3" bw="5" slack="0"/>
<pin id="197" dir="1" index="4" bw="8" slack="0"/>
</pin_list>
<bind>
<opcode="partselect(1002) " fcode="partselect"/>
<opset="trunc_ln46_2/1 "/>
</bind>
</comp>

<comp id="202" class="1004" name="trunc_ln46_18_fu_202">
<pin_list>
<pin id="203" dir="0" index="0" bw="12" slack="0"/>
<pin id="204" dir="1" index="1" bw="1" slack="0"/>
</pin_list>
<bind>
<opcode="trunc(33) " fcode="trunc"/>
<opset="trunc_ln46_18/1 "/>
</bind>
</comp>

<comp id="206" class="1004" name="zext_ln46_13_fu_206">
<pin_list>
<pin id="207" dir="0" index="0" bw="1" slack="0"/>
<pin id="208" dir="1" index="1" bw="8" slack="0"/>
</pin_list>
<bind>
<opcode="zext(34) " fcode="zext"/>
<opset="zext_ln46_13/1 "/>
</bind>
</comp>

<comp id="210" class="1004" name="add_ln46_13_fu_210">
<pin_list>
<pin id="211" dir="0" index="0" bw="8" slack="0"/>
<pin id="212" dir="0" index="1" bw="1" slack="0"/>
<pin id="213" dir="1" index="2" bw="8" slack="0"/>
</pin_list>
<bind>
<opcode="add(8) " fcode="add"/>
<opset="add_ln46_13/1 "/>
</bind>
</comp>

<comp id="216" class="1004" name="layer4_out_16_0_fu_216">
<pin_list>
<pin id="217" dir="0" index="0" bw="1" slack="0"/>
<pin id="218" dir="0" index="1" bw="8" slack="0"/>
<pin id="219" dir="0" index="2" bw="1" slack="0"/>
<pin id="220" dir="1" index="3" bw="8" slack="0"/>
</pin_list>
<bind>
<opcode="select(49) " fcode="select"/>
<opset="layer4_out_16_0/1 "/>
</bind>
</comp>

<comp id="224" class="1004" name="icmp_ln45_14_fu_224">
<pin_list>
<pin id="225" dir="0" index="0" bw="12" slack="0"/>
<pin id="226" dir="0" index="1" bw="1" slack="0"/>
<pin id="227" dir="1" index="2" bw="1" slack="0"/>
</pin_list>
<bind>
<opcode="icmp(45) " fcode="icmp"/>
<opset="icmp_ln45_14/1 "/>
</bind>
</comp>

<comp id="230" class="1004" name="trunc_ln46_3_fu_230">
<pin_list>
<pin id="231" dir="0" index="0" bw="8" slack="0"/>
<pin id="232" dir="0" index="1" bw="12" slack="0"/>
<pin id="233" dir="0" index="2" bw="1" slack="0"/>
<pin id="234" dir="0" index="3" bw="5" slack="0"/>
<pin id="235" dir="1" index="4" bw="8" slack="0"/>
</pin_list>
<bind>
<opcode="partselect(1002) " fcode="partselect"/>
<opset="trunc_ln46_3/1 "/>
</bind>
</comp>

<comp id="240" class="1004" name="trunc_ln46_19_fu_240">
<pin_list>
<pin id="241" dir="0" index="0" bw="12" slack="0"/>
<pin id="242" dir="1" index="1" bw="1" slack="0"/>
</pin_list>
<bind>
<opcode="trunc(33) " fcode="trunc"/>
<opset="trunc_ln46_19/1 "/>
</bind>
</comp>

<comp id="244" class="1004" name="zext_ln46_14_fu_244">
<pin_list>
<pin id="245" dir="0" index="0" bw="1" slack="0"/>
<pin id="246" dir="1" index="1" bw="8" slack="0"/>
</pin_list>
<bind>
<opcode="zext(34) " fcode="zext"/>
<opset="zext_ln46_14/1 "/>
</bind>
</comp>

<comp id="248" class="1004" name="add_ln46_14_fu_248">
<pin_list>
<pin id="249" dir="0" index="0" bw="8" slack="0"/>
<pin id="250" dir="0" index="1" bw="1" slack="0"/>
<pin id="251" dir="1" index="2" bw="8" slack="0"/>
</pin_list>
<bind>
<opcode="add(8) " fcode="add"/>
<opset="add_ln46_14/1 "/>
</bind>
</comp>

<comp id="254" class="1004" name="layer4_out_35_0_fu_254">
<pin_list>
<pin id="255" dir="0" index="0" bw="1" slack="0"/>
<pin id="256" dir="0" index="1" bw="8" slack="0"/>
<pin id="257" dir="0" index="2" bw="1" slack="0"/>
<pin id="258" dir="1" index="3" bw="8" slack="0"/>
</pin_list>
<bind>
<opcode="select(49) " fcode="select"/>
<opset="layer4_out_35_0/1 "/>
</bind>
</comp>

<comp id="262" class="1004" name="icmp_ln45_15_fu_262">
<pin_list>
<pin id="263" dir="0" index="0" bw="12" slack="0"/>
<pin id="264" dir="0" index="1" bw="1" slack="0"/>
<pin id="265" dir="1" index="2" bw="1" slack="0"/>
</pin_list>
<bind>
<opcode="icmp(45) " fcode="icmp"/>
<opset="icmp_ln45_15/1 "/>
</bind>
</comp>

<comp id="268" class="1004" name="trunc_ln46_4_fu_268">
<pin_list>
<pin id="269" dir="0" index="0" bw="8" slack="0"/>
<pin id="270" dir="0" index="1" bw="12" slack="0"/>
<pin id="271" dir="0" index="2" bw="1" slack="0"/>
<pin id="272" dir="0" index="3" bw="5" slack="0"/>
<pin id="273" dir="1" index="4" bw="8" slack="0"/>
</pin_list>
<bind>
<opcode="partselect(1002) " fcode="partselect"/>
<opset="trunc_ln46_4/1 "/>
</bind>
</comp>

<comp id="278" class="1004" name="trunc_ln46_20_fu_278">
<pin_list>
<pin id="279" dir="0" index="0" bw="12" slack="0"/>
<pin id="280" dir="1" index="1" bw="1" slack="0"/>
</pin_list>
<bind>
<opcode="trunc(33) " fcode="trunc"/>
<opset="trunc_ln46_20/1 "/>
</bind>
</comp>

<comp id="282" class="1004" name="zext_ln46_15_fu_282">
<pin_list>
<pin id="283" dir="0" index="0" bw="1" slack="0"/>
<pin id="284" dir="1" index="1" bw="8" slack="0"/>
</pin_list>
<bind>
<opcode="zext(34) " fcode="zext"/>
<opset="zext_ln46_15/1 "/>
</bind>
</comp>

<comp id="286" class="1004" name="add_ln46_15_fu_286">
<pin_list>
<pin id="287" dir="0" index="0" bw="8" slack="0"/>
<pin id="288" dir="0" index="1" bw="1" slack="0"/>
<pin id="289" dir="1" index="2" bw="8" slack="0"/>
</pin_list>
<bind>
<opcode="add(8) " fcode="add"/>
<opset="add_ln46_15/1 "/>
</bind>
</comp>

<comp id="292" class="1004" name="layer4_out_40_0_fu_292">
<pin_list>
<pin id="293" dir="0" index="0" bw="1" slack="0"/>
<pin id="294" dir="0" index="1" bw="8" slack="0"/>
<pin id="295" dir="0" index="2" bw="1" slack="0"/>
<pin id="296" dir="1" index="3" bw="8" slack="0"/>
</pin_list>
<bind>
<opcode="select(49) " fcode="select"/>
<opset="layer4_out_40_0/1 "/>
</bind>
</comp>

<comp id="300" class="1004" name="icmp_ln45_16_fu_300">
<pin_list>
<pin id="301" dir="0" index="0" bw="12" slack="0"/>
<pin id="302" dir="0" index="1" bw="1" slack="0"/>
<pin id="303" dir="1" index="2" bw="1" slack="0"/>
</pin_list>
<bind>
<opcode="icmp(45) " fcode="icmp"/>
<opset="icmp_ln45_16/1 "/>
</bind>
</comp>

<comp id="306" class="1004" name="trunc_ln46_5_fu_306">
<pin_list>
<pin id="307" dir="0" index="0" bw="8" slack="0"/>
<pin id="308" dir="0" index="1" bw="12" slack="0"/>
<pin id="309" dir="0" index="2" bw="1" slack="0"/>
<pin id="310" dir="0" index="3" bw="5" slack="0"/>
<pin id="311" dir="1" index="4" bw="8" slack="0"/>
</pin_list>
<bind>
<opcode="partselect(1002) " fcode="partselect"/>
<opset="trunc_ln46_5/1 "/>
</bind>
</comp>

<comp id="316" class="1004" name="trunc_ln46_21_fu_316">
<pin_list>
<pin id="317" dir="0" index="0" bw="12" slack="0"/>
<pin id="318" dir="1" index="1" bw="1" slack="0"/>
</pin_list>
<bind>
<opcode="trunc(33) " fcode="trunc"/>
<opset="trunc_ln46_21/1 "/>
</bind>
</comp>

<comp id="320" class="1004" name="zext_ln46_16_fu_320">
<pin_list>
<pin id="321" dir="0" index="0" bw="1" slack="0"/>
<pin id="322" dir="1" index="1" bw="8" slack="0"/>
</pin_list>
<bind>
<opcode="zext(34) " fcode="zext"/>
<opset="zext_ln46_16/1 "/>
</bind>
</comp>

<comp id="324" class="1004" name="add_ln46_16_fu_324">
<pin_list>
<pin id="325" dir="0" index="0" bw="8" slack="0"/>
<pin id="326" dir="0" index="1" bw="1" slack="0"/>
<pin id="327" dir="1" index="2" bw="8" slack="0"/>
</pin_list>
<bind>
<opcode="add(8) " fcode="add"/>
<opset="add_ln46_16/1 "/>
</bind>
</comp>

<comp id="330" class="1004" name="layer4_out_42_0_fu_330">
<pin_list>
<pin id="331" dir="0" index="0" bw="1" slack="0"/>
<pin id="332" dir="0" index="1" bw="8" slack="0"/>
<pin id="333" dir="0" index="2" bw="1" slack="0"/>
<pin id="334" dir="1" index="3" bw="8" slack="0"/>
</pin_list>
<bind>
<opcode="select(49) " fcode="select"/>
<opset="layer4_out_42_0/1 "/>
</bind>
</comp>

<comp id="338" class="1004" name="icmp_ln45_17_fu_338">
<pin_list>
<pin id="339" dir="0" index="0" bw="12" slack="0"/>
<pin id="340" dir="0" index="1" bw="1" slack="0"/>
<pin id="341" dir="1" index="2" bw="1" slack="0"/>
</pin_list>
<bind>
<opcode="icmp(45) " fcode="icmp"/>
<opset="icmp_ln45_17/1 "/>
</bind>
</comp>

<comp id="344" class="1004" name="trunc_ln46_6_fu_344">
<pin_list>
<pin id="345" dir="0" index="0" bw="8" slack="0"/>
<pin id="346" dir="0" index="1" bw="12" slack="0"/>
<pin id="347" dir="0" index="2" bw="1" slack="0"/>
<pin id="348" dir="0" index="3" bw="5" slack="0"/>
<pin id="349" dir="1" index="4" bw="8" slack="0"/>
</pin_list>
<bind>
<opcode="partselect(1002) " fcode="partselect"/>
<opset="trunc_ln46_6/1 "/>
</bind>
</comp>

<comp id="354" class="1004" name="trunc_ln46_22_fu_354">
<pin_list>
<pin id="355" dir="0" index="0" bw="12" slack="0"/>
<pin id="356" dir="1" index="1" bw="1" slack="0"/>
</pin_list>
<bind>
<opcode="trunc(33) " fcode="trunc"/>
<opset="trunc_ln46_22/1 "/>
</bind>
</comp>

<comp id="358" class="1004" name="zext_ln46_17_fu_358">
<pin_list>
<pin id="359" dir="0" index="0" bw="1" slack="0"/>
<pin id="360" dir="1" index="1" bw="8" slack="0"/>
</pin_list>
<bind>
<opcode="zext(34) " fcode="zext"/>
<opset="zext_ln46_17/1 "/>
</bind>
</comp>

<comp id="362" class="1004" name="add_ln46_17_fu_362">
<pin_list>
<pin id="363" dir="0" index="0" bw="8" slack="0"/>
<pin id="364" dir="0" index="1" bw="1" slack="0"/>
<pin id="365" dir="1" index="2" bw="8" slack="0"/>
</pin_list>
<bind>
<opcode="add(8) " fcode="add"/>
<opset="add_ln46_17/1 "/>
</bind>
</comp>

<comp id="368" class="1004" name="layer4_out_44_0_fu_368">
<pin_list>
<pin id="369" dir="0" index="0" bw="1" slack="0"/>
<pin id="370" dir="0" index="1" bw="8" slack="0"/>
<pin id="371" dir="0" index="2" bw="1" slack="0"/>
<pin id="372" dir="1" index="3" bw="8" slack="0"/>
</pin_list>
<bind>
<opcode="select(49) " fcode="select"/>
<opset="layer4_out_44_0/1 "/>
</bind>
</comp>

<comp id="376" class="1004" name="icmp_ln45_18_fu_376">
<pin_list>
<pin id="377" dir="0" index="0" bw="12" slack="0"/>
<pin id="378" dir="0" index="1" bw="1" slack="0"/>
<pin id="379" dir="1" index="2" bw="1" slack="0"/>
</pin_list>
<bind>
<opcode="icmp(45) " fcode="icmp"/>
<opset="icmp_ln45_18/1 "/>
</bind>
</comp>

<comp id="382" class="1004" name="trunc_ln46_7_fu_382">
<pin_list>
<pin id="383" dir="0" index="0" bw="8" slack="0"/>
<pin id="384" dir="0" index="1" bw="12" slack="0"/>
<pin id="385" dir="0" index="2" bw="1" slack="0"/>
<pin id="386" dir="0" index="3" bw="5" slack="0"/>
<pin id="387" dir="1" index="4" bw="8" slack="0"/>
</pin_list>
<bind>
<opcode="partselect(1002) " fcode="partselect"/>
<opset="trunc_ln46_7/1 "/>
</bind>
</comp>

<comp id="392" class="1004" name="trunc_ln46_23_fu_392">
<pin_list>
<pin id="393" dir="0" index="0" bw="12" slack="0"/>
<pin id="394" dir="1" index="1" bw="1" slack="0"/>
</pin_list>
<bind>
<opcode="trunc(33) " fcode="trunc"/>
<opset="trunc_ln46_23/1 "/>
</bind>
</comp>

<comp id="396" class="1004" name="zext_ln46_18_fu_396">
<pin_list>
<pin id="397" dir="0" index="0" bw="1" slack="0"/>
<pin id="398" dir="1" index="1" bw="8" slack="0"/>
</pin_list>
<bind>
<opcode="zext(34) " fcode="zext"/>
<opset="zext_ln46_18/1 "/>
</bind>
</comp>

<comp id="400" class="1004" name="add_ln46_18_fu_400">
<pin_list>
<pin id="401" dir="0" index="0" bw="8" slack="0"/>
<pin id="402" dir="0" index="1" bw="1" slack="0"/>
<pin id="403" dir="1" index="2" bw="8" slack="0"/>
</pin_list>
<bind>
<opcode="add(8) " fcode="add"/>
<opset="add_ln46_18/1 "/>
</bind>
</comp>

<comp id="406" class="1004" name="layer4_out_47_0_fu_406">
<pin_list>
<pin id="407" dir="0" index="0" bw="1" slack="0"/>
<pin id="408" dir="0" index="1" bw="8" slack="0"/>
<pin id="409" dir="0" index="2" bw="1" slack="0"/>
<pin id="410" dir="1" index="3" bw="8" slack="0"/>
</pin_list>
<bind>
<opcode="select(49) " fcode="select"/>
<opset="layer4_out_47_0/1 "/>
</bind>
</comp>

<comp id="414" class="1004" name="icmp_ln45_19_fu_414">
<pin_list>
<pin id="415" dir="0" index="0" bw="12" slack="0"/>
<pin id="416" dir="0" index="1" bw="1" slack="0"/>
<pin id="417" dir="1" index="2" bw="1" slack="0"/>
</pin_list>
<bind>
<opcode="icmp(45) " fcode="icmp"/>
<opset="icmp_ln45_19/1 "/>
</bind>
</comp>

<comp id="420" class="1004" name="trunc_ln46_8_fu_420">
<pin_list>
<pin id="421" dir="0" index="0" bw="8" slack="0"/>
<pin id="422" dir="0" index="1" bw="12" slack="0"/>
<pin id="423" dir="0" index="2" bw="1" slack="0"/>
<pin id="424" dir="0" index="3" bw="5" slack="0"/>
<pin id="425" dir="1" index="4" bw="8" slack="0"/>
</pin_list>
<bind>
<opcode="partselect(1002) " fcode="partselect"/>
<opset="trunc_ln46_8/1 "/>
</bind>
</comp>

<comp id="430" class="1004" name="trunc_ln46_24_fu_430">
<pin_list>
<pin id="431" dir="0" index="0" bw="12" slack="0"/>
<pin id="432" dir="1" index="1" bw="1" slack="0"/>
</pin_list>
<bind>
<opcode="trunc(33) " fcode="trunc"/>
<opset="trunc_ln46_24/1 "/>
</bind>
</comp>

<comp id="434" class="1004" name="zext_ln46_19_fu_434">
<pin_list>
<pin id="435" dir="0" index="0" bw="1" slack="0"/>
<pin id="436" dir="1" index="1" bw="8" slack="0"/>
</pin_list>
<bind>
<opcode="zext(34) " fcode="zext"/>
<opset="zext_ln46_19/1 "/>
</bind>
</comp>

<comp id="438" class="1004" name="add_ln46_19_fu_438">
<pin_list>
<pin id="439" dir="0" index="0" bw="8" slack="0"/>
<pin id="440" dir="0" index="1" bw="1" slack="0"/>
<pin id="441" dir="1" index="2" bw="8" slack="0"/>
</pin_list>
<bind>
<opcode="add(8) " fcode="add"/>
<opset="add_ln46_19/1 "/>
</bind>
</comp>

<comp id="444" class="1004" name="layer4_out_48_0_fu_444">
<pin_list>
<pin id="445" dir="0" index="0" bw="1" slack="0"/>
<pin id="446" dir="0" index="1" bw="8" slack="0"/>
<pin id="447" dir="0" index="2" bw="1" slack="0"/>
<pin id="448" dir="1" index="3" bw="8" slack="0"/>
</pin_list>
<bind>
<opcode="select(49) " fcode="select"/>
<opset="layer4_out_48_0/1 "/>
</bind>
</comp>

<comp id="452" class="1004" name="icmp_ln45_20_fu_452">
<pin_list>
<pin id="453" dir="0" index="0" bw="12" slack="0"/>
<pin id="454" dir="0" index="1" bw="1" slack="0"/>
<pin id="455" dir="1" index="2" bw="1" slack="0"/>
</pin_list>
<bind>
<opcode="icmp(45) " fcode="icmp"/>
<opset="icmp_ln45_20/1 "/>
</bind>
</comp>

<comp id="458" class="1004" name="trunc_ln46_9_fu_458">
<pin_list>
<pin id="459" dir="0" index="0" bw="8" slack="0"/>
<pin id="460" dir="0" index="1" bw="12" slack="0"/>
<pin id="461" dir="0" index="2" bw="1" slack="0"/>
<pin id="462" dir="0" index="3" bw="5" slack="0"/>
<pin id="463" dir="1" index="4" bw="8" slack="0"/>
</pin_list>
<bind>
<opcode="partselect(1002) " fcode="partselect"/>
<opset="trunc_ln46_9/1 "/>
</bind>
</comp>

<comp id="468" class="1004" name="trunc_ln46_25_fu_468">
<pin_list>
<pin id="469" dir="0" index="0" bw="12" slack="0"/>
<pin id="470" dir="1" index="1" bw="1" slack="0"/>
</pin_list>
<bind>
<opcode="trunc(33) " fcode="trunc"/>
<opset="trunc_ln46_25/1 "/>
</bind>
</comp>

<comp id="472" class="1004" name="zext_ln46_20_fu_472">
<pin_list>
<pin id="473" dir="0" index="0" bw="1" slack="0"/>
<pin id="474" dir="1" index="1" bw="8" slack="0"/>
</pin_list>
<bind>
<opcode="zext(34) " fcode="zext"/>
<opset="zext_ln46_20/1 "/>
</bind>
</comp>

<comp id="476" class="1004" name="add_ln46_20_fu_476">
<pin_list>
<pin id="477" dir="0" index="0" bw="8" slack="0"/>
<pin id="478" dir="0" index="1" bw="1" slack="0"/>
<pin id="479" dir="1" index="2" bw="8" slack="0"/>
</pin_list>
<bind>
<opcode="add(8) " fcode="add"/>
<opset="add_ln46_20/1 "/>
</bind>
</comp>

<comp id="482" class="1004" name="layer4_out_51_0_fu_482">
<pin_list>
<pin id="483" dir="0" index="0" bw="1" slack="0"/>
<pin id="484" dir="0" index="1" bw="8" slack="0"/>
<pin id="485" dir="0" index="2" bw="1" slack="0"/>
<pin id="486" dir="1" index="3" bw="8" slack="0"/>
</pin_list>
<bind>
<opcode="select(49) " fcode="select"/>
<opset="layer4_out_51_0/1 "/>
</bind>
</comp>

<comp id="490" class="1004" name="icmp_ln45_21_fu_490">
<pin_list>
<pin id="491" dir="0" index="0" bw="12" slack="0"/>
<pin id="492" dir="0" index="1" bw="1" slack="0"/>
<pin id="493" dir="1" index="2" bw="1" slack="0"/>
</pin_list>
<bind>
<opcode="icmp(45) " fcode="icmp"/>
<opset="icmp_ln45_21/1 "/>
</bind>
</comp>

<comp id="496" class="1004" name="trunc_ln46_1_fu_496">
<pin_list>
<pin id="497" dir="0" index="0" bw="8" slack="0"/>
<pin id="498" dir="0" index="1" bw="12" slack="0"/>
<pin id="499" dir="0" index="2" bw="1" slack="0"/>
<pin id="500" dir="0" index="3" bw="5" slack="0"/>
<pin id="501" dir="1" index="4" bw="8" slack="0"/>
</pin_list>
<bind>
<opcode="partselect(1002) " fcode="partselect"/>
<opset="trunc_ln46_1/1 "/>
</bind>
</comp>

<comp id="506" class="1004" name="trunc_ln46_26_fu_506">
<pin_list>
<pin id="507" dir="0" index="0" bw="12" slack="0"/>
<pin id="508" dir="1" index="1" bw="1" slack="0"/>
</pin_list>
<bind>
<opcode="trunc(33) " fcode="trunc"/>
<opset="trunc_ln46_26/1 "/>
</bind>
</comp>

<comp id="510" class="1004" name="zext_ln46_21_fu_510">
<pin_list>
<pin id="511" dir="0" index="0" bw="1" slack="0"/>
<pin id="512" dir="1" index="1" bw="8" slack="0"/>
</pin_list>
<bind>
<opcode="zext(34) " fcode="zext"/>
<opset="zext_ln46_21/1 "/>
</bind>
</comp>

<comp id="514" class="1004" name="add_ln46_21_fu_514">
<pin_list>
<pin id="515" dir="0" index="0" bw="8" slack="0"/>
<pin id="516" dir="0" index="1" bw="1" slack="0"/>
<pin id="517" dir="1" index="2" bw="8" slack="0"/>
</pin_list>
<bind>
<opcode="add(8) " fcode="add"/>
<opset="add_ln46_21/1 "/>
</bind>
</comp>

<comp id="520" class="1004" name="layer4_out_54_0_fu_520">
<pin_list>
<pin id="521" dir="0" index="0" bw="1" slack="0"/>
<pin id="522" dir="0" index="1" bw="8" slack="0"/>
<pin id="523" dir="0" index="2" bw="1" slack="0"/>
<pin id="524" dir="1" index="3" bw="8" slack="0"/>
</pin_list>
<bind>
<opcode="select(49) " fcode="select"/>
<opset="layer4_out_54_0/1 "/>
</bind>
</comp>

<comp id="528" class="1004" name="newret_fu_528">
<pin_list>
<pin id="529" dir="0" index="0" bw="88" slack="0"/>
<pin id="530" dir="0" index="1" bw="8" slack="0"/>
<pin id="531" dir="1" index="2" bw="88" slack="0"/>
</pin_list>
<bind>
<opcode="insertvalue(57) " fcode="insertvalue"/>
<opset="newret/1 "/>
</bind>
</comp>

<comp id="534" class="1004" name="newret2_fu_534">
<pin_list>
<pin id="535" dir="0" index="0" bw="88" slack="0"/>
<pin id="536" dir="0" index="1" bw="8" slack="0"/>
<pin id="537" dir="1" index="2" bw="88" slack="0"/>
</pin_list>
<bind>
<opcode="insertvalue(57) " fcode="insertvalue"/>
<opset="newret2/1 "/>
</bind>
</comp>

<comp id="540" class="1004" name="newret4_fu_540">
<pin_list>
<pin id="541" dir="0" index="0" bw="88" slack="0"/>
<pin id="542" dir="0" index="1" bw="8" slack="0"/>
<pin id="543" dir="1" index="2" bw="88" slack="0"/>
</pin_list>
<bind>
<opcode="insertvalue(57) " fcode="insertvalue"/>
<opset="newret4/1 "/>
</bind>
</comp>

<comp id="546" class="1004" name="newret6_fu_546">
<pin_list>
<pin id="547" dir="0" index="0" bw="88" slack="0"/>
<pin id="548" dir="0" index="1" bw="8" slack="0"/>
<pin id="549" dir="1" index="2" bw="88" slack="0"/>
</pin_list>
<bind>
<opcode="insertvalue(57) " fcode="insertvalue"/>
<opset="newret6/1 "/>
</bind>
</comp>

<comp id="552" class="1004" name="newret8_fu_552">
<pin_list>
<pin id="553" dir="0" index="0" bw="88" slack="0"/>
<pin id="554" dir="0" index="1" bw="8" slack="0"/>
<pin id="555" dir="1" index="2" bw="88" slack="0"/>
</pin_list>
<bind>
<opcode="insertvalue(57) " fcode="insertvalue"/>
<opset="newret8/1 "/>
</bind>
</comp>

<comp id="558" class="1004" name="newret1_fu_558">
<pin_list>
<pin id="559" dir="0" index="0" bw="88" slack="0"/>
<pin id="560" dir="0" index="1" bw="8" slack="0"/>
<pin id="561" dir="1" index="2" bw="88" slack="0"/>
</pin_list>
<bind>
<opcode="insertvalue(57) " fcode="insertvalue"/>
<opset="newret1/1 "/>
</bind>
</comp>

<comp id="564" class="1004" name="newret3_fu_564">
<pin_list>
<pin id="565" dir="0" index="0" bw="88" slack="0"/>
<pin id="566" dir="0" index="1" bw="8" slack="0"/>
<pin id="567" dir="1" index="2" bw="88" slack="0"/>
</pin_list>
<bind>
<opcode="insertvalue(57) " fcode="insertvalue"/>
<opset="newret3/1 "/>
</bind>
</comp>

<comp id="570" class="1004" name="newret5_fu_570">
<pin_list>
<pin id="571" dir="0" index="0" bw="88" slack="0"/>
<pin id="572" dir="0" index="1" bw="8" slack="0"/>
<pin id="573" dir="1" index="2" bw="88" slack="0"/>
</pin_list>
<bind>
<opcode="insertvalue(57) " fcode="insertvalue"/>
<opset="newret5/1 "/>
</bind>
</comp>

<comp id="576" class="1004" name="newret7_fu_576">
<pin_list>
<pin id="577" dir="0" index="0" bw="88" slack="0"/>
<pin id="578" dir="0" index="1" bw="8" slack="0"/>
<pin id="579" dir="1" index="2" bw="88" slack="0"/>
</pin_list>
<bind>
<opcode="insertvalue(57) " fcode="insertvalue"/>
<opset="newret7/1 "/>
</bind>
</comp>

<comp id="582" class="1004" name="newret9_fu_582">
<pin_list>
<pin id="583" dir="0" index="0" bw="88" slack="0"/>
<pin id="584" dir="0" index="1" bw="8" slack="0"/>
<pin id="585" dir="1" index="2" bw="88" slack="0"/>
</pin_list>
<bind>
<opcode="insertvalue(57) " fcode="insertvalue"/>
<opset="newret9/1 "/>
</bind>
</comp>

<comp id="588" class="1004" name="newret10_fu_588">
<pin_list>
<pin id="589" dir="0" index="0" bw="88" slack="0"/>
<pin id="590" dir="0" index="1" bw="8" slack="0"/>
<pin id="591" dir="1" index="2" bw="88" slack="2147483647"/>
</pin_list>
<bind>
<opcode="insertvalue(57) " fcode="insertvalue"/>
<opset="newret10/1 "/>
</bind>
</comp>

</comp_list>

<net_list>
<net id="48"><net_src comp="30" pin="0"/><net_sink comp="44" pin=0"/></net>

<net id="49"><net_src comp="20" pin="0"/><net_sink comp="44" pin=1"/></net>

<net id="54"><net_src comp="30" pin="0"/><net_sink comp="50" pin=0"/></net>

<net id="55"><net_src comp="18" pin="0"/><net_sink comp="50" pin=1"/></net>

<net id="60"><net_src comp="30" pin="0"/><net_sink comp="56" pin=0"/></net>

<net id="61"><net_src comp="16" pin="0"/><net_sink comp="56" pin=1"/></net>

<net id="66"><net_src comp="30" pin="0"/><net_sink comp="62" pin=0"/></net>

<net id="67"><net_src comp="14" pin="0"/><net_sink comp="62" pin=1"/></net>

<net id="72"><net_src comp="30" pin="0"/><net_sink comp="68" pin=0"/></net>

<net id="73"><net_src comp="12" pin="0"/><net_sink comp="68" pin=1"/></net>

<net id="78"><net_src comp="30" pin="0"/><net_sink comp="74" pin=0"/></net>

<net id="79"><net_src comp="10" pin="0"/><net_sink comp="74" pin=1"/></net>

<net id="84"><net_src comp="30" pin="0"/><net_sink comp="80" pin=0"/></net>

<net id="85"><net_src comp="8" pin="0"/><net_sink comp="80" pin=1"/></net>

<net id="90"><net_src comp="30" pin="0"/><net_sink comp="86" pin=0"/></net>

<net id="91"><net_src comp="6" pin="0"/><net_sink comp="86" pin=1"/></net>

<net id="96"><net_src comp="30" pin="0"/><net_sink comp="92" pin=0"/></net>

<net id="97"><net_src comp="4" pin="0"/><net_sink comp="92" pin=1"/></net>

<net id="102"><net_src comp="30" pin="0"/><net_sink comp="98" pin=0"/></net>

<net id="103"><net_src comp="2" pin="0"/><net_sink comp="98" pin=1"/></net>

<net id="108"><net_src comp="30" pin="0"/><net_sink comp="104" pin=0"/></net>

<net id="109"><net_src comp="0" pin="0"/><net_sink comp="104" pin=1"/></net>

<net id="114"><net_src comp="104" pin="2"/><net_sink comp="110" pin=0"/></net>

<net id="115"><net_src comp="32" pin="0"/><net_sink comp="110" pin=1"/></net>

<net id="122"><net_src comp="34" pin="0"/><net_sink comp="116" pin=0"/></net>

<net id="123"><net_src comp="104" pin="2"/><net_sink comp="116" pin=1"/></net>

<net id="124"><net_src comp="36" pin="0"/><net_sink comp="116" pin=2"/></net>

<net id="125"><net_src comp="38" pin="0"/><net_sink comp="116" pin=3"/></net>

<net id="129"><net_src comp="104" pin="2"/><net_sink comp="126" pin=0"/></net>

<net id="133"><net_src comp="126" pin="1"/><net_sink comp="130" pin=0"/></net>

<net id="138"><net_src comp="116" pin="4"/><net_sink comp="134" pin=0"/></net>

<net id="139"><net_src comp="130" pin="1"/><net_sink comp="134" pin=1"/></net>

<net id="145"><net_src comp="110" pin="2"/><net_sink comp="140" pin=0"/></net>

<net id="146"><net_src comp="134" pin="2"/><net_sink comp="140" pin=1"/></net>

<net id="147"><net_src comp="40" pin="0"/><net_sink comp="140" pin=2"/></net>

<net id="152"><net_src comp="98" pin="2"/><net_sink comp="148" pin=0"/></net>

<net id="153"><net_src comp="32" pin="0"/><net_sink comp="148" pin=1"/></net>

<net id="160"><net_src comp="34" pin="0"/><net_sink comp="154" pin=0"/></net>

<net id="161"><net_src comp="98" pin="2"/><net_sink comp="154" pin=1"/></net>

<net id="162"><net_src comp="36" pin="0"/><net_sink comp="154" pin=2"/></net>

<net id="163"><net_src comp="38" pin="0"/><net_sink comp="154" pin=3"/></net>

<net id="167"><net_src comp="98" pin="2"/><net_sink comp="164" pin=0"/></net>

<net id="171"><net_src comp="164" pin="1"/><net_sink comp="168" pin=0"/></net>

<net id="176"><net_src comp="154" pin="4"/><net_sink comp="172" pin=0"/></net>

<net id="177"><net_src comp="168" pin="1"/><net_sink comp="172" pin=1"/></net>

<net id="183"><net_src comp="148" pin="2"/><net_sink comp="178" pin=0"/></net>

<net id="184"><net_src comp="172" pin="2"/><net_sink comp="178" pin=1"/></net>

<net id="185"><net_src comp="40" pin="0"/><net_sink comp="178" pin=2"/></net>

<net id="190"><net_src comp="92" pin="2"/><net_sink comp="186" pin=0"/></net>

<net id="191"><net_src comp="32" pin="0"/><net_sink comp="186" pin=1"/></net>

<net id="198"><net_src comp="34" pin="0"/><net_sink comp="192" pin=0"/></net>

<net id="199"><net_src comp="92" pin="2"/><net_sink comp="192" pin=1"/></net>

<net id="200"><net_src comp="36" pin="0"/><net_sink comp="192" pin=2"/></net>

<net id="201"><net_src comp="38" pin="0"/><net_sink comp="192" pin=3"/></net>

<net id="205"><net_src comp="92" pin="2"/><net_sink comp="202" pin=0"/></net>

<net id="209"><net_src comp="202" pin="1"/><net_sink comp="206" pin=0"/></net>

<net id="214"><net_src comp="192" pin="4"/><net_sink comp="210" pin=0"/></net>

<net id="215"><net_src comp="206" pin="1"/><net_sink comp="210" pin=1"/></net>

<net id="221"><net_src comp="186" pin="2"/><net_sink comp="216" pin=0"/></net>

<net id="222"><net_src comp="210" pin="2"/><net_sink comp="216" pin=1"/></net>

<net id="223"><net_src comp="40" pin="0"/><net_sink comp="216" pin=2"/></net>

<net id="228"><net_src comp="86" pin="2"/><net_sink comp="224" pin=0"/></net>

<net id="229"><net_src comp="32" pin="0"/><net_sink comp="224" pin=1"/></net>

<net id="236"><net_src comp="34" pin="0"/><net_sink comp="230" pin=0"/></net>

<net id="237"><net_src comp="86" pin="2"/><net_sink comp="230" pin=1"/></net>

<net id="238"><net_src comp="36" pin="0"/><net_sink comp="230" pin=2"/></net>

<net id="239"><net_src comp="38" pin="0"/><net_sink comp="230" pin=3"/></net>

<net id="243"><net_src comp="86" pin="2"/><net_sink comp="240" pin=0"/></net>

<net id="247"><net_src comp="240" pin="1"/><net_sink comp="244" pin=0"/></net>

<net id="252"><net_src comp="230" pin="4"/><net_sink comp="248" pin=0"/></net>

<net id="253"><net_src comp="244" pin="1"/><net_sink comp="248" pin=1"/></net>

<net id="259"><net_src comp="224" pin="2"/><net_sink comp="254" pin=0"/></net>

<net id="260"><net_src comp="248" pin="2"/><net_sink comp="254" pin=1"/></net>

<net id="261"><net_src comp="40" pin="0"/><net_sink comp="254" pin=2"/></net>

<net id="266"><net_src comp="80" pin="2"/><net_sink comp="262" pin=0"/></net>

<net id="267"><net_src comp="32" pin="0"/><net_sink comp="262" pin=1"/></net>

<net id="274"><net_src comp="34" pin="0"/><net_sink comp="268" pin=0"/></net>

<net id="275"><net_src comp="80" pin="2"/><net_sink comp="268" pin=1"/></net>

<net id="276"><net_src comp="36" pin="0"/><net_sink comp="268" pin=2"/></net>

<net id="277"><net_src comp="38" pin="0"/><net_sink comp="268" pin=3"/></net>

<net id="281"><net_src comp="80" pin="2"/><net_sink comp="278" pin=0"/></net>

<net id="285"><net_src comp="278" pin="1"/><net_sink comp="282" pin=0"/></net>

<net id="290"><net_src comp="268" pin="4"/><net_sink comp="286" pin=0"/></net>

<net id="291"><net_src comp="282" pin="1"/><net_sink comp="286" pin=1"/></net>

<net id="297"><net_src comp="262" pin="2"/><net_sink comp="292" pin=0"/></net>

<net id="298"><net_src comp="286" pin="2"/><net_sink comp="292" pin=1"/></net>

<net id="299"><net_src comp="40" pin="0"/><net_sink comp="292" pin=2"/></net>

<net id="304"><net_src comp="74" pin="2"/><net_sink comp="300" pin=0"/></net>

<net id="305"><net_src comp="32" pin="0"/><net_sink comp="300" pin=1"/></net>

<net id="312"><net_src comp="34" pin="0"/><net_sink comp="306" pin=0"/></net>

<net id="313"><net_src comp="74" pin="2"/><net_sink comp="306" pin=1"/></net>

<net id="314"><net_src comp="36" pin="0"/><net_sink comp="306" pin=2"/></net>

<net id="315"><net_src comp="38" pin="0"/><net_sink comp="306" pin=3"/></net>

<net id="319"><net_src comp="74" pin="2"/><net_sink comp="316" pin=0"/></net>

<net id="323"><net_src comp="316" pin="1"/><net_sink comp="320" pin=0"/></net>

<net id="328"><net_src comp="306" pin="4"/><net_sink comp="324" pin=0"/></net>

<net id="329"><net_src comp="320" pin="1"/><net_sink comp="324" pin=1"/></net>

<net id="335"><net_src comp="300" pin="2"/><net_sink comp="330" pin=0"/></net>

<net id="336"><net_src comp="324" pin="2"/><net_sink comp="330" pin=1"/></net>

<net id="337"><net_src comp="40" pin="0"/><net_sink comp="330" pin=2"/></net>

<net id="342"><net_src comp="68" pin="2"/><net_sink comp="338" pin=0"/></net>

<net id="343"><net_src comp="32" pin="0"/><net_sink comp="338" pin=1"/></net>

<net id="350"><net_src comp="34" pin="0"/><net_sink comp="344" pin=0"/></net>

<net id="351"><net_src comp="68" pin="2"/><net_sink comp="344" pin=1"/></net>

<net id="352"><net_src comp="36" pin="0"/><net_sink comp="344" pin=2"/></net>

<net id="353"><net_src comp="38" pin="0"/><net_sink comp="344" pin=3"/></net>

<net id="357"><net_src comp="68" pin="2"/><net_sink comp="354" pin=0"/></net>

<net id="361"><net_src comp="354" pin="1"/><net_sink comp="358" pin=0"/></net>

<net id="366"><net_src comp="344" pin="4"/><net_sink comp="362" pin=0"/></net>

<net id="367"><net_src comp="358" pin="1"/><net_sink comp="362" pin=1"/></net>

<net id="373"><net_src comp="338" pin="2"/><net_sink comp="368" pin=0"/></net>

<net id="374"><net_src comp="362" pin="2"/><net_sink comp="368" pin=1"/></net>

<net id="375"><net_src comp="40" pin="0"/><net_sink comp="368" pin=2"/></net>

<net id="380"><net_src comp="62" pin="2"/><net_sink comp="376" pin=0"/></net>

<net id="381"><net_src comp="32" pin="0"/><net_sink comp="376" pin=1"/></net>

<net id="388"><net_src comp="34" pin="0"/><net_sink comp="382" pin=0"/></net>

<net id="389"><net_src comp="62" pin="2"/><net_sink comp="382" pin=1"/></net>

<net id="390"><net_src comp="36" pin="0"/><net_sink comp="382" pin=2"/></net>

<net id="391"><net_src comp="38" pin="0"/><net_sink comp="382" pin=3"/></net>

<net id="395"><net_src comp="62" pin="2"/><net_sink comp="392" pin=0"/></net>

<net id="399"><net_src comp="392" pin="1"/><net_sink comp="396" pin=0"/></net>

<net id="404"><net_src comp="382" pin="4"/><net_sink comp="400" pin=0"/></net>

<net id="405"><net_src comp="396" pin="1"/><net_sink comp="400" pin=1"/></net>

<net id="411"><net_src comp="376" pin="2"/><net_sink comp="406" pin=0"/></net>

<net id="412"><net_src comp="400" pin="2"/><net_sink comp="406" pin=1"/></net>

<net id="413"><net_src comp="40" pin="0"/><net_sink comp="406" pin=2"/></net>

<net id="418"><net_src comp="56" pin="2"/><net_sink comp="414" pin=0"/></net>

<net id="419"><net_src comp="32" pin="0"/><net_sink comp="414" pin=1"/></net>

<net id="426"><net_src comp="34" pin="0"/><net_sink comp="420" pin=0"/></net>

<net id="427"><net_src comp="56" pin="2"/><net_sink comp="420" pin=1"/></net>

<net id="428"><net_src comp="36" pin="0"/><net_sink comp="420" pin=2"/></net>

<net id="429"><net_src comp="38" pin="0"/><net_sink comp="420" pin=3"/></net>

<net id="433"><net_src comp="56" pin="2"/><net_sink comp="430" pin=0"/></net>

<net id="437"><net_src comp="430" pin="1"/><net_sink comp="434" pin=0"/></net>

<net id="442"><net_src comp="420" pin="4"/><net_sink comp="438" pin=0"/></net>

<net id="443"><net_src comp="434" pin="1"/><net_sink comp="438" pin=1"/></net>

<net id="449"><net_src comp="414" pin="2"/><net_sink comp="444" pin=0"/></net>

<net id="450"><net_src comp="438" pin="2"/><net_sink comp="444" pin=1"/></net>

<net id="451"><net_src comp="40" pin="0"/><net_sink comp="444" pin=2"/></net>

<net id="456"><net_src comp="50" pin="2"/><net_sink comp="452" pin=0"/></net>

<net id="457"><net_src comp="32" pin="0"/><net_sink comp="452" pin=1"/></net>

<net id="464"><net_src comp="34" pin="0"/><net_sink comp="458" pin=0"/></net>

<net id="465"><net_src comp="50" pin="2"/><net_sink comp="458" pin=1"/></net>

<net id="466"><net_src comp="36" pin="0"/><net_sink comp="458" pin=2"/></net>

<net id="467"><net_src comp="38" pin="0"/><net_sink comp="458" pin=3"/></net>

<net id="471"><net_src comp="50" pin="2"/><net_sink comp="468" pin=0"/></net>

<net id="475"><net_src comp="468" pin="1"/><net_sink comp="472" pin=0"/></net>

<net id="480"><net_src comp="458" pin="4"/><net_sink comp="476" pin=0"/></net>

<net id="481"><net_src comp="472" pin="1"/><net_sink comp="476" pin=1"/></net>

<net id="487"><net_src comp="452" pin="2"/><net_sink comp="482" pin=0"/></net>

<net id="488"><net_src comp="476" pin="2"/><net_sink comp="482" pin=1"/></net>

<net id="489"><net_src comp="40" pin="0"/><net_sink comp="482" pin=2"/></net>

<net id="494"><net_src comp="44" pin="2"/><net_sink comp="490" pin=0"/></net>

<net id="495"><net_src comp="32" pin="0"/><net_sink comp="490" pin=1"/></net>

<net id="502"><net_src comp="34" pin="0"/><net_sink comp="496" pin=0"/></net>

<net id="503"><net_src comp="44" pin="2"/><net_sink comp="496" pin=1"/></net>

<net id="504"><net_src comp="36" pin="0"/><net_sink comp="496" pin=2"/></net>

<net id="505"><net_src comp="38" pin="0"/><net_sink comp="496" pin=3"/></net>

<net id="509"><net_src comp="44" pin="2"/><net_sink comp="506" pin=0"/></net>

<net id="513"><net_src comp="506" pin="1"/><net_sink comp="510" pin=0"/></net>

<net id="518"><net_src comp="496" pin="4"/><net_sink comp="514" pin=0"/></net>

<net id="519"><net_src comp="510" pin="1"/><net_sink comp="514" pin=1"/></net>

<net id="525"><net_src comp="490" pin="2"/><net_sink comp="520" pin=0"/></net>

<net id="526"><net_src comp="514" pin="2"/><net_sink comp="520" pin=1"/></net>

<net id="527"><net_src comp="40" pin="0"/><net_sink comp="520" pin=2"/></net>

<net id="532"><net_src comp="42" pin="0"/><net_sink comp="528" pin=0"/></net>

<net id="533"><net_src comp="140" pin="3"/><net_sink comp="528" pin=1"/></net>

<net id="538"><net_src comp="528" pin="2"/><net_sink comp="534" pin=0"/></net>

<net id="539"><net_src comp="178" pin="3"/><net_sink comp="534" pin=1"/></net>

<net id="544"><net_src comp="534" pin="2"/><net_sink comp="540" pin=0"/></net>

<net id="545"><net_src comp="216" pin="3"/><net_sink comp="540" pin=1"/></net>

<net id="550"><net_src comp="540" pin="2"/><net_sink comp="546" pin=0"/></net>

<net id="551"><net_src comp="254" pin="3"/><net_sink comp="546" pin=1"/></net>

<net id="556"><net_src comp="546" pin="2"/><net_sink comp="552" pin=0"/></net>

<net id="557"><net_src comp="292" pin="3"/><net_sink comp="552" pin=1"/></net>

<net id="562"><net_src comp="552" pin="2"/><net_sink comp="558" pin=0"/></net>

<net id="563"><net_src comp="330" pin="3"/><net_sink comp="558" pin=1"/></net>

<net id="568"><net_src comp="558" pin="2"/><net_sink comp="564" pin=0"/></net>

<net id="569"><net_src comp="368" pin="3"/><net_sink comp="564" pin=1"/></net>

<net id="574"><net_src comp="564" pin="2"/><net_sink comp="570" pin=0"/></net>

<net id="575"><net_src comp="406" pin="3"/><net_sink comp="570" pin=1"/></net>

<net id="580"><net_src comp="570" pin="2"/><net_sink comp="576" pin=0"/></net>

<net id="581"><net_src comp="444" pin="3"/><net_sink comp="576" pin=1"/></net>

<net id="586"><net_src comp="576" pin="2"/><net_sink comp="582" pin=0"/></net>

<net id="587"><net_src comp="482" pin="3"/><net_sink comp="582" pin=1"/></net>

<net id="592"><net_src comp="582" pin="2"/><net_sink comp="588" pin=0"/></net>

<net id="593"><net_src comp="520" pin="3"/><net_sink comp="588" pin=1"/></net>

</net_list>

</model> 
---------------- Datapath Model END ------------------

* FSMD analyzer results:
  - Output states:
 - Input state : 
	Port: relu<ap_fixed<12, 9, 5, 3, 0>, ap_ufixed<8, 6, 0, 3, 0>, relu_config4> : layer3_out_1_val | {1 }
	Port: relu<ap_fixed<12, 9, 5, 3, 0>, ap_ufixed<8, 6, 0, 3, 0>, relu_config4> : layer3_out_7_val | {1 }
	Port: relu<ap_fixed<12, 9, 5, 3, 0>, ap_ufixed<8, 6, 0, 3, 0>, relu_config4> : layer3_out_16_val | {1 }
	Port: relu<ap_fixed<12, 9, 5, 3, 0>, ap_ufixed<8, 6, 0, 3, 0>, relu_config4> : layer3_out_35_val | {1 }
	Port: relu<ap_fixed<12, 9, 5, 3, 0>, ap_ufixed<8, 6, 0, 3, 0>, relu_config4> : layer3_out_40_val | {1 }
	Port: relu<ap_fixed<12, 9, 5, 3, 0>, ap_ufixed<8, 6, 0, 3, 0>, relu_config4> : layer3_out_42_val | {1 }
	Port: relu<ap_fixed<12, 9, 5, 3, 0>, ap_ufixed<8, 6, 0, 3, 0>, relu_config4> : layer3_out_44_val | {1 }
	Port: relu<ap_fixed<12, 9, 5, 3, 0>, ap_ufixed<8, 6, 0, 3, 0>, relu_config4> : layer3_out_47_val | {1 }
	Port: relu<ap_fixed<12, 9, 5, 3, 0>, ap_ufixed<8, 6, 0, 3, 0>, relu_config4> : layer3_out_48_val | {1 }
	Port: relu<ap_fixed<12, 9, 5, 3, 0>, ap_ufixed<8, 6, 0, 3, 0>, relu_config4> : layer3_out_51_val | {1 }
	Port: relu<ap_fixed<12, 9, 5, 3, 0>, ap_ufixed<8, 6, 0, 3, 0>, relu_config4> : layer3_out_54_val | {1 }
  - Chain level:
	State 1
		zext_ln46 : 1
		add_ln46 : 2
		layer4_out_1_0 : 3
		zext_ln46_12 : 1
		add_ln46_12 : 2
		layer4_out_7_0 : 3
		zext_ln46_13 : 1
		add_ln46_13 : 2
		layer4_out_16_0 : 3
		zext_ln46_14 : 1
		add_ln46_14 : 2
		layer4_out_35_0 : 3
		zext_ln46_15 : 1
		add_ln46_15 : 2
		layer4_out_40_0 : 3
		zext_ln46_16 : 1
		add_ln46_16 : 2
		layer4_out_42_0 : 3
		zext_ln46_17 : 1
		add_ln46_17 : 2
		layer4_out_44_0 : 3
		zext_ln46_18 : 1
		add_ln46_18 : 2
		layer4_out_47_0 : 3
		zext_ln46_19 : 1
		add_ln46_19 : 2
		layer4_out_48_0 : 3
		zext_ln46_20 : 1
		add_ln46_20 : 2
		layer4_out_51_0 : 3
		zext_ln46_21 : 1
		add_ln46_21 : 2
		layer4_out_54_0 : 3
		newret : 4
		newret2 : 5
		newret4 : 6
		newret6 : 7
		newret8 : 8
		newret1 : 9
		newret3 : 10
		newret5 : 11
		newret7 : 12
		newret9 : 13
		newret10 : 14
		ret_ln45 : 15


============================================================
+ Verbose Summary: Datapath Resource usage 
============================================================

* Functional unit list:
|----------|-----------------------------------|---------|---------|
| Operation|          Functional Unit          |    FF   |   LUT   |
|----------|-----------------------------------|---------|---------|
|          |          icmp_ln45_fu_110         |    0    |    19   |
|          |        icmp_ln45_12_fu_148        |    0    |    19   |
|          |        icmp_ln45_13_fu_186        |    0    |    19   |
|          |        icmp_ln45_14_fu_224        |    0    |    19   |
|          |        icmp_ln45_15_fu_262        |    0    |    19   |
|   icmp   |        icmp_ln45_16_fu_300        |    0    |    19   |
|          |        icmp_ln45_17_fu_338        |    0    |    19   |
|          |        icmp_ln45_18_fu_376        |    0    |    19   |
|          |        icmp_ln45_19_fu_414        |    0    |    19   |
|          |        icmp_ln45_20_fu_452        |    0    |    19   |
|          |        icmp_ln45_21_fu_490        |    0    |    19   |
|----------|-----------------------------------|---------|---------|
|          |          add_ln46_fu_134          |    0    |    15   |
|          |         add_ln46_12_fu_172        |    0    |    15   |
|          |         add_ln46_13_fu_210        |    0    |    15   |
|          |         add_ln46_14_fu_248        |    0    |    15   |
|          |         add_ln46_15_fu_286        |    0    |    15   |
|    add   |         add_ln46_16_fu_324        |    0    |    15   |
|          |         add_ln46_17_fu_362        |    0    |    15   |
|          |         add_ln46_18_fu_400        |    0    |    15   |
|          |         add_ln46_19_fu_438        |    0    |    15   |
|          |         add_ln46_20_fu_476        |    0    |    15   |
|          |         add_ln46_21_fu_514        |    0    |    15   |
|----------|-----------------------------------|---------|---------|
|          |       layer4_out_1_0_fu_140       |    0    |    8    |
|          |       layer4_out_7_0_fu_178       |    0    |    8    |
|          |       layer4_out_16_0_fu_216      |    0    |    8    |
|          |       layer4_out_35_0_fu_254      |    0    |    8    |
|          |       layer4_out_40_0_fu_292      |    0    |    8    |
|  select  |       layer4_out_42_0_fu_330      |    0    |    8    |
|          |       layer4_out_44_0_fu_368      |    0    |    8    |
|          |       layer4_out_47_0_fu_406      |    0    |    8    |
|          |       layer4_out_48_0_fu_444      |    0    |    8    |
|          |       layer4_out_51_0_fu_482      |    0    |    8    |
|          |       layer4_out_54_0_fu_520      |    0    |    8    |
|----------|-----------------------------------|---------|---------|
|          | layer3_out_54_val_read_read_fu_44 |    0    |    0    |
|          | layer3_out_51_val_read_read_fu_50 |    0    |    0    |
|          | layer3_out_48_val_read_read_fu_56 |    0    |    0    |
|          | layer3_out_47_val_read_read_fu_62 |    0    |    0    |
|          | layer3_out_44_val_read_read_fu_68 |    0    |    0    |
|   read   | layer3_out_42_val_read_read_fu_74 |    0    |    0    |
|          | layer3_out_40_val_read_read_fu_80 |    0    |    0    |
|          | layer3_out_35_val_read_read_fu_86 |    0    |    0    |
|          | layer3_out_16_val_read_read_fu_92 |    0    |    0    |
|          |  layer3_out_7_val_read_read_fu_98 |    0    |    0    |
|          | layer3_out_1_val_read_read_fu_104 |    0    |    0    |
|----------|-----------------------------------|---------|---------|
|          |          trunc_ln_fu_116          |    0    |    0    |
|          |        trunc_ln46_s_fu_154        |    0    |    0    |
|          |        trunc_ln46_2_fu_192        |    0    |    0    |
|          |        trunc_ln46_3_fu_230        |    0    |    0    |
|          |        trunc_ln46_4_fu_268        |    0    |    0    |
|partselect|        trunc_ln46_5_fu_306        |    0    |    0    |
|          |        trunc_ln46_6_fu_344        |    0    |    0    |
|          |        trunc_ln46_7_fu_382        |    0    |    0    |
|          |        trunc_ln46_8_fu_420        |    0    |    0    |
|          |        trunc_ln46_9_fu_458        |    0    |    0    |
|          |        trunc_ln46_1_fu_496        |    0    |    0    |
|----------|-----------------------------------|---------|---------|
|          |         trunc_ln46_fu_126         |    0    |    0    |
|          |        trunc_ln46_17_fu_164       |    0    |    0    |
|          |        trunc_ln46_18_fu_202       |    0    |    0    |
|          |        trunc_ln46_19_fu_240       |    0    |    0    |
|          |        trunc_ln46_20_fu_278       |    0    |    0    |
|   trunc  |        trunc_ln46_21_fu_316       |    0    |    0    |
|          |        trunc_ln46_22_fu_354       |    0    |    0    |
|          |        trunc_ln46_23_fu_392       |    0    |    0    |
|          |        trunc_ln46_24_fu_430       |    0    |    0    |
|          |        trunc_ln46_25_fu_468       |    0    |    0    |
|          |        trunc_ln46_26_fu_506       |    0    |    0    |
|----------|-----------------------------------|---------|---------|
|          |          zext_ln46_fu_130         |    0    |    0    |
|          |        zext_ln46_12_fu_168        |    0    |    0    |
|          |        zext_ln46_13_fu_206        |    0    |    0    |
|          |        zext_ln46_14_fu_244        |    0    |    0    |
|          |        zext_ln46_15_fu_282        |    0    |    0    |
|   zext   |        zext_ln46_16_fu_320        |    0    |    0    |
|          |        zext_ln46_17_fu_358        |    0    |    0    |
|          |        zext_ln46_18_fu_396        |    0    |    0    |
|          |        zext_ln46_19_fu_434        |    0    |    0    |
|          |        zext_ln46_20_fu_472        |    0    |    0    |
|          |        zext_ln46_21_fu_510        |    0    |    0    |
|----------|-----------------------------------|---------|---------|
|          |           newret_fu_528           |    0    |    0    |
|          |           newret2_fu_534          |    0    |    0    |
|          |           newret4_fu_540          |    0    |    0    |
|          |           newret6_fu_546          |    0    |    0    |
|          |           newret8_fu_552          |    0    |    0    |
|insertvalue|           newret1_fu_558          |    0    |    0    |
|          |           newret3_fu_564          |    0    |    0    |
|          |           newret5_fu_570          |    0    |    0    |
|          |           newret7_fu_576          |    0    |    0    |
|          |           newret9_fu_582          |    0    |    0    |
|          |          newret10_fu_588          |    0    |    0    |
|----------|-----------------------------------|---------|---------|
|   Total  |                                   |    0    |   462   |
|----------|-----------------------------------|---------|---------|

Memories:
N/A

* Register list:
N/A

* Multiplexer (MUX) list: 
|--------|------|------|------|--------|
|  Comp  |  Pin | Size |  BW  | S x BW |
|--------|------|------|------|--------|
|  Total |      |      |      |    0   |
|--------|------|------|------|--------|



* Summary:
+-----------+--------+--------+
|           |   FF   |   LUT  |
+-----------+--------+--------+
|  Function |    0   |   462  |
|   Memory  |    -   |    -   |
|Multiplexer|    -   |    -   |
|  Register |    -   |    -   |
+-----------+--------+--------+
|   Total   |    0   |   462  |
+-----------+--------+--------+
