

================================================================
== Vitis HLS Report for 'relu_ap_fixed_13_10_5_3_0_ap_ufixed_8_6_0_3_0_relu_config10_s'
================================================================
* Date:           Thu May 14 16:52:33 2026

* Version:        2025.2 (Build 6295257 on Nov 14 2025)
* Project:        myproject_prj
* Solution:       solution1 (Vivado IP Flow Target)
* Product family: zynquplus
* Target device:  xck26-sfvc784-2LV-c


================================================================
== Performance Estimates
================================================================
+ Timing: 
    * Summary: 
    +--------+---------+----------+------------+
    |  Clock |  Target | Estimated| Uncertainty|
    +--------+---------+----------+------------+
    |ap_clk  |  5.00 ns|  1.213 ns|     1.35 ns|
    +--------+---------+----------+------------+

+ Latency: 
    * Summary: 
    +---------+---------+----------+----------+-----+-----+---------+
    |  Latency (cycles) |  Latency (absolute) |  Interval | Pipeline|
    |   min   |   max   |    min   |    max   | min | max |   Type  |
    +---------+---------+----------+----------+-----+-----+---------+
    |        0|        0|      0 ns|      0 ns|    1|    1|      yes|
    +---------+---------+----------+----------+-----+-----+---------+

    + Detail: 
        * Instance: 
        N/A

        * Loop: 
        N/A

============================================================
+ Verbose Summary: Synthesis Manager
============================================================
InlineROM: 1
ExposeGlobal: 0
============================================================
+ Verbose Summary: CDFG Model
============================================================
IsTopModel: 0
ResetActiveHigh: 1
IsCombinational: 0
IsDatapathOnly: 0
HasWiredReturn: 1
HasMFsm: 2
HasVarLatency: 0
IsPipeline: 1
IsRtlPipelined: 0
IsInstanceOverlapped: 0
IsDontTouch: 0
HasImplIP: 0
IsGatedGlobalClock: 0

+ Individual pipeline summary: 
  * Pipeline-0: initiation interval (II) = 1, depth = 1


============================================================
+ Verbose Summary: Schedule
============================================================
* Number of FSM states : 1
* Pipeline : 1
  Pipeline-0 : II = 1, D = 1, States = { 1 }
* Dataflow Pipeline: 0

* FSM state transitions: 
1 --> 

* FSM state operations: 

State 1 <SV = 0> <Delay = 1.21>
ST_1 : Operation 2 [1/1] (0.00ns)   --->   "%specpipeline_ln39 = specpipeline void @_ssdm_op_SpecPipeline, i32 4294967295, i32 0, i32 0, i32 0, i32 4294967295, void @empty_0" [firmware/nnet_utils/nnet_activation.h:39->firmware/myproject.cpp:66]   --->   Operation 2 'specpipeline' 'specpipeline_ln39' <Predicate = true> <Delay = 0.00>
ST_1 : Operation 3 [1/1] (0.00ns)   --->   "%layer9_out_21_val_read = read i13 @_ssdm_op_Read.ap_auto.i13, i13 %layer9_out_21_val" [firmware/nnet_utils/nnet_activation.h:42->firmware/myproject.cpp:66]   --->   Operation 3 'read' 'layer9_out_21_val_read' <Predicate = true> <Delay = 0.00>
ST_1 : Operation 4 [1/1] (0.00ns)   --->   "%layer9_out_18_val_read = read i13 @_ssdm_op_Read.ap_auto.i13, i13 %layer9_out_18_val" [firmware/nnet_utils/nnet_activation.h:42->firmware/myproject.cpp:66]   --->   Operation 4 'read' 'layer9_out_18_val_read' <Predicate = true> <Delay = 0.00>
ST_1 : Operation 5 [1/1] (0.00ns)   --->   "%layer9_out_15_val_read = read i13 @_ssdm_op_Read.ap_auto.i13, i13 %layer9_out_15_val" [firmware/nnet_utils/nnet_activation.h:42->firmware/myproject.cpp:66]   --->   Operation 5 'read' 'layer9_out_15_val_read' <Predicate = true> <Delay = 0.00>
ST_1 : Operation 6 [1/1] (0.00ns)   --->   "%layer9_out_13_val_read = read i13 @_ssdm_op_Read.ap_auto.i13, i13 %layer9_out_13_val" [firmware/nnet_utils/nnet_activation.h:42->firmware/myproject.cpp:66]   --->   Operation 6 'read' 'layer9_out_13_val_read' <Predicate = true> <Delay = 0.00>
ST_1 : Operation 7 [1/1] (0.00ns)   --->   "%layer9_out_6_val_read = read i13 @_ssdm_op_Read.ap_auto.i13, i13 %layer9_out_6_val" [firmware/nnet_utils/nnet_activation.h:42->firmware/myproject.cpp:66]   --->   Operation 7 'read' 'layer9_out_6_val_read' <Predicate = true> <Delay = 0.00>
ST_1 : Operation 8 [1/1] (0.00ns)   --->   "%layer9_out_5_val_read = read i13 @_ssdm_op_Read.ap_auto.i13, i13 %layer9_out_5_val" [firmware/nnet_utils/nnet_activation.h:42->firmware/myproject.cpp:66]   --->   Operation 8 'read' 'layer9_out_5_val_read' <Predicate = true> <Delay = 0.00>
ST_1 : Operation 9 [1/1] (0.00ns)   --->   "%layer9_out_3_val_read = read i13 @_ssdm_op_Read.ap_auto.i13, i13 %layer9_out_3_val" [firmware/nnet_utils/nnet_activation.h:42->firmware/myproject.cpp:66]   --->   Operation 9 'read' 'layer9_out_3_val_read' <Predicate = true> <Delay = 0.00>
ST_1 : Operation 10 [1/1] (0.82ns)   --->   "%icmp_ln45 = icmp_sgt  i13 %layer9_out_3_val_read, i13 0" [firmware/nnet_utils/nnet_activation.h:45->firmware/myproject.cpp:66]   --->   Operation 10 'icmp' 'icmp_ln45' <Predicate = true> <Delay = 0.82> <CoreInst = "Cmp">   --->   Core 9 'Cmp' <Latency = 0> <II = 1> <Delay = 0.82> <FuncUnit> <Opcode : 'seteq' 'setne' 'setle' 'setge' 'setlt' 'setgt'> <InPorts = 2> <OutPorts = 1>
ST_1 : Operation 11 [1/1] (0.00ns)   --->   "%trunc_ln = partselect i8 @_ssdm_op_PartSelect.i8.i13.i32.i32, i13 %layer9_out_3_val_read, i32 1, i32 8" [firmware/nnet_utils/nnet_activation.h:46->firmware/myproject.cpp:66]   --->   Operation 11 'partselect' 'trunc_ln' <Predicate = (icmp_ln45)> <Delay = 0.00>
ST_1 : Operation 12 [1/1] (0.00ns)   --->   "%trunc_ln46 = trunc i13 %layer9_out_3_val_read" [firmware/nnet_utils/nnet_activation.h:46->firmware/myproject.cpp:66]   --->   Operation 12 'trunc' 'trunc_ln46' <Predicate = (icmp_ln45)> <Delay = 0.00>
ST_1 : Operation 13 [1/1] (0.00ns)   --->   "%zext_ln46 = zext i1 %trunc_ln46" [firmware/nnet_utils/nnet_activation.h:46->firmware/myproject.cpp:66]   --->   Operation 13 'zext' 'zext_ln46' <Predicate = (icmp_ln45)> <Delay = 0.00>
ST_1 : Operation 14 [1/1] (0.76ns)   --->   "%add_ln46 = add i8 %trunc_ln, i8 %zext_ln46" [firmware/nnet_utils/nnet_activation.h:46->firmware/myproject.cpp:66]   --->   Operation 14 'add' 'add_ln46' <Predicate = (icmp_ln45)> <Delay = 0.76> <CoreInst = "Adder">   --->   Core 1 'Adder' <Latency = 0> <II = 1> <Delay = 0.76> <FuncUnit> <Opcode : 'add' 'sub'> <InPorts = 2> <OutPorts = 1>
ST_1 : Operation 15 [1/1] (0.39ns)   --->   "%layer10_out_3_0 = select i1 %icmp_ln45, i8 %add_ln46, i8 0" [firmware/nnet_utils/nnet_activation.h:45->firmware/myproject.cpp:66]   --->   Operation 15 'select' 'layer10_out_3_0' <Predicate = true> <Delay = 0.39> <CoreInst = "Sel">   --->   Core 73 'Sel' <Latency = 0> <II = 1> <Delay = 0.39> <FuncUnit> <Opcode : 'select'> <InPorts = 3> <OutPorts = 1>
ST_1 : Operation 16 [1/1] (0.82ns)   --->   "%icmp_ln45_6 = icmp_sgt  i13 %layer9_out_5_val_read, i13 0" [firmware/nnet_utils/nnet_activation.h:45->firmware/myproject.cpp:66]   --->   Operation 16 'icmp' 'icmp_ln45_6' <Predicate = true> <Delay = 0.82> <CoreInst = "Cmp">   --->   Core 9 'Cmp' <Latency = 0> <II = 1> <Delay = 0.82> <FuncUnit> <Opcode : 'seteq' 'setne' 'setle' 'setge' 'setlt' 'setgt'> <InPorts = 2> <OutPorts = 1>
ST_1 : Operation 17 [1/1] (0.00ns)   --->   "%trunc_ln46_6 = partselect i8 @_ssdm_op_PartSelect.i8.i13.i32.i32, i13 %layer9_out_5_val_read, i32 1, i32 8" [firmware/nnet_utils/nnet_activation.h:46->firmware/myproject.cpp:66]   --->   Operation 17 'partselect' 'trunc_ln46_6' <Predicate = (icmp_ln45_6)> <Delay = 0.00>
ST_1 : Operation 18 [1/1] (0.00ns)   --->   "%trunc_ln46_11 = trunc i13 %layer9_out_5_val_read" [firmware/nnet_utils/nnet_activation.h:46->firmware/myproject.cpp:66]   --->   Operation 18 'trunc' 'trunc_ln46_11' <Predicate = (icmp_ln45_6)> <Delay = 0.00>
ST_1 : Operation 19 [1/1] (0.00ns)   --->   "%zext_ln46_6 = zext i1 %trunc_ln46_11" [firmware/nnet_utils/nnet_activation.h:46->firmware/myproject.cpp:66]   --->   Operation 19 'zext' 'zext_ln46_6' <Predicate = (icmp_ln45_6)> <Delay = 0.00>
ST_1 : Operation 20 [1/1] (0.76ns)   --->   "%add_ln46_6 = add i8 %trunc_ln46_6, i8 %zext_ln46_6" [firmware/nnet_utils/nnet_activation.h:46->firmware/myproject.cpp:66]   --->   Operation 20 'add' 'add_ln46_6' <Predicate = (icmp_ln45_6)> <Delay = 0.76> <CoreInst = "Adder">   --->   Core 1 'Adder' <Latency = 0> <II = 1> <Delay = 0.76> <FuncUnit> <Opcode : 'add' 'sub'> <InPorts = 2> <OutPorts = 1>
ST_1 : Operation 21 [1/1] (0.39ns)   --->   "%layer10_out_5_0 = select i1 %icmp_ln45_6, i8 %add_ln46_6, i8 0" [firmware/nnet_utils/nnet_activation.h:45->firmware/myproject.cpp:66]   --->   Operation 21 'select' 'layer10_out_5_0' <Predicate = true> <Delay = 0.39> <CoreInst = "Sel">   --->   Core 73 'Sel' <Latency = 0> <II = 1> <Delay = 0.39> <FuncUnit> <Opcode : 'select'> <InPorts = 3> <OutPorts = 1>
ST_1 : Operation 22 [1/1] (0.82ns)   --->   "%icmp_ln45_7 = icmp_sgt  i13 %layer9_out_6_val_read, i13 0" [firmware/nnet_utils/nnet_activation.h:45->firmware/myproject.cpp:66]   --->   Operation 22 'icmp' 'icmp_ln45_7' <Predicate = true> <Delay = 0.82> <CoreInst = "Cmp">   --->   Core 9 'Cmp' <Latency = 0> <II = 1> <Delay = 0.82> <FuncUnit> <Opcode : 'seteq' 'setne' 'setle' 'setge' 'setlt' 'setgt'> <InPorts = 2> <OutPorts = 1>
ST_1 : Operation 23 [1/1] (0.00ns)   --->   "%trunc_ln46_7 = partselect i8 @_ssdm_op_PartSelect.i8.i13.i32.i32, i13 %layer9_out_6_val_read, i32 1, i32 8" [firmware/nnet_utils/nnet_activation.h:46->firmware/myproject.cpp:66]   --->   Operation 23 'partselect' 'trunc_ln46_7' <Predicate = (icmp_ln45_7)> <Delay = 0.00>
ST_1 : Operation 24 [1/1] (0.00ns)   --->   "%trunc_ln46_12 = trunc i13 %layer9_out_6_val_read" [firmware/nnet_utils/nnet_activation.h:46->firmware/myproject.cpp:66]   --->   Operation 24 'trunc' 'trunc_ln46_12' <Predicate = (icmp_ln45_7)> <Delay = 0.00>
ST_1 : Operation 25 [1/1] (0.00ns)   --->   "%zext_ln46_7 = zext i1 %trunc_ln46_12" [firmware/nnet_utils/nnet_activation.h:46->firmware/myproject.cpp:66]   --->   Operation 25 'zext' 'zext_ln46_7' <Predicate = (icmp_ln45_7)> <Delay = 0.00>
ST_1 : Operation 26 [1/1] (0.76ns)   --->   "%add_ln46_7 = add i8 %trunc_ln46_7, i8 %zext_ln46_7" [firmware/nnet_utils/nnet_activation.h:46->firmware/myproject.cpp:66]   --->   Operation 26 'add' 'add_ln46_7' <Predicate = (icmp_ln45_7)> <Delay = 0.76> <CoreInst = "Adder">   --->   Core 1 'Adder' <Latency = 0> <II = 1> <Delay = 0.76> <FuncUnit> <Opcode : 'add' 'sub'> <InPorts = 2> <OutPorts = 1>
ST_1 : Operation 27 [1/1] (0.39ns)   --->   "%layer10_out_6_0 = select i1 %icmp_ln45_7, i8 %add_ln46_7, i8 0" [firmware/nnet_utils/nnet_activation.h:45->firmware/myproject.cpp:66]   --->   Operation 27 'select' 'layer10_out_6_0' <Predicate = true> <Delay = 0.39> <CoreInst = "Sel">   --->   Core 73 'Sel' <Latency = 0> <II = 1> <Delay = 0.39> <FuncUnit> <Opcode : 'select'> <InPorts = 3> <OutPorts = 1>
ST_1 : Operation 28 [1/1] (0.82ns)   --->   "%icmp_ln45_8 = icmp_sgt  i13 %layer9_out_13_val_read, i13 0" [firmware/nnet_utils/nnet_activation.h:45->firmware/myproject.cpp:66]   --->   Operation 28 'icmp' 'icmp_ln45_8' <Predicate = true> <Delay = 0.82> <CoreInst = "Cmp">   --->   Core 9 'Cmp' <Latency = 0> <II = 1> <Delay = 0.82> <FuncUnit> <Opcode : 'seteq' 'setne' 'setle' 'setge' 'setlt' 'setgt'> <InPorts = 2> <OutPorts = 1>
ST_1 : Operation 29 [1/1] (0.00ns)   --->   "%trunc_ln46_8 = partselect i8 @_ssdm_op_PartSelect.i8.i13.i32.i32, i13 %layer9_out_13_val_read, i32 1, i32 8" [firmware/nnet_utils/nnet_activation.h:46->firmware/myproject.cpp:66]   --->   Operation 29 'partselect' 'trunc_ln46_8' <Predicate = (icmp_ln45_8)> <Delay = 0.00>
ST_1 : Operation 30 [1/1] (0.00ns)   --->   "%trunc_ln46_13 = trunc i13 %layer9_out_13_val_read" [firmware/nnet_utils/nnet_activation.h:46->firmware/myproject.cpp:66]   --->   Operation 30 'trunc' 'trunc_ln46_13' <Predicate = (icmp_ln45_8)> <Delay = 0.00>
ST_1 : Operation 31 [1/1] (0.00ns)   --->   "%zext_ln46_8 = zext i1 %trunc_ln46_13" [firmware/nnet_utils/nnet_activation.h:46->firmware/myproject.cpp:66]   --->   Operation 31 'zext' 'zext_ln46_8' <Predicate = (icmp_ln45_8)> <Delay = 0.00>
ST_1 : Operation 32 [1/1] (0.76ns)   --->   "%add_ln46_8 = add i8 %trunc_ln46_8, i8 %zext_ln46_8" [firmware/nnet_utils/nnet_activation.h:46->firmware/myproject.cpp:66]   --->   Operation 32 'add' 'add_ln46_8' <Predicate = (icmp_ln45_8)> <Delay = 0.76> <CoreInst = "Adder">   --->   Core 1 'Adder' <Latency = 0> <II = 1> <Delay = 0.76> <FuncUnit> <Opcode : 'add' 'sub'> <InPorts = 2> <OutPorts = 1>
ST_1 : Operation 33 [1/1] (0.39ns)   --->   "%layer10_out_13_0 = select i1 %icmp_ln45_8, i8 %add_ln46_8, i8 0" [firmware/nnet_utils/nnet_activation.h:45->firmware/myproject.cpp:66]   --->   Operation 33 'select' 'layer10_out_13_0' <Predicate = true> <Delay = 0.39> <CoreInst = "Sel">   --->   Core 73 'Sel' <Latency = 0> <II = 1> <Delay = 0.39> <FuncUnit> <Opcode : 'select'> <InPorts = 3> <OutPorts = 1>
ST_1 : Operation 34 [1/1] (0.82ns)   --->   "%icmp_ln45_9 = icmp_sgt  i13 %layer9_out_15_val_read, i13 0" [firmware/nnet_utils/nnet_activation.h:45->firmware/myproject.cpp:66]   --->   Operation 34 'icmp' 'icmp_ln45_9' <Predicate = true> <Delay = 0.82> <CoreInst = "Cmp">   --->   Core 9 'Cmp' <Latency = 0> <II = 1> <Delay = 0.82> <FuncUnit> <Opcode : 'seteq' 'setne' 'setle' 'setge' 'setlt' 'setgt'> <InPorts = 2> <OutPorts = 1>
ST_1 : Operation 35 [1/1] (0.00ns)   --->   "%trunc_ln46_9 = partselect i8 @_ssdm_op_PartSelect.i8.i13.i32.i32, i13 %layer9_out_15_val_read, i32 1, i32 8" [firmware/nnet_utils/nnet_activation.h:46->firmware/myproject.cpp:66]   --->   Operation 35 'partselect' 'trunc_ln46_9' <Predicate = (icmp_ln45_9)> <Delay = 0.00>
ST_1 : Operation 36 [1/1] (0.00ns)   --->   "%trunc_ln46_14 = trunc i13 %layer9_out_15_val_read" [firmware/nnet_utils/nnet_activation.h:46->firmware/myproject.cpp:66]   --->   Operation 36 'trunc' 'trunc_ln46_14' <Predicate = (icmp_ln45_9)> <Delay = 0.00>
ST_1 : Operation 37 [1/1] (0.00ns)   --->   "%zext_ln46_9 = zext i1 %trunc_ln46_14" [firmware/nnet_utils/nnet_activation.h:46->firmware/myproject.cpp:66]   --->   Operation 37 'zext' 'zext_ln46_9' <Predicate = (icmp_ln45_9)> <Delay = 0.00>
ST_1 : Operation 38 [1/1] (0.76ns)   --->   "%add_ln46_9 = add i8 %trunc_ln46_9, i8 %zext_ln46_9" [firmware/nnet_utils/nnet_activation.h:46->firmware/myproject.cpp:66]   --->   Operation 38 'add' 'add_ln46_9' <Predicate = (icmp_ln45_9)> <Delay = 0.76> <CoreInst = "Adder">   --->   Core 1 'Adder' <Latency = 0> <II = 1> <Delay = 0.76> <FuncUnit> <Opcode : 'add' 'sub'> <InPorts = 2> <OutPorts = 1>
ST_1 : Operation 39 [1/1] (0.39ns)   --->   "%layer10_out_15_0 = select i1 %icmp_ln45_9, i8 %add_ln46_9, i8 0" [firmware/nnet_utils/nnet_activation.h:45->firmware/myproject.cpp:66]   --->   Operation 39 'select' 'layer10_out_15_0' <Predicate = true> <Delay = 0.39> <CoreInst = "Sel">   --->   Core 73 'Sel' <Latency = 0> <II = 1> <Delay = 0.39> <FuncUnit> <Opcode : 'select'> <InPorts = 3> <OutPorts = 1>
ST_1 : Operation 40 [1/1] (0.82ns)   --->   "%icmp_ln45_10 = icmp_sgt  i13 %layer9_out_18_val_read, i13 0" [firmware/nnet_utils/nnet_activation.h:45->firmware/myproject.cpp:66]   --->   Operation 40 'icmp' 'icmp_ln45_10' <Predicate = true> <Delay = 0.82> <CoreInst = "Cmp">   --->   Core 9 'Cmp' <Latency = 0> <II = 1> <Delay = 0.82> <FuncUnit> <Opcode : 'seteq' 'setne' 'setle' 'setge' 'setlt' 'setgt'> <InPorts = 2> <OutPorts = 1>
ST_1 : Operation 41 [1/1] (0.00ns)   --->   "%trunc_ln46_s = partselect i8 @_ssdm_op_PartSelect.i8.i13.i32.i32, i13 %layer9_out_18_val_read, i32 1, i32 8" [firmware/nnet_utils/nnet_activation.h:46->firmware/myproject.cpp:66]   --->   Operation 41 'partselect' 'trunc_ln46_s' <Predicate = (icmp_ln45_10)> <Delay = 0.00>
ST_1 : Operation 42 [1/1] (0.00ns)   --->   "%trunc_ln46_15 = trunc i13 %layer9_out_18_val_read" [firmware/nnet_utils/nnet_activation.h:46->firmware/myproject.cpp:66]   --->   Operation 42 'trunc' 'trunc_ln46_15' <Predicate = (icmp_ln45_10)> <Delay = 0.00>
ST_1 : Operation 43 [1/1] (0.00ns)   --->   "%zext_ln46_10 = zext i1 %trunc_ln46_15" [firmware/nnet_utils/nnet_activation.h:46->firmware/myproject.cpp:66]   --->   Operation 43 'zext' 'zext_ln46_10' <Predicate = (icmp_ln45_10)> <Delay = 0.00>
ST_1 : Operation 44 [1/1] (0.76ns)   --->   "%add_ln46_10 = add i8 %trunc_ln46_s, i8 %zext_ln46_10" [firmware/nnet_utils/nnet_activation.h:46->firmware/myproject.cpp:66]   --->   Operation 44 'add' 'add_ln46_10' <Predicate = (icmp_ln45_10)> <Delay = 0.76> <CoreInst = "Adder">   --->   Core 1 'Adder' <Latency = 0> <II = 1> <Delay = 0.76> <FuncUnit> <Opcode : 'add' 'sub'> <InPorts = 2> <OutPorts = 1>
ST_1 : Operation 45 [1/1] (0.39ns)   --->   "%layer10_out_18_0 = select i1 %icmp_ln45_10, i8 %add_ln46_10, i8 0" [firmware/nnet_utils/nnet_activation.h:45->firmware/myproject.cpp:66]   --->   Operation 45 'select' 'layer10_out_18_0' <Predicate = true> <Delay = 0.39> <CoreInst = "Sel">   --->   Core 73 'Sel' <Latency = 0> <II = 1> <Delay = 0.39> <FuncUnit> <Opcode : 'select'> <InPorts = 3> <OutPorts = 1>
ST_1 : Operation 46 [1/1] (0.82ns)   --->   "%icmp_ln45_11 = icmp_sgt  i13 %layer9_out_21_val_read, i13 0" [firmware/nnet_utils/nnet_activation.h:45->firmware/myproject.cpp:66]   --->   Operation 46 'icmp' 'icmp_ln45_11' <Predicate = true> <Delay = 0.82> <CoreInst = "Cmp">   --->   Core 9 'Cmp' <Latency = 0> <II = 1> <Delay = 0.82> <FuncUnit> <Opcode : 'seteq' 'setne' 'setle' 'setge' 'setlt' 'setgt'> <InPorts = 2> <OutPorts = 1>
ST_1 : Operation 47 [1/1] (0.00ns)   --->   "%trunc_ln46_1 = partselect i8 @_ssdm_op_PartSelect.i8.i13.i32.i32, i13 %layer9_out_21_val_read, i32 1, i32 8" [firmware/nnet_utils/nnet_activation.h:46->firmware/myproject.cpp:66]   --->   Operation 47 'partselect' 'trunc_ln46_1' <Predicate = (icmp_ln45_11)> <Delay = 0.00>
ST_1 : Operation 48 [1/1] (0.00ns)   --->   "%trunc_ln46_16 = trunc i13 %layer9_out_21_val_read" [firmware/nnet_utils/nnet_activation.h:46->firmware/myproject.cpp:66]   --->   Operation 48 'trunc' 'trunc_ln46_16' <Predicate = (icmp_ln45_11)> <Delay = 0.00>
ST_1 : Operation 49 [1/1] (0.00ns)   --->   "%zext_ln46_11 = zext i1 %trunc_ln46_16" [firmware/nnet_utils/nnet_activation.h:46->firmware/myproject.cpp:66]   --->   Operation 49 'zext' 'zext_ln46_11' <Predicate = (icmp_ln45_11)> <Delay = 0.00>
ST_1 : Operation 50 [1/1] (0.76ns)   --->   "%add_ln46_11 = add i8 %trunc_ln46_1, i8 %zext_ln46_11" [firmware/nnet_utils/nnet_activation.h:46->firmware/myproject.cpp:66]   --->   Operation 50 'add' 'add_ln46_11' <Predicate = (icmp_ln45_11)> <Delay = 0.76> <CoreInst = "Adder">   --->   Core 1 'Adder' <Latency = 0> <II = 1> <Delay = 0.76> <FuncUnit> <Opcode : 'add' 'sub'> <InPorts = 2> <OutPorts = 1>
ST_1 : Operation 51 [1/1] (0.39ns)   --->   "%layer10_out_21_0 = select i1 %icmp_ln45_11, i8 %add_ln46_11, i8 0" [firmware/nnet_utils/nnet_activation.h:45->firmware/myproject.cpp:66]   --->   Operation 51 'select' 'layer10_out_21_0' <Predicate = true> <Delay = 0.39> <CoreInst = "Sel">   --->   Core 73 'Sel' <Latency = 0> <II = 1> <Delay = 0.39> <FuncUnit> <Opcode : 'select'> <InPorts = 3> <OutPorts = 1>
ST_1 : Operation 52 [1/1] (0.00ns)   --->   "%mrv = insertvalue i56 <undef>, i8 %layer10_out_3_0" [firmware/nnet_utils/nnet_activation.h:45->firmware/myproject.cpp:66]   --->   Operation 52 'insertvalue' 'mrv' <Predicate = true> <Delay = 0.00>
ST_1 : Operation 53 [1/1] (0.00ns)   --->   "%mrv_1 = insertvalue i56 %mrv, i8 %layer10_out_5_0" [firmware/nnet_utils/nnet_activation.h:45->firmware/myproject.cpp:66]   --->   Operation 53 'insertvalue' 'mrv_1' <Predicate = true> <Delay = 0.00>
ST_1 : Operation 54 [1/1] (0.00ns)   --->   "%mrv_2 = insertvalue i56 %mrv_1, i8 %layer10_out_6_0" [firmware/nnet_utils/nnet_activation.h:45->firmware/myproject.cpp:66]   --->   Operation 54 'insertvalue' 'mrv_2' <Predicate = true> <Delay = 0.00>
ST_1 : Operation 55 [1/1] (0.00ns)   --->   "%mrv_3 = insertvalue i56 %mrv_2, i8 %layer10_out_13_0" [firmware/nnet_utils/nnet_activation.h:45->firmware/myproject.cpp:66]   --->   Operation 55 'insertvalue' 'mrv_3' <Predicate = true> <Delay = 0.00>
ST_1 : Operation 56 [1/1] (0.00ns)   --->   "%mrv_4 = insertvalue i56 %mrv_3, i8 %layer10_out_15_0" [firmware/nnet_utils/nnet_activation.h:45->firmware/myproject.cpp:66]   --->   Operation 56 'insertvalue' 'mrv_4' <Predicate = true> <Delay = 0.00>
ST_1 : Operation 57 [1/1] (0.00ns)   --->   "%mrv_5 = insertvalue i56 %mrv_4, i8 %layer10_out_18_0" [firmware/nnet_utils/nnet_activation.h:45->firmware/myproject.cpp:66]   --->   Operation 57 'insertvalue' 'mrv_5' <Predicate = true> <Delay = 0.00>
ST_1 : Operation 58 [1/1] (0.00ns)   --->   "%mrv_6 = insertvalue i56 %mrv_5, i8 %layer10_out_21_0" [firmware/nnet_utils/nnet_activation.h:45->firmware/myproject.cpp:66]   --->   Operation 58 'insertvalue' 'mrv_6' <Predicate = true> <Delay = 0.00>
ST_1 : Operation 59 [1/1] (0.00ns)   --->   "%ret_ln45 = ret i56 %mrv_6" [firmware/nnet_utils/nnet_activation.h:45->firmware/myproject.cpp:66]   --->   Operation 59 'ret' 'ret_ln45' <Predicate = true> <Delay = 0.00>


============================================================
+ Verbose Summary: Timing violations
============================================================
Target clock period: 5.000ns, clock uncertainty: 1.350ns.

 <State 1>: 1.213ns
The critical path consists of the following:
	wire read operation ('layer9_out_3_val_read', firmware/nnet_utils/nnet_activation.h:42->firmware/myproject.cpp:66) on port 'layer9_out_3_val' (firmware/nnet_utils/nnet_activation.h:42->firmware/myproject.cpp:66) [15]  (0.000 ns)
	'icmp' operation 1 bit ('icmp_ln45', firmware/nnet_utils/nnet_activation.h:45->firmware/myproject.cpp:66) [16]  (0.820 ns)
	'select' operation 8 bit ('layer10_out_3_0', firmware/nnet_utils/nnet_activation.h:45->firmware/myproject.cpp:66) [21]  (0.393 ns)


============================================================
+ Verbose Summary: Binding
============================================================
N/A
* FSMD analyzer results:
  - Output states:
 - Input state : 
  - Chain level:
	State 1


============================================================
+ Verbose Summary: Datapath Resource usage 
============================================================
N/A
