

================================================================
== Vitis HLS Report for 'dense_latency_ap_ufixed_8_6_0_3_0_ap_fixed_18_8_5_3_0_config12_s'
================================================================
* Date:           Thu May  7 12:11:47 2026

* Version:        2025.2 (Build 6295257 on Nov 14 2025)
* Project:        vitis_unified_project
* Solution:       hls (Vivado IP Flow Target)
* Product family: zynquplus
* Target device:  xck26-sfvc784-2LV-c


================================================================
== Performance Estimates
================================================================
+ Timing: 
    * Summary: 
    +--------+---------+----------+------------+
    |  Clock |  Target | Estimated| Uncertainty|
    +--------+---------+----------+------------+
    |ap_clk  |  5.00 ns|  4.187 ns|     0.62 ns|
    +--------+---------+----------+------------+

+ Latency: 
    * Summary: 
    +---------+---------+----------+----------+-----+-----+---------+
    |  Latency (cycles) |  Latency (absolute) |  Interval | Pipeline|
    |   min   |   max   |    min   |    max   | min | max |   Type  |
    +---------+---------+----------+----------+-----+-----+---------+
    |        1|        1|  5.000 ns|  5.000 ns|    1|    1|      yes|
    +---------+---------+----------+----------+-----+-----+---------+

    + Detail: 
        * Instance: 
        N/A

        * Loop: 
        N/A



================================================================
== Utilization Estimates
================================================================
* Summary: 
+-----------------+---------+------+--------+--------+-----+
|       Name      | BRAM_18K|  DSP |   FF   |   LUT  | URAM|
+-----------------+---------+------+--------+--------+-----+
|DSP              |        -|     -|       -|       -|    -|
|Expression       |        -|     -|       0|    2479|    -|
|FIFO             |        -|     -|       -|       -|    -|
|Instance         |        -|     0|       0|     160|    -|
|Memory           |        -|     -|       -|       -|    -|
|Multiplexer      |        -|     -|       -|       -|    -|
|Register         |        -|     -|     199|       -|    -|
+-----------------+---------+------+--------+--------+-----+
|Total            |        0|     0|     199|    2639|    0|
+-----------------+---------+------+--------+--------+-----+
|Available        |      288|  1248|  234240|  117120|   64|
+-----------------+---------+------+--------+--------+-----+
|Utilization (%)  |        0|     0|      ~0|       2|    0|
+-----------------+---------+------+--------+--------+-----+

+ Detail: 
    * Instance: 
    +-------------------------+--------------------+---------+----+---+----+-----+
    |         Instance        |       Module       | BRAM_18K| DSP| FF| LUT| URAM|
    +-------------------------+--------------------+---------+----+---+----+-----+
    |mul_8ns_7ns_14_1_1_U171  |mul_8ns_7ns_14_1_1  |        0|   0|  0|  40|    0|
    |mul_8ns_7s_15_1_1_U170   |mul_8ns_7s_15_1_1   |        0|   0|  0|  40|    0|
    |mul_8ns_8ns_15_1_1_U169  |mul_8ns_8ns_15_1_1  |        0|   0|  0|  40|    0|
    |mul_8ns_8ns_15_1_1_U172  |mul_8ns_8ns_15_1_1  |        0|   0|  0|  40|    0|
    +-------------------------+--------------------+---------+----+---+----+-----+
    |Total                    |                    |        0|   0|  0| 160|    0|
    +-------------------------+--------------------+---------+----+---+----+-----+

    * DSP: 
    N/A

    * Memory: 
    N/A

    * FIFO: 
    N/A

    * Expression: 
    +------------------------+----------+----+---+----+------------+------------+
    |      Variable Name     | Operation| DSP| FF| LUT| Bitwidth P0| Bitwidth P1|
    +------------------------+----------+----+---+----+------------+------------+
    |add_ln58_10_fu_2346_p2  |         +|   0|  0|  16|          15|          15|
    |add_ln58_11_fu_2356_p2  |         +|   0|  0|  21|          14|           8|
    |add_ln58_12_fu_2366_p2  |         +|   0|  0|  22|          15|          15|
    |add_ln58_13_fu_2376_p2  |         +|   0|  0|  23|          16|          16|
    |add_ln58_14_fu_2394_p2  |         +|   0|  0|  22|          15|          15|
    |add_ln58_15_fu_2404_p2  |         +|   0|  0|  23|          16|          16|
    |add_ln58_16_fu_2418_p2  |         +|   0|  0|  24|          17|          17|
    |add_ln58_17_fu_2424_p2  |         +|   0|  0|  16|          16|          16|
    |add_ln58_18_fu_2430_p2  |         +|   0|  0|  22|          15|          15|
    |add_ln58_19_fu_2440_p2  |         +|   0|  0|  16|          16|          16|
    |add_ln58_1_fu_2236_p2   |         +|   0|  0|  17|          13|           8|
    |add_ln58_20_fu_2454_p2  |         +|   0|  0|  22|          15|          15|
    |add_ln58_21_fu_2464_p2  |         +|   0|  0|  16|          16|          16|
    |add_ln58_22_fu_2470_p2  |         +|   0|  0|  17|          12|          12|
    |add_ln58_23_fu_2480_p2  |         +|   0|  0|  20|          13|          13|
    |add_ln58_24_fu_2490_p2  |         +|   0|  0|  16|          16|          16|
    |add_ln58_25_fu_2496_p2  |         +|   0|  0|  24|          17|          17|
    |add_ln58_26_fu_2502_p2  |         +|   0|  0|  22|          15|          15|
    |add_ln58_27_fu_2512_p2  |         +|   0|  0|  17|          17|          17|
    |add_ln58_28_fu_2518_p2  |         +|   0|  0|  24|          17|          17|
    |add_ln58_29_fu_2524_p2  |         +|   0|  0|  17|          17|          17|
    |add_ln58_2_fu_2246_p2   |         +|   0|  0|  17|          13|           8|
    |add_ln58_30_fu_2530_p2  |         +|   0|  0|  21|          14|          14|
    |add_ln58_31_fu_2540_p2  |         +|   0|  0|  17|          12|          12|
    |add_ln58_32_fu_2550_p2  |         +|   0|  0|  22|          15|          15|
    |add_ln58_33_fu_2560_p2  |         +|   0|  0|  17|          17|          17|
    |add_ln58_34_fu_3147_p2  |         +|   0|  0|  17|          17|          17|
    |add_ln58_35_fu_3153_p2  |         +|   0|  0|  21|          14|          14|
    |add_ln58_36_fu_3163_p2  |         +|   0|  0|  22|          15|          15|
    |add_ln58_37_fu_3173_p2  |         +|   0|  0|  17|          17|          17|
    |add_ln58_38_fu_2566_p2  |         +|   0|  0|  24|          17|          17|
    |add_ln58_39_fu_3183_p2  |         +|   0|  0|  22|          15|          15|
    |add_ln58_3_fu_2256_p2   |         +|   0|  0|  16|          15|          10|
    |add_ln58_40_fu_3193_p2  |         +|   0|  0|  17|          17|          17|
    |add_ln58_41_fu_2572_p2  |         +|   0|  0|  21|          14|          14|
    |add_ln58_42_fu_3201_p2  |         +|   0|  0|  20|          13|          13|
    |add_ln58_43_fu_3211_p2  |         +|   0|  0|  21|          14|          14|
    |add_ln58_44_fu_3221_p2  |         +|   0|  0|  22|          15|          15|
    |add_ln58_45_fu_3231_p2  |         +|   0|  0|  17|          17|          17|
    |add_ln58_46_fu_3285_p2  |         +|   0|  0|  22|          15|          15|
    |add_ln58_47_fu_3295_p2  |         +|   0|  0|  18|          18|          18|
    |add_ln58_48_fu_3301_p2  |         +|   0|  0|  21|          14|          14|
    |add_ln58_49_fu_3311_p2  |         +|   0|  0|  23|          16|          16|
    |add_ln58_4_fu_2262_p2   |         +|   0|  0|  16|          15|          15|
    |add_ln58_50_fu_3321_p2  |         +|   0|  0|  18|          18|          18|
    |add_ln58_51_fu_3327_p2  |         +|   0|  0|  18|          18|          18|
    |add_ln58_52_fu_3333_p2  |         +|   0|  0|  20|          13|          13|
    |add_ln58_53_fu_3343_p2  |         +|   0|  0|  22|          15|          15|
    |add_ln58_54_fu_3353_p2  |         +|   0|  0|  18|          18|          18|
    |add_ln58_55_fu_2578_p2  |         +|   0|  0|  17|          17|          17|
    |add_ln58_56_fu_3366_p2  |         +|   0|  0|  22|          15|          15|
    |add_ln58_57_fu_3376_p2  |         +|   0|  0|  18|          18|          18|
    |add_ln58_58_fu_3382_p2  |         +|   0|  0|  21|          14|          14|
    |add_ln58_59_fu_3392_p2  |         +|   0|  0|  20|          13|          13|
    |add_ln58_5_fu_2280_p2   |         +|   0|  0|  21|          14|          14|
    |add_ln58_60_fu_3402_p2  |         +|   0|  0|  21|          14|          14|
    |add_ln58_61_fu_3412_p2  |         +|   0|  0|  22|          15|          15|
    |add_ln58_62_fu_3422_p2  |         +|   0|  0|  18|          18|          18|
    |add_ln58_63_fu_3432_p2  |         +|   0|  0|  25|          18|          18|
    |add_ln58_64_fu_3438_p2  |         +|   0|  0|  16|          16|          16|
    |add_ln58_65_fu_3444_p2  |         +|   0|  0|  16|          16|          16|
    |add_ln58_66_fu_3454_p2  |         +|   0|  0|  18|          18|          18|
    |add_ln58_67_fu_3460_p2  |         +|   0|  0|  22|          15|          15|
    |add_ln58_68_fu_3470_p2  |         +|   0|  0|  20|          13|          13|
    |add_ln58_69_fu_3480_p2  |         +|   0|  0|  21|          14|          14|
    |add_ln58_6_fu_2294_p2   |         +|   0|  0|  22|          15|          15|
    |add_ln58_70_fu_3490_p2  |         +|   0|  0|  23|          16|          16|
    |add_ln58_71_fu_3500_p2  |         +|   0|  0|  18|          18|          18|
    |add_ln58_72_fu_3506_p2  |         +|   0|  0|  16|          15|          15|
    |add_ln58_73_fu_3516_p2  |         +|   0|  0|  18|          18|          18|
    |add_ln58_74_fu_3522_p2  |         +|   0|  0|  19|          12|          12|
    |add_ln58_75_fu_3532_p2  |         +|   0|  0|  16|          14|          14|
    |add_ln58_76_fu_3542_p2  |         +|   0|  0|  18|          18|          18|
    |add_ln58_7_fu_2304_p2   |         +|   0|  0|  22|          15|          15|
    |add_ln58_8_fu_2318_p2   |         +|   0|  0|  21|          14|          14|
    |add_ln58_9_fu_2328_p2   |         +|   0|  0|  23|          16|          16|
    |add_ln58_fu_2226_p2     |         +|   0|  0|  22|          15|           8|
    |add_ln73_1_fu_1807_p2   |         +|   0|  0|  21|          14|          14|
    |add_ln73_2_fu_1875_p2   |         +|   0|  0|  21|          14|          14|
    |add_ln73_3_fu_2812_p2   |         +|   0|  0|  16|          15|          15|
    |add_ln73_4_fu_2996_p2   |         +|   0|  0|  21|          14|          14|
    |add_ln73_5_fu_3062_p2   |         +|   0|  0|  20|          13|          13|
    |add_ln73_6_fu_3100_p2   |         +|   0|  0|  16|          14|          14|
    |add_ln73_fu_1648_p2     |         +|   0|  0|  16|          15|          15|
    |sub_ln73_10_fu_1839_p2  |         -|   0|  0|  21|           1|          14|
    |sub_ln73_11_fu_1869_p2  |         -|   0|  0|  21|          14|          14|
    |sub_ln73_12_fu_1893_p2  |         -|   0|  0|  20|          13|          13|
    |sub_ln73_13_fu_1911_p2  |         -|   0|  0|  19|           1|          12|
    |sub_ln73_14_fu_1933_p2  |         -|   0|  0|  20|           1|          13|
    |sub_ln73_15_fu_1959_p2  |         -|   0|  0|  21|          14|          14|
    |sub_ln73_16_fu_1985_p2  |         -|   0|  0|  23|          16|          16|
    |sub_ln73_17_fu_2007_p2  |         -|   0|  0|  17|          12|          12|
    |sub_ln73_18_fu_2025_p2  |         -|   0|  0|  22|           1|          15|
    |sub_ln73_19_fu_2606_p2  |         -|   0|  0|  22|           1|          15|
    |sub_ln73_1_fu_1612_p2   |         -|   0|  0|  17|          13|          13|
    |sub_ln73_20_fu_2068_p2  |         -|   0|  0|  17|          12|          12|
    |sub_ln73_21_fu_2086_p2  |         -|   0|  0|  19|          12|          12|
    |sub_ln73_22_fu_2132_p2  |         -|   0|  0|  22|          15|          15|
    |sub_ln73_23_fu_2638_p2  |         -|   0|  0|  21|          14|          14|
    |sub_ln73_24_fu_2648_p2  |         -|   0|  0|  16|           1|          16|
    |sub_ln73_25_fu_2665_p2  |         -|   0|  0|  16|          16|          16|
    |sub_ln73_26_fu_2166_p2  |         -|   0|  0|  23|           1|          16|
    |sub_ln73_27_fu_2711_p2  |         -|   0|  0|  21|          14|          14|
    |sub_ln73_28_fu_2721_p2  |         -|   0|  0|  22|           1|          15|
    |sub_ln73_29_fu_2757_p2  |         -|   0|  0|  21|          14|          14|
    |sub_ln73_2_fu_1638_p2   |         -|   0|  0|  17|          13|          13|
    |sub_ln73_30_fu_2770_p2  |         -|   0|  0|  19|          12|          12|
    |sub_ln73_31_fu_2836_p2  |         -|   0|  0|  21|          14|          14|
    |sub_ln73_32_fu_2883_p2  |         -|   0|  0|  20|          13|          13|
    |sub_ln73_33_fu_2212_p2  |         -|   0|  0|  23|          16|          16|
    |sub_ln73_34_fu_2899_p2  |         -|   0|  0|  21|          14|          14|
    |sub_ln73_35_fu_2923_p2  |         -|   0|  0|  21|          14|          14|
    |sub_ln73_36_fu_2947_p2  |         -|   0|  0|  19|          12|          12|
    |sub_ln73_37_fu_2957_p2  |         -|   0|  0|  19|          12|          12|
    |sub_ln73_38_fu_3013_p2  |         -|   0|  0|  20|           1|          13|
    |sub_ln73_39_fu_3034_p2  |         -|   0|  0|  19|           1|          12|
    |sub_ln73_3_fu_1666_p2   |         -|   0|  0|  21|           1|          14|
    |sub_ln73_40_fu_3079_p2  |         -|   0|  0|  21|          14|          14|
    |sub_ln73_4_fu_1688_p2   |         -|   0|  0|  20|           1|          13|
    |sub_ln73_5_fu_1714_p2   |         -|   0|  0|  21|          14|          14|
    |sub_ln73_6_fu_1736_p2   |         -|   0|  0|  21|          14|          14|
    |sub_ln73_7_fu_1758_p2   |         -|   0|  0|  20|           1|          13|
    |sub_ln73_8_fu_1793_p2   |         -|   0|  0|  20|          13|          13|
    |sub_ln73_9_fu_1821_p2   |         -|   0|  0|  21|          14|          14|
    |sub_ln73_fu_1578_p2     |         -|   0|  0|  21|          14|          14|
    |ap_enable_pp0           |       xor|   0|  0|   2|           1|           2|
    +------------------------+----------+----+---+----+------------+------------+
    |Total                   |          |   0|  0|2479|        1683|        1824|
    +------------------------+----------+----+---+----+------------+------------+

    * Multiplexer: 
    N/A

    * Register: 
    +---------------------------+----+----+-----+-----------+
    |            Name           | FF | LUT| Bits| Const Bits|
    +---------------------------+----+----+-----+-----------+
    |add_ln58_16_reg_3668       |  17|   0|   17|          0|
    |add_ln58_24_reg_3673       |  16|   0|   16|          0|
    |add_ln58_33_reg_3678       |  16|   0|   17|          1|
    |add_ln58_38_reg_3683       |  14|   0|   17|          3|
    |add_ln58_41_reg_3688       |  13|   0|   14|          1|
    |add_ln58_55_reg_3693       |  17|   0|   17|          0|
    |ap_CS_fsm                  |   1|   0|    1|          0|
    |ap_enable_reg_pp0_iter1    |   1|   0|    1|          0|
    |data_12_val_read_reg_3652  |   8|   0|    8|          0|
    |data_21_val_read_reg_3644  |   8|   0|    8|          0|
    |data_22_val_read_reg_3639  |   8|   0|    8|          0|
    |data_23_val_read_reg_3632  |   8|   0|    8|          0|
    |data_25_val_read_reg_3624  |   8|   0|    8|          0|
    |data_26_val_read_reg_3617  |   8|   0|    8|          0|
    |data_27_val_read_reg_3610  |   8|   0|    8|          0|
    |data_28_val_read_reg_3603  |   8|   0|    8|          0|
    |data_29_val_read_reg_3594  |   8|   0|    8|          0|
    |data_30_val_read_reg_3587  |   8|   0|    8|          0|
    |data_31_val_read_reg_3578  |   8|   0|    8|          0|
    |tmp_210_reg_3663           |   8|   0|   12|          4|
    |zext_ln73_52_reg_3658      |   8|   0|   12|          4|
    +---------------------------+----+----+-----+-----------+
    |Total                      | 199|   0|  212|         13|
    +---------------------------+----+----+-----+-----------+



================================================================
== Interface
================================================================
* Summary: 
+-------------+-----+-----+------------+-----------------------------------------------------------------------------+--------------+
|  RTL Ports  | Dir | Bits|  Protocol  |                                Source Object                                |    C Type    |
+-------------+-----+-----+------------+-----------------------------------------------------------------------------+--------------+
|ap_clk       |   in|    1|  ap_ctrl_hs|  dense_latency<ap_ufixed<8, 6, 0, 3, 0>, ap_fixed<18, 8, 5, 3, 0>, config12>|  return value|
|ap_rst       |   in|    1|  ap_ctrl_hs|  dense_latency<ap_ufixed<8, 6, 0, 3, 0>, ap_fixed<18, 8, 5, 3, 0>, config12>|  return value|
|ap_start     |   in|    1|  ap_ctrl_hs|  dense_latency<ap_ufixed<8, 6, 0, 3, 0>, ap_fixed<18, 8, 5, 3, 0>, config12>|  return value|
|ap_done      |  out|    1|  ap_ctrl_hs|  dense_latency<ap_ufixed<8, 6, 0, 3, 0>, ap_fixed<18, 8, 5, 3, 0>, config12>|  return value|
|ap_idle      |  out|    1|  ap_ctrl_hs|  dense_latency<ap_ufixed<8, 6, 0, 3, 0>, ap_fixed<18, 8, 5, 3, 0>, config12>|  return value|
|ap_ready     |  out|    1|  ap_ctrl_hs|  dense_latency<ap_ufixed<8, 6, 0, 3, 0>, ap_fixed<18, 8, 5, 3, 0>, config12>|  return value|
|ap_return_0  |  out|   18|  ap_ctrl_hs|  dense_latency<ap_ufixed<8, 6, 0, 3, 0>, ap_fixed<18, 8, 5, 3, 0>, config12>|  return value|
|ap_return_1  |  out|   18|  ap_ctrl_hs|  dense_latency<ap_ufixed<8, 6, 0, 3, 0>, ap_fixed<18, 8, 5, 3, 0>, config12>|  return value|
|ap_return_2  |  out|   18|  ap_ctrl_hs|  dense_latency<ap_ufixed<8, 6, 0, 3, 0>, ap_fixed<18, 8, 5, 3, 0>, config12>|  return value|
|ap_return_3  |  out|   18|  ap_ctrl_hs|  dense_latency<ap_ufixed<8, 6, 0, 3, 0>, ap_fixed<18, 8, 5, 3, 0>, config12>|  return value|
|ap_return_4  |  out|   18|  ap_ctrl_hs|  dense_latency<ap_ufixed<8, 6, 0, 3, 0>, ap_fixed<18, 8, 5, 3, 0>, config12>|  return value|
|data_2_val   |   in|    8|     ap_none|                                                                   data_2_val|        scalar|
|data_4_val   |   in|    8|     ap_none|                                                                   data_4_val|        scalar|
|data_6_val   |   in|    8|     ap_none|                                                                   data_6_val|        scalar|
|data_8_val   |   in|    8|     ap_none|                                                                   data_8_val|        scalar|
|data_9_val   |   in|    8|     ap_none|                                                                   data_9_val|        scalar|
|data_10_val  |   in|    8|     ap_none|                                                                  data_10_val|        scalar|
|data_11_val  |   in|    8|     ap_none|                                                                  data_11_val|        scalar|
|data_12_val  |   in|    8|     ap_none|                                                                  data_12_val|        scalar|
|data_17_val  |   in|    8|     ap_none|                                                                  data_17_val|        scalar|
|data_19_val  |   in|    8|     ap_none|                                                                  data_19_val|        scalar|
|data_21_val  |   in|    8|     ap_none|                                                                  data_21_val|        scalar|
|data_22_val  |   in|    8|     ap_none|                                                                  data_22_val|        scalar|
|data_23_val  |   in|    8|     ap_none|                                                                  data_23_val|        scalar|
|data_25_val  |   in|    8|     ap_none|                                                                  data_25_val|        scalar|
|data_26_val  |   in|    8|     ap_none|                                                                  data_26_val|        scalar|
|data_27_val  |   in|    8|     ap_none|                                                                  data_27_val|        scalar|
|data_28_val  |   in|    8|     ap_none|                                                                  data_28_val|        scalar|
|data_29_val  |   in|    8|     ap_none|                                                                  data_29_val|        scalar|
|data_30_val  |   in|    8|     ap_none|                                                                  data_30_val|        scalar|
|data_31_val  |   in|    8|     ap_none|                                                                  data_31_val|        scalar|
+-------------+-----+-----+------------+-----------------------------------------------------------------------------+--------------+

