

================================================================
== Vitis HLS Report for 'load_input_float_array_Pipeline_VITIS_LOOP_13_1_VITIS_LOOP_14_2'
================================================================
* Date:           Mon May  4 23:31:03 2026

* Version:        2025.2 (Build 6295257 on Nov 14 2025)
* Project:        vitis_unified_project
* Solution:       hls (Vivado IP Flow Target)
* Product family: zynquplus
* Target device:  xck26-sfvc784-2LV-c


================================================================
== Performance Estimates
================================================================
+ Timing: 
    * Summary: 
    +--------+---------+----------+------------+
    |  Clock |  Target | Estimated| Uncertainty|
    +--------+---------+----------+------------+
    |ap_clk  |  5.00 ns|  4.375 ns|     0.62 ns|
    +--------+---------+----------+------------+

+ Latency: 
    * Summary: 
    +---------+---------+----------+----------+-----+-----+-------------------+
    |  Latency (cycles) |  Latency (absolute) |  Interval |      Pipeline     |
    |   min   |   max   |    min   |    max   | min | max |        Type       |
    +---------+---------+----------+----------+-----+-----+-------------------+
    |        ?|        ?|         ?|         ?|    0|    0|  loop pipeline stp|
    +---------+---------+----------+----------+-----+-----+-------------------+

    + Detail: 
        * Instance: 
        N/A

        * Loop: 
        +-----------------------------------+---------+---------+----------+-----------+-----------+------+----------+
        |                                   |  Latency (cycles) | Iteration|  Initiation Interval  | Trip |          |
        |             Loop Name             |   min   |   max   |  Latency |  achieved |   target  | Count| Pipelined|
        +-----------------------------------+---------+---------+----------+-----------+-----------+------+----------+
        |- VITIS_LOOP_13_1_VITIS_LOOP_14_2  |        ?|        ?|         6|          1|          1|     ?|       yes|
        +-----------------------------------+---------+---------+----------+-----------+-----------+------+----------+

============================================================
+ Verbose Summary: Synthesis Manager
============================================================
InlineROM: 1
ExposeGlobal: 0
============================================================
+ Verbose Summary: CDFG Model
============================================================
IsTopModel: 0
ResetActiveHigh: 1
IsCombinational: 0
IsDatapathOnly: 0
HasWiredReturn: 1
HasMFsm: 2
HasVarLatency: 1
IsPipeline: 0
IsRtlPipelined: 0
IsInstanceOverlapped: 0
IsDontTouch: 0
HasImplIP: 0
IsGatedGlobalClock: 0

+ Individual pipeline summary: 
  * Pipeline-0: initiation interval (II) = 1, depth = 7


============================================================
+ Verbose Summary: Schedule
============================================================
* Number of FSM states : 7
* Pipeline : 1
  Pipeline-0 : II = 1, D = 7, States = { 1 2 3 4 5 6 7 }
* Dataflow Pipeline: 0

* FSM state transitions: 
1 --> 2 
2 --> 3 
3 --> 4 
4 --> 5 
5 --> 6 
6 --> 7 
7 --> 

* FSM state operations: 

State 1 <SV = 0> <Delay = 0.42>
ST_1 : Operation 9 [1/1] (0.00ns)   --->   "%indvar_flatten = alloca i32 1"   --->   Operation 9 'alloca' 'indvar_flatten' <Predicate = true> <Delay = 0.00>
ST_1 : Operation 10 [1/1] (0.00ns)   --->   "%sext_ln13_read = read i62 @_ssdm_op_Read.ap_auto.i62, i62 %sext_ln13"   --->   Operation 10 'read' 'sext_ln13_read' <Predicate = true> <Delay = 0.00>
ST_1 : Operation 11 [1/1] (0.00ns)   --->   "%bound_read = read i41 @_ssdm_op_Read.ap_auto.i41, i41 %bound"   --->   Operation 11 'read' 'bound_read' <Predicate = true> <Delay = 0.00>
ST_1 : Operation 12 [1/1] (0.00ns)   --->   "%sext_ln13_cast = sext i62 %sext_ln13_read"   --->   Operation 12 'sext' 'sext_ln13_cast' <Predicate = true> <Delay = 0.00>
ST_1 : Operation 13 [1/1] (0.00ns)   --->   "%specinterface_ln0 = specinterface void @_ssdm_op_SpecInterface, i32 %gmem_in0, void @empty_14, i32 0, i32 0, void @empty_15, i32 0, i32 784, void @empty_2, void @empty_3, void @empty_15, i32 16, i32 16, i32 16, i32 16, void @empty_15, void @empty_15, i32 4294967295, i32 0, i32 0, i32 4"   --->   Operation 13 'specinterface' 'specinterface_ln0' <Predicate = true> <Delay = 0.00>
ST_1 : Operation 14 [1/1] (0.00ns)   --->   "%specinterface_ln0 = specinterface void @_ssdm_op_SpecInterface, i8 %stream_in0_input_layer, void @empty_10, i32 0, i32 0, void @empty_15, i32 0, i32 0, void @empty_15, void @empty_15, void @empty_15, i32 0, i32 0, i32 0, i32 0, void @empty_15, void @empty_15, i32 4294967295, i32 0, i32 0, i32 0"   --->   Operation 14 'specinterface' 'specinterface_ln0' <Predicate = true> <Delay = 0.00>
ST_1 : Operation 15 [1/1] (0.42ns)   --->   "%store_ln0 = store i41 0, i41 %indvar_flatten"   --->   Operation 15 'store' 'store_ln0' <Predicate = true> <Delay = 0.42>
ST_1 : Operation 16 [1/1] (0.00ns)   --->   "%br_ln0 = br void %VITIS_LOOP_16_3.i"   --->   Operation 16 'br' 'br_ln0' <Predicate = true> <Delay = 0.00>

State 2 <SV = 1> <Delay = 1.46>
ST_2 : Operation 17 [1/1] (0.00ns)   --->   "%indvar_flatten_load = load i41 %indvar_flatten" [firmware/myproject_axi_master.cpp:13]   --->   Operation 17 'load' 'indvar_flatten_load' <Predicate = true> <Delay = 0.00>
ST_2 : Operation 18 [1/1] (1.04ns)   --->   "%icmp_ln13 = icmp_eq  i41 %indvar_flatten_load, i41 %bound_read" [firmware/myproject_axi_master.cpp:13]   --->   Operation 18 'icmp' 'icmp_ln13' <Predicate = true> <Delay = 1.04> <CoreInst = "Cmp">   --->   Core 9 'Cmp' <Latency = 0> <II = 1> <Delay = 1.04> <FuncUnit> <Opcode : 'seteq' 'setne' 'setle' 'setge' 'setlt' 'setgt'> <InPorts = 2> <OutPorts = 1>
ST_2 : Operation 19 [1/1] (0.00ns)   --->   "%br_ln13 = br i1 %icmp_ln13, void %for.inc13.i, void %load_input<float, array<ap_ufixed<4, 2, 0, 3, 0>, 1u> >.exit.exitStub" [firmware/myproject_axi_master.cpp:13]   --->   Operation 19 'br' 'br_ln13' <Predicate = true> <Delay = 0.00>
ST_2 : Operation 20 [1/1] (1.04ns)   --->   "%add_ln13 = add i41 %indvar_flatten_load, i41 1" [firmware/myproject_axi_master.cpp:13]   --->   Operation 20 'add' 'add_ln13' <Predicate = (!icmp_ln13)> <Delay = 1.04> <CoreInst = "Adder">   --->   Core 1 'Adder' <Latency = 0> <II = 1> <Delay = 1.04> <FuncUnit> <Opcode : 'add' 'sub'> <InPorts = 2> <OutPorts = 1>
ST_2 : Operation 21 [1/1] (0.42ns)   --->   "%store_ln13 = store i41 %add_ln13, i41 %indvar_flatten" [firmware/myproject_axi_master.cpp:13]   --->   Operation 21 'store' 'store_ln13' <Predicate = (!icmp_ln13)> <Delay = 0.42>

State 3 <SV = 2> <Delay = 4.37>
ST_3 : Operation 22 [1/1] (0.00ns)   --->   "%gmem_in0_addr = getelementptr i32 %gmem_in0, i64 %sext_ln13_cast" [firmware/myproject_axi_master.cpp:13]   --->   Operation 22 'getelementptr' 'gmem_in0_addr' <Predicate = true> <Delay = 0.00>
ST_3 : Operation 23 [1/1] ( I:4.37ns O:4.37ns )   --->   "%gmem_in0_addr_read = read i32 @_ssdm_op_Read.m_axi.i32.p1i32, i32 %gmem_in0_addr" [firmware/myproject_axi_master.cpp:17]   --->   Operation 23 'read' 'gmem_in0_addr_read' <Predicate = true> <Delay = 4.37> <CoreInst = "m_axi">   --->   Core 119 'm_axi' <Latency = 3> <II = 1> <Delay = 1.00> <Adapter> <Opcode : 'readrequnaligned' 'writerequnaligned' 'read' 'write' 'readreq' 'writereq' 'writeresp'>

State 4 <SV = 3> <Delay = 2.30>
ST_4 : Operation 24 [1/1] (0.00ns)   --->   "%bitcast_ln17 = bitcast i32 %gmem_in0_addr_read" [firmware/myproject_axi_master.cpp:17]   --->   Operation 24 'bitcast' 'bitcast_ln17' <Predicate = true> <Delay = 0.00>
ST_4 : Operation 25 [2/2] (2.30ns)   --->   "%pf = fpext i32 %bitcast_ln17" [firmware/myproject_axi_master.cpp:17]   --->   Operation 25 'fpext' 'pf' <Predicate = true> <Delay = 2.30> <CoreInst = "Float2Double">   --->   Core 64 'Float2Double' <Latency = 1> <II = 1> <Delay = 2.30> <FuncUnit> <Opcode : 'fpext'> <InPorts = 1> <OutPorts = 1>

State 5 <SV = 4> <Delay = 3.39>
ST_5 : Operation 26 [1/2] (2.30ns)   --->   "%pf = fpext i32 %bitcast_ln17" [firmware/myproject_axi_master.cpp:17]   --->   Operation 26 'fpext' 'pf' <Predicate = true> <Delay = 2.30> <CoreInst = "Float2Double">   --->   Core 64 'Float2Double' <Latency = 1> <II = 1> <Delay = 2.30> <FuncUnit> <Opcode : 'fpext'> <InPorts = 1> <OutPorts = 1>
ST_5 : Operation 27 [1/1] (0.00ns)   --->   "%bitcast_ln726 = bitcast i64 %pf" [firmware/myproject_axi_master.cpp:17]   --->   Operation 27 'bitcast' 'bitcast_ln726' <Predicate = true> <Delay = 0.00>
ST_5 : Operation 28 [1/1] (0.00ns)   --->   "%trunc_ln17 = trunc i64 %bitcast_ln726" [firmware/myproject_axi_master.cpp:17]   --->   Operation 28 'trunc' 'trunc_ln17' <Predicate = true> <Delay = 0.00>
ST_5 : Operation 29 [1/1] (0.00ns)   --->   "%tmp = bitselect i1 @_ssdm_op_BitSelect.i1.i64.i32, i64 %bitcast_ln726, i32 63" [firmware/myproject_axi_master.cpp:17]   --->   Operation 29 'bitselect' 'tmp' <Predicate = true> <Delay = 0.00>
ST_5 : Operation 30 [1/1] (0.00ns)   --->   "%tmp_i = partselect i11 @_ssdm_op_PartSelect.i11.i64.i32, i64 %bitcast_ln726, i32 52" [firmware/myproject_axi_master.cpp:17]   --->   Operation 30 'partselect' 'tmp_i' <Predicate = true> <Delay = 0.00>
ST_5 : Operation 31 [1/1] (0.00ns)   --->   "%trunc_ln17_1 = trunc i64 %bitcast_ln726" [firmware/myproject_axi_master.cpp:17]   --->   Operation 31 'trunc' 'trunc_ln17_1' <Predicate = true> <Delay = 0.00>
ST_5 : Operation 32 [1/1] (1.08ns)   --->   "%icmp_ln17 = icmp_eq  i63 %trunc_ln17, i63 0" [firmware/myproject_axi_master.cpp:17]   --->   Operation 32 'icmp' 'icmp_ln17' <Predicate = true> <Delay = 1.08> <CoreInst = "Cmp">   --->   Core 9 'Cmp' <Latency = 0> <II = 1> <Delay = 1.08> <FuncUnit> <Opcode : 'seteq' 'setne' 'setle' 'setge' 'setlt' 'setgt'> <InPorts = 2> <OutPorts = 1>

State 6 <SV = 5> <Delay = 4.30>
ST_6 : Operation 33 [1/1] (0.00ns)   --->   "%zext_ln17 = zext i11 %tmp_i" [firmware/myproject_axi_master.cpp:17]   --->   Operation 33 'zext' 'zext_ln17' <Predicate = true> <Delay = 0.00>
ST_6 : Operation 34 [1/1] (0.00ns)   --->   "%zext_ln17_1_cast = bitconcatenate i53 @_ssdm_op_BitConcatenate.i53.i1.i52, i1 1, i52 %trunc_ln17_1" [firmware/myproject_axi_master.cpp:17]   --->   Operation 34 'bitconcatenate' 'zext_ln17_1_cast' <Predicate = true> <Delay = 0.00>
ST_6 : Operation 35 [1/1] (0.00ns)   --->   "%zext_ln17_1 = zext i53 %zext_ln17_1_cast" [firmware/myproject_axi_master.cpp:17]   --->   Operation 35 'zext' 'zext_ln17_1' <Predicate = true> <Delay = 0.00>
ST_6 : Operation 36 [1/1] (1.10ns)   --->   "%sub_ln17 = sub i54 0, i54 %zext_ln17_1" [firmware/myproject_axi_master.cpp:17]   --->   Operation 36 'sub' 'sub_ln17' <Predicate = (tmp)> <Delay = 1.10> <CoreInst = "Adder">   --->   Core 1 'Adder' <Latency = 0> <II = 1> <Delay = 1.10> <FuncUnit> <Opcode : 'add' 'sub'> <InPorts = 2> <OutPorts = 1>
ST_6 : Operation 37 [1/1] (0.40ns)   --->   "%select_ln17 = select i1 %tmp, i54 %sub_ln17, i54 %zext_ln17_1" [firmware/myproject_axi_master.cpp:17]   --->   Operation 37 'select' 'select_ln17' <Predicate = true> <Delay = 0.40> <CoreInst = "Sel">   --->   Core 73 'Sel' <Latency = 0> <II = 1> <Delay = 0.40> <FuncUnit> <Opcode : 'select'> <InPorts = 3> <OutPorts = 1>
ST_6 : Operation 38 [1/1] (0.80ns)   --->   "%sub_ln17_1 = sub i12 1075, i12 %zext_ln17" [firmware/myproject_axi_master.cpp:17]   --->   Operation 38 'sub' 'sub_ln17_1' <Predicate = true> <Delay = 0.80> <CoreInst = "Adder">   --->   Core 1 'Adder' <Latency = 0> <II = 1> <Delay = 0.80> <FuncUnit> <Opcode : 'add' 'sub'> <InPorts = 2> <OutPorts = 1>
ST_6 : Operation 39 [1/1] (0.00ns)   --->   "%trunc_ln17_2 = trunc i12 %sub_ln17_1" [firmware/myproject_axi_master.cpp:17]   --->   Operation 39 'trunc' 'trunc_ln17_2' <Predicate = true> <Delay = 0.00>
ST_6 : Operation 40 [1/1] (0.00ns)   --->   "%trunc_ln17_3 = trunc i12 %sub_ln17_1" [firmware/myproject_axi_master.cpp:17]   --->   Operation 40 'trunc' 'trunc_ln17_3' <Predicate = true> <Delay = 0.00>
ST_6 : Operation 41 [1/1] (0.80ns)   --->   "%icmp_ln17_1 = icmp_sgt  i12 %sub_ln17_1, i12 2" [firmware/myproject_axi_master.cpp:17]   --->   Operation 41 'icmp' 'icmp_ln17_1' <Predicate = true> <Delay = 0.80> <CoreInst = "Cmp">   --->   Core 9 'Cmp' <Latency = 0> <II = 1> <Delay = 0.80> <FuncUnit> <Opcode : 'seteq' 'setne' 'setle' 'setge' 'setlt' 'setgt'> <InPorts = 2> <OutPorts = 1>
ST_6 : Operation 42 [1/1] (0.80ns)   --->   "%add_ln17 = add i12 %sub_ln17_1, i12 4094" [firmware/myproject_axi_master.cpp:17]   --->   Operation 42 'add' 'add_ln17' <Predicate = true> <Delay = 0.80> <CoreInst = "Adder">   --->   Core 1 'Adder' <Latency = 0> <II = 1> <Delay = 0.80> <FuncUnit> <Opcode : 'add' 'sub'> <InPorts = 2> <OutPorts = 1>
ST_6 : Operation 43 [1/1] (0.00ns)   --->   "%trunc_ln17_4 = trunc i12 %add_ln17" [firmware/myproject_axi_master.cpp:17]   --->   Operation 43 'trunc' 'trunc_ln17_4' <Predicate = true> <Delay = 0.00>
ST_6 : Operation 44 [1/1] (0.79ns)   --->   "%sub_ln17_2 = sub i11 2, i11 %trunc_ln17_3" [firmware/myproject_axi_master.cpp:17]   --->   Operation 44 'sub' 'sub_ln17_2' <Predicate = true> <Delay = 0.79> <CoreInst = "Adder">   --->   Core 1 'Adder' <Latency = 0> <II = 1> <Delay = 0.79> <FuncUnit> <Opcode : 'add' 'sub'> <InPorts = 2> <OutPorts = 1>
ST_6 : Operation 45 [1/1] (0.38ns)   --->   "%select_ln17_1 = select i1 %icmp_ln17_1, i11 %trunc_ln17_4, i11 %sub_ln17_2" [firmware/myproject_axi_master.cpp:17]   --->   Operation 45 'select' 'select_ln17_1' <Predicate = true> <Delay = 0.38> <CoreInst = "Sel">   --->   Core 73 'Sel' <Latency = 0> <II = 1> <Delay = 0.38> <FuncUnit> <Opcode : 'select'> <InPorts = 3> <OutPorts = 1>
ST_6 : Operation 46 [1/1] (0.00ns)   --->   "%zext_ln17_2 = zext i11 %select_ln17_1" [firmware/myproject_axi_master.cpp:17]   --->   Operation 46 'zext' 'zext_ln17_2' <Predicate = true> <Delay = 0.00>
ST_6 : Operation 47 [1/1] (0.80ns)   --->   "%icmp_ln17_2 = icmp_eq  i12 %sub_ln17_1, i12 2" [firmware/myproject_axi_master.cpp:17]   --->   Operation 47 'icmp' 'icmp_ln17_2' <Predicate = true> <Delay = 0.80> <CoreInst = "Cmp">   --->   Core 9 'Cmp' <Latency = 0> <II = 1> <Delay = 0.80> <FuncUnit> <Opcode : 'seteq' 'setne' 'setle' 'setge' 'setlt' 'setgt'> <InPorts = 2> <OutPorts = 1>
ST_6 : Operation 48 [1/1] (0.00ns)   --->   "%trunc_ln17_5 = trunc i54 %select_ln17" [firmware/myproject_axi_master.cpp:17]   --->   Operation 48 'trunc' 'trunc_ln17_5' <Predicate = true> <Delay = 0.00>
ST_6 : Operation 49 [1/1] (0.79ns)   --->   "%icmp_ln17_3 = icmp_ult  i11 %select_ln17_1, i11 54" [firmware/myproject_axi_master.cpp:17]   --->   Operation 49 'icmp' 'icmp_ln17_3' <Predicate = true> <Delay = 0.79> <CoreInst = "Cmp">   --->   Core 9 'Cmp' <Latency = 0> <II = 1> <Delay = 0.79> <FuncUnit> <Opcode : 'seteq' 'setne' 'setle' 'setge' 'setlt' 'setgt'> <InPorts = 2> <OutPorts = 1>
ST_6 : Operation 50 [1/1] (0.00ns) (grouped into LUT with out node add_ln17_2)   --->   "%select_ln17_4 = select i1 %tmp, i4 15, i4 0" [firmware/myproject_axi_master.cpp:17]   --->   Operation 50 'select' 'select_ln17_4' <Predicate = true> <Delay = 0.00> <CoreInst = "Sel">   --->   Core 73 'Sel' <Latency = 0> <II = 1> <Delay = 0.17> <FuncUnit> <Opcode : 'select'> <InPorts = 3> <OutPorts = 1>
ST_6 : Operation 51 [1/1] (0.00ns)   --->   "%zext_ln17_3 = zext i11 %select_ln17_1" [firmware/myproject_axi_master.cpp:17]   --->   Operation 51 'zext' 'zext_ln17_3' <Predicate = true> <Delay = 0.00>
ST_6 : Operation 52 [1/1] (1.50ns)   --->   "%ashr_ln17 = ashr i54 %select_ln17, i54 %zext_ln17_3" [firmware/myproject_axi_master.cpp:17]   --->   Operation 52 'ashr' 'ashr_ln17' <Predicate = true> <Delay = 1.50> <CoreInst = "Shifter">   --->   Core 75 'Shifter' <Latency = 0> <II = 1> <Delay = 1.50> <FuncUnit> <Opcode : 'shl' 'lshr' 'ashr'> <InPorts = 2> <OutPorts = 1>
ST_6 : Operation 53 [1/1] (0.00ns) (grouped into LUT with out node add_ln17_2)   --->   "%trunc_ln17_6 = trunc i54 %ashr_ln17" [firmware/myproject_axi_master.cpp:17]   --->   Operation 53 'trunc' 'trunc_ln17_6' <Predicate = true> <Delay = 0.00>
ST_6 : Operation 54 [1/1] (0.00ns) (grouped into LUT with out node add_ln17_2)   --->   "%select_ln17_2 = select i1 %icmp_ln17_3, i4 %trunc_ln17_6, i4 %select_ln17_4" [firmware/myproject_axi_master.cpp:17]   --->   Operation 54 'select' 'select_ln17_2' <Predicate = true> <Delay = 0.00> <CoreInst = "Sel">   --->   Core 73 'Sel' <Latency = 0> <II = 1> <Delay = 0.39> <FuncUnit> <Opcode : 'select'> <InPorts = 3> <OutPorts = 1>
ST_6 : Operation 55 [1/1] (0.80ns)   --->   "%icmp_ln17_4 = icmp_sgt  i12 %add_ln17, i12 54" [firmware/myproject_axi_master.cpp:17]   --->   Operation 55 'icmp' 'icmp_ln17_4' <Predicate = true> <Delay = 0.80> <CoreInst = "Cmp">   --->   Core 9 'Cmp' <Latency = 0> <II = 1> <Delay = 0.80> <FuncUnit> <Opcode : 'seteq' 'setne' 'setle' 'setge' 'setlt' 'setgt'> <InPorts = 2> <OutPorts = 1>
ST_6 : Operation 56 [1/1] (0.00ns)   --->   "%tmp_45 = partselect i9 @_ssdm_op_PartSelect.i9.i11.i32.i32, i11 %select_ln17_1, i32 2, i32 10" [firmware/myproject_axi_master.cpp:17]   --->   Operation 56 'partselect' 'tmp_45' <Predicate = true> <Delay = 0.00>
ST_6 : Operation 57 [1/1] (0.77ns)   --->   "%icmp_ln17_5 = icmp_eq  i9 %tmp_45, i9 0" [firmware/myproject_axi_master.cpp:17]   --->   Operation 57 'icmp' 'icmp_ln17_5' <Predicate = true> <Delay = 0.77> <CoreInst = "Cmp">   --->   Core 9 'Cmp' <Latency = 0> <II = 1> <Delay = 0.77> <FuncUnit> <Opcode : 'seteq' 'setne' 'setle' 'setge' 'setlt' 'setgt'> <InPorts = 2> <OutPorts = 1>
ST_6 : Operation 58 [1/1] (0.00ns)   --->   "%zext_ln17_4 = zext i4 %trunc_ln17_5" [firmware/myproject_axi_master.cpp:17]   --->   Operation 58 'zext' 'zext_ln17_4' <Predicate = true> <Delay = 0.00>
ST_6 : Operation 59 [1/1] (0.92ns)   --->   "%shl_ln17 = shl i32 %zext_ln17_4, i32 %zext_ln17_2" [firmware/myproject_axi_master.cpp:17]   --->   Operation 59 'shl' 'shl_ln17' <Predicate = true> <Delay = 0.92> <CoreInst = "Shifter">   --->   Core 75 'Shifter' <Latency = 0> <II = 1> <Delay = 0.92> <FuncUnit> <Opcode : 'shl' 'lshr' 'ashr'> <InPorts = 2> <OutPorts = 1>
ST_6 : Operation 60 [1/1] (0.00ns)   --->   "%trunc_ln17_7 = trunc i32 %shl_ln17" [firmware/myproject_axi_master.cpp:17]   --->   Operation 60 'trunc' 'trunc_ln17_7' <Predicate = true> <Delay = 0.00>
ST_6 : Operation 61 [1/1] (0.39ns)   --->   "%select_ln17_3 = select i1 %icmp_ln17_5, i4 %trunc_ln17_7, i4 0" [firmware/myproject_axi_master.cpp:17]   --->   Operation 61 'select' 'select_ln17_3' <Predicate = true> <Delay = 0.39> <CoreInst = "Sel">   --->   Core 73 'Sel' <Latency = 0> <II = 1> <Delay = 0.39> <FuncUnit> <Opcode : 'select'> <InPorts = 3> <OutPorts = 1>
ST_6 : Operation 62 [1/1] (0.78ns)   --->   "%add_ln17_1 = add i6 %trunc_ln17_2, i6 61" [firmware/myproject_axi_master.cpp:17]   --->   Operation 62 'add' 'add_ln17_1' <Predicate = true> <Delay = 0.78> <CoreInst = "Adder">   --->   Core 1 'Adder' <Latency = 0> <II = 1> <Delay = 0.78> <FuncUnit> <Opcode : 'add' 'sub'> <InPorts = 2> <OutPorts = 1>
ST_6 : Operation 63 [1/1] (0.65ns)   --->   "%tmp_46 = bitselect i1 @_ssdm_op_BitSelect.i1.i54.i6, i54 %select_ln17, i6 %add_ln17_1" [firmware/myproject_axi_master.cpp:17]   --->   Operation 63 'bitselect' 'tmp_46' <Predicate = true> <Delay = 0.65> <CoreInst = "BitSelector">   --->   Core 153 'BitSelector' <Latency = 0> <II = 1> <Delay = 0.65> <FuncUnit> <Opcode : 'bitselect'> <InPorts = 2> <OutPorts = 1>
ST_6 : Operation 64 [1/1] (0.00ns) (grouped into LUT with out node add_ln17_2)   --->   "%cond63_i_i = select i1 %icmp_ln17_4, i1 %tmp, i1 %tmp_46" [firmware/myproject_axi_master.cpp:17]   --->   Operation 64 'select' 'cond63_i_i' <Predicate = true> <Delay = 0.00> <CoreInst = "Sel">   --->   Core 73 'Sel' <Latency = 0> <II = 1> <Delay = 0.17> <FuncUnit> <Opcode : 'select'> <InPorts = 3> <OutPorts = 1>
ST_6 : Operation 65 [1/1] (0.00ns) (grouped into LUT with out node add_ln17_2)   --->   "%zext_ln17_5 = zext i1 %cond63_i_i" [firmware/myproject_axi_master.cpp:17]   --->   Operation 65 'zext' 'zext_ln17_5' <Predicate = true> <Delay = 0.00>
ST_6 : Operation 66 [1/1] (0.79ns) (out node of the LUT)   --->   "%add_ln17_2 = add i4 %select_ln17_2, i4 %zext_ln17_5" [firmware/myproject_axi_master.cpp:17]   --->   Operation 66 'add' 'add_ln17_2' <Predicate = true> <Delay = 0.79> <CoreInst = "Adder">   --->   Core 1 'Adder' <Latency = 0> <II = 1> <Delay = 0.79> <FuncUnit> <Opcode : 'add' 'sub'> <InPorts = 2> <OutPorts = 1>
ST_6 : Operation 67 [1/1] (0.00ns) (grouped into LUT with out node and_ln17_1)   --->   "%or_ln17 = or i1 %icmp_ln17, i1 %icmp_ln17_2" [firmware/myproject_axi_master.cpp:17]   --->   Operation 67 'or' 'or_ln17' <Predicate = true> <Delay = 0.00> <CoreInst = "LogicGate">   --->   Core 74 'LogicGate' <Latency = 0> <II = 1> <Delay = 0.28> <FuncUnit> <Opcode : 'and' 'or' 'xor'> <InPorts = 2> <OutPorts = 1>
ST_6 : Operation 68 [1/1] (0.00ns) (grouped into LUT with out node and_ln17_1)   --->   "%xor_ln17_1 = xor i1 %or_ln17, i1 1" [firmware/myproject_axi_master.cpp:17]   --->   Operation 68 'xor' 'xor_ln17_1' <Predicate = true> <Delay = 0.00> <CoreInst = "LogicGate">   --->   Core 74 'LogicGate' <Latency = 0> <II = 1> <Delay = 0.28> <FuncUnit> <Opcode : 'and' 'or' 'xor'> <InPorts = 2> <OutPorts = 1>
ST_6 : Operation 69 [1/1] (0.28ns) (out node of the LUT)   --->   "%and_ln17_1 = and i1 %icmp_ln17_1, i1 %xor_ln17_1" [firmware/myproject_axi_master.cpp:17]   --->   Operation 69 'and' 'and_ln17_1' <Predicate = true> <Delay = 0.28> <CoreInst = "LogicGate">   --->   Core 74 'LogicGate' <Latency = 0> <II = 1> <Delay = 0.28> <FuncUnit> <Opcode : 'and' 'or' 'xor'> <InPorts = 2> <OutPorts = 1>
ST_6 : Operation 79 [1/1] (0.42ns)   --->   "%ret_ln0 = ret"   --->   Operation 79 'ret' 'ret_ln0' <Predicate = (icmp_ln13)> <Delay = 0.42>

State 7 <SV = 6> <Delay = 2.95>
ST_7 : Operation 70 [1/1] (0.00ns)   --->   "%specloopname_ln0 = specloopname void @_ssdm_op_SpecLoopName, void @VITIS_LOOP_13_1_VITIS_LOOP_14_2_str"   --->   Operation 70 'specloopname' 'specloopname_ln0' <Predicate = true> <Delay = 0.00>
ST_7 : Operation 71 [1/1] (0.00ns)   --->   "%specpipeline_ln17 = specpipeline void @_ssdm_op_SpecPipeline, i32 4294967295, i32 0, i32 0, i32 0, i32 4294967295, void @empty_15" [firmware/myproject_axi_master.cpp:17]   --->   Operation 71 'specpipeline' 'specpipeline_ln17' <Predicate = true> <Delay = 0.00>
ST_7 : Operation 72 [1/1] (0.00ns) (grouped into LUT with out node and_ln17)   --->   "%xor_ln17 = xor i1 %icmp_ln17, i1 1" [firmware/myproject_axi_master.cpp:17]   --->   Operation 72 'xor' 'xor_ln17' <Predicate = true> <Delay = 0.00> <CoreInst = "LogicGate">   --->   Core 74 'LogicGate' <Latency = 0> <II = 1> <Delay = 0.28> <FuncUnit> <Opcode : 'and' 'or' 'xor'> <InPorts = 2> <OutPorts = 1>
ST_7 : Operation 73 [1/1] (0.28ns) (out node of the LUT)   --->   "%and_ln17 = and i1 %icmp_ln17_2, i1 %xor_ln17" [firmware/myproject_axi_master.cpp:17]   --->   Operation 73 'and' 'and_ln17' <Predicate = true> <Delay = 0.28> <CoreInst = "LogicGate">   --->   Core 74 'LogicGate' <Latency = 0> <II = 1> <Delay = 0.28> <FuncUnit> <Opcode : 'and' 'or' 'xor'> <InPorts = 2> <OutPorts = 1>
ST_7 : Operation 74 [1/1] (0.00ns)   --->   "%sel_tmp6 = bitconcatenate i3 @_ssdm_op_BitConcatenate.i3.i1.i1.i1, i1 %icmp_ln17, i1 %and_ln17, i1 %and_ln17_1" [firmware/myproject_axi_master.cpp:17]   --->   Operation 74 'bitconcatenate' 'sel_tmp6' <Predicate = true> <Delay = 0.00>
ST_7 : Operation 75 [1/1] (0.47ns)   --->   "%storemerge5_i_i = sparsemux i4 @_ssdm_op_SparseMux.ap_auto.4i4.i4.i3, i3 4, i4 0, i3 2, i4 %trunc_ln17_5, i3 1, i4 %add_ln17_2, i3 0, i4 %select_ln17_3, i4 0, i3 %sel_tmp6" [firmware/myproject_axi_master.cpp:17]   --->   Operation 75 'sparsemux' 'storemerge5_i_i' <Predicate = true> <Delay = 0.47> <CoreInst = "OneHotSparseMux_HasDef">   --->   Core 152 'OneHotSparseMux_HasDef' <Latency = 0> <II = 1> <Delay = 0.47> <FuncUnit> <Opcode : 'sparsemux'> <InPorts = 2> <OutPorts = 1>
ST_7 : Operation 76 [1/1] (0.00ns)   --->   "%zext_ln20 = zext i4 %storemerge5_i_i" [firmware/myproject_axi_master.cpp:20]   --->   Operation 76 'zext' 'zext_ln20' <Predicate = true> <Delay = 0.00>
ST_7 : Operation 77 [1/1] ( I:2.18ns O:2.18ns )   --->   "%write_ln20 = write void @_ssdm_op_Write.ap_fifo.volatile.i8P0A, i8 %stream_in0_input_layer, i8 %zext_ln20" [firmware/myproject_axi_master.cpp:20]   --->   Operation 77 'write' 'write_ln20' <Predicate = true> <Delay = 2.18> <CoreInst = "FIFO_SRL">   --->   Core 80 'FIFO_SRL' <Latency = 0> <II = 1> <Delay = 2.37> <Storage> <Opcode : 'read' 'write' 'nbread' 'nbwrite'> <Ports = 0> <Width = 8> <Depth = 128> <FIFO>
ST_7 : Operation 78 [1/1] (0.00ns)   --->   "%br_ln14 = br void %VITIS_LOOP_16_3.i" [firmware/myproject_axi_master.cpp:14]   --->   Operation 78 'br' 'br_ln14' <Predicate = true> <Delay = 0.00>


============================================================
+ Verbose Summary: Binding
============================================================
STG Binding: 
---------------- STG Properties BEGIN ----------------
- Is combinational: 0
- Is one-state seq: 0
- Is datapath-only: 0
- Is pipelined: 0
- Is top level: 0
Port [ Return ] is wired: 1; IO mode=ap_ctrl_hs:ce=0
Port [ bound]:  wired=1; compound=0; hidden=0; nouse=0; global=0; static=0; extern=0; dir=0; type=0; pingpong=0; private_global=0; IO mode=ap_none:ce=0
Port [ gmem_in0]:  wired=1; compound=1; hidden=0; nouse=0; global=0; static=0; extern=0; dir=0; type=4; pingpong=0; private_global=0; IO mode=m_axi:ce=0
Port [ sext_ln13]:  wired=1; compound=0; hidden=0; nouse=0; global=0; static=0; extern=0; dir=0; type=0; pingpong=0; private_global=0; IO mode=ap_none:ce=0
Port [ stream_in0_input_layer]:  wired=1; compound=1; hidden=0; nouse=0; global=1; static=1; extern=0; dir=1; type=3; pingpong=0; private_global=0; IO mode=ap_fifo:ce=0
---------------- STG Properties END ------------------

---------------- Datapath Model BEGIN ----------------

<LifeTime>
<method=bitvector/>
indvar_flatten      (alloca        ) [ 01100000]
sext_ln13_read      (read          ) [ 00000000]
bound_read          (read          ) [ 01100000]
sext_ln13_cast      (sext          ) [ 01110000]
specinterface_ln0   (specinterface ) [ 00000000]
specinterface_ln0   (specinterface ) [ 00000000]
store_ln0           (store         ) [ 00000000]
br_ln0              (br            ) [ 00000000]
indvar_flatten_load (load          ) [ 00000000]
icmp_ln13           (icmp          ) [ 01111110]
br_ln13             (br            ) [ 00000000]
add_ln13            (add           ) [ 00000000]
store_ln13          (store         ) [ 00000000]
gmem_in0_addr       (getelementptr ) [ 00000000]
gmem_in0_addr_read  (read          ) [ 01001000]
bitcast_ln17        (bitcast       ) [ 01000100]
pf                  (fpext         ) [ 00000000]
bitcast_ln726       (bitcast       ) [ 00000000]
trunc_ln17          (trunc         ) [ 00000000]
tmp                 (bitselect     ) [ 01000010]
tmp_i               (partselect    ) [ 01000010]
trunc_ln17_1        (trunc         ) [ 01000010]
icmp_ln17           (icmp          ) [ 01000011]
zext_ln17           (zext          ) [ 00000000]
zext_ln17_1_cast    (bitconcatenate) [ 00000000]
zext_ln17_1         (zext          ) [ 00000000]
sub_ln17            (sub           ) [ 00000000]
select_ln17         (select        ) [ 00000000]
sub_ln17_1          (sub           ) [ 00000000]
trunc_ln17_2        (trunc         ) [ 00000000]
trunc_ln17_3        (trunc         ) [ 00000000]
icmp_ln17_1         (icmp          ) [ 00000000]
add_ln17            (add           ) [ 00000000]
trunc_ln17_4        (trunc         ) [ 00000000]
sub_ln17_2          (sub           ) [ 00000000]
select_ln17_1       (select        ) [ 00000000]
zext_ln17_2         (zext          ) [ 00000000]
icmp_ln17_2         (icmp          ) [ 01000001]
trunc_ln17_5        (trunc         ) [ 01000001]
icmp_ln17_3         (icmp          ) [ 00000000]
select_ln17_4       (select        ) [ 00000000]
zext_ln17_3         (zext          ) [ 00000000]
ashr_ln17           (ashr          ) [ 00000000]
trunc_ln17_6        (trunc         ) [ 00000000]
select_ln17_2       (select        ) [ 00000000]
icmp_ln17_4         (icmp          ) [ 00000000]
tmp_45              (partselect    ) [ 00000000]
icmp_ln17_5         (icmp          ) [ 00000000]
zext_ln17_4         (zext          ) [ 00000000]
shl_ln17            (shl           ) [ 00000000]
trunc_ln17_7        (trunc         ) [ 00000000]
select_ln17_3       (select        ) [ 01000001]
add_ln17_1          (add           ) [ 00000000]
tmp_46              (bitselect     ) [ 00000000]
cond63_i_i          (select        ) [ 00000000]
zext_ln17_5         (zext          ) [ 00000000]
add_ln17_2          (add           ) [ 01000001]
or_ln17             (or            ) [ 00000000]
xor_ln17_1          (xor           ) [ 00000000]
and_ln17_1          (and           ) [ 01000001]
specloopname_ln0    (specloopname  ) [ 00000000]
specpipeline_ln17   (specpipeline  ) [ 00000000]
xor_ln17            (xor           ) [ 00000000]
and_ln17            (and           ) [ 00000000]
sel_tmp6            (bitconcatenate) [ 00000000]
storemerge5_i_i     (sparsemux     ) [ 00000000]
zext_ln20           (zext          ) [ 00000000]
write_ln20          (write         ) [ 00000000]
br_ln14             (br            ) [ 00000000]
ret_ln0             (ret           ) [ 00000000]
</LifeTime>

<model>

<comp_list>
<comp id="0" class="1000" name="bound">
<pin_list>
<pin id="1" dir="1" index="0" bw="1" slack="0"/>
</pin_list>
<bind>
<StgValue><ssdm name="bound"/></StgValue>
</bind>
</comp>

<comp id="2" class="1000" name="gmem_in0">
<pin_list>
<pin id="3" dir="1" index="0" bw="1" slack="0"/>
</pin_list>
<bind>
<StgValue><ssdm name="gmem_in0"/><MemPortTyVec>0 </MemPortTyVec>
</StgValue>
</bind>
</comp>

<comp id="4" class="1000" name="sext_ln13">
<pin_list>
<pin id="5" dir="1" index="0" bw="1" slack="0"/>
</pin_list>
<bind>
<StgValue><ssdm name="sext_ln13"/></StgValue>
</bind>
</comp>

<comp id="6" class="1000" name="stream_in0_input_layer">
<pin_list>
<pin id="7" dir="1" index="0" bw="1" slack="0"/>
</pin_list>
<bind>
<StgValue><ssdm name="stream_in0_input_layer"/></StgValue>
</bind>
</comp>

<comp id="8" class="1001" name="const_8">
<pin_list>
<pin id="9" dir="1" index="0" bw="1" slack="0"/>
</pin_list>
<bind>
<StgValue><ssdm name=""/></StgValue>
</bind>
</comp>

<comp id="10" class="1001" name="const_10">
<pin_list>
<pin id="11" dir="1" index="0" bw="1" slack="0"/>
</pin_list>
<bind>
<StgValue><ssdm name="_ssdm_op_Read.ap_auto.i62"/></StgValue>
</bind>
</comp>

<comp id="12" class="1001" name="const_12">
<pin_list>
<pin id="13" dir="1" index="0" bw="1" slack="0"/>
</pin_list>
<bind>
<StgValue><ssdm name="_ssdm_op_Read.ap_auto.i41"/></StgValue>
</bind>
</comp>

<comp id="14" class="1001" name="const_14">
<pin_list>
<pin id="15" dir="1" index="0" bw="1" slack="2147483647"/>
</pin_list>
<bind>
<StgValue><ssdm name="_ssdm_op_SpecInterface"/></StgValue>
</bind>
</comp>

<comp id="16" class="1001" name="const_16">
<pin_list>
<pin id="17" dir="1" index="0" bw="1" slack="2147483647"/>
</pin_list>
<bind>
<StgValue><ssdm name="empty_14"/></StgValue>
</bind>
</comp>

<comp id="18" class="1001" name="const_18">
<pin_list>
<pin id="19" dir="1" index="0" bw="1" slack="2147483647"/>
</pin_list>
<bind>
<StgValue><ssdm name=""/></StgValue>
</bind>
</comp>

<comp id="20" class="1001" name="const_20">
<pin_list>
<pin id="21" dir="1" index="0" bw="1" slack="2147483647"/>
</pin_list>
<bind>
<StgValue><ssdm name="empty_15"/></StgValue>
</bind>
</comp>

<comp id="22" class="1001" name="const_22">
<pin_list>
<pin id="23" dir="1" index="0" bw="1" slack="2147483647"/>
</pin_list>
<bind>
<StgValue><ssdm name=""/></StgValue>
</bind>
</comp>

<comp id="24" class="1001" name="const_24">
<pin_list>
<pin id="25" dir="1" index="0" bw="1" slack="2147483647"/>
</pin_list>
<bind>
<StgValue><ssdm name="empty_2"/></StgValue>
</bind>
</comp>

<comp id="26" class="1001" name="const_26">
<pin_list>
<pin id="27" dir="1" index="0" bw="1" slack="2147483647"/>
</pin_list>
<bind>
<StgValue><ssdm name="empty_3"/></StgValue>
</bind>
</comp>

<comp id="28" class="1001" name="const_28">
<pin_list>
<pin id="29" dir="1" index="0" bw="1" slack="2147483647"/>
</pin_list>
<bind>
<StgValue><ssdm name=""/></StgValue>
</bind>
</comp>

<comp id="30" class="1001" name="const_30">
<pin_list>
<pin id="31" dir="1" index="0" bw="1" slack="2147483647"/>
</pin_list>
<bind>
<StgValue><ssdm name=""/></StgValue>
</bind>
</comp>

<comp id="32" class="1001" name="const_32">
<pin_list>
<pin id="33" dir="1" index="0" bw="1" slack="2147483647"/>
</pin_list>
<bind>
<StgValue><ssdm name=""/></StgValue>
</bind>
</comp>

<comp id="34" class="1001" name="const_34">
<pin_list>
<pin id="35" dir="1" index="0" bw="1" slack="2147483647"/>
</pin_list>
<bind>
<StgValue><ssdm name="empty_10"/></StgValue>
</bind>
</comp>

<comp id="36" class="1001" name="const_36">
<pin_list>
<pin id="37" dir="1" index="0" bw="1" slack="0"/>
</pin_list>
<bind>
<StgValue><ssdm name=""/></StgValue>
</bind>
</comp>

<comp id="38" class="1001" name="const_38">
<pin_list>
<pin id="39" dir="1" index="0" bw="1" slack="0"/>
</pin_list>
<bind>
<StgValue><ssdm name=""/></StgValue>
</bind>
</comp>

<comp id="40" class="1001" name="const_40">
<pin_list>
<pin id="41" dir="1" index="0" bw="1" slack="0"/>
</pin_list>
<bind>
<StgValue><ssdm name="_ssdm_op_Read.m_axi.i32.p1i32"/></StgValue>
</bind>
</comp>

<comp id="42" class="1001" name="const_42">
<pin_list>
<pin id="43" dir="1" index="0" bw="1" slack="0"/>
</pin_list>
<bind>
<StgValue><ssdm name="_ssdm_op_BitSelect.i1.i64.i32"/></StgValue>
</bind>
</comp>

<comp id="44" class="1001" name="const_44">
<pin_list>
<pin id="45" dir="1" index="0" bw="1" slack="0"/>
</pin_list>
<bind>
<StgValue><ssdm name=""/></StgValue>
</bind>
</comp>

<comp id="46" class="1001" name="const_46">
<pin_list>
<pin id="47" dir="1" index="0" bw="1" slack="0"/>
</pin_list>
<bind>
<StgValue><ssdm name="_ssdm_op_PartSelect.i11.i64.i32"/></StgValue>
</bind>
</comp>

<comp id="48" class="1001" name="const_48">
<pin_list>
<pin id="49" dir="1" index="0" bw="1" slack="0"/>
</pin_list>
<bind>
<StgValue><ssdm name=""/></StgValue>
</bind>
</comp>

<comp id="50" class="1001" name="const_50">
<pin_list>
<pin id="51" dir="1" index="0" bw="1" slack="0"/>
</pin_list>
<bind>
<StgValue><ssdm name=""/></StgValue>
</bind>
</comp>

<comp id="52" class="1001" name="const_52">
<pin_list>
<pin id="53" dir="1" index="0" bw="1" slack="0"/>
</pin_list>
<bind>
<StgValue><ssdm name="_ssdm_op_BitConcatenate.i53.i1.i52"/></StgValue>
</bind>
</comp>

<comp id="54" class="1001" name="const_54">
<pin_list>
<pin id="55" dir="1" index="0" bw="1" slack="0"/>
</pin_list>
<bind>
<StgValue><ssdm name=""/></StgValue>
</bind>
</comp>

<comp id="56" class="1001" name="const_56">
<pin_list>
<pin id="57" dir="1" index="0" bw="1" slack="0"/>
</pin_list>
<bind>
<StgValue><ssdm name=""/></StgValue>
</bind>
</comp>

<comp id="58" class="1001" name="const_58">
<pin_list>
<pin id="59" dir="1" index="0" bw="1" slack="0"/>
</pin_list>
<bind>
<StgValue><ssdm name=""/></StgValue>
</bind>
</comp>

<comp id="60" class="1001" name="const_60">
<pin_list>
<pin id="61" dir="1" index="0" bw="1" slack="0"/>
</pin_list>
<bind>
<StgValue><ssdm name=""/></StgValue>
</bind>
</comp>

<comp id="62" class="1001" name="const_62">
<pin_list>
<pin id="63" dir="1" index="0" bw="1" slack="0"/>
</pin_list>
<bind>
<StgValue><ssdm name=""/></StgValue>
</bind>
</comp>

<comp id="64" class="1001" name="const_64">
<pin_list>
<pin id="65" dir="1" index="0" bw="1" slack="0"/>
</pin_list>
<bind>
<StgValue><ssdm name=""/></StgValue>
</bind>
</comp>

<comp id="66" class="1001" name="const_66">
<pin_list>
<pin id="67" dir="1" index="0" bw="1" slack="0"/>
</pin_list>
<bind>
<StgValue><ssdm name=""/></StgValue>
</bind>
</comp>

<comp id="68" class="1001" name="const_68">
<pin_list>
<pin id="69" dir="1" index="0" bw="1" slack="0"/>
</pin_list>
<bind>
<StgValue><ssdm name=""/></StgValue>
</bind>
</comp>

<comp id="70" class="1001" name="const_70">
<pin_list>
<pin id="71" dir="1" index="0" bw="1" slack="0"/>
</pin_list>
<bind>
<StgValue><ssdm name=""/></StgValue>
</bind>
</comp>

<comp id="72" class="1001" name="const_72">
<pin_list>
<pin id="73" dir="1" index="0" bw="1" slack="0"/>
</pin_list>
<bind>
<StgValue><ssdm name=""/></StgValue>
</bind>
</comp>

<comp id="74" class="1001" name="const_74">
<pin_list>
<pin id="75" dir="1" index="0" bw="1" slack="0"/>
</pin_list>
<bind>
<StgValue><ssdm name="_ssdm_op_PartSelect.i9.i11.i32.i32"/></StgValue>
</bind>
</comp>

<comp id="76" class="1001" name="const_76">
<pin_list>
<pin id="77" dir="1" index="0" bw="1" slack="0"/>
</pin_list>
<bind>
<StgValue><ssdm name=""/></StgValue>
</bind>
</comp>

<comp id="78" class="1001" name="const_78">
<pin_list>
<pin id="79" dir="1" index="0" bw="1" slack="0"/>
</pin_list>
<bind>
<StgValue><ssdm name=""/></StgValue>
</bind>
</comp>

<comp id="80" class="1001" name="const_80">
<pin_list>
<pin id="81" dir="1" index="0" bw="1" slack="0"/>
</pin_list>
<bind>
<StgValue><ssdm name=""/></StgValue>
</bind>
</comp>

<comp id="82" class="1001" name="const_82">
<pin_list>
<pin id="83" dir="1" index="0" bw="1" slack="0"/>
</pin_list>
<bind>
<StgValue><ssdm name=""/></StgValue>
</bind>
</comp>

<comp id="84" class="1001" name="const_84">
<pin_list>
<pin id="85" dir="1" index="0" bw="1" slack="0"/>
</pin_list>
<bind>
<StgValue><ssdm name="_ssdm_op_BitSelect.i1.i54.i6"/></StgValue>
</bind>
</comp>

<comp id="86" class="1001" name="const_86">
<pin_list>
<pin id="87" dir="1" index="0" bw="1" slack="2147483647"/>
</pin_list>
<bind>
<StgValue><ssdm name="_ssdm_op_SpecLoopName"/></StgValue>
</bind>
</comp>

<comp id="88" class="1001" name="const_88">
<pin_list>
<pin id="89" dir="1" index="0" bw="1" slack="2147483647"/>
</pin_list>
<bind>
<StgValue><ssdm name="VITIS_LOOP_13_1_VITIS_LOOP_14_2_str"/></StgValue>
</bind>
</comp>

<comp id="90" class="1001" name="const_90">
<pin_list>
<pin id="91" dir="1" index="0" bw="1" slack="2147483647"/>
</pin_list>
<bind>
<StgValue><ssdm name="_ssdm_op_SpecPipeline"/></StgValue>
</bind>
</comp>

<comp id="92" class="1001" name="const_92">
<pin_list>
<pin id="93" dir="1" index="0" bw="1" slack="0"/>
</pin_list>
<bind>
<StgValue><ssdm name="_ssdm_op_BitConcatenate.i3.i1.i1.i1"/></StgValue>
</bind>
</comp>

<comp id="94" class="1001" name="const_94">
<pin_list>
<pin id="95" dir="1" index="0" bw="1" slack="0"/>
</pin_list>
<bind>
<StgValue><ssdm name="_ssdm_op_SparseMux.ap_auto.4i4.i4.i3"/></StgValue>
</bind>
</comp>

<comp id="96" class="1001" name="const_96">
<pin_list>
<pin id="97" dir="1" index="0" bw="1" slack="0"/>
</pin_list>
<bind>
<StgValue><ssdm name=""/></StgValue>
</bind>
</comp>

<comp id="98" class="1001" name="const_98">
<pin_list>
<pin id="99" dir="1" index="0" bw="1" slack="0"/>
</pin_list>
<bind>
<StgValue><ssdm name=""/></StgValue>
</bind>
</comp>

<comp id="100" class="1001" name="const_100">
<pin_list>
<pin id="101" dir="1" index="0" bw="1" slack="0"/>
</pin_list>
<bind>
<StgValue><ssdm name=""/></StgValue>
</bind>
</comp>

<comp id="102" class="1001" name="const_102">
<pin_list>
<pin id="103" dir="1" index="0" bw="1" slack="0"/>
</pin_list>
<bind>
<StgValue><ssdm name=""/></StgValue>
</bind>
</comp>

<comp id="104" class="1001" name="const_104">
<pin_list>
<pin id="105" dir="1" index="0" bw="1" slack="0"/>
</pin_list>
<bind>
<StgValue><ssdm name=""/></StgValue>
</bind>
</comp>

<comp id="106" class="1001" name="const_106">
<pin_list>
<pin id="107" dir="1" index="0" bw="1" slack="0"/>
</pin_list>
<bind>
<StgValue><ssdm name="_ssdm_op_Write.ap_fifo.volatile.i8P0A"/></StgValue>
</bind>
</comp>

<comp id="108" class="1004" name="indvar_flatten_fu_108">
<pin_list>
<pin id="109" dir="0" index="0" bw="1" slack="0"/>
<pin id="110" dir="1" index="1" bw="41" slack="0"/>
</pin_list>
<bind>
<opcode="alloca(26) " fcode="alloca"/>
<opset="indvar_flatten/1 "/>
</bind>
</comp>

<comp id="112" class="1004" name="sext_ln13_read_read_fu_112">
<pin_list>
<pin id="113" dir="0" index="0" bw="62" slack="0"/>
<pin id="114" dir="0" index="1" bw="62" slack="0"/>
<pin id="115" dir="1" index="2" bw="62" slack="0"/>
</pin_list>
<bind>
<opcode="read(1150) " fcode="read"/>
<opset="sext_ln13_read/1 "/>
</bind>
</comp>

<comp id="118" class="1004" name="bound_read_read_fu_118">
<pin_list>
<pin id="119" dir="0" index="0" bw="41" slack="0"/>
<pin id="120" dir="0" index="1" bw="41" slack="0"/>
<pin id="121" dir="1" index="2" bw="41" slack="1"/>
</pin_list>
<bind>
<opcode="read(1150) " fcode="read"/>
<opset="bound_read/1 "/>
</bind>
</comp>

<comp id="124" class="1004" name="write_ln20_write_fu_124">
<pin_list>
<pin id="125" dir="0" index="0" bw="0" slack="0"/>
<pin id="126" dir="0" index="1" bw="8" slack="0"/>
<pin id="127" dir="0" index="2" bw="4" slack="0"/>
<pin id="128" dir="1" index="3" bw="0" slack="2147483647"/>
</pin_list>
<bind>
<opcode="write(1151) " fcode="write"/>
<opset="write_ln20/7 "/>
</bind>
</comp>

<comp id="131" class="1004" name="gmem_in0_addr_read_read_fu_131">
<pin_list>
<pin id="132" dir="0" index="0" bw="32" slack="0"/>
<pin id="133" dir="0" index="1" bw="32" slack="0"/>
<pin id="134" dir="1" index="2" bw="32" slack="1"/>
</pin_list>
<bind>
<opcode="read(1150) " fcode="read"/>
<opset="gmem_in0_addr_read/3 "/>
</bind>
</comp>

<comp id="136" class="1004" name="grp_fu_136">
<pin_list>
<pin id="137" dir="0" index="0" bw="32" slack="0"/>
<pin id="138" dir="1" index="1" bw="64" slack="0"/>
</pin_list>
<bind>
<opcode="fpext(41) " fcode="fpext"/>
<opset="pf/4 "/>
</bind>
</comp>

<comp id="139" class="1004" name="sext_ln13_cast_fu_139">
<pin_list>
<pin id="140" dir="0" index="0" bw="62" slack="0"/>
<pin id="141" dir="1" index="1" bw="64" slack="2"/>
</pin_list>
<bind>
<opcode="sext(35) " fcode="sext"/>
<opset="sext_ln13_cast/1 "/>
</bind>
</comp>

<comp id="143" class="1004" name="store_ln0_store_fu_143">
<pin_list>
<pin id="144" dir="0" index="0" bw="1" slack="0"/>
<pin id="145" dir="0" index="1" bw="41" slack="0"/>
<pin id="146" dir="1" index="2" bw="0" slack="2147483647"/>
</pin_list>
<bind>
<opcode="store(28) " fcode="store"/>
<opset="store_ln0/1 "/>
</bind>
</comp>

<comp id="148" class="1004" name="indvar_flatten_load_load_fu_148">
<pin_list>
<pin id="149" dir="0" index="0" bw="41" slack="1"/>
<pin id="150" dir="1" index="1" bw="41" slack="0"/>
</pin_list>
<bind>
<opcode="load(27) " fcode="load"/>
<opset="indvar_flatten_load/2 "/>
</bind>
</comp>

<comp id="151" class="1004" name="icmp_ln13_fu_151">
<pin_list>
<pin id="152" dir="0" index="0" bw="41" slack="0"/>
<pin id="153" dir="0" index="1" bw="41" slack="1"/>
<pin id="154" dir="1" index="2" bw="1" slack="4"/>
</pin_list>
<bind>
<opcode="icmp(45) " fcode="icmp"/>
<opset="icmp_ln13/2 "/>
</bind>
</comp>

<comp id="156" class="1004" name="add_ln13_fu_156">
<pin_list>
<pin id="157" dir="0" index="0" bw="41" slack="0"/>
<pin id="158" dir="0" index="1" bw="1" slack="0"/>
<pin id="159" dir="1" index="2" bw="41" slack="0"/>
</pin_list>
<bind>
<opcode="add(8) " fcode="add"/>
<opset="add_ln13/2 "/>
</bind>
</comp>

<comp id="162" class="1004" name="store_ln13_store_fu_162">
<pin_list>
<pin id="163" dir="0" index="0" bw="41" slack="0"/>
<pin id="164" dir="0" index="1" bw="41" slack="1"/>
<pin id="165" dir="1" index="2" bw="0" slack="2147483647"/>
</pin_list>
<bind>
<opcode="store(28) " fcode="store"/>
<opset="store_ln13/2 "/>
</bind>
</comp>

<comp id="167" class="1004" name="gmem_in0_addr_fu_167">
<pin_list>
<pin id="168" dir="0" index="0" bw="32" slack="0"/>
<pin id="169" dir="0" index="1" bw="62" slack="2"/>
<pin id="170" dir="1" index="2" bw="32" slack="0"/>
</pin_list>
<bind>
<opcode="getelementptr(29) " fcode="getelementptr"/>
<opset="gmem_in0_addr/3 "/>
</bind>
</comp>

<comp id="173" class="1004" name="bitcast_ln17_fu_173">
<pin_list>
<pin id="174" dir="0" index="0" bw="32" slack="1"/>
<pin id="175" dir="1" index="1" bw="32" slack="0"/>
</pin_list>
<bind>
<opcode="bitcast(44) " fcode="bitcast"/>
<opset="bitcast_ln17/4 "/>
</bind>
</comp>

<comp id="177" class="1004" name="bitcast_ln726_fu_177">
<pin_list>
<pin id="178" dir="0" index="0" bw="64" slack="0"/>
<pin id="179" dir="1" index="1" bw="64" slack="0"/>
</pin_list>
<bind>
<opcode="bitcast(44) " fcode="bitcast"/>
<opset="bitcast_ln726/5 "/>
</bind>
</comp>

<comp id="181" class="1004" name="trunc_ln17_fu_181">
<pin_list>
<pin id="182" dir="0" index="0" bw="64" slack="0"/>
<pin id="183" dir="1" index="1" bw="63" slack="0"/>
</pin_list>
<bind>
<opcode="trunc(33) " fcode="trunc"/>
<opset="trunc_ln17/5 "/>
</bind>
</comp>

<comp id="185" class="1004" name="tmp_fu_185">
<pin_list>
<pin id="186" dir="0" index="0" bw="1" slack="0"/>
<pin id="187" dir="0" index="1" bw="64" slack="0"/>
<pin id="188" dir="0" index="2" bw="7" slack="0"/>
<pin id="189" dir="1" index="3" bw="1" slack="1"/>
</pin_list>
<bind>
<opcode="bitselect(1000) " fcode="bitselect"/>
<opset="tmp/5 "/>
</bind>
</comp>

<comp id="193" class="1004" name="tmp_i_fu_193">
<pin_list>
<pin id="194" dir="0" index="0" bw="11" slack="0"/>
<pin id="195" dir="0" index="1" bw="64" slack="0"/>
<pin id="196" dir="0" index="2" bw="7" slack="0"/>
<pin id="197" dir="1" index="3" bw="11" slack="1"/>
</pin_list>
<bind>
<opcode="partselect(1002) " fcode="partselect"/>
<opset="tmp_i/5 "/>
</bind>
</comp>

<comp id="201" class="1004" name="trunc_ln17_1_fu_201">
<pin_list>
<pin id="202" dir="0" index="0" bw="64" slack="0"/>
<pin id="203" dir="1" index="1" bw="52" slack="1"/>
</pin_list>
<bind>
<opcode="trunc(33) " fcode="trunc"/>
<opset="trunc_ln17_1/5 "/>
</bind>
</comp>

<comp id="205" class="1004" name="icmp_ln17_fu_205">
<pin_list>
<pin id="206" dir="0" index="0" bw="63" slack="0"/>
<pin id="207" dir="0" index="1" bw="1" slack="0"/>
<pin id="208" dir="1" index="2" bw="1" slack="1"/>
</pin_list>
<bind>
<opcode="icmp(45) " fcode="icmp"/>
<opset="icmp_ln17/5 "/>
</bind>
</comp>

<comp id="211" class="1004" name="zext_ln17_fu_211">
<pin_list>
<pin id="212" dir="0" index="0" bw="11" slack="1"/>
<pin id="213" dir="1" index="1" bw="12" slack="0"/>
</pin_list>
<bind>
<opcode="zext(34) " fcode="zext"/>
<opset="zext_ln17/6 "/>
</bind>
</comp>

<comp id="214" class="1004" name="zext_ln17_1_cast_fu_214">
<pin_list>
<pin id="215" dir="0" index="0" bw="53" slack="0"/>
<pin id="216" dir="0" index="1" bw="1" slack="0"/>
<pin id="217" dir="0" index="2" bw="52" slack="1"/>
<pin id="218" dir="1" index="3" bw="53" slack="0"/>
</pin_list>
<bind>
<opcode="bitconcatenate(1004) " fcode="bitconcatenate"/>
<opset="zext_ln17_1_cast/6 "/>
</bind>
</comp>

<comp id="221" class="1004" name="zext_ln17_1_fu_221">
<pin_list>
<pin id="222" dir="0" index="0" bw="53" slack="0"/>
<pin id="223" dir="1" index="1" bw="54" slack="0"/>
</pin_list>
<bind>
<opcode="zext(34) " fcode="zext"/>
<opset="zext_ln17_1/6 "/>
</bind>
</comp>

<comp id="225" class="1004" name="sub_ln17_fu_225">
<pin_list>
<pin id="226" dir="0" index="0" bw="1" slack="0"/>
<pin id="227" dir="0" index="1" bw="53" slack="0"/>
<pin id="228" dir="1" index="2" bw="54" slack="0"/>
</pin_list>
<bind>
<opcode="sub(10) " fcode="sub"/>
<opset="sub_ln17/6 "/>
</bind>
</comp>

<comp id="231" class="1004" name="select_ln17_fu_231">
<pin_list>
<pin id="232" dir="0" index="0" bw="1" slack="1"/>
<pin id="233" dir="0" index="1" bw="54" slack="0"/>
<pin id="234" dir="0" index="2" bw="53" slack="0"/>
<pin id="235" dir="1" index="3" bw="54" slack="0"/>
</pin_list>
<bind>
<opcode="select(49) " fcode="select"/>
<opset="select_ln17/6 "/>
</bind>
</comp>

<comp id="238" class="1004" name="sub_ln17_1_fu_238">
<pin_list>
<pin id="239" dir="0" index="0" bw="12" slack="0"/>
<pin id="240" dir="0" index="1" bw="11" slack="0"/>
<pin id="241" dir="1" index="2" bw="12" slack="0"/>
</pin_list>
<bind>
<opcode="sub(10) " fcode="sub"/>
<opset="sub_ln17_1/6 "/>
</bind>
</comp>

<comp id="244" class="1004" name="trunc_ln17_2_fu_244">
<pin_list>
<pin id="245" dir="0" index="0" bw="12" slack="0"/>
<pin id="246" dir="1" index="1" bw="6" slack="0"/>
</pin_list>
<bind>
<opcode="trunc(33) " fcode="trunc"/>
<opset="trunc_ln17_2/6 "/>
</bind>
</comp>

<comp id="248" class="1004" name="trunc_ln17_3_fu_248">
<pin_list>
<pin id="249" dir="0" index="0" bw="12" slack="0"/>
<pin id="250" dir="1" index="1" bw="11" slack="0"/>
</pin_list>
<bind>
<opcode="trunc(33) " fcode="trunc"/>
<opset="trunc_ln17_3/6 "/>
</bind>
</comp>

<comp id="252" class="1004" name="icmp_ln17_1_fu_252">
<pin_list>
<pin id="253" dir="0" index="0" bw="12" slack="0"/>
<pin id="254" dir="0" index="1" bw="3" slack="0"/>
<pin id="255" dir="1" index="2" bw="1" slack="0"/>
</pin_list>
<bind>
<opcode="icmp(45) " fcode="icmp"/>
<opset="icmp_ln17_1/6 "/>
</bind>
</comp>

<comp id="258" class="1004" name="add_ln17_fu_258">
<pin_list>
<pin id="259" dir="0" index="0" bw="12" slack="0"/>
<pin id="260" dir="0" index="1" bw="2" slack="0"/>
<pin id="261" dir="1" index="2" bw="12" slack="0"/>
</pin_list>
<bind>
<opcode="add(8) " fcode="add"/>
<opset="add_ln17/6 "/>
</bind>
</comp>

<comp id="264" class="1004" name="trunc_ln17_4_fu_264">
<pin_list>
<pin id="265" dir="0" index="0" bw="12" slack="0"/>
<pin id="266" dir="1" index="1" bw="11" slack="0"/>
</pin_list>
<bind>
<opcode="trunc(33) " fcode="trunc"/>
<opset="trunc_ln17_4/6 "/>
</bind>
</comp>

<comp id="268" class="1004" name="sub_ln17_2_fu_268">
<pin_list>
<pin id="269" dir="0" index="0" bw="3" slack="0"/>
<pin id="270" dir="0" index="1" bw="11" slack="0"/>
<pin id="271" dir="1" index="2" bw="11" slack="0"/>
</pin_list>
<bind>
<opcode="sub(10) " fcode="sub"/>
<opset="sub_ln17_2/6 "/>
</bind>
</comp>

<comp id="274" class="1004" name="select_ln17_1_fu_274">
<pin_list>
<pin id="275" dir="0" index="0" bw="1" slack="0"/>
<pin id="276" dir="0" index="1" bw="11" slack="0"/>
<pin id="277" dir="0" index="2" bw="11" slack="0"/>
<pin id="278" dir="1" index="3" bw="11" slack="0"/>
</pin_list>
<bind>
<opcode="select(49) " fcode="select"/>
<opset="select_ln17_1/6 "/>
</bind>
</comp>

<comp id="282" class="1004" name="zext_ln17_2_fu_282">
<pin_list>
<pin id="283" dir="0" index="0" bw="11" slack="0"/>
<pin id="284" dir="1" index="1" bw="32" slack="0"/>
</pin_list>
<bind>
<opcode="zext(34) " fcode="zext"/>
<opset="zext_ln17_2/6 "/>
</bind>
</comp>

<comp id="286" class="1004" name="icmp_ln17_2_fu_286">
<pin_list>
<pin id="287" dir="0" index="0" bw="12" slack="0"/>
<pin id="288" dir="0" index="1" bw="3" slack="0"/>
<pin id="289" dir="1" index="2" bw="1" slack="0"/>
</pin_list>
<bind>
<opcode="icmp(45) " fcode="icmp"/>
<opset="icmp_ln17_2/6 "/>
</bind>
</comp>

<comp id="292" class="1004" name="trunc_ln17_5_fu_292">
<pin_list>
<pin id="293" dir="0" index="0" bw="54" slack="0"/>
<pin id="294" dir="1" index="1" bw="4" slack="0"/>
</pin_list>
<bind>
<opcode="trunc(33) " fcode="trunc"/>
<opset="trunc_ln17_5/6 "/>
</bind>
</comp>

<comp id="296" class="1004" name="icmp_ln17_3_fu_296">
<pin_list>
<pin id="297" dir="0" index="0" bw="11" slack="0"/>
<pin id="298" dir="0" index="1" bw="7" slack="0"/>
<pin id="299" dir="1" index="2" bw="1" slack="0"/>
</pin_list>
<bind>
<opcode="icmp(45) " fcode="icmp"/>
<opset="icmp_ln17_3/6 "/>
</bind>
</comp>

<comp id="302" class="1004" name="select_ln17_4_fu_302">
<pin_list>
<pin id="303" dir="0" index="0" bw="1" slack="1"/>
<pin id="304" dir="0" index="1" bw="1" slack="0"/>
<pin id="305" dir="0" index="2" bw="1" slack="0"/>
<pin id="306" dir="1" index="3" bw="4" slack="0"/>
</pin_list>
<bind>
<opcode="select(49) " fcode="select"/>
<opset="select_ln17_4/6 "/>
</bind>
</comp>

<comp id="309" class="1004" name="zext_ln17_3_fu_309">
<pin_list>
<pin id="310" dir="0" index="0" bw="11" slack="0"/>
<pin id="311" dir="1" index="1" bw="54" slack="0"/>
</pin_list>
<bind>
<opcode="zext(34) " fcode="zext"/>
<opset="zext_ln17_3/6 "/>
</bind>
</comp>

<comp id="313" class="1004" name="ashr_ln17_fu_313">
<pin_list>
<pin id="314" dir="0" index="0" bw="54" slack="0"/>
<pin id="315" dir="0" index="1" bw="11" slack="0"/>
<pin id="316" dir="1" index="2" bw="54" slack="0"/>
</pin_list>
<bind>
<opcode="ashr(22) " fcode="ashr"/>
<opset="ashr_ln17/6 "/>
</bind>
</comp>

<comp id="319" class="1004" name="trunc_ln17_6_fu_319">
<pin_list>
<pin id="320" dir="0" index="0" bw="54" slack="0"/>
<pin id="321" dir="1" index="1" bw="4" slack="0"/>
</pin_list>
<bind>
<opcode="trunc(33) " fcode="trunc"/>
<opset="trunc_ln17_6/6 "/>
</bind>
</comp>

<comp id="323" class="1004" name="select_ln17_2_fu_323">
<pin_list>
<pin id="324" dir="0" index="0" bw="1" slack="0"/>
<pin id="325" dir="0" index="1" bw="4" slack="0"/>
<pin id="326" dir="0" index="2" bw="4" slack="0"/>
<pin id="327" dir="1" index="3" bw="4" slack="0"/>
</pin_list>
<bind>
<opcode="select(49) " fcode="select"/>
<opset="select_ln17_2/6 "/>
</bind>
</comp>

<comp id="331" class="1004" name="icmp_ln17_4_fu_331">
<pin_list>
<pin id="332" dir="0" index="0" bw="12" slack="0"/>
<pin id="333" dir="0" index="1" bw="7" slack="0"/>
<pin id="334" dir="1" index="2" bw="1" slack="0"/>
</pin_list>
<bind>
<opcode="icmp(45) " fcode="icmp"/>
<opset="icmp_ln17_4/6 "/>
</bind>
</comp>

<comp id="337" class="1004" name="tmp_45_fu_337">
<pin_list>
<pin id="338" dir="0" index="0" bw="9" slack="0"/>
<pin id="339" dir="0" index="1" bw="11" slack="0"/>
<pin id="340" dir="0" index="2" bw="3" slack="0"/>
<pin id="341" dir="0" index="3" bw="5" slack="0"/>
<pin id="342" dir="1" index="4" bw="9" slack="0"/>
</pin_list>
<bind>
<opcode="partselect(1002) " fcode="partselect"/>
<opset="tmp_45/6 "/>
</bind>
</comp>

<comp id="347" class="1004" name="icmp_ln17_5_fu_347">
<pin_list>
<pin id="348" dir="0" index="0" bw="9" slack="0"/>
<pin id="349" dir="0" index="1" bw="1" slack="0"/>
<pin id="350" dir="1" index="2" bw="1" slack="0"/>
</pin_list>
<bind>
<opcode="icmp(45) " fcode="icmp"/>
<opset="icmp_ln17_5/6 "/>
</bind>
</comp>

<comp id="353" class="1004" name="zext_ln17_4_fu_353">
<pin_list>
<pin id="354" dir="0" index="0" bw="4" slack="0"/>
<pin id="355" dir="1" index="1" bw="32" slack="0"/>
</pin_list>
<bind>
<opcode="zext(34) " fcode="zext"/>
<opset="zext_ln17_4/6 "/>
</bind>
</comp>

<comp id="357" class="1004" name="shl_ln17_fu_357">
<pin_list>
<pin id="358" dir="0" index="0" bw="4" slack="0"/>
<pin id="359" dir="0" index="1" bw="11" slack="0"/>
<pin id="360" dir="1" index="2" bw="32" slack="0"/>
</pin_list>
<bind>
<opcode="shl(20) " fcode="shl"/>
<opset="shl_ln17/6 "/>
</bind>
</comp>

<comp id="363" class="1004" name="trunc_ln17_7_fu_363">
<pin_list>
<pin id="364" dir="0" index="0" bw="32" slack="0"/>
<pin id="365" dir="1" index="1" bw="4" slack="0"/>
</pin_list>
<bind>
<opcode="trunc(33) " fcode="trunc"/>
<opset="trunc_ln17_7/6 "/>
</bind>
</comp>

<comp id="367" class="1004" name="select_ln17_3_fu_367">
<pin_list>
<pin id="368" dir="0" index="0" bw="1" slack="0"/>
<pin id="369" dir="0" index="1" bw="4" slack="0"/>
<pin id="370" dir="0" index="2" bw="1" slack="0"/>
<pin id="371" dir="1" index="3" bw="4" slack="1"/>
</pin_list>
<bind>
<opcode="select(49) " fcode="select"/>
<opset="select_ln17_3/6 "/>
</bind>
</comp>

<comp id="375" class="1004" name="add_ln17_1_fu_375">
<pin_list>
<pin id="376" dir="0" index="0" bw="6" slack="0"/>
<pin id="377" dir="0" index="1" bw="3" slack="0"/>
<pin id="378" dir="1" index="2" bw="6" slack="0"/>
</pin_list>
<bind>
<opcode="add(8) " fcode="add"/>
<opset="add_ln17_1/6 "/>
</bind>
</comp>

<comp id="381" class="1004" name="tmp_46_fu_381">
<pin_list>
<pin id="382" dir="0" index="0" bw="1" slack="0"/>
<pin id="383" dir="0" index="1" bw="54" slack="0"/>
<pin id="384" dir="0" index="2" bw="6" slack="0"/>
<pin id="385" dir="1" index="3" bw="1" slack="0"/>
</pin_list>
<bind>
<opcode="bitselect(1000) " fcode="bitselect"/>
<opset="tmp_46/6 "/>
</bind>
</comp>

<comp id="389" class="1004" name="cond63_i_i_fu_389">
<pin_list>
<pin id="390" dir="0" index="0" bw="1" slack="0"/>
<pin id="391" dir="0" index="1" bw="1" slack="1"/>
<pin id="392" dir="0" index="2" bw="1" slack="0"/>
<pin id="393" dir="1" index="3" bw="1" slack="0"/>
</pin_list>
<bind>
<opcode="select(49) " fcode="select"/>
<opset="cond63_i_i/6 "/>
</bind>
</comp>

<comp id="396" class="1004" name="zext_ln17_5_fu_396">
<pin_list>
<pin id="397" dir="0" index="0" bw="1" slack="0"/>
<pin id="398" dir="1" index="1" bw="4" slack="0"/>
</pin_list>
<bind>
<opcode="zext(34) " fcode="zext"/>
<opset="zext_ln17_5/6 "/>
</bind>
</comp>

<comp id="400" class="1004" name="add_ln17_2_fu_400">
<pin_list>
<pin id="401" dir="0" index="0" bw="4" slack="0"/>
<pin id="402" dir="0" index="1" bw="1" slack="0"/>
<pin id="403" dir="1" index="2" bw="4" slack="1"/>
</pin_list>
<bind>
<opcode="add(8) " fcode="add"/>
<opset="add_ln17_2/6 "/>
</bind>
</comp>

<comp id="406" class="1004" name="or_ln17_fu_406">
<pin_list>
<pin id="407" dir="0" index="0" bw="1" slack="1"/>
<pin id="408" dir="0" index="1" bw="1" slack="0"/>
<pin id="409" dir="1" index="2" bw="1" slack="0"/>
</pin_list>
<bind>
<opcode="or(24) " fcode="or"/>
<opset="or_ln17/6 "/>
</bind>
</comp>

<comp id="411" class="1004" name="xor_ln17_1_fu_411">
<pin_list>
<pin id="412" dir="0" index="0" bw="1" slack="0"/>
<pin id="413" dir="0" index="1" bw="1" slack="0"/>
<pin id="414" dir="1" index="2" bw="1" slack="0"/>
</pin_list>
<bind>
<opcode="xor(25) " fcode="xor"/>
<opset="xor_ln17_1/6 "/>
</bind>
</comp>

<comp id="417" class="1004" name="and_ln17_1_fu_417">
<pin_list>
<pin id="418" dir="0" index="0" bw="1" slack="0"/>
<pin id="419" dir="0" index="1" bw="1" slack="0"/>
<pin id="420" dir="1" index="2" bw="1" slack="1"/>
</pin_list>
<bind>
<opcode="and(23) " fcode="and"/>
<opset="and_ln17_1/6 "/>
</bind>
</comp>

<comp id="423" class="1004" name="xor_ln17_fu_423">
<pin_list>
<pin id="424" dir="0" index="0" bw="1" slack="2"/>
<pin id="425" dir="0" index="1" bw="1" slack="0"/>
<pin id="426" dir="1" index="2" bw="1" slack="0"/>
</pin_list>
<bind>
<opcode="xor(25) " fcode="xor"/>
<opset="xor_ln17/7 "/>
</bind>
</comp>

<comp id="428" class="1004" name="and_ln17_fu_428">
<pin_list>
<pin id="429" dir="0" index="0" bw="1" slack="1"/>
<pin id="430" dir="0" index="1" bw="1" slack="0"/>
<pin id="431" dir="1" index="2" bw="1" slack="0"/>
</pin_list>
<bind>
<opcode="and(23) " fcode="and"/>
<opset="and_ln17/7 "/>
</bind>
</comp>

<comp id="433" class="1004" name="sel_tmp6_fu_433">
<pin_list>
<pin id="434" dir="0" index="0" bw="3" slack="0"/>
<pin id="435" dir="0" index="1" bw="1" slack="2"/>
<pin id="436" dir="0" index="2" bw="1" slack="0"/>
<pin id="437" dir="0" index="3" bw="1" slack="1"/>
<pin id="438" dir="1" index="4" bw="3" slack="0"/>
</pin_list>
<bind>
<opcode="bitconcatenate(1004) " fcode="bitconcatenate"/>
<opset="sel_tmp6/7 "/>
</bind>
</comp>

<comp id="441" class="1004" name="storemerge5_i_i_fu_441">
<pin_list>
<pin id="442" dir="0" index="0" bw="4" slack="0"/>
<pin id="443" dir="0" index="1" bw="3" slack="0"/>
<pin id="444" dir="0" index="2" bw="4" slack="0"/>
<pin id="445" dir="0" index="3" bw="3" slack="0"/>
<pin id="446" dir="0" index="4" bw="4" slack="1"/>
<pin id="447" dir="0" index="5" bw="3" slack="0"/>
<pin id="448" dir="0" index="6" bw="4" slack="1"/>
<pin id="449" dir="0" index="7" bw="3" slack="0"/>
<pin id="450" dir="0" index="8" bw="4" slack="1"/>
<pin id="451" dir="0" index="9" bw="4" slack="0"/>
<pin id="452" dir="0" index="10" bw="3" slack="0"/>
<pin id="453" dir="1" index="11" bw="4" slack="0"/>
</pin_list>
<bind>
<opcode="sparsemux(1197) " fcode="sparsemux"/>
<opset="storemerge5_i_i/7 "/>
</bind>
</comp>

<comp id="462" class="1004" name="zext_ln20_fu_462">
<pin_list>
<pin id="463" dir="0" index="0" bw="4" slack="0"/>
<pin id="464" dir="1" index="1" bw="8" slack="0"/>
</pin_list>
<bind>
<opcode="zext(34) " fcode="zext"/>
<opset="zext_ln20/7 "/>
</bind>
</comp>

<comp id="467" class="1005" name="indvar_flatten_reg_467">
<pin_list>
<pin id="468" dir="0" index="0" bw="41" slack="0"/>
<pin id="469" dir="1" index="1" bw="41" slack="0"/>
</pin_list>
<bind>
<opset="indvar_flatten "/>
</bind>
</comp>

<comp id="474" class="1005" name="bound_read_reg_474">
<pin_list>
<pin id="475" dir="0" index="0" bw="41" slack="1"/>
<pin id="476" dir="1" index="1" bw="41" slack="1"/>
</pin_list>
<bind>
<opset="bound_read "/>
</bind>
</comp>

<comp id="479" class="1005" name="sext_ln13_cast_reg_479">
<pin_list>
<pin id="480" dir="0" index="0" bw="64" slack="2"/>
<pin id="481" dir="1" index="1" bw="64" slack="2"/>
</pin_list>
<bind>
<opset="sext_ln13_cast "/>
</bind>
</comp>

<comp id="484" class="1005" name="icmp_ln13_reg_484">
<pin_list>
<pin id="485" dir="0" index="0" bw="1" slack="4"/>
<pin id="486" dir="1" index="1" bw="1" slack="2147483647"/>
</pin_list>
<bind>
<opset="icmp_ln13 "/>
</bind>
</comp>

<comp id="488" class="1005" name="gmem_in0_addr_read_reg_488">
<pin_list>
<pin id="489" dir="0" index="0" bw="32" slack="1"/>
<pin id="490" dir="1" index="1" bw="32" slack="1"/>
</pin_list>
<bind>
<opset="gmem_in0_addr_read "/>
</bind>
</comp>

<comp id="493" class="1005" name="bitcast_ln17_reg_493">
<pin_list>
<pin id="494" dir="0" index="0" bw="32" slack="1"/>
<pin id="495" dir="1" index="1" bw="32" slack="1"/>
</pin_list>
<bind>
<opset="bitcast_ln17 "/>
</bind>
</comp>

<comp id="498" class="1005" name="tmp_reg_498">
<pin_list>
<pin id="499" dir="0" index="0" bw="1" slack="1"/>
<pin id="500" dir="1" index="1" bw="1" slack="1"/>
</pin_list>
<bind>
<opset="tmp "/>
</bind>
</comp>

<comp id="505" class="1005" name="tmp_i_reg_505">
<pin_list>
<pin id="506" dir="0" index="0" bw="11" slack="1"/>
<pin id="507" dir="1" index="1" bw="11" slack="1"/>
</pin_list>
<bind>
<opset="tmp_i "/>
</bind>
</comp>

<comp id="510" class="1005" name="trunc_ln17_1_reg_510">
<pin_list>
<pin id="511" dir="0" index="0" bw="52" slack="1"/>
<pin id="512" dir="1" index="1" bw="52" slack="1"/>
</pin_list>
<bind>
<opset="trunc_ln17_1 "/>
</bind>
</comp>

<comp id="515" class="1005" name="icmp_ln17_reg_515">
<pin_list>
<pin id="516" dir="0" index="0" bw="1" slack="1"/>
<pin id="517" dir="1" index="1" bw="1" slack="1"/>
</pin_list>
<bind>
<opset="icmp_ln17 "/>
</bind>
</comp>

<comp id="522" class="1005" name="icmp_ln17_2_reg_522">
<pin_list>
<pin id="523" dir="0" index="0" bw="1" slack="1"/>
<pin id="524" dir="1" index="1" bw="1" slack="1"/>
</pin_list>
<bind>
<opset="icmp_ln17_2 "/>
</bind>
</comp>

<comp id="527" class="1005" name="trunc_ln17_5_reg_527">
<pin_list>
<pin id="528" dir="0" index="0" bw="4" slack="1"/>
<pin id="529" dir="1" index="1" bw="4" slack="1"/>
</pin_list>
<bind>
<opset="trunc_ln17_5 "/>
</bind>
</comp>

<comp id="532" class="1005" name="select_ln17_3_reg_532">
<pin_list>
<pin id="533" dir="0" index="0" bw="4" slack="1"/>
<pin id="534" dir="1" index="1" bw="4" slack="1"/>
</pin_list>
<bind>
<opset="select_ln17_3 "/>
</bind>
</comp>

<comp id="537" class="1005" name="add_ln17_2_reg_537">
<pin_list>
<pin id="538" dir="0" index="0" bw="4" slack="1"/>
<pin id="539" dir="1" index="1" bw="4" slack="1"/>
</pin_list>
<bind>
<opset="add_ln17_2 "/>
</bind>
</comp>

<comp id="542" class="1005" name="and_ln17_1_reg_542">
<pin_list>
<pin id="543" dir="0" index="0" bw="1" slack="1"/>
<pin id="544" dir="1" index="1" bw="1" slack="1"/>
</pin_list>
<bind>
<opset="and_ln17_1 "/>
</bind>
</comp>

</comp_list>

<net_list>
<net id="111"><net_src comp="8" pin="0"/><net_sink comp="108" pin=0"/></net>

<net id="116"><net_src comp="10" pin="0"/><net_sink comp="112" pin=0"/></net>

<net id="117"><net_src comp="4" pin="0"/><net_sink comp="112" pin=1"/></net>

<net id="122"><net_src comp="12" pin="0"/><net_sink comp="118" pin=0"/></net>

<net id="123"><net_src comp="0" pin="0"/><net_sink comp="118" pin=1"/></net>

<net id="129"><net_src comp="106" pin="0"/><net_sink comp="124" pin=0"/></net>

<net id="130"><net_src comp="6" pin="0"/><net_sink comp="124" pin=1"/></net>

<net id="135"><net_src comp="40" pin="0"/><net_sink comp="131" pin=0"/></net>

<net id="142"><net_src comp="112" pin="2"/><net_sink comp="139" pin=0"/></net>

<net id="147"><net_src comp="36" pin="0"/><net_sink comp="143" pin=0"/></net>

<net id="155"><net_src comp="148" pin="1"/><net_sink comp="151" pin=0"/></net>

<net id="160"><net_src comp="148" pin="1"/><net_sink comp="156" pin=0"/></net>

<net id="161"><net_src comp="38" pin="0"/><net_sink comp="156" pin=1"/></net>

<net id="166"><net_src comp="156" pin="2"/><net_sink comp="162" pin=0"/></net>

<net id="171"><net_src comp="2" pin="0"/><net_sink comp="167" pin=0"/></net>

<net id="172"><net_src comp="167" pin="2"/><net_sink comp="131" pin=1"/></net>

<net id="176"><net_src comp="173" pin="1"/><net_sink comp="136" pin=0"/></net>

<net id="180"><net_src comp="136" pin="1"/><net_sink comp="177" pin=0"/></net>

<net id="184"><net_src comp="177" pin="1"/><net_sink comp="181" pin=0"/></net>

<net id="190"><net_src comp="42" pin="0"/><net_sink comp="185" pin=0"/></net>

<net id="191"><net_src comp="177" pin="1"/><net_sink comp="185" pin=1"/></net>

<net id="192"><net_src comp="44" pin="0"/><net_sink comp="185" pin=2"/></net>

<net id="198"><net_src comp="46" pin="0"/><net_sink comp="193" pin=0"/></net>

<net id="199"><net_src comp="177" pin="1"/><net_sink comp="193" pin=1"/></net>

<net id="200"><net_src comp="48" pin="0"/><net_sink comp="193" pin=2"/></net>

<net id="204"><net_src comp="177" pin="1"/><net_sink comp="201" pin=0"/></net>

<net id="209"><net_src comp="181" pin="1"/><net_sink comp="205" pin=0"/></net>

<net id="210"><net_src comp="50" pin="0"/><net_sink comp="205" pin=1"/></net>

<net id="219"><net_src comp="52" pin="0"/><net_sink comp="214" pin=0"/></net>

<net id="220"><net_src comp="54" pin="0"/><net_sink comp="214" pin=1"/></net>

<net id="224"><net_src comp="214" pin="3"/><net_sink comp="221" pin=0"/></net>

<net id="229"><net_src comp="56" pin="0"/><net_sink comp="225" pin=0"/></net>

<net id="230"><net_src comp="221" pin="1"/><net_sink comp="225" pin=1"/></net>

<net id="236"><net_src comp="225" pin="2"/><net_sink comp="231" pin=1"/></net>

<net id="237"><net_src comp="221" pin="1"/><net_sink comp="231" pin=2"/></net>

<net id="242"><net_src comp="58" pin="0"/><net_sink comp="238" pin=0"/></net>

<net id="243"><net_src comp="211" pin="1"/><net_sink comp="238" pin=1"/></net>

<net id="247"><net_src comp="238" pin="2"/><net_sink comp="244" pin=0"/></net>

<net id="251"><net_src comp="238" pin="2"/><net_sink comp="248" pin=0"/></net>

<net id="256"><net_src comp="238" pin="2"/><net_sink comp="252" pin=0"/></net>

<net id="257"><net_src comp="60" pin="0"/><net_sink comp="252" pin=1"/></net>

<net id="262"><net_src comp="238" pin="2"/><net_sink comp="258" pin=0"/></net>

<net id="263"><net_src comp="62" pin="0"/><net_sink comp="258" pin=1"/></net>

<net id="267"><net_src comp="258" pin="2"/><net_sink comp="264" pin=0"/></net>

<net id="272"><net_src comp="64" pin="0"/><net_sink comp="268" pin=0"/></net>

<net id="273"><net_src comp="248" pin="1"/><net_sink comp="268" pin=1"/></net>

<net id="279"><net_src comp="252" pin="2"/><net_sink comp="274" pin=0"/></net>

<net id="280"><net_src comp="264" pin="1"/><net_sink comp="274" pin=1"/></net>

<net id="281"><net_src comp="268" pin="2"/><net_sink comp="274" pin=2"/></net>

<net id="285"><net_src comp="274" pin="3"/><net_sink comp="282" pin=0"/></net>

<net id="290"><net_src comp="238" pin="2"/><net_sink comp="286" pin=0"/></net>

<net id="291"><net_src comp="60" pin="0"/><net_sink comp="286" pin=1"/></net>

<net id="295"><net_src comp="231" pin="3"/><net_sink comp="292" pin=0"/></net>

<net id="300"><net_src comp="274" pin="3"/><net_sink comp="296" pin=0"/></net>

<net id="301"><net_src comp="66" pin="0"/><net_sink comp="296" pin=1"/></net>

<net id="307"><net_src comp="68" pin="0"/><net_sink comp="302" pin=1"/></net>

<net id="308"><net_src comp="70" pin="0"/><net_sink comp="302" pin=2"/></net>

<net id="312"><net_src comp="274" pin="3"/><net_sink comp="309" pin=0"/></net>

<net id="317"><net_src comp="231" pin="3"/><net_sink comp="313" pin=0"/></net>

<net id="318"><net_src comp="309" pin="1"/><net_sink comp="313" pin=1"/></net>

<net id="322"><net_src comp="313" pin="2"/><net_sink comp="319" pin=0"/></net>

<net id="328"><net_src comp="296" pin="2"/><net_sink comp="323" pin=0"/></net>

<net id="329"><net_src comp="319" pin="1"/><net_sink comp="323" pin=1"/></net>

<net id="330"><net_src comp="302" pin="3"/><net_sink comp="323" pin=2"/></net>

<net id="335"><net_src comp="258" pin="2"/><net_sink comp="331" pin=0"/></net>

<net id="336"><net_src comp="72" pin="0"/><net_sink comp="331" pin=1"/></net>

<net id="343"><net_src comp="74" pin="0"/><net_sink comp="337" pin=0"/></net>

<net id="344"><net_src comp="274" pin="3"/><net_sink comp="337" pin=1"/></net>

<net id="345"><net_src comp="76" pin="0"/><net_sink comp="337" pin=2"/></net>

<net id="346"><net_src comp="78" pin="0"/><net_sink comp="337" pin=3"/></net>

<net id="351"><net_src comp="337" pin="4"/><net_sink comp="347" pin=0"/></net>

<net id="352"><net_src comp="80" pin="0"/><net_sink comp="347" pin=1"/></net>

<net id="356"><net_src comp="292" pin="1"/><net_sink comp="353" pin=0"/></net>

<net id="361"><net_src comp="353" pin="1"/><net_sink comp="357" pin=0"/></net>

<net id="362"><net_src comp="282" pin="1"/><net_sink comp="357" pin=1"/></net>

<net id="366"><net_src comp="357" pin="2"/><net_sink comp="363" pin=0"/></net>

<net id="372"><net_src comp="347" pin="2"/><net_sink comp="367" pin=0"/></net>

<net id="373"><net_src comp="363" pin="1"/><net_sink comp="367" pin=1"/></net>

<net id="374"><net_src comp="70" pin="0"/><net_sink comp="367" pin=2"/></net>

<net id="379"><net_src comp="244" pin="1"/><net_sink comp="375" pin=0"/></net>

<net id="380"><net_src comp="82" pin="0"/><net_sink comp="375" pin=1"/></net>

<net id="386"><net_src comp="84" pin="0"/><net_sink comp="381" pin=0"/></net>

<net id="387"><net_src comp="231" pin="3"/><net_sink comp="381" pin=1"/></net>

<net id="388"><net_src comp="375" pin="2"/><net_sink comp="381" pin=2"/></net>

<net id="394"><net_src comp="331" pin="2"/><net_sink comp="389" pin=0"/></net>

<net id="395"><net_src comp="381" pin="3"/><net_sink comp="389" pin=2"/></net>

<net id="399"><net_src comp="389" pin="3"/><net_sink comp="396" pin=0"/></net>

<net id="404"><net_src comp="323" pin="3"/><net_sink comp="400" pin=0"/></net>

<net id="405"><net_src comp="396" pin="1"/><net_sink comp="400" pin=1"/></net>

<net id="410"><net_src comp="286" pin="2"/><net_sink comp="406" pin=1"/></net>

<net id="415"><net_src comp="406" pin="2"/><net_sink comp="411" pin=0"/></net>

<net id="416"><net_src comp="54" pin="0"/><net_sink comp="411" pin=1"/></net>

<net id="421"><net_src comp="252" pin="2"/><net_sink comp="417" pin=0"/></net>

<net id="422"><net_src comp="411" pin="2"/><net_sink comp="417" pin=1"/></net>

<net id="427"><net_src comp="54" pin="0"/><net_sink comp="423" pin=1"/></net>

<net id="432"><net_src comp="423" pin="2"/><net_sink comp="428" pin=1"/></net>

<net id="439"><net_src comp="92" pin="0"/><net_sink comp="433" pin=0"/></net>

<net id="440"><net_src comp="428" pin="2"/><net_sink comp="433" pin=2"/></net>

<net id="454"><net_src comp="94" pin="0"/><net_sink comp="441" pin=0"/></net>

<net id="455"><net_src comp="96" pin="0"/><net_sink comp="441" pin=1"/></net>

<net id="456"><net_src comp="70" pin="0"/><net_sink comp="441" pin=2"/></net>

<net id="457"><net_src comp="98" pin="0"/><net_sink comp="441" pin=3"/></net>

<net id="458"><net_src comp="100" pin="0"/><net_sink comp="441" pin=5"/></net>

<net id="459"><net_src comp="102" pin="0"/><net_sink comp="441" pin=7"/></net>

<net id="460"><net_src comp="104" pin="0"/><net_sink comp="441" pin=9"/></net>

<net id="461"><net_src comp="433" pin="4"/><net_sink comp="441" pin=10"/></net>

<net id="465"><net_src comp="441" pin="11"/><net_sink comp="462" pin=0"/></net>

<net id="466"><net_src comp="462" pin="1"/><net_sink comp="124" pin=2"/></net>

<net id="470"><net_src comp="108" pin="1"/><net_sink comp="467" pin=0"/></net>

<net id="471"><net_src comp="467" pin="1"/><net_sink comp="143" pin=1"/></net>

<net id="472"><net_src comp="467" pin="1"/><net_sink comp="148" pin=0"/></net>

<net id="473"><net_src comp="467" pin="1"/><net_sink comp="162" pin=1"/></net>

<net id="477"><net_src comp="118" pin="2"/><net_sink comp="474" pin=0"/></net>

<net id="478"><net_src comp="474" pin="1"/><net_sink comp="151" pin=1"/></net>

<net id="482"><net_src comp="139" pin="1"/><net_sink comp="479" pin=0"/></net>

<net id="483"><net_src comp="479" pin="1"/><net_sink comp="167" pin=1"/></net>

<net id="487"><net_src comp="151" pin="2"/><net_sink comp="484" pin=0"/></net>

<net id="491"><net_src comp="131" pin="2"/><net_sink comp="488" pin=0"/></net>

<net id="492"><net_src comp="488" pin="1"/><net_sink comp="173" pin=0"/></net>

<net id="496"><net_src comp="173" pin="1"/><net_sink comp="493" pin=0"/></net>

<net id="497"><net_src comp="493" pin="1"/><net_sink comp="136" pin=0"/></net>

<net id="501"><net_src comp="185" pin="3"/><net_sink comp="498" pin=0"/></net>

<net id="502"><net_src comp="498" pin="1"/><net_sink comp="231" pin=0"/></net>

<net id="503"><net_src comp="498" pin="1"/><net_sink comp="302" pin=0"/></net>

<net id="504"><net_src comp="498" pin="1"/><net_sink comp="389" pin=1"/></net>

<net id="508"><net_src comp="193" pin="3"/><net_sink comp="505" pin=0"/></net>

<net id="509"><net_src comp="505" pin="1"/><net_sink comp="211" pin=0"/></net>

<net id="513"><net_src comp="201" pin="1"/><net_sink comp="510" pin=0"/></net>

<net id="514"><net_src comp="510" pin="1"/><net_sink comp="214" pin=2"/></net>

<net id="518"><net_src comp="205" pin="2"/><net_sink comp="515" pin=0"/></net>

<net id="519"><net_src comp="515" pin="1"/><net_sink comp="406" pin=0"/></net>

<net id="520"><net_src comp="515" pin="1"/><net_sink comp="423" pin=0"/></net>

<net id="521"><net_src comp="515" pin="1"/><net_sink comp="433" pin=1"/></net>

<net id="525"><net_src comp="286" pin="2"/><net_sink comp="522" pin=0"/></net>

<net id="526"><net_src comp="522" pin="1"/><net_sink comp="428" pin=0"/></net>

<net id="530"><net_src comp="292" pin="1"/><net_sink comp="527" pin=0"/></net>

<net id="531"><net_src comp="527" pin="1"/><net_sink comp="441" pin=4"/></net>

<net id="535"><net_src comp="367" pin="3"/><net_sink comp="532" pin=0"/></net>

<net id="536"><net_src comp="532" pin="1"/><net_sink comp="441" pin=8"/></net>

<net id="540"><net_src comp="400" pin="2"/><net_sink comp="537" pin=0"/></net>

<net id="541"><net_src comp="537" pin="1"/><net_sink comp="441" pin=6"/></net>

<net id="545"><net_src comp="417" pin="2"/><net_sink comp="542" pin=0"/></net>

<net id="546"><net_src comp="542" pin="1"/><net_sink comp="433" pin=3"/></net>

</net_list>

</model> 
---------------- Datapath Model END ------------------

* FSMD analyzer results:
  - Output states:
	Port: stream_in0_input_layer | {7 }
 - Input state : 
	Port: load_input<float,array >_Pipeline_VITIS_LOOP_13_1_VITIS_LOOP_14_2 : bound | {1 }
	Port: load_input<float,array >_Pipeline_VITIS_LOOP_13_1_VITIS_LOOP_14_2 : gmem_in0 | {3 }
	Port: load_input<float,array >_Pipeline_VITIS_LOOP_13_1_VITIS_LOOP_14_2 : sext_ln13 | {1 }
  - Chain level:
	State 1
		store_ln0 : 1
	State 2
		icmp_ln13 : 1
		br_ln13 : 2
		add_ln13 : 1
		store_ln13 : 2
	State 3
		gmem_in0_addr_read : 1
	State 4
		pf : 1
	State 5
		bitcast_ln726 : 1
		trunc_ln17 : 2
		tmp : 2
		tmp_i : 2
		trunc_ln17_1 : 2
		icmp_ln17 : 3
	State 6
		zext_ln17_1 : 1
		sub_ln17 : 2
		select_ln17 : 3
		sub_ln17_1 : 1
		trunc_ln17_2 : 2
		trunc_ln17_3 : 2
		icmp_ln17_1 : 2
		add_ln17 : 2
		trunc_ln17_4 : 3
		sub_ln17_2 : 3
		select_ln17_1 : 4
		zext_ln17_2 : 5
		icmp_ln17_2 : 2
		trunc_ln17_5 : 4
		icmp_ln17_3 : 5
		zext_ln17_3 : 5
		ashr_ln17 : 6
		trunc_ln17_6 : 7
		select_ln17_2 : 8
		icmp_ln17_4 : 3
		tmp_45 : 5
		icmp_ln17_5 : 6
		zext_ln17_4 : 5
		shl_ln17 : 6
		trunc_ln17_7 : 7
		select_ln17_3 : 8
		add_ln17_1 : 3
		tmp_46 : 4
		cond63_i_i : 5
		zext_ln17_5 : 6
		add_ln17_2 : 9
		or_ln17 : 3
		xor_ln17_1 : 3
		and_ln17_1 : 3
	State 7
		storemerge5_i_i : 1
		zext_ln20 : 2
		write_ln20 : 3


============================================================
+ Verbose Summary: Datapath Resource usage 
============================================================

* Functional unit list:
|----------|--------------------------------|---------|---------|
| Operation|         Functional Unit        |    FF   |   LUT   |
|----------|--------------------------------|---------|---------|
|          |        icmp_ln13_fu_151        |    0    |    48   |
|          |        icmp_ln17_fu_205        |    0    |    70   |
|          |       icmp_ln17_1_fu_252       |    0    |    19   |
|   icmp   |       icmp_ln17_2_fu_286       |    0    |    19   |
|          |       icmp_ln17_3_fu_296       |    0    |    18   |
|          |       icmp_ln17_4_fu_331       |    0    |    19   |
|          |       icmp_ln17_5_fu_347       |    0    |    16   |
|----------|--------------------------------|---------|---------|
|   ashr   |        ashr_ln17_fu_313        |    0    |   159   |
|----------|--------------------------------|---------|---------|
|          |         sub_ln17_fu_225        |    0    |    60   |
|    sub   |        sub_ln17_1_fu_238       |    0    |    19   |
|          |        sub_ln17_2_fu_268       |    0    |    18   |
|----------|--------------------------------|---------|---------|
|          |         add_ln13_fu_156        |    0    |    48   |
|    add   |         add_ln17_fu_258        |    0    |    19   |
|          |        add_ln17_1_fu_375       |    0    |    13   |
|          |        add_ln17_2_fu_400       |    0    |    12   |
|----------|--------------------------------|---------|---------|
|          |       select_ln17_fu_231       |    0    |    52   |
|          |      select_ln17_1_fu_274      |    0    |    10   |
|  select  |      select_ln17_4_fu_302      |    0    |    2    |
|          |      select_ln17_2_fu_323      |    0    |    4    |
|          |      select_ln17_3_fu_367      |    0    |    4    |
|          |        cond63_i_i_fu_389       |    0    |    2    |
|----------|--------------------------------|---------|---------|
|    shl   |         shl_ln17_fu_357        |    0    |    22   |
|----------|--------------------------------|---------|---------|
| bitselect|           tmp_fu_185           |    0    |    0    |
|          |          tmp_46_fu_381         |    0    |    17   |
|----------|--------------------------------|---------|---------|
| sparsemux|     storemerge5_i_i_fu_441     |    0    |    14   |
|----------|--------------------------------|---------|---------|
|    xor   |        xor_ln17_1_fu_411       |    0    |    2    |
|          |         xor_ln17_fu_423        |    0    |    2    |
|----------|--------------------------------|---------|---------|
|    and   |        and_ln17_1_fu_417       |    0    |    2    |
|          |         and_ln17_fu_428        |    0    |    2    |
|----------|--------------------------------|---------|---------|
|    or    |         or_ln17_fu_406         |    0    |    2    |
|----------|--------------------------------|---------|---------|
|          |   sext_ln13_read_read_fu_112   |    0    |    0    |
|   read   |     bound_read_read_fu_118     |    0    |    0    |
|          | gmem_in0_addr_read_read_fu_131 |    0    |    0    |
|----------|--------------------------------|---------|---------|
|   write  |     write_ln20_write_fu_124    |    0    |    0    |
|----------|--------------------------------|---------|---------|
|   fpext  |           grp_fu_136           |    0    |    0    |
|----------|--------------------------------|---------|---------|
|   sext   |      sext_ln13_cast_fu_139     |    0    |    0    |
|----------|--------------------------------|---------|---------|
|          |        trunc_ln17_fu_181       |    0    |    0    |
|          |       trunc_ln17_1_fu_201      |    0    |    0    |
|          |       trunc_ln17_2_fu_244      |    0    |    0    |
|   trunc  |       trunc_ln17_3_fu_248      |    0    |    0    |
|          |       trunc_ln17_4_fu_264      |    0    |    0    |
|          |       trunc_ln17_5_fu_292      |    0    |    0    |
|          |       trunc_ln17_6_fu_319      |    0    |    0    |
|          |       trunc_ln17_7_fu_363      |    0    |    0    |
|----------|--------------------------------|---------|---------|
|partselect|          tmp_i_fu_193          |    0    |    0    |
|          |          tmp_45_fu_337         |    0    |    0    |
|----------|--------------------------------|---------|---------|
|          |        zext_ln17_fu_211        |    0    |    0    |
|          |       zext_ln17_1_fu_221       |    0    |    0    |
|          |       zext_ln17_2_fu_282       |    0    |    0    |
|   zext   |       zext_ln17_3_fu_309       |    0    |    0    |
|          |       zext_ln17_4_fu_353       |    0    |    0    |
|          |       zext_ln17_5_fu_396       |    0    |    0    |
|          |        zext_ln20_fu_462        |    0    |    0    |
|----------|--------------------------------|---------|---------|
|bitconcatenate|     zext_ln17_1_cast_fu_214    |    0    |    0    |
|          |         sel_tmp6_fu_433        |    0    |    0    |
|----------|--------------------------------|---------|---------|
|   Total  |                                |    0    |   694   |
|----------|--------------------------------|---------|---------|

Memories:
N/A

* Register list:
+--------------------------+--------+
|                          |   FF   |
+--------------------------+--------+
|    add_ln17_2_reg_537    |    4   |
|    and_ln17_1_reg_542    |    1   |
|   bitcast_ln17_reg_493   |   32   |
|    bound_read_reg_474    |   41   |
|gmem_in0_addr_read_reg_488|   32   |
|     icmp_ln13_reg_484    |    1   |
|    icmp_ln17_2_reg_522   |    1   |
|     icmp_ln17_reg_515    |    1   |
|  indvar_flatten_reg_467  |   41   |
|   select_ln17_3_reg_532  |    4   |
|  sext_ln13_cast_reg_479  |   64   |
|       tmp_i_reg_505      |   11   |
|        tmp_reg_498       |    1   |
|   trunc_ln17_1_reg_510   |   52   |
|   trunc_ln17_5_reg_527   |    4   |
+--------------------------+--------+
|           Total          |   290  |
+--------------------------+--------+

* Multiplexer (MUX) list: 
|------------|------|------|------|--------||---------||---------||---------|
|    Comp    |  Pin | Size |  BW  | S x BW ||  Delay  ||    FF   ||   LUT   |
|------------|------|------|------|--------||---------||---------||---------|
| grp_fu_136 |  p0  |   2  |  32  |   64   ||    0    ||    9    |
|------------|------|------|------|--------||---------||---------||---------|
|    Total   |      |      |      |   64   ||  0.427  ||    0    ||    9    |
|------------|------|------|------|--------||---------||---------||---------|



* Summary:
+-----------+--------+--------+--------+
|           |  Delay |   FF   |   LUT  |
+-----------+--------+--------+--------+
|  Function |    -   |    0   |   694  |
|   Memory  |    -   |    -   |    -   |
|Multiplexer|    0   |    0   |    9   |
|  Register |    -   |   290  |    -   |
+-----------+--------+--------+--------+
|   Total   |    0   |   290  |   703  |
+-----------+--------+--------+--------+
