

================================================================
== Vitis HLS Report for 'dense_latency_ap_ufixed_9_7_5_3_0_ap_fixed_15_11_5_3_0_config9_s'
================================================================
* Date:           Wed Mar 18 19:36:31 2026

* Version:        2023.2 (Build 4023990 on Oct 11 2023)
* Project:        hgq2_1_hls4ml_prj_Vitis_2023_latency_reusefactor4_prj
* Solution:       solution1 (Vivado IP Flow Target)
* Product family: zynquplus
* Target device:  xck26-sfvc784-2LV-c


================================================================
== Performance Estimates
================================================================
+ Timing: 
    * Summary: 
    +--------+---------+----------+------------+
    |  Clock |  Target | Estimated| Uncertainty|
    +--------+---------+----------+------------+
    |ap_clk  |  5.00 ns|  3.271 ns|     1.35 ns|
    +--------+---------+----------+------------+

+ Latency: 
    * Summary: 
    +---------+---------+----------+----------+-----+-----+---------+
    |  Latency (cycles) |  Latency (absolute) |  Interval | Pipeline|
    |   min   |   max   |    min   |    max   | min | max |   Type  |
    +---------+---------+----------+----------+-----+-----+---------+
    |        1|        1|  5.000 ns|  5.000 ns|    2|    2|      yes|
    +---------+---------+----------+----------+-----+-----+---------+

    + Detail: 
        * Instance: 
        N/A

        * Loop: 
        N/A



================================================================
== Utilization Estimates
================================================================
* Summary: 
+-----------------+---------+------+--------+--------+-----+
|       Name      | BRAM_18K|  DSP |   FF   |   LUT  | URAM|
+-----------------+---------+------+--------+--------+-----+
|DSP              |        -|     -|       -|       -|    -|
|Expression       |        -|     -|       0|    2094|    -|
|FIFO             |        -|     -|       -|       -|    -|
|Instance         |        -|     0|       0|      80|    -|
|Memory           |        -|     -|       -|       -|    -|
|Multiplexer      |        -|     -|       -|      14|    -|
|Register         |        -|     -|     255|       -|    -|
+-----------------+---------+------+--------+--------+-----+
|Total            |        0|     0|     255|    2188|    0|
+-----------------+---------+------+--------+--------+-----+
|Available        |      288|  1248|  234240|  117120|   64|
+-----------------+---------+------+--------+--------+-----+
|Utilization (%)  |        0|     0|      ~0|       1|    0|
+-----------------+---------+------+--------+--------+-----+

+ Detail: 
    * Instance: 
    +------------------------+--------------------+---------+----+---+----+-----+
    |        Instance        |       Module       | BRAM_18K| DSP| FF| LUT| URAM|
    +------------------------+--------------------+---------+----+---+----+-----+
    |mul_7ns_6ns_12_1_1_U94  |mul_7ns_6ns_12_1_1  |        0|   0|  0|  30|    0|
    |mul_9ns_7ns_15_1_1_U93  |mul_9ns_7ns_15_1_1  |        0|   0|  0|  50|    0|
    +------------------------+--------------------+---------+----+---+----+-----+
    |Total                   |                    |        0|   0|  0|  80|    0|
    +------------------------+--------------------+---------+----+---+----+-----+

    * DSP: 
    N/A

    * Memory: 
    N/A

    * FIFO: 
    N/A

    * Expression: 
    +------------------------+----------+----+---+----+------------+------------+
    |      Variable Name     | Operation| DSP| FF| LUT| Bitwidth P0| Bitwidth P1|
    +------------------------+----------+----+---+----+------------+------------+
    |add_ln58_10_fu_1879_p2  |         +|   0|  0|  17|          12|          12|
    |add_ln58_11_fu_1889_p2  |         +|   0|  0|  17|          13|          13|
    |add_ln58_12_fu_1895_p2  |         +|   0|  0|  17|          13|          13|
    |add_ln58_13_fu_1905_p2  |         +|   0|  0|  17|          13|           9|
    |add_ln58_14_fu_1911_p2  |         +|   0|  0|  16|           9|           9|
    |add_ln58_15_fu_1921_p2  |         +|   0|  0|  17|          13|          13|
    |add_ln58_16_fu_1931_p2  |         +|   0|  0|  16|          14|          14|
    |add_ln58_17_fu_1937_p2  |         +|   0|  0|  16|          15|          15|
    |add_ln58_18_fu_1953_p2  |         +|   0|  0|  16|          14|          14|
    |add_ln58_19_fu_1963_p2  |         +|   0|  0|  22|          15|          15|
    |add_ln58_1_fu_679_p2    |         +|   0|  0|  21|          14|          14|
    |add_ln58_20_fu_1973_p2  |         +|   0|  0|  23|          16|          16|
    |add_ln58_21_fu_2017_p2  |         +|   0|  0|  16|          15|          15|
    |add_ln58_22_fu_2029_p2  |         +|   0|  0|  16|          15|          15|
    |add_ln58_23_fu_2047_p2  |         +|   0|  0|  16|          15|          15|
    |add_ln58_24_fu_2064_p2  |         +|   0|  0|  18|          11|          11|
    |add_ln58_25_fu_2074_p2  |         +|   0|  0|  21|          14|          14|
    |add_ln58_26_fu_2090_p2  |         +|   0|  0|  17|          17|          17|
    |add_ln58_27_fu_2159_p2  |         +|   0|  0|  22|          15|          15|
    |add_ln58_28_fu_2165_p2  |         +|   0|  0|  17|          10|           7|
    |add_ln58_29_fu_2175_p2  |         +|   0|  0|  18|          11|          11|
    |add_ln58_2_fu_1732_p2   |         +|   0|  0|  18|          11|           9|
    |add_ln58_30_fu_2185_p2  |         +|   0|  0|  16|          15|          15|
    |add_ln58_31_fu_2220_p2  |         +|   0|  0|  16|          16|          16|
    |add_ln58_32_fu_2226_p2  |         +|   0|  0|  16|          16|          16|
    |add_ln58_33_fu_2238_p2  |         +|   0|  0|  16|          16|          16|
    |add_ln58_34_fu_2287_p2  |         +|   0|  0|  21|          14|          14|
    |add_ln58_35_fu_2307_p2  |         +|   0|  0|  20|          13|          13|
    |add_ln58_36_fu_2317_p2  |         +|   0|  0|  23|          16|          16|
    |add_ln58_37_fu_2374_p2  |         +|   0|  0|  18|          11|          11|
    |add_ln58_38_fu_2384_p2  |         +|   0|  0|  20|          13|          13|
    |add_ln58_39_fu_2394_p2  |         +|   0|  0|  21|          14|           7|
    |add_ln58_3_fu_1773_p2   |         +|   0|  0|  18|          11|          11|
    |add_ln58_40_fu_2404_p2  |         +|   0|  0|  24|          17|          17|
    |add_ln58_41_fu_2410_p2  |         +|   0|  0|  17|          17|          17|
    |add_ln58_42_fu_2434_p2  |         +|   0|  0|  16|          16|          16|
    |add_ln58_43_fu_2440_p2  |         +|   0|  0|  16|          16|          16|
    |add_ln58_4_fu_1783_p2   |         +|   0|  0|  16|          15|          15|
    |add_ln58_5_fu_1793_p2   |         +|   0|  0|  16|          14|          14|
    |add_ln58_6_fu_1799_p2   |         +|   0|  0|  16|          14|          14|
    |add_ln58_7_fu_1815_p2   |         +|   0|  0|  16|          15|          15|
    |add_ln58_8_fu_1821_p2   |         +|   0|  0|  16|          15|          15|
    |add_ln58_9_fu_1833_p2   |         +|   0|  0|  16|          15|          15|
    |add_ln58_fu_1691_p2     |         +|   0|  0|  16|          14|           6|
    |tmp17_fu_2323_p2        |         +|   0|  0|  16|           9|           9|
    |tmp22973_fu_689_p2      |         +|   0|  0|  15|           8|           8|
    |tmp231_fu_2120_p2       |         +|   0|  0|  15|           8|           8|
    |tmp233179_fu_2203_p2    |         +|   0|  0|  15|           8|           8|
    |tmp241177_fu_2333_p2    |         +|   0|  0|  17|          10|          10|
    |tmp24364_fu_699_p2      |         +|   0|  0|  16|           9|           9|
    |tmp75_fu_1989_p2        |         +|   0|  0|  15|           8|           8|
    |mult_11_fu_952_p2       |         -|   0|  0|  19|          12|          12|
    |mult_14_fu_1002_p2      |         -|   0|  0|  19|          12|          12|
    |mult_15_fu_1045_p2      |         -|   0|  0|  20|          13|          13|
    |mult_17_fu_1088_p2      |         -|   0|  0|  19|          12|          12|
    |mult_1_fu_736_p2        |         -|   0|  0|  17|          12|          12|
    |mult_20_fu_1162_p2      |         -|   0|  0|  20|          13|          13|
    |mult_21_fu_1172_p2      |         -|   0|  0|  19|          12|          12|
    |mult_22_fu_1182_p2      |         -|   0|  0|  20|          13|          13|
    |mult_25_fu_1274_p2      |         -|   0|  0|  19|          12|          12|
    |mult_27_fu_1324_p2      |         -|   0|  0|  17|          10|          10|
    |mult_28_fu_1374_p2      |         -|   0|  0|  22|          15|          15|
    |mult_29_fu_1412_p2      |         -|   0|  0|  23|          16|          16|
    |mult_2_fu_753_p2        |         -|   0|  0|  21|           1|          14|
    |mult_30_fu_653_p2       |         -|   0|  0|  20|          13|          13|
    |mult_31_fu_1487_p2      |         -|   0|  0|  22|          15|          15|
    |mult_32_fu_1513_p2      |         -|   0|  0|  20|          13|          13|
    |mult_33_fu_1531_p2      |         -|   0|  0|  21|          14|          14|
    |mult_36_fu_1647_p2      |         -|   0|  0|  20|          13|          13|
    |mult_37_fu_1681_p2      |         -|   0|  0|  21|          14|          14|
    |mult_4_fu_781_p2        |         -|   0|  0|  19|           1|          12|
    |mult_6_fu_619_p2        |         -|   0|  0|  20|          13|          13|
    |mult_7_fu_840_p2        |         -|   0|  0|  20|          13|          13|
    |mult_9_fu_914_p2        |         -|   0|  0|  21|          14|          14|
    |mult_fu_569_p2          |         -|   0|  0|  20|          13|          13|
    |sub_ln58_10_fu_1843_p2  |         -|   0|  0|  18|          18|          18|
    |sub_ln58_11_fu_1849_p2  |         -|   0|  0|  17|          17|          17|
    |sub_ln58_12_fu_1855_p2  |         -|   0|  0|  18|          18|          18|
    |sub_ln58_13_fu_1861_p2  |         -|   0|  0|  16|          15|          15|
    |sub_ln58_14_fu_1867_p2  |         -|   0|  0|  16|          15|          15|
    |sub_ln58_15_fu_1873_p2  |         -|   0|  0|  17|          17|          17|
    |sub_ln58_16_fu_1943_p2  |         -|   0|  0|  16|          15|          15|
    |sub_ln58_17_fu_1983_p2  |         -|   0|  0|  16|          15|          15|
    |sub_ln58_18_fu_2023_p2  |         -|   0|  0|  16|          15|          15|
    |sub_ln58_19_fu_2035_p2  |         -|   0|  0|  16|          15|          15|
    |sub_ln58_1_fu_669_p2    |         -|   0|  0|  20|           7|          13|
    |sub_ln58_20_fu_2041_p2  |         -|   0|  0|  16|          15|          15|
    |sub_ln58_21_fu_2084_p2  |         -|   0|  0|  24|          17|          17|
    |sub_ln58_22_fu_2096_p2  |         -|   0|  0|  17|          17|          17|
    |sub_ln58_23_fu_2102_p2  |         -|   0|  0|  16|          14|          14|
    |sub_ln58_24_fu_2108_p2  |         -|   0|  0|  23|          16|          16|
    |sub_ln58_25_fu_2114_p2  |         -|   0|  0|  23|          16|          16|
    |sub_ln58_26_fu_2191_p2  |         -|   0|  0|  16|          15|          15|
    |sub_ln58_27_fu_2197_p2  |         -|   0|  0|  24|          17|          17|
    |sub_ln58_28_fu_2232_p2  |         -|   0|  0|  16|          16|          16|
    |sub_ln58_29_fu_2297_p2  |         -|   0|  0|  22|          15|          15|
    |sub_ln58_2_fu_1717_p2   |         -|   0|  0|  20|           9|          13|
    |sub_ln58_30_fu_2351_p2  |         -|   0|  0|  23|           9|          16|
    |sub_ln58_31_fu_2361_p2  |         -|   0|  0|  24|          17|          17|
    |sub_ln58_32_fu_2416_p2  |         -|   0|  0|  17|          17|          17|
    |sub_ln58_33_fu_2422_p2  |         -|   0|  0|  17|          17|          17|
    |sub_ln58_34_fu_2428_p2  |         -|   0|  0|  17|          17|          17|
    |sub_ln58_3_fu_1727_p2   |         -|   0|  0|  16|          14|          14|
    |sub_ln58_4_fu_1742_p2   |         -|   0|  0|  16|          14|          14|
    |sub_ln58_5_fu_1752_p2   |         -|   0|  0|  16|          15|          15|
    |sub_ln58_6_fu_1758_p2   |         -|   0|  0|  20|          13|          13|
    |sub_ln58_7_fu_1767_p2   |         -|   0|  0|  16|          15|          15|
    |sub_ln58_8_fu_1809_p2   |         -|   0|  0|  16|          15|          15|
    |sub_ln58_9_fu_1827_p2   |         -|   0|  0|  25|          18|          18|
    |sub_ln58_fu_1707_p2     |         -|   0|  0|  18|          11|          11|
    |tmp232_fu_2149_p2       |         -|   0|  0|  21|          14|          14|
    |tmp23568_fu_2247_p2     |         -|   0|  0|  15|           8|           8|
    |tmp23866_fu_2269_p2     |         -|   0|  0|  16|           9|           9|
    |or_ln58_1_fu_2007_p2    |        or|   0|  0|  14|          14|           6|
    |or_ln58_fu_1697_p2      |        or|   0|  0|  12|          12|           4|
    +------------------------+----------+----+---+----+------------+------------+
    |Total                   |          |   0|  0|2094|        1550|        1551|
    +------------------------+----------+----+---+----+------------+------------+

    * Multiplexer: 
    +-----------+----+-----------+-----+-----------+
    |    Name   | LUT| Input Size| Bits| Total Bits|
    +-----------+----+-----------+-----+-----------+
    |ap_NS_fsm  |  14|          3|    1|          3|
    +-----------+----+-----------+-----+-----------+
    |Total      |  14|          3|    1|          3|
    +-----------+----+-----------+-----+-----------+

    * Register: 
    +-----------------------------+----+----+-----+-----------+
    |             Name            | FF | LUT| Bits| Const Bits|
    +-----------------------------+----+----+-----+-----------+
    |add_ln58_1_reg_2829          |  12|   0|   14|          2|
    |ap_CS_fsm                    |   2|   0|    2|          0|
    |ap_port_reg_data_14_val      |   7|   0|    7|          0|
    |ap_port_reg_data_15_val      |   9|   0|    9|          0|
    |ap_port_reg_data_20_val      |   6|   0|    6|          0|
    |ap_port_reg_data_21_val      |   9|   0|    9|          0|
    |ap_port_reg_data_24_val      |   7|   0|    7|          0|
    |ap_port_reg_data_26_val      |   7|   0|    7|          0|
    |ap_port_reg_data_29_val      |   8|   0|    8|          0|
    |ap_port_reg_data_30_val      |   8|   0|    8|          0|
    |ap_port_reg_data_5_val       |   8|   0|    8|          0|
    |ap_port_reg_data_6_val       |   7|   0|    7|          0|
    |ap_port_reg_data_9_val       |   6|   0|    6|          0|
    |data_0_val_read_reg_2792     |   7|   0|    7|          0|
    |data_12_val_cast65_reg_2834  |   7|   0|    8|          1|
    |data_12_val_read_reg_2764    |   7|   0|    7|          0|
    |data_19_val_read_reg_2758    |   5|   0|    5|          0|
    |data_1_val_read_reg_2785     |   5|   0|    5|          0|
    |data_22_val_read_reg_2753    |   7|   0|    7|          0|
    |data_25_val_read_reg_2748    |   9|   0|    9|          0|
    |data_27_val_read_reg_2742    |   7|   0|    7|          0|
    |data_2_val_read_reg_2779     |   8|   0|    8|          0|
    |data_3_val_read_reg_2774     |   6|   0|    6|          0|
    |mult_30_reg_2824             |  10|   0|   13|          3|
    |mult_34_reg_536              |  15|   0|   15|          0|
    |mult_35_reg_540              |  12|   0|   12|          0|
    |mult_reg_2809                |  11|   0|   13|          2|
    |shl_ln73_1_reg_2804          |   7|   0|    9|          2|
    |shl_ln73_33_reg_2819         |   7|   0|   10|          3|
    |tmp22973_reg_2839            |   8|   0|    8|          0|
    |tmp24364_reg_2844            |   9|   0|    9|          0|
    |zext_ln73_1_reg_2799         |   7|   0|   13|          6|
    |zext_ln73_6_reg_2814         |   5|   0|    8|          3|
    +-----------------------------+----+----+-----+-----------+
    |Total                        | 255|   0|  277|         22|
    +-----------------------------+----+----+-----+-----------+



================================================================
== Interface
================================================================
* Summary: 
+--------------+-----+-----+------------+-----------------------------------------------------------------------------+--------------+
|   RTL Ports  | Dir | Bits|  Protocol  |                                Source Object                                |    C Type    |
+--------------+-----+-----+------------+-----------------------------------------------------------------------------+--------------+
|ap_clk        |   in|    1|  ap_ctrl_hs|  dense_latency<ap_ufixed<9, 7, 5, 3, 0>, ap_fixed<15, 11, 5, 3, 0>, config9>|  return value|
|ap_rst        |   in|    1|  ap_ctrl_hs|  dense_latency<ap_ufixed<9, 7, 5, 3, 0>, ap_fixed<15, 11, 5, 3, 0>, config9>|  return value|
|ap_start      |   in|    1|  ap_ctrl_hs|  dense_latency<ap_ufixed<9, 7, 5, 3, 0>, ap_fixed<15, 11, 5, 3, 0>, config9>|  return value|
|ap_done       |  out|    1|  ap_ctrl_hs|  dense_latency<ap_ufixed<9, 7, 5, 3, 0>, ap_fixed<15, 11, 5, 3, 0>, config9>|  return value|
|ap_idle       |  out|    1|  ap_ctrl_hs|  dense_latency<ap_ufixed<9, 7, 5, 3, 0>, ap_fixed<15, 11, 5, 3, 0>, config9>|  return value|
|ap_ready      |  out|    1|  ap_ctrl_hs|  dense_latency<ap_ufixed<9, 7, 5, 3, 0>, ap_fixed<15, 11, 5, 3, 0>, config9>|  return value|
|ap_return_0   |  out|   15|  ap_ctrl_hs|  dense_latency<ap_ufixed<9, 7, 5, 3, 0>, ap_fixed<15, 11, 5, 3, 0>, config9>|  return value|
|ap_return_1   |  out|   15|  ap_ctrl_hs|  dense_latency<ap_ufixed<9, 7, 5, 3, 0>, ap_fixed<15, 11, 5, 3, 0>, config9>|  return value|
|ap_return_2   |  out|   15|  ap_ctrl_hs|  dense_latency<ap_ufixed<9, 7, 5, 3, 0>, ap_fixed<15, 11, 5, 3, 0>, config9>|  return value|
|ap_return_3   |  out|   15|  ap_ctrl_hs|  dense_latency<ap_ufixed<9, 7, 5, 3, 0>, ap_fixed<15, 11, 5, 3, 0>, config9>|  return value|
|ap_return_4   |  out|   15|  ap_ctrl_hs|  dense_latency<ap_ufixed<9, 7, 5, 3, 0>, ap_fixed<15, 11, 5, 3, 0>, config9>|  return value|
|ap_return_5   |  out|   15|  ap_ctrl_hs|  dense_latency<ap_ufixed<9, 7, 5, 3, 0>, ap_fixed<15, 11, 5, 3, 0>, config9>|  return value|
|ap_return_6   |  out|   15|  ap_ctrl_hs|  dense_latency<ap_ufixed<9, 7, 5, 3, 0>, ap_fixed<15, 11, 5, 3, 0>, config9>|  return value|
|ap_return_7   |  out|   15|  ap_ctrl_hs|  dense_latency<ap_ufixed<9, 7, 5, 3, 0>, ap_fixed<15, 11, 5, 3, 0>, config9>|  return value|
|ap_return_8   |  out|   15|  ap_ctrl_hs|  dense_latency<ap_ufixed<9, 7, 5, 3, 0>, ap_fixed<15, 11, 5, 3, 0>, config9>|  return value|
|ap_return_9   |  out|   15|  ap_ctrl_hs|  dense_latency<ap_ufixed<9, 7, 5, 3, 0>, ap_fixed<15, 11, 5, 3, 0>, config9>|  return value|
|ap_return_10  |  out|   15|  ap_ctrl_hs|  dense_latency<ap_ufixed<9, 7, 5, 3, 0>, ap_fixed<15, 11, 5, 3, 0>, config9>|  return value|
|ap_return_11  |  out|   15|  ap_ctrl_hs|  dense_latency<ap_ufixed<9, 7, 5, 3, 0>, ap_fixed<15, 11, 5, 3, 0>, config9>|  return value|
|ap_return_12  |  out|   15|  ap_ctrl_hs|  dense_latency<ap_ufixed<9, 7, 5, 3, 0>, ap_fixed<15, 11, 5, 3, 0>, config9>|  return value|
|ap_return_13  |  out|   15|  ap_ctrl_hs|  dense_latency<ap_ufixed<9, 7, 5, 3, 0>, ap_fixed<15, 11, 5, 3, 0>, config9>|  return value|
|ap_return_14  |  out|   15|  ap_ctrl_hs|  dense_latency<ap_ufixed<9, 7, 5, 3, 0>, ap_fixed<15, 11, 5, 3, 0>, config9>|  return value|
|ap_ce         |   in|    1|  ap_ctrl_hs|  dense_latency<ap_ufixed<9, 7, 5, 3, 0>, ap_fixed<15, 11, 5, 3, 0>, config9>|  return value|
|data_0_val    |   in|    7|     ap_none|                                                                   data_0_val|        scalar|
|data_1_val    |   in|    5|     ap_none|                                                                   data_1_val|        scalar|
|data_2_val    |   in|    8|     ap_none|                                                                   data_2_val|        scalar|
|data_3_val    |   in|    6|     ap_none|                                                                   data_3_val|        scalar|
|data_5_val    |   in|    8|     ap_none|                                                                   data_5_val|        scalar|
|data_6_val    |   in|    7|     ap_none|                                                                   data_6_val|        scalar|
|data_9_val    |   in|    6|     ap_none|                                                                   data_9_val|        scalar|
|data_12_val   |   in|    7|     ap_none|                                                                  data_12_val|        scalar|
|data_14_val   |   in|    7|     ap_none|                                                                  data_14_val|        scalar|
|data_15_val   |   in|    9|     ap_none|                                                                  data_15_val|        scalar|
|data_19_val   |   in|    5|     ap_none|                                                                  data_19_val|        scalar|
|data_20_val   |   in|    6|     ap_none|                                                                  data_20_val|        scalar|
|data_21_val   |   in|    9|     ap_none|                                                                  data_21_val|        scalar|
|data_22_val   |   in|    7|     ap_none|                                                                  data_22_val|        scalar|
|data_24_val   |   in|    7|     ap_none|                                                                  data_24_val|        scalar|
|data_25_val   |   in|    9|     ap_none|                                                                  data_25_val|        scalar|
|data_26_val   |   in|    7|     ap_none|                                                                  data_26_val|        scalar|
|data_27_val   |   in|    7|     ap_none|                                                                  data_27_val|        scalar|
|data_29_val   |   in|    8|     ap_none|                                                                  data_29_val|        scalar|
|data_30_val   |   in|    8|     ap_none|                                                                  data_30_val|        scalar|
+--------------+-----+-----+------------+-----------------------------------------------------------------------------+--------------+

