

================================================================
== Vitis HLS Report for 'hgq2_1_hls4ml_prj_Vitis_2023_latency_reusefactor4'
================================================================
* Date:           Fri Mar 20 14:12:12 2026

* Version:        2023.2 (Build 4023990 on Oct 11 2023)
* Project:        hgq2_1_hls4ml_prj_Vitis_2023_latency_reusefactor4_prj
* Solution:       solution1 (Vivado IP Flow Target)
* Product family: zynquplus
* Target device:  xck26-sfvc784-2LV-c


================================================================
== Performance Estimates
================================================================
+ Timing: 
    * Summary: 
    +--------+---------+----------+------------+
    |  Clock |  Target | Estimated| Uncertainty|
    +--------+---------+----------+------------+
    |ap_clk  |  5.00 ns|  3.345 ns|     1.35 ns|
    +--------+---------+----------+------------+

+ Latency: 
    * Summary: 
    +---------+---------+-----------+-----------+-----+-----+---------+
    |  Latency (cycles) |   Latency (absolute)  |  Interval | Pipeline|
    |   min   |   max   |    min    |    max    | min | max |   Type  |
    +---------+---------+-----------+-----------+-----+-----+---------+
    |       11|       11|  55.000 ns|  55.000 ns|    2|    2|      yes|
    +---------+---------+-----------+-----------+-----+-----+---------+

    + Detail: 
        * Instance: 
        +------------------------------------------------------------------------------------+-------------------------------------------------------------------+---------+---------+----------+----------+-----+-----+---------+
        |                                                                                    |                                                                   |  Latency (cycles) |  Latency (absolute) |  Interval | Pipeline|
        |                                      Instance                                      |                               Module                              |   min   |   max   |    min   |    max   | min | max |   Type  |
        +------------------------------------------------------------------------------------+-------------------------------------------------------------------+---------+---------+----------+----------+-----+-----+---------+
        |grp_dense_latency_ap_fixed_26_19_5_3_0_ap_fixed_14_8_5_3_0_config3_s_fu_303         |dense_latency_ap_fixed_26_19_5_3_0_ap_fixed_14_8_5_3_0_config3_s   |        1|        1|  5.000 ns|  5.000 ns|    2|    2|      yes|
        |call_ret2_relu_ap_fixed_14_8_5_3_0_ap_ufixed_12_6_5_3_0_relu_config4_s_fu_320       |relu_ap_fixed_14_8_5_3_0_ap_ufixed_12_6_5_3_0_relu_config4_s       |        0|        0|      0 ns|      0 ns|    1|    1|      yes|
        |grp_dense_latency_ap_ufixed_11_6_5_3_0_ap_fixed_14_11_5_3_0_config6_s_fu_349        |dense_latency_ap_ufixed_11_6_5_3_0_ap_fixed_14_11_5_3_0_config6_s  |        1|        1|  5.000 ns|  5.000 ns|    2|    2|      yes|
        |call_ret4_relu_ap_fixed_14_11_5_3_0_ap_ufixed_10_7_5_3_0_relu_config7_s_fu_378      |relu_ap_fixed_14_11_5_3_0_ap_ufixed_10_7_5_3_0_relu_config7_s      |        0|        0|      0 ns|      0 ns|    1|    1|      yes|
        |grp_dense_latency_ap_ufixed_9_7_5_3_0_ap_fixed_15_11_5_3_0_config9_s_fu_402         |dense_latency_ap_ufixed_9_7_5_3_0_ap_fixed_15_11_5_3_0_config9_s   |        1|        1|  5.000 ns|  5.000 ns|    2|    2|      yes|
        |call_ret_relu_ap_fixed_15_11_5_3_0_ap_ufixed_11_7_5_3_0_relu_config10_s_fu_426      |relu_ap_fixed_15_11_5_3_0_ap_ufixed_11_7_5_3_0_relu_config10_s     |        0|        0|      0 ns|      0 ns|    1|    1|      yes|
        |call_ret6_dense_latency_ap_ufixed_10_7_5_3_0_ap_fixed_10_7_5_3_0_config12_s_fu_445  |dense_latency_ap_ufixed_10_7_5_3_0_ap_fixed_10_7_5_3_0_config12_s  |        0|        0|      0 ns|      0 ns|    1|    1|      yes|
        +------------------------------------------------------------------------------------+-------------------------------------------------------------------+---------+---------+----------+----------+-----+-----+---------+

        * Loop: 
        N/A



================================================================
== Utilization Estimates
================================================================
* Summary: 
+-----------------+---------+------+--------+--------+-----+
|       Name      | BRAM_18K|  DSP |   FF   |   LUT  | URAM|
+-----------------+---------+------+--------+--------+-----+
|DSP              |        -|     -|       -|       -|    -|
|Expression       |        -|     -|       0|    1081|    -|
|FIFO             |        -|     -|       -|       -|    -|
|Instance         |        -|     5|     886|   11356|    -|
|Memory           |        -|     -|       -|       -|    -|
|Multiplexer      |        -|     -|       -|      59|    -|
|Register         |        -|     -|    1823|       -|    -|
+-----------------+---------+------+--------+--------+-----+
|Total            |        0|     5|    2709|   12496|    0|
+-----------------+---------+------+--------+--------+-----+
|Available        |      288|  1248|  234240|  117120|   64|
+-----------------+---------+------+--------+--------+-----+
|Utilization (%)  |        0|    ~0|       1|      10|    0|
+-----------------+---------+------+--------+--------+-----+

+ Detail: 
    * Instance: 
    +------------------------------------------------------------------------------------+-------------------------------------------------------------------+---------+----+-----+------+-----+
    |                                      Instance                                      |                               Module                              | BRAM_18K| DSP|  FF |  LUT | URAM|
    +------------------------------------------------------------------------------------+-------------------------------------------------------------------+---------+----+-----+------+-----+
    |grp_dense_latency_ap_fixed_26_19_5_3_0_ap_fixed_14_8_5_3_0_config3_s_fu_303         |dense_latency_ap_fixed_26_19_5_3_0_ap_fixed_14_8_5_3_0_config3_s   |        0|   5|  233|  3017|    0|
    |call_ret6_dense_latency_ap_ufixed_10_7_5_3_0_ap_fixed_10_7_5_3_0_config12_s_fu_445  |dense_latency_ap_ufixed_10_7_5_3_0_ap_fixed_10_7_5_3_0_config12_s  |        0|   0|    0|  1163|    0|
    |grp_dense_latency_ap_ufixed_11_6_5_3_0_ap_fixed_14_11_5_3_0_config6_s_fu_349        |dense_latency_ap_ufixed_11_6_5_3_0_ap_fixed_14_11_5_3_0_config6_s  |        0|   0|  398|  3088|    0|
    |grp_dense_latency_ap_ufixed_9_7_5_3_0_ap_fixed_15_11_5_3_0_config9_s_fu_402         |dense_latency_ap_ufixed_9_7_5_3_0_ap_fixed_15_11_5_3_0_config9_s   |        0|   0|  255|  2188|    0|
    |call_ret4_relu_ap_fixed_14_11_5_3_0_ap_ufixed_10_7_5_3_0_relu_config7_s_fu_378      |relu_ap_fixed_14_11_5_3_0_ap_ufixed_10_7_5_3_0_relu_config7_s      |        0|   0|    0|   620|    0|
    |call_ret2_relu_ap_fixed_14_8_5_3_0_ap_ufixed_12_6_5_3_0_relu_config4_s_fu_320       |relu_ap_fixed_14_8_5_3_0_ap_ufixed_12_6_5_3_0_relu_config4_s       |        0|   0|    0|   800|    0|
    |call_ret_relu_ap_fixed_15_11_5_3_0_ap_ufixed_11_7_5_3_0_relu_config10_s_fu_426      |relu_ap_fixed_15_11_5_3_0_ap_ufixed_11_7_5_3_0_relu_config10_s     |        0|   0|    0|   480|    0|
    +------------------------------------------------------------------------------------+-------------------------------------------------------------------+---------+----+-----+------+-----+
    |Total                                                                               |                                                                   |        0|   5|  886| 11356|    0|
    +------------------------------------------------------------------------------------+-------------------------------------------------------------------+---------+----+-----+------+-----+

    * DSP: 
    N/A

    * Memory: 
    N/A

    * FIFO: 
    N/A

    * Expression: 
    +-------------------------------------------+----------+----+---+----+------------+------------+
    |               Variable Name               | Operation| DSP| FF| LUT| Bitwidth P0| Bitwidth P1|
    +-------------------------------------------+----------+----+---+----+------------+------------+
    |add_ln103_fu_1718_p2                       |         +|   0|  0|  13|           6|           6|
    |add_ln108_fu_1746_p2                       |         +|   0|  0|  12|           5|           5|
    |add_ln109_fu_1774_p2                       |         +|   0|  0|  12|           4|           4|
    |add_ln114_fu_1802_p2                       |         +|   0|  0|  14|           7|           7|
    |add_ln124_fu_2206_p2                       |         +|   0|  0|  12|           5|           5|
    |add_ln127_fu_2258_p2                       |         +|   0|  0|  13|           6|           6|
    |add_ln128_fu_2286_p2                       |         +|   0|  0|  13|           6|           6|
    |add_ln131_fu_2314_p2                       |         +|   0|  0|  12|           4|           4|
    |add_ln134_fu_2342_p2                       |         +|   0|  0|  12|           5|           5|
    |add_ln136_fu_2370_p2                       |         +|   0|  0|  13|           6|           6|
    |add_ln142_fu_2446_p2                       |         +|   0|  0|  12|           4|           4|
    |add_ln144_fu_2498_p2                       |         +|   0|  0|  13|           6|           6|
    |add_ln147_fu_2550_p2                       |         +|   0|  0|  15|           8|           8|
    |add_ln148_fu_2578_p2                       |         +|   0|  0|  13|           6|           6|
    |add_ln149_fu_2606_p2                       |         +|   0|  0|  13|           6|           6|
    |add_ln152_fu_2658_p2                       |         +|   0|  0|  14|           7|           7|
    |add_ln162_fu_2902_p2                       |         +|   0|  0|  15|           8|           8|
    |add_ln164_fu_2930_p2                       |         +|   0|  0|  14|           7|           7|
    |add_ln165_fu_2958_p2                       |         +|   0|  0|  10|           3|           3|
    |add_ln166_fu_2986_p2                       |         +|   0|  0|  14|           7|           7|
    |add_ln170_fu_3014_p2                       |         +|   0|  0|  14|           7|           7|
    |add_ln173_fu_3042_p2                       |         +|   0|  0|  12|           5|           5|
    |add_ln175_fu_3070_p2                       |         +|   0|  0|  10|           3|           3|
    |add_ln176_fu_3098_p2                       |         +|   0|  0|  12|           4|           4|
    |add_ln178_fu_3126_p2                       |         +|   0|  0|  12|           5|           5|
    |add_ln181_fu_3154_p2                       |         +|   0|  0|  12|           5|           5|
    |add_ln182_fu_3182_p2                       |         +|   0|  0|  14|           7|           7|
    |add_ln183_fu_3210_p2                       |         +|   0|  0|  14|           7|           7|
    |add_ln186_fu_3238_p2                       |         +|   0|  0|  13|           6|           6|
    |add_ln191_fu_3290_p2                       |         +|   0|  0|  14|           7|           7|
    |add_ln198_fu_3517_p2                       |         +|   0|  0|  14|           7|           7|
    |add_ln199_fu_3538_p2                       |         +|   0|  0|  13|           6|           6|
    |add_ln200_fu_3551_p2                       |         +|   0|  0|  13|           6|           6|
    |add_ln201_fu_3572_p2                       |         +|   0|  0|  15|           8|           8|
    |add_ln202_fu_3589_p2                       |         +|   0|  0|  13|           6|           6|
    |add_ln30_fu_486_p2                         |         +|   0|  0|  15|           8|           8|
    |add_ln31_fu_514_p2                         |         +|   0|  0|  16|           9|           9|
    |add_ln32_fu_542_p2                         |         +|   0|  0|  17|          10|          10|
    |add_ln34_fu_598_p2                         |         +|   0|  0|  16|           9|           9|
    |add_ln35_fu_626_p2                         |         +|   0|  0|  16|           9|           9|
    |add_ln36_fu_654_p2                         |         +|   0|  0|  12|           5|           5|
    |add_ln37_fu_682_p2                         |         +|   0|  0|  15|           8|           8|
    |add_ln38_fu_710_p2                         |         +|   0|  0|  14|           7|           7|
    |add_ln40_fu_738_p2                         |         +|   0|  0|  14|           7|           7|
    |add_ln41_fu_766_p2                         |         +|   0|  0|  13|           6|           6|
    |add_ln44_fu_794_p2                         |         +|   0|  0|  18|          11|          11|
    |add_ln45_fu_822_p2                         |         +|   0|  0|  16|           9|           9|
    |add_ln53_fu_1146_p2                        |         +|   0|  0|  12|           4|           4|
    |add_ln57_fu_1174_p2                        |         +|   0|  0|  13|           6|           6|
    |add_ln59_fu_1226_p2                        |         +|   0|  0|  12|           5|           5|
    |add_ln61_fu_1254_p2                        |         +|   0|  0|  15|           8|           8|
    |add_ln64_fu_1282_p2                        |         +|   0|  0|  12|           5|           5|
    |add_ln66_fu_1310_p2                        |         +|   0|  0|  12|           4|           4|
    |add_ln67_fu_1338_p2                        |         +|   0|  0|  12|           5|           5|
    |add_ln73_fu_1366_p2                        |         +|   0|  0|  15|           8|           8|
    |add_ln75_fu_1394_p2                        |         +|   0|  0|  13|           6|           6|
    |add_ln80_fu_1422_p2                        |         +|   0|  0|  13|           6|           6|
    |add_ln82_fu_1450_p2                        |         +|   0|  0|  16|           9|           9|
    |add_ln83_fu_1478_p2                        |         +|   0|  0|  15|           8|           8|
    |add_ln84_fu_1506_p2                        |         +|   0|  0|  12|           5|           5|
    |add_ln90_fu_1558_p2                        |         +|   0|  0|  14|           7|           7|
    |add_ln91_fu_1586_p2                        |         +|   0|  0|  17|          10|          10|
    |add_ln96_fu_1614_p2                        |         +|   0|  0|  12|           5|           5|
    |add_ln97_fu_1642_p2                        |         +|   0|  0|  14|           7|           7|
    |layer11_out_13_fu_3262_p2                  |         +|   0|  0|  14|           7|           7|
    |layer2_out_3_fu_570_p2                     |         +|   0|  0|  18|          11|          11|
    |layer5_out_14_fu_1530_p2                   |         +|   0|  0|  15|           8|           8|
    |layer5_out_19_fu_1666_p2                   |         +|   0|  0|  15|           8|           8|
    |layer5_out_20_fu_1690_p2                   |         +|   0|  0|  16|           9|           9|
    |layer5_out_2_fu_1198_p2                    |         +|   0|  0|  16|           9|           9|
    |layer8_out_10_fu_2418_p2                   |         +|   0|  0|  12|           5|           5|
    |layer8_out_12_fu_2470_p2                   |         +|   0|  0|  16|           9|           9|
    |layer8_out_14_fu_2522_p2                   |         +|   0|  0|  14|           7|           7|
    |layer8_out_18_fu_2630_p2                   |         +|   0|  0|  15|           8|           8|
    |layer8_out_1_fu_2178_p2                    |         +|   0|  0|  12|           5|           5|
    |layer8_out_3_fu_2230_p2                    |         +|   0|  0|  13|           6|           6|
    |layer8_out_9_fu_2394_p2                    |         +|   0|  0|  16|           9|           9|
    |layer8_out_fu_2154_p2                      |         +|   0|  0|  14|           7|           7|
    |ap_block_pp0_stage0_11001                  |       and|   0|  0|   2|           1|           1|
    |ap_block_pp0_stage0_11001_ignoreCallOp252  |       and|   0|  0|   2|           1|           1|
    |ap_block_pp0_stage0_11001_ignoreCallOp388  |       and|   0|  0|   2|           1|           1|
    |ap_block_pp0_stage0_11001_ignoreCallOp79   |       and|   0|  0|   2|           1|           1|
    |ap_enable_pp0                              |       xor|   0|  0|   2|           1|           2|
    +-------------------------------------------+----------+----+---+----+------------+------------+
    |Total                                      |          |   0|  0|1081|         524|         525|
    +-------------------------------------------+----------+----+---+----+------------+------------+

    * Multiplexer: 
    +---------------------------+----+-----------+-----+-----------+
    |            Name           | LUT| Input Size| Bits| Total Bits|
    +---------------------------+----+-----------+-----+-----------+
    |ap_NS_fsm                  |  14|          3|    1|          3|
    |ap_enable_reg_pp0_iter0    |   9|          2|    1|          2|
    |input_layer_ap_vld_in_sig  |   9|          2|    1|          2|
    |input_layer_ap_vld_preg    |   9|          2|    1|          2|
    |input_layer_blk_n          |   9|          2|    1|          2|
    |input_layer_in_sig         |   9|          2|  432|        864|
    +---------------------------+----+-----------+-----+-----------+
    |Total                      |  59|         13|  437|        875|
    +---------------------------+----+-----------+-----+-----------+

    * Register: 
    +-------------------------------------------------------------------------------------------+-----+----+-----+-----------+
    |                                            Name                                           |  FF | LUT| Bits| Const Bits|
    +-------------------------------------------------------------------------------------------+-----+----+-----+-----------+
    |add_ln103_reg_3952                                                                         |    6|   0|    6|          0|
    |add_ln108_reg_3957                                                                         |    5|   0|    5|          0|
    |add_ln109_reg_3962                                                                         |    4|   0|    4|          0|
    |add_ln114_reg_3967                                                                         |    7|   0|    7|          0|
    |add_ln124_reg_4127                                                                         |    5|   0|    5|          0|
    |add_ln127_reg_4137                                                                         |    6|   0|    6|          0|
    |add_ln128_reg_4142                                                                         |    6|   0|    6|          0|
    |add_ln131_reg_4147                                                                         |    4|   0|    4|          0|
    |add_ln134_reg_4152                                                                         |    5|   0|    5|          0|
    |add_ln136_reg_4157                                                                         |    6|   0|    6|          0|
    |add_ln142_reg_4172                                                                         |    4|   0|    4|          0|
    |add_ln144_reg_4182                                                                         |    6|   0|    6|          0|
    |add_ln147_reg_4192                                                                         |    8|   0|    8|          0|
    |add_ln148_reg_4197                                                                         |    6|   0|    6|          0|
    |add_ln149_reg_4202                                                                         |    6|   0|    6|          0|
    |add_ln152_reg_4212                                                                         |    7|   0|    7|          0|
    |add_ln162_reg_4327                                                                         |    8|   0|    8|          0|
    |add_ln164_reg_4332                                                                         |    7|   0|    7|          0|
    |add_ln165_reg_4337                                                                         |    3|   0|    3|          0|
    |add_ln166_reg_4342                                                                         |    7|   0|    7|          0|
    |add_ln170_reg_4347                                                                         |    7|   0|    7|          0|
    |add_ln173_reg_4352                                                                         |    5|   0|    5|          0|
    |add_ln175_reg_4357                                                                         |    3|   0|    3|          0|
    |add_ln176_reg_4362                                                                         |    4|   0|    4|          0|
    |add_ln178_reg_4367                                                                         |    5|   0|    5|          0|
    |add_ln181_reg_4372                                                                         |    5|   0|    5|          0|
    |add_ln182_reg_4377                                                                         |    7|   0|    7|          0|
    |add_ln183_reg_4382                                                                         |    7|   0|    7|          0|
    |add_ln186_reg_4387                                                                         |    6|   0|    6|          0|
    |add_ln191_reg_4397                                                                         |    7|   0|    7|          0|
    |add_ln30_reg_3607                                                                          |    8|   0|    8|          0|
    |add_ln31_reg_3612                                                                          |    9|   0|    9|          0|
    |add_ln32_reg_3617                                                                          |   10|   0|   10|          0|
    |add_ln34_reg_3627                                                                          |    9|   0|    9|          0|
    |add_ln35_reg_3632                                                                          |    9|   0|    9|          0|
    |add_ln36_reg_3637                                                                          |    5|   0|    5|          0|
    |add_ln37_reg_3642                                                                          |    8|   0|    8|          0|
    |add_ln38_reg_3647                                                                          |    7|   0|    7|          0|
    |add_ln40_reg_3652                                                                          |    7|   0|    7|          0|
    |add_ln41_reg_3657                                                                          |    6|   0|    6|          0|
    |add_ln44_reg_3662                                                                          |   11|   0|   11|          0|
    |add_ln45_reg_3667                                                                          |    9|   0|    9|          0|
    |add_ln53_reg_3847                                                                          |    4|   0|    4|          0|
    |add_ln57_reg_3852                                                                          |    6|   0|    6|          0|
    |add_ln59_reg_3862                                                                          |    5|   0|    5|          0|
    |add_ln61_reg_3867                                                                          |    8|   0|    8|          0|
    |add_ln64_reg_3872                                                                          |    5|   0|    5|          0|
    |add_ln66_reg_3877                                                                          |    4|   0|    4|          0|
    |add_ln67_reg_3882                                                                          |    5|   0|    5|          0|
    |add_ln73_reg_3887                                                                          |    8|   0|    8|          0|
    |add_ln75_reg_3892                                                                          |    6|   0|    6|          0|
    |add_ln80_reg_3897                                                                          |    6|   0|    6|          0|
    |add_ln82_reg_3902                                                                          |    9|   0|    9|          0|
    |add_ln83_reg_3907                                                                          |    8|   0|    8|          0|
    |add_ln84_reg_3912                                                                          |    5|   0|    5|          0|
    |add_ln90_reg_3922                                                                          |    7|   0|    7|          0|
    |add_ln91_reg_3927                                                                          |   10|   0|   10|          0|
    |add_ln96_reg_3932                                                                          |    5|   0|    5|          0|
    |add_ln97_reg_3937                                                                          |    7|   0|    7|          0|
    |ap_CS_fsm                                                                                  |    2|   0|    2|          0|
    |ap_enable_reg_pp0_iter0_reg                                                                |    1|   0|    1|          0|
    |ap_enable_reg_pp0_iter1                                                                    |    1|   0|    1|          0|
    |ap_enable_reg_pp0_iter2                                                                    |    1|   0|    1|          0|
    |ap_enable_reg_pp0_iter3                                                                    |    1|   0|    1|          0|
    |ap_enable_reg_pp0_iter4                                                                    |    1|   0|    1|          0|
    |ap_enable_reg_pp0_iter5                                                                    |    1|   0|    1|          0|
    |grp_dense_latency_ap_fixed_26_19_5_3_0_ap_fixed_14_8_5_3_0_config3_s_fu_303_ap_start_reg   |    1|   0|    1|          0|
    |grp_dense_latency_ap_ufixed_11_6_5_3_0_ap_fixed_14_11_5_3_0_config6_s_fu_349_ap_start_reg  |    1|   0|    1|          0|
    |grp_dense_latency_ap_ufixed_9_7_5_3_0_ap_fixed_15_11_5_3_0_config9_s_fu_402_ap_start_reg   |    1|   0|    1|          0|
    |input_layer_ap_vld_preg                                                                    |    1|   0|    1|          0|
    |input_layer_preg                                                                           |  432|   0|  432|          0|
    |layer11_out_13_reg_4392                                                                    |    7|   0|    7|          0|
    |layer2_out_3_reg_3622                                                                      |   11|   0|   11|          0|
    |layer3_out_10_reg_3777                                                                     |   14|   0|   14|          0|
    |layer3_out_11_reg_3782                                                                     |   14|   0|   14|          0|
    |layer3_out_12_reg_3787                                                                     |   14|   0|   14|          0|
    |layer3_out_13_reg_3792                                                                     |   14|   0|   14|          0|
    |layer3_out_14_reg_3797                                                                     |   14|   0|   14|          0|
    |layer3_out_15_reg_3802                                                                     |   14|   0|   14|          0|
    |layer3_out_16_reg_3807                                                                     |   14|   0|   14|          0|
    |layer3_out_17_reg_3812                                                                     |   14|   0|   14|          0|
    |layer3_out_18_reg_3817                                                                     |   14|   0|   14|          0|
    |layer3_out_19_reg_3822                                                                     |   14|   0|   14|          0|
    |layer3_out_1_reg_3727                                                                      |   14|   0|   14|          0|
    |layer3_out_20_reg_3827                                                                     |   14|   0|   14|          0|
    |layer3_out_21_reg_3832                                                                     |   14|   0|   14|          0|
    |layer3_out_22_reg_3837                                                                     |   14|   0|   14|          0|
    |layer3_out_23_reg_3842                                                                     |   14|   0|   14|          0|
    |layer3_out_24_reg_3772                                                                     |   14|   0|   14|          0|
    |layer3_out_2_reg_3732                                                                      |   14|   0|   14|          0|
    |layer3_out_3_reg_3737                                                                      |   14|   0|   14|          0|
    |layer3_out_4_reg_3742                                                                      |   14|   0|   14|          0|
    |layer3_out_5_reg_3747                                                                      |   14|   0|   14|          0|
    |layer3_out_6_reg_3752                                                                      |   14|   0|   14|          0|
    |layer3_out_7_reg_3757                                                                      |   14|   0|   14|          0|
    |layer3_out_8_reg_3762                                                                      |   14|   0|   14|          0|
    |layer3_out_9_reg_3767                                                                      |   14|   0|   14|          0|
    |layer3_out_reg_3722                                                                        |   14|   0|   14|          0|
    |layer5_out_14_reg_3917                                                                     |    8|   0|    8|          0|
    |layer5_out_19_reg_3942                                                                     |    8|   0|    8|          0|
    |layer5_out_20_reg_3947                                                                     |    9|   0|    9|          0|
    |layer5_out_2_reg_3857                                                                      |    9|   0|    9|          0|
    |layer6_out_10_reg_4072                                                                     |   14|   0|   14|          0|
    |layer6_out_11_reg_4077                                                                     |   14|   0|   14|          0|
    |layer6_out_12_reg_4082                                                                     |   14|   0|   14|          0|
    |layer6_out_13_reg_4087                                                                     |   14|   0|   14|          0|
    |layer6_out_14_reg_4092                                                                     |   14|   0|   14|          0|
    |layer6_out_15_reg_4097                                                                     |   14|   0|   14|          0|
    |layer6_out_16_reg_4102                                                                     |   14|   0|   14|          0|
    |layer6_out_17_reg_4107                                                                     |   14|   0|   14|          0|
    |layer6_out_18_reg_4112                                                                     |   14|   0|   14|          0|
    |layer6_out_19_reg_4067                                                                     |   14|   0|   14|          0|
    |layer6_out_1_reg_4022                                                                      |   14|   0|   14|          0|
    |layer6_out_2_reg_4027                                                                      |   14|   0|   14|          0|
    |layer6_out_3_reg_4032                                                                      |   14|   0|   14|          0|
    |layer6_out_4_reg_4037                                                                      |   14|   0|   14|          0|
    |layer6_out_5_reg_4042                                                                      |   14|   0|   14|          0|
    |layer6_out_6_reg_4047                                                                      |   14|   0|   14|          0|
    |layer6_out_7_reg_4052                                                                      |   14|   0|   14|          0|
    |layer6_out_8_reg_4057                                                                      |   14|   0|   14|          0|
    |layer6_out_9_reg_4062                                                                      |   14|   0|   14|          0|
    |layer6_out_reg_4017                                                                        |   14|   0|   14|          0|
    |layer8_out_10_reg_4167                                                                     |    5|   0|    5|          0|
    |layer8_out_12_reg_4177                                                                     |    9|   0|    9|          0|
    |layer8_out_14_reg_4187                                                                     |    7|   0|    7|          0|
    |layer8_out_18_reg_4207                                                                     |    8|   0|    8|          0|
    |layer8_out_1_reg_4122                                                                      |    5|   0|    5|          0|
    |layer8_out_3_reg_4132                                                                      |    6|   0|    6|          0|
    |layer8_out_9_reg_4162                                                                      |    9|   0|    9|          0|
    |layer8_out_reg_4117                                                                        |    7|   0|    7|          0|
    |layer9_out_10_reg_4307                                                                     |   15|   0|   15|          0|
    |layer9_out_11_reg_4312                                                                     |   15|   0|   15|          0|
    |layer9_out_12_reg_4317                                                                     |   15|   0|   15|          0|
    |layer9_out_13_reg_4322                                                                     |   15|   0|   15|          0|
    |layer9_out_14_reg_4302                                                                     |   15|   0|   15|          0|
    |layer9_out_1_reg_4257                                                                      |   15|   0|   15|          0|
    |layer9_out_2_reg_4262                                                                      |   15|   0|   15|          0|
    |layer9_out_3_reg_4267                                                                      |   15|   0|   15|          0|
    |layer9_out_4_reg_4272                                                                      |   15|   0|   15|          0|
    |layer9_out_5_reg_4277                                                                      |   15|   0|   15|          0|
    |layer9_out_6_reg_4282                                                                      |   15|   0|   15|          0|
    |layer9_out_7_reg_4287                                                                      |   15|   0|   15|          0|
    |layer9_out_8_reg_4292                                                                      |   15|   0|   15|          0|
    |layer9_out_9_reg_4297                                                                      |   15|   0|   15|          0|
    |layer9_out_reg_4252                                                                        |   15|   0|   15|          0|
    |tmp_60_reg_4407                                                                            |    1|   0|    1|          0|
    |tmp_61_reg_4427                                                                            |    1|   0|    1|          0|
    |tmp_62_reg_4437                                                                            |    1|   0|    1|          0|
    |tmp_63_reg_4447                                                                            |    1|   0|    1|          0|
    |trunc_ln199_reg_4417                                                                       |    1|   0|    1|          0|
    |trunc_ln72_reg_4402                                                                        |    7|   0|    7|          0|
    |trunc_ln73_reg_4412                                                                        |    6|   0|    6|          0|
    |trunc_ln74_reg_4422                                                                        |    6|   0|    6|          0|
    |trunc_ln75_reg_4432                                                                        |    8|   0|    8|          0|
    |trunc_ln76_reg_4442                                                                        |    6|   0|    6|          0|
    +-------------------------------------------------------------------------------------------+-----+----+-----+-----------+
    |Total                                                                                      | 1823|   0| 1823|          0|
    +-------------------------------------------------------------------------------------------+-----+----+-----+-----------+



================================================================
== Interface
================================================================
* Summary: 
+----------------------+-----+-----+------------+---------------------------------------------------+--------------+
|       RTL Ports      | Dir | Bits|  Protocol  |                   Source Object                   |    C Type    |
+----------------------+-----+-----+------------+---------------------------------------------------+--------------+
|ap_clk                |   in|    1|  ap_ctrl_hs|  hgq2_1_hls4ml_prj_Vitis_2023_latency_reusefactor4|  return value|
|ap_rst                |   in|    1|  ap_ctrl_hs|  hgq2_1_hls4ml_prj_Vitis_2023_latency_reusefactor4|  return value|
|ap_start              |   in|    1|  ap_ctrl_hs|  hgq2_1_hls4ml_prj_Vitis_2023_latency_reusefactor4|  return value|
|ap_done               |  out|    1|  ap_ctrl_hs|  hgq2_1_hls4ml_prj_Vitis_2023_latency_reusefactor4|  return value|
|ap_idle               |  out|    1|  ap_ctrl_hs|  hgq2_1_hls4ml_prj_Vitis_2023_latency_reusefactor4|  return value|
|ap_ready              |  out|    1|  ap_ctrl_hs|  hgq2_1_hls4ml_prj_Vitis_2023_latency_reusefactor4|  return value|
|input_layer           |   in|  432|      ap_vld|                                        input_layer|       pointer|
|input_layer_ap_vld    |   in|    1|      ap_vld|                                        input_layer|       pointer|
|layer13_out_0         |  out|    9|      ap_vld|                                      layer13_out_0|       pointer|
|layer13_out_0_ap_vld  |  out|    1|      ap_vld|                                      layer13_out_0|       pointer|
|layer13_out_1         |  out|    9|      ap_vld|                                      layer13_out_1|       pointer|
|layer13_out_1_ap_vld  |  out|    1|      ap_vld|                                      layer13_out_1|       pointer|
|layer13_out_2         |  out|    9|      ap_vld|                                      layer13_out_2|       pointer|
|layer13_out_2_ap_vld  |  out|    1|      ap_vld|                                      layer13_out_2|       pointer|
|layer13_out_3         |  out|    9|      ap_vld|                                      layer13_out_3|       pointer|
|layer13_out_3_ap_vld  |  out|    1|      ap_vld|                                      layer13_out_3|       pointer|
|layer13_out_4         |  out|    9|      ap_vld|                                      layer13_out_4|       pointer|
|layer13_out_4_ap_vld  |  out|    1|      ap_vld|                                      layer13_out_4|       pointer|
+----------------------+-----+-----+------------+---------------------------------------------------+--------------+

