

================================================================
== Vitis HLS Report for 'dense_latency_ap_ufixed_1_1_0_3_0_ap_ufixed_5_5_5_3_0_config3_mult_s'
================================================================
* Date:           Mon May  4 22:35:26 2026

* Version:        2025.2 (Build 6295257 on Nov 14 2025)
* Project:        vitis_unified_project
* Solution:       hls (Vivado IP Flow Target)
* Product family: zynquplus
* Target device:  xck26-sfvc784-2LV-c


================================================================
== Performance Estimates
================================================================
+ Timing: 
    * Summary: 
    +--------+---------+----------+------------+
    |  Clock |  Target | Estimated| Uncertainty|
    +--------+---------+----------+------------+
    |ap_clk  |  5.00 ns|  1.470 ns|     0.62 ns|
    +--------+---------+----------+------------+

+ Latency: 
    * Summary: 
    +---------+---------+----------+----------+-----+-----+---------+
    |  Latency (cycles) |  Latency (absolute) |  Interval | Pipeline|
    |   min   |   max   |    min   |    max   | min | max |   Type  |
    +---------+---------+----------+----------+-----+-----+---------+
    |        0|        0|      0 ns|      0 ns|    1|    1|      yes|
    +---------+---------+----------+----------+-----+-----+---------+

    + Detail: 
        * Instance: 
        N/A

        * Loop: 
        N/A

============================================================
+ Verbose Summary: Synthesis Manager
============================================================
InlineROM: 1
ExposeGlobal: 0
============================================================
+ Verbose Summary: CDFG Model
============================================================
IsTopModel: 0
ResetActiveHigh: 1
IsCombinational: 0
IsDatapathOnly: 0
HasWiredReturn: 1
HasMFsm: 2
HasVarLatency: 0
IsPipeline: 1
IsRtlPipelined: 0
IsInstanceOverlapped: 0
IsDontTouch: 0
HasImplIP: 0
IsGatedGlobalClock: 0

+ Individual pipeline summary: 
  * Pipeline-0: initiation interval (II) = 1, depth = 1


============================================================
+ Verbose Summary: Schedule
============================================================
* Number of FSM states : 1
* Pipeline : 1
  Pipeline-0 : II = 1, D = 1, States = { 1 }
* Dataflow Pipeline: 0

* FSM state transitions: 
1 --> 

* FSM state operations: 

State 1 <SV = 0> <Delay = 1.46>
ST_1 : Operation 2 [1/1] (0.00ns)   --->   "%specpipeline_ln26 = specpipeline void @_ssdm_op_SpecPipeline, i32 16, i32 0, i32 0, i32 0, i32 4294967295, void @empty_13" [firmware/nnet_utils/nnet_dense_latency.h:26]   --->   Operation 2 'specpipeline' 'specpipeline_ln26' <Predicate = true> <Delay = 0.00>
ST_1 : Operation 3 [1/1] (0.00ns)   --->   "%specresourcelimit_ln33 = specresourcelimit void @_ssdm_op_SpecResourceLimit, i64 1, void @empty_17, void @empty_13, void @empty_13, void @empty_13" [firmware/nnet_utils/nnet_dense_latency.h:33]   --->   Operation 3 'specresourcelimit' 'specresourcelimit_ln33' <Predicate = true> <Delay = 0.00>
ST_1 : Operation 4 [1/1] (0.00ns)   --->   "%a = load i1 %void_compute_output_buffer_2d_array_const_ap_shift_reg_n_chan_stream_weig_9"   --->   Operation 4 'load' 'a' <Predicate = true> <Delay = 0.00>
ST_1 : Operation 5 [1/1] (0.00ns)   --->   "%a_27 = load i1 %void_compute_output_buffer_2d_array_const_ap_shift_reg_n_chan_stream_weig_8"   --->   Operation 5 'load' 'a_27' <Predicate = true> <Delay = 0.00>
ST_1 : Operation 6 [1/1] (0.00ns)   --->   "%shl_ln73_s = bitconcatenate i3 @_ssdm_op_BitConcatenate.i3.i1.i2, i1 %a_27, i2 0" [firmware/nnet_utils/nnet_mult.h:73->firmware/nnet_utils/nnet_dense_latency.h:42]   --->   Operation 6 'bitconcatenate' 'shl_ln73_s' <Predicate = true> <Delay = 0.00>
ST_1 : Operation 7 [1/1] (0.00ns)   --->   "%shl_ln73_701_cast_i = zext i3 %shl_ln73_s" [firmware/nnet_utils/nnet_mult.h:73->firmware/nnet_utils/nnet_dense_latency.h:42]   --->   Operation 7 'zext' 'shl_ln73_701_cast_i' <Predicate = true> <Delay = 0.00>
ST_1 : Operation 8 [1/1] (0.00ns)   --->   "%a_28 = load i1 %void_compute_output_buffer_2d_array_const_ap_shift_reg_n_chan_stream_weig_7"   --->   Operation 8 'load' 'a_28' <Predicate = true> <Delay = 0.00>
ST_1 : Operation 9 [1/1] (0.00ns)   --->   "%shl_ln73_9 = bitconcatenate i3 @_ssdm_op_BitConcatenate.i3.i1.i2, i1 %a_28, i2 0" [firmware/nnet_utils/nnet_mult.h:73->firmware/nnet_utils/nnet_dense_latency.h:42]   --->   Operation 9 'bitconcatenate' 'shl_ln73_9' <Predicate = true> <Delay = 0.00>
ST_1 : Operation 10 [1/1] (0.00ns)   --->   "%shl_ln73_698_cast_i = zext i3 %shl_ln73_9" [firmware/nnet_utils/nnet_mult.h:73->firmware/nnet_utils/nnet_dense_latency.h:42]   --->   Operation 10 'zext' 'shl_ln73_698_cast_i' <Predicate = true> <Delay = 0.00>
ST_1 : Operation 11 [1/1] (0.00ns)   --->   "%a_29 = load i1 %void_compute_output_buffer_2d_array_const_ap_shift_reg_n_chan_stream_weig_6"   --->   Operation 11 'load' 'a_29' <Predicate = true> <Delay = 0.00>
ST_1 : Operation 12 [1/1] (0.00ns)   --->   "%shl_ln73_1 = bitconcatenate i3 @_ssdm_op_BitConcatenate.i3.i1.i2, i1 %a_29, i2 0" [firmware/nnet_utils/nnet_mult.h:73->firmware/nnet_utils/nnet_dense_latency.h:42]   --->   Operation 12 'bitconcatenate' 'shl_ln73_1' <Predicate = true> <Delay = 0.00>
ST_1 : Operation 13 [1/1] (0.00ns)   --->   "%shl_ln73_288_cast = zext i3 %shl_ln73_1" [firmware/nnet_utils/nnet_mult.h:73->firmware/nnet_utils/nnet_dense_latency.h:42]   --->   Operation 13 'zext' 'shl_ln73_288_cast' <Predicate = true> <Delay = 0.00>
ST_1 : Operation 14 [1/1] (0.00ns)   --->   "%a_30 = load i1 %void_compute_output_buffer_2d_array_const_ap_shift_reg_n_chan_stream_weig_5"   --->   Operation 14 'load' 'a_30' <Predicate = true> <Delay = 0.00>
ST_1 : Operation 15 [1/1] (0.00ns)   --->   "%shl_ln73_2 = bitconcatenate i3 @_ssdm_op_BitConcatenate.i3.i1.i2, i1 %a_30, i2 0" [firmware/nnet_utils/nnet_mult.h:73->firmware/nnet_utils/nnet_dense_latency.h:42]   --->   Operation 15 'bitconcatenate' 'shl_ln73_2' <Predicate = true> <Delay = 0.00>
ST_1 : Operation 16 [1/1] (0.00ns)   --->   "%shl_ln73_289_cast = zext i3 %shl_ln73_2" [firmware/nnet_utils/nnet_mult.h:73->firmware/nnet_utils/nnet_dense_latency.h:42]   --->   Operation 16 'zext' 'shl_ln73_289_cast' <Predicate = true> <Delay = 0.00>
ST_1 : Operation 17 [1/1] (0.00ns)   --->   "%a_31 = load i1 %void_compute_output_buffer_2d_array_const_ap_shift_reg_n_chan_stream_weig_4"   --->   Operation 17 'load' 'a_31' <Predicate = true> <Delay = 0.00>
ST_1 : Operation 18 [1/1] (0.00ns)   --->   "%shl_ln73_3 = bitconcatenate i3 @_ssdm_op_BitConcatenate.i3.i1.i2, i1 %a_31, i2 0" [firmware/nnet_utils/nnet_mult.h:73->firmware/nnet_utils/nnet_dense_latency.h:42]   --->   Operation 18 'bitconcatenate' 'shl_ln73_3' <Predicate = true> <Delay = 0.00>
ST_1 : Operation 19 [1/1] (0.00ns)   --->   "%shl_ln73_702_cast_i = zext i3 %shl_ln73_3" [firmware/nnet_utils/nnet_mult.h:73->firmware/nnet_utils/nnet_dense_latency.h:42]   --->   Operation 19 'zext' 'shl_ln73_702_cast_i' <Predicate = true> <Delay = 0.00>
ST_1 : Operation 20 [1/1] (0.00ns)   --->   "%a_32 = load i1 %void_compute_output_buffer_2d_array_const_ap_shift_reg_n_chan_stream_weig_3"   --->   Operation 20 'load' 'a_32' <Predicate = true> <Delay = 0.00>
ST_1 : Operation 21 [1/1] (0.00ns)   --->   "%shl_ln73_4 = bitconcatenate i3 @_ssdm_op_BitConcatenate.i3.i1.i2, i1 %a_32, i2 0" [firmware/nnet_utils/nnet_mult.h:73->firmware/nnet_utils/nnet_dense_latency.h:42]   --->   Operation 21 'bitconcatenate' 'shl_ln73_4' <Predicate = true> <Delay = 0.00>
ST_1 : Operation 22 [1/1] (0.00ns)   --->   "%zext_ln73 = zext i3 %shl_ln73_4" [firmware/nnet_utils/nnet_mult.h:73->firmware/nnet_utils/nnet_dense_latency.h:42]   --->   Operation 22 'zext' 'zext_ln73' <Predicate = true> <Delay = 0.00>
ST_1 : Operation 23 [1/1] (0.00ns)   --->   "%shl_ln73_5 = bitconcatenate i4 @_ssdm_op_BitConcatenate.i4.i1.i3, i1 %a_32, i3 0" [firmware/nnet_utils/nnet_mult.h:73->firmware/nnet_utils/nnet_dense_latency.h:42]   --->   Operation 23 'bitconcatenate' 'shl_ln73_5' <Predicate = true> <Delay = 0.00>
ST_1 : Operation 24 [1/1] (0.00ns)   --->   "%shl_ln73_704_cast_i = zext i4 %shl_ln73_5" [firmware/nnet_utils/nnet_mult.h:73->firmware/nnet_utils/nnet_dense_latency.h:42]   --->   Operation 24 'zext' 'shl_ln73_704_cast_i' <Predicate = true> <Delay = 0.00>
ST_1 : Operation 25 [1/1] (0.00ns)   --->   "%a_33 = load i1 %void_compute_output_buffer_2d_array_const_ap_shift_reg_n_chan_stream_weig_2"   --->   Operation 25 'load' 'a_33' <Predicate = true> <Delay = 0.00>
ST_1 : Operation 26 [1/1] (0.00ns)   --->   "%shl_ln73_6 = bitconcatenate i4 @_ssdm_op_BitConcatenate.i4.i1.i3, i1 %a_33, i3 0" [firmware/nnet_utils/nnet_mult.h:73->firmware/nnet_utils/nnet_dense_latency.h:42]   --->   Operation 26 'bitconcatenate' 'shl_ln73_6' <Predicate = true> <Delay = 0.00>
ST_1 : Operation 27 [1/1] (0.00ns)   --->   "%zext_ln58 = zext i4 %shl_ln73_6" [firmware/nnet_utils/nnet_dense_latency.h:58]   --->   Operation 27 'zext' 'zext_ln58' <Predicate = true> <Delay = 0.00>
ST_1 : Operation 28 [1/1] (0.00ns)   --->   "%or_ln = bitconcatenate i3 @_ssdm_op_BitConcatenate.i3.i1.i2, i1 %a, i2 1" [firmware/nnet_utils/nnet_dense_latency.h:58]   --->   Operation 28 'bitconcatenate' 'or_ln' <Predicate = true> <Delay = 0.00>
ST_1 : Operation 29 [1/1] (0.00ns)   --->   "%zext_ln58_348 = zext i3 %or_ln" [firmware/nnet_utils/nnet_dense_latency.h:58]   --->   Operation 29 'zext' 'zext_ln58_348' <Predicate = true> <Delay = 0.00>
ST_1 : Operation 30 [1/1] (0.00ns) (grouped into TernaryAdder)   --->   "%add_ln58 = add i4 %shl_ln73_701_cast_i, i4 %shl_ln73_698_cast_i" [firmware/nnet_utils/nnet_dense_latency.h:58]   --->   Operation 30 'add' 'add_ln58' <Predicate = true> <Delay = 0.00> <CoreInst = "TAddSub">   --->   Core 10 'TAddSub' <Latency = 0> <II = 1> <Delay = 0.23> <IPBlock> <Opcode : 'add' 'sub'> <InPorts = 3> <OutPorts = 1> <Sync> <CReg>
ST_1 : Operation 31 [1/1] (0.46ns) (root node of TernaryAdder)   --->   "%add_ln58_2947 = add i4 %add_ln58, i4 %zext_ln58_348" [firmware/nnet_utils/nnet_dense_latency.h:58]   --->   Operation 31 'add' 'add_ln58_2947' <Predicate = true> <Delay = 0.46> <CoreInst = "TAddSub">   --->   Core 10 'TAddSub' <Latency = 0> <II = 1> <Delay = 0.23> <IPBlock> <Opcode : 'add' 'sub'> <InPorts = 3> <OutPorts = 1> <Sync> <CReg>
ST_1 : Operation 32 [1/1] (0.00ns)   --->   "%zext_ln58_349 = zext i4 %add_ln58_2947" [firmware/nnet_utils/nnet_dense_latency.h:58]   --->   Operation 32 'zext' 'zext_ln58_349' <Predicate = true> <Delay = 0.00>
ST_1 : Operation 33 [1/1] (0.00ns)   --->   "%or_ln58_3 = bitconcatenate i3 @_ssdm_op_BitConcatenate.i3.i1.i2, i1 %a_29, i2 1" [firmware/nnet_utils/nnet_dense_latency.h:58]   --->   Operation 33 'bitconcatenate' 'or_ln58_3' <Predicate = true> <Delay = 0.00>
ST_1 : Operation 34 [1/1] (0.00ns)   --->   "%zext_ln58_350 = zext i3 %or_ln58_3" [firmware/nnet_utils/nnet_dense_latency.h:58]   --->   Operation 34 'zext' 'zext_ln58_350' <Predicate = true> <Delay = 0.00>
ST_1 : Operation 35 [1/1] (0.67ns)   --->   "%add_ln58_2948 = add i4 %shl_ln73_288_cast, i4 %shl_ln73_289_cast" [firmware/nnet_utils/nnet_dense_latency.h:58]   --->   Operation 35 'add' 'add_ln58_2948' <Predicate = true> <Delay = 0.67> <CoreInst = "Adder">   --->   Core 1 'Adder' <Latency = 0> <II = 1> <Delay = 0.67> <FuncUnit> <Opcode : 'add' 'sub'> <InPorts = 2> <OutPorts = 1>
ST_1 : Operation 36 [1/1] (0.00ns)   --->   "%zext_ln58_1953 = zext i4 %add_ln58_2948" [firmware/nnet_utils/nnet_dense_latency.h:58]   --->   Operation 36 'zext' 'zext_ln58_1953' <Predicate = true> <Delay = 0.00>
ST_1 : Operation 37 [1/1] (0.79ns)   --->   "%add_ln58_2949 = add i5 %zext_ln58_1953, i5 %zext_ln58_349" [firmware/nnet_utils/nnet_dense_latency.h:58]   --->   Operation 37 'add' 'add_ln58_2949' <Predicate = true> <Delay = 0.79> <CoreInst = "Adder">   --->   Core 1 'Adder' <Latency = 0> <II = 1> <Delay = 0.79> <FuncUnit> <Opcode : 'add' 'sub'> <InPorts = 2> <OutPorts = 1>
ST_1 : Operation 38 [1/1] (0.67ns)   --->   "%add_ln58_2950 = add i4 %shl_ln73_702_cast_i, i4 %shl_ln73_698_cast_i" [firmware/nnet_utils/nnet_dense_latency.h:58]   --->   Operation 38 'add' 'add_ln58_2950' <Predicate = true> <Delay = 0.67> <CoreInst = "Adder">   --->   Core 1 'Adder' <Latency = 0> <II = 1> <Delay = 0.67> <FuncUnit> <Opcode : 'add' 'sub'> <InPorts = 2> <OutPorts = 1>
ST_1 : Operation 39 [1/1] (0.00ns)   --->   "%zext_ln58_351 = zext i4 %add_ln58_2950" [firmware/nnet_utils/nnet_dense_latency.h:58]   --->   Operation 39 'zext' 'zext_ln58_351' <Predicate = true> <Delay = 0.00>
ST_1 : Operation 40 [1/1] (0.00ns) (grouped into TernaryAdder)   --->   "%add_ln58_2951 = add i4 %shl_ln73_289_cast, i4 %zext_ln73" [firmware/nnet_utils/nnet_dense_latency.h:58]   --->   Operation 40 'add' 'add_ln58_2951' <Predicate = true> <Delay = 0.00> <CoreInst = "TAddSub">   --->   Core 10 'TAddSub' <Latency = 0> <II = 1> <Delay = 0.23> <IPBlock> <Opcode : 'add' 'sub'> <InPorts = 3> <OutPorts = 1> <Sync> <CReg>
ST_1 : Operation 41 [1/1] (0.46ns) (root node of TernaryAdder)   --->   "%add_ln58_2952 = add i4 %add_ln58_2951, i4 %zext_ln58_350" [firmware/nnet_utils/nnet_dense_latency.h:58]   --->   Operation 41 'add' 'add_ln58_2952' <Predicate = true> <Delay = 0.46> <CoreInst = "TAddSub">   --->   Core 10 'TAddSub' <Latency = 0> <II = 1> <Delay = 0.23> <IPBlock> <Opcode : 'add' 'sub'> <InPorts = 3> <OutPorts = 1> <Sync> <CReg>
ST_1 : Operation 42 [1/1] (0.00ns)   --->   "%zext_ln58_352 = zext i4 %add_ln58_2952" [firmware/nnet_utils/nnet_dense_latency.h:58]   --->   Operation 42 'zext' 'zext_ln58_352' <Predicate = true> <Delay = 0.00>
ST_1 : Operation 43 [1/1] (0.79ns)   --->   "%add_ln58_2953 = add i5 %zext_ln58_351, i5 %shl_ln73_704_cast_i" [firmware/nnet_utils/nnet_dense_latency.h:58]   --->   Operation 43 'add' 'add_ln58_2953' <Predicate = true> <Delay = 0.79> <CoreInst = "Adder">   --->   Core 1 'Adder' <Latency = 0> <II = 1> <Delay = 0.79> <FuncUnit> <Opcode : 'add' 'sub'> <InPorts = 2> <OutPorts = 1>
ST_1 : Operation 44 [1/1] (0.79ns)   --->   "%add_ln58_2954 = add i5 %zext_ln58_352, i5 %zext_ln58" [firmware/nnet_utils/nnet_dense_latency.h:58]   --->   Operation 44 'add' 'add_ln58_2954' <Predicate = true> <Delay = 0.79> <CoreInst = "Adder">   --->   Core 1 'Adder' <Latency = 0> <II = 1> <Delay = 0.79> <FuncUnit> <Opcode : 'add' 'sub'> <InPorts = 2> <OutPorts = 1>
ST_1 : Operation 45 [1/1] (0.00ns)   --->   "%newret_i = insertvalue i15 <undef>, i5 %add_ln58_2949" [firmware/nnet_utils/nnet_dense_latency.h:58]   --->   Operation 45 'insertvalue' 'newret_i' <Predicate = true> <Delay = 0.00>
ST_1 : Operation 46 [1/1] (0.00ns)   --->   "%newret2_i = insertvalue i15 %newret_i, i5 %add_ln58_2954" [firmware/nnet_utils/nnet_dense_latency.h:58]   --->   Operation 46 'insertvalue' 'newret2_i' <Predicate = true> <Delay = 0.00>
ST_1 : Operation 47 [1/1] (0.00ns)   --->   "%newret4_i = insertvalue i15 %newret2_i, i5 %add_ln58_2953" [firmware/nnet_utils/nnet_dense_latency.h:58]   --->   Operation 47 'insertvalue' 'newret4_i' <Predicate = true> <Delay = 0.00>
ST_1 : Operation 48 [1/1] (0.00ns)   --->   "%ret_ln26 = ret i15 %newret4_i" [firmware/nnet_utils/nnet_dense_latency.h:26]   --->   Operation 48 'ret' 'ret_ln26' <Predicate = true> <Delay = 0.00>


============================================================
+ Verbose Summary: Timing violations
============================================================
Target clock period: 5.000ns, clock uncertainty: 0.625ns.

 <State 1>: 1.470ns
The critical path consists of the following:
	'load' operation 1 bit ('a') on static variable 'void_compute_output_buffer_2d_array_const_ap_shift_reg_n_chan_stream_weig_6' [18]  (0.000 ns)
	'add' operation 4 bit ('add_ln58_2948', firmware/nnet_utils/nnet_dense_latency.h:58) [42]  (0.673 ns)
	'add' operation 5 bit ('add_ln58_2949', firmware/nnet_utils/nnet_dense_latency.h:58) [44]  (0.797 ns)


============================================================
+ Verbose Summary: Binding
============================================================
N/A
* FSMD analyzer results:
  - Output states:
 - Input state : 
  - Chain level:
	State 1


============================================================
+ Verbose Summary: Datapath Resource usage 
============================================================
N/A
