

================================================================
== Vitis HLS Report for 'load_input_float_array_Pipeline_VITIS_LOOP_13_1_VITIS_LOOP_14_2'
================================================================
* Date:           Mon May  4 22:35:33 2026

* Version:        2025.2 (Build 6295257 on Nov 14 2025)
* Project:        vitis_unified_project
* Solution:       hls (Vivado IP Flow Target)
* Product family: zynquplus
* Target device:  xck26-sfvc784-2LV-c


================================================================
== Performance Estimates
================================================================
+ Timing: 
    * Summary: 
    +--------+---------+----------+------------+
    |  Clock |  Target | Estimated| Uncertainty|
    +--------+---------+----------+------------+
    |ap_clk  |  5.00 ns|  4.375 ns|     0.62 ns|
    +--------+---------+----------+------------+

+ Latency: 
    * Summary: 
    +---------+---------+----------+----------+-----+-----+-------------------+
    |  Latency (cycles) |  Latency (absolute) |  Interval |      Pipeline     |
    |   min   |   max   |    min   |    max   | min | max |        Type       |
    +---------+---------+----------+----------+-----+-----+-------------------+
    |        ?|        ?|         ?|         ?|    0|    0|  loop pipeline stp|
    +---------+---------+----------+----------+-----+-----+-------------------+

    + Detail: 
        * Instance: 
        N/A

        * Loop: 
        +-----------------------------------+---------+---------+----------+-----------+-----------+------+----------+
        |                                   |  Latency (cycles) | Iteration|  Initiation Interval  | Trip |          |
        |             Loop Name             |   min   |   max   |  Latency |  achieved |   target  | Count| Pipelined|
        +-----------------------------------+---------+---------+----------+-----------+-----------+------+----------+
        |- VITIS_LOOP_13_1_VITIS_LOOP_14_2  |        ?|        ?|         6|          1|          1|     ?|       yes|
        +-----------------------------------+---------+---------+----------+-----------+-----------+------+----------+



================================================================
== Utilization Estimates
================================================================
* Summary: 
+-----------------+---------+------+--------+--------+-----+
|       Name      | BRAM_18K|  DSP |   FF   |   LUT  | URAM|
+-----------------+---------+------+--------+--------+-----+
|DSP              |        -|     -|       -|       -|    -|
|Expression       |        -|     -|       0|     708|    -|
|FIFO             |        -|     -|       -|       -|    -|
|Instance         |        -|     -|       0|      31|    -|
|Memory           |        -|     -|       -|       -|    -|
|Multiplexer      |        -|     -|       0|      54|    -|
|Register         |        -|     -|     151|       -|    -|
+-----------------+---------+------+--------+--------+-----+
|Total            |        0|     0|     151|     793|    0|
+-----------------+---------+------+--------+--------+-----+
|Available        |      288|  1248|  234240|  117120|   64|
+-----------------+---------+------+--------+--------+-----+
|Utilization (%)  |        0|     0|      ~0|      ~0|    0|
+-----------------+---------+------+--------+--------+-----+

+ Detail: 
    * Instance: 
    +---------------------------------+------------------------------+---------+----+---+----+-----+
    |             Instance            |            Module            | BRAM_18K| DSP| FF| LUT| URAM|
    +---------------------------------+------------------------------+---------+----+---+----+-----+
    |bitselect_1ns_54ns_6ns_1_1_1_U4  |bitselect_1ns_54ns_6ns_1_1_1  |        0|   0|  0|  17|    0|
    |fpext_32ns_64_2_no_dsp_1_U3      |fpext_32ns_64_2_no_dsp_1      |        0|   0|  0|   0|    0|
    |sparsemux_9_3_1_1_1_U5           |sparsemux_9_3_1_1_1           |        0|   0|  0|  14|    0|
    +---------------------------------+------------------------------+---------+----+---+----+-----+
    |Total                            |                              |        0|   0|  0|  31|    0|
    +---------------------------------+------------------------------+---------+----+---+----+-----+

    * DSP: 
    N/A

    * Memory: 
    N/A

    * FIFO: 
    N/A

    * Expression: 
    +--------------------------------+----------+----+---+-----+------------+------------+
    |          Variable Name         | Operation| DSP| FF| LUT | Bitwidth P0| Bitwidth P1|
    +--------------------------------+----------+----+---+-----+------------+------------+
    |add_ln13_fu_146_p2              |         +|   0|  0|   48|          41|           1|
    |tmp_76_fu_340_p2                |         +|   0|  0|   13|           6|           2|
    |sub_ln17_1_fu_228_p2            |         -|   0|  0|   19|          11|          12|
    |sub_ln17_2_fu_248_p2            |         -|   0|  0|   18|           1|          11|
    |sub_ln17_fu_215_p2              |         -|   0|  0|   61|           1|          54|
    |and_ln17_1_fu_366_p2            |       and|   0|  0|    2|           1|           1|
    |and_ln17_2_fu_383_p2            |       and|   0|  0|    2|           1|           1|
    |storemerge5_i_i_fu_398_p8       |       and|   0|  0|    2|           1|           1|
    |icmp_ln13_fu_141_p2             |      icmp|   0|  0|   48|          41|          41|
    |icmp_ln17_1_fu_242_p2           |      icmp|   0|  0|   19|          12|           1|
    |icmp_ln17_2_fu_266_p2           |      icmp|   0|  0|   18|          11|          11|
    |icmp_ln17_3_fu_275_p2           |      icmp|   0|  0|   18|          11|           6|
    |icmp_ln17_4_fu_302_p2           |      icmp|   0|  0|   19|          12|           6|
    |icmp_ln17_5_fu_308_p2           |      icmp|   0|  0|   18|          11|           1|
    |icmp_ln17_fu_195_p2             |      icmp|   0|  0|   70|          63|           1|
    |lshr_ln17_fu_285_p2             |      lshr|   0|  0|  159|          54|          54|
    |ap_block_pp0_stage0_01001_grp1  |        or|   0|  0|    2|           1|           1|
    |or_ln17_fu_372_p2               |        or|   0|  0|    2|           1|           1|
    |cond63_i_i_fu_348_p3            |    select|   0|  0|    2|           1|           1|
    |select_ln17_1_fu_254_p3         |    select|   0|  0|   10|           1|          11|
    |select_ln17_2_fu_295_p3         |    select|   0|  0|    2|           1|           1|
    |select_ln17_fu_221_p3           |    select|   0|  0|   52|           1|          54|
    |shl_ln17_fu_318_p2              |       shl|   0|  0|   96|          32|          32|
    |ap_enable_pp0                   |       xor|   0|  0|    2|           1|           2|
    |storemerge5_i_i_fu_398_p6       |       xor|   0|  0|    2|           1|           1|
    |xor_ln17_1_fu_361_p2            |       xor|   0|  0|    2|           1|           2|
    |xor_ln17_2_fu_377_p2            |       xor|   0|  0|    2|           1|           2|
    +--------------------------------+----------+----+---+-----+------------+------------+
    |Total                           |          |   0|  0|  708|         320|         312|
    +--------------------------------+----------+----+---+-----+------------+------------+

    * Multiplexer: 
    +--------------------------------+----+-----------+-----+-----------+
    |              Name              | LUT| Input Size| Bits| Total Bits|
    +--------------------------------+----+-----------+-----+-----------+
    |ap_done_int                     |   9|          2|    1|          2|
    |ap_enable_reg_pp0_iter1         |   9|          2|    1|          2|
    |ap_enable_reg_pp0_iter2         |   9|          2|    1|          2|
    |gmem_in0_blk_n_R                |   9|          2|    1|          2|
    |indvar_flatten_fu_98            |   9|          2|   41|         82|
    |stream_in0_input_layer_1_blk_n  |   9|          2|    1|          2|
    +--------------------------------+----+-----------+-----+-----------+
    |Total                           |  54|         12|   46|         92|
    +--------------------------------+----+-----------+-----+-----------+

    * Register: 
    +----------------------------------+----+----+-----+-----------+
    |               Name               | FF | LUT| Bits| Const Bits|
    +----------------------------------+----+----+-----+-----------+
    |ap_CS_fsm                         |   1|   0|    1|          0|
    |ap_done_reg                       |   1|   0|    1|          0|
    |ap_enable_reg_pp0_iter1           |   1|   0|    1|          0|
    |ap_enable_reg_pp0_iter2           |   1|   0|    1|          0|
    |ap_enable_reg_pp0_iter3           |   1|   0|    1|          0|
    |ap_enable_reg_pp0_iter4           |   1|   0|    1|          0|
    |ap_enable_reg_pp0_iter5           |   1|   0|    1|          0|
    |ap_enable_reg_pp0_iter6           |   1|   0|    1|          0|
    |ap_loop_exit_ready_pp0_iter2_reg  |   1|   0|    1|          0|
    |ap_loop_exit_ready_pp0_iter3_reg  |   1|   0|    1|          0|
    |ap_loop_exit_ready_pp0_iter4_reg  |   1|   0|    1|          0|
    |ap_loop_exit_ready_pp0_iter5_reg  |   1|   0|    1|          0|
    |gmem_in0_addr_read_reg_447        |  32|   0|   32|          0|
    |icmp_ln17_reg_475                 |   1|   0|    1|          0|
    |indvar_flatten_fu_98              |  41|   0|   41|          0|
    |storemerge5_i_i_reg_482           |   1|   0|    1|          0|
    |tmp_i_reg_464                     |  11|   0|   11|          0|
    |tmp_reg_457                       |   1|   0|    1|          0|
    |trunc_ln17_1_reg_470              |  52|   0|   52|          0|
    +----------------------------------+----+----+-----+-----------+
    |Total                             | 151|   0|  151|          0|
    +----------------------------------+----+----+-----+-----------+



================================================================
== Interface
================================================================
* Summary: 
+-----------------------------------------+-----+-----+------------+-------------------------------------------------------------------+--------------+
|                RTL Ports                | Dir | Bits|  Protocol  |                           Source Object                           |    C Type    |
+-----------------------------------------+-----+-----+------------+-------------------------------------------------------------------+--------------+
|ap_clk                                   |   in|    1|  ap_ctrl_hs|  load_input<float,array >_Pipeline_VITIS_LOOP_13_1_VITIS_LOOP_14_2|  return value|
|ap_rst                                   |   in|    1|  ap_ctrl_hs|  load_input<float,array >_Pipeline_VITIS_LOOP_13_1_VITIS_LOOP_14_2|  return value|
|ap_start                                 |   in|    1|  ap_ctrl_hs|  load_input<float,array >_Pipeline_VITIS_LOOP_13_1_VITIS_LOOP_14_2|  return value|
|ap_done                                  |  out|    1|  ap_ctrl_hs|  load_input<float,array >_Pipeline_VITIS_LOOP_13_1_VITIS_LOOP_14_2|  return value|
|ap_idle                                  |  out|    1|  ap_ctrl_hs|  load_input<float,array >_Pipeline_VITIS_LOOP_13_1_VITIS_LOOP_14_2|  return value|
|ap_ready                                 |  out|    1|  ap_ctrl_hs|  load_input<float,array >_Pipeline_VITIS_LOOP_13_1_VITIS_LOOP_14_2|  return value|
|m_axi_gmem_in0_0_AWVALID                 |  out|    1|       m_axi|                                                           gmem_in0|       pointer|
|m_axi_gmem_in0_0_AWREADY                 |   in|    1|       m_axi|                                                           gmem_in0|       pointer|
|m_axi_gmem_in0_0_AWADDR                  |  out|   64|       m_axi|                                                           gmem_in0|       pointer|
|m_axi_gmem_in0_0_AWID                    |  out|    1|       m_axi|                                                           gmem_in0|       pointer|
|m_axi_gmem_in0_0_AWLEN                   |  out|   32|       m_axi|                                                           gmem_in0|       pointer|
|m_axi_gmem_in0_0_AWSIZE                  |  out|    3|       m_axi|                                                           gmem_in0|       pointer|
|m_axi_gmem_in0_0_AWBURST                 |  out|    2|       m_axi|                                                           gmem_in0|       pointer|
|m_axi_gmem_in0_0_AWLOCK                  |  out|    2|       m_axi|                                                           gmem_in0|       pointer|
|m_axi_gmem_in0_0_AWCACHE                 |  out|    4|       m_axi|                                                           gmem_in0|       pointer|
|m_axi_gmem_in0_0_AWPROT                  |  out|    3|       m_axi|                                                           gmem_in0|       pointer|
|m_axi_gmem_in0_0_AWQOS                   |  out|    4|       m_axi|                                                           gmem_in0|       pointer|
|m_axi_gmem_in0_0_AWREGION                |  out|    4|       m_axi|                                                           gmem_in0|       pointer|
|m_axi_gmem_in0_0_AWUSER                  |  out|    1|       m_axi|                                                           gmem_in0|       pointer|
|m_axi_gmem_in0_0_WVALID                  |  out|    1|       m_axi|                                                           gmem_in0|       pointer|
|m_axi_gmem_in0_0_WREADY                  |   in|    1|       m_axi|                                                           gmem_in0|       pointer|
|m_axi_gmem_in0_0_WDATA                   |  out|   32|       m_axi|                                                           gmem_in0|       pointer|
|m_axi_gmem_in0_0_WSTRB                   |  out|    4|       m_axi|                                                           gmem_in0|       pointer|
|m_axi_gmem_in0_0_WLAST                   |  out|    1|       m_axi|                                                           gmem_in0|       pointer|
|m_axi_gmem_in0_0_WID                     |  out|    1|       m_axi|                                                           gmem_in0|       pointer|
|m_axi_gmem_in0_0_WUSER                   |  out|    1|       m_axi|                                                           gmem_in0|       pointer|
|m_axi_gmem_in0_0_ARVALID                 |  out|    1|       m_axi|                                                           gmem_in0|       pointer|
|m_axi_gmem_in0_0_ARREADY                 |   in|    1|       m_axi|                                                           gmem_in0|       pointer|
|m_axi_gmem_in0_0_ARADDR                  |  out|   64|       m_axi|                                                           gmem_in0|       pointer|
|m_axi_gmem_in0_0_ARID                    |  out|    1|       m_axi|                                                           gmem_in0|       pointer|
|m_axi_gmem_in0_0_ARLEN                   |  out|   32|       m_axi|                                                           gmem_in0|       pointer|
|m_axi_gmem_in0_0_ARSIZE                  |  out|    3|       m_axi|                                                           gmem_in0|       pointer|
|m_axi_gmem_in0_0_ARBURST                 |  out|    2|       m_axi|                                                           gmem_in0|       pointer|
|m_axi_gmem_in0_0_ARLOCK                  |  out|    2|       m_axi|                                                           gmem_in0|       pointer|
|m_axi_gmem_in0_0_ARCACHE                 |  out|    4|       m_axi|                                                           gmem_in0|       pointer|
|m_axi_gmem_in0_0_ARPROT                  |  out|    3|       m_axi|                                                           gmem_in0|       pointer|
|m_axi_gmem_in0_0_ARQOS                   |  out|    4|       m_axi|                                                           gmem_in0|       pointer|
|m_axi_gmem_in0_0_ARREGION                |  out|    4|       m_axi|                                                           gmem_in0|       pointer|
|m_axi_gmem_in0_0_ARUSER                  |  out|    1|       m_axi|                                                           gmem_in0|       pointer|
|m_axi_gmem_in0_0_RVALID                  |   in|    1|       m_axi|                                                           gmem_in0|       pointer|
|m_axi_gmem_in0_0_RREADY                  |  out|    1|       m_axi|                                                           gmem_in0|       pointer|
|m_axi_gmem_in0_0_RDATA                   |   in|   32|       m_axi|                                                           gmem_in0|       pointer|
|m_axi_gmem_in0_0_RLAST                   |   in|    1|       m_axi|                                                           gmem_in0|       pointer|
|m_axi_gmem_in0_0_RID                     |   in|    1|       m_axi|                                                           gmem_in0|       pointer|
|m_axi_gmem_in0_0_RFIFONUM                |   in|    9|       m_axi|                                                           gmem_in0|       pointer|
|m_axi_gmem_in0_0_RUSER                   |   in|    1|       m_axi|                                                           gmem_in0|       pointer|
|m_axi_gmem_in0_0_RRESP                   |   in|    2|       m_axi|                                                           gmem_in0|       pointer|
|m_axi_gmem_in0_0_BVALID                  |   in|    1|       m_axi|                                                           gmem_in0|       pointer|
|m_axi_gmem_in0_0_BREADY                  |  out|    1|       m_axi|                                                           gmem_in0|       pointer|
|m_axi_gmem_in0_0_BRESP                   |   in|    2|       m_axi|                                                           gmem_in0|       pointer|
|m_axi_gmem_in0_0_BID                     |   in|    1|       m_axi|                                                           gmem_in0|       pointer|
|m_axi_gmem_in0_0_BUSER                   |   in|    1|       m_axi|                                                           gmem_in0|       pointer|
|stream_in0_input_layer_1_din             |  out|    8|     ap_fifo|                                           stream_in0_input_layer_1|       pointer|
|stream_in0_input_layer_1_full_n          |   in|    1|     ap_fifo|                                           stream_in0_input_layer_1|       pointer|
|stream_in0_input_layer_1_write           |  out|    1|     ap_fifo|                                           stream_in0_input_layer_1|       pointer|
|stream_in0_input_layer_1_num_data_valid  |   in|    8|     ap_fifo|                                           stream_in0_input_layer_1|       pointer|
|stream_in0_input_layer_1_fifo_cap        |   in|    8|     ap_fifo|                                           stream_in0_input_layer_1|       pointer|
|bound                                    |   in|   41|     ap_none|                                                              bound|        scalar|
|sext_ln13                                |   in|   62|     ap_none|                                                          sext_ln13|        scalar|
+-----------------------------------------+-----+-----+------------+-------------------------------------------------------------------+--------------+

============================================================
+ Verbose Summary: Synthesis Manager
============================================================
InlineROM: 1
ExposeGlobal: 0
============================================================
+ Verbose Summary: CDFG Model
============================================================
IsTopModel: 0
ResetActiveHigh: 1
IsCombinational: 2
IsDatapathOnly: 2
HasWiredReturn: 1
HasMFsm: 2
HasVarLatency: 1
IsPipeline: 0
IsRtlPipelined: 0
IsInstanceOverlapped: 0
IsDontTouch: 0
HasImplIP: 0
IsGatedGlobalClock: 0

+ Individual pipeline summary: 
  * Pipeline-0: initiation interval (II) = 1, depth = 7


============================================================
+ Verbose Summary: Schedule
============================================================
* Number of FSM states : 7
* Pipeline : 1
  Pipeline-0 : II = 1, D = 7, States = { 1 2 3 4 5 6 7 }
* Dataflow Pipeline: 0

* FSM state transitions: 
1 --> 2 
2 --> 3 
3 --> 4 
4 --> 5 
5 --> 6 
6 --> 7 
7 --> 

* FSM state operations: 

State 1 <SV = 0> <Delay = 0.42>
ST_1 : Operation 9 [1/1] (0.00ns)   --->   "%indvar_flatten = alloca i32 1"   --->   Operation 9 'alloca' 'indvar_flatten' <Predicate = true> <Delay = 0.00>
ST_1 : Operation 10 [1/1] (0.00ns)   --->   "%sext_ln13_read = read i62 @_ssdm_op_Read.ap_auto.i62, i62 %sext_ln13"   --->   Operation 10 'read' 'sext_ln13_read' <Predicate = true> <Delay = 0.00>
ST_1 : Operation 11 [1/1] (0.00ns)   --->   "%bound_read = read i41 @_ssdm_op_Read.ap_auto.i41, i41 %bound"   --->   Operation 11 'read' 'bound_read' <Predicate = true> <Delay = 0.00>
ST_1 : Operation 12 [1/1] (0.00ns)   --->   "%sext_ln13_cast = sext i62 %sext_ln13_read"   --->   Operation 12 'sext' 'sext_ln13_cast' <Predicate = true> <Delay = 0.00>
ST_1 : Operation 13 [1/1] (0.00ns)   --->   "%specinterface_ln0 = specinterface void @_ssdm_op_SpecInterface, i32 %gmem_in0, void @empty_0, i32 0, i32 0, void @empty_13, i32 0, i32 784, void @empty_9, void @empty_10, void @empty_13, i32 16, i32 16, i32 16, i32 16, void @empty_13, void @empty_13, i32 4294967295, i32 0, i32 0, i32 4"   --->   Operation 13 'specinterface' 'specinterface_ln0' <Predicate = true> <Delay = 0.00>
ST_1 : Operation 14 [1/1] (0.00ns)   --->   "%specinterface_ln0 = specinterface void @_ssdm_op_SpecInterface, i8 %stream_in0_input_layer_1, void @empty_15, i32 0, i32 0, void @empty_13, i32 0, i32 0, void @empty_13, void @empty_13, void @empty_13, i32 0, i32 0, i32 0, i32 0, void @empty_13, void @empty_13, i32 4294967295, i32 0, i32 0, i32 0"   --->   Operation 14 'specinterface' 'specinterface_ln0' <Predicate = true> <Delay = 0.00>
ST_1 : Operation 15 [1/1] (0.42ns)   --->   "%store_ln0 = store i41 0, i41 %indvar_flatten"   --->   Operation 15 'store' 'store_ln0' <Predicate = true> <Delay = 0.42>
ST_1 : Operation 16 [1/1] (0.00ns)   --->   "%br_ln0 = br void %VITIS_LOOP_16_3.i"   --->   Operation 16 'br' 'br_ln0' <Predicate = true> <Delay = 0.00>

State 2 <SV = 1> <Delay = 1.46>
ST_2 : Operation 17 [1/1] (0.00ns)   --->   "%indvar_flatten_load = load i41 %indvar_flatten" [firmware/myproject_axi_master.cpp:13]   --->   Operation 17 'load' 'indvar_flatten_load' <Predicate = true> <Delay = 0.00>
ST_2 : Operation 18 [1/1] (1.04ns)   --->   "%icmp_ln13 = icmp_eq  i41 %indvar_flatten_load, i41 %bound_read" [firmware/myproject_axi_master.cpp:13]   --->   Operation 18 'icmp' 'icmp_ln13' <Predicate = true> <Delay = 1.04> <CoreInst = "Cmp">   --->   Core 9 'Cmp' <Latency = 0> <II = 1> <Delay = 1.04> <FuncUnit> <Opcode : 'seteq' 'setne' 'setle' 'setge' 'setlt' 'setgt'> <InPorts = 2> <OutPorts = 1>
ST_2 : Operation 19 [1/1] (0.00ns)   --->   "%br_ln13 = br i1 %icmp_ln13, void %for.inc13.i, void %load_input<float, array<ap_ufixed<1, 1, 0, 3, 0>, 1u> >.exit.exitStub" [firmware/myproject_axi_master.cpp:13]   --->   Operation 19 'br' 'br_ln13' <Predicate = true> <Delay = 0.00>
ST_2 : Operation 20 [1/1] (1.04ns)   --->   "%add_ln13 = add i41 %indvar_flatten_load, i41 1" [firmware/myproject_axi_master.cpp:13]   --->   Operation 20 'add' 'add_ln13' <Predicate = (!icmp_ln13)> <Delay = 1.04> <CoreInst = "Adder">   --->   Core 1 'Adder' <Latency = 0> <II = 1> <Delay = 1.04> <FuncUnit> <Opcode : 'add' 'sub'> <InPorts = 2> <OutPorts = 1>
ST_2 : Operation 21 [1/1] (0.42ns)   --->   "%store_ln13 = store i41 %add_ln13, i41 %indvar_flatten" [firmware/myproject_axi_master.cpp:13]   --->   Operation 21 'store' 'store_ln13' <Predicate = (!icmp_ln13)> <Delay = 0.42>

State 3 <SV = 2> <Delay = 4.37>
ST_3 : Operation 22 [1/1] (0.00ns)   --->   "%gmem_in0_addr = getelementptr i32 %gmem_in0, i64 %sext_ln13_cast" [firmware/myproject_axi_master.cpp:13]   --->   Operation 22 'getelementptr' 'gmem_in0_addr' <Predicate = true> <Delay = 0.00>
ST_3 : Operation 23 [1/1] ( I:4.37ns O:4.37ns )   --->   "%gmem_in0_addr_read = read i32 @_ssdm_op_Read.m_axi.i32.p1i32, i64 %gmem_in0_addr" [firmware/myproject_axi_master.cpp:17]   --->   Operation 23 'read' 'gmem_in0_addr_read' <Predicate = true> <Delay = 4.37> <CoreInst = "m_axi">   --->   Core 119 'm_axi' <Latency = 3> <II = 1> <Delay = 1.00> <Adapter> <Opcode : 'readrequnaligned' 'writerequnaligned' 'read' 'write' 'readreq' 'writereq' 'writeresp'>

State 4 <SV = 3> <Delay = 2.30>
ST_4 : Operation 24 [1/1] (0.00ns)   --->   "%bitcast_ln17 = bitcast i32 %gmem_in0_addr_read" [firmware/myproject_axi_master.cpp:17]   --->   Operation 24 'bitcast' 'bitcast_ln17' <Predicate = true> <Delay = 0.00>
ST_4 : Operation 25 [2/2] (2.30ns)   --->   "%pf = fpext i32 %bitcast_ln17" [firmware/myproject_axi_master.cpp:17]   --->   Operation 25 'fpext' 'pf' <Predicate = true> <Delay = 2.30> <CoreInst = "Float2Double">   --->   Core 64 'Float2Double' <Latency = 1> <II = 1> <Delay = 2.30> <FuncUnit> <Opcode : 'fpext'> <InPorts = 1> <OutPorts = 1>

State 5 <SV = 4> <Delay = 3.39>
ST_5 : Operation 26 [1/2] (2.30ns)   --->   "%pf = fpext i32 %bitcast_ln17" [firmware/myproject_axi_master.cpp:17]   --->   Operation 26 'fpext' 'pf' <Predicate = true> <Delay = 2.30> <CoreInst = "Float2Double">   --->   Core 64 'Float2Double' <Latency = 1> <II = 1> <Delay = 2.30> <FuncUnit> <Opcode : 'fpext'> <InPorts = 1> <OutPorts = 1>
ST_5 : Operation 27 [1/1] (0.00ns)   --->   "%bitcast_ln726 = bitcast i64 %pf" [firmware/myproject_axi_master.cpp:17]   --->   Operation 27 'bitcast' 'bitcast_ln726' <Predicate = true> <Delay = 0.00>
ST_5 : Operation 28 [1/1] (0.00ns)   --->   "%trunc_ln17 = trunc i64 %bitcast_ln726" [firmware/myproject_axi_master.cpp:17]   --->   Operation 28 'trunc' 'trunc_ln17' <Predicate = true> <Delay = 0.00>
ST_5 : Operation 29 [1/1] (0.00ns)   --->   "%tmp = bitselect i1 @_ssdm_op_BitSelect.i1.i64.i32, i64 %bitcast_ln726, i32 63" [firmware/myproject_axi_master.cpp:17]   --->   Operation 29 'bitselect' 'tmp' <Predicate = true> <Delay = 0.00>
ST_5 : Operation 30 [1/1] (0.00ns)   --->   "%tmp_i = partselect i11 @_ssdm_op_PartSelect.i11.i64.i32, i64 %bitcast_ln726, i32 52" [firmware/myproject_axi_master.cpp:17]   --->   Operation 30 'partselect' 'tmp_i' <Predicate = true> <Delay = 0.00>
ST_5 : Operation 31 [1/1] (0.00ns)   --->   "%trunc_ln17_1 = trunc i64 %bitcast_ln726" [firmware/myproject_axi_master.cpp:17]   --->   Operation 31 'trunc' 'trunc_ln17_1' <Predicate = true> <Delay = 0.00>
ST_5 : Operation 32 [1/1] (1.08ns)   --->   "%icmp_ln17 = icmp_eq  i63 %trunc_ln17, i63 0" [firmware/myproject_axi_master.cpp:17]   --->   Operation 32 'icmp' 'icmp_ln17' <Predicate = true> <Delay = 1.08> <CoreInst = "Cmp">   --->   Core 9 'Cmp' <Latency = 0> <II = 1> <Delay = 1.08> <FuncUnit> <Opcode : 'seteq' 'setne' 'setle' 'setge' 'setlt' 'setgt'> <InPorts = 2> <OutPorts = 1>

State 6 <SV = 5> <Delay = 4.27>
ST_6 : Operation 33 [1/1] (0.00ns)   --->   "%zext_ln17 = zext i11 %tmp_i" [firmware/myproject_axi_master.cpp:17]   --->   Operation 33 'zext' 'zext_ln17' <Predicate = true> <Delay = 0.00>
ST_6 : Operation 34 [1/1] (0.00ns)   --->   "%zext_ln17_1_cast = bitconcatenate i53 @_ssdm_op_BitConcatenate.i53.i1.i52, i1 1, i52 %trunc_ln17_1" [firmware/myproject_axi_master.cpp:17]   --->   Operation 34 'bitconcatenate' 'zext_ln17_1_cast' <Predicate = true> <Delay = 0.00>
ST_6 : Operation 35 [1/1] (0.00ns)   --->   "%zext_ln17_1 = zext i53 %zext_ln17_1_cast" [firmware/myproject_axi_master.cpp:17]   --->   Operation 35 'zext' 'zext_ln17_1' <Predicate = true> <Delay = 0.00>
ST_6 : Operation 36 [1/1] (1.10ns)   --->   "%sub_ln17 = sub i54 0, i54 %zext_ln17_1" [firmware/myproject_axi_master.cpp:17]   --->   Operation 36 'sub' 'sub_ln17' <Predicate = (tmp)> <Delay = 1.10> <CoreInst = "Adder">   --->   Core 1 'Adder' <Latency = 0> <II = 1> <Delay = 1.09> <FuncUnit> <Opcode : 'add' 'sub'> <InPorts = 2> <OutPorts = 1>
ST_6 : Operation 37 [1/1] (0.40ns)   --->   "%select_ln17 = select i1 %tmp, i54 %sub_ln17, i54 %zext_ln17_1" [firmware/myproject_axi_master.cpp:17]   --->   Operation 37 'select' 'select_ln17' <Predicate = true> <Delay = 0.40> <CoreInst = "Sel">   --->   Core 73 'Sel' <Latency = 0> <II = 1> <Delay = 0.40> <FuncUnit> <Opcode : 'select'> <InPorts = 3> <OutPorts = 1>
ST_6 : Operation 38 [1/1] (0.80ns)   --->   "%sub_ln17_1 = sub i12 1075, i12 %zext_ln17" [firmware/myproject_axi_master.cpp:17]   --->   Operation 38 'sub' 'sub_ln17_1' <Predicate = true> <Delay = 0.80> <CoreInst = "Adder">   --->   Core 1 'Adder' <Latency = 0> <II = 1> <Delay = 0.80> <FuncUnit> <Opcode : 'add' 'sub'> <InPorts = 2> <OutPorts = 1>
ST_6 : Operation 39 [1/1] (0.00ns)   --->   "%trunc_ln17_2 = trunc i12 %sub_ln17_1" [firmware/myproject_axi_master.cpp:17]   --->   Operation 39 'trunc' 'trunc_ln17_2' <Predicate = true> <Delay = 0.00>
ST_6 : Operation 40 [1/1] (0.00ns)   --->   "%trunc_ln17_3 = trunc i12 %sub_ln17_1" [firmware/myproject_axi_master.cpp:17]   --->   Operation 40 'trunc' 'trunc_ln17_3' <Predicate = true> <Delay = 0.00>
ST_6 : Operation 41 [1/1] (0.80ns)   --->   "%icmp_ln17_1 = icmp_sgt  i12 %sub_ln17_1, i12 0" [firmware/myproject_axi_master.cpp:17]   --->   Operation 41 'icmp' 'icmp_ln17_1' <Predicate = true> <Delay = 0.80> <CoreInst = "Cmp">   --->   Core 9 'Cmp' <Latency = 0> <II = 1> <Delay = 0.80> <FuncUnit> <Opcode : 'seteq' 'setne' 'setle' 'setge' 'setlt' 'setgt'> <InPorts = 2> <OutPorts = 1>
ST_6 : Operation 42 [1/1] (0.79ns)   --->   "%sub_ln17_2 = sub i11 0, i11 %trunc_ln17_3" [firmware/myproject_axi_master.cpp:17]   --->   Operation 42 'sub' 'sub_ln17_2' <Predicate = true> <Delay = 0.79> <CoreInst = "Adder">   --->   Core 1 'Adder' <Latency = 0> <II = 1> <Delay = 0.79> <FuncUnit> <Opcode : 'add' 'sub'> <InPorts = 2> <OutPorts = 1>
ST_6 : Operation 43 [1/1] (0.38ns)   --->   "%select_ln17_1 = select i1 %icmp_ln17_1, i11 %trunc_ln17_3, i11 %sub_ln17_2" [firmware/myproject_axi_master.cpp:17]   --->   Operation 43 'select' 'select_ln17_1' <Predicate = true> <Delay = 0.38> <CoreInst = "Sel">   --->   Core 73 'Sel' <Latency = 0> <II = 1> <Delay = 0.38> <FuncUnit> <Opcode : 'select'> <InPorts = 3> <OutPorts = 1>
ST_6 : Operation 44 [1/1] (0.00ns)   --->   "%zext_ln17_2 = zext i11 %select_ln17_1" [firmware/myproject_axi_master.cpp:17]   --->   Operation 44 'zext' 'zext_ln17_2' <Predicate = true> <Delay = 0.00>
ST_6 : Operation 45 [1/1] (0.79ns)   --->   "%icmp_ln17_2 = icmp_eq  i11 %tmp_i, i11 1075" [firmware/myproject_axi_master.cpp:17]   --->   Operation 45 'icmp' 'icmp_ln17_2' <Predicate = true> <Delay = 0.79> <CoreInst = "Cmp">   --->   Core 9 'Cmp' <Latency = 0> <II = 1> <Delay = 0.79> <FuncUnit> <Opcode : 'seteq' 'setne' 'setle' 'setge' 'setlt' 'setgt'> <InPorts = 2> <OutPorts = 1>
ST_6 : Operation 46 [1/1] (0.00ns)   --->   "%trunc_ln17_4 = trunc i54 %select_ln17" [firmware/myproject_axi_master.cpp:17]   --->   Operation 46 'trunc' 'trunc_ln17_4' <Predicate = true> <Delay = 0.00>
ST_6 : Operation 47 [1/1] (0.79ns)   --->   "%icmp_ln17_3 = icmp_ult  i11 %select_ln17_1, i11 54" [firmware/myproject_axi_master.cpp:17]   --->   Operation 47 'icmp' 'icmp_ln17_3' <Predicate = true> <Delay = 0.79> <CoreInst = "Cmp">   --->   Core 9 'Cmp' <Latency = 0> <II = 1> <Delay = 0.79> <FuncUnit> <Opcode : 'seteq' 'setne' 'setle' 'setge' 'setlt' 'setgt'> <InPorts = 2> <OutPorts = 1>
ST_6 : Operation 48 [1/1] (0.00ns)   --->   "%zext_ln17_3 = zext i11 %select_ln17_1" [firmware/myproject_axi_master.cpp:17]   --->   Operation 48 'zext' 'zext_ln17_3' <Predicate = true> <Delay = 0.00>
ST_6 : Operation 49 [1/1] (1.50ns)   --->   "%lshr_ln17 = lshr i54 %select_ln17, i54 %zext_ln17_3" [firmware/myproject_axi_master.cpp:17]   --->   Operation 49 'lshr' 'lshr_ln17' <Predicate = true> <Delay = 1.50> <CoreInst = "Shifter">   --->   Core 75 'Shifter' <Latency = 0> <II = 1> <Delay = 1.50> <FuncUnit> <Opcode : 'shl' 'lshr' 'ashr'> <InPorts = 2> <OutPorts = 1>
ST_6 : Operation 50 [1/1] (0.00ns) (grouped into LUT with out node xor_ln17)   --->   "%trunc_ln17_5 = trunc i54 %lshr_ln17" [firmware/myproject_axi_master.cpp:17]   --->   Operation 50 'trunc' 'trunc_ln17_5' <Predicate = true> <Delay = 0.00>
ST_6 : Operation 51 [1/1] (0.00ns) (grouped into LUT with out node xor_ln17)   --->   "%select_ln17_2 = select i1 %icmp_ln17_3, i1 %trunc_ln17_5, i1 %tmp" [firmware/myproject_axi_master.cpp:17]   --->   Operation 51 'select' 'select_ln17_2' <Predicate = true> <Delay = 0.00> <CoreInst = "Sel">   --->   Core 73 'Sel' <Latency = 0> <II = 1> <Delay = 0.17> <FuncUnit> <Opcode : 'select'> <InPorts = 3> <OutPorts = 1>
ST_6 : Operation 52 [1/1] (0.80ns)   --->   "%icmp_ln17_4 = icmp_sgt  i12 %sub_ln17_1, i12 54" [firmware/myproject_axi_master.cpp:17]   --->   Operation 52 'icmp' 'icmp_ln17_4' <Predicate = true> <Delay = 0.80> <CoreInst = "Cmp">   --->   Core 9 'Cmp' <Latency = 0> <II = 1> <Delay = 0.80> <FuncUnit> <Opcode : 'seteq' 'setne' 'setle' 'setge' 'setlt' 'setgt'> <InPorts = 2> <OutPorts = 1>
ST_6 : Operation 53 [1/1] (0.79ns)   --->   "%icmp_ln17_5 = icmp_eq  i11 %select_ln17_1, i11 0" [firmware/myproject_axi_master.cpp:17]   --->   Operation 53 'icmp' 'icmp_ln17_5' <Predicate = true> <Delay = 0.79> <CoreInst = "Cmp">   --->   Core 9 'Cmp' <Latency = 0> <II = 1> <Delay = 0.79> <FuncUnit> <Opcode : 'seteq' 'setne' 'setle' 'setge' 'setlt' 'setgt'> <InPorts = 2> <OutPorts = 1>
ST_6 : Operation 54 [1/1] (0.00ns)   --->   "%zext_ln17_4 = zext i1 %trunc_ln17_4" [firmware/myproject_axi_master.cpp:17]   --->   Operation 54 'zext' 'zext_ln17_4' <Predicate = true> <Delay = 0.00>
ST_6 : Operation 55 [1/1] (0.92ns)   --->   "%shl_ln17 = shl i32 %zext_ln17_4, i32 %zext_ln17_2" [firmware/myproject_axi_master.cpp:17]   --->   Operation 55 'shl' 'shl_ln17' <Predicate = true> <Delay = 0.92> <CoreInst = "Shifter">   --->   Core 75 'Shifter' <Latency = 0> <II = 1> <Delay = 1.38> <FuncUnit> <Opcode : 'shl' 'lshr' 'ashr'> <InPorts = 2> <OutPorts = 1>
ST_6 : Operation 56 [1/1] (0.00ns)   --->   "%trunc_ln17_6 = trunc i32 %shl_ln17" [firmware/myproject_axi_master.cpp:17]   --->   Operation 56 'trunc' 'trunc_ln17_6' <Predicate = true> <Delay = 0.00>
ST_6 : Operation 57 [1/1] (0.28ns)   --->   "%and_ln17 = and i1 %icmp_ln17_5, i1 %trunc_ln17_6" [firmware/myproject_axi_master.cpp:17]   --->   Operation 57 'and' 'and_ln17' <Predicate = true> <Delay = 0.28> <CoreInst = "LogicGate">   --->   Core 74 'LogicGate' <Latency = 0> <II = 1> <Delay = 0.28> <FuncUnit> <Opcode : 'and' 'or' 'xor'> <InPorts = 2> <OutPorts = 1>
ST_6 : Operation 58 [1/1] (0.78ns)   --->   "%add_ln17 = add i6 %trunc_ln17_2, i6 63" [firmware/myproject_axi_master.cpp:17]   --->   Operation 58 'add' 'add_ln17' <Predicate = true> <Delay = 0.78> <CoreInst = "Adder">   --->   Core 1 'Adder' <Latency = 0> <II = 1> <Delay = 0.78> <FuncUnit> <Opcode : 'add' 'sub'> <InPorts = 2> <OutPorts = 1>
ST_6 : Operation 59 [1/1] (0.65ns)   --->   "%tmp_76 = bitselect i1 @_ssdm_op_BitSelect.i1.i54.i6, i54 %select_ln17, i6 %add_ln17" [firmware/myproject_axi_master.cpp:17]   --->   Operation 59 'bitselect' 'tmp_76' <Predicate = true> <Delay = 0.65> <CoreInst = "BitSelector">   --->   Core 153 'BitSelector' <Latency = 0> <II = 1> <Delay = 0.65> <FuncUnit> <Opcode : 'bitselect'> <InPorts = 2> <OutPorts = 1>
ST_6 : Operation 60 [1/1] (0.00ns) (grouped into LUT with out node xor_ln17)   --->   "%cond63_i_i = select i1 %icmp_ln17_4, i1 %tmp, i1 %tmp_76" [firmware/myproject_axi_master.cpp:17]   --->   Operation 60 'select' 'cond63_i_i' <Predicate = true> <Delay = 0.00> <CoreInst = "Sel">   --->   Core 73 'Sel' <Latency = 0> <II = 1> <Delay = 0.17> <FuncUnit> <Opcode : 'select'> <InPorts = 3> <OutPorts = 1>
ST_6 : Operation 61 [1/1] (0.28ns) (out node of the LUT)   --->   "%xor_ln17 = xor i1 %select_ln17_2, i1 %cond63_i_i" [firmware/myproject_axi_master.cpp:17]   --->   Operation 61 'xor' 'xor_ln17' <Predicate = true> <Delay = 0.28> <CoreInst = "LogicGate">   --->   Core 74 'LogicGate' <Latency = 0> <II = 1> <Delay = 0.28> <FuncUnit> <Opcode : 'and' 'or' 'xor'> <InPorts = 2> <OutPorts = 1>
ST_6 : Operation 62 [1/1] (0.00ns) (grouped into LUT with out node and_ln17_1)   --->   "%xor_ln17_1 = xor i1 %icmp_ln17, i1 1" [firmware/myproject_axi_master.cpp:17]   --->   Operation 62 'xor' 'xor_ln17_1' <Predicate = true> <Delay = 0.00> <CoreInst = "LogicGate">   --->   Core 74 'LogicGate' <Latency = 0> <II = 1> <Delay = 0.28> <FuncUnit> <Opcode : 'and' 'or' 'xor'> <InPorts = 2> <OutPorts = 1>
ST_6 : Operation 63 [1/1] (0.28ns) (out node of the LUT)   --->   "%and_ln17_1 = and i1 %icmp_ln17_2, i1 %xor_ln17_1" [firmware/myproject_axi_master.cpp:17]   --->   Operation 63 'and' 'and_ln17_1' <Predicate = true> <Delay = 0.28> <CoreInst = "LogicGate">   --->   Core 74 'LogicGate' <Latency = 0> <II = 1> <Delay = 0.28> <FuncUnit> <Opcode : 'and' 'or' 'xor'> <InPorts = 2> <OutPorts = 1>
ST_6 : Operation 64 [1/1] (0.00ns) (grouped into LUT with out node and_ln17_2)   --->   "%or_ln17 = or i1 %icmp_ln17, i1 %icmp_ln17_2" [firmware/myproject_axi_master.cpp:17]   --->   Operation 64 'or' 'or_ln17' <Predicate = true> <Delay = 0.00> <CoreInst = "LogicGate">   --->   Core 74 'LogicGate' <Latency = 0> <II = 1> <Delay = 0.28> <FuncUnit> <Opcode : 'and' 'or' 'xor'> <InPorts = 2> <OutPorts = 1>
ST_6 : Operation 65 [1/1] (0.00ns) (grouped into LUT with out node and_ln17_2)   --->   "%xor_ln17_2 = xor i1 %or_ln17, i1 1" [firmware/myproject_axi_master.cpp:17]   --->   Operation 65 'xor' 'xor_ln17_2' <Predicate = true> <Delay = 0.00> <CoreInst = "LogicGate">   --->   Core 74 'LogicGate' <Latency = 0> <II = 1> <Delay = 0.28> <FuncUnit> <Opcode : 'and' 'or' 'xor'> <InPorts = 2> <OutPorts = 1>
ST_6 : Operation 66 [1/1] (0.28ns) (out node of the LUT)   --->   "%and_ln17_2 = and i1 %icmp_ln17_1, i1 %xor_ln17_2" [firmware/myproject_axi_master.cpp:17]   --->   Operation 66 'and' 'and_ln17_2' <Predicate = true> <Delay = 0.28> <CoreInst = "LogicGate">   --->   Core 74 'LogicGate' <Latency = 0> <II = 1> <Delay = 0.28> <FuncUnit> <Opcode : 'and' 'or' 'xor'> <InPorts = 2> <OutPorts = 1>
ST_6 : Operation 67 [1/1] (0.00ns)   --->   "%sel_tmp6 = bitconcatenate i3 @_ssdm_op_BitConcatenate.i3.i1.i1.i1, i1 %icmp_ln17, i1 %and_ln17_1, i1 %and_ln17_2" [firmware/myproject_axi_master.cpp:17]   --->   Operation 67 'bitconcatenate' 'sel_tmp6' <Predicate = true> <Delay = 0.00>
ST_6 : Operation 68 [1/1] (0.47ns)   --->   "%storemerge5_i_i = sparsemux i1 @_ssdm_op_SparseMux.ap_auto.4i1.i1.i3, i3 4, i1 0, i3 2, i1 %trunc_ln17_4, i3 1, i1 %xor_ln17, i3 0, i1 %and_ln17, i1 0, i3 %sel_tmp6" [firmware/myproject_axi_master.cpp:17]   --->   Operation 68 'sparsemux' 'storemerge5_i_i' <Predicate = true> <Delay = 0.47> <CoreInst = "OneHotSparseMux_HasDef">   --->   Core 152 'OneHotSparseMux_HasDef' <Latency = 0> <II = 1> <Delay = 0.47> <FuncUnit> <Opcode : 'sparsemux'> <InPorts = 2> <OutPorts = 1>
ST_6 : Operation 74 [1/1] (0.42ns)   --->   "%ret_ln0 = ret"   --->   Operation 74 'ret' 'ret_ln0' <Predicate = (icmp_ln13)> <Delay = 0.42>

State 7 <SV = 6> <Delay = 2.18>
ST_7 : Operation 69 [1/1] (0.00ns)   --->   "%specloopname_ln0 = specloopname void @_ssdm_op_SpecLoopName, void @VITIS_LOOP_13_1_VITIS_LOOP_14_2_str"   --->   Operation 69 'specloopname' 'specloopname_ln0' <Predicate = true> <Delay = 0.00>
ST_7 : Operation 70 [1/1] (0.00ns)   --->   "%specpipeline_ln17 = specpipeline void @_ssdm_op_SpecPipeline, i32 4294967295, i32 0, i32 0, i32 0, i32 4294967295, void @empty_13" [firmware/myproject_axi_master.cpp:17]   --->   Operation 70 'specpipeline' 'specpipeline_ln17' <Predicate = true> <Delay = 0.00>
ST_7 : Operation 71 [1/1] (0.00ns)   --->   "%zext_ln20 = zext i1 %storemerge5_i_i" [firmware/myproject_axi_master.cpp:20]   --->   Operation 71 'zext' 'zext_ln20' <Predicate = true> <Delay = 0.00>
ST_7 : Operation 72 [1/1] ( I:2.18ns O:2.18ns )   --->   "%write_ln20 = write void @_ssdm_op_Write.ap_fifo.volatile.i8P0A, i8 %stream_in0_input_layer_1, i8 %zext_ln20" [firmware/myproject_axi_master.cpp:20]   --->   Operation 72 'write' 'write_ln20' <Predicate = true> <Delay = 2.18> <CoreInst = "FIFO_SRL">   --->   Core 80 'FIFO_SRL' <Latency = 0> <II = 1> <Delay = 2.37> <Storage> <Opcode : 'read' 'write' 'nbread' 'nbwrite'> <Ports = 0> <Width = 8> <Depth = 128> <FIFO>
ST_7 : Operation 73 [1/1] (0.00ns)   --->   "%br_ln14 = br void %VITIS_LOOP_16_3.i" [firmware/myproject_axi_master.cpp:14]   --->   Operation 73 'br' 'br_ln14' <Predicate = true> <Delay = 0.00>


============================================================
+ Verbose Summary: Binding
============================================================
STG Binding: 
---------------- STG Properties BEGIN ----------------
- Is combinational: 0
- Is one-state seq: 0
- Is datapath-only: 0
- Is pipelined: 0
- Is top level: 0
Port [ Return ] is wired: 1; IO mode=ap_ctrl_hs:ce=0
Port [ bound]:  wired=1; compound=0; hidden=0; nouse=0; global=0; static=0; extern=0; dir=0; type=0; pingpong=0; private_global=0; IO mode=ap_none:ce=0
Port [ gmem_in0]:  wired=1; compound=1; hidden=0; nouse=0; global=0; static=0; extern=0; dir=0; type=4; pingpong=0; private_global=0; IO mode=m_axi:ce=0
Port [ sext_ln13]:  wired=1; compound=0; hidden=0; nouse=0; global=0; static=0; extern=0; dir=0; type=0; pingpong=0; private_global=0; IO mode=ap_none:ce=0
Port [ stream_in0_input_layer_1]:  wired=1; compound=1; hidden=0; nouse=0; global=1; static=1; extern=0; dir=1; type=3; pingpong=0; private_global=0; IO mode=ap_fifo:ce=0
---------------- STG Properties END ------------------

---------------- Datapath Model BEGIN ----------------

<LifeTime>
<method=bitvector/>
indvar_flatten      (alloca        ) [ 01100000]
sext_ln13_read      (read          ) [ 00000000]
bound_read          (read          ) [ 01100000]
sext_ln13_cast      (sext          ) [ 01110000]
specinterface_ln0   (specinterface ) [ 00000000]
specinterface_ln0   (specinterface ) [ 00000000]
store_ln0           (store         ) [ 00000000]
br_ln0              (br            ) [ 00000000]
indvar_flatten_load (load          ) [ 00000000]
icmp_ln13           (icmp          ) [ 01111110]
br_ln13             (br            ) [ 00000000]
add_ln13            (add           ) [ 00000000]
store_ln13          (store         ) [ 00000000]
gmem_in0_addr       (getelementptr ) [ 00000000]
gmem_in0_addr_read  (read          ) [ 01001000]
bitcast_ln17        (bitcast       ) [ 01000100]
pf                  (fpext         ) [ 00000000]
bitcast_ln726       (bitcast       ) [ 00000000]
trunc_ln17          (trunc         ) [ 00000000]
tmp                 (bitselect     ) [ 01000010]
tmp_i               (partselect    ) [ 01000010]
trunc_ln17_1        (trunc         ) [ 01000010]
icmp_ln17           (icmp          ) [ 01000010]
zext_ln17           (zext          ) [ 00000000]
zext_ln17_1_cast    (bitconcatenate) [ 00000000]
zext_ln17_1         (zext          ) [ 00000000]
sub_ln17            (sub           ) [ 00000000]
select_ln17         (select        ) [ 00000000]
sub_ln17_1          (sub           ) [ 00000000]
trunc_ln17_2        (trunc         ) [ 00000000]
trunc_ln17_3        (trunc         ) [ 00000000]
icmp_ln17_1         (icmp          ) [ 00000000]
sub_ln17_2          (sub           ) [ 00000000]
select_ln17_1       (select        ) [ 00000000]
zext_ln17_2         (zext          ) [ 00000000]
icmp_ln17_2         (icmp          ) [ 00000000]
trunc_ln17_4        (trunc         ) [ 00000000]
icmp_ln17_3         (icmp          ) [ 00000000]
zext_ln17_3         (zext          ) [ 00000000]
lshr_ln17           (lshr          ) [ 00000000]
trunc_ln17_5        (trunc         ) [ 00000000]
select_ln17_2       (select        ) [ 00000000]
icmp_ln17_4         (icmp          ) [ 00000000]
icmp_ln17_5         (icmp          ) [ 00000000]
zext_ln17_4         (zext          ) [ 00000000]
shl_ln17            (shl           ) [ 00000000]
trunc_ln17_6        (trunc         ) [ 00000000]
and_ln17            (and           ) [ 00000000]
add_ln17            (add           ) [ 00000000]
tmp_76              (bitselect     ) [ 00000000]
cond63_i_i          (select        ) [ 00000000]
xor_ln17            (xor           ) [ 00000000]
xor_ln17_1          (xor           ) [ 00000000]
and_ln17_1          (and           ) [ 00000000]
or_ln17             (or            ) [ 00000000]
xor_ln17_2          (xor           ) [ 00000000]
and_ln17_2          (and           ) [ 00000000]
sel_tmp6            (bitconcatenate) [ 00000000]
storemerge5_i_i     (sparsemux     ) [ 01000001]
specloopname_ln0    (specloopname  ) [ 00000000]
specpipeline_ln17   (specpipeline  ) [ 00000000]
zext_ln20           (zext          ) [ 00000000]
write_ln20          (write         ) [ 00000000]
br_ln14             (br            ) [ 00000000]
ret_ln0             (ret           ) [ 00000000]
</LifeTime>

<model>

<comp_list>
<comp id="0" class="1000" name="bound">
<pin_list>
<pin id="1" dir="1" index="0" bw="1" slack="0"/>
</pin_list>
<bind>
<StgValue><ssdm name="bound"/></StgValue>
</bind>
</comp>

<comp id="2" class="1000" name="gmem_in0">
<pin_list>
<pin id="3" dir="1" index="0" bw="1" slack="0"/>
</pin_list>
<bind>
<StgValue><ssdm name="gmem_in0"/><MemPortTyVec>0 </MemPortTyVec>
</StgValue>
</bind>
</comp>

<comp id="4" class="1000" name="sext_ln13">
<pin_list>
<pin id="5" dir="1" index="0" bw="1" slack="0"/>
</pin_list>
<bind>
<StgValue><ssdm name="sext_ln13"/></StgValue>
</bind>
</comp>

<comp id="6" class="1000" name="stream_in0_input_layer_1">
<pin_list>
<pin id="7" dir="1" index="0" bw="1" slack="0"/>
</pin_list>
<bind>
<StgValue><ssdm name="stream_in0_input_layer_1"/></StgValue>
</bind>
</comp>

<comp id="8" class="1001" name="const_8">
<pin_list>
<pin id="9" dir="1" index="0" bw="1" slack="0"/>
</pin_list>
<bind>
<StgValue><ssdm name=""/></StgValue>
</bind>
</comp>

<comp id="10" class="1001" name="const_10">
<pin_list>
<pin id="11" dir="1" index="0" bw="1" slack="0"/>
</pin_list>
<bind>
<StgValue><ssdm name="_ssdm_op_Read.ap_auto.i62"/></StgValue>
</bind>
</comp>

<comp id="12" class="1001" name="const_12">
<pin_list>
<pin id="13" dir="1" index="0" bw="1" slack="0"/>
</pin_list>
<bind>
<StgValue><ssdm name="_ssdm_op_Read.ap_auto.i41"/></StgValue>
</bind>
</comp>

<comp id="14" class="1001" name="const_14">
<pin_list>
<pin id="15" dir="1" index="0" bw="1" slack="2147483647"/>
</pin_list>
<bind>
<StgValue><ssdm name="_ssdm_op_SpecInterface"/></StgValue>
</bind>
</comp>

<comp id="16" class="1001" name="const_16">
<pin_list>
<pin id="17" dir="1" index="0" bw="1" slack="2147483647"/>
</pin_list>
<bind>
<StgValue><ssdm name="empty_0"/></StgValue>
</bind>
</comp>

<comp id="18" class="1001" name="const_18">
<pin_list>
<pin id="19" dir="1" index="0" bw="1" slack="2147483647"/>
</pin_list>
<bind>
<StgValue><ssdm name=""/></StgValue>
</bind>
</comp>

<comp id="20" class="1001" name="const_20">
<pin_list>
<pin id="21" dir="1" index="0" bw="1" slack="2147483647"/>
</pin_list>
<bind>
<StgValue><ssdm name="empty_13"/></StgValue>
</bind>
</comp>

<comp id="22" class="1001" name="const_22">
<pin_list>
<pin id="23" dir="1" index="0" bw="1" slack="2147483647"/>
</pin_list>
<bind>
<StgValue><ssdm name=""/></StgValue>
</bind>
</comp>

<comp id="24" class="1001" name="const_24">
<pin_list>
<pin id="25" dir="1" index="0" bw="1" slack="2147483647"/>
</pin_list>
<bind>
<StgValue><ssdm name="empty_9"/></StgValue>
</bind>
</comp>

<comp id="26" class="1001" name="const_26">
<pin_list>
<pin id="27" dir="1" index="0" bw="1" slack="2147483647"/>
</pin_list>
<bind>
<StgValue><ssdm name="empty_10"/></StgValue>
</bind>
</comp>

<comp id="28" class="1001" name="const_28">
<pin_list>
<pin id="29" dir="1" index="0" bw="1" slack="2147483647"/>
</pin_list>
<bind>
<StgValue><ssdm name=""/></StgValue>
</bind>
</comp>

<comp id="30" class="1001" name="const_30">
<pin_list>
<pin id="31" dir="1" index="0" bw="1" slack="2147483647"/>
</pin_list>
<bind>
<StgValue><ssdm name=""/></StgValue>
</bind>
</comp>

<comp id="32" class="1001" name="const_32">
<pin_list>
<pin id="33" dir="1" index="0" bw="1" slack="2147483647"/>
</pin_list>
<bind>
<StgValue><ssdm name=""/></StgValue>
</bind>
</comp>

<comp id="34" class="1001" name="const_34">
<pin_list>
<pin id="35" dir="1" index="0" bw="1" slack="2147483647"/>
</pin_list>
<bind>
<StgValue><ssdm name="empty_15"/></StgValue>
</bind>
</comp>

<comp id="36" class="1001" name="const_36">
<pin_list>
<pin id="37" dir="1" index="0" bw="1" slack="0"/>
</pin_list>
<bind>
<StgValue><ssdm name=""/></StgValue>
</bind>
</comp>

<comp id="38" class="1001" name="const_38">
<pin_list>
<pin id="39" dir="1" index="0" bw="1" slack="0"/>
</pin_list>
<bind>
<StgValue><ssdm name=""/></StgValue>
</bind>
</comp>

<comp id="40" class="1001" name="const_40">
<pin_list>
<pin id="41" dir="1" index="0" bw="1" slack="0"/>
</pin_list>
<bind>
<StgValue><ssdm name="_ssdm_op_Read.m_axi.i32.p1i32"/></StgValue>
</bind>
</comp>

<comp id="42" class="1001" name="const_42">
<pin_list>
<pin id="43" dir="1" index="0" bw="1" slack="0"/>
</pin_list>
<bind>
<StgValue><ssdm name="_ssdm_op_BitSelect.i1.i64.i32"/></StgValue>
</bind>
</comp>

<comp id="44" class="1001" name="const_44">
<pin_list>
<pin id="45" dir="1" index="0" bw="1" slack="0"/>
</pin_list>
<bind>
<StgValue><ssdm name=""/></StgValue>
</bind>
</comp>

<comp id="46" class="1001" name="const_46">
<pin_list>
<pin id="47" dir="1" index="0" bw="1" slack="0"/>
</pin_list>
<bind>
<StgValue><ssdm name="_ssdm_op_PartSelect.i11.i64.i32"/></StgValue>
</bind>
</comp>

<comp id="48" class="1001" name="const_48">
<pin_list>
<pin id="49" dir="1" index="0" bw="1" slack="0"/>
</pin_list>
<bind>
<StgValue><ssdm name=""/></StgValue>
</bind>
</comp>

<comp id="50" class="1001" name="const_50">
<pin_list>
<pin id="51" dir="1" index="0" bw="1" slack="0"/>
</pin_list>
<bind>
<StgValue><ssdm name=""/></StgValue>
</bind>
</comp>

<comp id="52" class="1001" name="const_52">
<pin_list>
<pin id="53" dir="1" index="0" bw="1" slack="0"/>
</pin_list>
<bind>
<StgValue><ssdm name="_ssdm_op_BitConcatenate.i53.i1.i52"/></StgValue>
</bind>
</comp>

<comp id="54" class="1001" name="const_54">
<pin_list>
<pin id="55" dir="1" index="0" bw="1" slack="0"/>
</pin_list>
<bind>
<StgValue><ssdm name=""/></StgValue>
</bind>
</comp>

<comp id="56" class="1001" name="const_56">
<pin_list>
<pin id="57" dir="1" index="0" bw="1" slack="0"/>
</pin_list>
<bind>
<StgValue><ssdm name=""/></StgValue>
</bind>
</comp>

<comp id="58" class="1001" name="const_58">
<pin_list>
<pin id="59" dir="1" index="0" bw="1" slack="0"/>
</pin_list>
<bind>
<StgValue><ssdm name=""/></StgValue>
</bind>
</comp>

<comp id="60" class="1001" name="const_60">
<pin_list>
<pin id="61" dir="1" index="0" bw="1" slack="0"/>
</pin_list>
<bind>
<StgValue><ssdm name=""/></StgValue>
</bind>
</comp>

<comp id="62" class="1001" name="const_62">
<pin_list>
<pin id="63" dir="1" index="0" bw="1" slack="0"/>
</pin_list>
<bind>
<StgValue><ssdm name=""/></StgValue>
</bind>
</comp>

<comp id="64" class="1001" name="const_64">
<pin_list>
<pin id="65" dir="1" index="0" bw="1" slack="0"/>
</pin_list>
<bind>
<StgValue><ssdm name=""/></StgValue>
</bind>
</comp>

<comp id="66" class="1001" name="const_66">
<pin_list>
<pin id="67" dir="1" index="0" bw="1" slack="0"/>
</pin_list>
<bind>
<StgValue><ssdm name=""/></StgValue>
</bind>
</comp>

<comp id="68" class="1001" name="const_68">
<pin_list>
<pin id="69" dir="1" index="0" bw="1" slack="0"/>
</pin_list>
<bind>
<StgValue><ssdm name=""/></StgValue>
</bind>
</comp>

<comp id="70" class="1001" name="const_70">
<pin_list>
<pin id="71" dir="1" index="0" bw="1" slack="0"/>
</pin_list>
<bind>
<StgValue><ssdm name=""/></StgValue>
</bind>
</comp>

<comp id="72" class="1001" name="const_72">
<pin_list>
<pin id="73" dir="1" index="0" bw="1" slack="0"/>
</pin_list>
<bind>
<StgValue><ssdm name="_ssdm_op_BitSelect.i1.i54.i6"/></StgValue>
</bind>
</comp>

<comp id="74" class="1001" name="const_74">
<pin_list>
<pin id="75" dir="1" index="0" bw="1" slack="0"/>
</pin_list>
<bind>
<StgValue><ssdm name="_ssdm_op_BitConcatenate.i3.i1.i1.i1"/></StgValue>
</bind>
</comp>

<comp id="76" class="1001" name="const_76">
<pin_list>
<pin id="77" dir="1" index="0" bw="1" slack="0"/>
</pin_list>
<bind>
<StgValue><ssdm name="_ssdm_op_SparseMux.ap_auto.4i1.i1.i3"/></StgValue>
</bind>
</comp>

<comp id="78" class="1001" name="const_78">
<pin_list>
<pin id="79" dir="1" index="0" bw="1" slack="0"/>
</pin_list>
<bind>
<StgValue><ssdm name=""/></StgValue>
</bind>
</comp>

<comp id="80" class="1001" name="const_80">
<pin_list>
<pin id="81" dir="1" index="0" bw="1" slack="0"/>
</pin_list>
<bind>
<StgValue><ssdm name=""/></StgValue>
</bind>
</comp>

<comp id="82" class="1001" name="const_82">
<pin_list>
<pin id="83" dir="1" index="0" bw="1" slack="0"/>
</pin_list>
<bind>
<StgValue><ssdm name=""/></StgValue>
</bind>
</comp>

<comp id="84" class="1001" name="const_84">
<pin_list>
<pin id="85" dir="1" index="0" bw="1" slack="0"/>
</pin_list>
<bind>
<StgValue><ssdm name=""/></StgValue>
</bind>
</comp>

<comp id="86" class="1001" name="const_86">
<pin_list>
<pin id="87" dir="1" index="0" bw="1" slack="0"/>
</pin_list>
<bind>
<StgValue><ssdm name=""/></StgValue>
</bind>
</comp>

<comp id="88" class="1001" name="const_88">
<pin_list>
<pin id="89" dir="1" index="0" bw="1" slack="0"/>
</pin_list>
<bind>
<StgValue><ssdm name=""/></StgValue>
</bind>
</comp>

<comp id="90" class="1001" name="const_90">
<pin_list>
<pin id="91" dir="1" index="0" bw="1" slack="2147483647"/>
</pin_list>
<bind>
<StgValue><ssdm name="_ssdm_op_SpecLoopName"/></StgValue>
</bind>
</comp>

<comp id="92" class="1001" name="const_92">
<pin_list>
<pin id="93" dir="1" index="0" bw="1" slack="2147483647"/>
</pin_list>
<bind>
<StgValue><ssdm name="VITIS_LOOP_13_1_VITIS_LOOP_14_2_str"/></StgValue>
</bind>
</comp>

<comp id="94" class="1001" name="const_94">
<pin_list>
<pin id="95" dir="1" index="0" bw="1" slack="2147483647"/>
</pin_list>
<bind>
<StgValue><ssdm name="_ssdm_op_SpecPipeline"/></StgValue>
</bind>
</comp>

<comp id="96" class="1001" name="const_96">
<pin_list>
<pin id="97" dir="1" index="0" bw="1" slack="0"/>
</pin_list>
<bind>
<StgValue><ssdm name="_ssdm_op_Write.ap_fifo.volatile.i8P0A"/></StgValue>
</bind>
</comp>

<comp id="98" class="1004" name="indvar_flatten_fu_98">
<pin_list>
<pin id="99" dir="0" index="0" bw="1" slack="0"/>
<pin id="100" dir="1" index="1" bw="41" slack="0"/>
</pin_list>
<bind>
<opcode="alloca(26) " fcode="alloca"/>
<opset="indvar_flatten/1 "/>
</bind>
</comp>

<comp id="102" class="1004" name="sext_ln13_read_read_fu_102">
<pin_list>
<pin id="103" dir="0" index="0" bw="62" slack="0"/>
<pin id="104" dir="0" index="1" bw="62" slack="0"/>
<pin id="105" dir="1" index="2" bw="62" slack="0"/>
</pin_list>
<bind>
<opcode="read(1150) " fcode="read"/>
<opset="sext_ln13_read/1 "/>
</bind>
</comp>

<comp id="108" class="1004" name="bound_read_read_fu_108">
<pin_list>
<pin id="109" dir="0" index="0" bw="41" slack="0"/>
<pin id="110" dir="0" index="1" bw="41" slack="0"/>
<pin id="111" dir="1" index="2" bw="41" slack="1"/>
</pin_list>
<bind>
<opcode="read(1150) " fcode="read"/>
<opset="bound_read/1 "/>
</bind>
</comp>

<comp id="114" class="1004" name="write_ln20_write_fu_114">
<pin_list>
<pin id="115" dir="0" index="0" bw="0" slack="0"/>
<pin id="116" dir="0" index="1" bw="8" slack="0"/>
<pin id="117" dir="0" index="2" bw="1" slack="0"/>
<pin id="118" dir="1" index="3" bw="0" slack="2147483647"/>
</pin_list>
<bind>
<opcode="write(1151) " fcode="write"/>
<opset="write_ln20/7 "/>
</bind>
</comp>

<comp id="121" class="1004" name="gmem_in0_addr_read_read_fu_121">
<pin_list>
<pin id="122" dir="0" index="0" bw="32" slack="0"/>
<pin id="123" dir="0" index="1" bw="32" slack="0"/>
<pin id="124" dir="1" index="2" bw="32" slack="1"/>
</pin_list>
<bind>
<opcode="read(1150) " fcode="read"/>
<opset="gmem_in0_addr_read/3 "/>
</bind>
</comp>

<comp id="126" class="1004" name="grp_fu_126">
<pin_list>
<pin id="127" dir="0" index="0" bw="32" slack="0"/>
<pin id="128" dir="1" index="1" bw="64" slack="0"/>
</pin_list>
<bind>
<opcode="fpext(41) " fcode="fpext"/>
<opset="pf/4 "/>
</bind>
</comp>

<comp id="129" class="1004" name="sext_ln13_cast_fu_129">
<pin_list>
<pin id="130" dir="0" index="0" bw="62" slack="0"/>
<pin id="131" dir="1" index="1" bw="64" slack="2"/>
</pin_list>
<bind>
<opcode="sext(35) " fcode="sext"/>
<opset="sext_ln13_cast/1 "/>
</bind>
</comp>

<comp id="133" class="1004" name="store_ln0_store_fu_133">
<pin_list>
<pin id="134" dir="0" index="0" bw="1" slack="0"/>
<pin id="135" dir="0" index="1" bw="41" slack="0"/>
<pin id="136" dir="1" index="2" bw="0" slack="2147483647"/>
</pin_list>
<bind>
<opcode="store(28) " fcode="store"/>
<opset="store_ln0/1 "/>
</bind>
</comp>

<comp id="138" class="1004" name="indvar_flatten_load_load_fu_138">
<pin_list>
<pin id="139" dir="0" index="0" bw="41" slack="1"/>
<pin id="140" dir="1" index="1" bw="41" slack="0"/>
</pin_list>
<bind>
<opcode="load(27) " fcode="load"/>
<opset="indvar_flatten_load/2 "/>
</bind>
</comp>

<comp id="141" class="1004" name="icmp_ln13_fu_141">
<pin_list>
<pin id="142" dir="0" index="0" bw="41" slack="0"/>
<pin id="143" dir="0" index="1" bw="41" slack="1"/>
<pin id="144" dir="1" index="2" bw="1" slack="4"/>
</pin_list>
<bind>
<opcode="icmp(45) " fcode="icmp"/>
<opset="icmp_ln13/2 "/>
</bind>
</comp>

<comp id="146" class="1004" name="add_ln13_fu_146">
<pin_list>
<pin id="147" dir="0" index="0" bw="41" slack="0"/>
<pin id="148" dir="0" index="1" bw="1" slack="0"/>
<pin id="149" dir="1" index="2" bw="41" slack="0"/>
</pin_list>
<bind>
<opcode="add(8) " fcode="add"/>
<opset="add_ln13/2 "/>
</bind>
</comp>

<comp id="152" class="1004" name="store_ln13_store_fu_152">
<pin_list>
<pin id="153" dir="0" index="0" bw="41" slack="0"/>
<pin id="154" dir="0" index="1" bw="41" slack="1"/>
<pin id="155" dir="1" index="2" bw="0" slack="2147483647"/>
</pin_list>
<bind>
<opcode="store(28) " fcode="store"/>
<opset="store_ln13/2 "/>
</bind>
</comp>

<comp id="157" class="1004" name="gmem_in0_addr_fu_157">
<pin_list>
<pin id="158" dir="0" index="0" bw="64" slack="0"/>
<pin id="159" dir="0" index="1" bw="64" slack="2"/>
<pin id="160" dir="1" index="2" bw="64" slack="0"/>
</pin_list>
<bind>
<opcode="getelementptr(29) " fcode="getelementptr"/>
<opset="gmem_in0_addr/3 "/>
</bind>
</comp>

<comp id="163" class="1004" name="bitcast_ln17_fu_163">
<pin_list>
<pin id="164" dir="0" index="0" bw="32" slack="1"/>
<pin id="165" dir="1" index="1" bw="32" slack="0"/>
</pin_list>
<bind>
<opcode="bitcast(44) " fcode="bitcast"/>
<opset="bitcast_ln17/4 "/>
</bind>
</comp>

<comp id="167" class="1004" name="bitcast_ln726_fu_167">
<pin_list>
<pin id="168" dir="0" index="0" bw="64" slack="0"/>
<pin id="169" dir="1" index="1" bw="64" slack="0"/>
</pin_list>
<bind>
<opcode="bitcast(44) " fcode="bitcast"/>
<opset="bitcast_ln726/5 "/>
</bind>
</comp>

<comp id="171" class="1004" name="trunc_ln17_fu_171">
<pin_list>
<pin id="172" dir="0" index="0" bw="64" slack="0"/>
<pin id="173" dir="1" index="1" bw="63" slack="0"/>
</pin_list>
<bind>
<opcode="trunc(33) " fcode="trunc"/>
<opset="trunc_ln17/5 "/>
</bind>
</comp>

<comp id="175" class="1004" name="tmp_fu_175">
<pin_list>
<pin id="176" dir="0" index="0" bw="1" slack="0"/>
<pin id="177" dir="0" index="1" bw="64" slack="0"/>
<pin id="178" dir="0" index="2" bw="7" slack="0"/>
<pin id="179" dir="1" index="3" bw="1" slack="1"/>
</pin_list>
<bind>
<opcode="bitselect(1000) " fcode="bitselect"/>
<opset="tmp/5 "/>
</bind>
</comp>

<comp id="183" class="1004" name="tmp_i_fu_183">
<pin_list>
<pin id="184" dir="0" index="0" bw="11" slack="0"/>
<pin id="185" dir="0" index="1" bw="64" slack="0"/>
<pin id="186" dir="0" index="2" bw="7" slack="0"/>
<pin id="187" dir="1" index="3" bw="11" slack="1"/>
</pin_list>
<bind>
<opcode="partselect(1002) " fcode="partselect"/>
<opset="tmp_i/5 "/>
</bind>
</comp>

<comp id="191" class="1004" name="trunc_ln17_1_fu_191">
<pin_list>
<pin id="192" dir="0" index="0" bw="64" slack="0"/>
<pin id="193" dir="1" index="1" bw="52" slack="1"/>
</pin_list>
<bind>
<opcode="trunc(33) " fcode="trunc"/>
<opset="trunc_ln17_1/5 "/>
</bind>
</comp>

<comp id="195" class="1004" name="icmp_ln17_fu_195">
<pin_list>
<pin id="196" dir="0" index="0" bw="63" slack="0"/>
<pin id="197" dir="0" index="1" bw="63" slack="0"/>
<pin id="198" dir="1" index="2" bw="1" slack="1"/>
</pin_list>
<bind>
<opcode="icmp(45) " fcode="icmp"/>
<opset="icmp_ln17/5 "/>
</bind>
</comp>

<comp id="201" class="1004" name="zext_ln17_fu_201">
<pin_list>
<pin id="202" dir="0" index="0" bw="11" slack="1"/>
<pin id="203" dir="1" index="1" bw="12" slack="0"/>
</pin_list>
<bind>
<opcode="zext(34) " fcode="zext"/>
<opset="zext_ln17/6 "/>
</bind>
</comp>

<comp id="204" class="1004" name="zext_ln17_1_cast_fu_204">
<pin_list>
<pin id="205" dir="0" index="0" bw="53" slack="0"/>
<pin id="206" dir="0" index="1" bw="1" slack="0"/>
<pin id="207" dir="0" index="2" bw="52" slack="1"/>
<pin id="208" dir="1" index="3" bw="53" slack="0"/>
</pin_list>
<bind>
<opcode="bitconcatenate(1004) " fcode="bitconcatenate"/>
<opset="zext_ln17_1_cast/6 "/>
</bind>
</comp>

<comp id="211" class="1004" name="zext_ln17_1_fu_211">
<pin_list>
<pin id="212" dir="0" index="0" bw="53" slack="0"/>
<pin id="213" dir="1" index="1" bw="54" slack="0"/>
</pin_list>
<bind>
<opcode="zext(34) " fcode="zext"/>
<opset="zext_ln17_1/6 "/>
</bind>
</comp>

<comp id="215" class="1004" name="sub_ln17_fu_215">
<pin_list>
<pin id="216" dir="0" index="0" bw="1" slack="0"/>
<pin id="217" dir="0" index="1" bw="53" slack="0"/>
<pin id="218" dir="1" index="2" bw="54" slack="0"/>
</pin_list>
<bind>
<opcode="sub(10) " fcode="sub"/>
<opset="sub_ln17/6 "/>
</bind>
</comp>

<comp id="221" class="1004" name="select_ln17_fu_221">
<pin_list>
<pin id="222" dir="0" index="0" bw="1" slack="1"/>
<pin id="223" dir="0" index="1" bw="54" slack="0"/>
<pin id="224" dir="0" index="2" bw="54" slack="0"/>
<pin id="225" dir="1" index="3" bw="54" slack="0"/>
</pin_list>
<bind>
<opcode="select(49) " fcode="select"/>
<opset="select_ln17/6 "/>
</bind>
</comp>

<comp id="228" class="1004" name="sub_ln17_1_fu_228">
<pin_list>
<pin id="229" dir="0" index="0" bw="12" slack="0"/>
<pin id="230" dir="0" index="1" bw="11" slack="0"/>
<pin id="231" dir="1" index="2" bw="12" slack="0"/>
</pin_list>
<bind>
<opcode="sub(10) " fcode="sub"/>
<opset="sub_ln17_1/6 "/>
</bind>
</comp>

<comp id="234" class="1004" name="trunc_ln17_2_fu_234">
<pin_list>
<pin id="235" dir="0" index="0" bw="12" slack="0"/>
<pin id="236" dir="1" index="1" bw="6" slack="0"/>
</pin_list>
<bind>
<opcode="trunc(33) " fcode="trunc"/>
<opset="trunc_ln17_2/6 "/>
</bind>
</comp>

<comp id="238" class="1004" name="trunc_ln17_3_fu_238">
<pin_list>
<pin id="239" dir="0" index="0" bw="12" slack="0"/>
<pin id="240" dir="1" index="1" bw="11" slack="0"/>
</pin_list>
<bind>
<opcode="trunc(33) " fcode="trunc"/>
<opset="trunc_ln17_3/6 "/>
</bind>
</comp>

<comp id="242" class="1004" name="icmp_ln17_1_fu_242">
<pin_list>
<pin id="243" dir="0" index="0" bw="12" slack="0"/>
<pin id="244" dir="0" index="1" bw="12" slack="0"/>
<pin id="245" dir="1" index="2" bw="1" slack="0"/>
</pin_list>
<bind>
<opcode="icmp(45) " fcode="icmp"/>
<opset="icmp_ln17_1/6 "/>
</bind>
</comp>

<comp id="248" class="1004" name="sub_ln17_2_fu_248">
<pin_list>
<pin id="249" dir="0" index="0" bw="1" slack="0"/>
<pin id="250" dir="0" index="1" bw="11" slack="0"/>
<pin id="251" dir="1" index="2" bw="11" slack="0"/>
</pin_list>
<bind>
<opcode="sub(10) " fcode="sub"/>
<opset="sub_ln17_2/6 "/>
</bind>
</comp>

<comp id="254" class="1004" name="select_ln17_1_fu_254">
<pin_list>
<pin id="255" dir="0" index="0" bw="1" slack="0"/>
<pin id="256" dir="0" index="1" bw="11" slack="0"/>
<pin id="257" dir="0" index="2" bw="11" slack="0"/>
<pin id="258" dir="1" index="3" bw="11" slack="0"/>
</pin_list>
<bind>
<opcode="select(49) " fcode="select"/>
<opset="select_ln17_1/6 "/>
</bind>
</comp>

<comp id="262" class="1004" name="zext_ln17_2_fu_262">
<pin_list>
<pin id="263" dir="0" index="0" bw="11" slack="0"/>
<pin id="264" dir="1" index="1" bw="32" slack="0"/>
</pin_list>
<bind>
<opcode="zext(34) " fcode="zext"/>
<opset="zext_ln17_2/6 "/>
</bind>
</comp>

<comp id="266" class="1004" name="icmp_ln17_2_fu_266">
<pin_list>
<pin id="267" dir="0" index="0" bw="11" slack="1"/>
<pin id="268" dir="0" index="1" bw="11" slack="0"/>
<pin id="269" dir="1" index="2" bw="1" slack="0"/>
</pin_list>
<bind>
<opcode="icmp(45) " fcode="icmp"/>
<opset="icmp_ln17_2/6 "/>
</bind>
</comp>

<comp id="271" class="1004" name="trunc_ln17_4_fu_271">
<pin_list>
<pin id="272" dir="0" index="0" bw="54" slack="0"/>
<pin id="273" dir="1" index="1" bw="1" slack="0"/>
</pin_list>
<bind>
<opcode="trunc(33) " fcode="trunc"/>
<opset="trunc_ln17_4/6 "/>
</bind>
</comp>

<comp id="275" class="1004" name="icmp_ln17_3_fu_275">
<pin_list>
<pin id="276" dir="0" index="0" bw="11" slack="0"/>
<pin id="277" dir="0" index="1" bw="11" slack="0"/>
<pin id="278" dir="1" index="2" bw="1" slack="0"/>
</pin_list>
<bind>
<opcode="icmp(45) " fcode="icmp"/>
<opset="icmp_ln17_3/6 "/>
</bind>
</comp>

<comp id="281" class="1004" name="zext_ln17_3_fu_281">
<pin_list>
<pin id="282" dir="0" index="0" bw="11" slack="0"/>
<pin id="283" dir="1" index="1" bw="54" slack="0"/>
</pin_list>
<bind>
<opcode="zext(34) " fcode="zext"/>
<opset="zext_ln17_3/6 "/>
</bind>
</comp>

<comp id="285" class="1004" name="lshr_ln17_fu_285">
<pin_list>
<pin id="286" dir="0" index="0" bw="54" slack="0"/>
<pin id="287" dir="0" index="1" bw="11" slack="0"/>
<pin id="288" dir="1" index="2" bw="54" slack="0"/>
</pin_list>
<bind>
<opcode="lshr(21) " fcode="lshr"/>
<opset="lshr_ln17/6 "/>
</bind>
</comp>

<comp id="291" class="1004" name="trunc_ln17_5_fu_291">
<pin_list>
<pin id="292" dir="0" index="0" bw="54" slack="0"/>
<pin id="293" dir="1" index="1" bw="1" slack="0"/>
</pin_list>
<bind>
<opcode="trunc(33) " fcode="trunc"/>
<opset="trunc_ln17_5/6 "/>
</bind>
</comp>

<comp id="295" class="1004" name="select_ln17_2_fu_295">
<pin_list>
<pin id="296" dir="0" index="0" bw="1" slack="0"/>
<pin id="297" dir="0" index="1" bw="1" slack="0"/>
<pin id="298" dir="0" index="2" bw="1" slack="1"/>
<pin id="299" dir="1" index="3" bw="1" slack="0"/>
</pin_list>
<bind>
<opcode="select(49) " fcode="select"/>
<opset="select_ln17_2/6 "/>
</bind>
</comp>

<comp id="302" class="1004" name="icmp_ln17_4_fu_302">
<pin_list>
<pin id="303" dir="0" index="0" bw="12" slack="0"/>
<pin id="304" dir="0" index="1" bw="12" slack="0"/>
<pin id="305" dir="1" index="2" bw="1" slack="0"/>
</pin_list>
<bind>
<opcode="icmp(45) " fcode="icmp"/>
<opset="icmp_ln17_4/6 "/>
</bind>
</comp>

<comp id="308" class="1004" name="icmp_ln17_5_fu_308">
<pin_list>
<pin id="309" dir="0" index="0" bw="11" slack="0"/>
<pin id="310" dir="0" index="1" bw="11" slack="0"/>
<pin id="311" dir="1" index="2" bw="1" slack="0"/>
</pin_list>
<bind>
<opcode="icmp(45) " fcode="icmp"/>
<opset="icmp_ln17_5/6 "/>
</bind>
</comp>

<comp id="314" class="1004" name="zext_ln17_4_fu_314">
<pin_list>
<pin id="315" dir="0" index="0" bw="1" slack="0"/>
<pin id="316" dir="1" index="1" bw="32" slack="0"/>
</pin_list>
<bind>
<opcode="zext(34) " fcode="zext"/>
<opset="zext_ln17_4/6 "/>
</bind>
</comp>

<comp id="318" class="1004" name="shl_ln17_fu_318">
<pin_list>
<pin id="319" dir="0" index="0" bw="1" slack="0"/>
<pin id="320" dir="0" index="1" bw="11" slack="0"/>
<pin id="321" dir="1" index="2" bw="32" slack="0"/>
</pin_list>
<bind>
<opcode="shl(20) " fcode="shl"/>
<opset="shl_ln17/6 "/>
</bind>
</comp>

<comp id="324" class="1004" name="trunc_ln17_6_fu_324">
<pin_list>
<pin id="325" dir="0" index="0" bw="32" slack="0"/>
<pin id="326" dir="1" index="1" bw="1" slack="0"/>
</pin_list>
<bind>
<opcode="trunc(33) " fcode="trunc"/>
<opset="trunc_ln17_6/6 "/>
</bind>
</comp>

<comp id="328" class="1004" name="and_ln17_fu_328">
<pin_list>
<pin id="329" dir="0" index="0" bw="1" slack="0"/>
<pin id="330" dir="0" index="1" bw="1" slack="0"/>
<pin id="331" dir="1" index="2" bw="1" slack="0"/>
</pin_list>
<bind>
<opcode="and(23) " fcode="and"/>
<opset="and_ln17/6 "/>
</bind>
</comp>

<comp id="334" class="1004" name="add_ln17_fu_334">
<pin_list>
<pin id="335" dir="0" index="0" bw="6" slack="0"/>
<pin id="336" dir="0" index="1" bw="1" slack="0"/>
<pin id="337" dir="1" index="2" bw="6" slack="0"/>
</pin_list>
<bind>
<opcode="add(8) " fcode="add"/>
<opset="add_ln17/6 "/>
</bind>
</comp>

<comp id="340" class="1004" name="tmp_76_fu_340">
<pin_list>
<pin id="341" dir="0" index="0" bw="1" slack="0"/>
<pin id="342" dir="0" index="1" bw="54" slack="0"/>
<pin id="343" dir="0" index="2" bw="6" slack="0"/>
<pin id="344" dir="1" index="3" bw="1" slack="0"/>
</pin_list>
<bind>
<opcode="bitselect(1000) " fcode="bitselect"/>
<opset="tmp_76/6 "/>
</bind>
</comp>

<comp id="348" class="1004" name="cond63_i_i_fu_348">
<pin_list>
<pin id="349" dir="0" index="0" bw="1" slack="0"/>
<pin id="350" dir="0" index="1" bw="1" slack="1"/>
<pin id="351" dir="0" index="2" bw="1" slack="0"/>
<pin id="352" dir="1" index="3" bw="1" slack="0"/>
</pin_list>
<bind>
<opcode="select(49) " fcode="select"/>
<opset="cond63_i_i/6 "/>
</bind>
</comp>

<comp id="355" class="1004" name="xor_ln17_fu_355">
<pin_list>
<pin id="356" dir="0" index="0" bw="1" slack="0"/>
<pin id="357" dir="0" index="1" bw="1" slack="0"/>
<pin id="358" dir="1" index="2" bw="1" slack="0"/>
</pin_list>
<bind>
<opcode="xor(25) " fcode="xor"/>
<opset="xor_ln17/6 "/>
</bind>
</comp>

<comp id="361" class="1004" name="xor_ln17_1_fu_361">
<pin_list>
<pin id="362" dir="0" index="0" bw="1" slack="1"/>
<pin id="363" dir="0" index="1" bw="1" slack="0"/>
<pin id="364" dir="1" index="2" bw="1" slack="0"/>
</pin_list>
<bind>
<opcode="xor(25) " fcode="xor"/>
<opset="xor_ln17_1/6 "/>
</bind>
</comp>

<comp id="366" class="1004" name="and_ln17_1_fu_366">
<pin_list>
<pin id="367" dir="0" index="0" bw="1" slack="0"/>
<pin id="368" dir="0" index="1" bw="1" slack="0"/>
<pin id="369" dir="1" index="2" bw="1" slack="0"/>
</pin_list>
<bind>
<opcode="and(23) " fcode="and"/>
<opset="and_ln17_1/6 "/>
</bind>
</comp>

<comp id="372" class="1004" name="or_ln17_fu_372">
<pin_list>
<pin id="373" dir="0" index="0" bw="1" slack="1"/>
<pin id="374" dir="0" index="1" bw="1" slack="0"/>
<pin id="375" dir="1" index="2" bw="1" slack="0"/>
</pin_list>
<bind>
<opcode="or(24) " fcode="or"/>
<opset="or_ln17/6 "/>
</bind>
</comp>

<comp id="377" class="1004" name="xor_ln17_2_fu_377">
<pin_list>
<pin id="378" dir="0" index="0" bw="1" slack="0"/>
<pin id="379" dir="0" index="1" bw="1" slack="0"/>
<pin id="380" dir="1" index="2" bw="1" slack="0"/>
</pin_list>
<bind>
<opcode="xor(25) " fcode="xor"/>
<opset="xor_ln17_2/6 "/>
</bind>
</comp>

<comp id="383" class="1004" name="and_ln17_2_fu_383">
<pin_list>
<pin id="384" dir="0" index="0" bw="1" slack="0"/>
<pin id="385" dir="0" index="1" bw="1" slack="0"/>
<pin id="386" dir="1" index="2" bw="1" slack="0"/>
</pin_list>
<bind>
<opcode="and(23) " fcode="and"/>
<opset="and_ln17_2/6 "/>
</bind>
</comp>

<comp id="389" class="1004" name="sel_tmp6_fu_389">
<pin_list>
<pin id="390" dir="0" index="0" bw="3" slack="0"/>
<pin id="391" dir="0" index="1" bw="1" slack="1"/>
<pin id="392" dir="0" index="2" bw="1" slack="0"/>
<pin id="393" dir="0" index="3" bw="1" slack="0"/>
<pin id="394" dir="1" index="4" bw="3" slack="0"/>
</pin_list>
<bind>
<opcode="bitconcatenate(1004) " fcode="bitconcatenate"/>
<opset="sel_tmp6/6 "/>
</bind>
</comp>

<comp id="398" class="1004" name="storemerge5_i_i_fu_398">
<pin_list>
<pin id="399" dir="0" index="0" bw="1" slack="0"/>
<pin id="400" dir="0" index="1" bw="3" slack="0"/>
<pin id="401" dir="0" index="2" bw="1" slack="0"/>
<pin id="402" dir="0" index="3" bw="3" slack="0"/>
<pin id="403" dir="0" index="4" bw="1" slack="0"/>
<pin id="404" dir="0" index="5" bw="3" slack="0"/>
<pin id="405" dir="0" index="6" bw="1" slack="0"/>
<pin id="406" dir="0" index="7" bw="3" slack="0"/>
<pin id="407" dir="0" index="8" bw="1" slack="0"/>
<pin id="408" dir="0" index="9" bw="1" slack="0"/>
<pin id="409" dir="0" index="10" bw="3" slack="0"/>
<pin id="410" dir="1" index="11" bw="1" slack="1"/>
</pin_list>
<bind>
<opcode="sparsemux(1197) " fcode="sparsemux"/>
<opset="storemerge5_i_i/6 "/>
</bind>
</comp>

<comp id="422" class="1004" name="zext_ln20_fu_422">
<pin_list>
<pin id="423" dir="0" index="0" bw="1" slack="1"/>
<pin id="424" dir="1" index="1" bw="8" slack="0"/>
</pin_list>
<bind>
<opcode="zext(34) " fcode="zext"/>
<opset="zext_ln20/7 "/>
</bind>
</comp>

<comp id="426" class="1005" name="indvar_flatten_reg_426">
<pin_list>
<pin id="427" dir="0" index="0" bw="41" slack="0"/>
<pin id="428" dir="1" index="1" bw="41" slack="0"/>
</pin_list>
<bind>
<opset="indvar_flatten "/>
</bind>
</comp>

<comp id="433" class="1005" name="bound_read_reg_433">
<pin_list>
<pin id="434" dir="0" index="0" bw="41" slack="1"/>
<pin id="435" dir="1" index="1" bw="41" slack="1"/>
</pin_list>
<bind>
<opset="bound_read "/>
</bind>
</comp>

<comp id="438" class="1005" name="sext_ln13_cast_reg_438">
<pin_list>
<pin id="439" dir="0" index="0" bw="64" slack="2"/>
<pin id="440" dir="1" index="1" bw="64" slack="2"/>
</pin_list>
<bind>
<opset="sext_ln13_cast "/>
</bind>
</comp>

<comp id="443" class="1005" name="icmp_ln13_reg_443">
<pin_list>
<pin id="444" dir="0" index="0" bw="1" slack="4"/>
<pin id="445" dir="1" index="1" bw="1" slack="2147483647"/>
</pin_list>
<bind>
<opset="icmp_ln13 "/>
</bind>
</comp>

<comp id="447" class="1005" name="gmem_in0_addr_read_reg_447">
<pin_list>
<pin id="448" dir="0" index="0" bw="32" slack="1"/>
<pin id="449" dir="1" index="1" bw="32" slack="1"/>
</pin_list>
<bind>
<opset="gmem_in0_addr_read "/>
</bind>
</comp>

<comp id="452" class="1005" name="bitcast_ln17_reg_452">
<pin_list>
<pin id="453" dir="0" index="0" bw="32" slack="1"/>
<pin id="454" dir="1" index="1" bw="32" slack="1"/>
</pin_list>
<bind>
<opset="bitcast_ln17 "/>
</bind>
</comp>

<comp id="457" class="1005" name="tmp_reg_457">
<pin_list>
<pin id="458" dir="0" index="0" bw="1" slack="1"/>
<pin id="459" dir="1" index="1" bw="1" slack="1"/>
</pin_list>
<bind>
<opset="tmp "/>
</bind>
</comp>

<comp id="464" class="1005" name="tmp_i_reg_464">
<pin_list>
<pin id="465" dir="0" index="0" bw="11" slack="1"/>
<pin id="466" dir="1" index="1" bw="11" slack="1"/>
</pin_list>
<bind>
<opset="tmp_i "/>
</bind>
</comp>

<comp id="470" class="1005" name="trunc_ln17_1_reg_470">
<pin_list>
<pin id="471" dir="0" index="0" bw="52" slack="1"/>
<pin id="472" dir="1" index="1" bw="52" slack="1"/>
</pin_list>
<bind>
<opset="trunc_ln17_1 "/>
</bind>
</comp>

<comp id="475" class="1005" name="icmp_ln17_reg_475">
<pin_list>
<pin id="476" dir="0" index="0" bw="1" slack="1"/>
<pin id="477" dir="1" index="1" bw="1" slack="1"/>
</pin_list>
<bind>
<opset="icmp_ln17 "/>
</bind>
</comp>

<comp id="482" class="1005" name="storemerge5_i_i_reg_482">
<pin_list>
<pin id="483" dir="0" index="0" bw="1" slack="1"/>
<pin id="484" dir="1" index="1" bw="1" slack="1"/>
</pin_list>
<bind>
<opset="storemerge5_i_i "/>
</bind>
</comp>

</comp_list>

<net_list>
<net id="101"><net_src comp="8" pin="0"/><net_sink comp="98" pin=0"/></net>

<net id="106"><net_src comp="10" pin="0"/><net_sink comp="102" pin=0"/></net>

<net id="107"><net_src comp="4" pin="0"/><net_sink comp="102" pin=1"/></net>

<net id="112"><net_src comp="12" pin="0"/><net_sink comp="108" pin=0"/></net>

<net id="113"><net_src comp="0" pin="0"/><net_sink comp="108" pin=1"/></net>

<net id="119"><net_src comp="96" pin="0"/><net_sink comp="114" pin=0"/></net>

<net id="120"><net_src comp="6" pin="0"/><net_sink comp="114" pin=1"/></net>

<net id="125"><net_src comp="40" pin="0"/><net_sink comp="121" pin=0"/></net>

<net id="132"><net_src comp="102" pin="2"/><net_sink comp="129" pin=0"/></net>

<net id="137"><net_src comp="36" pin="0"/><net_sink comp="133" pin=0"/></net>

<net id="145"><net_src comp="138" pin="1"/><net_sink comp="141" pin=0"/></net>

<net id="150"><net_src comp="138" pin="1"/><net_sink comp="146" pin=0"/></net>

<net id="151"><net_src comp="38" pin="0"/><net_sink comp="146" pin=1"/></net>

<net id="156"><net_src comp="146" pin="2"/><net_sink comp="152" pin=0"/></net>

<net id="161"><net_src comp="2" pin="0"/><net_sink comp="157" pin=0"/></net>

<net id="162"><net_src comp="157" pin="2"/><net_sink comp="121" pin=1"/></net>

<net id="166"><net_src comp="163" pin="1"/><net_sink comp="126" pin=0"/></net>

<net id="170"><net_src comp="126" pin="1"/><net_sink comp="167" pin=0"/></net>

<net id="174"><net_src comp="167" pin="1"/><net_sink comp="171" pin=0"/></net>

<net id="180"><net_src comp="42" pin="0"/><net_sink comp="175" pin=0"/></net>

<net id="181"><net_src comp="167" pin="1"/><net_sink comp="175" pin=1"/></net>

<net id="182"><net_src comp="44" pin="0"/><net_sink comp="175" pin=2"/></net>

<net id="188"><net_src comp="46" pin="0"/><net_sink comp="183" pin=0"/></net>

<net id="189"><net_src comp="167" pin="1"/><net_sink comp="183" pin=1"/></net>

<net id="190"><net_src comp="48" pin="0"/><net_sink comp="183" pin=2"/></net>

<net id="194"><net_src comp="167" pin="1"/><net_sink comp="191" pin=0"/></net>

<net id="199"><net_src comp="171" pin="1"/><net_sink comp="195" pin=0"/></net>

<net id="200"><net_src comp="50" pin="0"/><net_sink comp="195" pin=1"/></net>

<net id="209"><net_src comp="52" pin="0"/><net_sink comp="204" pin=0"/></net>

<net id="210"><net_src comp="54" pin="0"/><net_sink comp="204" pin=1"/></net>

<net id="214"><net_src comp="204" pin="3"/><net_sink comp="211" pin=0"/></net>

<net id="219"><net_src comp="56" pin="0"/><net_sink comp="215" pin=0"/></net>

<net id="220"><net_src comp="211" pin="1"/><net_sink comp="215" pin=1"/></net>

<net id="226"><net_src comp="215" pin="2"/><net_sink comp="221" pin=1"/></net>

<net id="227"><net_src comp="211" pin="1"/><net_sink comp="221" pin=2"/></net>

<net id="232"><net_src comp="58" pin="0"/><net_sink comp="228" pin=0"/></net>

<net id="233"><net_src comp="201" pin="1"/><net_sink comp="228" pin=1"/></net>

<net id="237"><net_src comp="228" pin="2"/><net_sink comp="234" pin=0"/></net>

<net id="241"><net_src comp="228" pin="2"/><net_sink comp="238" pin=0"/></net>

<net id="246"><net_src comp="228" pin="2"/><net_sink comp="242" pin=0"/></net>

<net id="247"><net_src comp="60" pin="0"/><net_sink comp="242" pin=1"/></net>

<net id="252"><net_src comp="62" pin="0"/><net_sink comp="248" pin=0"/></net>

<net id="253"><net_src comp="238" pin="1"/><net_sink comp="248" pin=1"/></net>

<net id="259"><net_src comp="242" pin="2"/><net_sink comp="254" pin=0"/></net>

<net id="260"><net_src comp="238" pin="1"/><net_sink comp="254" pin=1"/></net>

<net id="261"><net_src comp="248" pin="2"/><net_sink comp="254" pin=2"/></net>

<net id="265"><net_src comp="254" pin="3"/><net_sink comp="262" pin=0"/></net>

<net id="270"><net_src comp="64" pin="0"/><net_sink comp="266" pin=1"/></net>

<net id="274"><net_src comp="221" pin="3"/><net_sink comp="271" pin=0"/></net>

<net id="279"><net_src comp="254" pin="3"/><net_sink comp="275" pin=0"/></net>

<net id="280"><net_src comp="66" pin="0"/><net_sink comp="275" pin=1"/></net>

<net id="284"><net_src comp="254" pin="3"/><net_sink comp="281" pin=0"/></net>

<net id="289"><net_src comp="221" pin="3"/><net_sink comp="285" pin=0"/></net>

<net id="290"><net_src comp="281" pin="1"/><net_sink comp="285" pin=1"/></net>

<net id="294"><net_src comp="285" pin="2"/><net_sink comp="291" pin=0"/></net>

<net id="300"><net_src comp="275" pin="2"/><net_sink comp="295" pin=0"/></net>

<net id="301"><net_src comp="291" pin="1"/><net_sink comp="295" pin=1"/></net>

<net id="306"><net_src comp="228" pin="2"/><net_sink comp="302" pin=0"/></net>

<net id="307"><net_src comp="68" pin="0"/><net_sink comp="302" pin=1"/></net>

<net id="312"><net_src comp="254" pin="3"/><net_sink comp="308" pin=0"/></net>

<net id="313"><net_src comp="62" pin="0"/><net_sink comp="308" pin=1"/></net>

<net id="317"><net_src comp="271" pin="1"/><net_sink comp="314" pin=0"/></net>

<net id="322"><net_src comp="314" pin="1"/><net_sink comp="318" pin=0"/></net>

<net id="323"><net_src comp="262" pin="1"/><net_sink comp="318" pin=1"/></net>

<net id="327"><net_src comp="318" pin="2"/><net_sink comp="324" pin=0"/></net>

<net id="332"><net_src comp="308" pin="2"/><net_sink comp="328" pin=0"/></net>

<net id="333"><net_src comp="324" pin="1"/><net_sink comp="328" pin=1"/></net>

<net id="338"><net_src comp="234" pin="1"/><net_sink comp="334" pin=0"/></net>

<net id="339"><net_src comp="70" pin="0"/><net_sink comp="334" pin=1"/></net>

<net id="345"><net_src comp="72" pin="0"/><net_sink comp="340" pin=0"/></net>

<net id="346"><net_src comp="221" pin="3"/><net_sink comp="340" pin=1"/></net>

<net id="347"><net_src comp="334" pin="2"/><net_sink comp="340" pin=2"/></net>

<net id="353"><net_src comp="302" pin="2"/><net_sink comp="348" pin=0"/></net>

<net id="354"><net_src comp="340" pin="3"/><net_sink comp="348" pin=2"/></net>

<net id="359"><net_src comp="295" pin="3"/><net_sink comp="355" pin=0"/></net>

<net id="360"><net_src comp="348" pin="3"/><net_sink comp="355" pin=1"/></net>

<net id="365"><net_src comp="54" pin="0"/><net_sink comp="361" pin=1"/></net>

<net id="370"><net_src comp="266" pin="2"/><net_sink comp="366" pin=0"/></net>

<net id="371"><net_src comp="361" pin="2"/><net_sink comp="366" pin=1"/></net>

<net id="376"><net_src comp="266" pin="2"/><net_sink comp="372" pin=1"/></net>

<net id="381"><net_src comp="372" pin="2"/><net_sink comp="377" pin=0"/></net>

<net id="382"><net_src comp="54" pin="0"/><net_sink comp="377" pin=1"/></net>

<net id="387"><net_src comp="242" pin="2"/><net_sink comp="383" pin=0"/></net>

<net id="388"><net_src comp="377" pin="2"/><net_sink comp="383" pin=1"/></net>

<net id="395"><net_src comp="74" pin="0"/><net_sink comp="389" pin=0"/></net>

<net id="396"><net_src comp="366" pin="2"/><net_sink comp="389" pin=2"/></net>

<net id="397"><net_src comp="383" pin="2"/><net_sink comp="389" pin=3"/></net>

<net id="411"><net_src comp="76" pin="0"/><net_sink comp="398" pin=0"/></net>

<net id="412"><net_src comp="78" pin="0"/><net_sink comp="398" pin=1"/></net>

<net id="413"><net_src comp="80" pin="0"/><net_sink comp="398" pin=2"/></net>

<net id="414"><net_src comp="82" pin="0"/><net_sink comp="398" pin=3"/></net>

<net id="415"><net_src comp="271" pin="1"/><net_sink comp="398" pin=4"/></net>

<net id="416"><net_src comp="84" pin="0"/><net_sink comp="398" pin=5"/></net>

<net id="417"><net_src comp="355" pin="2"/><net_sink comp="398" pin=6"/></net>

<net id="418"><net_src comp="86" pin="0"/><net_sink comp="398" pin=7"/></net>

<net id="419"><net_src comp="328" pin="2"/><net_sink comp="398" pin=8"/></net>

<net id="420"><net_src comp="88" pin="0"/><net_sink comp="398" pin=9"/></net>

<net id="421"><net_src comp="389" pin="4"/><net_sink comp="398" pin=10"/></net>

<net id="425"><net_src comp="422" pin="1"/><net_sink comp="114" pin=2"/></net>

<net id="429"><net_src comp="98" pin="1"/><net_sink comp="426" pin=0"/></net>

<net id="430"><net_src comp="426" pin="1"/><net_sink comp="133" pin=1"/></net>

<net id="431"><net_src comp="426" pin="1"/><net_sink comp="138" pin=0"/></net>

<net id="432"><net_src comp="426" pin="1"/><net_sink comp="152" pin=1"/></net>

<net id="436"><net_src comp="108" pin="2"/><net_sink comp="433" pin=0"/></net>

<net id="437"><net_src comp="433" pin="1"/><net_sink comp="141" pin=1"/></net>

<net id="441"><net_src comp="129" pin="1"/><net_sink comp="438" pin=0"/></net>

<net id="442"><net_src comp="438" pin="1"/><net_sink comp="157" pin=1"/></net>

<net id="446"><net_src comp="141" pin="2"/><net_sink comp="443" pin=0"/></net>

<net id="450"><net_src comp="121" pin="2"/><net_sink comp="447" pin=0"/></net>

<net id="451"><net_src comp="447" pin="1"/><net_sink comp="163" pin=0"/></net>

<net id="455"><net_src comp="163" pin="1"/><net_sink comp="452" pin=0"/></net>

<net id="456"><net_src comp="452" pin="1"/><net_sink comp="126" pin=0"/></net>

<net id="460"><net_src comp="175" pin="3"/><net_sink comp="457" pin=0"/></net>

<net id="461"><net_src comp="457" pin="1"/><net_sink comp="221" pin=0"/></net>

<net id="462"><net_src comp="457" pin="1"/><net_sink comp="295" pin=2"/></net>

<net id="463"><net_src comp="457" pin="1"/><net_sink comp="348" pin=1"/></net>

<net id="467"><net_src comp="183" pin="3"/><net_sink comp="464" pin=0"/></net>

<net id="468"><net_src comp="464" pin="1"/><net_sink comp="201" pin=0"/></net>

<net id="469"><net_src comp="464" pin="1"/><net_sink comp="266" pin=0"/></net>

<net id="473"><net_src comp="191" pin="1"/><net_sink comp="470" pin=0"/></net>

<net id="474"><net_src comp="470" pin="1"/><net_sink comp="204" pin=2"/></net>

<net id="478"><net_src comp="195" pin="2"/><net_sink comp="475" pin=0"/></net>

<net id="479"><net_src comp="475" pin="1"/><net_sink comp="361" pin=0"/></net>

<net id="480"><net_src comp="475" pin="1"/><net_sink comp="372" pin=0"/></net>

<net id="481"><net_src comp="475" pin="1"/><net_sink comp="389" pin=1"/></net>

<net id="485"><net_src comp="398" pin="11"/><net_sink comp="482" pin=0"/></net>

<net id="486"><net_src comp="482" pin="1"/><net_sink comp="422" pin=0"/></net>

</net_list>

</model> 
---------------- Datapath Model END ------------------

* FSMD analyzer results:
  - Output states:
	Port: gmem_in0 | {}
	Port: stream_in0_input_layer_1 | {7 }
 - Input state : 
	Port: load_input<float,array >_Pipeline_VITIS_LOOP_13_1_VITIS_LOOP_14_2 : bound | {1 }
	Port: load_input<float,array >_Pipeline_VITIS_LOOP_13_1_VITIS_LOOP_14_2 : gmem_in0 | {3 }
	Port: load_input<float,array >_Pipeline_VITIS_LOOP_13_1_VITIS_LOOP_14_2 : sext_ln13 | {1 }
	Port: load_input<float,array >_Pipeline_VITIS_LOOP_13_1_VITIS_LOOP_14_2 : stream_in0_input_layer_1 | {}
  - Chain level:
	State 1
		store_ln0 : 1
	State 2
		icmp_ln13 : 1
		br_ln13 : 2
		add_ln13 : 1
		store_ln13 : 2
	State 3
		gmem_in0_addr_read : 1
	State 4
		pf : 1
	State 5
		bitcast_ln726 : 1
		trunc_ln17 : 2
		tmp : 2
		tmp_i : 2
		trunc_ln17_1 : 2
		icmp_ln17 : 3
	State 6
		zext_ln17_1 : 1
		sub_ln17 : 2
		select_ln17 : 3
		sub_ln17_1 : 1
		trunc_ln17_2 : 2
		trunc_ln17_3 : 2
		icmp_ln17_1 : 2
		sub_ln17_2 : 3
		select_ln17_1 : 4
		zext_ln17_2 : 5
		trunc_ln17_4 : 4
		icmp_ln17_3 : 5
		zext_ln17_3 : 5
		lshr_ln17 : 6
		trunc_ln17_5 : 7
		select_ln17_2 : 8
		icmp_ln17_4 : 2
		icmp_ln17_5 : 5
		zext_ln17_4 : 5
		shl_ln17 : 6
		trunc_ln17_6 : 7
		and_ln17 : 8
		add_ln17 : 3
		tmp_76 : 4
		cond63_i_i : 5
		xor_ln17 : 9
		or_ln17 : 1
		xor_ln17_2 : 1
		and_ln17_2 : 1
		sel_tmp6 : 1
		storemerge5_i_i : 9
	State 7
		write_ln20 : 1


============================================================
+ Verbose Summary: Datapath Resource usage 
============================================================

* Functional unit list:
|----------|--------------------------------|---------|---------|
| Operation|         Functional Unit        |    FF   |   LUT   |
|----------|--------------------------------|---------|---------|
|          |        icmp_ln13_fu_141        |    0    |    48   |
|          |        icmp_ln17_fu_195        |    0    |    70   |
|          |       icmp_ln17_1_fu_242       |    0    |    19   |
|   icmp   |       icmp_ln17_2_fu_266       |    0    |    18   |
|          |       icmp_ln17_3_fu_275       |    0    |    18   |
|          |       icmp_ln17_4_fu_302       |    0    |    19   |
|          |       icmp_ln17_5_fu_308       |    0    |    18   |
|----------|--------------------------------|---------|---------|
|   lshr   |        lshr_ln17_fu_285        |    0    |   159   |
|----------|--------------------------------|---------|---------|
|          |         sub_ln17_fu_215        |    0    |    60   |
|    sub   |        sub_ln17_1_fu_228       |    0    |    19   |
|          |        sub_ln17_2_fu_248       |    0    |    18   |
|----------|--------------------------------|---------|---------|
|          |       select_ln17_fu_221       |    0    |    52   |
|  select  |      select_ln17_1_fu_254      |    0    |    10   |
|          |      select_ln17_2_fu_295      |    0    |    2    |
|          |        cond63_i_i_fu_348       |    0    |    2    |
|----------|--------------------------------|---------|---------|
|    add   |         add_ln13_fu_146        |    0    |    48   |
|          |         add_ln17_fu_334        |    0    |    13   |
|----------|--------------------------------|---------|---------|
|    shl   |         shl_ln17_fu_318        |    0    |    22   |
|----------|--------------------------------|---------|---------|
| bitselect|           tmp_fu_175           |    0    |    0    |
|          |          tmp_76_fu_340         |    0    |    17   |
|----------|--------------------------------|---------|---------|
| sparsemux|     storemerge5_i_i_fu_398     |    0    |    14   |
|----------|--------------------------------|---------|---------|
|          |         and_ln17_fu_328        |    0    |    2    |
|    and   |        and_ln17_1_fu_366       |    0    |    2    |
|          |        and_ln17_2_fu_383       |    0    |    2    |
|----------|--------------------------------|---------|---------|
|          |         xor_ln17_fu_355        |    0    |    2    |
|    xor   |        xor_ln17_1_fu_361       |    0    |    2    |
|          |        xor_ln17_2_fu_377       |    0    |    2    |
|----------|--------------------------------|---------|---------|
|    or    |         or_ln17_fu_372         |    0    |    2    |
|----------|--------------------------------|---------|---------|
|          |   sext_ln13_read_read_fu_102   |    0    |    0    |
|   read   |     bound_read_read_fu_108     |    0    |    0    |
|          | gmem_in0_addr_read_read_fu_121 |    0    |    0    |
|----------|--------------------------------|---------|---------|
|   write  |     write_ln20_write_fu_114    |    0    |    0    |
|----------|--------------------------------|---------|---------|
|   fpext  |           grp_fu_126           |    0    |    0    |
|----------|--------------------------------|---------|---------|
|   sext   |      sext_ln13_cast_fu_129     |    0    |    0    |
|----------|--------------------------------|---------|---------|
|          |        trunc_ln17_fu_171       |    0    |    0    |
|          |       trunc_ln17_1_fu_191      |    0    |    0    |
|          |       trunc_ln17_2_fu_234      |    0    |    0    |
|   trunc  |       trunc_ln17_3_fu_238      |    0    |    0    |
|          |       trunc_ln17_4_fu_271      |    0    |    0    |
|          |       trunc_ln17_5_fu_291      |    0    |    0    |
|          |       trunc_ln17_6_fu_324      |    0    |    0    |
|----------|--------------------------------|---------|---------|
|partselect|          tmp_i_fu_183          |    0    |    0    |
|----------|--------------------------------|---------|---------|
|          |        zext_ln17_fu_201        |    0    |    0    |
|          |       zext_ln17_1_fu_211       |    0    |    0    |
|   zext   |       zext_ln17_2_fu_262       |    0    |    0    |
|          |       zext_ln17_3_fu_281       |    0    |    0    |
|          |       zext_ln17_4_fu_314       |    0    |    0    |
|          |        zext_ln20_fu_422        |    0    |    0    |
|----------|--------------------------------|---------|---------|
|bitconcatenate|     zext_ln17_1_cast_fu_204    |    0    |    0    |
|          |         sel_tmp6_fu_389        |    0    |    0    |
|----------|--------------------------------|---------|---------|
|   Total  |                                |    0    |   660   |
|----------|--------------------------------|---------|---------|

Memories:
N/A

* Register list:
+--------------------------+--------+
|                          |   FF   |
+--------------------------+--------+
|   bitcast_ln17_reg_452   |   32   |
|    bound_read_reg_433    |   41   |
|gmem_in0_addr_read_reg_447|   32   |
|     icmp_ln13_reg_443    |    1   |
|     icmp_ln17_reg_475    |    1   |
|  indvar_flatten_reg_426  |   41   |
|  sext_ln13_cast_reg_438  |   64   |
|  storemerge5_i_i_reg_482 |    1   |
|       tmp_i_reg_464      |   11   |
|        tmp_reg_457       |    1   |
|   trunc_ln17_1_reg_470   |   52   |
+--------------------------+--------+
|           Total          |   277  |
+--------------------------+--------+

* Multiplexer (MUX) list: 
|------------|------|------|------|--------||---------||---------||---------|
|    Comp    |  Pin | Size |  BW  | S x BW ||  Delay  ||    FF   ||   LUT   |
|------------|------|------|------|--------||---------||---------||---------|
| grp_fu_126 |  p0  |   2  |  32  |   64   ||    0    ||    9    |
|------------|------|------|------|--------||---------||---------||---------|
|    Total   |      |      |      |   64   ||  0.427  ||    0    ||    9    |
|------------|------|------|------|--------||---------||---------||---------|



* Summary:
+-----------+--------+--------+--------+
|           |  Delay |   FF   |   LUT  |
+-----------+--------+--------+--------+
|  Function |    -   |    0   |   660  |
|   Memory  |    -   |    -   |    -   |
|Multiplexer|    0   |    0   |    9   |
|  Register |    -   |   277  |    -   |
+-----------+--------+--------+--------+
|   Total   |    0   |   277  |   669  |
+-----------+--------+--------+--------+
