

================================================================
== Vitis HLS Report for 'pooling2d_cl_array_array_ap_ufixed_4_2_0_3_0_16u_config9_s'
================================================================
* Date:           Thu May  7 16:23:19 2026

* Version:        2025.2 (Build 6295257 on Nov 14 2025)
* Project:        vitis_unified_project
* Solution:       hls (Vivado IP Flow Target)
* Product family: zynquplus
* Target device:  xck26-sfvc784-2LV-c


================================================================
== Performance Estimates
================================================================
+ Timing: 
    * Summary: 
    +--------+---------+----------+------------+
    |  Clock |  Target | Estimated| Uncertainty|
    +--------+---------+----------+------------+
    |ap_clk  |  5.00 ns|  4.010 ns|     0.62 ns|
    +--------+---------+----------+------------+

+ Latency: 
    * Summary: 
    +---------+---------+----------+----------+-----+-----+---------+
    |  Latency (cycles) |  Latency (absolute) |  Interval | Pipeline|
    |   min   |   max   |    min   |    max   | min | max |   Type  |
    +---------+---------+----------+----------+-----+-----+---------+
    |      124|      124|  0.620 us|  0.620 us|  124|  124|       no|
    +---------+---------+----------+----------+-----+-----+---------+

    + Detail: 
        * Instance: 
        N/A

        * Loop: 
        +----------------------------------+---------+---------+----------+-----------+-----------+------+----------+
        |                                  |  Latency (cycles) | Iteration|  Initiation Interval  | Trip |          |
        |             Loop Name            |   min   |   max   |  Latency |  achieved |   target  | Count| Pipelined|
        +----------------------------------+---------+---------+----------+-----------+-----------+------+----------+
        |- ReadInputHeight_ReadInputWidth  |      122|      122|         3|          1|          1|   121|       yes|
        +----------------------------------+---------+---------+----------+-----------+-----------+------+----------+



================================================================
== Utilization Estimates
================================================================
* Summary: 
+-----------------+---------+------+--------+--------+-----+
|       Name      | BRAM_18K|  DSP |   FF   |   LUT  | URAM|
+-----------------+---------+------+--------+--------+-----+
|DSP              |        -|     -|       -|       -|    -|
|Expression       |        -|     -|       0|    2205|    -|
|FIFO             |        -|     -|       -|       -|    -|
|Instance         |        -|     -|       -|       -|    -|
|Memory           |        -|     -|       -|       -|    -|
|Multiplexer      |        -|     -|       0|     569|    -|
|Register         |        -|     -|    1131|       -|    -|
+-----------------+---------+------+--------+--------+-----+
|Total            |        0|     0|    1131|    2774|    0|
+-----------------+---------+------+--------+--------+-----+
|Available        |      288|  1248|  234240|  117120|   64|
+-----------------+---------+------+--------+--------+-----+
|Utilization (%)  |        0|     0|      ~0|       2|    0|
+-----------------+---------+------+--------+--------+-----+

+ Detail: 
    * Instance: 
    N/A

    * DSP: 
    N/A

    * Memory: 
    N/A

    * FIFO: 
    N/A

    * Expression: 
    +----------------------------------+----------+----+---+----+------------+------------+
    |           Variable Name          | Operation| DSP| FF| LUT| Bitwidth P0| Bitwidth P1|
    +----------------------------------+----------+----+---+----+------------+------------+
    |add_ln109_fu_899_p2               |         +|   0|  0|  14|           7|           1|
    |add_ln111_fu_2931_p2              |         +|   0|  0|  12|           4|           1|
    |add_ln76_fu_935_p2                |         +|   0|  0|  39|          32|           1|
    |add_ln80_fu_989_p2                |         +|   0|  0|  39|          32|           1|
    |add_ln86_fu_2907_p2               |         +|   0|  0|  39|          32|           1|
    |add_ln91_fu_953_p2                |         +|   0|  0|  39|          32|           1|
    |res_pack_10_fu_3273_p2            |         +|   0|  0|  12|           4|           4|
    |res_pack_11_fu_3281_p2            |         +|   0|  0|  12|           4|           4|
    |res_pack_12_fu_3289_p2            |         +|   0|  0|  12|           4|           4|
    |res_pack_13_fu_3297_p2            |         +|   0|  0|  12|           4|           4|
    |res_pack_14_fu_3305_p2            |         +|   0|  0|  12|           4|           4|
    |res_pack_15_fu_3313_p2            |         +|   0|  0|  12|           4|           4|
    |res_pack_1_fu_3201_p2             |         +|   0|  0|  12|           4|           4|
    |res_pack_2_fu_3209_p2             |         +|   0|  0|  12|           4|           4|
    |res_pack_3_fu_3217_p2             |         +|   0|  0|  12|           4|           4|
    |res_pack_4_fu_3225_p2             |         +|   0|  0|  12|           4|           4|
    |res_pack_5_fu_3233_p2             |         +|   0|  0|  12|           4|           4|
    |res_pack_6_fu_3241_p2             |         +|   0|  0|  12|           4|           4|
    |res_pack_7_fu_3249_p2             |         +|   0|  0|  12|           4|           4|
    |res_pack_8_fu_3257_p2             |         +|   0|  0|  12|           4|           4|
    |res_pack_9_fu_3265_p2             |         +|   0|  0|  12|           4|           4|
    |res_pack_fu_3193_p2               |         +|   0|  0|  12|           4|           4|
    |and_ln55_1_fu_1419_p2             |       and|   0|  0|   2|           1|           1|
    |and_ln55_fu_1415_p2               |       and|   0|  0|   2|           1|           1|
    |ap_block_state4_pp0_stage0_iter2  |       and|   0|  0|   2|           1|           1|
    |ap_condition_268                  |       and|   0|  0|   2|           1|           1|
    |ap_condition_273                  |       and|   0|  0|   2|           1|           1|
    |ap_condition_433                  |       and|   0|  0|   2|           1|           1|
    |ap_condition_693                  |       and|   0|  0|   2|           1|           1|
    |ap_predicate_op595_write_state4   |       and|   0|  0|   2|           1|           1|
    |icmp_ln109_fu_893_p2              |      icmp|   0|  0|  14|           7|           4|
    |icmp_ln111_fu_1117_p2             |      icmp|   0|  0|  12|           4|           4|
    |icmp_ln55_1_fu_1409_p2            |      icmp|   0|  0|  39|          32|           1|
    |icmp_ln55_2_fu_923_p2             |      icmp|   0|  0|  39|          32|           1|
    |icmp_ln55_3_fu_929_p2             |      icmp|   0|  0|  39|          32|           1|
    |icmp_ln55_fu_909_p2               |      icmp|   0|  0|  39|          32|           1|
    |icmp_ln66_10_fu_1799_p2           |      icmp|   0|  0|  16|           9|           9|
    |icmp_ln66_11_fu_1819_p2           |      icmp|   0|  0|  16|           9|           9|
    |icmp_ln66_12_fu_1865_p2           |      icmp|   0|  0|  16|           9|           9|
    |icmp_ln66_13_fu_1885_p2           |      icmp|   0|  0|  16|           9|           9|
    |icmp_ln66_14_fu_1905_p2           |      icmp|   0|  0|  16|           9|           9|
    |icmp_ln66_15_fu_1951_p2           |      icmp|   0|  0|  16|           9|           9|
    |icmp_ln66_16_fu_1971_p2           |      icmp|   0|  0|  16|           9|           9|
    |icmp_ln66_17_fu_1991_p2           |      icmp|   0|  0|  16|           9|           9|
    |icmp_ln66_18_fu_2037_p2           |      icmp|   0|  0|  16|           9|           9|
    |icmp_ln66_19_fu_2057_p2           |      icmp|   0|  0|  16|           9|           9|
    |icmp_ln66_1_fu_1541_p2            |      icmp|   0|  0|  16|           9|           9|
    |icmp_ln66_20_fu_2077_p2           |      icmp|   0|  0|  16|           9|           9|
    |icmp_ln66_21_fu_2123_p2           |      icmp|   0|  0|  16|           9|           9|
    |icmp_ln66_22_fu_2143_p2           |      icmp|   0|  0|  16|           9|           9|
    |icmp_ln66_23_fu_2163_p2           |      icmp|   0|  0|  16|           9|           9|
    |icmp_ln66_24_fu_2209_p2           |      icmp|   0|  0|  16|           9|           9|
    |icmp_ln66_25_fu_2229_p2           |      icmp|   0|  0|  16|           9|           9|
    |icmp_ln66_26_fu_2249_p2           |      icmp|   0|  0|  16|           9|           9|
    |icmp_ln66_27_fu_2295_p2           |      icmp|   0|  0|  16|           9|           9|
    |icmp_ln66_28_fu_2315_p2           |      icmp|   0|  0|  16|           9|           9|
    |icmp_ln66_29_fu_2335_p2           |      icmp|   0|  0|  16|           9|           9|
    |icmp_ln66_2_fu_1561_p2            |      icmp|   0|  0|  16|           9|           9|
    |icmp_ln66_30_fu_2381_p2           |      icmp|   0|  0|  16|           9|           9|
    |icmp_ln66_31_fu_2401_p2           |      icmp|   0|  0|  16|           9|           9|
    |icmp_ln66_32_fu_2421_p2           |      icmp|   0|  0|  16|           9|           9|
    |icmp_ln66_33_fu_2467_p2           |      icmp|   0|  0|  16|           9|           9|
    |icmp_ln66_34_fu_2487_p2           |      icmp|   0|  0|  16|           9|           9|
    |icmp_ln66_35_fu_2507_p2           |      icmp|   0|  0|  16|           9|           9|
    |icmp_ln66_36_fu_2553_p2           |      icmp|   0|  0|  16|           9|           9|
    |icmp_ln66_37_fu_2573_p2           |      icmp|   0|  0|  16|           9|           9|
    |icmp_ln66_38_fu_2593_p2           |      icmp|   0|  0|  16|           9|           9|
    |icmp_ln66_39_fu_2639_p2           |      icmp|   0|  0|  16|           9|           9|
    |icmp_ln66_3_fu_1607_p2            |      icmp|   0|  0|  16|           9|           9|
    |icmp_ln66_40_fu_2659_p2           |      icmp|   0|  0|  16|           9|           9|
    |icmp_ln66_41_fu_2679_p2           |      icmp|   0|  0|  16|           9|           9|
    |icmp_ln66_42_fu_2725_p2           |      icmp|   0|  0|  16|           9|           9|
    |icmp_ln66_43_fu_2745_p2           |      icmp|   0|  0|  16|           9|           9|
    |icmp_ln66_44_fu_2765_p2           |      icmp|   0|  0|  16|           9|           9|
    |icmp_ln66_45_fu_2811_p2           |      icmp|   0|  0|  16|           9|           9|
    |icmp_ln66_46_fu_2831_p2           |      icmp|   0|  0|  16|           9|           9|
    |icmp_ln66_47_fu_2851_p2           |      icmp|   0|  0|  16|           9|           9|
    |icmp_ln66_4_fu_1627_p2            |      icmp|   0|  0|  16|           9|           9|
    |icmp_ln66_5_fu_1647_p2            |      icmp|   0|  0|  16|           9|           9|
    |icmp_ln66_6_fu_1693_p2            |      icmp|   0|  0|  16|           9|           9|
    |icmp_ln66_7_fu_1713_p2            |      icmp|   0|  0|  16|           9|           9|
    |icmp_ln66_8_fu_1733_p2            |      icmp|   0|  0|  16|           9|           9|
    |icmp_ln66_9_fu_1779_p2            |      icmp|   0|  0|  16|           9|           9|
    |icmp_ln66_fu_1521_p2              |      icmp|   0|  0|  16|           9|           9|
    |icmp_ln76_fu_941_p2               |      icmp|   0|  0|  39|          32|           4|
    |icmp_ln80_fu_995_p2               |      icmp|   0|  0|  39|          32|           4|
    |icmp_ln86_fu_2901_p2              |      icmp|   0|  0|  39|          32|           1|
    |ap_block_pp0_stage0_01001         |        or|   0|  0|   2|           1|           1|
    |ap_block_state1                   |        or|   0|  0|   2|           1|           1|
    |i_iw_1_fu_2937_p3                 |    select|   0|  0|   4|           1|           1|
    |select_ln0_10_fu_1963_p3          |    select|   0|  0|   9|           1|           9|
    |select_ln0_11_fu_1983_p3          |    select|   0|  0|   9|           1|           9|
    |select_ln0_12_fu_2049_p3          |    select|   0|  0|   9|           1|           9|
    |select_ln0_13_fu_2069_p3          |    select|   0|  0|   9|           1|           9|
    |select_ln0_14_fu_2135_p3          |    select|   0|  0|   9|           1|           9|
    |select_ln0_15_fu_2155_p3          |    select|   0|  0|   9|           1|           9|
    |select_ln0_16_fu_2221_p3          |    select|   0|  0|   9|           1|           9|
    |select_ln0_17_fu_2241_p3          |    select|   0|  0|   9|           1|           9|
    |select_ln0_18_fu_2307_p3          |    select|   0|  0|   9|           1|           9|
    |select_ln0_19_fu_2327_p3          |    select|   0|  0|   9|           1|           9|
    |select_ln0_1_fu_1553_p3           |    select|   0|  0|   9|           1|           9|
    |select_ln0_20_fu_2393_p3          |    select|   0|  0|   9|           1|           9|
    |select_ln0_21_fu_2413_p3          |    select|   0|  0|   9|           1|           9|
    |select_ln0_22_fu_2479_p3          |    select|   0|  0|   9|           1|           9|
    |select_ln0_23_fu_2499_p3          |    select|   0|  0|   9|           1|           9|
    |select_ln0_24_fu_2565_p3          |    select|   0|  0|   9|           1|           9|
    |select_ln0_25_fu_2585_p3          |    select|   0|  0|   9|           1|           9|
    |select_ln0_26_fu_2651_p3          |    select|   0|  0|   9|           1|           9|
    |select_ln0_27_fu_2671_p3          |    select|   0|  0|   9|           1|           9|
    |select_ln0_28_fu_2737_p3          |    select|   0|  0|   9|           1|           9|
    |select_ln0_29_fu_2757_p3          |    select|   0|  0|   9|           1|           9|
    |select_ln0_2_fu_1619_p3           |    select|   0|  0|   9|           1|           9|
    |select_ln0_30_fu_2823_p3          |    select|   0|  0|   9|           1|           9|
    |select_ln0_31_fu_2843_p3          |    select|   0|  0|   9|           1|           9|
    |select_ln0_3_fu_1639_p3           |    select|   0|  0|   9|           1|           9|
    |select_ln0_4_fu_1705_p3           |    select|   0|  0|   9|           1|           9|
    |select_ln0_5_fu_1725_p3           |    select|   0|  0|   9|           1|           9|
    |select_ln0_6_fu_1791_p3           |    select|   0|  0|   9|           1|           9|
    |select_ln0_7_fu_1811_p3           |    select|   0|  0|   9|           1|           9|
    |select_ln0_8_fu_1877_p3           |    select|   0|  0|   9|           1|           9|
    |select_ln0_9_fu_1897_p3           |    select|   0|  0|   9|           1|           9|
    |select_ln0_fu_1533_p3             |    select|   0|  0|   9|           1|           9|
    |select_ln109_10_fu_1203_p3        |    select|   0|  0|   9|           1|           9|
    |select_ln109_11_fu_1211_p3        |    select|   0|  0|   9|           1|           9|
    |select_ln109_12_fu_1219_p3        |    select|   0|  0|   9|           1|           9|
    |select_ln109_13_fu_1227_p3        |    select|   0|  0|   9|           1|           9|
    |select_ln109_14_fu_1235_p3        |    select|   0|  0|   9|           1|           9|
    |select_ln109_15_fu_1243_p3        |    select|   0|  0|   9|           1|           9|
    |select_ln109_1_fu_1131_p3         |    select|   0|  0|   9|           1|           9|
    |select_ln109_2_fu_1139_p3         |    select|   0|  0|   9|           1|           9|
    |select_ln109_3_fu_1147_p3         |    select|   0|  0|   9|           1|           9|
    |select_ln109_4_fu_1155_p3         |    select|   0|  0|   9|           1|           9|
    |select_ln109_5_fu_1163_p3         |    select|   0|  0|   9|           1|           9|
    |select_ln109_6_fu_1171_p3         |    select|   0|  0|   9|           1|           9|
    |select_ln109_7_fu_1179_p3         |    select|   0|  0|   9|           1|           9|
    |select_ln109_8_fu_1187_p3         |    select|   0|  0|   9|           1|           9|
    |select_ln109_9_fu_1195_p3         |    select|   0|  0|   9|           1|           9|
    |select_ln109_fu_1123_p3           |    select|   0|  0|   9|           1|           9|
    |select_ln66_10_fu_2433_p3         |    select|   0|  0|   9|           1|           9|
    |select_ln66_11_fu_2519_p3         |    select|   0|  0|   9|           1|           9|
    |select_ln66_12_fu_2605_p3         |    select|   0|  0|   9|           1|           9|
    |select_ln66_13_fu_2691_p3         |    select|   0|  0|   9|           1|           9|
    |select_ln66_14_fu_2777_p3         |    select|   0|  0|   9|           1|           9|
    |select_ln66_15_fu_2863_p3         |    select|   0|  0|   9|           1|           9|
    |select_ln66_1_fu_1659_p3          |    select|   0|  0|   9|           1|           9|
    |select_ln66_2_fu_1745_p3          |    select|   0|  0|   9|           1|           9|
    |select_ln66_3_fu_1831_p3          |    select|   0|  0|   9|           1|           9|
    |select_ln66_4_fu_1917_p3          |    select|   0|  0|   9|           1|           9|
    |select_ln66_5_fu_2003_p3          |    select|   0|  0|   9|           1|           9|
    |select_ln66_6_fu_2089_p3          |    select|   0|  0|   9|           1|           9|
    |select_ln66_7_fu_2175_p3          |    select|   0|  0|   9|           1|           9|
    |select_ln66_8_fu_2261_p3          |    select|   0|  0|   9|           1|           9|
    |select_ln66_9_fu_2347_p3          |    select|   0|  0|   9|           1|           9|
    |select_ln66_fu_1573_p3            |    select|   0|  0|   9|           1|           9|
    |select_ln86_fu_2913_p3            |    select|   0|  0|  32|           1|           1|
    |select_ln91_fu_959_p3             |    select|   0|  0|  32|           1|           1|
    |ap_enable_pp0                     |       xor|   0|  0|   2|           1|           2|
    |ap_enable_reg_pp0_iter1           |       xor|   0|  0|   2|           2|           1|
    |xor_ln66_10_fu_1805_p2            |       xor|   0|  0|   2|           1|           2|
    |xor_ln66_11_fu_1825_p2            |       xor|   0|  0|   2|           1|           2|
    |xor_ln66_12_fu_1871_p2            |       xor|   0|  0|   2|           1|           2|
    |xor_ln66_13_fu_1891_p2            |       xor|   0|  0|   2|           1|           2|
    |xor_ln66_14_fu_1911_p2            |       xor|   0|  0|   2|           1|           2|
    |xor_ln66_15_fu_1957_p2            |       xor|   0|  0|   2|           1|           2|
    |xor_ln66_16_fu_1977_p2            |       xor|   0|  0|   2|           1|           2|
    |xor_ln66_17_fu_1997_p2            |       xor|   0|  0|   2|           1|           2|
    |xor_ln66_18_fu_2043_p2            |       xor|   0|  0|   2|           1|           2|
    |xor_ln66_19_fu_2063_p2            |       xor|   0|  0|   2|           1|           2|
    |xor_ln66_1_fu_1547_p2             |       xor|   0|  0|   2|           1|           2|
    |xor_ln66_20_fu_2083_p2            |       xor|   0|  0|   2|           1|           2|
    |xor_ln66_21_fu_2129_p2            |       xor|   0|  0|   2|           1|           2|
    |xor_ln66_22_fu_2149_p2            |       xor|   0|  0|   2|           1|           2|
    |xor_ln66_23_fu_2169_p2            |       xor|   0|  0|   2|           1|           2|
    |xor_ln66_24_fu_2215_p2            |       xor|   0|  0|   2|           1|           2|
    |xor_ln66_25_fu_2235_p2            |       xor|   0|  0|   2|           1|           2|
    |xor_ln66_26_fu_2255_p2            |       xor|   0|  0|   2|           1|           2|
    |xor_ln66_27_fu_2301_p2            |       xor|   0|  0|   2|           1|           2|
    |xor_ln66_28_fu_2321_p2            |       xor|   0|  0|   2|           1|           2|
    |xor_ln66_29_fu_2341_p2            |       xor|   0|  0|   2|           1|           2|
    |xor_ln66_2_fu_1567_p2             |       xor|   0|  0|   2|           1|           2|
    |xor_ln66_30_fu_2387_p2            |       xor|   0|  0|   2|           1|           2|
    |xor_ln66_31_fu_2407_p2            |       xor|   0|  0|   2|           1|           2|
    |xor_ln66_32_fu_2427_p2            |       xor|   0|  0|   2|           1|           2|
    |xor_ln66_33_fu_2473_p2            |       xor|   0|  0|   2|           1|           2|
    |xor_ln66_34_fu_2493_p2            |       xor|   0|  0|   2|           1|           2|
    |xor_ln66_35_fu_2513_p2            |       xor|   0|  0|   2|           1|           2|
    |xor_ln66_36_fu_2559_p2            |       xor|   0|  0|   2|           1|           2|
    |xor_ln66_37_fu_2579_p2            |       xor|   0|  0|   2|           1|           2|
    |xor_ln66_38_fu_2599_p2            |       xor|   0|  0|   2|           1|           2|
    |xor_ln66_39_fu_2645_p2            |       xor|   0|  0|   2|           1|           2|
    |xor_ln66_3_fu_1613_p2             |       xor|   0|  0|   2|           1|           2|
    |xor_ln66_40_fu_2665_p2            |       xor|   0|  0|   2|           1|           2|
    |xor_ln66_41_fu_2685_p2            |       xor|   0|  0|   2|           1|           2|
    |xor_ln66_42_fu_2731_p2            |       xor|   0|  0|   2|           1|           2|
    |xor_ln66_43_fu_2751_p2            |       xor|   0|  0|   2|           1|           2|
    |xor_ln66_44_fu_2771_p2            |       xor|   0|  0|   2|           1|           2|
    |xor_ln66_45_fu_2817_p2            |       xor|   0|  0|   2|           1|           2|
    |xor_ln66_46_fu_2837_p2            |       xor|   0|  0|   2|           1|           2|
    |xor_ln66_47_fu_2857_p2            |       xor|   0|  0|   2|           1|           2|
    |xor_ln66_4_fu_1633_p2             |       xor|   0|  0|   2|           1|           2|
    |xor_ln66_5_fu_1653_p2             |       xor|   0|  0|   2|           1|           2|
    |xor_ln66_6_fu_1699_p2             |       xor|   0|  0|   2|           1|           2|
    |xor_ln66_7_fu_1719_p2             |       xor|   0|  0|   2|           1|           2|
    |xor_ln66_8_fu_1739_p2             |       xor|   0|  0|   2|           1|           2|
    |xor_ln66_9_fu_1785_p2             |       xor|   0|  0|   2|           1|           2|
    |xor_ln66_fu_1527_p2               |       xor|   0|  0|   2|           1|           2|
    +----------------------------------+----------+----+---+----+------------+------------+
    |Total                             |          |   0|  0|2205|         998|        1211|
    +----------------------------------+----------+----+---+----+------------+------------+

    * Multiplexer: 
    +-------------------------------------------+----+-----------+-----+-----------+
    |                    Name                   | LUT| Input Size| Bits| Total Bits|
    +-------------------------------------------+----+-----------+-----+-----------+
    |ap_NS_fsm                                  |  20|          4|    1|          4|
    |ap_done                                    |   9|          2|    1|          2|
    |ap_enable_reg_pp0_iter1                    |   9|          2|    1|          2|
    |ap_enable_reg_pp0_iter2                    |   9|          2|    1|          2|
    |ap_phi_mux_storemerge_i_phi_fu_441_p4      |   9|          2|   32|         64|
    |ap_phi_reg_pp0_iter1_storemerge_i_reg_437  |   9|          2|   32|         64|
    |i_iw_fu_224                                |   9|          2|    4|          8|
    |indvar_flatten_fu_420                      |   9|          2|    7|         14|
    |layer8_out_blk_n                           |   9|          2|    1|          2|
    |layer9_out_blk_n                           |   9|          2|    1|          2|
    |pX                                         |   9|          2|   32|         64|
    |pY                                         |   9|          2|   32|         64|
    |p_0_0_0_0_0109141_fu_292                   |   9|          2|    9|         18|
    |p_0_0_0_0_0109_fu_228                      |   9|          2|    9|         18|
    |p_0_0_0_0_0189_fu_356                      |   9|          2|    9|         18|
    |p_0_10_0_0_0129171_fu_332                  |   9|          2|    9|         18|
    |p_0_10_0_0_0129_fu_268                     |   9|          2|    9|         18|
    |p_0_10_0_0_0229_fu_396                     |   9|          2|    9|         18|
    |p_0_11_0_0_0131174_fu_336                  |   9|          2|    9|         18|
    |p_0_11_0_0_0131_fu_272                     |   9|          2|    9|         18|
    |p_0_11_0_0_0233_fu_400                     |   9|          2|    9|         18|
    |p_0_12_0_0_0133177_fu_340                  |   9|          2|    9|         18|
    |p_0_12_0_0_0133_fu_276                     |   9|          2|    9|         18|
    |p_0_12_0_0_0237_fu_404                     |   9|          2|    9|         18|
    |p_0_13_0_0_0135180_fu_344                  |   9|          2|    9|         18|
    |p_0_13_0_0_0135_fu_280                     |   9|          2|    9|         18|
    |p_0_13_0_0_0241_fu_408                     |   9|          2|    9|         18|
    |p_0_14_0_0_0137183_fu_348                  |   9|          2|    9|         18|
    |p_0_14_0_0_0137_fu_284                     |   9|          2|    9|         18|
    |p_0_14_0_0_0245_fu_412                     |   9|          2|    9|         18|
    |p_0_15_0_0_0139186_fu_352                  |   9|          2|    9|         18|
    |p_0_15_0_0_0139_fu_288                     |   9|          2|    9|         18|
    |p_0_15_0_0_0249_fu_416                     |   9|          2|    9|         18|
    |p_0_1_0_0_0111144_fu_296                   |   9|          2|    9|         18|
    |p_0_1_0_0_0111_fu_232                      |   9|          2|    9|         18|
    |p_0_1_0_0_0193_fu_360                      |   9|          2|    9|         18|
    |p_0_2_0_0_0113147_fu_300                   |   9|          2|    9|         18|
    |p_0_2_0_0_0113_fu_236                      |   9|          2|    9|         18|
    |p_0_2_0_0_0197_fu_364                      |   9|          2|    9|         18|
    |p_0_3_0_0_0115150_fu_304                   |   9|          2|    9|         18|
    |p_0_3_0_0_0115_fu_240                      |   9|          2|    9|         18|
    |p_0_3_0_0_0201_fu_368                      |   9|          2|    9|         18|
    |p_0_4_0_0_0117153_fu_308                   |   9|          2|    9|         18|
    |p_0_4_0_0_0117_fu_244                      |   9|          2|    9|         18|
    |p_0_4_0_0_0205_fu_372                      |   9|          2|    9|         18|
    |p_0_5_0_0_0119156_fu_312                   |   9|          2|    9|         18|
    |p_0_5_0_0_0119_fu_248                      |   9|          2|    9|         18|
    |p_0_5_0_0_0209_fu_376                      |   9|          2|    9|         18|
    |p_0_6_0_0_0121159_fu_316                   |   9|          2|    9|         18|
    |p_0_6_0_0_0121_fu_252                      |   9|          2|    9|         18|
    |p_0_6_0_0_0213_fu_380                      |   9|          2|    9|         18|
    |p_0_7_0_0_0123162_fu_320                   |   9|          2|    9|         18|
    |p_0_7_0_0_0123_fu_256                      |   9|          2|    9|         18|
    |p_0_7_0_0_0217_fu_384                      |   9|          2|    9|         18|
    |p_0_8_0_0_0125165_fu_324                   |   9|          2|    9|         18|
    |p_0_8_0_0_0125_fu_260                      |   9|          2|    9|         18|
    |p_0_8_0_0_0221_fu_388                      |   9|          2|    9|         18|
    |p_0_9_0_0_0127168_fu_328                   |   9|          2|    9|         18|
    |p_0_9_0_0_0127_fu_264                      |   9|          2|    9|         18|
    |p_0_9_0_0_0225_fu_392                      |   9|          2|    9|         18|
    |real_start                                 |   9|          2|    1|          2|
    |sX                                         |   9|          2|   32|         64|
    +-------------------------------------------+----+-----------+-----+-----------+
    |Total                                      | 569|        126|  610|       1222|
    +-------------------------------------------+----+-----------+-----+-----------+

    * Register: 
    +--------------------------------------------------------------------------------------+----+----+-----+-----------+
    |                                         Name                                         | FF | LUT| Bits| Const Bits|
    +--------------------------------------------------------------------------------------+----+----+-----+-----------+
    |and_ln55_1_reg_4164                                                                   |   1|   0|    1|          0|
    |ap_CS_fsm                                                                             |   3|   0|    3|          0|
    |ap_done_reg                                                                           |   1|   0|    1|          0|
    |ap_enable_reg_pp0_iter0                                                               |   1|   0|    1|          0|
    |ap_enable_reg_pp0_iter1                                                               |   1|   0|    1|          0|
    |ap_enable_reg_pp0_iter2                                                               |   1|   0|    1|          0|
    |ap_phi_reg_pp0_iter1_storemerge_i_reg_437                                             |  32|   0|   32|          0|
    |i_iw_fu_224                                                                           |   4|   0|    4|          0|
    |icmp_ln109_reg_4138                                                                   |   1|   0|    1|          0|
    |icmp_ln55_2_reg_4146                                                                  |   1|   0|    1|          0|
    |icmp_ln55_3_reg_4151                                                                  |   1|   0|    1|          0|
    |icmp_ln55_reg_4142                                                                    |   1|   0|    1|          0|
    |icmp_ln55_reg_4142_pp0_iter1_reg                                                      |   1|   0|    1|          0|
    |icmp_ln76_reg_4156                                                                    |   1|   0|    1|          0|
    |icmp_ln80_reg_4160                                                                    |   1|   0|    1|          0|
    |indvar_flatten_fu_420                                                                 |   7|   0|    7|          0|
    |pX                                                                                    |  32|   0|   32|          0|
    |pY                                                                                    |  32|   0|   32|          0|
    |p_0_0_0_0_0109141_fu_292                                                              |   9|   0|    9|          0|
    |p_0_0_0_0_0109_fu_228                                                                 |   9|   0|    9|          0|
    |p_0_0_0_0_0189_fu_356                                                                 |   9|   0|    9|          0|
    |p_0_10_0_0_0129171_fu_332                                                             |   9|   0|    9|          0|
    |p_0_10_0_0_0129_fu_268                                                                |   9|   0|    9|          0|
    |p_0_10_0_0_0229_fu_396                                                                |   9|   0|    9|          0|
    |p_0_11_0_0_0131174_fu_336                                                             |   9|   0|    9|          0|
    |p_0_11_0_0_0131_fu_272                                                                |   9|   0|    9|          0|
    |p_0_11_0_0_0233_fu_400                                                                |   9|   0|    9|          0|
    |p_0_12_0_0_0133177_fu_340                                                             |   9|   0|    9|          0|
    |p_0_12_0_0_0133_fu_276                                                                |   9|   0|    9|          0|
    |p_0_12_0_0_0237_fu_404                                                                |   9|   0|    9|          0|
    |p_0_13_0_0_0135180_fu_344                                                             |   9|   0|    9|          0|
    |p_0_13_0_0_0135_fu_280                                                                |   9|   0|    9|          0|
    |p_0_13_0_0_0241_fu_408                                                                |   9|   0|    9|          0|
    |p_0_14_0_0_0137183_fu_348                                                             |   9|   0|    9|          0|
    |p_0_14_0_0_0137_fu_284                                                                |   9|   0|    9|          0|
    |p_0_14_0_0_0245_fu_412                                                                |   9|   0|    9|          0|
    |p_0_15_0_0_0139186_fu_352                                                             |   9|   0|    9|          0|
    |p_0_15_0_0_0139_fu_288                                                                |   9|   0|    9|          0|
    |p_0_15_0_0_0249_fu_416                                                                |   9|   0|    9|          0|
    |p_0_1_0_0_0111144_fu_296                                                              |   9|   0|    9|          0|
    |p_0_1_0_0_0111_fu_232                                                                 |   9|   0|    9|          0|
    |p_0_1_0_0_0193_fu_360                                                                 |   9|   0|    9|          0|
    |p_0_2_0_0_0113147_fu_300                                                              |   9|   0|    9|          0|
    |p_0_2_0_0_0113_fu_236                                                                 |   9|   0|    9|          0|
    |p_0_2_0_0_0197_fu_364                                                                 |   9|   0|    9|          0|
    |p_0_3_0_0_0115150_fu_304                                                              |   9|   0|    9|          0|
    |p_0_3_0_0_0115_fu_240                                                                 |   9|   0|    9|          0|
    |p_0_3_0_0_0201_fu_368                                                                 |   9|   0|    9|          0|
    |p_0_4_0_0_0117153_fu_308                                                              |   9|   0|    9|          0|
    |p_0_4_0_0_0117_fu_244                                                                 |   9|   0|    9|          0|
    |p_0_4_0_0_0205_fu_372                                                                 |   9|   0|    9|          0|
    |p_0_5_0_0_0119156_fu_312                                                              |   9|   0|    9|          0|
    |p_0_5_0_0_0119_fu_248                                                                 |   9|   0|    9|          0|
    |p_0_5_0_0_0209_fu_376                                                                 |   9|   0|    9|          0|
    |p_0_6_0_0_0121159_fu_316                                                              |   9|   0|    9|          0|
    |p_0_6_0_0_0121_fu_252                                                                 |   9|   0|    9|          0|
    |p_0_6_0_0_0213_fu_380                                                                 |   9|   0|    9|          0|
    |p_0_7_0_0_0123162_fu_320                                                              |   9|   0|    9|          0|
    |p_0_7_0_0_0123_fu_256                                                                 |   9|   0|    9|          0|
    |p_0_7_0_0_0217_fu_384                                                                 |   9|   0|    9|          0|
    |p_0_8_0_0_0125165_fu_324                                                              |   9|   0|    9|          0|
    |p_0_8_0_0_0125_fu_260                                                                 |   9|   0|    9|          0|
    |p_0_8_0_0_0221_fu_388                                                                 |   9|   0|    9|          0|
    |p_0_9_0_0_0127168_fu_328                                                              |   9|   0|    9|          0|
    |p_0_9_0_0_0127_fu_264                                                                 |   9|   0|    9|          0|
    |p_0_9_0_0_0225_fu_392                                                                 |   9|   0|    9|          0|
    |p_ZZN4nnet12pooling2d_clINS_5arrayI9ap_ufixedILi9ELi4EL9ap_q_mode5EL9ap_o_mode3EL     |   9|   0|    9|          0|
    |p_ZZN4nnet12pooling2d_clINS_5arrayI9ap_ufixedILi9ELi4EL9ap_q_mode5EL9ap_o_mode3EL_1   |   9|   0|    9|          0|
    |p_ZZN4nnet12pooling2d_clINS_5arrayI9ap_ufixedILi9ELi4EL9ap_q_mode5EL9ap_o_mode3EL_10  |   9|   0|    9|          0|
    |p_ZZN4nnet12pooling2d_clINS_5arrayI9ap_ufixedILi9ELi4EL9ap_q_mode5EL9ap_o_mode3EL_11  |   9|   0|    9|          0|
    |p_ZZN4nnet12pooling2d_clINS_5arrayI9ap_ufixedILi9ELi4EL9ap_q_mode5EL9ap_o_mode3EL_12  |   9|   0|    9|          0|
    |p_ZZN4nnet12pooling2d_clINS_5arrayI9ap_ufixedILi9ELi4EL9ap_q_mode5EL9ap_o_mode3EL_13  |   9|   0|    9|          0|
    |p_ZZN4nnet12pooling2d_clINS_5arrayI9ap_ufixedILi9ELi4EL9ap_q_mode5EL9ap_o_mode3EL_14  |   9|   0|    9|          0|
    |p_ZZN4nnet12pooling2d_clINS_5arrayI9ap_ufixedILi9ELi4EL9ap_q_mode5EL9ap_o_mode3EL_2   |   9|   0|    9|          0|
    |p_ZZN4nnet12pooling2d_clINS_5arrayI9ap_ufixedILi9ELi4EL9ap_q_mode5EL9ap_o_mode3EL_3   |   9|   0|    9|          0|
    |p_ZZN4nnet12pooling2d_clINS_5arrayI9ap_ufixedILi9ELi4EL9ap_q_mode5EL9ap_o_mode3EL_4   |   9|   0|    9|          0|
    |p_ZZN4nnet12pooling2d_clINS_5arrayI9ap_ufixedILi9ELi4EL9ap_q_mode5EL9ap_o_mode3EL_5   |   9|   0|    9|          0|
    |p_ZZN4nnet12pooling2d_clINS_5arrayI9ap_ufixedILi9ELi4EL9ap_q_mode5EL9ap_o_mode3EL_6   |   9|   0|    9|          0|
    |p_ZZN4nnet12pooling2d_clINS_5arrayI9ap_ufixedILi9ELi4EL9ap_q_mode5EL9ap_o_mode3EL_7   |   9|   0|    9|          0|
    |p_ZZN4nnet12pooling2d_clINS_5arrayI9ap_ufixedILi9ELi4EL9ap_q_mode5EL9ap_o_mode3EL_8   |   9|   0|    9|          0|
    |p_ZZN4nnet12pooling2d_clINS_5arrayI9ap_ufixedILi9ELi4EL9ap_q_mode5EL9ap_o_mode3EL_9   |   9|   0|    9|          0|
    |p_ZZN4nnet22compute_pool_buffer_2dINS_5arrayI9ap_ufixedILi9ELi4EL9ap_q_mode5EL9ap     |   9|   0|    9|          0|
    |p_ZZN4nnet22compute_pool_buffer_2dINS_5arrayI9ap_ufixedILi9ELi4EL9ap_q_mode5EL9ap_1   |   9|   0|    9|          0|
    |p_ZZN4nnet22compute_pool_buffer_2dINS_5arrayI9ap_ufixedILi9ELi4EL9ap_q_mode5EL9ap_10  |   9|   0|    9|          0|
    |p_ZZN4nnet22compute_pool_buffer_2dINS_5arrayI9ap_ufixedILi9ELi4EL9ap_q_mode5EL9ap_11  |   9|   0|    9|          0|
    |p_ZZN4nnet22compute_pool_buffer_2dINS_5arrayI9ap_ufixedILi9ELi4EL9ap_q_mode5EL9ap_12  |   9|   0|    9|          0|
    |p_ZZN4nnet22compute_pool_buffer_2dINS_5arrayI9ap_ufixedILi9ELi4EL9ap_q_mode5EL9ap_13  |   9|   0|    9|          0|
    |p_ZZN4nnet22compute_pool_buffer_2dINS_5arrayI9ap_ufixedILi9ELi4EL9ap_q_mode5EL9ap_14  |   9|   0|    9|          0|
    |p_ZZN4nnet22compute_pool_buffer_2dINS_5arrayI9ap_ufixedILi9ELi4EL9ap_q_mode5EL9ap_15  |   9|   0|    9|          0|
    |p_ZZN4nnet22compute_pool_buffer_2dINS_5arrayI9ap_ufixedILi9ELi4EL9ap_q_mode5EL9ap_16  |   9|   0|    9|          0|
    |p_ZZN4nnet22compute_pool_buffer_2dINS_5arrayI9ap_ufixedILi9ELi4EL9ap_q_mode5EL9ap_17  |   9|   0|    9|          0|
    |p_ZZN4nnet22compute_pool_buffer_2dINS_5arrayI9ap_ufixedILi9ELi4EL9ap_q_mode5EL9ap_18  |   9|   0|    9|          0|
    |p_ZZN4nnet22compute_pool_buffer_2dINS_5arrayI9ap_ufixedILi9ELi4EL9ap_q_mode5EL9ap_19  |   9|   0|    9|          0|
    |p_ZZN4nnet22compute_pool_buffer_2dINS_5arrayI9ap_ufixedILi9ELi4EL9ap_q_mode5EL9ap_2   |   9|   0|    9|          0|
    |p_ZZN4nnet22compute_pool_buffer_2dINS_5arrayI9ap_ufixedILi9ELi4EL9ap_q_mode5EL9ap_20  |   9|   0|    9|          0|
    |p_ZZN4nnet22compute_pool_buffer_2dINS_5arrayI9ap_ufixedILi9ELi4EL9ap_q_mode5EL9ap_21  |   9|   0|    9|          0|
    |p_ZZN4nnet22compute_pool_buffer_2dINS_5arrayI9ap_ufixedILi9ELi4EL9ap_q_mode5EL9ap_22  |   9|   0|    9|          0|
    |p_ZZN4nnet22compute_pool_buffer_2dINS_5arrayI9ap_ufixedILi9ELi4EL9ap_q_mode5EL9ap_23  |   9|   0|    9|          0|
    |p_ZZN4nnet22compute_pool_buffer_2dINS_5arrayI9ap_ufixedILi9ELi4EL9ap_q_mode5EL9ap_24  |   9|   0|    9|          0|
    |p_ZZN4nnet22compute_pool_buffer_2dINS_5arrayI9ap_ufixedILi9ELi4EL9ap_q_mode5EL9ap_25  |   9|   0|    9|          0|
    |p_ZZN4nnet22compute_pool_buffer_2dINS_5arrayI9ap_ufixedILi9ELi4EL9ap_q_mode5EL9ap_26  |   9|   0|    9|          0|
    |p_ZZN4nnet22compute_pool_buffer_2dINS_5arrayI9ap_ufixedILi9ELi4EL9ap_q_mode5EL9ap_27  |   9|   0|    9|          0|
    |p_ZZN4nnet22compute_pool_buffer_2dINS_5arrayI9ap_ufixedILi9ELi4EL9ap_q_mode5EL9ap_28  |   9|   0|    9|          0|
    |p_ZZN4nnet22compute_pool_buffer_2dINS_5arrayI9ap_ufixedILi9ELi4EL9ap_q_mode5EL9ap_29  |   9|   0|    9|          0|
    |p_ZZN4nnet22compute_pool_buffer_2dINS_5arrayI9ap_ufixedILi9ELi4EL9ap_q_mode5EL9ap_3   |   9|   0|    9|          0|
    |p_ZZN4nnet22compute_pool_buffer_2dINS_5arrayI9ap_ufixedILi9ELi4EL9ap_q_mode5EL9ap_30  |   9|   0|    9|          0|
    |p_ZZN4nnet22compute_pool_buffer_2dINS_5arrayI9ap_ufixedILi9ELi4EL9ap_q_mode5EL9ap_31  |   9|   0|    9|          0|
    |p_ZZN4nnet22compute_pool_buffer_2dINS_5arrayI9ap_ufixedILi9ELi4EL9ap_q_mode5EL9ap_4   |   9|   0|    9|          0|
    |p_ZZN4nnet22compute_pool_buffer_2dINS_5arrayI9ap_ufixedILi9ELi4EL9ap_q_mode5EL9ap_5   |   9|   0|    9|          0|
    |p_ZZN4nnet22compute_pool_buffer_2dINS_5arrayI9ap_ufixedILi9ELi4EL9ap_q_mode5EL9ap_6   |   9|   0|    9|          0|
    |p_ZZN4nnet22compute_pool_buffer_2dINS_5arrayI9ap_ufixedILi9ELi4EL9ap_q_mode5EL9ap_7   |   9|   0|    9|          0|
    |p_ZZN4nnet22compute_pool_buffer_2dINS_5arrayI9ap_ufixedILi9ELi4EL9ap_q_mode5EL9ap_8   |   9|   0|    9|          0|
    |p_ZZN4nnet22compute_pool_buffer_2dINS_5arrayI9ap_ufixedILi9ELi4EL9ap_q_mode5EL9ap_9   |   9|   0|    9|          0|
    |sX                                                                                    |  32|   0|   32|          0|
    |sY                                                                                    |  32|   0|   32|          0|
    |start_once_reg                                                                        |   1|   0|    1|          0|
    |tmp_30_reg_4183                                                                       |   1|   0|    1|          0|
    |tmp_31_reg_4193                                                                       |   1|   0|    1|          0|
    |tmp_32_reg_4203                                                                       |   1|   0|    1|          0|
    |tmp_33_reg_4213                                                                       |   1|   0|    1|          0|
    |tmp_34_reg_4223                                                                       |   1|   0|    1|          0|
    |tmp_35_reg_4233                                                                       |   1|   0|    1|          0|
    |tmp_36_reg_4243                                                                       |   1|   0|    1|          0|
    |tmp_37_reg_4253                                                                       |   1|   0|    1|          0|
    |tmp_38_reg_4263                                                                       |   1|   0|    1|          0|
    |tmp_39_reg_4273                                                                       |   1|   0|    1|          0|
    |tmp_40_reg_4283                                                                       |   1|   0|    1|          0|
    |tmp_41_reg_4293                                                                       |   1|   0|    1|          0|
    |tmp_42_reg_4303                                                                       |   1|   0|    1|          0|
    |tmp_43_reg_4313                                                                       |   1|   0|    1|          0|
    |tmp_44_reg_4323                                                                       |   1|   0|    1|          0|
    |tmp_reg_4173                                                                          |   1|   0|    1|          0|
    |trunc_ln68_10_reg_4278                                                                |   4|   0|    4|          0|
    |trunc_ln68_11_reg_4288                                                                |   4|   0|    4|          0|
    |trunc_ln68_12_reg_4298                                                                |   4|   0|    4|          0|
    |trunc_ln68_13_reg_4308                                                                |   4|   0|    4|          0|
    |trunc_ln68_14_reg_4318                                                                |   4|   0|    4|          0|
    |trunc_ln68_1_reg_4178                                                                 |   4|   0|    4|          0|
    |trunc_ln68_2_reg_4188                                                                 |   4|   0|    4|          0|
    |trunc_ln68_3_reg_4198                                                                 |   4|   0|    4|          0|
    |trunc_ln68_4_reg_4208                                                                 |   4|   0|    4|          0|
    |trunc_ln68_5_reg_4218                                                                 |   4|   0|    4|          0|
    |trunc_ln68_6_reg_4228                                                                 |   4|   0|    4|          0|
    |trunc_ln68_7_reg_4238                                                                 |   4|   0|    4|          0|
    |trunc_ln68_8_reg_4248                                                                 |   4|   0|    4|          0|
    |trunc_ln68_9_reg_4258                                                                 |   4|   0|    4|          0|
    |trunc_ln68_s_reg_4268                                                                 |   4|   0|    4|          0|
    |trunc_ln_reg_4168                                                                     |   4|   0|    4|          0|
    |void_pooling2d_cl_stream_stream_array_ap_ufixed_16u_0_line_buffer                     |   9|   0|    9|          0|
    +--------------------------------------------------------------------------------------+----+----+-----+-----------+
    |Total                                                                                 |1131|   0| 1131|          0|
    +--------------------------------------------------------------------------------------+----+----+-----+-----------+



================================================================
== Interface
================================================================
* Summary: 
+---------------------------+-----+-----+------------+-------------------------------------------------------------+--------------+
|         RTL Ports         | Dir | Bits|  Protocol  |                        Source Object                        |    C Type    |
+---------------------------+-----+-----+------------+-------------------------------------------------------------+--------------+
|ap_clk                     |   in|    1|  ap_ctrl_hs|  pooling2d_cl<array,array<ap_ufixed<4,2,0,3,0>,16u>,config9>|  return value|
|ap_rst                     |   in|    1|  ap_ctrl_hs|  pooling2d_cl<array,array<ap_ufixed<4,2,0,3,0>,16u>,config9>|  return value|
|ap_start                   |   in|    1|  ap_ctrl_hs|  pooling2d_cl<array,array<ap_ufixed<4,2,0,3,0>,16u>,config9>|  return value|
|start_full_n               |   in|    1|  ap_ctrl_hs|  pooling2d_cl<array,array<ap_ufixed<4,2,0,3,0>,16u>,config9>|  return value|
|ap_done                    |  out|    1|  ap_ctrl_hs|  pooling2d_cl<array,array<ap_ufixed<4,2,0,3,0>,16u>,config9>|  return value|
|ap_continue                |   in|    1|  ap_ctrl_hs|  pooling2d_cl<array,array<ap_ufixed<4,2,0,3,0>,16u>,config9>|  return value|
|ap_idle                    |  out|    1|  ap_ctrl_hs|  pooling2d_cl<array,array<ap_ufixed<4,2,0,3,0>,16u>,config9>|  return value|
|ap_ready                   |  out|    1|  ap_ctrl_hs|  pooling2d_cl<array,array<ap_ufixed<4,2,0,3,0>,16u>,config9>|  return value|
|start_out                  |  out|    1|  ap_ctrl_hs|  pooling2d_cl<array,array<ap_ufixed<4,2,0,3,0>,16u>,config9>|  return value|
|start_write                |  out|    1|  ap_ctrl_hs|  pooling2d_cl<array,array<ap_ufixed<4,2,0,3,0>,16u>,config9>|  return value|
|layer8_out_dout            |   in|  144|     ap_fifo|                                                   layer8_out|       pointer|
|layer8_out_empty_n         |   in|    1|     ap_fifo|                                                   layer8_out|       pointer|
|layer8_out_read            |  out|    1|     ap_fifo|                                                   layer8_out|       pointer|
|layer8_out_num_data_valid  |   in|    8|     ap_fifo|                                                   layer8_out|       pointer|
|layer8_out_fifo_cap        |   in|    8|     ap_fifo|                                                   layer8_out|       pointer|
|layer9_out_din             |  out|   64|     ap_fifo|                                                   layer9_out|       pointer|
|layer9_out_full_n          |   in|    1|     ap_fifo|                                                   layer9_out|       pointer|
|layer9_out_write           |  out|    1|     ap_fifo|                                                   layer9_out|       pointer|
|layer9_out_num_data_valid  |   in|    6|     ap_fifo|                                                   layer9_out|       pointer|
|layer9_out_fifo_cap        |   in|    6|     ap_fifo|                                                   layer9_out|       pointer|
+---------------------------+-----+-----+------------+-------------------------------------------------------------+--------------+

