

================================================================
== Vitis HLS Report for 'dense_latency_ap_ufixed_8_6_0_3_0_ap_fixed_13_10_5_3_0_config9_s'
================================================================
* Date:           Thu May  7 15:20:23 2026

* Version:        2025.2 (Build 6295257 on Nov 14 2025)
* Project:        vitis_unified_project
* Solution:       hls (Vivado IP Flow Target)
* Product family: zynquplus
* Target device:  xck26-sfvc784-2LV-c


================================================================
== Performance Estimates
================================================================
+ Timing: 
    * Summary: 
    +--------+---------+----------+------------+
    |  Clock |  Target | Estimated| Uncertainty|
    +--------+---------+----------+------------+
    |ap_clk  |  5.00 ns|  2.482 ns|     0.62 ns|
    +--------+---------+----------+------------+

+ Latency: 
    * Summary: 
    +---------+---------+----------+----------+-----+-----+---------+
    |  Latency (cycles) |  Latency (absolute) |  Interval | Pipeline|
    |   min   |   max   |    min   |    max   | min | max |   Type  |
    +---------+---------+----------+----------+-----+-----+---------+
    |        0|        0|      0 ns|      0 ns|    1|    1|      yes|
    +---------+---------+----------+----------+-----+-----+---------+

    + Detail: 
        * Instance: 
        N/A

        * Loop: 
        N/A



================================================================
== Utilization Estimates
================================================================
* Summary: 
+-----------------+---------+------+--------+--------+-----+
|       Name      | BRAM_18K|  DSP |   FF   |   LUT  | URAM|
+-----------------+---------+------+--------+--------+-----+
|DSP              |        -|     -|       -|       -|    -|
|Expression       |        -|     -|       0|     436|    -|
|FIFO             |        -|     -|       -|       -|    -|
|Instance         |        -|     -|       -|       -|    -|
|Memory           |        -|     -|       -|       -|    -|
|Multiplexer      |        -|     -|       -|       -|    -|
|Register         |        -|     -|       -|       -|    -|
+-----------------+---------+------+--------+--------+-----+
|Total            |        0|     0|       0|     436|    0|
+-----------------+---------+------+--------+--------+-----+
|Available        |      288|  1248|  234240|  117120|   64|
+-----------------+---------+------+--------+--------+-----+
|Utilization (%)  |        0|     0|       0|      ~0|    0|
+-----------------+---------+------+--------+--------+-----+

+ Detail: 
    * Instance: 
    N/A

    * DSP: 
    N/A

    * Memory: 
    N/A

    * FIFO: 
    N/A

    * Expression: 
    +-----------------------+----------+----+---+----+------------+------------+
    |     Variable Name     | Operation| DSP| FF| LUT| Bitwidth P0| Bitwidth P1|
    +-----------------------+----------+----+---+----+------------+------------+
    |add_ln58_12_fu_466_p2  |         +|   0|  0|  17|          10|          10|
    |add_ln58_13_fu_476_p2  |         +|   0|  0|  19|          12|           8|
    |add_ln58_16_fu_510_p2  |         +|   0|  0|  18|          11|           7|
    |add_ln58_17_fu_520_p2  |         +|   0|  0|  16|          14|          14|
    |add_ln58_9_fu_444_p2   |         +|   0|  0|  21|          14|          14|
    |add_ln58_fu_434_p2     |         +|   0|  0|  18|          11|           6|
    |x_1_fu_498_p2          |         +|   0|  0|  21|          14|          14|
    |x_3_fu_530_p2          |         +|   0|  0|  22|          15|          15|
    |x_4_fu_454_p2          |         +|   0|  0|  23|          16|          16|
    |x_5_fu_460_p2          |         +|   0|  0|  20|          13|          13|
    |x_fu_492_p2            |         +|   0|  0|  19|          12|          12|
    |mult_11_fu_372_p2      |         -|   0|  0|  18|           1|          11|
    |mult_12_fu_402_p2      |         -|   0|  0|  20|          13|          13|
    |mult_13_fu_424_p2      |         -|   0|  0|  17|           1|          10|
    |mult_1_fu_156_p2       |         -|   0|  0|  16|           1|           9|
    |mult_2_fu_182_p2       |         -|   0|  0|  18|           1|          11|
    |mult_4_fu_216_p2       |         -|   0|  0|  22|           1|          15|
    |mult_6_fu_258_p2       |         -|   0|  0|  19|          12|          12|
    |mult_7_fu_288_p2       |         -|   0|  0|  20|          13|          13|
    |mult_8_fu_314_p2       |         -|   0|  0|  19|           1|          12|
    |mult_fu_146_p2         |         -|   0|  0|  17|          10|          10|
    |sub_ln58_3_fu_504_p2   |         -|   0|  0|  16|          14|          14|
    |x_2_fu_486_p2          |         -|   0|  0|  20|          13|          13|
    +-----------------------+----------+----+---+----+------------+------------+
    |Total                  |          |   0|  0| 436|         223|         272|
    +-----------------------+----------+----+---+----+------------+------------+

    * Multiplexer: 
    N/A

    * Register: 
    N/A



================================================================
== Interface
================================================================
* Summary: 
+-------------+-----+-----+------------+-----------------------------------------------------------------------------+--------------+
|  RTL Ports  | Dir | Bits|  Protocol  |                                Source Object                                |    C Type    |
+-------------+-----+-----+------------+-----------------------------------------------------------------------------+--------------+
|ap_ready     |  out|    1|  ap_ctrl_hs|  dense_latency<ap_ufixed<8, 6, 0, 3, 0>, ap_fixed<13, 10, 5, 3, 0>, config9>|  return value|
|ap_return_0  |  out|   13|  ap_ctrl_hs|  dense_latency<ap_ufixed<8, 6, 0, 3, 0>, ap_fixed<13, 10, 5, 3, 0>, config9>|  return value|
|ap_return_1  |  out|   13|  ap_ctrl_hs|  dense_latency<ap_ufixed<8, 6, 0, 3, 0>, ap_fixed<13, 10, 5, 3, 0>, config9>|  return value|
|ap_return_2  |  out|   13|  ap_ctrl_hs|  dense_latency<ap_ufixed<8, 6, 0, 3, 0>, ap_fixed<13, 10, 5, 3, 0>, config9>|  return value|
|ap_return_3  |  out|   13|  ap_ctrl_hs|  dense_latency<ap_ufixed<8, 6, 0, 3, 0>, ap_fixed<13, 10, 5, 3, 0>, config9>|  return value|
|ap_return_4  |  out|   13|  ap_ctrl_hs|  dense_latency<ap_ufixed<8, 6, 0, 3, 0>, ap_fixed<13, 10, 5, 3, 0>, config9>|  return value|
|ap_return_5  |  out|   13|  ap_ctrl_hs|  dense_latency<ap_ufixed<8, 6, 0, 3, 0>, ap_fixed<13, 10, 5, 3, 0>, config9>|  return value|
|ap_return_6  |  out|   13|  ap_ctrl_hs|  dense_latency<ap_ufixed<8, 6, 0, 3, 0>, ap_fixed<13, 10, 5, 3, 0>, config9>|  return value|
|ap_rst       |   in|    1|  ap_ctrl_hs|  dense_latency<ap_ufixed<8, 6, 0, 3, 0>, ap_fixed<13, 10, 5, 3, 0>, config9>|  return value|
|data_2_val   |   in|    8|     ap_none|                                                                   data_2_val|        scalar|
|data_5_val   |   in|    8|     ap_none|                                                                   data_5_val|        scalar|
|data_9_val   |   in|    8|     ap_none|                                                                   data_9_val|        scalar|
|data_10_val  |   in|    8|     ap_none|                                                                  data_10_val|        scalar|
|data_12_val  |   in|    8|     ap_none|                                                                  data_12_val|        scalar|
|data_28_val  |   in|    8|     ap_none|                                                                  data_28_val|        scalar|
+-------------+-----+-----+------------+-----------------------------------------------------------------------------+--------------+

