
*** Running vivado
    with args -log vitis_design_wrapper.vdi -applog -m64 -product Vivado -messageDb vivado.pb -mode batch -source vitis_design_wrapper.tcl -notrace


****** Vivado v2025.2 (64-bit)
  **** SW Build 6299465 on Fri Nov 14 12:34:56 MST 2025
  **** IP Build 6300035 on Fri Nov 14 10:48:45 MST 2025
  **** SharedData Build 6298862 on Thu Nov 13 04:50:51 MST 2025
  **** Start of session at: Thu May  7 09:54:45 2026
    ** Copyright 1986-2022 Xilinx, Inc. All Rights Reserved.
    ** Copyright 2022-2025 Advanced Micro Devices, Inc. All Rights Reserved.

source vitis_design_wrapper.tcl -notrace
INFO: Dispatch client connection id - 36907
source /work/development/jettag/jettag-hgq2/Training_AdaptiveHP/hls4ml_prj_acc=0.7117_ebops=303_VU_DA_bitfile/vitis_workspace/system_link/_x/link/vivado/vpl/scripts/impl_1/_full_init_pre.tcl
INFO: [IP_Flow 19-234] Refreshing IP repositories
INFO: [IP_Flow 19-1700] Loaded user IP repository '/work/development/jettag/jettag-hgq2/Training_AdaptiveHP/hls4ml_prj_acc=0.7117_ebops=303_VU_DA_bitfile/vitis_workspace/system_link/_x/link/int/xo/ip_repo/xilinx_com_hls_myproject_axi_master_1_0'.
INFO: [IP_Flow 19-1700] Loaded user IP repository '/work/development/jettag/jettag-hgq2/Training_AdaptiveHP/hls4ml_prj_acc=0.7117_ebops=303_VU_DA_bitfile/vitis_workspace/system_link/_x/link/vivado/vpl/.local/hw_platform/ipcache'.
INFO: [IP_Flow 19-1700] Loaded user IP repository '/opt/Xilinx/2025.2/Vitis/data/vitis/ip'.
INFO: [IP_Flow 19-2313] Loaded Vivado IP repository '/opt/Xilinx/2025.2/data/ip'.
Command: link_design -top vitis_design_wrapper -part xck26-sfvc784-2LV-c
Design is defaulting to srcset: sources_1
Design is defaulting to constrset: constrs_1
INFO: [Device 21-403] Loading part xck26-sfvc784-2LV-c
INFO: [Project 1-5699] Read binary netlist with skipMacroContent - 1
INFO: [Project 1-454] Reading design checkpoint '/work/development/jettag/jettag-hgq2/Training_AdaptiveHP/hls4ml_prj_acc=0.7117_ebops=303_VU_DA_bitfile/vitis_workspace/system_link/_x/link/vivado/vpl/prj/prj.gen/sources_1/bd/vitis_design/ip/vitis_design_axi_dma_0_0/vitis_design_axi_dma_0_0.dcp' for cell 'vitis_design_i/axi_dma_0'
INFO: [Project 1-454] Reading design checkpoint '/work/development/jettag/jettag-hgq2/Training_AdaptiveHP/hls4ml_prj_acc=0.7117_ebops=303_VU_DA_bitfile/vitis_workspace/system_link/_x/link/vivado/vpl/prj/prj.gen/sources_1/bd/vitis_design/ip/vitis_design_axi_intc_0_0/vitis_design_axi_intc_0_0.dcp' for cell 'vitis_design_i/axi_intc_0'
INFO: [Project 1-454] Reading design checkpoint '/work/development/jettag/jettag-hgq2/Training_AdaptiveHP/hls4ml_prj_acc=0.7117_ebops=303_VU_DA_bitfile/vitis_workspace/system_link/_x/link/vivado/vpl/prj/prj.gen/sources_1/bd/vitis_design/ip/vitis_design_axi_smc_0/vitis_design_axi_smc_0.dcp' for cell 'vitis_design_i/axi_smc'
INFO: [Project 1-454] Reading design checkpoint '/work/development/jettag/jettag-hgq2/Training_AdaptiveHP/hls4ml_prj_acc=0.7117_ebops=303_VU_DA_bitfile/vitis_workspace/system_link/_x/link/vivado/vpl/prj/prj.gen/sources_1/bd/vitis_design/ip/vitis_design_myproject_axi_master_1_0/vitis_design_myproject_axi_master_1_0.dcp' for cell 'vitis_design_i/myproject_axi_master_1'
INFO: [Project 1-454] Reading design checkpoint '/work/development/jettag/jettag-hgq2/Training_AdaptiveHP/hls4ml_prj_acc=0.7117_ebops=303_VU_DA_bitfile/vitis_workspace/system_link/_x/link/vivado/vpl/prj/prj.gen/sources_1/bd/vitis_design/ip/vitis_design_rst_ps8_0_99M_0/vitis_design_rst_ps8_0_99M_0.dcp' for cell 'vitis_design_i/rst_ps8_0_99M'
INFO: [Project 1-454] Reading design checkpoint '/work/development/jettag/jettag-hgq2/Training_AdaptiveHP/hls4ml_prj_acc=0.7117_ebops=303_VU_DA_bitfile/vitis_workspace/system_link/_x/link/vivado/vpl/prj/prj.gen/sources_1/bd/vitis_design/ip/vitis_design_smc_ic_zynq_ultra_ps_e_0_S_AXI_HP0_FPD_0/vitis_design_smc_ic_zynq_ultra_ps_e_0_S_AXI_HP0_FPD_0.dcp' for cell 'vitis_design_i/smc_ic_zynq_ultra_ps_e_0_S_AXI_HP0_FPD'
INFO: [Project 1-454] Reading design checkpoint '/work/development/jettag/jettag-hgq2/Training_AdaptiveHP/hls4ml_prj_acc=0.7117_ebops=303_VU_DA_bitfile/vitis_workspace/system_link/_x/link/vivado/vpl/prj/prj.gen/sources_1/bd/vitis_design/ip/vitis_design_zynq_ultra_ps_e_0_0/vitis_design_zynq_ultra_ps_e_0_0.dcp' for cell 'vitis_design_i/zynq_ultra_ps_e_0'
INFO: [Project 1-454] Reading design checkpoint '/work/development/jettag/jettag-hgq2/Training_AdaptiveHP/hls4ml_prj_acc=0.7117_ebops=303_VU_DA_bitfile/vitis_workspace/system_link/_x/link/vivado/vpl/prj/prj.gen/sources_1/bd/vitis_design/ip/vitis_design_axi_interconnect_0_upgraded_ipi_imp_xbar_0/vitis_design_axi_interconnect_0_upgraded_ipi_imp_xbar_0.dcp' for cell 'vitis_design_i/axi_interconnect_0/xbar'
INFO: [Project 1-454] Reading design checkpoint '/work/development/jettag/jettag-hgq2/Training_AdaptiveHP/hls4ml_prj_acc=0.7117_ebops=303_VU_DA_bitfile/vitis_workspace/system_link/_x/link/vivado/vpl/prj/prj.gen/sources_1/bd/vitis_design/ip/vitis_design_axi_interconnect_0_imp_m02_regslice_0/vitis_design_axi_interconnect_0_imp_m02_regslice_0.dcp' for cell 'vitis_design_i/axi_interconnect_0/m02_couplers/m02_regslice'
INFO: [Project 1-454] Reading design checkpoint '/work/development/jettag/jettag-hgq2/Training_AdaptiveHP/hls4ml_prj_acc=0.7117_ebops=303_VU_DA_bitfile/vitis_workspace/system_link/_x/link/vivado/vpl/prj/prj.gen/sources_1/bd/vitis_design/ip/vitis_design_axi_interconnect_0_imp_auto_pc_0/vitis_design_axi_interconnect_0_imp_auto_pc_0.dcp' for cell 'vitis_design_i/axi_interconnect_0/s00_couplers/auto_pc'
Netlist sorting complete. Time (s): cpu = 00:00:00.25 ; elapsed = 00:00:00.25 . Memory (MB): peak = 2670.605 ; gain = 0.000 ; free physical = 20266 ; free virtual = 41532
INFO: [Netlist 29-17] Analyzing 722 Unisim elements for replacement
INFO: [Netlist 29-28] Unisim Transformation completed in 0 CPU seconds
INFO: [Project 1-479] Netlist was created with Vivado 2025.2
INFO: [Project 1-570] Preparing netlist for logic optimization
Parsing XDC File [/work/development/jettag/jettag-hgq2/Training_AdaptiveHP/hls4ml_prj_acc=0.7117_ebops=303_VU_DA_bitfile/vitis_workspace/system_link/_x/link/vivado/vpl/prj/prj.gen/sources_1/bd/vitis_design/ip/vitis_design_axi_dma_0_0/vitis_design_axi_dma_0_0.xdc] for cell 'vitis_design_i/axi_dma_0/U0'
Finished Parsing XDC File [/work/development/jettag/jettag-hgq2/Training_AdaptiveHP/hls4ml_prj_acc=0.7117_ebops=303_VU_DA_bitfile/vitis_workspace/system_link/_x/link/vivado/vpl/prj/prj.gen/sources_1/bd/vitis_design/ip/vitis_design_axi_dma_0_0/vitis_design_axi_dma_0_0.xdc] for cell 'vitis_design_i/axi_dma_0/U0'
Parsing XDC File [/work/development/jettag/jettag-hgq2/Training_AdaptiveHP/hls4ml_prj_acc=0.7117_ebops=303_VU_DA_bitfile/vitis_workspace/system_link/_x/link/vivado/vpl/prj/prj.gen/sources_1/bd/vitis_design/ip/vitis_design_axi_intc_0_0/vitis_design_axi_intc_0_0.xdc] for cell 'vitis_design_i/axi_intc_0/U0'
Finished Parsing XDC File [/work/development/jettag/jettag-hgq2/Training_AdaptiveHP/hls4ml_prj_acc=0.7117_ebops=303_VU_DA_bitfile/vitis_workspace/system_link/_x/link/vivado/vpl/prj/prj.gen/sources_1/bd/vitis_design/ip/vitis_design_axi_intc_0_0/vitis_design_axi_intc_0_0.xdc] for cell 'vitis_design_i/axi_intc_0/U0'
Parsing XDC File [/work/development/jettag/jettag-hgq2/Training_AdaptiveHP/hls4ml_prj_acc=0.7117_ebops=303_VU_DA_bitfile/vitis_workspace/system_link/_x/link/vivado/vpl/prj/prj.gen/sources_1/bd/vitis_design/ip/vitis_design_axi_smc_0/bd_0/ip/ip_1/bd_8c12_psr_aclk_0_board.xdc] for cell 'vitis_design_i/axi_smc/inst/clk_map/psr_aclk/U0'
Finished Parsing XDC File [/work/development/jettag/jettag-hgq2/Training_AdaptiveHP/hls4ml_prj_acc=0.7117_ebops=303_VU_DA_bitfile/vitis_workspace/system_link/_x/link/vivado/vpl/prj/prj.gen/sources_1/bd/vitis_design/ip/vitis_design_axi_smc_0/bd_0/ip/ip_1/bd_8c12_psr_aclk_0_board.xdc] for cell 'vitis_design_i/axi_smc/inst/clk_map/psr_aclk/U0'
Parsing XDC File [/work/development/jettag/jettag-hgq2/Training_AdaptiveHP/hls4ml_prj_acc=0.7117_ebops=303_VU_DA_bitfile/vitis_workspace/system_link/_x/link/vivado/vpl/prj/prj.gen/sources_1/bd/vitis_design/ip/vitis_design_axi_smc_0/smartconnect.xdc] for cell 'vitis_design_i/axi_smc/inst'
Finished Parsing XDC File [/work/development/jettag/jettag-hgq2/Training_AdaptiveHP/hls4ml_prj_acc=0.7117_ebops=303_VU_DA_bitfile/vitis_workspace/system_link/_x/link/vivado/vpl/prj/prj.gen/sources_1/bd/vitis_design/ip/vitis_design_axi_smc_0/smartconnect.xdc] for cell 'vitis_design_i/axi_smc/inst'
Parsing XDC File [/work/development/jettag/jettag-hgq2/Training_AdaptiveHP/hls4ml_prj_acc=0.7117_ebops=303_VU_DA_bitfile/vitis_workspace/system_link/_x/link/vivado/vpl/prj/prj.gen/sources_1/bd/vitis_design/ip/vitis_design_rst_ps8_0_99M_0/vitis_design_rst_ps8_0_99M_0_board.xdc] for cell 'vitis_design_i/rst_ps8_0_99M/U0'
Finished Parsing XDC File [/work/development/jettag/jettag-hgq2/Training_AdaptiveHP/hls4ml_prj_acc=0.7117_ebops=303_VU_DA_bitfile/vitis_workspace/system_link/_x/link/vivado/vpl/prj/prj.gen/sources_1/bd/vitis_design/ip/vitis_design_rst_ps8_0_99M_0/vitis_design_rst_ps8_0_99M_0_board.xdc] for cell 'vitis_design_i/rst_ps8_0_99M/U0'
Parsing XDC File [/work/development/jettag/jettag-hgq2/Training_AdaptiveHP/hls4ml_prj_acc=0.7117_ebops=303_VU_DA_bitfile/vitis_workspace/system_link/_x/link/vivado/vpl/prj/prj.gen/sources_1/bd/vitis_design/ip/vitis_design_zynq_ultra_ps_e_0_0/vitis_design_zynq_ultra_ps_e_0_0.xdc] for cell 'vitis_design_i/zynq_ultra_ps_e_0/inst'
Finished Parsing XDC File [/work/development/jettag/jettag-hgq2/Training_AdaptiveHP/hls4ml_prj_acc=0.7117_ebops=303_VU_DA_bitfile/vitis_workspace/system_link/_x/link/vivado/vpl/prj/prj.gen/sources_1/bd/vitis_design/ip/vitis_design_zynq_ultra_ps_e_0_0/vitis_design_zynq_ultra_ps_e_0_0.xdc] for cell 'vitis_design_i/zynq_ultra_ps_e_0/inst'
Parsing XDC File [/work/development/jettag/jettag-hgq2/Training_AdaptiveHP/hls4ml_prj_acc=0.7117_ebops=303_VU_DA_bitfile/vitis_workspace/system_link/_x/link/vivado/vpl/prj/prj.gen/sources_1/bd/vitis_design/ip/vitis_design_smc_ic_zynq_ultra_ps_e_0_S_AXI_HP0_FPD_0/bd_0/ip/ip_1/bd_b0ea_psr_aclk_0_board.xdc] for cell 'vitis_design_i/smc_ic_zynq_ultra_ps_e_0_S_AXI_HP0_FPD/inst/clk_map/psr_aclk/U0'
Finished Parsing XDC File [/work/development/jettag/jettag-hgq2/Training_AdaptiveHP/hls4ml_prj_acc=0.7117_ebops=303_VU_DA_bitfile/vitis_workspace/system_link/_x/link/vivado/vpl/prj/prj.gen/sources_1/bd/vitis_design/ip/vitis_design_smc_ic_zynq_ultra_ps_e_0_S_AXI_HP0_FPD_0/bd_0/ip/ip_1/bd_b0ea_psr_aclk_0_board.xdc] for cell 'vitis_design_i/smc_ic_zynq_ultra_ps_e_0_S_AXI_HP0_FPD/inst/clk_map/psr_aclk/U0'
Parsing XDC File [/work/development/jettag/jettag-hgq2/Training_AdaptiveHP/hls4ml_prj_acc=0.7117_ebops=303_VU_DA_bitfile/vitis_workspace/system_link/_x/link/vivado/vpl/prj/prj.gen/sources_1/bd/vitis_design/ip/vitis_design_smc_ic_zynq_ultra_ps_e_0_S_AXI_HP0_FPD_0/smartconnect.xdc] for cell 'vitis_design_i/smc_ic_zynq_ultra_ps_e_0_S_AXI_HP0_FPD/inst'
Finished Parsing XDC File [/work/development/jettag/jettag-hgq2/Training_AdaptiveHP/hls4ml_prj_acc=0.7117_ebops=303_VU_DA_bitfile/vitis_workspace/system_link/_x/link/vivado/vpl/prj/prj.gen/sources_1/bd/vitis_design/ip/vitis_design_smc_ic_zynq_ultra_ps_e_0_S_AXI_HP0_FPD_0/smartconnect.xdc] for cell 'vitis_design_i/smc_ic_zynq_ultra_ps_e_0_S_AXI_HP0_FPD/inst'
Parsing XDC File [/work/development/jettag/jettag-hgq2/Training_AdaptiveHP/hls4ml_prj_acc=0.7117_ebops=303_VU_DA_bitfile/vitis_workspace/system_link/_x/link/vivado/vpl/prj/prj.gen/sources_1/bd/vitis_design/ip/vitis_design_axi_dma_0_0/vitis_design_axi_dma_0_0_clocks.xdc] for cell 'vitis_design_i/axi_dma_0/U0'
Finished Parsing XDC File [/work/development/jettag/jettag-hgq2/Training_AdaptiveHP/hls4ml_prj_acc=0.7117_ebops=303_VU_DA_bitfile/vitis_workspace/system_link/_x/link/vivado/vpl/prj/prj.gen/sources_1/bd/vitis_design/ip/vitis_design_axi_dma_0_0/vitis_design_axi_dma_0_0_clocks.xdc] for cell 'vitis_design_i/axi_dma_0/U0'
Parsing XDC File [/work/development/jettag/jettag-hgq2/Training_AdaptiveHP/hls4ml_prj_acc=0.7117_ebops=303_VU_DA_bitfile/vitis_workspace/system_link/_x/link/vivado/vpl/prj/prj.gen/sources_1/bd/vitis_design/ip/vitis_design_axi_intc_0_0/vitis_design_axi_intc_0_0_clocks.xdc] for cell 'vitis_design_i/axi_intc_0/U0'
Finished Parsing XDC File [/work/development/jettag/jettag-hgq2/Training_AdaptiveHP/hls4ml_prj_acc=0.7117_ebops=303_VU_DA_bitfile/vitis_workspace/system_link/_x/link/vivado/vpl/prj/prj.gen/sources_1/bd/vitis_design/ip/vitis_design_axi_intc_0_0/vitis_design_axi_intc_0_0_clocks.xdc] for cell 'vitis_design_i/axi_intc_0/U0'
Parsing XDC File [/work/development/jettag/jettag-hgq2/Training_AdaptiveHP/hls4ml_prj_acc=0.7117_ebops=303_VU_DA_bitfile/vitis_workspace/system_link/_x/link/vivado/vpl/prj/prj.gen/sources_1/bd/vitis_design/ip/vitis_design_axi_interconnect_0_imp_m02_regslice_0/vitis_design_axi_interconnect_0_imp_m02_regslice_0_clocks.xdc] for cell 'vitis_design_i/axi_interconnect_0/m02_couplers/m02_regslice/inst'
Finished Parsing XDC File [/work/development/jettag/jettag-hgq2/Training_AdaptiveHP/hls4ml_prj_acc=0.7117_ebops=303_VU_DA_bitfile/vitis_workspace/system_link/_x/link/vivado/vpl/prj/prj.gen/sources_1/bd/vitis_design/ip/vitis_design_axi_interconnect_0_imp_m02_regslice_0/vitis_design_axi_interconnect_0_imp_m02_regslice_0_clocks.xdc] for cell 'vitis_design_i/axi_interconnect_0/m02_couplers/m02_regslice/inst'
INFO: [Project 1-1714] 93 XPM XDC files have been applied to the design.
INFO: [Opt 31-138] Pushed 0 inverter(s) to 0 load pin(s).
Netlist sorting complete. Time (s): cpu = 00:00:00 ; elapsed = 00:00:00 . Memory (MB): peak = 3491.422 ; gain = 0.000 ; free physical = 19614 ; free virtual = 40880
INFO: [Project 1-111] Unisim Transformation Summary:
  A total of 156 instances were transformed.
  RAM16X1D => RAM32X1D (RAMD32(x2)): 2 instances
  RAM32M => RAM32M (RAMD32(x6), RAMS32(x2)): 9 instances
  RAM32M16 => RAM32M16 (RAMD32(x14), RAMS32(x2)): 137 instances
  RAM32X1D => RAM32X1D (RAMD32(x2)): 8 instances

24 Infos, 0 Warnings, 0 Critical Warnings and 0 Errors encountered.
link_design completed successfully
link_design: Time (s): cpu = 00:00:15 ; elapsed = 00:00:14 . Memory (MB): peak = 3491.457 ; gain = 1865.586 ; free physical = 19614 ; free virtual = 40880
source /work/development/jettag/jettag-hgq2/Training_AdaptiveHP/hls4ml_prj_acc=0.7117_ebops=303_VU_DA_bitfile/vitis_workspace/system_link/_x/link/vivado/vpl/scripts/impl_1/_full_init_post.tcl
Parsing XDC File [/work/development/jettag/jettag-hgq2/Training_AdaptiveHP/hls4ml_prj_acc=0.7117_ebops=303_VU_DA_bitfile/vitis_workspace/system_link/_x/link/vivado/vpl/output/_user_impl_clk.xdc]
Finished Parsing XDC File [/work/development/jettag/jettag-hgq2/Training_AdaptiveHP/hls4ml_prj_acc=0.7117_ebops=303_VU_DA_bitfile/vitis_workspace/system_link/_x/link/vivado/vpl/output/_user_impl_clk.xdc]
source /work/development/jettag/jettag-hgq2/Training_AdaptiveHP/hls4ml_prj_acc=0.7117_ebops=303_VU_DA_bitfile/vitis_workspace/system_link/_x/link/vivado/vpl/scripts/impl_1/_full_opt_pre.tcl
Post-synthesis utilization DRC check...
available resources:
   luts      : -1
   registers : -1
   brams     : -1
   dsps      : -1
required resources:
   luts      : 6315
   registers : 5161
   brams     : 3.5
   dsps      : 0
WARNING: There is no resource utilization data in hardware platform, utilization DRC is skipped
INFO: System Diagram: Run step: synthed

Command: opt_design
Attempting to get a license for feature 'Implementation' and/or device 'xck26'
INFO: [Common 17-349] Got license for feature 'Implementation' and/or device 'xck26'
Running DRC as a precondition to command opt_design

Starting DRC Task
INFO: [DRC 23-27] Running DRC with 8 threads
INFO: [Project 1-461] DRC finished with 0 Errors
INFO: [Project 1-462] Please refer to the DRC report (report_drc) for more information.

Time (s): cpu = 00:00:00.73 ; elapsed = 00:00:00.26 . Memory (MB): peak = 3514.234 ; gain = 22.777 ; free physical = 19594 ; free virtual = 40860

Starting Cache Timing Information Task
INFO: [Timing 38-35] Done setting XDC timing constraints.
Ending Cache Timing Information Task | Checksum: 239d77a54

Time (s): cpu = 00:00:01 ; elapsed = 00:00:00.43 . Memory (MB): peak = 3514.234 ; gain = 0.000 ; free physical = 19588 ; free virtual = 40853

Starting Logic Optimization Task

Phase 1 Initialization

Phase 1.1 Core Generation And Design Setup
Phase 1.1 Core Generation And Design Setup | Checksum: 239d77a54

Time (s): cpu = 00:00:00.02 ; elapsed = 00:00:00.02 . Memory (MB): peak = 3847.047 ; gain = 0.000 ; free physical = 19216 ; free virtual = 40481

Phase 1.2 Setup Constraints And Sort Netlist
Phase 1.2 Setup Constraints And Sort Netlist | Checksum: 239d77a54

Time (s): cpu = 00:00:00.03 ; elapsed = 00:00:00.03 . Memory (MB): peak = 3847.047 ; gain = 0.000 ; free physical = 19216 ; free virtual = 40481
Phase 1 Initialization | Checksum: 239d77a54

Time (s): cpu = 00:00:00.03 ; elapsed = 00:00:00.03 . Memory (MB): peak = 3847.047 ; gain = 0.000 ; free physical = 19216 ; free virtual = 40481

Phase 2 Timer Update And Timing Data Collection

Phase 2.1 Detect if minReqCache needed
Phase 2.1 Detect if minReqCache needed | Checksum: 239d77a54

Time (s): cpu = 00:00:00.06 ; elapsed = 00:00:00.06 . Memory (MB): peak = 3847.047 ; gain = 0.000 ; free physical = 19200 ; free virtual = 40466

Phase 2.2 Timer Update
Phase 2.2 Timer Update | Checksum: 239d77a54

Time (s): cpu = 00:00:00.74 ; elapsed = 00:00:00.26 . Memory (MB): peak = 3847.047 ; gain = 0.000 ; free physical = 19200 ; free virtual = 40466

Phase 2.3 Timing Data Collection
Phase 2.3 Timing Data Collection | Checksum: 239d77a54

Time (s): cpu = 00:00:00.76 ; elapsed = 00:00:00.29 . Memory (MB): peak = 3847.047 ; gain = 0.000 ; free physical = 19196 ; free virtual = 40462
Phase 2 Timer Update And Timing Data Collection | Checksum: 239d77a54

Time (s): cpu = 00:00:00.77 ; elapsed = 00:00:00.29 . Memory (MB): peak = 3847.047 ; gain = 0.000 ; free physical = 19196 ; free virtual = 40462

Phase 3 Retarget
INFO: [Opt 31-1851] Number of loadless carry chains removed were: 0
INFO: [Opt 31-1834] Total Chains To Be Transformed Were: 0 AND Number of Transformed insts Created are: 0
INFO: [Opt 31-1566] Pulled 3 inverters resulting in an inversion of 39 pins
INFO: [Opt 31-138] Pushed 101 inverter(s) to 3052 load pin(s).
INFO: [Opt 31-49] Retargeted 0 cell(s).
Phase 3 Retarget | Checksum: 1b3cb3b74

Time (s): cpu = 00:00:01 ; elapsed = 00:00:00.7 . Memory (MB): peak = 3847.047 ; gain = 0.000 ; free physical = 19205 ; free virtual = 40471
Retarget | Checksum: 1b3cb3b74
INFO: [Opt 31-389] Phase Retarget created 144 cells and removed 594 cells
INFO: [Opt 31-1021] In phase Retarget, 82 netlist objects are constrained preventing optimization. Please run opt_design with -debug_log to get more detail. 

Phase 4 Constant propagation
INFO: [Opt 31-138] Pushed 1 inverter(s) to 1 load pin(s).
Phase 4 Constant propagation | Checksum: 1bc4cecb3

Time (s): cpu = 00:00:02 ; elapsed = 00:00:00.98 . Memory (MB): peak = 3847.047 ; gain = 0.000 ; free physical = 19184 ; free virtual = 40450
Constant propagation | Checksum: 1bc4cecb3
INFO: [Opt 31-389] Phase Constant propagation created 690 cells and removed 3957 cells
INFO: [Opt 31-1021] In phase Constant propagation, 82 netlist objects are constrained preventing optimization. Please run opt_design with -debug_log to get more detail. 

Phase 5 Sweep
INFO: [Constraints 18-11670] Building netlist checker database with flags, 0x8
Done building netlist checker database: Time (s): cpu = 00:00:00.01 ; elapsed = 00:00:00.01 . Memory (MB): peak = 3847.047 ; gain = 0.000 ; free physical = 19192 ; free virtual = 40458
INFO: [Constraints 18-11670] Building netlist checker database with flags, 0x8
Done building netlist checker database: Time (s): cpu = 00:00:00.01 ; elapsed = 00:00:00.01 . Memory (MB): peak = 3847.047 ; gain = 0.000 ; free physical = 19193 ; free virtual = 40458
Phase 5 Sweep | Checksum: 1ddae7d00

Time (s): cpu = 00:00:02 ; elapsed = 00:00:02 . Memory (MB): peak = 3847.047 ; gain = 0.000 ; free physical = 19176 ; free virtual = 40442
Sweep | Checksum: 1ddae7d00
INFO: [Opt 31-389] Phase Sweep created 0 cells and removed 747 cells
INFO: [Opt 31-1021] In phase Sweep, 106 netlist objects are constrained preventing optimization. Please run opt_design with -debug_log to get more detail. 

Phase 6 BUFG optimization
INFO: [Opt 31-1077] Phase BUFG optimization inserted 0 global clock buffer(s) for CLOCK_LOW_FANOUT.
Phase 6 BUFG optimization | Checksum: 1ddae7d00

Time (s): cpu = 00:00:02 ; elapsed = 00:00:02 . Memory (MB): peak = 3879.062 ; gain = 32.016 ; free physical = 19172 ; free virtual = 40438
BUFG optimization | Checksum: 1ddae7d00
INFO: [Opt 31-662] Phase BUFG optimization created 0 cells of which 0 are BUFGs and removed 0 cells.

Phase 7 Shift Register Optimization
INFO: [Opt 31-1064] SRL Remap converted 0 SRLs to 0 registers and converted 0 registers of register chains to 0 SRLs
Phase 7 Shift Register Optimization | Checksum: 1ddae7d00

Time (s): cpu = 00:00:02 ; elapsed = 00:00:02 . Memory (MB): peak = 3879.062 ; gain = 32.016 ; free physical = 19172 ; free virtual = 40438
Shift Register Optimization | Checksum: 1ddae7d00
INFO: [Opt 31-389] Phase Shift Register Optimization created 0 cells and removed 0 cells

Phase 8 Post Processing Netlist
Phase 8 Post Processing Netlist | Checksum: 28c2bedc4

Time (s): cpu = 00:00:02 ; elapsed = 00:00:02 . Memory (MB): peak = 3879.062 ; gain = 32.016 ; free physical = 19172 ; free virtual = 40438
Post Processing Netlist | Checksum: 28c2bedc4
INFO: [Opt 31-389] Phase Post Processing Netlist created 0 cells and removed 0 cells
INFO: [Opt 31-1021] In phase Post Processing Netlist, 82 netlist objects are constrained preventing optimization. Please run opt_design with -debug_log to get more detail. 

Phase 9 Finalization

Phase 9.1 Finalizing Design Cores and Updating Shapes
Phase 9.1 Finalizing Design Cores and Updating Shapes | Checksum: 1cd6da82c

Time (s): cpu = 00:00:03 ; elapsed = 00:00:02 . Memory (MB): peak = 3879.062 ; gain = 32.016 ; free physical = 19172 ; free virtual = 40437

Phase 9.2 Verifying Netlist Connectivity

Starting Connectivity Check Task

Time (s): cpu = 00:00:00.02 ; elapsed = 00:00:00.02 . Memory (MB): peak = 3879.062 ; gain = 0.000 ; free physical = 19172 ; free virtual = 40437
Phase 9.2 Verifying Netlist Connectivity | Checksum: 1cd6da82c

Time (s): cpu = 00:00:03 ; elapsed = 00:00:02 . Memory (MB): peak = 3879.062 ; gain = 32.016 ; free physical = 19172 ; free virtual = 40437
Phase 9 Finalization | Checksum: 1cd6da82c

Time (s): cpu = 00:00:03 ; elapsed = 00:00:02 . Memory (MB): peak = 3879.062 ; gain = 32.016 ; free physical = 19172 ; free virtual = 40437
Opt_design Change Summary
=========================


-------------------------------------------------------------------------------------------------------------------------
|  Phase                        |  #Cells created  |  #Cells Removed  |  #Constrained objects preventing optimizations  |
-------------------------------------------------------------------------------------------------------------------------
|  Retarget                     |             144  |             594  |                                             82  |
|  Constant propagation         |             690  |            3957  |                                             82  |
|  Sweep                        |               0  |             747  |                                            106  |
|  BUFG optimization            |               0  |               0  |                                              0  |
|  Shift Register Optimization  |               0  |               0  |                                              0  |
|  Post Processing Netlist      |               0  |               0  |                                             82  |
-------------------------------------------------------------------------------------------------------------------------


Ending Logic Optimization Task | Checksum: 1cd6da82c

Time (s): cpu = 00:00:03 ; elapsed = 00:00:02 . Memory (MB): peak = 3879.062 ; gain = 32.016 ; free physical = 19172 ; free virtual = 40437

Starting Power Optimization Task
INFO: [Pwropt 34-132] Skipping clock gating for clocks with a period < 2.00 ns.
INFO: [Pwropt 34-9] Applying IDT optimizations ...
INFO: [Pwropt 34-10] Applying ODC optimizations ...
INFO: [Timing 38-35] Done setting XDC timing constraints.
Running Vector-less Activity Propagation...

Finished Running Vector-less Activity Propagation


Starting PowerOpt Patch Enables Task
INFO: [Pwropt 34-162] WRITE_MODE attribute of 0 BRAM(s) out of a total of 6 has been updated to save power. Run report_power_opt to get a complete listing of the BRAMs updated.
INFO: [Pwropt 34-201] Structural ODC has moved 1 WE to EN ports
Number of BRAM Ports augmented: 1 newly gated: 4 Total Ports: 12
Ending PowerOpt Patch Enables Task | Checksum: 162ae5691

Time (s): cpu = 00:00:00.16 ; elapsed = 00:00:00.14 . Memory (MB): peak = 4071.137 ; gain = 0.000 ; free physical = 19102 ; free virtual = 40368
Ending Power Optimization Task | Checksum: 162ae5691

Time (s): cpu = 00:00:05 ; elapsed = 00:00:03 . Memory (MB): peak = 4071.137 ; gain = 192.074 ; free physical = 19102 ; free virtual = 40368

Starting Final Cleanup Task
Ending Final Cleanup Task | Checksum: 162ae5691

Time (s): cpu = 00:00:00 ; elapsed = 00:00:00 . Memory (MB): peak = 4071.137 ; gain = 0.000 ; free physical = 19102 ; free virtual = 40368
Netlist sorting complete. Time (s): cpu = 00:00:00.01 ; elapsed = 00:00:00.01 . Memory (MB): peak = 4071.137 ; gain = 0.000 ; free physical = 19102 ; free virtual = 40368
INFO: [Common 17-83] Releasing license: Implementation
56 Infos, 0 Warnings, 0 Critical Warnings and 0 Errors encountered.
opt_design completed successfully
opt_design: Time (s): cpu = 00:00:11 ; elapsed = 00:00:07 . Memory (MB): peak = 4071.137 ; gain = 579.680 ; free physical = 19102 ; free virtual = 40368
source /work/development/jettag/jettag-hgq2/Training_AdaptiveHP/hls4ml_prj_acc=0.7117_ebops=303_VU_DA_bitfile/vitis_workspace/system_link/_x/link/vivado/vpl/scripts/impl_1/_full_opt_post.tcl
source /work/development/jettag/jettag-hgq2/Training_AdaptiveHP/hls4ml_prj_acc=0.7117_ebops=303_VU_DA_bitfile/vitis_workspace/system_link/_x/link/vivado/vpl/scripts/impl_1/_full_place_pre.tcl
CRITICAL WARNING: [Vivado 12-4430] You are lowering the severity from an ERROR. This can potentially lead to board damage or other functionality issues on hardware. If this is not desired, please run 'reset_property SEVERITY [get_drc_checks HDPR-5]' to undo this change.
WARNING: [Vivado 12-180] No cells matched 'get_cells -hierarchical -filter VITIS_REGION!=\"\"'.
Command: place_design
Attempting to get a license for feature 'Implementation' and/or device 'xck26'
INFO: [Common 17-349] Got license for feature 'Implementation' and/or device 'xck26'
INFO: [Common 17-83] Releasing license: Implementation
INFO: [DRC 23-27] Running DRC with 8 threads
INFO: [Vivado_Tcl 4-198] DRC finished with 0 Errors
INFO: [Vivado_Tcl 4-199] Please refer to the DRC report (report_drc) for more information.
INFO: [Timing 38-35] Done setting XDC timing constraints.
Running DRC as a precondition to command place_design
INFO: [DRC 23-27] Running DRC with 8 threads
INFO: [Vivado_Tcl 4-198] DRC finished with 0 Errors
INFO: [Vivado_Tcl 4-199] Please refer to the DRC report (report_drc) for more information.
INFO: [Place 30-611] Multithreading enabled for place_design using a maximum of 8 CPUs

Starting Placer Task

Phase 1 Placer Initialization

Phase 1.1 Placer Initialization Netlist Sorting
Netlist sorting complete. Time (s): cpu = 00:00:00.01 ; elapsed = 00:00:00 . Memory (MB): peak = 4134.219 ; gain = 0.000 ; free physical = 19048 ; free virtual = 40313
Phase 1.1 Placer Initialization Netlist Sorting | Checksum: f79f095a

Time (s): cpu = 00:00:00.01 ; elapsed = 00:00:00 . Memory (MB): peak = 4134.219 ; gain = 0.000 ; free physical = 19048 ; free virtual = 40313
Netlist sorting complete. Time (s): cpu = 00:00:00 ; elapsed = 00:00:00 . Memory (MB): peak = 4134.219 ; gain = 0.000 ; free physical = 19048 ; free virtual = 40313

Phase 1.2 IO Placement/ Clock Placement/ Build Placer Device
Phase 1.2 IO Placement/ Clock Placement/ Build Placer Device | Checksum: 1c93a149c

Time (s): cpu = 00:00:07 ; elapsed = 00:00:06 . Memory (MB): peak = 4413.652 ; gain = 279.434 ; free physical = 18644 ; free virtual = 39910

Phase 1.3 Build Placer Netlist Model
Phase 1.3 Build Placer Netlist Model | Checksum: 25532d196

Time (s): cpu = 00:00:12 ; elapsed = 00:00:09 . Memory (MB): peak = 4445.668 ; gain = 311.449 ; free physical = 18649 ; free virtual = 39915

Phase 1.4 Constrain Clocks/Macros
Phase 1.4 Constrain Clocks/Macros | Checksum: 25532d196

Time (s): cpu = 00:00:12 ; elapsed = 00:00:09 . Memory (MB): peak = 4445.668 ; gain = 311.449 ; free physical = 18648 ; free virtual = 39914
Phase 1 Placer Initialization | Checksum: 25532d196

Time (s): cpu = 00:00:12 ; elapsed = 00:00:09 . Memory (MB): peak = 4445.668 ; gain = 311.449 ; free physical = 18648 ; free virtual = 39914

Phase 2 Global Placement

Phase 2.1 Floorplanning

Phase 2.1.1 Partition Driven Placement

Phase 2.1.1.1 PBP: Partition Driven Placement
Phase 2.1.1.1 PBP: Partition Driven Placement | Checksum: 272b928c3

Time (s): cpu = 00:00:17 ; elapsed = 00:00:11 . Memory (MB): peak = 4445.668 ; gain = 311.449 ; free physical = 18685 ; free virtual = 39951

Phase 2.1.1.2 PBP: Clock Region Placement
INFO: [Place 30-3162] Check ILP status : ILP-based clock placer completed successfully.
Phase 2.1.1.2 PBP: Clock Region Placement | Checksum: 272b928c3

Time (s): cpu = 00:00:17 ; elapsed = 00:00:11 . Memory (MB): peak = 4445.668 ; gain = 311.449 ; free physical = 18685 ; free virtual = 39951

Phase 2.1.1.3 PBP: Compute Congestion
Phase 2.1.1.3 PBP: Compute Congestion | Checksum: 272b928c3

Time (s): cpu = 00:00:22 ; elapsed = 00:00:13 . Memory (MB): peak = 4666.652 ; gain = 532.434 ; free physical = 18365 ; free virtual = 39631

Phase 2.1.1.4 PBP: UpdateTiming
Phase 2.1.1.4 PBP: UpdateTiming | Checksum: 2bd732c49

Time (s): cpu = 00:00:23 ; elapsed = 00:00:13 . Memory (MB): peak = 4698.668 ; gain = 564.449 ; free physical = 18365 ; free virtual = 39631

Phase 2.1.1.5 PBP: Add part constraints
Phase 2.1.1.5 PBP: Add part constraints | Checksum: 2bd732c49

Time (s): cpu = 00:00:23 ; elapsed = 00:00:13 . Memory (MB): peak = 4698.668 ; gain = 564.449 ; free physical = 18365 ; free virtual = 39631
Phase 2.1.1 Partition Driven Placement | Checksum: 2bd732c49

Time (s): cpu = 00:00:23 ; elapsed = 00:00:13 . Memory (MB): peak = 4698.668 ; gain = 564.449 ; free physical = 18365 ; free virtual = 39631
Phase 2.1 Floorplanning | Checksum: 20e84df94

Time (s): cpu = 00:00:23 ; elapsed = 00:00:13 . Memory (MB): peak = 4698.668 ; gain = 564.449 ; free physical = 18365 ; free virtual = 39631

Phase 2.2 Update Timing before SLR Path Opt
Phase 2.2 Update Timing before SLR Path Opt | Checksum: 20e84df94

Time (s): cpu = 00:00:24 ; elapsed = 00:00:13 . Memory (MB): peak = 4698.668 ; gain = 564.449 ; free physical = 18365 ; free virtual = 39631

Phase 2.3 Post-Processing in Floorplanning
Phase 2.3 Post-Processing in Floorplanning | Checksum: 20e84df94

Time (s): cpu = 00:00:24 ; elapsed = 00:00:13 . Memory (MB): peak = 4698.668 ; gain = 564.449 ; free physical = 18365 ; free virtual = 39631

Phase 2.4 Global Place Phase1
Phase 2.4 Global Place Phase1 | Checksum: 2a1e77034

Time (s): cpu = 00:00:47 ; elapsed = 00:00:21 . Memory (MB): peak = 4753.668 ; gain = 619.449 ; free physical = 18337 ; free virtual = 39603

Phase 2.5 Global Place Phase2

Phase 2.5.1 UpdateTiming Before Physical Synthesis
Phase 2.5.1 UpdateTiming Before Physical Synthesis | Checksum: 2f8fa4856

Time (s): cpu = 00:00:49 ; elapsed = 00:00:22 . Memory (MB): peak = 4753.668 ; gain = 619.449 ; free physical = 18345 ; free virtual = 39611

Phase 2.5.2 Physical Synthesis In Placer
INFO: [Physopt 32-1035] Found 0 LUTNM shape to break, 1202 LUT instances to create LUTNM shape
INFO: [Physopt 32-1044] Break lutnm for timing: one critical 0, two critical 0, total 0, new lutff created 0
INFO: [Physopt 32-1138] End 1 Pass. Optimized 425 nets or LUTs. Breaked 0 LUT, combined 425 existing LUTs and moved 0 existing LUT
INFO: [Physopt 32-670] No setup violation found.  Equivalent Driver Rewiring was not performed.
INFO: [Physopt 32-65] No nets found for high-fanout optimization.
INFO: [Physopt 32-232] Optimized 0 net. Created 0 new instance.
INFO: [Physopt 32-775] End 1 Pass. Optimized 0 net or cell. Created 0 new cell, deleted 0 existing cell and moved 0 existing cell
INFO: [Physopt 32-670] No setup violation found.  DSP Register Optimization was not performed.
INFO: [Physopt 32-670] No setup violation found.  Shift Register to Pipeline Optimization was not performed.
INFO: [Physopt 32-670] No setup violation found.  Shift Register Optimization was not performed.
INFO: [Physopt 32-670] No setup violation found.  BRAM Register Optimization was not performed.
INFO: [Physopt 32-670] No setup violation found.  URAM Register Optimization was not performed.
INFO: [Physopt 32-949] No candidate nets found for dynamic/static region interface net replication
INFO: [Physopt 32-775] End 1 Pass. Optimized 0 net or cell. Created 0 new cell, deleted 0 existing cell and moved 0 existing cell
Netlist sorting complete. Time (s): cpu = 00:00:00 ; elapsed = 00:00:00.01 . Memory (MB): peak = 4753.668 ; gain = 0.000 ; free physical = 18345 ; free virtual = 39611

Summary of Physical Synthesis Optimizations
============================================


-----------------------------------------------------------------------------------------------------------------------------------------------------------
|  Optimization                                     |  Added Cells  |  Removed Cells  |  Optimized Cells/Nets  |  Dont Touch  |  Iterations  |  Elapsed   |
-----------------------------------------------------------------------------------------------------------------------------------------------------------
|  LUT Combining                                    |            0  |            425  |                   425  |           0  |           1  |  00:00:00  |
|  Retime                                           |            0  |              0  |                     0  |           0  |           1  |  00:00:00  |
|  Equivalent Driver Rewiring                       |            0  |              0  |                     0  |           0  |           0  |  00:00:00  |
|  Very High Fanout                                 |            0  |              0  |                     0  |           0  |           1  |  00:00:00  |
|  DSP Register                                     |            0  |              0  |                     0  |           0  |           0  |  00:00:00  |
|  Shift Register to Pipeline                       |            0  |              0  |                     0  |           0  |           0  |  00:00:00  |
|  Shift Register                                   |            0  |              0  |                     0  |           0  |           0  |  00:00:00  |
|  BRAM Register                                    |            0  |              0  |                     0  |           0  |           0  |  00:00:00  |
|  URAM Register                                    |            0  |              0  |                     0  |           0  |           0  |  00:00:00  |
|  Dynamic/Static Region Interface Net Replication  |            0  |              0  |                     0  |           0  |           1  |  00:00:00  |
|  Total                                            |            0  |            425  |                   425  |           0  |           4  |  00:00:00  |
-----------------------------------------------------------------------------------------------------------------------------------------------------------


Phase 2.5.2 Physical Synthesis In Placer | Checksum: 210b4f12f

Time (s): cpu = 00:00:51 ; elapsed = 00:00:23 . Memory (MB): peak = 4753.668 ; gain = 619.449 ; free physical = 18366 ; free virtual = 39632
Phase 2.5 Global Place Phase2 | Checksum: 298710934

Time (s): cpu = 00:00:58 ; elapsed = 00:00:25 . Memory (MB): peak = 4753.668 ; gain = 619.449 ; free physical = 18314 ; free virtual = 39580
Phase 2 Global Placement | Checksum: 298710934

Time (s): cpu = 00:00:58 ; elapsed = 00:00:25 . Memory (MB): peak = 4753.668 ; gain = 619.449 ; free physical = 18314 ; free virtual = 39580

Phase 3 Detail Placement

Phase 3.1 Commit Multi Column Macros
Phase 3.1 Commit Multi Column Macros | Checksum: 2806da50e

Time (s): cpu = 00:01:04 ; elapsed = 00:00:27 . Memory (MB): peak = 4753.668 ; gain = 619.449 ; free physical = 18267 ; free virtual = 39533

Phase 3.2 Commit Most Macros & LUTRAMs
Phase 3.2 Commit Most Macros & LUTRAMs | Checksum: 22396cda4

Time (s): cpu = 00:01:06 ; elapsed = 00:00:27 . Memory (MB): peak = 4753.668 ; gain = 619.449 ; free physical = 18274 ; free virtual = 39540

Phase 3.3 Small Shape DP

Phase 3.3.1 Small Shape Clustering
Phase 3.3.1 Small Shape Clustering | Checksum: 189f97015

Time (s): cpu = 00:01:13 ; elapsed = 00:00:29 . Memory (MB): peak = 4753.668 ; gain = 619.449 ; free physical = 18259 ; free virtual = 39525

Phase 3.3.2 Slice Area Swap

Phase 3.3.2.1 Slice Area Swap Initial
Phase 3.3.2.1 Slice Area Swap Initial | Checksum: 269037ea7

Time (s): cpu = 00:01:14 ; elapsed = 00:00:30 . Memory (MB): peak = 4753.668 ; gain = 619.449 ; free physical = 18262 ; free virtual = 39527
Phase 3.3.2 Slice Area Swap | Checksum: 269037ea7

Time (s): cpu = 00:01:14 ; elapsed = 00:00:30 . Memory (MB): peak = 4753.668 ; gain = 619.449 ; free physical = 18262 ; free virtual = 39528
Phase 3.3 Small Shape DP | Checksum: 1bc43b046

Time (s): cpu = 00:01:16 ; elapsed = 00:00:31 . Memory (MB): peak = 4753.668 ; gain = 619.449 ; free physical = 18263 ; free virtual = 39529

Phase 3.4 Re-assign LUT pins
Phase 3.4 Re-assign LUT pins | Checksum: 20d312711

Time (s): cpu = 00:01:17 ; elapsed = 00:00:32 . Memory (MB): peak = 4753.668 ; gain = 619.449 ; free physical = 18269 ; free virtual = 39535

Phase 3.5 Pipeline Register Optimization
Phase 3.5 Pipeline Register Optimization | Checksum: 270decad9

Time (s): cpu = 00:01:17 ; elapsed = 00:00:32 . Memory (MB): peak = 4753.668 ; gain = 619.449 ; free physical = 18269 ; free virtual = 39535
Phase 3 Detail Placement | Checksum: 270decad9

Time (s): cpu = 00:01:17 ; elapsed = 00:00:32 . Memory (MB): peak = 4753.668 ; gain = 619.449 ; free physical = 18268 ; free virtual = 39534

Phase 4 Post Placement Optimization and Clean-Up

Phase 4.1 Post Commit Optimization
INFO: [Timing 38-35] Done setting XDC timing constraints.

Phase 4.1.1 Post Placement Optimization
Post Placement Optimization Initialization | Checksum: 225a2f2f2

Phase 4.1.1.1 BUFG Insertion

Starting Physical Synthesis Task

Phase 1 Physical Synthesis Initialization
INFO: [Physopt 32-721] Multithreading enabled for phys_opt_design using a maximum of 8 CPUs
INFO: [Physopt 32-619] Estimated Timing Summary | WNS=6.217 | TNS=0.000 |
Phase 1 Physical Synthesis Initialization | Checksum: 1630b0201

Time (s): cpu = 00:00:00.57 ; elapsed = 00:00:00.15 . Memory (MB): peak = 4753.668 ; gain = 0.000 ; free physical = 18262 ; free virtual = 39528
INFO: [Place 46-56] BUFG insertion identified 0 candidate nets. Inserted BUFG: 0, Replicated BUFG Driver: 0, Skipped due to Placement/Routing Conflicts: 0, Skipped due to Timing Degradation: 0, Skipped due to netlist editing failed: 0.
Ending Physical Synthesis Task | Checksum: 2b70e3edb

Time (s): cpu = 00:00:00.82 ; elapsed = 00:00:00.24 . Memory (MB): peak = 4753.668 ; gain = 0.000 ; free physical = 18262 ; free virtual = 39528
Phase 4.1.1.1 BUFG Insertion | Checksum: 225a2f2f2

Time (s): cpu = 00:01:30 ; elapsed = 00:00:36 . Memory (MB): peak = 4753.668 ; gain = 619.449 ; free physical = 18262 ; free virtual = 39528

Phase 4.1.1.2 Post Placement Timing Optimization
INFO: [Place 30-746] Post Placement Timing Summary WNS=6.217. For the most accurate timing information please run report_timing.
Phase 4.1.1.2 Post Placement Timing Optimization | Checksum: 2bbdc025f

Time (s): cpu = 00:01:30 ; elapsed = 00:00:36 . Memory (MB): peak = 4753.668 ; gain = 619.449 ; free physical = 18266 ; free virtual = 39532

Time (s): cpu = 00:01:30 ; elapsed = 00:00:36 . Memory (MB): peak = 4753.668 ; gain = 619.449 ; free physical = 18266 ; free virtual = 39532
Phase 4.1 Post Commit Optimization | Checksum: 2bbdc025f

Time (s): cpu = 00:01:30 ; elapsed = 00:00:36 . Memory (MB): peak = 4753.668 ; gain = 619.449 ; free physical = 18266 ; free virtual = 39532
Netlist sorting complete. Time (s): cpu = 00:00:00 ; elapsed = 00:00:00.01 . Memory (MB): peak = 4772.652 ; gain = 0.000 ; free physical = 18220 ; free virtual = 39486

Phase 4.2 Post Placement Cleanup
Phase 4.2 Post Placement Cleanup | Checksum: 28b2913c1

Time (s): cpu = 00:01:37 ; elapsed = 00:00:39 . Memory (MB): peak = 4772.652 ; gain = 638.434 ; free physical = 18220 ; free virtual = 39486

Phase 4.3 Placer Reporting

Phase 4.3.1 Print Estimated Congestion
INFO: [Place 30-612] Post-Placement Estimated Congestion 
 ________________________________________________________________________
|           | Global Congestion | Long Congestion   | Short Congestion  |
| Direction | Region Size       | Region Size       | Region Size       |
|___________|___________________|___________________|___________________|
|      North|                1x1|                1x1|                1x1|
|___________|___________________|___________________|___________________|
|      South|                1x1|                1x1|                1x1|
|___________|___________________|___________________|___________________|
|       East|                1x1|                1x1|                1x1|
|___________|___________________|___________________|___________________|
|       West|                1x1|                1x1|                1x1|
|___________|___________________|___________________|___________________|

Phase 4.3.1 Print Estimated Congestion | Checksum: 28b2913c1

Time (s): cpu = 00:01:38 ; elapsed = 00:00:39 . Memory (MB): peak = 4772.652 ; gain = 638.434 ; free physical = 18220 ; free virtual = 39486
Phase 4.3 Placer Reporting | Checksum: 28b2913c1

Time (s): cpu = 00:01:38 ; elapsed = 00:00:39 . Memory (MB): peak = 4772.652 ; gain = 638.434 ; free physical = 18220 ; free virtual = 39486

Phase 4.4 Final Placement Cleanup
Netlist sorting complete. Time (s): cpu = 00:00:00.01 ; elapsed = 00:00:00 . Memory (MB): peak = 4772.652 ; gain = 0.000 ; free physical = 18220 ; free virtual = 39486

Time (s): cpu = 00:01:38 ; elapsed = 00:00:39 . Memory (MB): peak = 4772.652 ; gain = 638.434 ; free physical = 18220 ; free virtual = 39486
Phase 4 Post Placement Optimization and Clean-Up | Checksum: 2b2358c77

Time (s): cpu = 00:01:38 ; elapsed = 00:00:39 . Memory (MB): peak = 4772.652 ; gain = 638.434 ; free physical = 18220 ; free virtual = 39486
Ending Placer Task | Checksum: 1c6c42fc8

Time (s): cpu = 00:01:38 ; elapsed = 00:00:39 . Memory (MB): peak = 4772.652 ; gain = 638.434 ; free physical = 18220 ; free virtual = 39486
87 Infos, 1 Warnings, 1 Critical Warnings and 0 Errors encountered.
place_design completed successfully
place_design: Time (s): cpu = 00:01:41 ; elapsed = 00:00:41 . Memory (MB): peak = 4772.652 ; gain = 701.516 ; free physical = 18220 ; free virtual = 39486
source /work/development/jettag/jettag-hgq2/Training_AdaptiveHP/hls4ml_prj_acc=0.7117_ebops=303_VU_DA_bitfile/vitis_workspace/system_link/_x/link/vivado/vpl/scripts/impl_1/_full_place_post.tcl
INFO: System Diagram: Run step: placed

Command: phys_opt_design
Attempting to get a license for feature 'Implementation' and/or device 'xck26'
INFO: [Common 17-349] Got license for feature 'Implementation' and/or device 'xck26'

Starting Initial Update Timing Task

Time (s): cpu = 00:00:05 ; elapsed = 00:00:01 . Memory (MB): peak = 4772.652 ; gain = 0.000 ; free physical = 18194 ; free virtual = 39461
INFO: [Vivado_Tcl 4-2279] Estimated Timing Summary | WNS= 6.215 | TNS= 0.000 | 
INFO: [Vivado_Tcl 4-383] Design worst setup slack (WNS) is greater than or equal to 0.000 ns. All physical synthesis setup optimizations will be skipped.
INFO: [Vivado_Tcl 4-232] No setup violation found. The netlist was not modified.
INFO: [Common 17-83] Releasing license: Implementation
92 Infos, 1 Warnings, 1 Critical Warnings and 0 Errors encountered.
phys_opt_design completed successfully
Command: route_design
Attempting to get a license for feature 'Implementation' and/or device 'xck26'
INFO: [Common 17-349] Got license for feature 'Implementation' and/or device 'xck26'


Starting Routing Task
INFO: [Route 35-254] Multithreading enabled for route_design using a maximum of 8 CPUs

Phase 1 Build RT Design
Checksum: PlaceDB: e32403d0 ConstDB: 0 ShapeSum: 4e3b944a RouteDB: 956497ae
Nodegraph reading from file.  Time (s): cpu = 00:00:00.26 ; elapsed = 00:00:00.27 . Memory (MB): peak = 4772.652 ; gain = 0.000 ; free physical = 18206 ; free virtual = 39472
Post Restoration Checksum: NetGraph: 50662974 | NumContArr: bc3cad0 | Constraints: ba4ebe5d | Timing: c2a8fa9d
Phase 1 Build RT Design | Checksum: 1d921ad3e

Time (s): cpu = 00:00:06 ; elapsed = 00:00:02 . Memory (MB): peak = 4772.652 ; gain = 0.000 ; free physical = 18202 ; free virtual = 39468

Phase 2 Router Initialization

Phase 2.1 Fix Topology Constraints
Phase 2.1 Fix Topology Constraints | Checksum: 1d921ad3e

Time (s): cpu = 00:00:06 ; elapsed = 00:00:02 . Memory (MB): peak = 4772.652 ; gain = 0.000 ; free physical = 18202 ; free virtual = 39468

Phase 2.2 Pre Route Cleanup
Phase 2.2 Pre Route Cleanup | Checksum: 1d921ad3e

Time (s): cpu = 00:00:07 ; elapsed = 00:00:02 . Memory (MB): peak = 4772.652 ; gain = 0.000 ; free physical = 18202 ; free virtual = 39468

Phase 2.3 Global Clock Net Routing
 Number of Nodes with overlaps = 0
Phase 2.3 Global Clock Net Routing | Checksum: 29440d368

Time (s): cpu = 00:00:07 ; elapsed = 00:00:03 . Memory (MB): peak = 4772.652 ; gain = 0.000 ; free physical = 18203 ; free virtual = 39469

Phase 2.4 Update Timing
Phase 2.4 Update Timing | Checksum: 15f09aaff

Time (s): cpu = 00:00:11 ; elapsed = 00:00:04 . Memory (MB): peak = 4772.652 ; gain = 0.000 ; free physical = 18208 ; free virtual = 39474
INFO: [Route 35-416] Intermediate Timing Summary | WNS=6.279  | TNS=0.000  | WHS=-0.098 | THS=-187.203|


Phase 2.5 Soft Constraint Pins - Fast Budgeting
Phase 2.5 Soft Constraint Pins - Fast Budgeting | Checksum: 160f0d4af

Time (s): cpu = 00:00:15 ; elapsed = 00:00:05 . Memory (MB): peak = 4772.652 ; gain = 0.000 ; free physical = 18212 ; free virtual = 39478

Router Utilization Summary
  Global Vertical Routing Utilization    = 0 %
  Global Horizontal Routing Utilization  = 0 %
  Routable Net Status*
  *Does not include unroutable nets such as driverless and loadless.
  Run report_route_status for detailed report.
  Number of Failed Nets               = 21776
    (Failed Nets is the sum of unrouted and partially routed nets)
  Number of Unrouted Nets             = 18704
  Number of Partially Routed Nets     = 3072
  Number of Node Overlaps             = 0

Phase 2 Router Initialization | Checksum: 15d3e306e

Time (s): cpu = 00:00:15 ; elapsed = 00:00:05 . Memory (MB): peak = 4772.652 ; gain = 0.000 ; free physical = 18212 ; free virtual = 39478

Phase 3 Global Routing
Phase 3 Global Routing | Checksum: 15d3e306e

Time (s): cpu = 00:00:15 ; elapsed = 00:00:05 . Memory (MB): peak = 4772.652 ; gain = 0.000 ; free physical = 18212 ; free virtual = 39478

Phase 4 Initial Routing

Phase 4.1 Initial Net Routing Pass
Phase 4.1 Initial Net Routing Pass | Checksum: 278a31014

Time (s): cpu = 00:00:18 ; elapsed = 00:00:06 . Memory (MB): peak = 4772.652 ; gain = 0.000 ; free physical = 18216 ; free virtual = 39482
Phase 4 Initial Routing | Checksum: 24489945e

Time (s): cpu = 00:00:19 ; elapsed = 00:00:06 . Memory (MB): peak = 4772.652 ; gain = 0.000 ; free physical = 18216 ; free virtual = 39482

Phase 5 Rip-up And Reroute

Phase 5.1 Global Iteration 0
 Number of Nodes with overlaps = 3700
 Number of Nodes with overlaps = 241
 Number of Nodes with overlaps = 4
 Number of Nodes with overlaps = 1
 Number of Nodes with overlaps = 0
INFO: [Route 35-416] Intermediate Timing Summary | WNS=5.606  | TNS=0.000  | WHS=-0.044 | THS=-0.347 |

Phase 5.1 Global Iteration 0 | Checksum: 205b7f5ea

Time (s): cpu = 00:00:37 ; elapsed = 00:00:12 . Memory (MB): peak = 4772.652 ; gain = 0.000 ; free physical = 18216 ; free virtual = 39482

Phase 5.2 Additional Iteration for Hold
Phase 5.2 Additional Iteration for Hold | Checksum: 2825c8b09

Time (s): cpu = 00:00:37 ; elapsed = 00:00:12 . Memory (MB): peak = 4772.652 ; gain = 0.000 ; free physical = 18216 ; free virtual = 39482
Phase 5 Rip-up And Reroute | Checksum: 2825c8b09

Time (s): cpu = 00:00:37 ; elapsed = 00:00:12 . Memory (MB): peak = 4772.652 ; gain = 0.000 ; free physical = 18216 ; free virtual = 39482

Phase 6 Delay and Skew Optimization

Phase 6.1 Delay CleanUp
INFO: [Route 35-416] Intermediate Timing Summary | WNS=5.606  | TNS=0.000  | WHS=0.010  | THS=0.000  |

INFO: [Route 35-416] Intermediate Timing Summary | WNS=5.606  | TNS=0.000  | WHS=0.010  | THS=0.000  |

Phase 6.1 Delay CleanUp | Checksum: 2980b2e59

Time (s): cpu = 00:00:40 ; elapsed = 00:00:12 . Memory (MB): peak = 4772.652 ; gain = 0.000 ; free physical = 18221 ; free virtual = 39487

Phase 6.2 Clock Skew Optimization
Phase 6.2 Clock Skew Optimization | Checksum: 2980b2e59

Time (s): cpu = 00:00:40 ; elapsed = 00:00:12 . Memory (MB): peak = 4772.652 ; gain = 0.000 ; free physical = 18221 ; free virtual = 39487
Phase 6 Delay and Skew Optimization | Checksum: 2980b2e59

Time (s): cpu = 00:00:40 ; elapsed = 00:00:12 . Memory (MB): peak = 4772.652 ; gain = 0.000 ; free physical = 18221 ; free virtual = 39487

Phase 7 Post Hold Fix

Phase 7.1 Hold Fix Iter
INFO: [Route 35-416] Intermediate Timing Summary | WNS=5.606  | TNS=0.000  | WHS=0.010  | THS=0.000  |

Phase 7.1 Hold Fix Iter | Checksum: 31e4f6ddf

Time (s): cpu = 00:00:42 ; elapsed = 00:00:13 . Memory (MB): peak = 4772.652 ; gain = 0.000 ; free physical = 18221 ; free virtual = 39487
Phase 7 Post Hold Fix | Checksum: 31e4f6ddf

Time (s): cpu = 00:00:42 ; elapsed = 00:00:13 . Memory (MB): peak = 4772.652 ; gain = 0.000 ; free physical = 18221 ; free virtual = 39487

Phase 8 Route finalize

Router Utilization Summary
  Global Vertical Routing Utilization    = 1.77388 %
  Global Horizontal Routing Utilization  = 2.21327 %
  Routable Net Status*
  *Does not include unroutable nets such as driverless and loadless.
  Run report_route_status for detailed report.
  Number of Failed Nets               = 0
    (Failed Nets is the sum of unrouted and partially routed nets)
  Number of Unrouted Nets             = 0
  Number of Partially Routed Nets     = 0
  Number of Node Overlaps             = 0

Phase 8 Route finalize | Checksum: 31e4f6ddf

Time (s): cpu = 00:00:42 ; elapsed = 00:00:13 . Memory (MB): peak = 4772.652 ; gain = 0.000 ; free physical = 18221 ; free virtual = 39487

Phase 9 Verifying routed nets

 Verification completed successfully
Phase 9 Verifying routed nets | Checksum: 31e4f6ddf

Time (s): cpu = 00:00:42 ; elapsed = 00:00:13 . Memory (MB): peak = 4772.652 ; gain = 0.000 ; free physical = 18221 ; free virtual = 39487

Phase 10 Depositing Routes
Phase 10 Depositing Routes | Checksum: 31e4f6ddf

Time (s): cpu = 00:00:43 ; elapsed = 00:00:14 . Memory (MB): peak = 4772.652 ; gain = 0.000 ; free physical = 18218 ; free virtual = 39484

Phase 11 Resolve XTalk
Phase 11 Resolve XTalk | Checksum: 31e4f6ddf

Time (s): cpu = 00:00:43 ; elapsed = 00:00:14 . Memory (MB): peak = 4772.652 ; gain = 0.000 ; free physical = 18218 ; free virtual = 39484

Phase 12 Post Process Routing
Phase 12 Post Process Routing | Checksum: 31e4f6ddf

Time (s): cpu = 00:00:44 ; elapsed = 00:00:14 . Memory (MB): peak = 4772.652 ; gain = 0.000 ; free physical = 18220 ; free virtual = 39486

Phase 13 Post Router Timing
INFO: [Route 35-57] Estimated Timing Summary | WNS=5.606  | TNS=0.000  | WHS=0.010  | THS=0.000  |

INFO: [Route 35-327] The final timing numbers are based on the router estimated timing analysis. For a complete and accurate timing signoff, please run report_timing_summary.
Phase 13 Post Router Timing | Checksum: 31e4f6ddf

Time (s): cpu = 00:00:44 ; elapsed = 00:00:14 . Memory (MB): peak = 4772.652 ; gain = 0.000 ; free physical = 18220 ; free virtual = 39486
Total Elapsed time in route_design: 13.88 secs

Phase 14 Post-Route Event Processing
Phase 14 Post-Route Event Processing | Checksum: 1900888e5

Time (s): cpu = 00:00:44 ; elapsed = 00:00:14 . Memory (MB): peak = 4772.652 ; gain = 0.000 ; free physical = 18220 ; free virtual = 39486
INFO: [Route 35-16] Router Completed Successfully
Ending Routing Task | Checksum: 1900888e5

Time (s): cpu = 00:00:44 ; elapsed = 00:00:14 . Memory (MB): peak = 4772.652 ; gain = 0.000 ; free physical = 18220 ; free virtual = 39486

Routing Is Done.
INFO: [Common 17-83] Releasing license: Implementation
103 Infos, 1 Warnings, 1 Critical Warnings and 0 Errors encountered.
route_design completed successfully
route_design: Time (s): cpu = 00:00:44 ; elapsed = 00:00:14 . Memory (MB): peak = 4772.652 ; gain = 0.000 ; free physical = 18220 ; free virtual = 39486
INFO: [Vivado 12-24828] Executing command : report_timing_summary -max_paths 10 -file vitis_design_wrapper_timing_summary_routed.rpt -pb vitis_design_wrapper_timing_summary_routed.pb -rpx vitis_design_wrapper_timing_summary_routed.rpx -warn_on_violation 
INFO: [Timing 38-91] UpdateTimingParams: Speed grade: -2LV, Temperature grade: C, Delay Type: min_max.
INFO: [Timing 38-191] Multithreading enabled for timing update using a maximum of 8 CPUs
source /work/development/jettag/jettag-hgq2/Training_AdaptiveHP/hls4ml_prj_acc=0.7117_ebops=303_VU_DA_bitfile/vitis_workspace/system_link/_x/link/vivado/vpl/scripts/impl_1/_full_route_post.tcl
INFO: System Diagram: Run step: routed

WARNING: Unable to find metadata file: /work/development/jettag/jettag-hgq2/Training_AdaptiveHP/hls4ml_prj_acc=0.7117_ebops=303_VU_DA_bitfile/vitis_workspace/system_link/_x/link/int/debug_ip_layout.rtd
INFO: [Timing 38-480] Writing timing data to binary archive.
Write ShapeDB Complete: Time (s): cpu = 00:00:00.25 ; elapsed = 00:00:00.06 . Memory (MB): peak = 4772.652 ; gain = 0.000 ; free physical = 18205 ; free virtual = 39479
Wrote PlaceDB: Time (s): cpu = 00:00:02 ; elapsed = 00:00:00.46 . Memory (MB): peak = 4772.652 ; gain = 0.000 ; free physical = 18189 ; free virtual = 39483
Wrote PulsedLatchDB: Time (s): cpu = 00:00:00 ; elapsed = 00:00:00 . Memory (MB): peak = 4772.652 ; gain = 0.000 ; free physical = 18189 ; free virtual = 39483
Writing XDEF routing.
Writing XDEF routing logical nets.
Writing XDEF routing special nets.
Wrote RouteStorage: Time (s): cpu = 00:00:00.58 ; elapsed = 00:00:00.19 . Memory (MB): peak = 4772.652 ; gain = 0.000 ; free physical = 18189 ; free virtual = 39488
Wrote Netlist Cache: Time (s): cpu = 00:00:00.03 ; elapsed = 00:00:00.02 . Memory (MB): peak = 4772.652 ; gain = 0.000 ; free physical = 18189 ; free virtual = 39490
Wrote Device Cache: Time (s): cpu = 00:00:00.03 ; elapsed = 00:00:00.01 . Memory (MB): peak = 4772.652 ; gain = 0.000 ; free physical = 18189 ; free virtual = 39493
Write Physdb Complete: Time (s): cpu = 00:00:02 ; elapsed = 00:00:00.7 . Memory (MB): peak = 4772.652 ; gain = 0.000 ; free physical = 18189 ; free virtual = 39493
INFO: [Common 17-1381] The checkpoint '/work/development/jettag/jettag-hgq2/Training_AdaptiveHP/hls4ml_prj_acc=0.7117_ebops=303_VU_DA_bitfile/vitis_workspace/system_link/_x/link/vivado/vpl/prj/prj.runs/impl_1/vitis_design_wrapper_routed.dcp' has been generated.
source /work/development/jettag/jettag-hgq2/Training_AdaptiveHP/hls4ml_prj_acc=0.7117_ebops=303_VU_DA_bitfile/vitis_workspace/system_link/_x/link/vivado/vpl/scripts/impl_1/_full_write_bitstream_pre.tcl
INFO: [OCL_UTIL] clock frequency scaling is disabled for this flow, perform the normal timing check instead
INFO: [OCL_UTIL] get_timing_paths -quiet -slack_lesser_than 0
INFO: [OCL_UTIL] report_pulse_width -all_violators
INFO: [OCL_UTIL] No pulse width violation is detected.

WARNING::74 - Unsupported FPGA device name 'xck26-sfvc784-2LV-c'. Verify that the specified device is a valid customer supported device.
-p xck26-sfvc784-2LV-c
   ^

INFO: [Memdata 28-167] Found XPM memory block vitis_design_i/smc_ic_zynq_ultra_ps_e_0_S_AXI_HP0_FPD/inst/s01_nodes/s01_w_node/inst/inst_mi_handler/gen_normal_area.inst_fifo_node_payld/gen_xpm_memory_fifo.inst_fifo/gen_mem_rep[0].inst_xpm_memory/xpm_memory_base_inst with a P_MEMORY_PRIMITIVE property set to distributed. A value of block is required. You will not be able to use the updatemem program to update the bitstream with new data for the vitis_design_i/smc_ic_zynq_ultra_ps_e_0_S_AXI_HP0_FPD/inst/s01_nodes/s01_w_node/inst/inst_mi_handler/gen_normal_area.inst_fifo_node_payld/gen_xpm_memory_fifo.inst_fifo/gen_mem_rep[0].inst_xpm_memory/xpm_memory_base_inst block.
INFO: [Memdata 28-167] Found XPM memory block vitis_design_i/smc_ic_zynq_ultra_ps_e_0_S_AXI_HP0_FPD/inst/s01_nodes/s01_w_node/inst/inst_mi_handler/gen_normal_area.gen_fifo_req.inst_fifo_req/gen_xpm_memory_fifo.inst_fifo/gen_mem_rep[0].inst_xpm_memory/xpm_memory_base_inst with a P_MEMORY_PRIMITIVE property set to distributed. A value of block is required. You will not be able to use the updatemem program to update the bitstream with new data for the vitis_design_i/smc_ic_zynq_ultra_ps_e_0_S_AXI_HP0_FPD/inst/s01_nodes/s01_w_node/inst/inst_mi_handler/gen_normal_area.gen_fifo_req.inst_fifo_req/gen_xpm_memory_fifo.inst_fifo/gen_mem_rep[0].inst_xpm_memory/xpm_memory_base_inst block.
INFO: [Memdata 28-167] Found XPM memory block vitis_design_i/smc_ic_zynq_ultra_ps_e_0_S_AXI_HP0_FPD/inst/s01_nodes/s01_aw_node/inst/inst_mi_handler/gen_normal_area.inst_fifo_node_payld/gen_xpm_memory_fifo.inst_fifo/gen_mem_rep[0].inst_xpm_memory/xpm_memory_base_inst with a P_MEMORY_PRIMITIVE property set to distributed. A value of block is required. You will not be able to use the updatemem program to update the bitstream with new data for the vitis_design_i/smc_ic_zynq_ultra_ps_e_0_S_AXI_HP0_FPD/inst/s01_nodes/s01_aw_node/inst/inst_mi_handler/gen_normal_area.inst_fifo_node_payld/gen_xpm_memory_fifo.inst_fifo/gen_mem_rep[0].inst_xpm_memory/xpm_memory_base_inst block.
INFO: [Memdata 28-167] Found XPM memory block vitis_design_i/smc_ic_zynq_ultra_ps_e_0_S_AXI_HP0_FPD/inst/s00_nodes/s00_r_node/inst/inst_mi_handler/gen_normal_area.inst_fifo_node_payld/gen_xpm_memory_fifo.inst_fifo/gen_mem_rep[0].inst_xpm_memory/xpm_memory_base_inst with a P_MEMORY_PRIMITIVE property set to distributed. A value of block is required. You will not be able to use the updatemem program to update the bitstream with new data for the vitis_design_i/smc_ic_zynq_ultra_ps_e_0_S_AXI_HP0_FPD/inst/s00_nodes/s00_r_node/inst/inst_mi_handler/gen_normal_area.inst_fifo_node_payld/gen_xpm_memory_fifo.inst_fifo/gen_mem_rep[0].inst_xpm_memory/xpm_memory_base_inst block.
INFO: [Memdata 28-167] Found XPM memory block vitis_design_i/smc_ic_zynq_ultra_ps_e_0_S_AXI_HP0_FPD/inst/s00_nodes/s00_ar_node/inst/inst_mi_handler/gen_normal_area.inst_fifo_node_payld/gen_xpm_memory_fifo.inst_fifo/gen_mem_rep[0].inst_xpm_memory/xpm_memory_base_inst with a P_MEMORY_PRIMITIVE property set to distributed. A value of block is required. You will not be able to use the updatemem program to update the bitstream with new data for the vitis_design_i/smc_ic_zynq_ultra_ps_e_0_S_AXI_HP0_FPD/inst/s00_nodes/s00_ar_node/inst/inst_mi_handler/gen_normal_area.inst_fifo_node_payld/gen_xpm_memory_fifo.inst_fifo/gen_mem_rep[0].inst_xpm_memory/xpm_memory_base_inst block.
INFO: [Memdata 28-167] Found XPM memory block vitis_design_i/smc_ic_zynq_ultra_ps_e_0_S_AXI_HP0_FPD/inst/m00_nodes/m00_w_node/inst/inst_si_handler/gen_si_handler.gen_request_fifos.gen_req_fifo[1].inst_req_fifo/gen_xpm_memory_fifo.inst_fifo/gen_mem_rep[0].inst_xpm_memory/xpm_memory_base_inst with a P_MEMORY_PRIMITIVE property set to distributed. A value of block is required. You will not be able to use the updatemem program to update the bitstream with new data for the vitis_design_i/smc_ic_zynq_ultra_ps_e_0_S_AXI_HP0_FPD/inst/m00_nodes/m00_w_node/inst/inst_si_handler/gen_si_handler.gen_request_fifos.gen_req_fifo[1].inst_req_fifo/gen_xpm_memory_fifo.inst_fifo/gen_mem_rep[0].inst_xpm_memory/xpm_memory_base_inst block.
INFO: [Memdata 28-167] Found XPM memory block vitis_design_i/smc_ic_zynq_ultra_ps_e_0_S_AXI_HP0_FPD/inst/m00_nodes/m00_w_node/inst/inst_mi_handler/gen_normal_area.inst_fifo_node_payld/gen_xpm_memory_fifo.inst_fifo/gen_mem_rep[0].inst_xpm_memory/xpm_memory_base_inst with a P_MEMORY_PRIMITIVE property set to distributed. A value of block is required. You will not be able to use the updatemem program to update the bitstream with new data for the vitis_design_i/smc_ic_zynq_ultra_ps_e_0_S_AXI_HP0_FPD/inst/m00_nodes/m00_w_node/inst/inst_mi_handler/gen_normal_area.inst_fifo_node_payld/gen_xpm_memory_fifo.inst_fifo/gen_mem_rep[0].inst_xpm_memory/xpm_memory_base_inst block.
INFO: [Memdata 28-167] Found XPM memory block vitis_design_i/smc_ic_zynq_ultra_ps_e_0_S_AXI_HP0_FPD/inst/m00_nodes/m00_r_node/inst/inst_mi_handler/gen_normal_area.inst_fifo_node_payld/gen_xpm_memory_fifo.inst_fifo/gen_mem_rep[0].inst_xpm_memory/xpm_memory_base_inst with a P_MEMORY_PRIMITIVE property set to distributed. A value of block is required. You will not be able to use the updatemem program to update the bitstream with new data for the vitis_design_i/smc_ic_zynq_ultra_ps_e_0_S_AXI_HP0_FPD/inst/m00_nodes/m00_r_node/inst/inst_mi_handler/gen_normal_area.inst_fifo_node_payld/gen_xpm_memory_fifo.inst_fifo/gen_mem_rep[0].inst_xpm_memory/xpm_memory_base_inst block.
INFO: [Memdata 28-167] Found XPM memory block vitis_design_i/smc_ic_zynq_ultra_ps_e_0_S_AXI_HP0_FPD/inst/m00_nodes/m00_r_node/inst/inst_mi_handler/gen_normal_area.gen_fifo_req.inst_fifo_req/gen_xpm_memory_fifo.inst_fifo/gen_mem_rep[0].inst_xpm_memory/xpm_memory_base_inst with a P_MEMORY_PRIMITIVE property set to distributed. A value of block is required. You will not be able to use the updatemem program to update the bitstream with new data for the vitis_design_i/smc_ic_zynq_ultra_ps_e_0_S_AXI_HP0_FPD/inst/m00_nodes/m00_r_node/inst/inst_mi_handler/gen_normal_area.gen_fifo_req.inst_fifo_req/gen_xpm_memory_fifo.inst_fifo/gen_mem_rep[0].inst_xpm_memory/xpm_memory_base_inst block.
INFO: [Memdata 28-167] Found XPM memory block vitis_design_i/smc_ic_zynq_ultra_ps_e_0_S_AXI_HP0_FPD/inst/m00_nodes/m00_b_node/inst/inst_mi_handler/gen_normal_area.gen_fifo_req.inst_fifo_req/gen_xpm_memory_fifo.inst_fifo/gen_mem_rep[0].inst_xpm_memory/xpm_memory_base_inst with a P_MEMORY_PRIMITIVE property set to distributed. A value of block is required. You will not be able to use the updatemem program to update the bitstream with new data for the vitis_design_i/smc_ic_zynq_ultra_ps_e_0_S_AXI_HP0_FPD/inst/m00_nodes/m00_b_node/inst/inst_mi_handler/gen_normal_area.gen_fifo_req.inst_fifo_req/gen_xpm_memory_fifo.inst_fifo/gen_mem_rep[0].inst_xpm_memory/xpm_memory_base_inst block.
INFO: [Memdata 28-167] Found XPM memory block vitis_design_i/smc_ic_zynq_ultra_ps_e_0_S_AXI_HP0_FPD/inst/m00_nodes/m00_aw_node/inst/inst_mi_handler/gen_normal_area.inst_fifo_node_payld/gen_xpm_memory_fifo.inst_fifo/gen_mem_rep[0].inst_xpm_memory/xpm_memory_base_inst with a P_MEMORY_PRIMITIVE property set to distributed. A value of block is required. You will not be able to use the updatemem program to update the bitstream with new data for the vitis_design_i/smc_ic_zynq_ultra_ps_e_0_S_AXI_HP0_FPD/inst/m00_nodes/m00_aw_node/inst/inst_mi_handler/gen_normal_area.inst_fifo_node_payld/gen_xpm_memory_fifo.inst_fifo/gen_mem_rep[0].inst_xpm_memory/xpm_memory_base_inst block.
INFO: [Memdata 28-167] Found XPM memory block vitis_design_i/smc_ic_zynq_ultra_ps_e_0_S_AXI_HP0_FPD/inst/m00_nodes/m00_ar_node/inst/inst_mi_handler/gen_normal_area.inst_fifo_node_payld/gen_xpm_memory_fifo.inst_fifo/gen_mem_rep[0].inst_xpm_memory/xpm_memory_base_inst with a P_MEMORY_PRIMITIVE property set to distributed. A value of block is required. You will not be able to use the updatemem program to update the bitstream with new data for the vitis_design_i/smc_ic_zynq_ultra_ps_e_0_S_AXI_HP0_FPD/inst/m00_nodes/m00_ar_node/inst/inst_mi_handler/gen_normal_area.inst_fifo_node_payld/gen_xpm_memory_fifo.inst_fifo/gen_mem_rep[0].inst_xpm_memory/xpm_memory_base_inst block.
INFO: [Memdata 28-167] Found XPM memory block vitis_design_i/axi_smc/inst/s01_nodes/s01_w_node/inst/inst_mi_handler/gen_normal_area.inst_fifo_node_payld/gen_xpm_memory_fifo.inst_fifo/gen_mem_rep[0].inst_xpm_memory/xpm_memory_base_inst with a P_MEMORY_PRIMITIVE property set to distributed. A value of block is required. You will not be able to use the updatemem program to update the bitstream with new data for the vitis_design_i/axi_smc/inst/s01_nodes/s01_w_node/inst/inst_mi_handler/gen_normal_area.inst_fifo_node_payld/gen_xpm_memory_fifo.inst_fifo/gen_mem_rep[0].inst_xpm_memory/xpm_memory_base_inst block.
INFO: [Memdata 28-167] Found XPM memory block vitis_design_i/axi_smc/inst/s01_nodes/s01_w_node/inst/inst_mi_handler/gen_normal_area.gen_fifo_req.inst_fifo_req/gen_xpm_memory_fifo.inst_fifo/gen_mem_rep[0].inst_xpm_memory/xpm_memory_base_inst with a P_MEMORY_PRIMITIVE property set to distributed. A value of block is required. You will not be able to use the updatemem program to update the bitstream with new data for the vitis_design_i/axi_smc/inst/s01_nodes/s01_w_node/inst/inst_mi_handler/gen_normal_area.gen_fifo_req.inst_fifo_req/gen_xpm_memory_fifo.inst_fifo/gen_mem_rep[0].inst_xpm_memory/xpm_memory_base_inst block.
INFO: [Memdata 28-167] Found XPM memory block vitis_design_i/axi_smc/inst/s01_nodes/s01_b_node/inst/inst_mi_handler/gen_normal_area.inst_fifo_node_payld/gen_xpm_memory_fifo.inst_fifo/gen_mem_rep[0].inst_xpm_memory/xpm_memory_base_inst with a P_MEMORY_PRIMITIVE property set to distributed. A value of block is required. You will not be able to use the updatemem program to update the bitstream with new data for the vitis_design_i/axi_smc/inst/s01_nodes/s01_b_node/inst/inst_mi_handler/gen_normal_area.inst_fifo_node_payld/gen_xpm_memory_fifo.inst_fifo/gen_mem_rep[0].inst_xpm_memory/xpm_memory_base_inst block.
INFO: [Memdata 28-167] Found XPM memory block vitis_design_i/axi_smc/inst/s01_nodes/s01_aw_node/inst/inst_mi_handler/gen_normal_area.inst_fifo_node_payld/gen_xpm_memory_fifo.inst_fifo/gen_mem_rep[0].inst_xpm_memory/xpm_memory_base_inst with a P_MEMORY_PRIMITIVE property set to distributed. A value of block is required. You will not be able to use the updatemem program to update the bitstream with new data for the vitis_design_i/axi_smc/inst/s01_nodes/s01_aw_node/inst/inst_mi_handler/gen_normal_area.inst_fifo_node_payld/gen_xpm_memory_fifo.inst_fifo/gen_mem_rep[0].inst_xpm_memory/xpm_memory_base_inst block.
INFO: [Memdata 28-167] Found XPM memory block vitis_design_i/axi_smc/inst/s00_nodes/s00_r_node/inst/inst_mi_handler/gen_normal_area.inst_fifo_node_payld/gen_xpm_memory_fifo.inst_fifo/gen_mem_rep[0].inst_xpm_memory/xpm_memory_base_inst with a P_MEMORY_PRIMITIVE property set to distributed. A value of block is required. You will not be able to use the updatemem program to update the bitstream with new data for the vitis_design_i/axi_smc/inst/s00_nodes/s00_r_node/inst/inst_mi_handler/gen_normal_area.inst_fifo_node_payld/gen_xpm_memory_fifo.inst_fifo/gen_mem_rep[0].inst_xpm_memory/xpm_memory_base_inst block.
INFO: [Memdata 28-167] Found XPM memory block vitis_design_i/axi_smc/inst/s00_nodes/s00_ar_node/inst/inst_mi_handler/gen_normal_area.inst_fifo_node_payld/gen_xpm_memory_fifo.inst_fifo/gen_mem_rep[0].inst_xpm_memory/xpm_memory_base_inst with a P_MEMORY_PRIMITIVE property set to distributed. A value of block is required. You will not be able to use the updatemem program to update the bitstream with new data for the vitis_design_i/axi_smc/inst/s00_nodes/s00_ar_node/inst/inst_mi_handler/gen_normal_area.inst_fifo_node_payld/gen_xpm_memory_fifo.inst_fifo/gen_mem_rep[0].inst_xpm_memory/xpm_memory_base_inst block.
INFO: [Memdata 28-167] Found XPM memory block vitis_design_i/axi_smc/inst/m00_nodes/m00_w_node/inst/inst_si_handler/gen_si_handler.gen_request_fifos.gen_req_fifo[1].inst_req_fifo/gen_xpm_memory_fifo.inst_fifo/gen_mem_rep[0].inst_xpm_memory/xpm_memory_base_inst with a P_MEMORY_PRIMITIVE property set to distributed. A value of block is required. You will not be able to use the updatemem program to update the bitstream with new data for the vitis_design_i/axi_smc/inst/m00_nodes/m00_w_node/inst/inst_si_handler/gen_si_handler.gen_request_fifos.gen_req_fifo[1].inst_req_fifo/gen_xpm_memory_fifo.inst_fifo/gen_mem_rep[0].inst_xpm_memory/xpm_memory_base_inst block.
INFO: [Memdata 28-167] Found XPM memory block vitis_design_i/axi_smc/inst/m00_nodes/m00_w_node/inst/inst_mi_handler/gen_normal_area.inst_fifo_node_payld/gen_xpm_memory_fifo.inst_fifo/gen_mem_rep[0].inst_xpm_memory/xpm_memory_base_inst with a P_MEMORY_PRIMITIVE property set to distributed. A value of block is required. You will not be able to use the updatemem program to update the bitstream with new data for the vitis_design_i/axi_smc/inst/m00_nodes/m00_w_node/inst/inst_mi_handler/gen_normal_area.inst_fifo_node_payld/gen_xpm_memory_fifo.inst_fifo/gen_mem_rep[0].inst_xpm_memory/xpm_memory_base_inst block.
INFO: [Memdata 28-167] Found XPM memory block vitis_design_i/axi_smc/inst/m00_nodes/m00_r_node/inst/inst_mi_handler/gen_normal_area.inst_fifo_node_payld/gen_xpm_memory_fifo.inst_fifo/gen_mem_rep[0].inst_xpm_memory/xpm_memory_base_inst with a P_MEMORY_PRIMITIVE property set to distributed. A value of block is required. You will not be able to use the updatemem program to update the bitstream with new data for the vitis_design_i/axi_smc/inst/m00_nodes/m00_r_node/inst/inst_mi_handler/gen_normal_area.inst_fifo_node_payld/gen_xpm_memory_fifo.inst_fifo/gen_mem_rep[0].inst_xpm_memory/xpm_memory_base_inst block.
INFO: [Memdata 28-167] Found XPM memory block vitis_design_i/axi_smc/inst/m00_nodes/m00_r_node/inst/inst_mi_handler/gen_normal_area.gen_fifo_req.inst_fifo_req/gen_xpm_memory_fifo.inst_fifo/gen_mem_rep[0].inst_xpm_memory/xpm_memory_base_inst with a P_MEMORY_PRIMITIVE property set to distributed. A value of block is required. You will not be able to use the updatemem program to update the bitstream with new data for the vitis_design_i/axi_smc/inst/m00_nodes/m00_r_node/inst/inst_mi_handler/gen_normal_area.gen_fifo_req.inst_fifo_req/gen_xpm_memory_fifo.inst_fifo/gen_mem_rep[0].inst_xpm_memory/xpm_memory_base_inst block.
INFO: [Memdata 28-167] Found XPM memory block vitis_design_i/axi_smc/inst/m00_nodes/m00_b_node/inst/inst_mi_handler/gen_normal_area.inst_fifo_node_payld/gen_xpm_memory_fifo.inst_fifo/gen_mem_rep[0].inst_xpm_memory/xpm_memory_base_inst with a P_MEMORY_PRIMITIVE property set to distributed. A value of block is required. You will not be able to use the updatemem program to update the bitstream with new data for the vitis_design_i/axi_smc/inst/m00_nodes/m00_b_node/inst/inst_mi_handler/gen_normal_area.inst_fifo_node_payld/gen_xpm_memory_fifo.inst_fifo/gen_mem_rep[0].inst_xpm_memory/xpm_memory_base_inst block.
INFO: [Memdata 28-167] Found XPM memory block vitis_design_i/axi_smc/inst/m00_nodes/m00_b_node/inst/inst_mi_handler/gen_normal_area.gen_fifo_req.inst_fifo_req/gen_xpm_memory_fifo.inst_fifo/gen_mem_rep[0].inst_xpm_memory/xpm_memory_base_inst with a P_MEMORY_PRIMITIVE property set to distributed. A value of block is required. You will not be able to use the updatemem program to update the bitstream with new data for the vitis_design_i/axi_smc/inst/m00_nodes/m00_b_node/inst/inst_mi_handler/gen_normal_area.gen_fifo_req.inst_fifo_req/gen_xpm_memory_fifo.inst_fifo/gen_mem_rep[0].inst_xpm_memory/xpm_memory_base_inst block.
INFO: [Memdata 28-167] Found XPM memory block vitis_design_i/axi_smc/inst/m00_nodes/m00_aw_node/inst/inst_mi_handler/gen_normal_area.inst_fifo_node_payld/gen_xpm_memory_fifo.inst_fifo/gen_mem_rep[0].inst_xpm_memory/xpm_memory_base_inst with a P_MEMORY_PRIMITIVE property set to distributed. A value of block is required. You will not be able to use the updatemem program to update the bitstream with new data for the vitis_design_i/axi_smc/inst/m00_nodes/m00_aw_node/inst/inst_mi_handler/gen_normal_area.inst_fifo_node_payld/gen_xpm_memory_fifo.inst_fifo/gen_mem_rep[0].inst_xpm_memory/xpm_memory_base_inst block.
INFO: [Memdata 28-167] Found XPM memory block vitis_design_i/axi_smc/inst/m00_nodes/m00_ar_node/inst/inst_mi_handler/gen_normal_area.inst_fifo_node_payld/gen_xpm_memory_fifo.inst_fifo/gen_mem_rep[0].inst_xpm_memory/xpm_memory_base_inst with a P_MEMORY_PRIMITIVE property set to distributed. A value of block is required. You will not be able to use the updatemem program to update the bitstream with new data for the vitis_design_i/axi_smc/inst/m00_nodes/m00_ar_node/inst/inst_mi_handler/gen_normal_area.inst_fifo_node_payld/gen_xpm_memory_fifo.inst_fifo/gen_mem_rep[0].inst_xpm_memory/xpm_memory_base_inst block.
INFO: [Memdata 28-167] Found XPM memory block vitis_design_i/axi_dma_0/U0/I_PRMRY_DATAMOVER/GEN_S2MM_FULL.I_S2MM_FULL_WRAPPER/GEN_ENABLE_INDET_BTT_SF.I_INDET_BTT/I_XD_FIFO/NON_BLK_MEM.I_SYNC_FIFOGEN_FIFO/xpm_fifo_base_inst/gen_sdpram.xpm_memory_base_inst with a P_MEMORY_PRIMITIVE property set to auto. A value of block is required. You will not be able to use the updatemem program to update the bitstream with new data for the vitis_design_i/axi_dma_0/U0/I_PRMRY_DATAMOVER/GEN_S2MM_FULL.I_S2MM_FULL_WRAPPER/GEN_ENABLE_INDET_BTT_SF.I_INDET_BTT/I_XD_FIFO/NON_BLK_MEM.I_SYNC_FIFOGEN_FIFO/xpm_fifo_base_inst/gen_sdpram.xpm_memory_base_inst block.
INFO: [Memdata 28-208] The XPM instance: <vitis_design_i/axi_dma_0/U0/I_PRMRY_DATAMOVER/GEN_S2MM_FULL.I_S2MM_FULL_WRAPPER/GEN_ENABLE_INDET_BTT_SF.I_INDET_BTT/I_DATA_FIFO/BLK_MEM.I_SYNC_FIFOGEN_FIFO/xpm_fifo_base_inst/gen_sdpram.xpm_memory_base_inst> is part of IP: <vitis_design_i/axi_dma_0>. This XPM instance will be excluded from the .mmi because updatemem is prohibited from making changes to an XPM that is part of an IP.
INFO: [Memdata 28-208] The XPM instance: <vitis_design_i/axi_dma_0/U0/I_PRMRY_DATAMOVER/GEN_MM2S_FULL.I_MM2S_FULL_WRAPPER/GEN_INCLUDE_MM2S_SF.I_RD_SF/I_DATA_FIFO/BLK_MEM.I_SYNC_FIFOGEN_FIFO/xpm_fifo_base_inst/gen_sdpram.xpm_memory_base_inst> is part of IP: <vitis_design_i/axi_dma_0>. This XPM instance will be excluded from the .mmi because updatemem is prohibited from making changes to an XPM that is part of an IP.
Command: write_bitstream -force vitis_design_wrapper.bit
Attempting to get a license for feature 'Implementation' and/or device 'xck26'
INFO: [Common 17-349] Got license for feature 'Implementation' and/or device 'xck26'
Running DRC as a precondition to command write_bitstream
INFO: [IP_Flow 19-1839] IP Catalog is up to date.
INFO: [DRC 23-27] Running DRC with 8 threads
INFO: [Vivado 12-3199] DRC finished with 0 Errors
INFO: [Vivado 12-3200] Please refer to the DRC report (report_drc) for more information.
Integrating Hard IP ELF/MEM with the PDI.
INFO: [Designutils 20-2272] Running write_bitstream with 8 threads.
Loading data files...
Loading site data...
Loading route data...
Processing options...
Creating bitmap...
Creating bitstream...
Writing bitstream ./vitis_design_wrapper.bit...
INFO: [Vivado 12-1842] Bitgen Completed Successfully.
INFO: [Common 17-83] Releasing license: Implementation
145 Infos, 1 Warnings, 1 Critical Warnings and 0 Errors encountered.
write_bitstream completed successfully
write_bitstream: Time (s): cpu = 00:00:08 ; elapsed = 00:00:23 . Memory (MB): peak = 4772.652 ; gain = 0.000 ; free physical = 18209 ; free virtual = 39496
source /work/development/jettag/jettag-hgq2/Training_AdaptiveHP/hls4ml_prj_acc=0.7117_ebops=303_VU_DA_bitfile/vitis_workspace/system_link/_x/link/vivado/vpl/scripts/impl_1/_full_write_bitstream_post.tcl
INFO: [Common 17-206] Exiting Vivado at Thu May  7 09:56:36 2026...
