

================================================================
== Vitis HLS Report for 'dense_latency_ap_fixed_26_19_5_3_0_ap_fixed_14_8_5_3_0_config3_s'
================================================================
* Date:           Wed Mar 18 19:23:12 2026

* Version:        2025.2 (Build 6295257 on Nov 14 2025)
* Project:        hgq2_1_hls4ml_prj_Vitis_latency_reusefactor1_prj
* Solution:       solution1 (Vivado IP Flow Target)
* Product family: zynquplus
* Target device:  xck26-sfvc784-2LV-c


================================================================
== Performance Estimates
================================================================
+ Timing: 
    * Summary: 
    +--------+---------+----------+------------+
    |  Clock |  Target | Estimated| Uncertainty|
    +--------+---------+----------+------------+
    |ap_clk  |  5.00 ns|  3.573 ns|     1.35 ns|
    +--------+---------+----------+------------+

+ Latency: 
    * Summary: 
    +---------+---------+----------+----------+-----+-----+---------+
    |  Latency (cycles) |  Latency (absolute) |  Interval | Pipeline|
    |   min   |   max   |    min   |    max   | min | max |   Type  |
    +---------+---------+----------+----------+-----+-----+---------+
    |        1|        1|  5.000 ns|  5.000 ns|    1|    1|      yes|
    +---------+---------+----------+----------+-----+-----+---------+

    + Detail: 
        * Instance: 
        N/A

        * Loop: 
        N/A



================================================================
== Utilization Estimates
================================================================
* Summary: 
+-----------------+---------+------+--------+--------+-----+
|       Name      | BRAM_18K|  DSP |   FF   |   LUT  | URAM|
+-----------------+---------+------+--------+--------+-----+
|DSP              |        -|     -|       -|       -|    -|
|Expression       |        -|     -|       0|    2973|    -|
|FIFO             |        -|     -|       -|       -|    -|
|Instance         |        -|     5|       0|      25|    -|
|Memory           |        -|     -|       -|       -|    -|
|Multiplexer      |        -|     -|       -|       -|    -|
|Register         |        -|     -|     218|       -|    -|
+-----------------+---------+------+--------+--------+-----+
|Total            |        0|     5|     218|    2998|    0|
+-----------------+---------+------+--------+--------+-----+
|Available        |      288|  1248|  234240|  117120|   64|
+-----------------+---------+------+--------+--------+-----+
|Utilization (%)  |        0|    ~0|      ~0|       2|    0|
+-----------------+---------+------+--------+--------+-----+

+ Detail: 
    * Instance: 
    +-----------------------+--------------------+---------+----+---+----+-----+
    |        Instance       |       Module       | BRAM_18K| DSP| FF| LUT| URAM|
    +-----------------------+--------------------+---------+----+---+----+-----+
    |mul_11s_9ns_20_1_1_U1  |mul_11s_9ns_20_1_1  |        0|   1|  0|   5|    0|
    |mul_11s_9s_20_1_1_U5   |mul_11s_9s_20_1_1   |        0|   1|  0|   5|    0|
    |mul_12s_10s_21_1_1_U4  |mul_12s_10s_21_1_1  |        0|   1|  0|   5|    0|
    |mul_12s_9ns_21_1_1_U2  |mul_12s_9ns_21_1_1  |        0|   1|  0|   5|    0|
    |mul_12s_9ns_21_1_1_U3  |mul_12s_9ns_21_1_1  |        0|   1|  0|   5|    0|
    +-----------------------+--------------------+---------+----+---+----+-----+
    |Total                  |                    |        0|   5|  0|  25|    0|
    +-----------------------+--------------------+---------+----+---+----+-----+

    * DSP: 
    N/A

    * Memory: 
    N/A

    * FIFO: 
    N/A

    * Expression: 
    +-------------------------+----------+----+---+----+------------+------------+
    |      Variable Name      | Operation| DSP| FF| LUT| Bitwidth P0| Bitwidth P1|
    +-------------------------+----------+----+---+----+------------+------------+
    |add_ln42_fu_3740_p2      |         +|   0|  0|  28|          21|          21|
    |add_ln58_199_fu_4093_p2  |         +|   0|  0|  24|          17|          17|
    |add_ln58_200_fu_4103_p2  |         +|   0|  0|  24|          17|          11|
    |add_ln58_202_fu_4119_p2  |         +|   0|  0|  25|          18|          18|
    |add_ln58_203_fu_4125_p2  |         +|   0|  0|  18|          18|          18|
    |add_ln58_204_fu_4131_p2  |         +|   0|  0|  17|          17|          10|
    |add_ln58_205_fu_4137_p2  |         +|   0|  0|  17|          17|          17|
    |add_ln58_207_fu_4153_p2  |         +|   0|  0|  22|          15|          15|
    |add_ln58_208_fu_4163_p2  |         +|   0|  0|  22|          15|          15|
    |add_ln58_210_fu_4179_p2  |         +|   0|  0|  17|          17|          17|
    |add_ln58_211_fu_4185_p2  |         +|   0|  0|  16|          15|          12|
    |add_ln58_212_fu_4191_p2  |         +|   0|  0|  16|          15|          15|
    |add_ln58_214_fu_4207_p2  |         +|   0|  0|  24|          17|          17|
    |add_ln58_215_fu_4217_p2  |         +|   0|  0|  25|          18|           7|
    |add_ln58_216_fu_4222_p2  |         +|   0|  0|  18|          18|          18|
    |add_ln58_218_fu_4234_p2  |         +|   0|  0|  25|          18|          18|
    |add_ln58_219_fu_4240_p2  |         +|   0|  0|  18|          18|          18|
    |add_ln58_220_fu_4246_p2  |         +|   0|  0|  18|          18|           9|
    |add_ln58_221_fu_4252_p2  |         +|   0|  0|  18|          18|          18|
    |add_ln58_223_fu_4264_p2  |         +|   0|  0|  25|          18|          18|
    |add_ln58_224_fu_4270_p2  |         +|   0|  0|  18|          18|          18|
    |add_ln58_225_fu_4276_p2  |         +|   0|  0|  18|          18|           7|
    |add_ln58_226_fu_4282_p2  |         +|   0|  0|  18|          18|          18|
    |add_ln58_229_fu_4300_p2  |         +|   0|  0|  18|          18|          11|
    |add_ln58_231_fu_4312_p2  |         +|   0|  0|  18|          18|          10|
    |add_ln58_233_fu_4324_p2  |         +|   0|  0|  18|          18|           8|
    |add_ln58_235_fu_4336_p2  |         +|   0|  0|  18|          18|          11|
    |add_ln58_237_fu_4348_p2  |         +|   0|  0|  17|          17|          17|
    |add_ln58_238_fu_4354_p2  |         +|   0|  0|  16|          16|           9|
    |add_ln58_239_fu_4360_p2  |         +|   0|  0|  16|          16|          16|
    |add_ln58_241_fu_4376_p2  |         +|   0|  0|  21|          14|          14|
    |add_ln58_242_fu_4386_p2  |         +|   0|  0|  24|          17|          17|
    |add_ln58_243_fu_4396_p2  |         +|   0|  0|  25|          18|          10|
    |add_ln58_244_fu_4402_p2  |         +|   0|  0|  18|          18|          18|
    |add_ln58_246_fu_4414_p2  |         +|   0|  0|  18|          18|          11|
    |add_ln58_248_fu_4426_p2  |         +|   0|  0|  22|          15|          15|
    |add_ln58_249_fu_4436_p2  |         +|   0|  0|  16|          15|          12|
    |add_ln58_250_fu_4442_p2  |         +|   0|  0|  16|          15|          15|
    |add_ln58_252_fu_4458_p2  |         +|   0|  0|  23|          16|          12|
    |add_ln58_254_fu_4474_p2  |         +|   0|  0|  25|          18|          18|
    |add_ln58_255_fu_4480_p2  |         +|   0|  0|  23|          16|          16|
    |add_ln58_256_fu_4490_p2  |         +|   0|  0|  18|          18|          18|
    |add_ln58_257_fu_4496_p2  |         +|   0|  0|  23|          16|          16|
    |add_ln58_258_fu_4506_p2  |         +|   0|  0|  16|          16|           9|
    |add_ln58_259_fu_4512_p2  |         +|   0|  0|  16|          16|          16|
    |add_ln58_260_fu_4522_p2  |         +|   0|  0|  24|          17|          17|
    |add_ln58_262_fu_4538_p2  |         +|   0|  0|  17|          17|          17|
    |add_ln58_263_fu_4544_p2  |         +|   0|  0|  21|          14|          11|
    |add_ln58_265_fu_4560_p2  |         +|   0|  0|  18|          18|          11|
    |add_ln58_267_fu_4572_p2  |         +|   0|  0|  24|          17|          17|
    |add_ln58_268_fu_4582_p2  |         +|   0|  0|  18|          18|          10|
    |add_ln58_270_fu_4594_p2  |         +|   0|  0|  20|          13|          13|
    |add_ln58_271_fu_4604_p2  |         +|   0|  0|  24|          17|          17|
    |add_ln58_272_fu_4610_p2  |         +|   0|  0|  17|          17|          17|
    |add_ln58_274_fu_4622_p2  |         +|   0|  0|  23|          16|          16|
    |add_ln58_275_fu_4632_p2  |         +|   0|  0|  18|          18|          18|
    |add_ln58_276_fu_4638_p2  |         +|   0|  0|  23|          16|           9|
    |add_ln58_277_fu_4648_p2  |         +|   0|  0|  24|          17|          17|
    |add_ln73_1_fu_2362_p2    |         +|   0|  0|  28|          21|          21|
    |add_ln73_2_fu_3264_p2    |         +|   0|  0|  26|          19|          19|
    |add_ln73_3_fu_3801_p2    |         +|   0|  0|  28|          21|          21|
    |add_ln73_fu_2250_p2      |         +|   0|  0|  26|          19|          19|
    |x_38_fu_4532_p2          |         +|   0|  0|  18|          18|          18|
    |x_39_fu_4228_p2          |         +|   0|  0|  18|          18|          18|
    |x_40_fu_4087_p2          |         +|   0|  0|  25|          18|          18|
    |x_41_fu_4258_p2          |         +|   0|  0|  18|          18|          18|
    |x_42_fu_4147_p2          |         +|   0|  0|  18|          18|          18|
    |x_43_fu_4554_p2          |         +|   0|  0|  17|          17|          17|
    |x_44_fu_4288_p2          |         +|   0|  0|  18|          18|          18|
    |x_45_fu_4294_p2          |         +|   0|  0|  25|          18|           9|
    |x_46_fu_4306_p2          |         +|   0|  0|  18|          18|          18|
    |x_47_fu_4318_p2          |         +|   0|  0|  18|          18|          18|
    |x_48_fu_4566_p2          |         +|   0|  0|  18|          18|          18|
    |x_49_fu_4201_p2          |         +|   0|  0|  17|          17|          17|
    |x_50_fu_4330_p2          |         +|   0|  0|  18|          18|          18|
    |x_51_fu_4342_p2          |         +|   0|  0|  18|          18|          18|
    |x_52_fu_4370_p2          |         +|   0|  0|  17|          17|          17|
    |x_53_fu_4588_p2          |         +|   0|  0|  18|          18|          18|
    |x_54_fu_4616_p2          |         +|   0|  0|  17|          17|          17|
    |x_55_fu_4408_p2          |         +|   0|  0|  18|          18|          18|
    |x_56_fu_4420_p2          |         +|   0|  0|  18|          18|          18|
    |x_57_fu_4113_p2          |         +|   0|  0|  25|          18|          18|
    |x_58_fu_4173_p2          |         +|   0|  0|  23|          16|          16|
    |x_59_fu_4452_p2          |         +|   0|  0|  23|          16|          16|
    |x_60_fu_4658_p2          |         +|   0|  0|  18|          18|          18|
    |x_fu_4468_p2             |         +|   0|  0|  25|          18|          18|
    |sub_ln42_fu_3774_p2      |         -|   0|  0|  28|          21|          21|
    |sub_ln73_100_fu_3362_p2  |         -|   0|  0|  23|          16|          16|
    |sub_ln73_101_fu_3397_p2  |         -|   0|  0|  26|          19|          19|
    |sub_ln73_102_fu_3432_p2  |         -|   0|  0|  22|           1|          15|
    |sub_ln73_103_fu_3463_p2  |         -|   0|  0|  20|           1|          13|
    |sub_ln73_104_fu_3498_p2  |         -|   0|  0|  24|          17|          17|
    |sub_ln73_105_fu_3540_p2  |         -|   0|  0|  24|          17|          17|
    |sub_ln73_106_fu_3571_p2  |         -|   0|  0|  23|           1|          16|
    |sub_ln73_107_fu_3602_p2  |         -|   0|  0|  23|          16|          16|
    |sub_ln73_108_fu_3622_p2  |         -|   0|  0|  24|           1|          17|
    |sub_ln73_109_fu_3657_p2  |         -|   0|  0|  25|          18|          18|
    |sub_ln73_110_fu_3688_p2  |         -|   0|  0|  20|           1|          13|
    |sub_ln73_111_fu_3817_p2  |         -|   0|  0|  28|           1|          21|
    |sub_ln73_112_fu_3833_p2  |         -|   0|  0|  21|           1|          21|
    |sub_ln73_113_fu_3839_p2  |         -|   0|  0|  21|          21|          21|
    |sub_ln73_114_fu_3889_p2  |         -|   0|  0|  27|          20|          20|
    |sub_ln73_115_fu_3930_p2  |         -|   0|  0|  24|           1|          17|
    |sub_ln73_116_fu_3965_p2  |         -|   0|  0|  25|           1|          18|
    |sub_ln73_117_fu_4025_p2  |         -|   0|  0|  27|          20|          20|
    |sub_ln73_118_fu_4067_p2  |         -|   0|  0|  26|          19|          19|
    |sub_ln73_71_fu_2215_p2   |         -|   0|  0|  27|          20|          20|
    |sub_ln73_72_fu_2274_p2   |         -|   0|  0|  23|           1|          16|
    |sub_ln73_73_fu_2305_p2   |         -|   0|  0|  26|          19|          19|
    |sub_ln73_74_fu_2393_p2   |         -|   0|  0|  25|          18|          18|
    |sub_ln73_75_fu_2461_p2   |         -|   0|  0|  26|          19|          19|
    |sub_ln73_76_fu_2485_p2   |         -|   0|  0|  23|           1|          16|
    |sub_ln73_77_fu_2516_p2   |         -|   0|  0|  26|          19|          19|
    |sub_ln73_78_fu_2551_p2   |         -|   0|  0|  26|          19|          19|
    |sub_ln73_79_fu_2582_p2   |         -|   0|  0|  26|          19|          19|
    |sub_ln73_80_fu_2606_p2   |         -|   0|  0|  24|           1|          17|
    |sub_ln73_81_fu_2637_p2   |         -|   0|  0|  25|           1|          18|
    |sub_ln73_82_fu_2668_p2   |         -|   0|  0|  24|           1|          17|
    |sub_ln73_83_fu_2703_p2   |         -|   0|  0|  27|           1|          20|
    |sub_ln73_84_fu_2748_p2   |         -|   0|  0|  28|          21|          21|
    |sub_ln73_85_fu_2775_p2   |         -|   0|  0|  25|           1|          18|
    |sub_ln73_86_fu_2806_p2   |         -|   0|  0|  24|           1|          17|
    |sub_ln73_87_fu_2841_p2   |         -|   0|  0|  26|          19|          19|
    |sub_ln73_88_fu_2872_p2   |         -|   0|  0|  22|           1|          15|
    |sub_ln73_89_fu_2903_p2   |         -|   0|  0|  26|           1|          19|
    |sub_ln73_90_fu_2927_p2   |         -|   0|  0|  24|          17|          17|
    |sub_ln73_91_fu_2961_p2   |         -|   0|  0|  27|           1|          20|
    |sub_ln73_92_fu_2992_p2   |         -|   0|  0|  22|           1|          15|
    |sub_ln73_93_fu_3023_p2   |         -|   0|  0|  25|           1|          18|
    |sub_ln73_94_fu_3061_p2   |         -|   0|  0|  23|           1|          16|
    |sub_ln73_95_fu_3103_p2   |         -|   0|  0|  25|          18|          18|
    |sub_ln73_96_fu_3134_p2   |         -|   0|  0|  27|           1|          20|
    |sub_ln73_97_fu_3176_p2   |         -|   0|  0|  21|           1|          14|
    |sub_ln73_98_fu_3222_p2   |         -|   0|  0|  24|          17|          17|
    |sub_ln73_99_fu_3320_p2   |         -|   0|  0|  25|          18|          18|
    |sub_ln73_fu_2195_p2      |         -|   0|  0|  27|          20|          20|
    |ap_enable_pp0            |       xor|   0|  0|   2|           1|           2|
    +-------------------------+----------+----+---+----+------------+------------+
    |Total                    |          |   0|  0|2973|        1978|        2232|
    +-------------------------+----------+----+---+----+------------+------------+

    * Multiplexer: 
    N/A

    * Register: 
    +--------------------------------+----+----+-----+-----------+
    |              Name              | FF | LUT| Bits| Const Bits|
    +--------------------------------+----+----+-----+-----------+
    |ap_CS_fsm                       |   1|   0|    1|          0|
    |ap_enable_reg_pp0_iter1         |   1|   0|    1|          0|
    |conv8_i_i_i159_i_read_reg_5100  |  10|   0|   10|          0|
    |conv8_i_i_i198_i_read_reg_5110  |  10|   0|   10|          0|
    |conv8_i_i_i274_i_read_reg_5122  |  11|   0|   11|          0|
    |conv8_i_i_i313_i_read_reg_5131  |  11|   0|   11|          0|
    |conv8_i_i_i351_i_read_reg_5140  |  11|   0|   11|          0|
    |conv8_i_i_i390_i_read_reg_5145  |  12|   0|   12|          0|
    |conv8_i_i_i429_i_read_reg_5153  |  11|   0|   11|          0|
    |conv8_i_i_i48_i_read_reg_5088   |  12|   0|   12|          0|
    |conv8_i_i_i501_i_read_reg_5171  |  11|   0|   11|          0|
    |conv8_i_i_i540_i_read_reg_5180  |  11|   0|   11|          0|
    |conv8_i_i_i581_i_read_reg_5189  |  11|   0|   11|          0|
    |conv8_i_i_i_i_read_reg_5078     |  11|   0|   11|          0|
    |conv_i_i_i463_i_read_reg_5162   |  11|   0|   11|          0|
    |mult_144_reg_5198               |  17|   0|   17|          0|
    |mult_157_reg_5203               |   8|   0|    8|          0|
    |mult_164_reg_5208               |   9|   0|    9|          0|
    |mult_180_reg_5219               |  18|   0|   18|          0|
    |sext_ln70_4_reg_5213            |  21|   0|   21|          0|
    +--------------------------------+----+----+-----+-----------+
    |Total                           | 218|   0|  218|          0|
    +--------------------------------+----+----+-----+-----------+



================================================================
== Interface
================================================================
* Summary: 
+------------------+-----+-----+------------+-----------------------------------------------------------------------------+--------------+
|     RTL Ports    | Dir | Bits|  Protocol  |                                Source Object                                |    C Type    |
+------------------+-----+-----+------------+-----------------------------------------------------------------------------+--------------+
|ap_clk            |   in|    1|  ap_ctrl_hs|  dense_latency<ap_fixed<26, 19, 5, 3, 0>, ap_fixed<14, 8, 5, 3, 0>, config3>|  return value|
|ap_rst            |   in|    1|  ap_ctrl_hs|  dense_latency<ap_fixed<26, 19, 5, 3, 0>, ap_fixed<14, 8, 5, 3, 0>, config3>|  return value|
|ap_start          |   in|    1|  ap_ctrl_hs|  dense_latency<ap_fixed<26, 19, 5, 3, 0>, ap_fixed<14, 8, 5, 3, 0>, config3>|  return value|
|ap_done           |  out|    1|  ap_ctrl_hs|  dense_latency<ap_fixed<26, 19, 5, 3, 0>, ap_fixed<14, 8, 5, 3, 0>, config3>|  return value|
|ap_idle           |  out|    1|  ap_ctrl_hs|  dense_latency<ap_fixed<26, 19, 5, 3, 0>, ap_fixed<14, 8, 5, 3, 0>, config3>|  return value|
|ap_ready          |  out|    1|  ap_ctrl_hs|  dense_latency<ap_fixed<26, 19, 5, 3, 0>, ap_fixed<14, 8, 5, 3, 0>, config3>|  return value|
|ap_ce             |   in|    1|  ap_ctrl_hs|  dense_latency<ap_fixed<26, 19, 5, 3, 0>, ap_fixed<14, 8, 5, 3, 0>, config3>|  return value|
|ap_return_0       |  out|   14|  ap_ctrl_hs|  dense_latency<ap_fixed<26, 19, 5, 3, 0>, ap_fixed<14, 8, 5, 3, 0>, config3>|  return value|
|ap_return_1       |  out|   14|  ap_ctrl_hs|  dense_latency<ap_fixed<26, 19, 5, 3, 0>, ap_fixed<14, 8, 5, 3, 0>, config3>|  return value|
|ap_return_2       |  out|   14|  ap_ctrl_hs|  dense_latency<ap_fixed<26, 19, 5, 3, 0>, ap_fixed<14, 8, 5, 3, 0>, config3>|  return value|
|ap_return_3       |  out|   14|  ap_ctrl_hs|  dense_latency<ap_fixed<26, 19, 5, 3, 0>, ap_fixed<14, 8, 5, 3, 0>, config3>|  return value|
|ap_return_4       |  out|   14|  ap_ctrl_hs|  dense_latency<ap_fixed<26, 19, 5, 3, 0>, ap_fixed<14, 8, 5, 3, 0>, config3>|  return value|
|ap_return_5       |  out|   14|  ap_ctrl_hs|  dense_latency<ap_fixed<26, 19, 5, 3, 0>, ap_fixed<14, 8, 5, 3, 0>, config3>|  return value|
|ap_return_6       |  out|   14|  ap_ctrl_hs|  dense_latency<ap_fixed<26, 19, 5, 3, 0>, ap_fixed<14, 8, 5, 3, 0>, config3>|  return value|
|ap_return_7       |  out|   14|  ap_ctrl_hs|  dense_latency<ap_fixed<26, 19, 5, 3, 0>, ap_fixed<14, 8, 5, 3, 0>, config3>|  return value|
|ap_return_8       |  out|   14|  ap_ctrl_hs|  dense_latency<ap_fixed<26, 19, 5, 3, 0>, ap_fixed<14, 8, 5, 3, 0>, config3>|  return value|
|ap_return_9       |  out|   14|  ap_ctrl_hs|  dense_latency<ap_fixed<26, 19, 5, 3, 0>, ap_fixed<14, 8, 5, 3, 0>, config3>|  return value|
|ap_return_10      |  out|   14|  ap_ctrl_hs|  dense_latency<ap_fixed<26, 19, 5, 3, 0>, ap_fixed<14, 8, 5, 3, 0>, config3>|  return value|
|ap_return_11      |  out|   14|  ap_ctrl_hs|  dense_latency<ap_fixed<26, 19, 5, 3, 0>, ap_fixed<14, 8, 5, 3, 0>, config3>|  return value|
|ap_return_12      |  out|   14|  ap_ctrl_hs|  dense_latency<ap_fixed<26, 19, 5, 3, 0>, ap_fixed<14, 8, 5, 3, 0>, config3>|  return value|
|ap_return_13      |  out|   14|  ap_ctrl_hs|  dense_latency<ap_fixed<26, 19, 5, 3, 0>, ap_fixed<14, 8, 5, 3, 0>, config3>|  return value|
|ap_return_14      |  out|   14|  ap_ctrl_hs|  dense_latency<ap_fixed<26, 19, 5, 3, 0>, ap_fixed<14, 8, 5, 3, 0>, config3>|  return value|
|ap_return_15      |  out|   14|  ap_ctrl_hs|  dense_latency<ap_fixed<26, 19, 5, 3, 0>, ap_fixed<14, 8, 5, 3, 0>, config3>|  return value|
|ap_return_16      |  out|   14|  ap_ctrl_hs|  dense_latency<ap_fixed<26, 19, 5, 3, 0>, ap_fixed<14, 8, 5, 3, 0>, config3>|  return value|
|ap_return_17      |  out|   14|  ap_ctrl_hs|  dense_latency<ap_fixed<26, 19, 5, 3, 0>, ap_fixed<14, 8, 5, 3, 0>, config3>|  return value|
|ap_return_18      |  out|   14|  ap_ctrl_hs|  dense_latency<ap_fixed<26, 19, 5, 3, 0>, ap_fixed<14, 8, 5, 3, 0>, config3>|  return value|
|ap_return_19      |  out|   14|  ap_ctrl_hs|  dense_latency<ap_fixed<26, 19, 5, 3, 0>, ap_fixed<14, 8, 5, 3, 0>, config3>|  return value|
|ap_return_20      |  out|   14|  ap_ctrl_hs|  dense_latency<ap_fixed<26, 19, 5, 3, 0>, ap_fixed<14, 8, 5, 3, 0>, config3>|  return value|
|ap_return_21      |  out|   14|  ap_ctrl_hs|  dense_latency<ap_fixed<26, 19, 5, 3, 0>, ap_fixed<14, 8, 5, 3, 0>, config3>|  return value|
|ap_return_22      |  out|   14|  ap_ctrl_hs|  dense_latency<ap_fixed<26, 19, 5, 3, 0>, ap_fixed<14, 8, 5, 3, 0>, config3>|  return value|
|ap_return_23      |  out|   14|  ap_ctrl_hs|  dense_latency<ap_fixed<26, 19, 5, 3, 0>, ap_fixed<14, 8, 5, 3, 0>, config3>|  return value|
|ap_return_24      |  out|   14|  ap_ctrl_hs|  dense_latency<ap_fixed<26, 19, 5, 3, 0>, ap_fixed<14, 8, 5, 3, 0>, config3>|  return value|
|conv8_i_i_i581_i  |   in|   11|     ap_none|                                                             conv8_i_i_i581_i|        scalar|
|conv8_i_i_i540_i  |   in|   11|     ap_none|                                                             conv8_i_i_i540_i|        scalar|
|conv8_i_i_i501_i  |   in|   11|     ap_none|                                                             conv8_i_i_i501_i|        scalar|
|conv_i_i_i463_i   |   in|   11|     ap_none|                                                              conv_i_i_i463_i|        scalar|
|conv8_i_i_i429_i  |   in|   11|     ap_none|                                                             conv8_i_i_i429_i|        scalar|
|conv8_i_i_i390_i  |   in|   12|     ap_none|                                                             conv8_i_i_i390_i|        scalar|
|conv8_i_i_i351_i  |   in|   11|     ap_none|                                                             conv8_i_i_i351_i|        scalar|
|conv8_i_i_i313_i  |   in|   11|     ap_none|                                                             conv8_i_i_i313_i|        scalar|
|conv8_i_i_i274_i  |   in|   11|     ap_none|                                                             conv8_i_i_i274_i|        scalar|
|conv8_i_i_i198_i  |   in|   10|     ap_none|                                                             conv8_i_i_i198_i|        scalar|
|conv8_i_i_i159_i  |   in|   10|     ap_none|                                                             conv8_i_i_i159_i|        scalar|
|conv8_i_i_i48_i   |   in|   12|     ap_none|                                                              conv8_i_i_i48_i|        scalar|
|conv8_i_i_i_i     |   in|   11|     ap_none|                                                                conv8_i_i_i_i|        scalar|
+------------------+-----+-----+------------+-----------------------------------------------------------------------------+--------------+

