Thu May 14 20:28:11 2026: Running xcd server. This server was built by gradle.
Thu May 14 20:28:11 2026: Server was asked to start on port: '38523'
Thu May 14 20:28:11 2026: Server is using token UUID: '473d5bda-4945-4ac4-ba88-b9e1ed6ca6ef'
Thu May 14 20:28:11 2026: SESSION_MGR: creating session with session uuid: '6d04a3e9-ade5-4ab9-8d63-1f78fcd2ec76' and name 'default'
Thu May 14 20:28:11 2026: Attempting to start server on port '38523'
Thu May 14 20:28:11 2026: XCD main fifo: created main fifo '/tmp/xcdmain473d5bda-4945-4ac4-ba88-b9e1ed6ca6ef', fd read = 13
Thu May 14 20:28:11 2026: Running Dispatch Server
Thu May 14 20:28:11 2026: Version 2.2.0
Thu May 14 20:28:13 2026: Dispatch Server: Accepted socket connection from client
Thu May 14 20:28:13 2026: Starting Socket connection
Thu May 14 20:28:13 2026: EXCHANGE_TOKEN received, server token: 473d5bda-4945-4ac4-ba88-b9e1ed6ca6ef, passed token: 473d5bda-4945-4ac4-ba88-b9e1ed6ca6ef
Thu May 14 20:28:13 2026: DISPATCH_HANDLER: Adding handler from function makeHandler in library libxv_system_diagram
Thu May 14 20:28:13 2026: SESSION_MGR: creating session with session uuid: '7a9da4f3-cd1c-4795-aaec-a4e221db4807' and name 'v++_link_myproject'
Thu May 14 20:28:13 2026: KERNEL_SVC: creating session with uuid: '7a9da4f3-cd1c-4795-aaec-a4e221db4807' and name 'v++_link_myproject'
Thu May 14 20:28:13 2026: GUIDANCE_SMGR: creating guidance session with uuid: '7a9da4f3-cd1c-4795-aaec-a4e221db4807' and name 'v++_link_myproject'
Thu May 14 20:28:13 2026: SYSTEM_DIAGRAM: creating session with uuid: '7a9da4f3-cd1c-4795-aaec-a4e221db4807' and name 'v++_link_myproject'
Thu May 14 20:28:17 2026: Dispatch Server: Accepted socket connection from client
Thu May 14 20:28:17 2026: Starting Socket connection
Thu May 14 20:28:20 2026: Dispatch Server: Accepted socket connection from client
Thu May 14 20:28:20 2026: Starting Socket connection
Thu May 14 20:28:50 2026: Dispatch Server: Accepted socket connection from client
Thu May 14 20:28:50 2026: Starting Socket connection
Thu May 14 20:28:50 2026: Dispatch Server: Accepted socket connection from client
Thu May 14 20:28:50 2026: Starting Socket connection
Thu May 14 20:28:50 2026: Dispatch Server: Accepted socket connection from client
Thu May 14 20:28:50 2026: Starting Socket connection
Thu May 14 20:28:50 2026: Dispatch Server: Accepted socket connection from client
Thu May 14 20:28:50 2026: Starting Socket connection
Thu May 14 20:28:50 2026: Dispatch Server: Accepted socket connection from client
Thu May 14 20:28:50 2026: Starting Socket connection
Thu May 14 20:28:50 2026: Dispatch Server: Accepted socket connection from client
Thu May 14 20:28:50 2026: Starting Socket connection
Thu May 14 20:28:50 2026: Dispatch Server: Accepted socket connection from client
Thu May 14 20:28:50 2026: Starting Socket connection
Thu May 14 20:28:50 2026: Dispatch Server: Accepted socket connection from client
Thu May 14 20:28:50 2026: Starting Socket connection
Thu May 14 20:29:19 2026: Dispatch Server: Accepted socket connection from client
Thu May 14 20:29:19 2026: Starting Socket connection
Thu May 14 20:29:20 2026: Dispatch Server: Accepted socket connection from client
Thu May 14 20:29:20 2026: Starting Socket connection
Thu May 14 18:38:55 2026: Running xcd server. This server was built by gradle.
Thu May 14 18:38:55 2026: Server was asked to start on port: '39937'
Thu May 14 18:38:55 2026: Server is using token UUID: '2636c528-3f72-45c0-9bf5-de2e12c2bbd7'
Thu May 14 18:38:55 2026: SESSION_MGR: creating session with session uuid: '6d04a3e9-ade5-4ab9-8d63-1f78fcd2ec76' and name 'default'
Thu May 14 18:38:55 2026: Attempting to start server on port '39937'
Thu May 14 18:38:55 2026: XCD main fifo: created main fifo '/tmp/xcdmain2636c528-3f72-45c0-9bf5-de2e12c2bbd7', fd read = 11
Thu May 14 18:38:55 2026: Running Dispatch Server
Thu May 14 18:38:55 2026: Version 2.2.0
Thu May 14 18:38:57 2026: Dispatch Server: Accepted socket connection from client
Thu May 14 18:38:57 2026: Starting Socket connection
Thu May 14 18:38:57 2026: EXCHANGE_TOKEN received, server token: 2636c528-3f72-45c0-9bf5-de2e12c2bbd7, passed token: 2636c528-3f72-45c0-9bf5-de2e12c2bbd7
Thu May 14 18:38:57 2026: DISPATCH_HANDLER: Adding handler from function makeHandler in library libxv_system_diagram
Thu May 14 18:38:57 2026: SESSION_MGR: creating session with session uuid: 'b6183cba-3dfa-4063-83cf-33bde8d18e40' and name 'v++_link_myproject'
Thu May 14 18:38:57 2026: KERNEL_SVC: creating session with uuid: 'b6183cba-3dfa-4063-83cf-33bde8d18e40' and name 'v++_link_myproject'
Thu May 14 18:38:57 2026: GUIDANCE_SMGR: creating guidance session with uuid: 'b6183cba-3dfa-4063-83cf-33bde8d18e40' and name 'v++_link_myproject'
Thu May 14 18:38:57 2026: SYSTEM_DIAGRAM: creating session with uuid: 'b6183cba-3dfa-4063-83cf-33bde8d18e40' and name 'v++_link_myproject'
Thu May 14 18:39:02 2026: Dispatch Server: Accepted socket connection from client
Thu May 14 18:39:02 2026: Starting Socket connection
Thu May 14 18:39:05 2026: Dispatch Server: Accepted socket connection from client
Thu May 14 18:39:05 2026: Starting Socket connection
Thu May 14 18:39:37 2026: Dispatch Server: Accepted socket connection from client
Thu May 14 18:39:37 2026: Starting Socket connection
Thu May 14 18:39:37 2026: Dispatch Server: Accepted socket connection from client
Thu May 14 18:39:37 2026: Starting Socket connection
Thu May 14 18:39:37 2026: Dispatch Server: Accepted socket connection from client
Thu May 14 18:39:37 2026: Starting Socket connection
Thu May 14 18:55:26 2026: Dispatch Server: Accepted socket connection from client
Thu May 14 18:55:26 2026: Starting Socket connection
Thu May 14 18:55:56 2026: Dispatch Server: Accepted socket connection from client
Thu May 14 18:55:56 2026: Starting Socket connection
Thu May 14 18:55:56 2026: Dispatch Server: Accepted socket connection from client
Thu May 14 18:55:56 2026: Starting Socket connection
Thu May 14 18:55:59 2026: Dispatch Server: Accepted socket connection from client
Thu May 14 18:55:59 2026: Starting Socket connection
Thu May 14 18:58:52 2026: SESSION_MGR: closing session for UUID 'b6183cba-3dfa-4063-83cf-33bde8d18e40' with name 'v++_link_myproject'
Thu May 14 18:58:52 2026: KERNEL_SVC: closing session for UUID 'b6183cba-3dfa-4063-83cf-33bde8d18e40' with name 'v++_link_myproject'
Thu May 14 18:58:52 2026: GUIDANCE_SMGR: closing session for UUID 'b6183cba-3dfa-4063-83cf-33bde8d18e40' with name 'v++_link_myproject'
Thu May 14 18:58:52 2026: SYSTEM_DIAGRAM: closing session for UUID 'b6183cba-3dfa-4063-83cf-33bde8d18e40' with name 'v++_link_myproject'
Thu May 14 18:58:52 2026: STOP_SERVER received, server token: 2636c528-3f72-45c0-9bf5-de2e12c2bbd7, passed token: 2636c528-3f72-45c0-9bf5-de2e12c2bbd7
Thu May 14 18:58:52 2026: Socket received request to stop server.
Thu May 14 18:58:52 2026: Dispatch Server: do_await_stop
Thu May 14 18:58:52 2026: Dispatch Server: stopping mainFifo_
Thu May 14 18:58:52 2026: XCD main fifo: Stopping
Thu May 14 18:58:52 2026: XCD main fifo: do_read error code: Operation canceled
Thu May 14 18:58:52 2026: XCD main fifo: bytes_transferred: 0
Thu May 14 18:58:52 2026: SERVER: destructor for server bound to port 39937
Thu May 14 18:58:52 2026: XCD main fifo: Good unlink of /tmp/xcdmain2636c528-3f72-45c0-9bf5-de2e12c2bbd7
Thu May 14 18:58:52 2026: Server exiting with status 0.
Thu May 14 18:58:52 2026: Closing log file.
