

================================================================
== Vitis HLS Report for 'myproject'
================================================================
* Date:           Mon Jun  8 14:36:19 2026

* Version:        2025.2 (Build 6295257 on Nov 14 2025)
* Project:        vitis_unified_project
* Solution:       hls (Vivado IP Flow Target)
* Product family: zynquplus
* Target device:  xck26-sfvc784-2LV-c


================================================================
== Performance Estimates
================================================================
+ Timing: 
    * Summary: 
    +--------+---------+----------+------------+
    |  Clock |  Target | Estimated| Uncertainty|
    +--------+---------+----------+------------+
    |ap_clk  |  5.00 ns|  4.312 ns|     0.62 ns|
    +--------+---------+----------+------------+

+ Latency: 
    * Summary: 
    +---------+---------+----------+----------+------+------+----------+
    |  Latency (cycles) |  Latency (absolute) |   Interval  | Pipeline |
    |   min   |   max   |    min   |    max   |  min |  max |   Type   |
    +---------+---------+----------+----------+------+------+----------+
    |     1583|     1583|  7.915 us|  7.915 us|  1570|  1570|  dataflow|
    +---------+---------+----------+----------+------+------+----------+

    + Detail: 
        * Instance: 
        +-------------------------------------------------------------------------+------------------------------------------------------------------------+---------+---------+----------+----------+------+------+------------------------------------------------+
        |                                                                         |                                                                        |  Latency (cycles) |  Latency (absolute) |   Interval  |                    Pipeline                    |
        |                                 Instance                                |                                 Module                                 |   min   |   max   |    min   |    max   |  min |  max |                      Type                      |
        +-------------------------------------------------------------------------+------------------------------------------------------------------------+---------+---------+----------+----------+------+------+------------------------------------------------+
        |conv_2d_cl_array_ap_ufixed_1u_array_ap_fixed_10_6_5_3_0_16u_config3_U0   |conv_2d_cl_array_ap_ufixed_1u_array_ap_fixed_10_6_5_3_0_16u_config3_s   |     1571|     1571|  7.855 us|  7.855 us|  1570|  1570|  loop auto-rewind stp (delay=0 clock cycles(s))|
        |relu_array_ap_fixed_16u_array_ap_ufixed_9_5_5_3_0_16u_relu_config4_U0    |relu_array_ap_fixed_16u_array_ap_ufixed_9_5_5_3_0_16u_relu_config4_s    |      679|      679|  3.395 us|  3.395 us|   677|   677|  loop auto-rewind stp (delay=0 clock cycles(s))|
        |pooling2d_cl_array_array_ap_ufixed_4_2_0_3_0_16u_config5_U0              |pooling2d_cl_array_array_ap_ufixed_4_2_0_3_0_16u_config5_s              |      679|      679|  3.395 us|  3.395 us|   679|   679|                                              no|
        |conv_2d_cl_array_ap_ufixed_16u_array_ap_fixed_11_6_5_3_0_16u_config7_U0  |conv_2d_cl_array_ap_ufixed_16u_array_ap_fixed_11_6_5_3_0_16u_config7_s  |      510|      510|  2.550 us|  2.550 us|   509|   509|  loop auto-rewind stp (delay=0 clock cycles(s))|
        |relu_array_ap_fixed_16u_array_ap_ufixed_10_5_5_3_0_16u_relu_config8_U0   |relu_array_ap_fixed_16u_array_ap_ufixed_10_5_5_3_0_16u_relu_config8_s   |      124|      124|  0.620 us|  0.620 us|   122|   122|  loop auto-rewind stp (delay=0 clock cycles(s))|
        |pooling2d_cl_array_array_ap_ufixed_5_3_0_3_0_16u_config9_U0              |pooling2d_cl_array_array_ap_ufixed_5_3_0_3_0_16u_config9_s              |      124|      124|  0.620 us|  0.620 us|   124|   124|                                              no|
        |dense_array_ap_ufixed_16u_array_ap_fixed_19_12_5_3_0_10u_config12_U0     |dense_array_ap_ufixed_16u_array_ap_fixed_19_12_5_3_0_10u_config12_s     |       34|       34|  0.170 us|  0.170 us|    34|    34|                                              no|
        +-------------------------------------------------------------------------+------------------------------------------------------------------------+---------+---------+----------+----------+------+------+------------------------------------------------+

        * Loop: 
        N/A



================================================================
== Utilization Estimates
================================================================
* Summary: 
+-----------------+---------+------+--------+--------+-----+
|       Name      | BRAM_18K|  DSP |   FF   |   LUT  | URAM|
+-----------------+---------+------+--------+--------+-----+
|DSP              |        -|     -|       -|       -|    -|
|Expression       |        -|     -|       0|       2|    -|
|FIFO             |       45|     -|     961|     347|    -|
|Instance         |        -|     -|   10886|   59524|    -|
|Memory           |        -|     -|       -|       -|    -|
|Multiplexer      |        -|     -|       -|       -|    -|
|Register         |        -|     -|       -|       -|    -|
+-----------------+---------+------+--------+--------+-----+
|Total            |       45|     0|   11847|   59873|    0|
+-----------------+---------+------+--------+--------+-----+
|Available        |      288|  1248|  234240|  117120|   64|
+-----------------+---------+------+--------+--------+-----+
|Utilization (%)  |       15|     0|       5|      51|    0|
+-----------------+---------+------+--------+--------+-----+

+ Detail: 
    * Instance: 
    +-------------------------------------------------------------------------+------------------------------------------------------------------------+---------+----+------+-------+-----+
    |                                 Instance                                |                                 Module                                 | BRAM_18K| DSP|  FF  |  LUT  | URAM|
    +-------------------------------------------------------------------------+------------------------------------------------------------------------+---------+----+------+-------+-----+
    |conv_2d_cl_array_ap_ufixed_16u_array_ap_fixed_11_6_5_3_0_16u_config7_U0  |conv_2d_cl_array_ap_ufixed_16u_array_ap_fixed_11_6_5_3_0_16u_config7_s  |        0|   0|   883|   3058|    0|
    |conv_2d_cl_array_ap_ufixed_1u_array_ap_fixed_10_6_5_3_0_16u_config3_U0   |conv_2d_cl_array_ap_ufixed_1u_array_ap_fixed_10_6_5_3_0_16u_config3_s   |        0|   0|   348|   1027|    0|
    |dense_array_ap_ufixed_16u_array_ap_fixed_19_12_5_3_0_10u_config12_U0     |dense_array_ap_ufixed_16u_array_ap_fixed_19_12_5_3_0_10u_config12_s     |        0|   0|  6944|  48708|    0|
    |pooling2d_cl_array_array_ap_ufixed_4_2_0_3_0_16u_config5_U0              |pooling2d_cl_array_array_ap_ufixed_4_2_0_3_0_16u_config5_s              |        0|   0|  1135|   2781|    0|
    |pooling2d_cl_array_array_ap_ufixed_5_3_0_3_0_16u_config9_U0              |pooling2d_cl_array_array_ap_ufixed_5_3_0_3_0_16u_config9_s              |        0|   0|  1243|   2886|    0|
    |relu_array_ap_fixed_16u_array_ap_ufixed_10_5_5_3_0_16u_relu_config8_U0   |relu_array_ap_fixed_16u_array_ap_ufixed_10_5_5_3_0_16u_relu_config8_s   |        0|   0|   173|    545|    0|
    |relu_array_ap_fixed_16u_array_ap_ufixed_9_5_5_3_0_16u_relu_config4_U0    |relu_array_ap_fixed_16u_array_ap_ufixed_9_5_5_3_0_16u_relu_config4_s    |        0|   0|   160|    519|    0|
    +-------------------------------------------------------------------------+------------------------------------------------------------------------+---------+----+------+-------+-----+
    |Total                                                                    |                                                                        |        0|   0| 10886|  59524|    0|
    +-------------------------------------------------------------------------+------------------------------------------------------------------------+---------+----+------+-------+-----+

    * DSP: 
    N/A

    * Memory: 
    N/A

    * FIFO: 
    +--------------+---------+-----+----+-----+------+-----+---------+
    |     Name     | BRAM_18K|  FF | LUT| URAM| Depth| Bits| Size:D*B|
    +--------------+---------+-----+----+-----+------+-----+---------+
    |layer3_out_U  |        9|  165|   0|    -|   676|  160|   108160|
    |layer4_out_U  |        8|  165|   0|    -|   676|  144|    97344|
    |layer5_out_U  |        4|  163|   0|    -|   169|   64|    10816|
    |layer7_out_U  |       10|  158|   0|    -|   121|  176|    21296|
    |layer8_out_U  |        9|  158|   0|    -|   121|  160|    19360|
    |layer9_out_U  |        5|  152|   0|    -|    25|   80|     2000|
    +--------------+---------+-----+----+-----+------+-----+---------+
    |Total         |       45|  961|   0|    0|  1788|  784|   258976|
    +--------------+---------+-----+----+-----+------+-----+---------+

    * Expression: 
    +--------------+----------+----+---+----+------------+------------+
    | Variable Name| Operation| DSP| FF| LUT| Bitwidth P0| Bitwidth P1|
    +--------------+----------+----+---+----+------------+------------+
    |ap_idle       |       and|   0|  0|   2|           1|           1|
    +--------------+----------+----+---+----+------------+------------+
    |Total         |          |   0|  0|   2|           1|           1|
    +--------------+----------+----+---+----+------------+------------+

    * Multiplexer: 
    N/A

    * Register: 
    N/A



================================================================
== Interface
================================================================
* Summary: 
+--------------------------------+-----+-----+------------+-------------------------+--------------+
|            RTL Ports           | Dir | Bits|  Protocol  |      Source Object      |    C Type    |
+--------------------------------+-----+-----+------------+-------------------------+--------------+
|stream_in0_input_image_dout     |   in|    8|     ap_fifo|   stream_in0_input_image|       pointer|
|stream_in0_input_image_empty_n  |   in|    1|     ap_fifo|   stream_in0_input_image|       pointer|
|stream_in0_input_image_read     |  out|    1|     ap_fifo|   stream_in0_input_image|       pointer|
|stream_out0_layer12_out_din     |  out|  320|     ap_fifo|  stream_out0_layer12_out|       pointer|
|stream_out0_layer12_out_full_n  |   in|    1|     ap_fifo|  stream_out0_layer12_out|       pointer|
|stream_out0_layer12_out_write   |  out|    1|     ap_fifo|  stream_out0_layer12_out|       pointer|
|ap_clk                          |   in|    1|  ap_ctrl_hs|                myproject|  return value|
|ap_rst                          |   in|    1|  ap_ctrl_hs|                myproject|  return value|
|ap_start                        |   in|    1|  ap_ctrl_hs|                myproject|  return value|
|ap_done                         |  out|    1|  ap_ctrl_hs|                myproject|  return value|
|ap_ready                        |  out|    1|  ap_ctrl_hs|                myproject|  return value|
|ap_idle                         |  out|    1|  ap_ctrl_hs|                myproject|  return value|
|ap_continue                     |   in|    1|  ap_ctrl_hs|                myproject|  return value|
+--------------------------------+-----+-----+------------+-------------------------+--------------+

