

================================================================
== Vitis HLS Report for 'store_result_float_array_ap_fixed_10u_Pipeline_VITIS_LOOP_29_1'
================================================================
* Date:           Mon Jun  8 14:36:20 2026

* Version:        2025.2 (Build 6295257 on Nov 14 2025)
* Project:        vitis_unified_project
* Solution:       hls (Vivado IP Flow Target)
* Product family: zynquplus
* Target device:  xck26-sfvc784-2LV-c


================================================================
== Performance Estimates
================================================================
+ Timing: 
    * Summary: 
    +--------+---------+----------+------------+
    |  Clock |  Target | Estimated| Uncertainty|
    +--------+---------+----------+------------+
    |ap_clk  |  5.00 ns|  4.375 ns|     0.62 ns|
    +--------+---------+----------+------------+

+ Latency: 
    * Summary: 
    +---------+---------+----------+----------+-----+-----+-------------------+
    |  Latency (cycles) |  Latency (absolute) |  Interval |      Pipeline     |
    |   min   |   max   |    min   |    max   | min | max |        Type       |
    +---------+---------+----------+----------+-----+-----+-------------------+
    |        ?|        ?|         ?|         ?|    0|    0|  loop pipeline stp|
    +---------+---------+----------+----------+-----+-----+-------------------+

    + Detail: 
        * Instance: 
        N/A

        * Loop: 
        +-------------------+---------+---------+----------+-----------+-----------+------+----------+
        |                   |  Latency (cycles) | Iteration|  Initiation Interval  | Trip |          |
        |     Loop Name     |   min   |   max   |  Latency |  achieved |   target  | Count| Pipelined|
        +-------------------+---------+---------+----------+-----------+-----------+------+----------+
        |- VITIS_LOOP_29_1  |        ?|        ?|        13|         10|          1|     ?|       yes|
        +-------------------+---------+---------+----------+-----------+-----------+------+----------+



================================================================
== Utilization Estimates
================================================================
* Summary: 
+-----------------+---------+------+--------+--------+-----+
|       Name      | BRAM_18K|  DSP |   FF   |   LUT  | URAM|
+-----------------+---------+------+--------+--------+-----+
|DSP              |        -|     -|       -|       -|    -|
|Expression       |        -|     -|       0|    2985|    -|
|FIFO             |        -|     -|       -|       -|    -|
|Instance         |        -|     -|       0|     250|    -|
|Memory           |        -|     -|       -|       -|    -|
|Multiplexer      |        -|     -|       0|     190|    -|
|Register         |        -|     -|     758|       -|    -|
+-----------------+---------+------+--------+--------+-----+
|Total            |        0|     0|     758|    3425|    0|
+-----------------+---------+------+--------+--------+-----+
|Available        |      288|  1248|  234240|  117120|   64|
+-----------------+---------+------+--------+--------+-----+
|Utilization (%)  |        0|     0|      ~0|       2|    0|
+-----------------+---------+------+--------+--------+-----+

+ Detail: 
    * Instance: 
    +---------------------+----------------+---------+----+---+----+-----+
    |       Instance      |     Module     | BRAM_18K| DSP| FF| LUT| URAM|
    +---------------------+----------------+---------+----+---+----+-----+
    |ctlz_19_19_1_1_U663  |ctlz_19_19_1_1  |        0|   0|  0|  25|    0|
    |ctlz_19_19_1_1_U664  |ctlz_19_19_1_1  |        0|   0|  0|  25|    0|
    |ctlz_19_19_1_1_U665  |ctlz_19_19_1_1  |        0|   0|  0|  25|    0|
    |ctlz_19_19_1_1_U666  |ctlz_19_19_1_1  |        0|   0|  0|  25|    0|
    |ctlz_19_19_1_1_U667  |ctlz_19_19_1_1  |        0|   0|  0|  25|    0|
    |ctlz_19_19_1_1_U668  |ctlz_19_19_1_1  |        0|   0|  0|  25|    0|
    |ctlz_19_19_1_1_U669  |ctlz_19_19_1_1  |        0|   0|  0|  25|    0|
    |ctlz_19_19_1_1_U670  |ctlz_19_19_1_1  |        0|   0|  0|  25|    0|
    |ctlz_19_19_1_1_U671  |ctlz_19_19_1_1  |        0|   0|  0|  25|    0|
    |ctlz_19_19_1_1_U672  |ctlz_19_19_1_1  |        0|   0|  0|  25|    0|
    +---------------------+----------------+---------+----+---+----+-----+
    |Total                |                |        0|   0|  0| 250|    0|
    +---------------------+----------------+---------+----+---+----+-----+

    * DSP: 
    N/A

    * Memory: 
    N/A

    * FIFO: 
    N/A

    * Expression: 
    +---------------------------------------+----------+----+---+-----+------------+------------+
    |             Variable Name             | Operation| DSP| FF| LUT | Bitwidth P0| Bitwidth P1|
    +---------------------------------------+----------+----+---+-----+------------+------------+
    |add_ln29_fu_184_p2                     |         +|   0|  0|   38|          31|           1|
    |add_ln33_10_fu_995_p2                  |         +|   0|  0|   12|           5|           3|
    |add_ln33_11_fu_1051_p2                 |         +|   0|  0|   15|           8|           8|
    |add_ln33_12_fu_1117_p2                 |         +|   0|  0|   12|           5|           3|
    |add_ln33_13_fu_1173_p2                 |         +|   0|  0|   15|           8|           8|
    |add_ln33_14_fu_1239_p2                 |         +|   0|  0|   12|           5|           3|
    |add_ln33_15_fu_1295_p2                 |         +|   0|  0|   15|           8|           8|
    |add_ln33_16_fu_1361_p2                 |         +|   0|  0|   12|           5|           3|
    |add_ln33_17_fu_1417_p2                 |         +|   0|  0|   15|           8|           8|
    |add_ln33_18_fu_1483_p2                 |         +|   0|  0|   12|           5|           3|
    |add_ln33_19_fu_1539_p2                 |         +|   0|  0|   15|           8|           8|
    |add_ln33_1_fu_441_p2                   |         +|   0|  0|   15|           8|           8|
    |add_ln33_2_fu_507_p2                   |         +|   0|  0|   12|           5|           3|
    |add_ln33_3_fu_563_p2                   |         +|   0|  0|   15|           8|           8|
    |add_ln33_4_fu_629_p2                   |         +|   0|  0|   12|           5|           3|
    |add_ln33_5_fu_685_p2                   |         +|   0|  0|   15|           8|           8|
    |add_ln33_6_fu_751_p2                   |         +|   0|  0|   12|           5|           3|
    |add_ln33_7_fu_807_p2                   |         +|   0|  0|   15|           8|           8|
    |add_ln33_8_fu_873_p2                   |         +|   0|  0|   12|           5|           3|
    |add_ln33_9_fu_929_p2                   |         +|   0|  0|   15|           8|           8|
    |add_ln33_fu_385_p2                     |         +|   0|  0|   12|           5|           3|
    |sub_ln33_10_fu_970_p2                  |         -|   0|  0|   26|           1|          19|
    |sub_ln33_11_fu_1041_p2                 |         -|   0|  0|   12|           4|           5|
    |sub_ln33_12_fu_1092_p2                 |         -|   0|  0|   26|           1|          19|
    |sub_ln33_13_fu_1163_p2                 |         -|   0|  0|   12|           4|           5|
    |sub_ln33_14_fu_1214_p2                 |         -|   0|  0|   26|           1|          19|
    |sub_ln33_15_fu_1285_p2                 |         -|   0|  0|   12|           4|           5|
    |sub_ln33_16_fu_1336_p2                 |         -|   0|  0|   26|           1|          19|
    |sub_ln33_17_fu_1407_p2                 |         -|   0|  0|   12|           4|           5|
    |sub_ln33_18_fu_1458_p2                 |         -|   0|  0|   26|           1|          19|
    |sub_ln33_19_fu_1529_p2                 |         -|   0|  0|   12|           4|           5|
    |sub_ln33_1_fu_431_p2                   |         -|   0|  0|   12|           4|           5|
    |sub_ln33_2_fu_482_p2                   |         -|   0|  0|   26|           1|          19|
    |sub_ln33_3_fu_553_p2                   |         -|   0|  0|   12|           4|           5|
    |sub_ln33_4_fu_604_p2                   |         -|   0|  0|   26|           1|          19|
    |sub_ln33_5_fu_675_p2                   |         -|   0|  0|   12|           4|           5|
    |sub_ln33_6_fu_726_p2                   |         -|   0|  0|   26|           1|          19|
    |sub_ln33_7_fu_797_p2                   |         -|   0|  0|   12|           4|           5|
    |sub_ln33_8_fu_848_p2                   |         -|   0|  0|   26|           1|          19|
    |sub_ln33_9_fu_919_p2                   |         -|   0|  0|   12|           4|           5|
    |sub_ln33_fu_285_p2                     |         -|   0|  0|   26|           1|          19|
    |pi_assign_1_fu_576_p5                  |      1003|   0|  0|    2|          64|           9|
    |pi_assign_2_fu_698_p5                  |      1003|   0|  0|    2|          64|           9|
    |pi_assign_3_fu_820_p5                  |      1003|   0|  0|    2|          64|           9|
    |pi_assign_4_fu_942_p5                  |      1003|   0|  0|    2|          64|           9|
    |pi_assign_5_fu_1064_p5                 |      1003|   0|  0|    2|          64|           9|
    |pi_assign_6_fu_1186_p5                 |      1003|   0|  0|    2|          64|           9|
    |pi_assign_7_fu_1308_p5                 |      1003|   0|  0|    2|          64|           9|
    |pi_assign_8_fu_1430_p5                 |      1003|   0|  0|    2|          64|           9|
    |pi_assign_9_fu_1552_p5                 |      1003|   0|  0|    2|          64|           9|
    |pi_assign_fu_454_p5                    |      1003|   0|  0|    2|          64|           9|
    |ap_block_pp0_stage0_11001              |       and|   0|  0|    2|           1|           1|
    |ap_block_pp0_stage1_11001_grp1         |       and|   0|  0|    2|           1|           1|
    |ap_block_pp0_stage1_11001_grp10        |       and|   0|  0|    2|           1|           1|
    |ap_block_pp0_stage3_11001_grp2         |       and|   0|  0|    2|           1|           1|
    |ap_block_pp0_stage4_11001_grp3         |       and|   0|  0|    2|           1|           1|
    |ap_block_pp0_stage5_11001_grp4         |       and|   0|  0|    2|           1|           1|
    |ap_block_pp0_stage6_11001_grp5         |       and|   0|  0|    2|           1|           1|
    |ap_block_pp0_stage7_11001_grp6         |       and|   0|  0|    2|           1|           1|
    |ap_block_pp0_stage8_11001_grp7         |       and|   0|  0|    2|           1|           1|
    |ap_block_pp0_stage9_11001_grp8         |       and|   0|  0|    2|           1|           1|
    |ap_block_state10_io_grp8               |       and|   0|  0|    2|           1|           1|
    |ap_block_state2_pp0_stage1_iter0_grp1  |       and|   0|  0|    2|           1|           1|
    |icmp_ln29_fu_172_p2                    |      icmp|   0|  0|   39|          32|          32|
    |icmp_ln33_1_fu_477_p2                  |      icmp|   0|  0|   26|          19|           1|
    |icmp_ln33_2_fu_599_p2                  |      icmp|   0|  0|   26|          19|           1|
    |icmp_ln33_3_fu_721_p2                  |      icmp|   0|  0|   26|          19|           1|
    |icmp_ln33_4_fu_843_p2                  |      icmp|   0|  0|   26|          19|           1|
    |icmp_ln33_5_fu_965_p2                  |      icmp|   0|  0|   26|          19|           1|
    |icmp_ln33_6_fu_1087_p2                 |      icmp|   0|  0|   26|          19|           1|
    |icmp_ln33_7_fu_1209_p2                 |      icmp|   0|  0|   26|          19|           1|
    |icmp_ln33_8_fu_1331_p2                 |      icmp|   0|  0|   26|          19|           1|
    |icmp_ln33_9_fu_1453_p2                 |      icmp|   0|  0|   26|          19|           1|
    |icmp_ln33_fu_271_p2                    |      icmp|   0|  0|   26|          19|           1|
    |ap_block_pp0_stage1_subdone            |        or|   0|  0|    2|           1|           1|
    |empty_59_fu_592_p3                     |    select|   0|  0|   32|           1|           1|
    |empty_60_fu_714_p3                     |    select|   0|  0|   32|           1|           1|
    |empty_61_fu_836_p3                     |    select|   0|  0|   32|           1|           1|
    |empty_62_fu_958_p3                     |    select|   0|  0|   32|           1|           1|
    |empty_63_fu_1080_p3                    |    select|   0|  0|   32|           1|           1|
    |empty_64_fu_1202_p3                    |    select|   0|  0|   32|           1|           1|
    |empty_65_fu_1324_p3                    |    select|   0|  0|   32|           1|           1|
    |empty_66_fu_1446_p3                    |    select|   0|  0|   32|           1|           1|
    |empty_67_fu_1568_p3                    |    select|   0|  0|   32|           1|           1|
    |empty_fu_470_p3                        |    select|   0|  0|   32|           1|           1|
    |select_ln33_10_fu_975_p3               |    select|   0|  0|   18|           1|          19|
    |select_ln33_11_fu_1033_p3              |    select|   0|  0|    7|           1|           7|
    |select_ln33_12_fu_1097_p3              |    select|   0|  0|   18|           1|          19|
    |select_ln33_13_fu_1155_p3              |    select|   0|  0|    7|           1|           7|
    |select_ln33_14_fu_1219_p3              |    select|   0|  0|   18|           1|          19|
    |select_ln33_15_fu_1277_p3              |    select|   0|  0|    7|           1|           7|
    |select_ln33_16_fu_1341_p3              |    select|   0|  0|   18|           1|          19|
    |select_ln33_17_fu_1399_p3              |    select|   0|  0|    7|           1|           7|
    |select_ln33_18_fu_1463_p3              |    select|   0|  0|   18|           1|          19|
    |select_ln33_19_fu_1521_p3              |    select|   0|  0|    7|           1|           7|
    |select_ln33_1_fu_423_p3                |    select|   0|  0|    7|           1|           7|
    |select_ln33_2_fu_487_p3                |    select|   0|  0|   18|           1|          19|
    |select_ln33_3_fu_545_p3                |    select|   0|  0|    7|           1|           7|
    |select_ln33_4_fu_609_p3                |    select|   0|  0|   18|           1|          19|
    |select_ln33_5_fu_667_p3                |    select|   0|  0|    7|           1|           7|
    |select_ln33_6_fu_731_p3                |    select|   0|  0|   18|           1|          19|
    |select_ln33_7_fu_789_p3                |    select|   0|  0|    7|           1|           7|
    |select_ln33_8_fu_853_p3                |    select|   0|  0|   18|           1|          19|
    |select_ln33_9_fu_911_p3                |    select|   0|  0|    7|           1|           7|
    |select_ln33_fu_291_p3                  |    select|   0|  0|   18|           1|          19|
    |shl_ln33_1_fu_517_p2                   |       shl|   0|  0|  138|          43|          43|
    |shl_ln33_2_fu_639_p2                   |       shl|   0|  0|  138|          43|          43|
    |shl_ln33_3_fu_761_p2                   |       shl|   0|  0|  138|          43|          43|
    |shl_ln33_4_fu_883_p2                   |       shl|   0|  0|  138|          43|          43|
    |shl_ln33_5_fu_1005_p2                  |       shl|   0|  0|  138|          43|          43|
    |shl_ln33_6_fu_1127_p2                  |       shl|   0|  0|  138|          43|          43|
    |shl_ln33_7_fu_1249_p2                  |       shl|   0|  0|  138|          43|          43|
    |shl_ln33_8_fu_1371_p2                  |       shl|   0|  0|  138|          43|          43|
    |shl_ln33_9_fu_1493_p2                  |       shl|   0|  0|  138|          43|          43|
    |shl_ln33_fu_395_p2                     |       shl|   0|  0|  138|          43|          43|
    |ap_enable_pp0                          |       xor|   0|  0|    2|           1|           2|
    +---------------------------------------+----------+----+---+-----+------------+------------+
    |Total                                  |          |   0|  0| 2985|        1547|        1198|
    +---------------------------------------+----------+----+---+-----+------------+------------+

    * Multiplexer: 
    +-------------------------------+----+-----------+-----+-----------+
    |              Name             | LUT| Input Size| Bits| Total Bits|
    +-------------------------------+----+-----------+-----+-----------+
    |ap_NS_fsm                      |  59|         11|    1|         11|
    |ap_done_int                    |   9|          2|    1|          2|
    |ap_enable_reg_pp0_iter0        |   9|          2|    1|          2|
    |ap_enable_reg_pp0_iter0_reg    |   9|          2|    1|          2|
    |ap_enable_reg_pp0_iter1        |   9|          2|    1|          2|
    |ap_sig_allocacmp_q_load        |   9|          2|   31|         62|
    |gmem_out0_blk_n_W              |   9|          2|    1|          2|
    |m_axi_gmem_out0_0_WDATA        |  59|         11|   32|        352|
    |q_fu_126                       |   9|          2|   31|         62|
    |stream_out0_layer12_out_blk_n  |   9|          2|    1|          2|
    +-------------------------------+----+-----------+-----+-----------+
    |Total                          | 190|         38|  101|        499|
    +-------------------------------+----+-----------+-----+-----------+

    * Register: 
    +--------------------------------------------+----+----+-----+-----------+
    |                    Name                    | FF | LUT| Bits| Const Bits|
    +--------------------------------------------+----+----+-----+-----------+
    |ap_CS_fsm                                   |  10|   0|   10|          0|
    |ap_block_pp0_stage0_subdone_grp0_done_reg   |   1|   0|    1|          0|
    |ap_block_pp0_stage1_subdone_grp0_done_reg   |   1|   0|    1|          0|
    |ap_block_pp0_stage1_subdone_grp10_done_reg  |   1|   0|    1|          0|
    |ap_block_pp0_stage1_subdone_grp1_done_reg   |   1|   0|    1|          0|
    |ap_block_pp0_stage2_subdone_grp0_done_reg   |   1|   0|    1|          0|
    |ap_block_pp0_stage3_subdone_grp0_done_reg   |   1|   0|    1|          0|
    |ap_block_pp0_stage4_subdone_grp0_done_reg   |   1|   0|    1|          0|
    |ap_block_pp0_stage5_subdone_grp0_done_reg   |   1|   0|    1|          0|
    |ap_block_pp0_stage6_subdone_grp0_done_reg   |   1|   0|    1|          0|
    |ap_block_pp0_stage7_subdone_grp0_done_reg   |   1|   0|    1|          0|
    |ap_block_pp0_stage8_subdone_grp0_done_reg   |   1|   0|    1|          0|
    |ap_block_pp0_stage9_subdone_grp0_done_reg   |   1|   0|    1|          0|
    |ap_done_reg                                 |   1|   0|    1|          0|
    |ap_enable_reg_pp0_iter0_reg                 |   1|   0|    1|          0|
    |ap_enable_reg_pp0_iter1                     |   1|   0|    1|          0|
    |empty_59_reg_1740                           |  32|   0|   32|          0|
    |empty_60_reg_1756                           |  32|   0|   32|          0|
    |empty_61_reg_1772                           |  32|   0|   32|          0|
    |empty_62_reg_1788                           |  32|   0|   32|          0|
    |empty_63_reg_1804                           |  32|   0|   32|          0|
    |empty_64_reg_1820                           |  32|   0|   32|          0|
    |empty_65_reg_1836                           |  32|   0|   32|          0|
    |empty_66_reg_1852                           |  32|   0|   32|          0|
    |empty_67_reg_1868                           |  32|   0|   32|          0|
    |empty_reg_1724                              |  32|   0|   32|          0|
    |icmp_ln29_reg_1582                          |   1|   0|    1|          0|
    |icmp_ln33_1_reg_1729                        |   1|   0|    1|          0|
    |icmp_ln33_2_reg_1745                        |   1|   0|    1|          0|
    |icmp_ln33_3_reg_1761                        |   1|   0|    1|          0|
    |icmp_ln33_4_reg_1777                        |   1|   0|    1|          0|
    |icmp_ln33_5_reg_1793                        |   1|   0|    1|          0|
    |icmp_ln33_6_reg_1809                        |   1|   0|    1|          0|
    |icmp_ln33_7_reg_1825                        |   1|   0|    1|          0|
    |icmp_ln33_8_reg_1841                        |   1|   0|    1|          0|
    |icmp_ln33_9_reg_1857                        |   1|   0|    1|          0|
    |icmp_ln33_reg_1654                          |   1|   0|    1|          0|
    |q_fu_126                                    |  31|   0|   31|          0|
    |select_ln33_10_reg_1798                     |  19|   0|   19|          0|
    |select_ln33_12_reg_1814                     |  19|   0|   19|          0|
    |select_ln33_14_reg_1830                     |  19|   0|   19|          0|
    |select_ln33_16_reg_1846                     |  19|   0|   19|          0|
    |select_ln33_18_reg_1862                     |  19|   0|   19|          0|
    |select_ln33_2_reg_1734                      |  19|   0|   19|          0|
    |select_ln33_4_reg_1750                      |  19|   0|   19|          0|
    |select_ln33_6_reg_1766                      |  19|   0|   19|          0|
    |select_ln33_8_reg_1782                      |  19|   0|   19|          0|
    |select_ln33_reg_1664                        |  19|   0|   19|          0|
    |tmp_10_reg_1659                             |   1|   0|    1|          0|
    |tmp_12_reg_1670                             |   1|   0|    1|          0|
    |tmp_14_reg_1676                             |   1|   0|    1|          0|
    |tmp_16_reg_1682                             |   1|   0|    1|          0|
    |tmp_18_reg_1688                             |   1|   0|    1|          0|
    |tmp_1_reg_1591                              |  19|   0|   19|          0|
    |tmp_20_reg_1694                             |   1|   0|    1|          0|
    |tmp_22_reg_1700                             |   1|   0|    1|          0|
    |tmp_24_reg_1706                             |   1|   0|    1|          0|
    |tmp_26_reg_1712                             |   1|   0|    1|          0|
    |tmp_28_reg_1718                             |   1|   0|    1|          0|
    |tmp_2_reg_1598                              |  19|   0|   19|          0|
    |tmp_3_reg_1605                              |  19|   0|   19|          0|
    |tmp_4_reg_1612                              |  19|   0|   19|          0|
    |tmp_5_reg_1619                              |  19|   0|   19|          0|
    |tmp_6_reg_1626                              |  19|   0|   19|          0|
    |tmp_7_reg_1633                              |  19|   0|   19|          0|
    |tmp_8_reg_1640                              |  19|   0|   19|          0|
    |tmp_9_reg_1647                              |  19|   0|   19|          0|
    +--------------------------------------------+----+----+-----+-----------+
    |Total                                       | 758|   0|  758|          0|
    +--------------------------------------------+----+----+-----+-----------+



================================================================
== Interface
================================================================
* Summary: 
+----------------------------------------+-----+-----+------------+------------------------------------------------------------------+--------------+
|                RTL Ports               | Dir | Bits|  Protocol  |                           Source Object                          |    C Type    |
+----------------------------------------+-----+-----+------------+------------------------------------------------------------------+--------------+
|ap_clk                                  |   in|    1|  ap_ctrl_hs|  store_result<float,array<ap_fixed,10u>>_Pipeline_VITIS_LOOP_29_1|  return value|
|ap_rst                                  |   in|    1|  ap_ctrl_hs|  store_result<float,array<ap_fixed,10u>>_Pipeline_VITIS_LOOP_29_1|  return value|
|ap_start                                |   in|    1|  ap_ctrl_hs|  store_result<float,array<ap_fixed,10u>>_Pipeline_VITIS_LOOP_29_1|  return value|
|ap_done                                 |  out|    1|  ap_ctrl_hs|  store_result<float,array<ap_fixed,10u>>_Pipeline_VITIS_LOOP_29_1|  return value|
|ap_idle                                 |  out|    1|  ap_ctrl_hs|  store_result<float,array<ap_fixed,10u>>_Pipeline_VITIS_LOOP_29_1|  return value|
|ap_ready                                |  out|    1|  ap_ctrl_hs|  store_result<float,array<ap_fixed,10u>>_Pipeline_VITIS_LOOP_29_1|  return value|
|m_axi_gmem_out0_0_AWVALID               |  out|    1|       m_axi|                                                         gmem_out0|       pointer|
|m_axi_gmem_out0_0_AWREADY               |   in|    1|       m_axi|                                                         gmem_out0|       pointer|
|m_axi_gmem_out0_0_AWADDR                |  out|   64|       m_axi|                                                         gmem_out0|       pointer|
|m_axi_gmem_out0_0_AWID                  |  out|    1|       m_axi|                                                         gmem_out0|       pointer|
|m_axi_gmem_out0_0_AWLEN                 |  out|   32|       m_axi|                                                         gmem_out0|       pointer|
|m_axi_gmem_out0_0_AWSIZE                |  out|    3|       m_axi|                                                         gmem_out0|       pointer|
|m_axi_gmem_out0_0_AWBURST               |  out|    2|       m_axi|                                                         gmem_out0|       pointer|
|m_axi_gmem_out0_0_AWLOCK                |  out|    2|       m_axi|                                                         gmem_out0|       pointer|
|m_axi_gmem_out0_0_AWCACHE               |  out|    4|       m_axi|                                                         gmem_out0|       pointer|
|m_axi_gmem_out0_0_AWPROT                |  out|    3|       m_axi|                                                         gmem_out0|       pointer|
|m_axi_gmem_out0_0_AWQOS                 |  out|    4|       m_axi|                                                         gmem_out0|       pointer|
|m_axi_gmem_out0_0_AWREGION              |  out|    4|       m_axi|                                                         gmem_out0|       pointer|
|m_axi_gmem_out0_0_AWUSER                |  out|    1|       m_axi|                                                         gmem_out0|       pointer|
|m_axi_gmem_out0_0_WVALID                |  out|    1|       m_axi|                                                         gmem_out0|       pointer|
|m_axi_gmem_out0_0_WREADY                |   in|    1|       m_axi|                                                         gmem_out0|       pointer|
|m_axi_gmem_out0_0_WDATA                 |  out|   32|       m_axi|                                                         gmem_out0|       pointer|
|m_axi_gmem_out0_0_WSTRB                 |  out|    4|       m_axi|                                                         gmem_out0|       pointer|
|m_axi_gmem_out0_0_WLAST                 |  out|    1|       m_axi|                                                         gmem_out0|       pointer|
|m_axi_gmem_out0_0_WID                   |  out|    1|       m_axi|                                                         gmem_out0|       pointer|
|m_axi_gmem_out0_0_WUSER                 |  out|    1|       m_axi|                                                         gmem_out0|       pointer|
|m_axi_gmem_out0_0_ARVALID               |  out|    1|       m_axi|                                                         gmem_out0|       pointer|
|m_axi_gmem_out0_0_ARREADY               |   in|    1|       m_axi|                                                         gmem_out0|       pointer|
|m_axi_gmem_out0_0_ARADDR                |  out|   64|       m_axi|                                                         gmem_out0|       pointer|
|m_axi_gmem_out0_0_ARID                  |  out|    1|       m_axi|                                                         gmem_out0|       pointer|
|m_axi_gmem_out0_0_ARLEN                 |  out|   32|       m_axi|                                                         gmem_out0|       pointer|
|m_axi_gmem_out0_0_ARSIZE                |  out|    3|       m_axi|                                                         gmem_out0|       pointer|
|m_axi_gmem_out0_0_ARBURST               |  out|    2|       m_axi|                                                         gmem_out0|       pointer|
|m_axi_gmem_out0_0_ARLOCK                |  out|    2|       m_axi|                                                         gmem_out0|       pointer|
|m_axi_gmem_out0_0_ARCACHE               |  out|    4|       m_axi|                                                         gmem_out0|       pointer|
|m_axi_gmem_out0_0_ARPROT                |  out|    3|       m_axi|                                                         gmem_out0|       pointer|
|m_axi_gmem_out0_0_ARQOS                 |  out|    4|       m_axi|                                                         gmem_out0|       pointer|
|m_axi_gmem_out0_0_ARREGION              |  out|    4|       m_axi|                                                         gmem_out0|       pointer|
|m_axi_gmem_out0_0_ARUSER                |  out|    1|       m_axi|                                                         gmem_out0|       pointer|
|m_axi_gmem_out0_0_RVALID                |   in|    1|       m_axi|                                                         gmem_out0|       pointer|
|m_axi_gmem_out0_0_RREADY                |  out|    1|       m_axi|                                                         gmem_out0|       pointer|
|m_axi_gmem_out0_0_RDATA                 |   in|   32|       m_axi|                                                         gmem_out0|       pointer|
|m_axi_gmem_out0_0_RLAST                 |   in|    1|       m_axi|                                                         gmem_out0|       pointer|
|m_axi_gmem_out0_0_RID                   |   in|    1|       m_axi|                                                         gmem_out0|       pointer|
|m_axi_gmem_out0_0_RFIFONUM              |   in|    9|       m_axi|                                                         gmem_out0|       pointer|
|m_axi_gmem_out0_0_RUSER                 |   in|    1|       m_axi|                                                         gmem_out0|       pointer|
|m_axi_gmem_out0_0_RRESP                 |   in|    2|       m_axi|                                                         gmem_out0|       pointer|
|m_axi_gmem_out0_0_BVALID                |   in|    1|       m_axi|                                                         gmem_out0|       pointer|
|m_axi_gmem_out0_0_BREADY                |  out|    1|       m_axi|                                                         gmem_out0|       pointer|
|m_axi_gmem_out0_0_BRESP                 |   in|    2|       m_axi|                                                         gmem_out0|       pointer|
|m_axi_gmem_out0_0_BID                   |   in|    1|       m_axi|                                                         gmem_out0|       pointer|
|m_axi_gmem_out0_0_BUSER                 |   in|    1|       m_axi|                                                         gmem_out0|       pointer|
|stream_out0_layer12_out_dout            |   in|  320|     ap_fifo|                                           stream_out0_layer12_out|       pointer|
|stream_out0_layer12_out_empty_n         |   in|    1|     ap_fifo|                                           stream_out0_layer12_out|       pointer|
|stream_out0_layer12_out_read            |  out|    1|     ap_fifo|                                           stream_out0_layer12_out|       pointer|
|stream_out0_layer12_out_num_data_valid  |   in|    8|     ap_fifo|                                           stream_out0_layer12_out|       pointer|
|stream_out0_layer12_out_fifo_cap        |   in|    8|     ap_fifo|                                           stream_out0_layer12_out|       pointer|
|batch_size_1                            |   in|   32|     ap_none|                                                      batch_size_1|        scalar|
|sext_ln29                               |   in|   62|     ap_none|                                                         sext_ln29|        scalar|
+----------------------------------------+-----+-----+------------+------------------------------------------------------------------+--------------+

