

================================================================
== Vitis HLS Report for 'store_result_float_array_ap_fixed_10u_Pipeline_VITIS_LOOP_29_1'
================================================================
* Date:           Mon May  4 23:31:11 2026

* Version:        2025.2 (Build 6295257 on Nov 14 2025)
* Project:        vitis_unified_project
* Solution:       hls (Vivado IP Flow Target)
* Product family: zynquplus
* Target device:  xck26-sfvc784-2LV-c


================================================================
== Performance Estimates
================================================================
+ Timing: 
    * Summary: 
    +--------+---------+----------+------------+
    |  Clock |  Target | Estimated| Uncertainty|
    +--------+---------+----------+------------+
    |ap_clk  |  5.00 ns|  4.375 ns|     0.62 ns|
    +--------+---------+----------+------------+

+ Latency: 
    * Summary: 
    +---------+---------+----------+----------+-----+-----+-------------------+
    |  Latency (cycles) |  Latency (absolute) |  Interval |      Pipeline     |
    |   min   |   max   |    min   |    max   | min | max |        Type       |
    +---------+---------+----------+----------+-----+-----+-------------------+
    |        ?|        ?|         ?|         ?|    0|    0|  loop pipeline stp|
    +---------+---------+----------+----------+-----+-----+-------------------+

    + Detail: 
        * Instance: 
        N/A

        * Loop: 
        +-------------------+---------+---------+----------+-----------+-----------+------+----------+
        |                   |  Latency (cycles) | Iteration|  Initiation Interval  | Trip |          |
        |     Loop Name     |   min   |   max   |  Latency |  achieved |   target  | Count| Pipelined|
        +-------------------+---------+---------+----------+-----------+-----------+------+----------+
        |- VITIS_LOOP_29_1  |        ?|        ?|        13|         10|          1|     ?|       yes|
        +-------------------+---------+---------+----------+-----------+-----------+------+----------+



================================================================
== Utilization Estimates
================================================================
* Summary: 
+-----------------+---------+------+--------+--------+-----+
|       Name      | BRAM_18K|  DSP |   FF   |   LUT  | URAM|
+-----------------+---------+------+--------+--------+-----+
|DSP              |        -|     -|       -|       -|    -|
|Expression       |        -|     -|       0|    2885|    -|
|FIFO             |        -|     -|       -|       -|    -|
|Instance         |        -|     -|       0|     210|    -|
|Memory           |        -|     -|       -|       -|    -|
|Multiplexer      |        -|     -|       0|     190|    -|
|Register         |        -|     -|     720|       -|    -|
+-----------------+---------+------+--------+--------+-----+
|Total            |        0|     0|     720|    3285|    0|
+-----------------+---------+------+--------+--------+-----+
|Available        |      288|  1248|  234240|  117120|   64|
+-----------------+---------+------+--------+--------+-----+
|Utilization (%)  |        0|     0|      ~0|       2|    0|
+-----------------+---------+------+--------+--------+-----+

+ Detail: 
    * Instance: 
    +---------------------+----------------+---------+----+---+----+-----+
    |       Instance      |     Module     | BRAM_18K| DSP| FF| LUT| URAM|
    +---------------------+----------------+---------+----+---+----+-----+
    |ctlz_17_17_1_1_U474  |ctlz_17_17_1_1  |        0|   0|  0|  21|    0|
    |ctlz_17_17_1_1_U475  |ctlz_17_17_1_1  |        0|   0|  0|  21|    0|
    |ctlz_17_17_1_1_U476  |ctlz_17_17_1_1  |        0|   0|  0|  21|    0|
    |ctlz_17_17_1_1_U477  |ctlz_17_17_1_1  |        0|   0|  0|  21|    0|
    |ctlz_17_17_1_1_U478  |ctlz_17_17_1_1  |        0|   0|  0|  21|    0|
    |ctlz_17_17_1_1_U479  |ctlz_17_17_1_1  |        0|   0|  0|  21|    0|
    |ctlz_17_17_1_1_U480  |ctlz_17_17_1_1  |        0|   0|  0|  21|    0|
    |ctlz_17_17_1_1_U481  |ctlz_17_17_1_1  |        0|   0|  0|  21|    0|
    |ctlz_17_17_1_1_U482  |ctlz_17_17_1_1  |        0|   0|  0|  21|    0|
    |ctlz_17_17_1_1_U483  |ctlz_17_17_1_1  |        0|   0|  0|  21|    0|
    +---------------------+----------------+---------+----+---+----+-----+
    |Total                |                |        0|   0|  0| 210|    0|
    +---------------------+----------------+---------+----+---+----+-----+

    * DSP: 
    N/A

    * Memory: 
    N/A

    * FIFO: 
    N/A

    * Expression: 
    +---------------------------------------+----------+----+---+-----+------------+------------+
    |             Variable Name             | Operation| DSP| FF| LUT | Bitwidth P0| Bitwidth P1|
    +---------------------------------------+----------+----+---+-----+------------+------------+
    |add_ln29_fu_182_p2                     |         +|   0|  0|   38|          31|           1|
    |add_ln33_10_fu_993_p2                  |         +|   0|  0|   12|           5|           4|
    |add_ln33_11_fu_1049_p2                 |         +|   0|  0|   15|           8|           8|
    |add_ln33_12_fu_1115_p2                 |         +|   0|  0|   12|           5|           4|
    |add_ln33_13_fu_1171_p2                 |         +|   0|  0|   15|           8|           8|
    |add_ln33_14_fu_1237_p2                 |         +|   0|  0|   12|           5|           4|
    |add_ln33_15_fu_1293_p2                 |         +|   0|  0|   15|           8|           8|
    |add_ln33_16_fu_1359_p2                 |         +|   0|  0|   12|           5|           4|
    |add_ln33_17_fu_1415_p2                 |         +|   0|  0|   15|           8|           8|
    |add_ln33_18_fu_1481_p2                 |         +|   0|  0|   12|           5|           4|
    |add_ln33_19_fu_1537_p2                 |         +|   0|  0|   15|           8|           8|
    |add_ln33_1_fu_439_p2                   |         +|   0|  0|   15|           8|           8|
    |add_ln33_2_fu_505_p2                   |         +|   0|  0|   12|           5|           4|
    |add_ln33_3_fu_561_p2                   |         +|   0|  0|   15|           8|           8|
    |add_ln33_4_fu_627_p2                   |         +|   0|  0|   12|           5|           4|
    |add_ln33_5_fu_683_p2                   |         +|   0|  0|   15|           8|           8|
    |add_ln33_6_fu_749_p2                   |         +|   0|  0|   12|           5|           4|
    |add_ln33_7_fu_805_p2                   |         +|   0|  0|   15|           8|           8|
    |add_ln33_8_fu_871_p2                   |         +|   0|  0|   12|           5|           4|
    |add_ln33_9_fu_927_p2                   |         +|   0|  0|   15|           8|           8|
    |add_ln33_fu_383_p2                     |         +|   0|  0|   12|           5|           4|
    |sub_ln33_10_fu_968_p2                  |         -|   0|  0|   24|           1|          17|
    |sub_ln33_11_fu_1039_p2                 |         -|   0|  0|   12|           4|           5|
    |sub_ln33_12_fu_1090_p2                 |         -|   0|  0|   24|           1|          17|
    |sub_ln33_13_fu_1161_p2                 |         -|   0|  0|   12|           4|           5|
    |sub_ln33_14_fu_1212_p2                 |         -|   0|  0|   24|           1|          17|
    |sub_ln33_15_fu_1283_p2                 |         -|   0|  0|   12|           4|           5|
    |sub_ln33_16_fu_1334_p2                 |         -|   0|  0|   24|           1|          17|
    |sub_ln33_17_fu_1405_p2                 |         -|   0|  0|   12|           4|           5|
    |sub_ln33_18_fu_1456_p2                 |         -|   0|  0|   24|           1|          17|
    |sub_ln33_19_fu_1527_p2                 |         -|   0|  0|   12|           4|           5|
    |sub_ln33_1_fu_429_p2                   |         -|   0|  0|   12|           4|           5|
    |sub_ln33_2_fu_480_p2                   |         -|   0|  0|   24|           1|          17|
    |sub_ln33_3_fu_551_p2                   |         -|   0|  0|   12|           4|           5|
    |sub_ln33_4_fu_602_p2                   |         -|   0|  0|   24|           1|          17|
    |sub_ln33_5_fu_673_p2                   |         -|   0|  0|   12|           4|           5|
    |sub_ln33_6_fu_724_p2                   |         -|   0|  0|   24|           1|          17|
    |sub_ln33_7_fu_795_p2                   |         -|   0|  0|   12|           4|           5|
    |sub_ln33_8_fu_846_p2                   |         -|   0|  0|   24|           1|          17|
    |sub_ln33_9_fu_917_p2                   |         -|   0|  0|   12|           4|           5|
    |sub_ln33_fu_283_p2                     |         -|   0|  0|   24|           1|          17|
    |pi_assign_1_fu_574_p5                  |      1003|   0|  0|    2|          64|           9|
    |pi_assign_2_fu_696_p5                  |      1003|   0|  0|    2|          64|           9|
    |pi_assign_3_fu_818_p5                  |      1003|   0|  0|    2|          64|           9|
    |pi_assign_4_fu_940_p5                  |      1003|   0|  0|    2|          64|           9|
    |pi_assign_5_fu_1062_p5                 |      1003|   0|  0|    2|          64|           9|
    |pi_assign_6_fu_1184_p5                 |      1003|   0|  0|    2|          64|           9|
    |pi_assign_7_fu_1306_p5                 |      1003|   0|  0|    2|          64|           9|
    |pi_assign_8_fu_1428_p5                 |      1003|   0|  0|    2|          64|           9|
    |pi_assign_9_fu_1550_p5                 |      1003|   0|  0|    2|          64|           9|
    |pi_assign_fu_452_p5                    |      1003|   0|  0|    2|          64|           9|
    |ap_block_pp0_stage0_11001              |       and|   0|  0|    2|           1|           1|
    |ap_block_pp0_stage1_11001_grp1         |       and|   0|  0|    2|           1|           1|
    |ap_block_pp0_stage1_11001_grp10        |       and|   0|  0|    2|           1|           1|
    |ap_block_pp0_stage3_11001_grp2         |       and|   0|  0|    2|           1|           1|
    |ap_block_pp0_stage4_11001_grp3         |       and|   0|  0|    2|           1|           1|
    |ap_block_pp0_stage5_11001_grp4         |       and|   0|  0|    2|           1|           1|
    |ap_block_pp0_stage6_11001_grp5         |       and|   0|  0|    2|           1|           1|
    |ap_block_pp0_stage7_11001_grp6         |       and|   0|  0|    2|           1|           1|
    |ap_block_pp0_stage8_11001_grp7         |       and|   0|  0|    2|           1|           1|
    |ap_block_pp0_stage9_11001_grp8         |       and|   0|  0|    2|           1|           1|
    |ap_block_state10_io_grp8               |       and|   0|  0|    2|           1|           1|
    |ap_block_state2_pp0_stage1_iter0_grp1  |       and|   0|  0|    2|           1|           1|
    |icmp_ln29_fu_170_p2                    |      icmp|   0|  0|   39|          32|          32|
    |icmp_ln33_1_fu_475_p2                  |      icmp|   0|  0|   24|          17|           1|
    |icmp_ln33_2_fu_597_p2                  |      icmp|   0|  0|   24|          17|           1|
    |icmp_ln33_3_fu_719_p2                  |      icmp|   0|  0|   24|          17|           1|
    |icmp_ln33_4_fu_841_p2                  |      icmp|   0|  0|   24|          17|           1|
    |icmp_ln33_5_fu_963_p2                  |      icmp|   0|  0|   24|          17|           1|
    |icmp_ln33_6_fu_1085_p2                 |      icmp|   0|  0|   24|          17|           1|
    |icmp_ln33_7_fu_1207_p2                 |      icmp|   0|  0|   24|          17|           1|
    |icmp_ln33_8_fu_1329_p2                 |      icmp|   0|  0|   24|          17|           1|
    |icmp_ln33_9_fu_1451_p2                 |      icmp|   0|  0|   24|          17|           1|
    |icmp_ln33_fu_269_p2                    |      icmp|   0|  0|   24|          17|           1|
    |ap_block_pp0_stage1_subdone            |        or|   0|  0|    2|           1|           1|
    |empty_56_fu_590_p3                     |    select|   0|  0|   32|           1|           1|
    |empty_57_fu_712_p3                     |    select|   0|  0|   32|           1|           1|
    |empty_58_fu_834_p3                     |    select|   0|  0|   32|           1|           1|
    |empty_59_fu_956_p3                     |    select|   0|  0|   32|           1|           1|
    |empty_60_fu_1078_p3                    |    select|   0|  0|   32|           1|           1|
    |empty_61_fu_1200_p3                    |    select|   0|  0|   32|           1|           1|
    |empty_62_fu_1322_p3                    |    select|   0|  0|   32|           1|           1|
    |empty_63_fu_1444_p3                    |    select|   0|  0|   32|           1|           1|
    |empty_64_fu_1566_p3                    |    select|   0|  0|   32|           1|           1|
    |empty_fu_468_p3                        |    select|   0|  0|   32|           1|           1|
    |select_ln33_10_fu_973_p3               |    select|   0|  0|   16|           1|          17|
    |select_ln33_11_fu_1031_p3              |    select|   0|  0|    7|           1|           7|
    |select_ln33_12_fu_1095_p3              |    select|   0|  0|   16|           1|          17|
    |select_ln33_13_fu_1153_p3              |    select|   0|  0|    7|           1|           7|
    |select_ln33_14_fu_1217_p3              |    select|   0|  0|   16|           1|          17|
    |select_ln33_15_fu_1275_p3              |    select|   0|  0|    7|           1|           7|
    |select_ln33_16_fu_1339_p3              |    select|   0|  0|   16|           1|          17|
    |select_ln33_17_fu_1397_p3              |    select|   0|  0|    7|           1|           7|
    |select_ln33_18_fu_1461_p3              |    select|   0|  0|   16|           1|          17|
    |select_ln33_19_fu_1519_p3              |    select|   0|  0|    7|           1|           7|
    |select_ln33_1_fu_421_p3                |    select|   0|  0|    7|           1|           7|
    |select_ln33_2_fu_485_p3                |    select|   0|  0|   16|           1|          17|
    |select_ln33_3_fu_543_p3                |    select|   0|  0|    7|           1|           7|
    |select_ln33_4_fu_607_p3                |    select|   0|  0|   16|           1|          17|
    |select_ln33_5_fu_665_p3                |    select|   0|  0|    7|           1|           7|
    |select_ln33_6_fu_729_p3                |    select|   0|  0|   16|           1|          17|
    |select_ln33_7_fu_787_p3                |    select|   0|  0|    7|           1|           7|
    |select_ln33_8_fu_851_p3                |    select|   0|  0|   16|           1|          17|
    |select_ln33_9_fu_909_p3                |    select|   0|  0|    7|           1|           7|
    |select_ln33_fu_289_p3                  |    select|   0|  0|   16|           1|          17|
    |shl_ln33_1_fu_515_p2                   |       shl|   0|  0|  134|          41|          41|
    |shl_ln33_2_fu_637_p2                   |       shl|   0|  0|  134|          41|          41|
    |shl_ln33_3_fu_759_p2                   |       shl|   0|  0|  134|          41|          41|
    |shl_ln33_4_fu_881_p2                   |       shl|   0|  0|  134|          41|          41|
    |shl_ln33_5_fu_1003_p2                  |       shl|   0|  0|  134|          41|          41|
    |shl_ln33_6_fu_1125_p2                  |       shl|   0|  0|  134|          41|          41|
    |shl_ln33_7_fu_1247_p2                  |       shl|   0|  0|  134|          41|          41|
    |shl_ln33_8_fu_1369_p2                  |       shl|   0|  0|  134|          41|          41|
    |shl_ln33_9_fu_1491_p2                  |       shl|   0|  0|  134|          41|          41|
    |shl_ln33_fu_393_p2                     |       shl|   0|  0|  134|          41|          41|
    |ap_enable_pp0                          |       xor|   0|  0|    2|           1|           2|
    +---------------------------------------+----------+----+---+-----+------------+------------+
    |Total                                  |          |   0|  0| 2885|        1507|        1148|
    +---------------------------------------+----------+----+---+-----+------------+------------+

    * Multiplexer: 
    +-------------------------------+----+-----------+-----+-----------+
    |              Name             | LUT| Input Size| Bits| Total Bits|
    +-------------------------------+----+-----------+-----+-----------+
    |ap_NS_fsm                      |  59|         11|    1|         11|
    |ap_done_int                    |   9|          2|    1|          2|
    |ap_enable_reg_pp0_iter0        |   9|          2|    1|          2|
    |ap_enable_reg_pp0_iter0_reg    |   9|          2|    1|          2|
    |ap_enable_reg_pp0_iter1        |   9|          2|    1|          2|
    |ap_sig_allocacmp_q_load        |   9|          2|   31|         62|
    |gmem_out0_blk_n_W              |   9|          2|    1|          2|
    |m_axi_gmem_out0_0_WDATA        |  59|         11|   32|        352|
    |q_fu_124                       |   9|          2|   31|         62|
    |stream_out0_layer13_out_blk_n  |   9|          2|    1|          2|
    +-------------------------------+----+-----------+-----+-----------+
    |Total                          | 190|         38|  101|        499|
    +-------------------------------+----+-----------+-----+-----------+

    * Register: 
    +--------------------------------------------+----+----+-----+-----------+
    |                    Name                    | FF | LUT| Bits| Const Bits|
    +--------------------------------------------+----+----+-----+-----------+
    |ap_CS_fsm                                   |  10|   0|   10|          0|
    |ap_block_pp0_stage0_subdone_grp0_done_reg   |   1|   0|    1|          0|
    |ap_block_pp0_stage1_subdone_grp0_done_reg   |   1|   0|    1|          0|
    |ap_block_pp0_stage1_subdone_grp10_done_reg  |   1|   0|    1|          0|
    |ap_block_pp0_stage1_subdone_grp1_done_reg   |   1|   0|    1|          0|
    |ap_block_pp0_stage2_subdone_grp0_done_reg   |   1|   0|    1|          0|
    |ap_block_pp0_stage3_subdone_grp0_done_reg   |   1|   0|    1|          0|
    |ap_block_pp0_stage4_subdone_grp0_done_reg   |   1|   0|    1|          0|
    |ap_block_pp0_stage5_subdone_grp0_done_reg   |   1|   0|    1|          0|
    |ap_block_pp0_stage6_subdone_grp0_done_reg   |   1|   0|    1|          0|
    |ap_block_pp0_stage7_subdone_grp0_done_reg   |   1|   0|    1|          0|
    |ap_block_pp0_stage8_subdone_grp0_done_reg   |   1|   0|    1|          0|
    |ap_block_pp0_stage9_subdone_grp0_done_reg   |   1|   0|    1|          0|
    |ap_done_reg                                 |   1|   0|    1|          0|
    |ap_enable_reg_pp0_iter0_reg                 |   1|   0|    1|          0|
    |ap_enable_reg_pp0_iter1                     |   1|   0|    1|          0|
    |empty_56_reg_1738                           |  32|   0|   32|          0|
    |empty_57_reg_1754                           |  32|   0|   32|          0|
    |empty_58_reg_1770                           |  32|   0|   32|          0|
    |empty_59_reg_1786                           |  32|   0|   32|          0|
    |empty_60_reg_1802                           |  32|   0|   32|          0|
    |empty_61_reg_1818                           |  32|   0|   32|          0|
    |empty_62_reg_1834                           |  32|   0|   32|          0|
    |empty_63_reg_1850                           |  32|   0|   32|          0|
    |empty_64_reg_1866                           |  32|   0|   32|          0|
    |empty_reg_1722                              |  32|   0|   32|          0|
    |icmp_ln29_reg_1580                          |   1|   0|    1|          0|
    |icmp_ln33_1_reg_1727                        |   1|   0|    1|          0|
    |icmp_ln33_2_reg_1743                        |   1|   0|    1|          0|
    |icmp_ln33_3_reg_1759                        |   1|   0|    1|          0|
    |icmp_ln33_4_reg_1775                        |   1|   0|    1|          0|
    |icmp_ln33_5_reg_1791                        |   1|   0|    1|          0|
    |icmp_ln33_6_reg_1807                        |   1|   0|    1|          0|
    |icmp_ln33_7_reg_1823                        |   1|   0|    1|          0|
    |icmp_ln33_8_reg_1839                        |   1|   0|    1|          0|
    |icmp_ln33_9_reg_1855                        |   1|   0|    1|          0|
    |icmp_ln33_reg_1652                          |   1|   0|    1|          0|
    |q_fu_124                                    |  31|   0|   31|          0|
    |select_ln33_10_reg_1796                     |  17|   0|   17|          0|
    |select_ln33_12_reg_1812                     |  17|   0|   17|          0|
    |select_ln33_14_reg_1828                     |  17|   0|   17|          0|
    |select_ln33_16_reg_1844                     |  17|   0|   17|          0|
    |select_ln33_18_reg_1860                     |  17|   0|   17|          0|
    |select_ln33_2_reg_1732                      |  17|   0|   17|          0|
    |select_ln33_4_reg_1748                      |  17|   0|   17|          0|
    |select_ln33_6_reg_1764                      |  17|   0|   17|          0|
    |select_ln33_8_reg_1780                      |  17|   0|   17|          0|
    |select_ln33_reg_1662                        |  17|   0|   17|          0|
    |tmp_10_reg_1657                             |   1|   0|    1|          0|
    |tmp_12_reg_1668                             |   1|   0|    1|          0|
    |tmp_14_reg_1674                             |   1|   0|    1|          0|
    |tmp_16_reg_1680                             |   1|   0|    1|          0|
    |tmp_18_reg_1686                             |   1|   0|    1|          0|
    |tmp_1_reg_1589                              |  17|   0|   17|          0|
    |tmp_20_reg_1692                             |   1|   0|    1|          0|
    |tmp_22_reg_1698                             |   1|   0|    1|          0|
    |tmp_24_reg_1704                             |   1|   0|    1|          0|
    |tmp_26_reg_1710                             |   1|   0|    1|          0|
    |tmp_28_reg_1716                             |   1|   0|    1|          0|
    |tmp_2_reg_1596                              |  17|   0|   17|          0|
    |tmp_3_reg_1603                              |  17|   0|   17|          0|
    |tmp_4_reg_1610                              |  17|   0|   17|          0|
    |tmp_5_reg_1617                              |  17|   0|   17|          0|
    |tmp_6_reg_1624                              |  17|   0|   17|          0|
    |tmp_7_reg_1631                              |  17|   0|   17|          0|
    |tmp_8_reg_1638                              |  17|   0|   17|          0|
    |tmp_9_reg_1645                              |  17|   0|   17|          0|
    +--------------------------------------------+----+----+-----+-----------+
    |Total                                       | 720|   0|  720|          0|
    +--------------------------------------------+----+----+-----+-----------+



================================================================
== Interface
================================================================
* Summary: 
+----------------------------------------+-----+-----+------------+------------------------------------------------------------------+--------------+
|                RTL Ports               | Dir | Bits|  Protocol  |                           Source Object                          |    C Type    |
+----------------------------------------+-----+-----+------------+------------------------------------------------------------------+--------------+
|ap_clk                                  |   in|    1|  ap_ctrl_hs|  store_result<float,array<ap_fixed,10u>>_Pipeline_VITIS_LOOP_29_1|  return value|
|ap_rst                                  |   in|    1|  ap_ctrl_hs|  store_result<float,array<ap_fixed,10u>>_Pipeline_VITIS_LOOP_29_1|  return value|
|ap_start                                |   in|    1|  ap_ctrl_hs|  store_result<float,array<ap_fixed,10u>>_Pipeline_VITIS_LOOP_29_1|  return value|
|ap_done                                 |  out|    1|  ap_ctrl_hs|  store_result<float,array<ap_fixed,10u>>_Pipeline_VITIS_LOOP_29_1|  return value|
|ap_idle                                 |  out|    1|  ap_ctrl_hs|  store_result<float,array<ap_fixed,10u>>_Pipeline_VITIS_LOOP_29_1|  return value|
|ap_ready                                |  out|    1|  ap_ctrl_hs|  store_result<float,array<ap_fixed,10u>>_Pipeline_VITIS_LOOP_29_1|  return value|
|m_axi_gmem_out0_0_AWVALID               |  out|    1|       m_axi|                                                         gmem_out0|       pointer|
|m_axi_gmem_out0_0_AWREADY               |   in|    1|       m_axi|                                                         gmem_out0|       pointer|
|m_axi_gmem_out0_0_AWADDR                |  out|   64|       m_axi|                                                         gmem_out0|       pointer|
|m_axi_gmem_out0_0_AWID                  |  out|    1|       m_axi|                                                         gmem_out0|       pointer|
|m_axi_gmem_out0_0_AWLEN                 |  out|   32|       m_axi|                                                         gmem_out0|       pointer|
|m_axi_gmem_out0_0_AWSIZE                |  out|    3|       m_axi|                                                         gmem_out0|       pointer|
|m_axi_gmem_out0_0_AWBURST               |  out|    2|       m_axi|                                                         gmem_out0|       pointer|
|m_axi_gmem_out0_0_AWLOCK                |  out|    2|       m_axi|                                                         gmem_out0|       pointer|
|m_axi_gmem_out0_0_AWCACHE               |  out|    4|       m_axi|                                                         gmem_out0|       pointer|
|m_axi_gmem_out0_0_AWPROT                |  out|    3|       m_axi|                                                         gmem_out0|       pointer|
|m_axi_gmem_out0_0_AWQOS                 |  out|    4|       m_axi|                                                         gmem_out0|       pointer|
|m_axi_gmem_out0_0_AWREGION              |  out|    4|       m_axi|                                                         gmem_out0|       pointer|
|m_axi_gmem_out0_0_AWUSER                |  out|    1|       m_axi|                                                         gmem_out0|       pointer|
|m_axi_gmem_out0_0_WVALID                |  out|    1|       m_axi|                                                         gmem_out0|       pointer|
|m_axi_gmem_out0_0_WREADY                |   in|    1|       m_axi|                                                         gmem_out0|       pointer|
|m_axi_gmem_out0_0_WDATA                 |  out|   32|       m_axi|                                                         gmem_out0|       pointer|
|m_axi_gmem_out0_0_WSTRB                 |  out|    4|       m_axi|                                                         gmem_out0|       pointer|
|m_axi_gmem_out0_0_WLAST                 |  out|    1|       m_axi|                                                         gmem_out0|       pointer|
|m_axi_gmem_out0_0_WID                   |  out|    1|       m_axi|                                                         gmem_out0|       pointer|
|m_axi_gmem_out0_0_WUSER                 |  out|    1|       m_axi|                                                         gmem_out0|       pointer|
|m_axi_gmem_out0_0_ARVALID               |  out|    1|       m_axi|                                                         gmem_out0|       pointer|
|m_axi_gmem_out0_0_ARREADY               |   in|    1|       m_axi|                                                         gmem_out0|       pointer|
|m_axi_gmem_out0_0_ARADDR                |  out|   64|       m_axi|                                                         gmem_out0|       pointer|
|m_axi_gmem_out0_0_ARID                  |  out|    1|       m_axi|                                                         gmem_out0|       pointer|
|m_axi_gmem_out0_0_ARLEN                 |  out|   32|       m_axi|                                                         gmem_out0|       pointer|
|m_axi_gmem_out0_0_ARSIZE                |  out|    3|       m_axi|                                                         gmem_out0|       pointer|
|m_axi_gmem_out0_0_ARBURST               |  out|    2|       m_axi|                                                         gmem_out0|       pointer|
|m_axi_gmem_out0_0_ARLOCK                |  out|    2|       m_axi|                                                         gmem_out0|       pointer|
|m_axi_gmem_out0_0_ARCACHE               |  out|    4|       m_axi|                                                         gmem_out0|       pointer|
|m_axi_gmem_out0_0_ARPROT                |  out|    3|       m_axi|                                                         gmem_out0|       pointer|
|m_axi_gmem_out0_0_ARQOS                 |  out|    4|       m_axi|                                                         gmem_out0|       pointer|
|m_axi_gmem_out0_0_ARREGION              |  out|    4|       m_axi|                                                         gmem_out0|       pointer|
|m_axi_gmem_out0_0_ARUSER                |  out|    1|       m_axi|                                                         gmem_out0|       pointer|
|m_axi_gmem_out0_0_RVALID                |   in|    1|       m_axi|                                                         gmem_out0|       pointer|
|m_axi_gmem_out0_0_RREADY                |  out|    1|       m_axi|                                                         gmem_out0|       pointer|
|m_axi_gmem_out0_0_RDATA                 |   in|   32|       m_axi|                                                         gmem_out0|       pointer|
|m_axi_gmem_out0_0_RLAST                 |   in|    1|       m_axi|                                                         gmem_out0|       pointer|
|m_axi_gmem_out0_0_RID                   |   in|    1|       m_axi|                                                         gmem_out0|       pointer|
|m_axi_gmem_out0_0_RFIFONUM              |   in|    9|       m_axi|                                                         gmem_out0|       pointer|
|m_axi_gmem_out0_0_RUSER                 |   in|    1|       m_axi|                                                         gmem_out0|       pointer|
|m_axi_gmem_out0_0_RRESP                 |   in|    2|       m_axi|                                                         gmem_out0|       pointer|
|m_axi_gmem_out0_0_BVALID                |   in|    1|       m_axi|                                                         gmem_out0|       pointer|
|m_axi_gmem_out0_0_BREADY                |  out|    1|       m_axi|                                                         gmem_out0|       pointer|
|m_axi_gmem_out0_0_BRESP                 |   in|    2|       m_axi|                                                         gmem_out0|       pointer|
|m_axi_gmem_out0_0_BID                   |   in|    1|       m_axi|                                                         gmem_out0|       pointer|
|m_axi_gmem_out0_0_BUSER                 |   in|    1|       m_axi|                                                         gmem_out0|       pointer|
|stream_out0_layer13_out_dout            |   in|  320|     ap_fifo|                                           stream_out0_layer13_out|       pointer|
|stream_out0_layer13_out_empty_n         |   in|    1|     ap_fifo|                                           stream_out0_layer13_out|       pointer|
|stream_out0_layer13_out_read            |  out|    1|     ap_fifo|                                           stream_out0_layer13_out|       pointer|
|stream_out0_layer13_out_num_data_valid  |   in|    8|     ap_fifo|                                           stream_out0_layer13_out|       pointer|
|stream_out0_layer13_out_fifo_cap        |   in|    8|     ap_fifo|                                           stream_out0_layer13_out|       pointer|
|batch_size_1                            |   in|   32|     ap_none|                                                      batch_size_1|        scalar|
|sext_ln29                               |   in|   62|     ap_none|                                                         sext_ln29|        scalar|
+----------------------------------------+-----+-----+------------+------------------------------------------------------------------+--------------+

